09-12 15:33:03.896   773   773 D anc_map : Setwcd9xxxANC_LPFShift:leave
09-12 15:33:03.897   773   773 D anc_map : convert_anc_acdb_to_reg:leave
09-12 15:33:03.897   773   773 D ACDB-LOADER: ACDB -> ACDB_CMD_GET_ANC_SETTING
09-12 15:33:03.897   773   773 D anc_map : convert_anc_acdb_to_reg:enter, inut size  2
09-12 15:33:03.897   773   773 D anc_map : convert_anc_acdb_to_reg:enter, ancch  0, input device   0
09-12 15:33:03.897   773   773 D anc_map : convert_anc_acdb_to_reg:enter, ancch  1, input device   4
09-12 15:33:03.897   773   773 D anc_map : Setwcd9xxxANC_IIRCoeffs:enter
09-12 15:33:03.897   773   773 D anc_map : Setwcd9xxxANC_IIRCoeffs:leave
09-12 15:33:03.897   773   773 D anc_map : Setwcd9xxxANC_LPFShift:enter
09-12 15:33:03.897   773   773 D anc_map : Setwcd9xxxANC_LPFShift:leave
09-12 15:33:03.897   773   773 D anc_map : convert_anc_acdb_to_reg:leave
09-12 15:33:03.902   811  1013 V libsettings: [3f5]> static std::shared_ptr<CommandRegistry> QcSettingsD::CommandRegistry::getRegistry(const std::string &): remote
09-12 15:33:03.902   811  1013 V libsettings: [3f5]< static std::shared_ptr<CommandRegistry> QcSettingsD::CommandRegistry::getRegistry(const std::string &): 
09-12 15:33:03.902   773   773 E msm8916_platform: Failed to call ioctl  for anc_cal err=14 calib.size=4480
09-12 15:33:03.902   773   773 D msm8916_platform: send_codec_cal cal sent for anc_cal calib.size=4480
09-12 15:33:03.902   773   773 D ACDB-LOADER: send mbhc data
09-12 15:33:03.902   773   773 D ACDB-LOADER: ACDB -> MBHC ACDB_PID_GENERAL_CONFIG
09-12 15:33:03.902   773   773 D ACDB-LOADER: ACDB -> MBHC ACDB_PID_PLUG_REMOVAL_DETECTION
09-12 15:33:03.902   773   773 D ACDB-LOADER: ACDB -> MBHC ACDB_PID_PLUG_TYPE_DETECTION
09-12 15:33:03.902   773   773 D ACDB-LOADER: ACDB -> MBHC ACDB_PID_BUTTON_PRESS_DETECTION
09-12 15:33:03.902   773   773 D ACDB-LOADER: ACDB -> MBHC ACDB_PID_IMPEDANCE_DETECTION
09-12 15:33:03.902   773   773 D msm8916_platform: send_codec_cal cal sent for mbhc_cal calib.size=154
09-12 15:33:03.902   773   773 D ACDB-LOADER: send vbat data
09-12 15:33:03.902   773   773 D ACDB-LOADER: ACDB -> VBAT ACDB_PID_ADC_CAL
09-12 15:33:03.902   773   773 D ACDB-LOADER: ACDB -> VBAT ACDB_PID_GAIN_PROC
09-12 15:33:03.902   773   773 D ACDB-LOADER: send vbat data, calling convert_vbat_data
09-12 15:33:03.902   773   773 D ACDB-LOADER: copied vbat cal size =72
09-12 15:33:03.908   773   773 E msm8916_platform: Failed to call ioctl  for vbat_cal err=14 calib.size=72
09-12 15:33:03.908   773   773 D msm8916_platform: send_codec_cal cal sent for vbat_cal calib.size=72
09-12 15:33:03.908   773   773 D msm8916_platform: Alac software decoder is available...removing alac from DSP decoder list
09-12 15:33:03.908   773   773 D msm8916_platform: APE software decoder is available...removing ape from DSP decoder list
09-12 15:33:03.909   773   773 D msm8916_platform: platform_set_audio_device_interface: Enter, device name:AUDIO_DEVICE_IN_BUILTIN_MIC, intf name:SLIMBUS_0, codec_type:external
09-12 15:33:03.909   773   773 E msm8916_platform: Invalid codec_type specified. Ignoring this interface entry.
09-12 15:33:03.909   773   773 D msm8916_platform: platform_set_audio_device_interface: Enter, device name:AUDIO_DEVICE_IN_BACK_MIC, intf name:SLIMBUS_0, codec_type:external
09-12 15:33:03.909   773   773 E msm8916_platform: Invalid codec_type specified. Ignoring this interface entry.
09-12 15:33:03.909   773   773 D msm8916_platform: platform_set_audio_device_interface: Enter, device name:AUDIO_DEVICE_IN_BUILTIN_MIC, intf name:TERT_MI2S, codec_type:internal
09-12 15:33:03.909   773   773 D msm8916_platform: platform_set_audio_device_interface: Matched device name:AUDIO_DEVICE_IN_BUILTIN_MIC, overwrite intf name with TERT_MI2S
09-12 15:33:03.909   773   773 D msm8916_platform: platform_set_audio_device_interface: Enter, device name:AUDIO_DEVICE_IN_BACK_MIC, intf name:TERT_MI2S, codec_type:internal
09-12 15:33:03.909   773   773 D msm8916_platform: platform_set_audio_device_interface: Matched device name:AUDIO_DEVICE_IN_BACK_MIC, overwrite intf name with TERT_MI2S
09-12 15:33:03.909   773   773 D msm8916_platform: platform_set_parameters:mic_ret: -2
09-12 15:33:03.909   773   773 D msm8916_platform: platform_init: Fluence_Type(1) max_mic_count(2) mic_type(0x3) fluence_in_voice_call(1) fluence_in_voice_rec(0) fluence_in_spkr_mode(1) 
09-12 15:33:03.910   773   773 D audio_hw_ssr: audio_extn_ssr_update_enabled: surround sound recording is not supported
09-12 15:33:03.910   773   773 D audio_hw_spkr_prot: audio_extn_spkr_prot_init: Initialize speaker protection module
09-12 15:33:03.910   773   773 D audio_hw_spkr_prot: audio_extn_spkr_prot_init: Speaker protection disabled
09-12 15:33:03.911   773   773 E DAP_HAL : dap_hal_set_hw_info: dmid=0
09-12 15:33:03.911   773   773 E DAP_HAL :  key 00x
09-12 15:33:03.919   773  1272 D aud_dev_arbi: runSocketThread: entered
09-12 15:33:03.921   773   773 I soundtrigger: audio_extn_sound_trigger_init: Enter
09-12 15:33:03.923   773   773 I soundtrigger: audio_extn_sound_trigger_init: DLOPEN successful for /system/vendor/lib/hw/sound_trigger.primary.msm8953.so
09-12 15:33:03.926   766   766 I Zygote  : Preloading classes...
09-12 15:33:03.927   773   773 D audio_hw_dolby: audio_extn_ds2_enable:ds2_enabled 1
09-12 15:33:03.931   773   773 E audio_hw_extn: audio_extn_perf_lock_init: Perf lock handles Success 
09-12 15:33:03.931   773   773 I AudioFlinger: loadHwModule() Loaded primary audio interface from QCOM Audio HAL (audio) handle 10
09-12 15:33:03.931   773   773 I AudioFlinger: openOutput(), module 10 Device 2, SamplingRate 48000, Format 0x000001, Channels 3, flags 6
09-12 15:33:03.931   773   773 D audio_hw_primary: adev_open_output_stream: enter: format(0x1) sample_rate(48000) channel_mask(0x3) devices(0x2) flags(0x6)        stream_handle(0xec090800)
09-12 15:33:03.931   773   773 D audio_hw_primary: adev_open_output_stream: Stream (0xec090800) picks up usecase (low-latency-playback)
09-12 15:33:03.931   773   773 I AudioFlinger: HAL output buffer size 192 frames, normal sink buffer size 960 frames
09-12 15:33:03.942   766   766 W Zygote  : Class not found for preloading: [Landroid.view.Display$ColorTransform;
09-12 15:33:03.978   773   773 I DiracAPI: ConfigurationManager: Using custom configuration file '/system/vendor/etc/diracmobile.config'
09-12 15:33:04.016   873   873 D QSEECOMAPI: QSEECom_get_handle sb_length = 0x144c0
09-12 15:33:04.016   873   873 D QSEECOMAPI: App is not loaded in QSEE
09-12 15:33:04.017   873   873 D QSEECOMAPI: app_arch = 1, total_files = 8
09-12 15:33:04.108   746   746 I CNSS    : cnss_open_log_file: create directory /sdcard/wlan_logs/ ret = -1 errno= 2
09-12 15:33:04.300   773   773 I DiracAPI: ParseConfigurationData: Configuration created by 
09-12 15:33:04.300   773   773 I DiracAPI: '    Project             : 170718_Amazon_ZQL1590_PS3_C_v01' 
09-12 15:33:04.300   773   773 I DiracAPI: '    At                  : 20 Jul 2017 9:25:01' 
09-12 15:33:04.300   773   773 I DiracAPI: '    With API version    : 2.0.5' 
09-12 15:33:04.300   773   773 I DiracAPI: '    With runtime version: 2.4.0' 
09-12 15:33:04.300   773   773 I DiracAPI: ==== Library Info:             
09-12 15:33:04.300   773   773 I DiracAPI: '    API version         : 2.0.5' 
09-12 15:33:04.300   773   773 I DiracAPI: '    Runtime version     : 2.4.0' 
09-12 15:33:04.300   773   773 I DiracAPI: '    Revision            : 955a05fce2d34e3b9ab014cb3151c50889578c23' 
09-12 15:33:04.301   773   773 W DiracAPI: No cached entry found for index 0, creating a temporary for decoding info.
09-12 15:33:04.345   773   773 W EffectsFactory: Error querying effect 7d1580bd-297f-4683-9239-e475b6d1d69f on lib offload_bundle
09-12 15:33:04.346   773   773 I BufferProvider: found effect "Multichannel Downmix To Stereo" from The Android Open Source Project
09-12 15:33:04.347   773   773 I AudioFlinger: Using module 10 has the primary audio interface
09-12 15:33:04.347   773  1305 I AudioFlinger: AudioFlinger's thread 0xeb083d80 ready to run
09-12 15:33:04.347   773  1305 W BatteryNotifier: batterystats service unavailable!
09-12 15:33:04.347   773  1305 D audio_hw_primary: out_standby: enter: stream (0xec090800) usecase(1: low-latency-playback)
09-12 15:33:04.347   773  1305 D audio_hw_primary: out_standby: exit
09-12 15:33:04.347   773  1305 W BatteryNotifier: batterystats service unavailable!
09-12 15:33:04.350   773  1305 W BatteryNotifier: batterystats service unavailable!
09-12 15:33:04.350   773  1305 D audio_hw_primary: out_set_parameters: enter: usecase(1: low-latency-playback) kvpairs: routing=2
09-12 15:33:04.350   773  1305 D audio_hw_extn: audio_extn_set_anc_parameters: anc_enabled:0
09-12 15:33:04.350   773  1305 D audio_hw_spkr_prot: audio_extn_fbsp_set_parameters: Speaker protection disabled
09-12 15:33:04.350   773  1305 W AudioFlinger: no wake lock to update, system not ready yet
09-12 15:33:04.352   773   773 I AudioFlinger: openOutput(), module 10 Device 2, SamplingRate 48000, Format 0x000001, Channels 3, flags 104
09-12 15:33:04.352   773   773 D audio_hw_primary: adev_open_output_stream: enter: format(0x1) sample_rate(48000) channel_mask(0x3) devices(0x2) flags(0x104)        stream_handle(0xec090e00)
09-12 15:33:04.353   773   773 D audio_hw_primary: adev_open_output_stream: Stream (0xec090e00) picks up usecase (audio-ull-playback)
09-12 15:33:04.353   773   773 I AudioFlinger: HAL output buffer size 192 frames, normal sink buffer size 960 frames
09-12 15:33:04.354   773  1307 I AudioFlinger: AudioFlinger's thread 0xe9f062c0 ready to run
09-12 15:33:04.354   773  1307 W BatteryNotifier: batterystats service unavailable!
09-12 15:33:04.355   773  1307 D audio_hw_primary: out_set_parameters: enter: usecase(12: audio-ull-playback) kvpairs: routing=2
09-12 15:33:04.355   773  1307 D audio_hw_primary: out_standby: enter: stream (0xec090e00) usecase(12: audio-ull-playback)
09-12 15:33:04.355   773  1307 D audio_hw_primary: out_standby: exit
09-12 15:33:04.356   773  1307 W BatteryNotifier: batterystats service unavailable!
09-12 15:33:04.356   773  1307 W BatteryNotifier: batterystats service unavailable!
09-12 15:33:04.356   773  1307 W AudioFlinger: no wake lock to update, system not ready yet
09-12 15:33:04.357   773   773 I AudioFlinger: openOutput(), module 10 Device 2, SamplingRate 48000, Format 0x000001, Channels 3, flags 8
09-12 15:33:04.357   773   773 D audio_hw_primary: adev_open_output_stream: enter: format(0x1) sample_rate(48000) channel_mask(0x3) devices(0x2) flags(0x8)        stream_handle(0xeb6ed000)
09-12 15:33:04.357   773   773 D audio_hw_primary: adev_open_output_stream: Stream (0xeb6ed000) picks up usecase (deep-buffer-playback)
09-12 15:33:04.357   773   773 I AudioFlinger: HAL output buffer size 1920 frames, normal sink buffer size 1920 frames
09-12 15:33:04.358   773  1308 I AudioFlinger: AudioFlinger's thread 0xe9b83340 ready to run
09-12 15:33:04.358   773  1308 W BatteryNotifier: batterystats service unavailable!
09-12 15:33:04.358   773  1308 D audio_hw_primary: out_set_parameters: enter: usecase(0: deep-buffer-playback) kvpairs: routing=2
09-12 15:33:04.358   773  1308 D audio_hw_primary: out_standby: enter: stream (0xeb6ed000) usecase(0: deep-buffer-playback)
09-12 15:33:04.358   773  1308 D audio_hw_primary: out_standby: exit
09-12 15:33:04.358   773  1308 W BatteryNotifier: batterystats service unavailable!
09-12 15:33:04.359   773  1308 W BatteryNotifier: batterystats service unavailable!
09-12 15:33:04.359   773  1308 W AudioFlinger: no wake lock to update, system not ready yet
09-12 15:33:04.360   773   773 I AudioFlinger: openOutput(), module 10 Device 10000, SamplingRate 48000, Format 0x000001, Channels 3, flags 0
09-12 15:33:04.360   773   773 D audio_hw_primary: adev_open_output_stream: enter: format(0x1) sample_rate(48000) channel_mask(0x3) devices(0x10000) flags(0)        stream_handle(0xeabd3800)
09-12 15:33:04.360   773   773 D audio_hw_primary: adev_open_output_stream: Stream (0xeabd3800) picks up usecase (afe-proxy-playback)
09-12 15:33:04.360   773   773 I AudioFlinger: HAL output buffer size 768 frames, normal sink buffer size 1152 frames
09-12 15:33:04.364   773  1310 I AudioFlinger: AudioFlinger's thread 0xe9a03180 ready to run
09-12 15:33:04.365   773  1310 W BatteryNotifier: batterystats service unavailable!
09-12 15:33:04.365   773  1310 D audio_hw_primary: out_standby: enter: stream (0xeabd3800) usecase(38: afe-proxy-playback)
09-12 15:33:04.365   773  1310 D audio_hw_primary: out_standby: exit
09-12 15:33:04.365   773  1310 W BatteryNotifier: batterystats service unavailable!
09-12 15:33:04.373   773  1310 W BatteryNotifier: batterystats service unavailable!
09-12 15:33:04.373   773  1310 D audio_hw_primary: out_set_parameters: enter: usecase(38: afe-proxy-playback) kvpairs: routing=65536
09-12 15:33:04.373   773  1310 W AudioFlinger: no wake lock to update, system not ready yet
09-12 15:33:04.374   773   773 D audio_hw_primary: adev_open_input_stream: enter: sample_rate(48000) channel_mask(0xc) devices(0x80002000)        stream_handle(0xec0d0ec0) io_handle(14) source(1) format 1
09-12 15:33:04.376   773  1312 I AudioFlinger: AudioFlinger's thread 0xe9703a80 ready to run
09-12 15:33:04.377   773   773 D audio_hw_primary: adev_close_input_stream: enter:stream_handle(0xec0d0ec0)
09-12 15:33:04.377   773   773 D audio_hw_primary: in_standby: enter: stream (0xec0d0ec0) usecase(16: audio-record)
09-12 15:33:04.377   773   773 D audio_hw_primary: adev_open_input_stream: enter: sample_rate(48000) channel_mask(0xfc) devices(0x80000004)        stream_handle(0xec0d0ec0) io_handle(22) source(1) format 1
09-12 15:33:04.378   773  1313 I AudioFlinger: AudioFlinger's thread 0xe9683fc0 ready to run
09-12 15:33:04.378   773   773 D audio_hw_primary: adev_close_input_stream: enter:stream_handle(0xec0d0ec0)
09-12 15:33:04.378   773   773 D audio_hw_primary: in_standby: enter: stream (0xec0d0ec0) usecase(16: audio-record)
09-12 15:33:04.378   773   773 D audio_hw_primary: adev_open_input_stream: enter: sample_rate(192000) channel_mask(0x8000000f) devices(0x80000004)        stream_handle(0xec0d0ec0) io_handle(30) source(1) format 5
09-12 15:33:04.378   773   773 D audio_hw_primary: adev_open_input_stream: enter: sample_rate(48000) channel_mask(0x8000000f) devices(0x80000004)        stream_handle(0xec0d0ec0) io_handle(30) source(1) format 1
09-12 15:33:04.380   773  1314 I AudioFlinger: AudioFlinger's thread 0xe9683c00 ready to run
09-12 15:33:04.380   773   773 D audio_hw_primary: adev_close_input_stream: enter:stream_handle(0xec0d0ec0)
09-12 15:33:04.380   773   773 D audio_hw_primary: in_standby: enter: stream (0xec0d0ec0) usecase(16: audio-record)
09-12 15:33:04.380   773   773 D audio_hw_primary: adev_open_input_stream: enter: sample_rate(48000) channel_mask(0xc) devices(0x80000040)        stream_handle(0xec0d0ec0) io_handle(38) source(1) format 1
09-12 15:33:04.380   773   773 D audio_hw_primary: adev_open_input_stream: enter: sample_rate(48000) channel_mask(0xc) devices(0x80000040)        stream_handle(0xec0d0ec0) io_handle(38) source(1) format 1
09-12 15:33:04.380   773   773 W APM_AudioPolicyManager: Cannot open input stream for device 80000040 on hw module primary
09-12 15:33:04.383   773   773 I bt_a2dp_hw: adev_open:  adev_open in A2dp_hw module
09-12 15:33:04.383   773   773 I AudioFlinger: loadHwModule() Loaded a2dp audio interface from A2DP Audio HW HAL (audio) handle 18
09-12 15:33:04.386   862   862 E mm-camera: <SENSOR><ERROR> 201: sensor_probe: [s5k3p8]CFG_SINIT_PROBE failed
09-12 15:33:04.386   862   862 E mm-camera: <SENSOR><ERROR> 358: sensor_init_xml_probe: Mesin_failed: to probe s5k3p8
09-12 15:33:04.387   773  1300 I DiracAPI: Dirac_create: DiracObj (E9E571C0) created with conf: 'USECASE_INTERNAL_PANORAMA'
09-12 15:33:04.388   828   828 I ServiceManager: Waiting for service AtCmdFwd...
09-12 15:33:04.388   773  1300 I DiracAPI: (E9E571C0): Prepared with conf: 'USECASE_INTERNAL_PANORAMA' 
09-12 15:33:04.388   773  1300 I DiracAPI:  preset: 'default' 
09-12 15:33:04.388   773  1300 I DiracAPI:  samplerate: 48000 
09-12 15:33:04.388   773  1300 I DiracAPI:  nChannelsIn: 2 
09-12 15:33:04.388   773  1300 I DiracAPI:  maxFrames: 2000 
09-12 15:33:04.388   773  1300 I DiracAPI:  inFmt/outFmt: 1/1
09-12 15:33:04.396   862   862 E mm-camera: <SENSOR><ERROR> 362: sensor_init_xml_probe:  from_camera_can't get .xml 
09-12 15:33:04.401   862   862 E mm-camera: <SENSOR><ERROR> 290: sensor_load_library: [WENDELL]sensor_open_lib_dc failed
09-12 15:33:04.402   773   773 I AudioFlinger: loadHwModule() Loaded usb audio interface from USB audio HW HAL (audio) handle 26
09-12 15:33:04.402   773  1298 I DiracAPI: Dirac_create: DiracObj (E9EAE450) created with conf: 'USECASE_INTERNAL_PANORAMA'
09-12 15:33:04.403   773  1298 I DiracAPI: (E9EAE450): Prepared with conf: 'USECASE_INTERNAL_PANORAMA' 
09-12 15:33:04.403   773  1298 I DiracAPI:  preset: 'default' 
09-12 15:33:04.403   773  1298 I DiracAPI:  samplerate: 44100 
09-12 15:33:04.403   773  1298 I DiracAPI:  nChannelsIn: 2 
09-12 15:33:04.403   773  1298 I DiracAPI:  maxFrames: 2000 
09-12 15:33:04.403   773  1298 I DiracAPI:  inFmt/outFmt: 1/1
09-12 15:33:04.416   773   773 I r_submix: adev_open(name=audio_hw_if)
09-12 15:33:04.416   773   773 I r_submix: adev_init_check()
09-12 15:33:04.416   773   773 I AudioFlinger: loadHwModule() Loaded r_submix audio interface from Wifi Display audio HAL (audio) handle 34
09-12 15:33:04.417   773   773 D r_submix: adev_open_input_stream(addr=0)
09-12 15:33:04.417   773   773 D r_submix: submix_audio_device_create_pipe_l(addr=0, idx=9)
09-12 15:33:04.417   773   773 D r_submix:   now using address 0 for route 9
09-12 15:33:04.418   773  1321 I AudioFlinger: AudioFlinger's thread 0xe9383480 ready to run
09-12 15:33:04.418   773   773 D r_submix: adev_close_input_stream()
09-12 15:33:04.418   773   773 D r_submix: submix_audio_device_release_pipe_l(idx=9) addr=0
09-12 15:33:04.418   773   773 D r_submix: submix_audio_device_destroy_pipe_l(): pipe destroyed
09-12 15:33:04.418   773   773 D AudioPolicyManagerCustom: USE_XML_AUDIO_POLICY_CONF is TRUE
09-12 15:33:04.418   773   773 I AudioPolicyManagerCustom: removing AUDIO_CHANNEL_IN_5POINT1 from input profile as SSR(surround sound record) is not supported on this chipset variant
09-12 15:33:04.424   773   773 I RadioService: RadioService
09-12 15:33:04.424   773   773 I RadioService: onFirstRef
09-12 15:33:04.425   773   773 E RadioService: couldn't load radio module radio.primary (No such file or directory)
09-12 15:33:04.428   773   773 D sound_trigger_hw: stdev_open: Enter
09-12 15:33:04.428   773   773 I sound_trigger_platform: platform_stdev_init: Enter
09-12 15:33:04.435   873   873 D QSEECOMAPI: Loaded image: APP id = 262146
09-12 15:33:04.441   873   873 D QSEECOMAPI: QSEECom_get_handle sb_length = 0x400
09-12 15:33:04.441   873   873 D QSEECOMAPI: App is already loaded QSEE and app id = 65537
09-12 15:33:04.445   773  1300 I DiracAPI: Dirac_create: DiracObj (E96E1850) created with conf: 'USECASE_INTERNAL_PANORAMA'
09-12 15:33:04.446   773  1300 I DiracAPI: (E96E1850): Prepared with conf: 'USECASE_INTERNAL_PANORAMA' 
09-12 15:33:04.446   773  1300 I DiracAPI:  preset: 'default' 
09-12 15:33:04.446   773  1300 I DiracAPI:  samplerate: 48000 
09-12 15:33:04.446   773  1300 I DiracAPI:  nChannelsIn: 2 
09-12 15:33:04.446   773  1300 I DiracAPI:  maxFrames: 2000 
09-12 15:33:04.446   773  1300 I DiracAPI:  inFmt/outFmt: 1/1
09-12 15:33:04.448   773  1298 I DiracAPI: Dirac_create: DiracObj (E95748D0) created with conf: 'USECASE_INTERNAL_PANORAMA'
09-12 15:33:04.449   773  1298 I DiracAPI: (E95748D0): Prepared with conf: 'USECASE_INTERNAL_PANORAMA' 
09-12 15:33:04.449   773  1298 I DiracAPI:  preset: 'default' 
09-12 15:33:04.449   773  1298 I DiracAPI:  samplerate: 44100 
09-12 15:33:04.449   773  1298 I DiracAPI:  nChannelsIn: 2 
09-12 15:33:04.449   773  1298 I DiracAPI:  maxFrames: 2000 
09-12 15:33:04.449   773  1298 I DiracAPI:  inFmt/outFmt: 1/1
09-12 15:33:04.454   873   873 D QSEECOMAPI: QSEECom_dealloc_memory 
09-12 15:33:04.454   873   873 D QSEECOMAPI: QSEECom_shutdown_app, app_id = 65537
09-12 15:33:04.467  1316  1316 V LOWI-7.7.1.0.c: [LOWIEventDispatcher] LOWIEventDispatcher
09-12 15:33:04.468  1316  1316 V LOWI-7.7.1.0.c: [MessageQ_Client] creating client socket
09-12 15:33:04.468  1316  1316 I LOWI-7.7.1.0.c: [MessageQ_Client] connecting to server [/data/misc/location/mq/location-mq-s]
09-12 15:33:04.468  1316  1316 I LOWI-7.7.1.0.c: [MessageQ_Client] connected
09-12 15:33:04.468  1316  1316 V LOWI-7.7.1.0.c: [LOWIController] init
09-12 15:33:04.475   873   873 D QSEECOMAPI: QSEECom_dealloc_memory 
09-12 15:33:04.475   873   873 D QSEECOMAPI: QSEECom_shutdown_app, app_id = 262146
09-12 15:33:04.511   763   763 E Typeface: Error mapping font file /system/fonts/DroidSansFallback.ttf
09-12 15:33:04.552  1318  1318 D LocSvc_LBSProxy: static bool lbs_core::LBSProxy::checkIfLocationExtendedClientExists()] File Exists
09-12 15:33:04.552  1318  1318 D LocSvc_LBSProxy: static bool lbs_core::LBSProxy::checkIfNativeXtraClientExists()] XTRA Client 2.0 Exist
09-12 15:33:04.553  1318  1318 W XTCC-5.1.0.23-d: [CCC-Main] wifi: 1, ap cell: 0, modem cell: 1, waa: 0, sstp: 0
09-12 15:33:04.556  1319  1319 D LocSvc_LBSProxy: static bool lbs_core::LBSProxy::checkIfLocationExtendedClientExists()] File Exists
09-12 15:33:04.556  1319  1319 D LocSvc_LBSProxy: static bool lbs_core::LBSProxy::checkIfNativeXtraClientExists()] XTRA Client 2.0 Exist
09-12 15:33:04.557  1319  1319 D LocSvc_utils_cfg: D/loc_read_conf: using /etc/gps.conf
09-12 15:33:04.557  1319  1319 D LocSvc_utils_cfg: D/int loc_read_conf_r(FILE *, const loc_param_s_type *, uint32_t):283]: num_params: 1
09-12 15:33:04.557  1319  1319 D LocSvc_utils_cfg: D/loc_set_config_entry: PARAM DEBUG_LEVEL = 3
09-12 15:33:04.557  1319  1319 D LocSvc_utils_cfg: D/int loc_read_conf_r(FILE *, const loc_param_s_type *, uint32_t):283]: num_params: 2
09-12 15:33:04.557  1319  1319 D LocSvc_utils_cfg: D/loc_set_config_entry: PARAM DEBUG_LEVEL = 3
09-12 15:33:04.558  1319  1319 D LocSvc_utils_cfg: D/int loc_read_conf_r(FILE *, const loc_param_s_type *, uint32_t):287]: fgets returned NULL
09-12 15:33:04.561  1319  1349 E slim_daemon: [NDK] bindNDKSensors: Sensor server is unavailable.
09-12 15:33:04.562  1319  1350 E libsensor1: check_sensors_enabled: Sensors enabled = true
09-12 15:33:04.567  1319  1319 E QMI_FW  : xport_reg Failed for service_id=0x37 version=0x101 on 16
09-12 15:33:04.567  1319  1319 E slim_daemon: [QMISLIM] slim_QSQmiSvcTask_Init: Failed to register QMI service
09-12 15:33:04.569  1318  1318 E XTCC-5.1.0.23-d: [StorageMgr] init tile_folder = /data/misc/location/xtwifi
09-12 15:33:04.569  1319  1319 I slim_daemon: [SLIM] slim_ProviderConfigure: Updated available providers for service 0: 00000001.
09-12 15:33:04.569  1319  1319 I slim_daemon: [SLIM] slim_ProviderConfigure: Updated available providers for service 1: 00000001.
09-12 15:33:04.569  1319  1319 I slim_daemon: [SLIM] slim_ProviderConfigure: Updated available providers for service 2: 00000001.
09-12 15:33:04.569  1319  1319 I slim_daemon: [SLIM] slim_ProviderConfigure: Updated available providers for service 3: 00000001.
09-12 15:33:04.569  1319  1319 I slim_daemon: [SLIM] slim_ProviderConfigure: Updated available providers for service 7: 00000001.
09-12 15:33:04.569  1319  1319 I slim_daemon: [SLIM] slim_ProviderConfigure: Updated available providers for service 8: 00000001.
09-12 15:33:04.569  1319  1319 I slim_daemon: [SLIM] slim_ProviderConfigure: Updated available providers for service 13: 00000001.
09-12 15:33:04.569  1319  1319 I slim_daemon: [SLIM] slim_ProviderConfigure: Updated available providers for service 14: 00000001.
09-12 15:33:04.569  1319  1319 I slim_daemon: [SLIM] slim_ProviderConfigure: Updated available providers for service 16: 00000001.
09-12 15:33:04.569  1319  1356 E LocSvc_api_v02: I/locClientOpen:1907]: Service instance id is -1
09-12 15:33:04.570  1319  1356 E LocSvc_api_v02: I/---> locClientOpenInstance line 1787 loc client open
09-12 15:33:04.572  1319  1356 E QMI_FW  : QMUXD: WARNING qmi_qmux_if_pwr_up_init failed! rc=-6
09-12 15:33:04.572  1319  1356 E LocSvc_api_v02: I/---> locClientSendReq line 2064 QMI_LOC_REG_EVENTS_REQ_V02
09-12 15:33:04.575  1319  1356 E LocSvc_api_v02: I/---> locClientSupportMsgCheck line 2182 QMI_LOC_GET_SUPPORTED_MSGS_REQ_V02
09-12 15:33:04.575  1319  1356 E LocSvc_api_v02: I/---> locClientSendReq line 2064 QMI_LOC_QUERY_AON_CONFIG_REQ_V02
09-12 15:33:04.576  1319  1358 E LocSvc_ApiV02: I/<--- void globalRespCb(locClientHandleType, uint32_t, const locClientRespIndUnionType, uint32_t, void *) line 140 QMI_LOC_QUERY_AON_CONFIG_REQ_V02
09-12 15:33:04.576  1319  1356 E LocSvc_api_v02: I/---> locClientSendReq line 2064 QMI_LOC_GET_SUPPORTED_FEATURE_REQ_V02
09-12 15:33:04.577  1319  1356 E LocSvc_ApiV02: E/virtual enum loc_api_adapter_err LocApiV02::open(LOC_API_ADAPTER_EVENT_MASK_T):396:2]: Failed to get features supported from QMI_LOC_GET_SUPPORTED_FEATURE_REQ_V02. 
09-12 15:33:04.577  1319  1358 E QMI_FW  : QCCI qmi_cci_xport_recv: txn not found. svc_id: 16
09-12 15:33:04.577  1319  1356 E LocSvc_api_v02: I/---> locClientSendReq line 2064 QMI_LOC_SET_PREMIUM_SERVICES_CONFIG_REQ_V02
09-12 15:33:04.579  1319  1358 E LocSvc_ApiV02: I/<--- void globalRespCb(locClientHandleType, uint32_t, const locClientRespIndUnionType, uint32_t, void *) line 140 QMI_LOC_SET_PREMIUM_SERVICES_CONFIG_REQ_V02
09-12 15:33:04.580  1319  1356 E LocSvc_api_v02: I/---> locClientSendReq line 2064 QMI_LOC_SET_PREMIUM_SERVICES_CONFIG_REQ_V02
09-12 15:33:04.580  1319  1356 E LocSvc_LBSApiV02: E/virtual void lbs_core::LBSApiV02::injectFeatureConfig(e_premium_mode, e_premium_mode, e_premium_mode):710]: Error : st = 3, ind.status = 0
09-12 15:33:04.580  1319  1358 E QMI_FW  : QCCI qmi_cci_xport_recv: txn not found. svc_id: 16
09-12 15:33:04.580  1319  1356 E LocSvc_api_v02: I/---> locClientSendReq line 2064 QMI_LOC_SET_PREMIUM_SERVICES_CONFIG_REQ_V02
09-12 15:33:04.582  1319  1358 E LocSvc_ApiV02: I/<--- void globalRespCb(locClientHandleType, uint32_t, const locClientRespIndUnionType, uint32_t, void *) line 140 QMI_LOC_SET_PREMIUM_SERVICES_CONFIG_REQ_V02
09-12 15:33:04.582  1319  1356 E LocSvc_api_v02: I/---> locClientSendReq line 2064 QMI_LOC_REG_EVENTS_REQ_V02
09-12 15:33:04.592   766   766 E Typeface: Error mapping font file /system/fonts/DroidSansFallback.ttf
09-12 15:33:04.598  1318  1318 E XTCC-5.1.0.23-d: [CacheMgr] populateSavedBalacklistedAps: failed: 101
09-12 15:33:04.600  1318  1363 E LocSvc_api_v02: I/locClientOpen:1907]: Service instance id is -1
09-12 15:33:04.600  1318  1363 E LocSvc_api_v02: I/---> locClientOpenInstance line 1787 loc client open
09-12 15:33:04.601  1318  1318 E XTCC-5.1.0.23-d: [NvParamMgr] getNvDataBlob, nv item GTP_FDAL_ENABLEMENT_CONTROL not found
09-12 15:33:04.601  1318  1318 E XTCC-5.1.0.23-d: [FDAL_Manager] init: failed to retrieve WLAN_FDAL_ENABLEMENT_CONTROL, default true
09-12 15:33:04.604  1318  1363 E QMI_FW  : QMUXD: WARNING qmi_qmux_if_pwr_up_init failed! rc=-6
09-12 15:33:04.604  1318  1363 E LocSvc_api_v02: I/---> locClientSendReq line 2064 QMI_LOC_REG_EVENTS_REQ_V02
09-12 15:33:04.606  1318  1363 E LocSvc_api_v02: I/---> locClientSupportMsgCheck line 2182 QMI_LOC_GET_SUPPORTED_MSGS_REQ_V02
09-12 15:33:04.608  1318  1363 E LocSvc_api_v02: I/---> locClientSendReq line 2064 QMI_LOC_QUERY_AON_CONFIG_REQ_V02
09-12 15:33:04.609  1318  1366 E LocSvc_ApiV02: I/<--- void globalRespCb(locClientHandleType, uint32_t, const locClientRespIndUnionType, uint32_t, void *) line 140 QMI_LOC_QUERY_AON_CONFIG_REQ_V02
09-12 15:33:04.609  1318  1363 E LocSvc_api_v02: I/---> locClientSendReq line 2064 QMI_LOC_GET_SUPPORTED_FEATURE_REQ_V02
09-12 15:33:04.611  1318  1363 E LocSvc_ApiV02: E/virtual enum loc_api_adapter_err LocApiV02::open(LOC_API_ADAPTER_EVENT_MASK_T):396:2]: Failed to get features supported from QMI_LOC_GET_SUPPORTED_FEATURE_REQ_V02. 
09-12 15:33:04.611  1318  1363 E LocSvc_api_v02: I/---> locClientSendReq line 2064 QMI_LOC_SET_PREMIUM_SERVICES_CONFIG_REQ_V02
09-12 15:33:04.612  1318  1366 E QMI_FW  : QCCI qmi_cci_xport_recv: txn not found. svc_id: 16
09-12 15:33:04.612  1318  1366 E LocSvc_ApiV02: I/<--- void globalRespCb(locClientHandleType, uint32_t, const locClientRespIndUnionType, uint32_t, void *) line 140 QMI_LOC_SET_PREMIUM_SERVICES_CONFIG_REQ_V02
09-12 15:33:04.612  1318  1363 E LocSvc_api_v02: I/---> locClientSendReq line 2064 QMI_LOC_SET_PREMIUM_SERVICES_CONFIG_REQ_V02
09-12 15:33:04.614  1318  1366 E QMI_FW  : QCCI qmi_cci_xport_recv: txn not found. svc_id: 16
09-12 15:33:04.614  1318  1363 E LocSvc_LBSApiV02: E/virtual void lbs_core::LBSApiV02::injectFeatureConfig(e_premium_mode, e_premium_mode, e_premium_mode):710]: Error : st = 3, ind.status = 0
09-12 15:33:04.614  1318  1363 E LocSvc_api_v02: I/---> locClientSendReq line 2064 QMI_LOC_SET_PREMIUM_SERVICES_CONFIG_REQ_V02
09-12 15:33:04.616  1318  1366 E LocSvc_ApiV02: I/<--- void globalRespCb(locClientHandleType, uint32_t, const locClientRespIndUnionType, uint32_t, void *) line 140 QMI_LOC_SET_PREMIUM_SERVICES_CONFIG_REQ_V02
09-12 15:33:04.631  1318  1318 E XTCC-5.1.0.23-d: [NvParamMgr] getNvDataBlob, nv item GTP_WLAN_CS_INTERVAL_SEC_COLLECT not found
09-12 15:33:04.632  1318  1318 E XTCC-5.1.0.23-d: [NvParamMgr] getNvDataBlob, nv item GTP_WLAN_CS_INTERVAL_SEC_SCAN not found
09-12 15:33:04.632  1318  1318 E XTCC-5.1.0.23-d: [NvParamMgr] getNvDataBlob, nv item GTP_WLAN_CS_INTERVAL_MINUTE_FORCED_SCAN not found
09-12 15:33:04.633  1318  1318 E XTCC-5.1.0.23-d: [NvParamMgr] getNvDataBlob, nv item GTP_WLAN_CS_INTERVAL_MINUTE_UPLOAD not found
09-12 15:33:04.633  1318  1318 E XTCC-5.1.0.23-d: [NvParamMgr] getNvDataBlob, nv item GTP_WLAN_CS_INTERVAL_MINUTE_FORCED_UPLOAD not found
09-12 15:33:04.633  1318  1318 E XTCC-5.1.0.23-d: [NvParamMgr] getNvDataBlob, nv item GTP_WLAN_CS_HEPE_THRESHOLD_METER not found
09-12 15:33:04.634  1318  1318 E XTCC-5.1.0.23-d: [NvParamMgr] getNvDataBlob, nv item GTP_WLAN_CS_SIMILARITY_THRESHOLD not found
09-12 15:33:04.634  1318  1318 E XTCC-5.1.0.23-d: [NvParamMgr] getNvDataBlob, nv item GTP_WLAN_CS_SIMILARITY_THRESHOLD not found
09-12 15:33:04.634  1318  1318 E XTCC-5.1.0.23-d: [NvParamMgr] getNvDataBlob, nv item GTP_WLAN_CS_MAX_NUM_AP_SETS_PER_UPLOAD not found
09-12 15:33:04.635  1318  1318 E XTCC-5.1.0.23-d: [NvParamMgr] getNvDataBlob, nv item GTP_WLAN_CS_MAX_NUM_APS_PER_UPLOAD not found
09-12 15:33:04.635  1318  1318 E XTCC-5.1.0.23-d: [NvParamMgr] getNvDataBlob, nv item GTP_WWAN_CS_ENABLED not found
09-12 15:33:04.636  1318  1318 E XTCC-5.1.0.23-d: [NvParamMgr] getNvDataBlob, nv item GTP_WLAN_CS_RECORD_INCL_IND not found
09-12 15:33:04.639  1318  1363 E LocSvc_api_v02: I/---> locClientSendReq line 2064 QMI_LOC_INJECT_APDONOTCACHE_DATA_REQ_V02
09-12 15:33:04.640  1318  1377 E XTCC-5.1.0.23-d: [TdpCsClient] unknown postcard info. reason:REGISTER-EVENT, 
09-12 15:33:04.640  1318  1377 E XTCC-5.1.0.23-d: [TdpCsClient] unknown postcard info. reason:REGISTER-EVENT, 
09-12 15:33:04.640  1318  1377 E XTCC-5.1.0.23-d: [TdpCsClient] unknown postcard info. reason:REGISTER-EVENT, 
09-12 15:33:04.640  1318  1377 E XTCC-5.1.0.23-d: [TdpCsClient] unknown postcard info. reason:REGISTER-EVENT, 
09-12 15:33:04.785   966  1195 E QMI_FW  : QMUXD: WARNING qmi_qmux_if_pwr_up_init failed! rc=-6
09-12 15:33:04.886   773   773 I sound_trigger_platform: platform_stdev_init: acdb_init: msm8953-snd-card-mtp
09-12 15:33:04.886   773   773 D ACDB-LOADER: ACDB -> already initialized, exit
09-12 15:33:04.886   773   773 D sound_trigger_platform: platform_stdev_init Opening device /dev/snd/hwC0D1000
09-12 15:33:04.886   773   773 D sound_trigger_platform: get_codec_version: codec version 
09-12 15:33:04.887   773   773 I sound_trigger_hw: stdev_get_properties
09-12 15:33:04.887   773   773 I SoundTriggerHwService: loaded default module Sound Trigger HAL, handle 1
09-12 15:33:04.979   873   873 D QSEECOMAPI: QSEECom_get_handle sb_length = 0x144c0
09-12 15:33:04.979   873   873 D QSEECOMAPI: App is not loaded in QSEE
09-12 15:33:04.979   873   873 D QSEECOMAPI: app_arch = 1, total_files = 8
09-12 15:33:05.388   828   828 I ServiceManager: Waiting for service AtCmdFwd...
09-12 15:33:05.413   873   873 D QSEECOMAPI: Loaded image: APP id = 327682
09-12 15:33:05.418   873   873 D QSEECOMAPI: QSEECom_get_handle sb_length = 0x400
09-12 15:33:05.418   873   873 D QSEECOMAPI: App is already loaded QSEE and app id = 65537
09-12 15:33:05.424   873   873 D QSEECOMAPI: QSEECom_dealloc_memory 
09-12 15:33:05.424   873   873 D QSEECOMAPI: QSEECom_shutdown_app, app_id = 65537
09-12 15:33:05.466   873   873 D QSEECOMAPI: QSEECom_dealloc_memory 
09-12 15:33:05.466   873   873 D QSEECOMAPI: QSEECom_shutdown_app, app_id = 327682
09-12 15:33:05.561  1319  1349 E slim_daemon: [NDK] bindNDKSensors: Sensor server is unavailable.
09-12 15:33:05.642  1318  1363 E LocSvc_api_v02: E/loc_sync_wait_for_ind:458]: slot 0, timed out for ind_id QMI_LOC_INJECT_APDONOTCACHE_DATA_REQ_V02
09-12 15:33:05.642  1318  1363 E LocSvc_api_v02: E/loc_sync_send_req:529]: loc_api_wait_for_ind failed, err -110, select id 0, status eLOC_CLIENT_FAILURE_TIMEOUT
09-12 15:33:05.642  1318  1363 E LocSvc_IzatApiV02: E/virtual int izat_core::IzatApiV02::injectApCacheBlacklist(APCacheBlacklistData):857]: Error : st = 6, ind.status = 0
09-12 15:33:05.642  1318  1363 E LocSvc_IzatApiV02: E/virtual int izat_core::IzatApiV02::injectApCacheBlacklist(APCacheBlacklistData):869]: inject AP Cache - blacklistto modem failed. 
09-12 15:33:05.642  1318  1363 E LocSvc_api_v02: I/---> locClientSendReq line 2064 QMI_LOC_INJECT_APDONOTCACHE_DATA_REQ_V02
09-12 15:33:05.656   862   862 E mm-camera: <SENSOR><ERROR> ov13855_gt24c64a_ofg_eeprom_format_calibration_data: 466: Total bytes in OTP buffer: 8192
09-12 15:33:05.656   862   862 E mm-camera: <SENSOR><ERROR> ov13855_gt24c64a_ofg_eeprom_format_calibration_data: 487: Vendor ID : 0x2, Module Code : 0x10
09-12 15:33:05.656   862   862 E mm-camera: 
09-12 15:33:05.656   862   862 E mm-camera: <SENSOR><ERROR> ov13855_gt24c64a_ofg_eeprom_format_calibration_data: 488: Y/M/D : 12/64/82
09-12 15:33:05.656   862   862 E mm-camera: 
09-12 15:33:05.656   862   862 E mm-camera: <SENSOR><ERROR> ov13855_gt24c64a_ofg_eeprom_format_pdafgain: 274: [WENDELL]-ov13855_gt24c64a_ofg_eeprom_format_pdafgain: Enter
09-12 15:33:05.656   862   862 E mm-camera: 
09-12 15:33:05.656   862   862 E mm-camera: <SENSOR><ERROR> ov13855_gt24c64a_ofg_eeprom_format_pdafgain: 284: [WENDELL]: PDAF checksum error
09-12 15:33:05.656   862   862 E mm-camera: 
09-12 15:33:05.656   862   862 E mm-camera: <SENSOR><ERROR> ov13855_gt24c64a_ofg_eeprom_format_wbdata: 95: [WENDELL_ov13855_wb]-ov13855_gt24c64a_ofg_eeprom_format_wbdata: Enter
09-12 15:33:05.656   862   862 E mm-camera: 
09-12 15:33:05.656   862   862 E mm-camera: <SENSOR><ERROR> ov13855_gt24c64a_ofg_eeprom_format_wbdata: 117: OTP:AWB:D50 awb_r_over_gr: 0.563477,awb_b_over_gr: 0.689453,awb_gb_over_gr: 0.999023
09-12 15:33:05.657   862   862 E mm-camera: <SENSOR><ERROR> ov13855_gt24c64a_ofg_eeprom_format_wbdata: 134: [WENDELL]-ov13855_gt24c64a_ofg_eeprom_format_wbdata: EXIT
09-12 15:33:05.657   862   862 E mm-camera: 
09-12 15:33:05.657   862   862 E mm-camera: <SENSOR><ERROR> ov13855_gt24c64a_ofg_eeprom_format_lensshading: 144: [WENDELL_lsc_855]-ov13855_gt24c64a_ofg_eeprom_format_lensshading: Enter
09-12 15:33:05.657   862   862 E mm-camera: 
09-12 15:33:05.657   862   862 E mm-camera: <SENSOR><ERROR> ov13855_gt24c64a_ofg_eeprom_format_lensshading: 205: [WENDELL]-ov13855_gt24c64a_ofg_eeprom_format_lensshading: EXIT
09-12 15:33:05.657   862   862 E mm-camera: 
09-12 15:33:05.657   862   862 E mm-camera: <SENSOR><ERROR> ov13855_gt24c64a_ofg_eeprom_format_afdata: 217: [WENDELL_855]-ov13855_gt24c64a_ofg_eeprom_format_afdata: Enter
09-12 15:33:05.657   862   862 E mm-camera: 
09-12 15:33:05.657   862   862 E mm-camera: <SENSOR><ERROR> ov13855_gt24c64a_ofg_eeprom_format_afdata: 242: Macro DAC 600,Infinity DAC 280, Starting DAC 280
09-12 15:33:05.657   862   862 E mm-camera: <SENSOR><ERROR> ov13855_gt24c64a_ofg_eeprom_format_afdata: 252: with margin: Macro DAC 760,Infinity DAC 120, Starting DAC 120
09-12 15:33:05.657   862   862 E mm-camera: <SENSOR><ERROR> ov13855_gt24c64a_ofg_eeprom_format_afdata: 253: [WENDELL]-ov13855_gt24c64a_ofg_eeprom_format_afdata: EXIT
09-12 15:33:05.657   862   862 E mm-camera: 
09-12 15:33:05.657   862   862 E mm-camera: <SENSOR><ERROR> ov13855_gt24c64a_ofg_eeprom_get_calibration_items: 57: [WENDELL_ov13855]-ov13855_gt24c64a_ofg_eeprom_get_calibration_items: Enter
09-12 15:33:05.657   862   862 E mm-camera: 
09-12 15:33:05.657   862   862 E mm-camera: <SENSOR><ERROR> ov13855_gt24c64a_ofg_eeprom_get_calibration_items: 72: is_wbc:1,is_afc:1,is_lsc:1,is_dpc:0,is_insensor:0,    is_ois:0, is_dual:0
09-12 15:33:05.657   862   862 E mm-camera: <SENSOR><ERROR> ov13855_gt24c64a_ofg_eeprom_get_calibration_items: 73: [WENDELL]-ov13855_gt24c64a_ofg_eeprom_get_calibration_items: EXIT
09-12 15:33:05.657   862   862 E mm-camera: 
09-12 15:33:05.658   862   862 E mm-camera: <SENSOR><ERROR> 6901: module_sensor_init_eeprom: dlopen lib /system/vendor/lib/libIQM_OTP_Correction.so ,OK
09-12 15:33:05.658   862   862 E mm-camera: <SENSOR><ERROR> 6916: module_sensor_init_eeprom: module_sensor_init_eeprom:6916 /system/vendor/lib/libIQM_OTP_Correction.so version[1]
09-12 15:33:05.658   862   862 E mm-camera: <SENSOR><ERROR> 6922: module_sensor_init_eeprom: module_sensor_init_eeprom:6922 OTP_Correction return value[100]
09-12 15:33:05.663   808   808 V NatController: runCmd(/system/bin/iptables -w -W 10000 -F natctrl_FORWARD) res=0
09-12 15:33:05.680   808   808 V NatController: runCmd(/system/bin/ip6tables -w -W 10000 -F natctrl_FORWARD) res=0
09-12 15:33:05.696   808   808 V NatController: runCmd(/system/bin/iptables -w -W 10000 -A natctrl_FORWARD -j DROP) res=0
09-12 15:33:05.711   808   808 V NatController: runCmd(/system/bin/iptables -w -W 10000 -t nat -F natctrl_nat_POSTROUTING) res=0
09-12 15:33:05.727   808   808 V NatController: runCmd(/system/bin/ip6tables -w -W 10000 -t raw -F natctrl_raw_PREROUTING) res=0
09-12 15:33:05.744   808   808 V NatController: runCmd(/system/bin/iptables -w -W 10000 -F natctrl_tether_counters) res=1
09-12 15:33:05.760   808   808 V NatController: runCmd(/system/bin/ip6tables -w -W 10000 -F natctrl_tether_counters) res=1
09-12 15:33:05.776   808   808 V NatController: runCmd(/system/bin/iptables -w -W 10000 -X natctrl_tether_counters) res=1
09-12 15:33:05.792   808   808 V NatController: runCmd(/system/bin/ip6tables -w -W 10000 -X natctrl_tether_counters) res=1
09-12 15:33:05.809   808   808 V NatController: runCmd(/system/bin/iptables -w -W 10000 -N natctrl_tether_counters) res=0
09-12 15:33:05.825   808   808 V NatController: runCmd(/system/bin/ip6tables -w -W 10000 -N natctrl_tether_counters) res=0
09-12 15:33:05.841   808   808 V NatController: runCmd(/system/bin/iptables -w -W 10000 -t mangle -A natctrl_mangle_FORWARD -p tcp --tcp-flags SYN SYN -j TCPMSS --clamp-mss-to-pmtu) res=0
09-12 15:33:05.975   873   873 D QSEECOMAPI: QSEECom_get_handle sb_length = 0x144c0
09-12 15:33:05.975   873   873 D QSEECOMAPI: App is not loaded in QSEE
09-12 15:33:05.975   873   873 D QSEECOMAPI: app_arch = 1, total_files = 8
09-12 15:33:06.029   820   820 I cnss-daemon: RTM_NEWROUTE Indication
09-12 15:33:06.029   820   820 I cnss-daemon: RTM_NEWROUTE Indication
09-12 15:33:06.029   820   820 I cnss-daemon: RTM_NEWROUTE Indication
09-12 15:33:06.031   820   820 I cnss-daemon: RTM_NEWROUTE Indication
09-12 15:33:06.031   820   820 I cnss-daemon: RTM_NEWROUTE Indication
09-12 15:33:06.033   808   808 E Netd    : Unable to create netlink socket: Protocol not supported
09-12 15:33:06.033   808   808 W Netd    : Unable to open qlog quota socket, check if xt_quota2 can send via UeventHandler
09-12 15:33:06.034   808  1570 D MDnsDS  : MDnsSdListener starting to monitor
09-12 15:33:06.034   808  1570 D MDnsDS  : Going to poll with pollCount 1
09-12 15:33:06.034   808   808 D MDnsDS  : MDnsSdListener::Hander starting up
09-12 15:33:06.389   828   828 W Atfwd_Sendcmd: AtCmdFwd service not published, waiting... retryCnt : 1
09-12 15:33:06.404   873   873 D QSEECOMAPI: Loaded image: APP id = 393218
09-12 15:33:06.408   873   873 D QSEECOMAPI: QSEECom_get_handle sb_length = 0x400
09-12 15:33:06.409   873   873 D QSEECOMAPI: App is already loaded QSEE and app id = 65537
09-12 15:33:06.414   873   873 D QSEECOMAPI: QSEECom_dealloc_memory 
09-12 15:33:06.415   873   873 D QSEECOMAPI: QSEECom_shutdown_app, app_id = 65537
09-12 15:33:06.456   873   873 D QSEECOMAPI: QSEECom_dealloc_memory 
09-12 15:33:06.456   873   873 D QSEECOMAPI: QSEECom_shutdown_app, app_id = 393218
09-12 15:33:06.462   763   763 I art     : Thread[1,tid=763,Native,Thread*=0x7fb0895a00,peer=0x12c460d0,"main"] recursive attempt to load library "/system/lib64/libmedia_jni.so"
09-12 15:33:06.462   763   763 D MtpDeviceJNI: register_android_mtp_MtpDevice
09-12 15:33:06.465   763   763 I art     : Thread[1,tid=763,Native,Thread*=0x7fb0895a00,peer=0x12c460d0,"main"] recursive attempt to load library "/system/lib64/libmedia_jni.so"
09-12 15:33:06.467   763   763 I art     : Thread[1,tid=763,Native,Thread*=0x7fb0895a00,peer=0x12c460d0,"main"] recursive attempt to load library "/system/lib64/libmedia_jni.so"
09-12 15:33:06.561  1319  1349 E slim_daemon: [NDK] bindNDKSensors: Sensor server is unavailable.
09-12 15:33:06.602   766   766 I art     : Thread[1,tid=766,Native,Thread*=0xf2585400,peer=0x12c04f70,"main"] recursive attempt to load library "/system/lib/libmedia_jni.so"
09-12 15:33:06.602   766   766 D MtpDeviceJNI: register_android_mtp_MtpDevice
09-12 15:33:06.604   766   766 I art     : Thread[1,tid=766,Native,Thread*=0xf2585400,peer=0x12c04f70,"main"] recursive attempt to load library "/system/lib/libmedia_jni.so"
09-12 15:33:06.605   766   766 I art     : Thread[1,tid=766,Native,Thread*=0xf2585400,peer=0x12c04f70,"main"] recursive attempt to load library "/system/lib/libmedia_jni.so"
09-12 15:33:06.644  1318  1363 E LocSvc_api_v02: E/loc_sync_wait_for_ind:458]: slot 0, timed out for ind_id QMI_LOC_INJECT_APDONOTCACHE_DATA_REQ_V02
09-12 15:33:06.644  1318  1363 E LocSvc_api_v02: E/loc_sync_send_req:529]: loc_api_wait_for_ind failed, err -110, select id 0, status eLOC_CLIENT_FAILURE_TIMEOUT
09-12 15:33:06.644  1318  1363 E LocSvc_IzatApiV02: E/virtual int izat_core::IzatApiV02::injectApCacheBlacklist(APCacheBlacklistData):857]: Error : st = 6, ind.status = 0
09-12 15:33:06.644  1318  1363 E LocSvc_IzatApiV02: E/virtual int izat_core::IzatApiV02::injectApCacheBlacklist(APCacheBlacklistData):869]: inject AP Cache - blacklistto modem failed. 
09-12 15:33:06.644  1318  1363 E LocSvc_api_v02: I/---> locClientSendReq line 2064 QMI_LOC_INJECT_APDONOTCACHE_DATA_REQ_V02
09-12 15:33:06.736   862   862 E mm-camera: <SENSOR><ERROR> ov13358_gt24c64a_ofg_eeprom_format_calibration_data: 372: Total bytes in OTP buffer: 8192
09-12 15:33:06.736   862   862 E mm-camera: <SENSOR><ERROR> ov13358_gt24c64a_ofg_eeprom_format_calibration_data: 392: Vendor ID : 0x2, Module Code : 0x10
09-12 15:33:06.736   862   862 E mm-camera: 
09-12 15:33:06.736   862   862 E mm-camera: <SENSOR><ERROR> ov13358_gt24c64a_ofg_eeprom_format_calibration_data: 393: Y/M/D : 12/64/82
09-12 15:33:06.736   862   862 E mm-camera: 
09-12 15:33:06.736   862   862 E mm-camera: <SENSOR><ERROR> ov13358_gt24c64a_ofg_eeprom_format_lensshading: 86: [WENDELL]-ov13358_gt24c64a_ofg_eeprom_format_lensshading: Enter
09-12 15:33:06.736   862   862 E mm-camera: 
09-12 15:33:06.736   862   862 E mm-camera: <SENSOR><ERROR> ov13358_gt24c64a_ofg_eeprom_format_lensshading: 137: [WENDELL]-ov13358_gt24c64a_ofg_eeprom_format_lensshading: EXIT
09-12 15:33:06.736   862   862 E mm-camera: 
09-12 15:33:06.736   862   862 E mm-camera: <SENSOR><ERROR> ov13358_gt24c64a_ofg_eeprom_format_afdata: 156: [WENDELL]-ov13358_gt24c64a_ofg_eeprom_format_afdata: Enter
09-12 15:33:06.736   862   862 E mm-camera: 
09-12 15:33:06.736   862   862 E mm-camera: <SENSOR><ERROR> ov13358_gt24c64a_ofg_eeprom_format_afdata: 182: Macro DAC 585,Infinity DAC 275, Starting DAC 275
09-12 15:33:06.736   862   862 E mm-camera: <SENSOR><ERROR> ov13358_gt24c64a_ofg_eeprom_format_afdata: 192: with margin: Macro DAC 740,Infinity DAC 120, Starting DAC 120
09-12 15:33:06.736   862   862 E mm-camera: <SENSOR><ERROR> ov13358_gt24c64a_ofg_eeprom_format_afdata: 193: [WENDELL]-ov13358_gt24c64a_ofg_eeprom_format_afdata: EXIT
09-12 15:33:06.736   862   862 E mm-camera: 
09-12 15:33:06.736   862   862 E mm-camera: <SENSOR><ERROR> ov13358_gt24c64a_ofg_eeprom_get_calibration_items: 61: [WENDELL]-ov13358_gt24c64a_ofg_eeprom_get_calibration_items: Enter
09-12 15:33:06.736   862   862 E mm-camera: 
09-12 15:33:06.736   862   862 E mm-camera: <SENSOR><ERROR> ov13358_gt24c64a_ofg_eeprom_get_calibration_items: 76: [WENDELL]-ov13358_gt24c64a_ofg_eeprom_get_calibration_items: EXIT
09-12 15:33:06.736   862   862 E mm-camera: 
09-12 15:33:06.737   862   862 E mm-camera: <SENSOR><ERROR> 6901: module_sensor_init_eeprom: dlopen lib /system/vendor/lib/libIQM_OTP_Correction.so ,OK
09-12 15:33:06.737   862   862 E mm-camera: <SENSOR><ERROR> 6916: module_sensor_init_eeprom: module_sensor_init_eeprom:6916 /system/vendor/lib/libIQM_OTP_Correction.so version[1]
09-12 15:33:06.737   862   862 E mm-camera: <SENSOR><ERROR> 6922: module_sensor_init_eeprom: module_sensor_init_eeprom:6922 OTP_Correction return value[2]
09-12 15:33:06.749   945  1049 D Diag_Lib: [IMS_DEBUG]| 201 | 1049 |clientThreadHandler_ipc : Received a buffer of size 28
09-12 15:33:06.749   945  1049 D Diag_Lib: [IMS_DEBUG]| 208 | 1049 |clientThreadHandler_ipc : msg.ipc_request_id is 0
09-12 15:33:06.749   945  1049 D Diag_Lib: [IMS_DEBUG]| 216 | 1049 |clientThreadHandler_ipc : DATAD_GET_HANDLE
09-12 15:33:06.749   945  1049 D Diag_Lib: [IMS_DEBUG]| 662 | 1049 |Datad_SocketHandler_ipc : Len 28, Bytes Consumed [28], Bytes Remaining [0]
09-12 15:33:06.749   945  1049 D Diag_Lib: [IMS_DEBUG]| 831 | 1049 |datad_select_fd : clientThreadHandler_ipc retrun 0
09-12 15:33:06.749   945  1049 D Diag_Lib: [IMS_DEBUG]| 942 | 1049 |qpDataD_ipc_get_handle : Exit success with --AppID 20--
09-12 15:33:06.749   945  1049 D Diag_Lib: [IMS_DEBUG]| 1187 | 1049 |qpDataD_ipc_startService : Enter
09-12 15:33:06.749   945  1049 D Diag_Lib: [IMS_DEBUG]| 1091 | 1049 |datad_send_ipc_request : Enter
09-12 15:33:06.749   945  1049 D Diag_Lib: [IMS_DEBUG]| 1100 | 1049 |datad_send_ipc_request : App ID match found at 0
09-12 15:33:06.749   945  1049 D Diag_Lib: [IMS_DEBUG]| 1141 | 1049 |datad_send_ipc_request : Send 2 bytes 29
09-12 15:33:06.749   945  1049 D Diag_Lib: [IMS_DEBUG]| 823 | 1049 |datad_select_fd : Enter : fd 13
09-12 15:33:06.749   945  1049 D Diag_Lib: [IMS_DEBUG]| 168 | 1049 |clientThreadHandler_ipc : client thread created
09-12 15:33:06.749   945  1049 D Diag_Lib: [IMS_DEBUG]| 182 | 1049 |clientThreadHandler_ipc : waiting to read
09-12 15:33:06.764   945  1049 D Diag_Lib: [IMS_DEBUG]| 201 | 1049 |clientThreadHandler_ipc : Received a buffer of size 28
09-12 15:33:06.764   945  1049 D Diag_Lib: [IMS_DEBUG]| 208 | 1049 |clientThreadHandler_ipc : msg.ipc_request_id is 1
09-12 15:33:06.764   945  1049 D Diag_Lib: [IMS_DEBUG]| 239 | 1049 |clientThreadHandler_ipc : DATAD_START_SERVICE
09-12 15:33:06.764   945  1049 D Diag_Lib: [IMS_DEBUG]| 662 | 1049 |Datad_SocketHandler_ipc : Len 28, Bytes Consumed [28], Bytes Remaining [0]
09-12 15:33:06.765   945  1049 D Diag_Lib: [IMS_DEBUG]| 831 | 1049 |datad_select_fd : clientThreadHandler_ipc retrun 0
09-12 15:33:06.765   945  1049 D Diag_Lib: [IMS_DEBUG]| 1159 | 1049 |datad_send_ipc_request : Return with success
09-12 15:33:06.765   945  1049 E Diag_Lib: [IMS_ERROR]| 1205 | 1049 |qpDataD_ipc_startService : Success
09-12 15:33:06.765   945  1049 D Diag_Lib: [IMS_DEBUG]| 204 | 1049 |qpActivateLinkLocal | Waiting on Sem for event from Datadaemon
09-12 15:33:06.765   945  1049 D Diag_Lib: [IMS_DEBUG]| 823 | 1049 |datad_select_fd : Enter : fd 13
09-12 15:33:06.765   945  1049 D Diag_Lib: [IMS_DEBUG]| 168 | 1049 |clientThreadHandler_ipc : client thread created
09-12 15:33:06.765   945  1049 D Diag_Lib: [IMS_DEBUG]| 182 | 1049 |clientThreadHandler_ipc : waiting to read
09-12 15:33:06.773   820   820 I cnss-daemon: RTM_NEWROUTE Indication
09-12 15:33:06.773   820   820 I cnss-daemon: RTM_NEWROUTE Indication
09-12 15:33:06.773   820   820 I cnss-daemon: RTM_NEWROUTE Indication
09-12 15:33:06.776   820   820 I cnss-daemon: RTM_NEWROUTE Indication
09-12 15:33:06.877   820   820 I cnss-daemon: RTM_NEWROUTE Indication
09-12 15:33:06.877   820   820 I cnss-daemon: RTM_NEWROUTE Indication
09-12 15:33:06.877   820   820 I cnss-daemon: ip type is ipv6
09-12 15:33:06.917   763   763 D         : Environment::getOverlayDir() = /system/vendor/Default/system/vendor/overlay
09-12 15:33:06.961   945  1049 D Diag_Lib: [IMS_DEBUG]| 201 | 1049 |clientThreadHandler_ipc : Received a buffer of size 108
09-12 15:33:06.961   945  1049 D Diag_Lib: [IMS_DEBUG]| 208 | 1049 |clientThreadHandler_ipc : msg.ipc_request_id is 4
09-12 15:33:06.961   945  1049 D Diag_Lib: [IMS_DEBUG]| 304 | 1049 |clientThreadHandler_ipc : DATAD_EVENT
09-12 15:33:06.961   945  1049 D Diag_Lib: [IMS_DEBUG]| 327 | 1049 |clientThreadHandler_ipc : DATAD_EVENT : eCS_ENETISCONN
09-12 15:33:06.961   945  1049 D Diag_Lib: [IMS_DEBUG]| 344 | 1049 |clientThreadHandler_ipc : DATAD_EVENT : eCS_ENETISCONN : pMsg_resp->iFaceName rmnet_data7, pMsg_resp->ipaddress fe80::dc14:4f32:bb07:600e
