09-12 15:33:25.493  1764  1876 W PackageManager: Unknown permission com.amazon.identity.permission.GENERIC_IPC in package com.amazon.firstrun.in
09-12 15:33:25.493  1764  1876 W PackageManager: Unknown permission com.amazon.dcp.sso.permission.USE_DEVICE_CREDENTIALS in package com.amazon.firstrun.in
09-12 15:33:25.493  1764  1876 W PackageManager: Unknown permission com.amazon.dcp.sso.permission.CUSTOMER_ATTRIBUTE_SERVICE in package com.amazon.firstrun.in
09-12 15:33:25.495  1764  1876 W PackageManager: Unknown permission android.permission.WRITE_SYNC_STATS in package com.google.android.apps.docs
09-12 15:33:25.499  1764  1876 W PackageManager: Unknown permission com.qualcomm.qti.internal.permission.ACCESS_ENRICHED_CALL in package com.android.server.telecom
09-12 15:33:25.500  1764  1876 W PackageManager: Not granting permission android.permission.INTERACT_ACROSS_USERS to package com.google.android.syncadapters.contacts (protectionLevel=50 flags=0x38083e45)
09-12 15:33:25.500  1764  1876 W PackageManager: Unknown permission com.google.android.syncadapters.contacts.permission.GAL_SEARCH in package com.google.android.syncadapters.contacts
09-12 15:33:25.502  1764  1876 W PackageManager: Unknown permission com.chrome.permission.DEVICE_EXTRAS in package com.android.chrome
09-12 15:33:25.502  1764  1876 W PackageManager: Unknown permission com.sec.enterprise.knox.MDM_CONTENT_PROVIDER in package com.android.chrome
09-12 15:33:25.505  1764  1876 W PackageManager: Unknown permission com.qualcomm.qti.internal.permission.ACCESS_ENRICHED_CALL in package com.android.dialer
09-12 15:33:25.506  1764  1876 W PackageManager: Unknown permission com.google.android.permission.INSTALL_WEARABLE_PACKAGES in package com.google.android.packageinstaller
09-12 15:33:25.508  1764  1876 W PackageManager: Unknown permission com.google.android.apps.enterprise.dmagent.permission.AutoSyncPermission in package com.google.android.gms
09-12 15:33:25.511  1764  1876 W PackageManager: Unknown permission com.google.android.hangouts.START_HANGOUT in package com.google.android.gms
09-12 15:33:25.513  1764  1876 W PackageManager: Unknown permission com.google.android.wearable.READ_SETTINGS in package com.google.android.gms
09-12 15:33:25.518  1764  1876 W PackageManager: Unknown permission com.android.launcher.permission.PRELOAD_WORKSPACE in package com.google.android.partnersetup
09-12 15:33:25.519  1764  1876 W PackageManager: Not granting permission com.google.android.googleapps.permission.GOOGLE_AUTH to package com.google.android.videos (protectionLevel=2 flags=0x385bbe45)
09-12 15:33:25.521  1764  1876 W PackageManager: Not granting permission android.permission.WRITE_MEDIA_STORAGE to package com.google.android.apps.photos (protectionLevel=18 flags=0x3859be45)
09-12 15:33:25.523  1764  1876 W PackageManager: Unknown permission com.google.android.gm.exchange.BIND in package com.google.android.calendar
09-12 15:33:25.524  1764  1876 W PackageManager: Unknown permission com.google.android.gallery3d.permission.PICASA_STORE in package com.android.dreams.phototable
09-12 15:33:25.525  1764  1876 W PackageManager: Unknown permission com.samsung.permission.USE_MHDR_SERVICE in package com.amazon.avod.thirdpartyclient
09-12 15:33:25.525  1764  1876 W PackageManager: Unknown permission amazon.permission.COLLECT_METRICS in package com.amazon.avod.thirdpartyclient
09-12 15:33:25.525  1764  1876 W PackageManager: Unknown permission com.amazon.dcp.metrics.permission.METRICS_PERMISSION in package com.amazon.avod.thirdpartyclient
09-12 15:33:25.526  1764  1876 W PackageManager: Unknown permission com.amazon.dcp.config.permission.DYN_CONFIG_VALUES_UPDATED in package com.amazon.avod.thirdpartyclient
09-12 15:33:25.526  1764  1876 W PackageManager: Unknown permission com.amazon.identity.permission.GENERIC_IPC in package com.amazon.avod.thirdpartyclient
09-12 15:33:25.526  1764  1876 W PackageManager: Unknown permission com.amazon.dcp.sso.permission.USE_DEVICE_CREDENTIALS in package com.amazon.avod.thirdpartyclient
09-12 15:33:25.526  1764  1876 W PackageManager: Unknown permission com.amazon.dcp.sso.permission.MANAGE_COR_PFM in package com.amazon.avod.thirdpartyclient
09-12 15:33:25.526  1764  1876 W PackageManager: Unknown permission com.amazon.dcp.sso.permission.CUSTOMER_ATTRIBUTE_SERVICE in package com.amazon.avod.thirdpartyclient
09-12 15:33:25.527  1764  1876 W PackageManager: Not granting permission android.permission.INTERACT_ACROSS_USERS to package com.amazon.avod.thirdpartyclient (protectionLevel=50 flags=0x3818be45)
09-12 15:33:25.527  1764  1876 W PackageManager: Not granting permission android.permission.CONTROL_KEYGUARD to package com.google.android.gsf.login (protectionLevel=2 flags=0x3048be45)
09-12 15:33:25.529  1764  1876 W PackageManager: Unknown permission com.android.vending.billing.IBillingAccountService.BIND2 in package com.google.android.gsf.login
09-12 15:33:25.533  1764  1876 W PackageManager: Unknown permission com.android.launcher.permission.READ_SETTINGS in package com.android.settings
09-12 15:33:25.533  1764  1876 W PackageManager: Unknown permission com.android.launcher.permission.WRITE_SETTINGS in package com.android.settings
09-12 15:33:25.536  1764  1876 W PackageManager: Unknown permission com.qualcomm.permission.ACCESS_LOCATION_API in package com.qualcomm.location
09-12 15:33:25.544  1764  1777 I UsageStatsService: User[0] Rollover scheduled @ 2017-09-13 10:28:05(1505269685654)
09-12 15:33:25.549  1764  1876 W PackageManager: Not granting permission android.permission.INTERACT_ACROSS_USERS_FULL to package org.codeaurora.snapcam (protectionLevel=258 flags=0x3858bc45)
09-12 15:33:25.550  1764  1876 W PackageManager: Not granting permission android.permission.SET_ORIENTATION to package org.codeaurora.snapcam (protectionLevel=2 flags=0x3858bc45)
09-12 15:33:25.562  1764  1876 W PackageManager: Unknown permission android.permission.WRITE_OWNER_DATA in package com.android.huaqin.factory
09-12 15:33:25.562  1764  1876 W PackageManager: Unknown permission android.permission.ACCESS_MTK_MMHW in package com.android.huaqin.factory
09-12 15:33:25.564  1764  1876 W PackageManager: Not granting permission android.permission.DEVICE_POWER to package com.amazon.fota (protectionLevel=2 flags=0x3808be45)
09-12 15:33:25.566  1764  1876 W PackageManager: Unknown permission com.google.android.gallery3d.permission.GALLERY_PROVIDER in package com.android.bluetooth
09-12 15:33:25.570  1764  1876 W PackageManager: Unknown permission com.amazon.dcp.sso.permission.AMAZON_ACCOUNT_PROPERTY in package com.amazon.kindle
09-12 15:33:25.571  1764  1876 W PackageManager: Unknown permission android.permission.C2D_MESSAGE in package com.amazon.kindle
09-12 15:33:25.571  1764  1876 W PackageManager: Unknown permission com.samsung.android.providers.context.permission.WRITE_USE_APP_FEATURE_SURVEY in package com.amazon.kindle
09-12 15:33:25.571  1764  1876 W PackageManager: Unknown permission com.amazon.android.permission.ACCESS_DOWNLOAD_MANAGER_ADVANCED in package com.amazon.kindle
09-12 15:33:25.571  1764  1876 W PackageManager: Unknown permission com.amazon.android.permission.ACCESS_DOWNLOAD_MANAGER in package com.amazon.kindle
09-12 15:33:25.571  1764  1876 W PackageManager: Unknown permission com.amazon.android.permission.DOWNLOAD_WITHOUT_NOTIFICATION in package com.amazon.kindle
09-12 15:33:25.572  1764  1876 W PackageManager: Unknown permission com.amazon.dcp.metrics.permission.METRICS_PERMISSION in package com.amazon.kindle
09-12 15:33:25.572  1764  1876 W PackageManager: Unknown permission com.amazon.dcp.config.permission.DYN_CONFIG_VALUES_UPDATED in package com.amazon.kindle
09-12 15:33:25.572  1764  1876 W PackageManager: Unknown permission com.amazon.identity.permission.GENERIC_IPC in package com.amazon.kindle
09-12 15:33:25.572  1764  1876 W PackageManager: Unknown permission com.amazon.dcp.sso.permission.USE_DEVICE_CREDENTIALS in package com.amazon.kindle
09-12 15:33:25.572  1764  1876 W PackageManager: Unknown permission com.amazon.dcp.sso.permission.MANAGE_COR_PFM in package com.amazon.kindle
09-12 15:33:25.572  1764  1876 W PackageManager: Unknown permission com.amazon.dcp.sso.permission.CUSTOMER_ATTRIBUTE_SERVICE in package com.amazon.kindle
09-12 15:33:25.572  1764  1876 W PackageManager: Unknown permission amazon.permission.COLLECT_METRICS in package com.amazon.kindle
09-12 15:33:25.573  1764  1876 W PackageManager: Not granting permission android.permission.SEND_DOWNLOAD_COMPLETED_INTENTS to package com.amazon.kindle (protectionLevel=2 flags=0x38183e45)
09-12 15:33:25.573  1764  1876 W PackageManager: Not granting permission android.permission.ACCESS_DOWNLOAD_MANAGER to package com.amazon.kindle (protectionLevel=18 flags=0x38183e45)
09-12 15:33:25.573  1764  1876 W PackageManager: Unknown permission com.amazon.permission.FORCE_AUTH_ACCT in package com.amazon.kindle
09-12 15:33:25.573  1764  1876 W PackageManager: Not granting permission android.permission.INTERACT_ACROSS_USERS to package com.amazon.kindle (protectionLevel=50 flags=0x38183e45)
09-12 15:33:25.574  1764  1876 W PackageManager: Not granting permission android.permission.MANAGE_USERS to package com.amazon.kindle (protectionLevel=18 flags=0x38183e45)
09-12 15:33:25.574  1764  1876 W PackageManager: Unknown permission com.amazon.dcp.settings.permission.READ_SETTINGS in package com.amazon.kindle
09-12 15:33:25.574  1764  1876 W PackageManager: Unknown permission com.amazon.dcp.sso.permission.EXPIRE_ACCESS_TOKEN in package com.amazon.kindle
09-12 15:33:25.574  1764  1876 W PackageManager: Unknown permission com.amazon.kindle.cms.CMS_ACCESS in package com.amazon.kindle
09-12 15:33:25.574  1764  1876 W PackageManager: Unknown permission com.amazon.kindle.cms.CMS_CALLBACK_ACCESS in package com.amazon.kindle
09-12 15:33:25.574  1764  1876 W PackageManager: Unknown permission com.amazon.dcp.messaging.permission.HANDLE_DEVICE_MESSAGE in package com.amazon.kindle
09-12 15:33:25.575  1764  1876 W PackageManager: Unknown permission com.audible.hushpuppy.tablet.permission.COMPANION_MAPPING in package com.amazon.kindle
09-12 15:33:25.575  1764  1876 W PackageManager: Unknown permission com.amazon.kindle.otter.settings.RECEIVE_GOODREADS_UNLINK in package com.amazon.kindle
09-12 15:33:25.703   862  1683 E mm-camera: <STATS_AIS ><ERROR> 617: sensor_native_thread_handler: Laser Sensor not found!
09-12 15:33:25.704   862  1716 E mm-camera: <STATS_AIS ><ERROR> 617: sensor_native_thread_handler: Laser Sensor not found!
09-12 15:33:25.704   862  1747 E mm-camera: <STATS_AIS ><ERROR> 617: sensor_native_thread_handler: Laser Sensor not found!
09-12 15:33:25.806   862  1716 I mm-camera: <STATS_AIS >< INFO> 757: sensor_native_thread_handler: camera session close, exit the thread; free obj
09-12 15:33:25.807   862  1747 I mm-camera: <STATS_AIS >< INFO> 757: sensor_native_thread_handler: camera session close, exit the thread; free obj
09-12 15:33:26.391   828   828 I ServiceManager: Waiting for service AtCmdFwd...
09-12 15:33:26.814   916   916 I MSM-irqbalance: Decided to move IRQ3 from CPU2 [P:0] to CPU5 [P:1] (banned)
09-12 15:33:26.815   916   916 I MSM-irqbalance: Decided to move IRQ3 from CPU1 [P:0] to CPU6 [P:1] (banned)
09-12 15:33:26.815   916   916 I MSM-irqbalance: Decided to move IRQ3 from CPU0 [P:0] to CPU4 [P:1] (banned)
09-12 15:33:26.816   916   916 I MSM-irqbalance: Decided to move IRQ3 from CPU3 [P:0] to CPU7 [P:1] (banned)
09-12 15:33:27.331  1764  1764 W art     : Long monitor contention with owner MountService (1876) at void com.android.server.pm.PackageManagerService.loadMediaPackages(android.util.ArrayMap, int[], boolean)(PackageManagerService.java:19485) waiters=0 in int com.android.server.pm.PackageManagerService.getPackageUid(java.lang.String, int, int) for 1.878s
09-12 15:33:27.331  1764  1775 W art     : Long monitor contention with owner MountService (1876) at void com.android.server.pm.PackageManagerService.loadMediaPackages(android.util.ArrayMap, int[], boolean)(PackageManagerService.java:19485) waiters=1 in java.lang.String[] com.android.server.pm.PackageManagerService.getPackagesForUid(int) for 1.762s
09-12 15:33:27.332  1764  1777 W art     : Long monitor contention with owner MountService (1876) at void com.android.server.pm.PackageManagerService.loadMediaPackages(android.util.ArrayMap, int[], boolean)(PackageManagerService.java:19485) waiters=2 in void com.android.server.pm.Settings$RuntimePermissionPersistence.writePermissionsSync(int) for 1.561s
09-12 15:33:27.332  1319  1349 E Sensors : No packages for calling UID
09-12 15:33:27.334  1319  1319 I slim_daemon: [SLIM] slim_ProviderConfigure: Updated available providers for service 0: 00000003.
09-12 15:33:27.334  1319  1319 I slim_daemon: [SLIM] slim_ProviderConfigure: Updated available providers for service 2: 00000003.
09-12 15:33:27.334  1319  1319 I slim_daemon: [SLIM] slim_ProviderConfigure: Updated available providers for service 13: 00000003.
09-12 15:33:27.334  1319  1319 I slim_daemon: [SLIM] slim_ProviderConfigure: Updated available providers for service 14: 00000003.
09-12 15:33:27.338  1764  1764 I SystemServiceManager: Starting com.android.server.DeviceIdleController
09-12 15:33:27.341  1764  1876 W MountService: No primary storage defined yet; hacking together a stub
09-12 15:33:27.342  1764  1876 W MountService: No primary storage defined yet; hacking together a stub
09-12 15:33:27.343  1764  1876 W MountService: No primary storage mounted!
09-12 15:33:27.343  1764  1876 D VoldConnector: SND -> {2 asec list}
09-12 15:33:27.345  1764  1877 D VoldConnector: RCV <- {200 2 asec operation succeeded}
09-12 15:33:27.347  1764  1764 I SystemServiceManager: Starting com.android.server.devicepolicy.DevicePolicyManagerService$Lifecycle
09-12 15:33:27.354  1764  1764 I SystemServer: StartStatusBarManagerService
09-12 15:33:27.357  1764  1764 I SystemServer: StartClipboardService
09-12 15:33:27.360  1764  1764 I SystemServer: StartNetworkManagementService
09-12 15:33:27.364  1764  1881 I NetworkManagement: onDaemonConnected()
09-12 15:33:27.368  1764  1764 I SystemServiceManager: Starting com.android.server.TextServicesManagerService$Lifecycle
09-12 15:33:27.372  1764  1764 W TextServicesManagerService: no available spell checker services found
09-12 15:33:27.373  1764  1764 I SystemServer: StartNetworkScoreService
09-12 15:33:27.375  1764  1764 I SystemServer: StartNetworkStatsService
09-12 15:33:27.383  1764  1764 I SystemServer: StartNetworkPolicyManagerService
09-12 15:33:27.388  1764  1764 I SystemServer: No Wi-Fi NAN Service (NAN support Not Present)
09-12 15:33:27.388  1764  1764 I SystemServiceManager: Starting com.android.server.wifi.p2p.WifiP2pService
09-12 15:33:27.391   828   828 I ServiceManager: Waiting for service AtCmdFwd...
09-12 15:33:27.429  1764  1764 I WifiP2pService: Registering wifip2p
09-12 15:33:27.430  1764  1764 I SystemServiceManager: Starting com.android.server.wifi.WifiService
09-12 15:33:27.486  1764  1764 D WifiStateMachine: fst disabled
09-12 15:33:27.488  1764  1764 D HS20    : Passpoint is enabled, false
09-12 15:33:27.511  1764  1888 E IpManager.wlan0: Failed to disable IPv6java.lang.IllegalStateException: command '1 interface ipv6 wlan0 disable' failed with '400 1 Failed to change IPv6 state (No such file or directory)'
09-12 15:33:27.513   808  1574 D CommandListener: Clearing all IP addresses on wlan0
09-12 15:33:27.714  1764  1887 D WifiHW  : Unable to unload driver module "wlan": No such file or directory
09-12 15:33:27.714  1764  1764 W art     : Long monitor contention with owner WifiStateMachine (1887) at boolean com.android.server.wifi.WifiNative.unloadDriverNative()(WifiNative.java:-2) waiters=0 in java.lang.String com.android.server.wifi.WifiNative.doStringCommand(java.lang.String) for 198ms
09-12 15:33:27.715  1764  1764 E WifiLogger: no ring buffers found
09-12 15:33:27.715  1764  1764 E WifiLogger: Failed to start packet fate monitoring
09-12 15:33:27.715  1764  1887 D WifiApConfigStore: 2G band allowed channels are:1,6,11
09-12 15:33:27.721  1764  1764 D WifiController: isAirplaneModeOn = false, isWifiEnabled = true, isScanningAvailable = true
09-12 15:33:27.726  1764  1764 E WifiService: ensureConcurrencyFile template file doesnt existjava.io.FileNotFoundException: /etc/wifi/wifi_concurrency_cfg.txt (No such file or directory)
09-12 15:33:27.726  1764  1764 I WifiService: Registering wifi
09-12 15:33:27.727  1764  1764 I SystemServiceManager: Starting com.android.server.wifi.scanner.WifiScanningService
09-12 15:33:27.728  1764  1764 I WifiScanningService: Creating wifiscanner
09-12 15:33:27.729  1764  1764 I WifiScanningService: Publishing wifiscanner
09-12 15:33:27.731  1764  1764 I SystemServiceManager: Starting com.android.server.wifi.RttService
09-12 15:33:27.731  1764  1764 I RttService: Creating rttmanager
09-12 15:33:27.732  1764  1764 I RttService: Starting rttmanager
09-12 15:33:27.733  1764  1764 I SystemServer: StartConnectivityService
09-12 15:33:27.758  1764  1764 D ConnectivityService: ConnectivityService starting up
09-12 15:33:27.764  1764  1764 D ConnectivityService: wifiOnly=false
09-12 15:33:27.766  1764  1764 E ConnectivityService: Ignoring protectedNetwork 14
09-12 15:33:27.797  1764  1764 I SystemServer: StartNsdService
09-12 15:33:27.802  1764  1764 I SystemServer: StartUpdateLockService
09-12 15:33:27.805  1764  1764 I SystemServiceManager: Starting com.android.server.RecoverySystemService
09-12 15:33:27.807  1764  1764 I SystemServiceManager: Starting com.android.server.notification.NotificationManagerService
09-12 15:33:27.826  1764  1764 D ConditionProviders.SCP: new ScheduleConditionProvider()
09-12 15:33:27.848  1764  1764 D ZenLog  : config: readXml,ZenModeConfig[user=0,allowCalls=true,allowRepeatCallers=false,allowMessages=false,allowCallsFrom=contacts,allowMessagesFrom=contacts,allowReminders=true,allowEvents=true,allowWhenScreenOff=true,allowWhenScreenOn=true,automaticRules={8ddc34665c7a4cecbdb94de42eeb9919=ZenRule[enabled=false,snoozing=false,name=Event,zenMode=ZEN_MODE_ALARMS,conditionId=condition://android/event?userId=-10000&calendar=&reply=1,condition=Condition[id=condition://android/event?userId=-10000&calendar=&reply=1,summary=...,line1=...,line2=...,icon=0,state=STATE_FALSE,flags=2],component=ComponentInfo{android/com.android.server.notification.EventConditionProvider},id=8ddc34665c7a4cecbdb94de42eeb9919,creationTime=278835,enabler=null], 054c31648d394fce9e0ec0b57c8d5a94=ZenRule[enabled=false,snoozing=false,name=Weeknight,zenMode=ZEN_MODE_ALARMS,conditionId=condition://android/schedule?days=1.2.3.4.5&start=22.0&end=7.0&exitAtAlarm=false,condition=Condition[id=condition://android/schedule?days=1.2.3.4.5&start=22.0&end=7.0&exitAtAlarm=false,summary=...,line1=...,line2=...,icon=0,state=STATE_FALSE,flags=2],component=ComponentInfo{android/com.android.server.notification.ScheduleConditionProvider},id=054c31648d394fce9e0ec0b57c8d5a94,creationTime=278832,enabler=null], 5315e0b057104dfb8d13bf5c387ad042=ZenRule[enabled=false,snoozing=false,name=Weekend,zenMode=ZEN_MODE_ALARMS,conditionId=condition://android/schedule?days=6.7&start=23.30&end=10.0&exitAtAlarm=false,condition=Condition[id=condition://android/schedule?days=6.7&start=23.30&end=10.0&exitAtAlarm=false,summary=...,line1=...,line2=...,icon=0,state=STATE_FALSE,flags=2],component=ComponentInfo{android/com.android.server.notification.ScheduleConditionProvider},id=5315e0b057104dfb8d13bf5c387ad042,creationTime=278833,enabler=null]},manualRule=null],Diff[automaticRule[8ddc34665c7a4cecbdb94de42eeb9919]:insert,automaticRule[054c31648d394fce9e0ec0b57c8d5a94]:insert,automaticRule[415de80ac1964105b66ffc07e235b4fe]:delete,automaticRule[5315e0b057104dfb8d13bf5c387ad042]:insert,automaticRule[39009a866c3b4400998f5fb29b39d91c]:delete,automaticRule[dec707011bd64098b10f89def6d430ff]:delete]
09-12 15:33:28.055  1764  1764 D ZenLog  : set_zen_mode: off,init
09-12 15:33:28.061  1764  1764 I SystemServiceManager: Starting com.android.server.storage.DeviceStorageMonitorService
09-12 15:33:28.065  1764  1764 I SystemServer: StartLocationManagerService
09-12 15:33:28.069  1764  1764 I SystemServer: StartCountryDetectorService
09-12 15:33:28.070  1764  1764 I SystemServer: StartSearchManagerService
09-12 15:33:28.070  1764  1764 I SystemServiceManager: Starting com.android.server.search.SearchManagerService$Lifecycle
09-12 15:33:28.075  1764  1764 I SystemServiceManager: Starting com.android.server.DropBoxManagerService
09-12 15:33:28.077  1764  1764 I SystemServer: StartWallpaperManagerService
09-12 15:33:28.078  1764  1764 I SystemServiceManager: Starting com.android.server.wallpaper.WallpaperManagerService$Lifecycle
09-12 15:33:28.083  1764  1764 E BitmapFactory: Unable to decode stream: java.io.FileNotFoundException: /data/system/users/0/wallpaper_orig (No such file or directory)
09-12 15:33:28.083  1764  1764 E WallpaperManagerService: Invalid wallpaper data
09-12 15:33:28.083  1764  1764 E WallpaperManagerService: Unable to apply new wallpaper
09-12 15:33:28.092  1764  1764 I SystemServer: StartAudioService
09-12 15:33:28.093  1764  1764 I SystemServiceManager: Starting com.android.server.audio.AudioService$Lifecycle
09-12 15:33:28.100   773  1407 D PermissionCache: checking android.permission.MODIFY_AUDIO_SETTINGS for uid=1000 => granted (997 us)
09-12 15:33:28.100   773  1407 D AudioPolicyManagerCustom: setForceUse() usage 4, config 11, mPhoneState 0
09-12 15:33:28.103  1764  1764 W TelecomManager: Telecom Service not found.
09-12 15:33:28.104   773   773 D AudioPolicyManagerCustom: setForceUse() usage 3, config 8, mPhoneState 0
09-12 15:33:28.105   773  1899 D AudioPolicyManagerCustom: setForceUse() usage 6, config 0, mPhoneState 0
09-12 15:33:28.109  1764  1879 E BatteryStatsService: power: Missing API
09-12 15:33:28.110   773  1305 W AudioFlinger: no wake lock to update, system not ready yet
09-12 15:33:28.110   773  1308 W AudioFlinger: no wake lock to update, system not ready yet
09-12 15:33:28.110   773  1310 W AudioFlinger: no wake lock to update, system not ready yet
09-12 15:33:28.110   773  1307 W AudioFlinger: no wake lock to update, system not ready yet
09-12 15:33:28.111   746   746 I CNSS    : cnss_open_log_file: create directory /sdcard/wlan_logs/ ret = -1 errno= 2
09-12 15:33:28.111   773  1407 D audio_hw_primary: adev_set_mic_mute state 0
09-12 15:33:28.196  1764  1764 I SystemServiceManager: Starting com.android.server.DockObserver
09-12 15:33:28.197  1764  1764 W DockObserver: This kernel does not have dock station support
09-12 15:33:28.199  1764  1764 I SystemServer: StartWiredAccessoryManager
09-12 15:33:28.201  1764  1764 W WiredAccessoryManager: This kernel does not have usb audio support
09-12 15:33:28.202  1764  1764 W WiredAccessoryManager: This kernel does not have HDMI audio support
09-12 15:33:28.202  1764  1764 I SystemServiceManager: Starting com.android.server.midi.MidiService$Lifecycle
09-12 15:33:28.205  1764  1764 I SystemServiceManager: Starting com.android.server.usb.UsbService$Lifecycle
09-12 15:33:28.212  1764  1764 I UsbDeviceManager: UsbHandler persisted: diag,serial_smd,rmnet_ipa,adb  usbDataUnlocked: false
09-12 15:33:28.222  1764  1764 I SystemServer: StartSerialService
09-12 15:33:28.224  1764  1764 E HardwarePropertiesManagerService-JNI: Couldn't load thermal module (No such file or directory)
09-12 15:33:28.225  1764  1764 I SystemServiceManager: Starting com.android.server.twilight.TwilightService
09-12 15:33:28.227  1764  1764 I SystemServiceManager: Starting com.android.server.job.JobSchedulerService
09-12 15:33:28.230  1764  1764 D JobStore: Start tag: job-info
09-12 15:33:28.240  1764  1764 W JobStore: Periodic job for uid='10084' persisted run-time is too big [00:43, 2562047788015:12:55]. Clamping to [24:00:43,48:00:43]
09-12 15:33:28.251  1764  1764 I SystemServiceManager: Starting com.android.server.soundtrigger.SoundTriggerService
09-12 15:33:28.253  1764  1764 I SystemServiceManager: Starting com.android.server.backup.BackupManagerService$Lifecycle
09-12 15:33:28.256  1764  1764 I SystemServiceManager: Starting com.android.server.appwidget.AppWidgetService
09-12 15:33:28.270  1764  1764 I SystemServiceManager: Starting com.android.server.voiceinteraction.VoiceInteractionManagerService
09-12 15:33:28.273  1764  1764 I SystemServer: Gesture Launcher Service
09-12 15:33:28.273  1764  1764 I SystemServiceManager: Starting com.android.server.GestureLauncherService
09-12 15:33:28.274  1764  1764 I SystemServiceManager: Starting com.android.server.SensorNotificationService
09-12 15:33:28.274  1764  1764 I SystemServiceManager: Starting com.android.server.ContextHubSystemService
09-12 15:33:28.276  1764  1764 E ContextHubService: ** Could not load context_hub module : err No such file or directory
09-12 15:33:28.276  1764  1764 W ContextHubService: No Context Hub Module present
09-12 15:33:28.276  1764  1764 I SystemServer: StartDiskStatsService
09-12 15:33:28.283  1764  1764 I SystemServer: StartSamplingProfilerService
09-12 15:33:28.295  1764  1764 I SystemServer: StartNetworkTimeUpdateService
09-12 15:33:28.297  1764  1764 I SystemServer: StartCommonTimeManagementService
09-12 15:33:28.298  1764  1764 I SystemServer: CertBlacklister
09-12 15:33:28.301  1764  1764 I SystemServiceManager: Starting com.android.server.emergency.EmergencyAffordanceService
09-12 15:33:28.302  1764  1764 I SystemServiceManager: Starting com.android.server.dreams.DreamManagerService
09-12 15:33:28.305  1764  1764 I SystemServer: StartAssetAtlasService
09-12 15:33:28.320  1764  1764 I SystemServiceManager: Starting com.android.server.print.PrintManagerService
09-12 15:33:28.321  1764  1902 D AssetAtlas: Loaded configuration: SliceMinArea (1280x896) flags=0x2 count=91
09-12 15:33:28.326  1764  1764 I SystemServiceManager: Starting com.android.server.restrictions.RestrictionsManagerService
09-12 15:33:28.328  1764  1764 I SystemServiceManager: Starting com.android.server.media.MediaSessionService
09-12 15:33:28.334  1764  1764 I SystemServer: StartMediaRouterService
09-12 15:33:28.337  1764  1764 I SystemServiceManager: Starting com.android.server.trust.TrustManagerService
09-12 15:33:28.340  1764  1764 I SystemServiceManager: Starting com.android.server.fingerprint.FingerprintService
09-12 15:33:28.346   883   883 D PermissionCache: checking android.permission.MANAGE_FINGERPRINT for uid=1000 => granted (878 us)
09-12 15:33:28.347   883   883 V fingerprintd: nativeOpenHal()
09-12 15:33:28.347   883   883 D fingerprintd: SLCODE-OpenHal, PROPERTY_VALUE_MAX=92,
09-12 15:33:28.347   883   883 D fingerprintd: SLCODE-OpenHal, FINGERPRINT_HARDWARE_MODULE_ID=fingerprint,
09-12 15:33:28.347   883   883 E fingerprintd: SLCODE-openHal, fpModuleName: fingerprint,
09-12 15:33:28.355  1764  1902 I Adreno  : QUALCOMM build                   : dd15ef5, Ic280a69317
09-12 15:33:28.355  1764  1902 I Adreno  : Build Date                       : 05/09/17
09-12 15:33:28.355  1764  1902 I Adreno  : OpenGL ES Shader Compiler Version: XE031.09.00.04
09-12 15:33:28.355  1764  1902 I Adreno  : Local Branch                     : 
09-12 15:33:28.355  1764  1902 I Adreno  : Remote Branch                    : quic/gfx-adreno.lnx.1.0.r5-rel
09-12 15:33:28.355  1764  1902 I Adreno  : Remote Branch                    : NONE
09-12 15:33:28.355  1764  1902 I Adreno  : Reconstruct Branch               : NOTHING
09-12 15:33:28.363   883   883 V FingerprintHal: fingerprint_open
09-12 15:33:28.363   883   883 V FingerprintHal: getService g_servie is NULL
09-12 15:33:28.364   883   883 V FingerprintHal: getService succeed
09-12 15:33:28.365   872   872 D PermissionCache: checking android.permission.MANAGE_FINGERPRINT for uid=1000 => granted (1465 us)
09-12 15:33:28.366   872   872 V goodixfingerprintd: nativeOpenHal()
09-12 15:33:28.366   872   872 V [GF_HAL][gf_hal]: [gf_hal_open] enter
09-12 15:33:28.366   872   872 I [GF_HAL][gf_hal]: [gf_hal_open]
09-12 15:33:28.366   872   872 D [GF_HAL][gf_hal]: SOFT VERSION INFO
09-12 15:33:28.366   872   872 D [GF_HAL][gf_hal]:          TARGET_MODE=debug
09-12 15:33:28.366   872   872 D [GF_HAL][gf_hal]: PACKAGE_VERSION_CODE=1006
09-12 15:33:28.366   872   872 D [GF_HAL][gf_hal]: PACKAGE_VERSION_NAME=V1.0.06
09-12 15:33:28.366   872   872 D [GF_HAL][gf_hal]:           GIT_BRANCH=Qualcomm_Release
09-12 15:33:28.366   872   872 D [GF_HAL][gf_hal]:            COMMIT_ID=f12b26ab8b78c6ab39ba68a9c5007c97e7022a0c
09-12 15:33:28.366   872   872 D [GF_HAL][gf_hal]:           BUILD_TIME=2017.04.10_10:37:51
09-12 15:33:28.366   872   872 V [GF_HAL][gf_hal_device]: [gf_hal_device_open] enter
09-12 15:33:28.366   872   872 E [GF_HAL][gf_hal_device]: [gf_hal_device_open] Failed to open device (/dev/goodix_fp) g_fd=4294967295
09-12 15:33:28.366   872   872 D [GF_HAL][gf_queue]: [gf_queue_init]
09-12 15:33:28.366   872   872 E [GF_HAL][gf_hal_device]: [gf_hal_device_open] exit. err=GF_ERROR_OPEN_DEVICE_FAILED, errno=1014
09-12 15:33:28.366   872   872 E [GF_HAL][gf_hal]: [gf_hal_open] exit. err=GF_ERROR_OPEN_DEVICE_FAILED, errno=1014
09-12 15:33:28.366   883   883 E FingerprintHal: getService openHal failed!
09-12 15:33:28.366   883   883 E FingerprintHal: getService fails
09-12 15:33:28.366   883   883 E fingerprintd: Can't open fingerprint methods, error: -22
09-12 15:33:28.367  1764  1764 W FingerprintService: Failed to open Fingerprint HAL!
09-12 15:33:28.368  1764  1764 V FingerprintService: Fingerprint HAL id: 0
09-12 15:33:28.369  1764  1764 I SystemServer: StartBackgroundDexOptService
09-12 15:33:28.371  1764  1764 I SystemServiceManager: Starting com.android.server.pm.ShortcutService$Lifecycle
09-12 15:33:28.378  1764  1764 I SystemServiceManager: Starting com.android.server.pm.LauncherAppsService
09-12 15:33:28.381  1764  1764 I SystemServiceManager: Starting com.android.server.media.projection.MediaProjectionManagerService
09-12 15:33:28.384  1764  1902 D AssetAtlas: Rendered atlas in 55.49ms (25.80+29.69ms)
09-12 15:33:28.386  1764  1764 V MediaRouter: Adding route: RouteInfo{ name=Phone, description=null, status=null, category=RouteCategory{ name=null types=ROUTE_TYPE_LIVE_AUDIO ROUTE_TYPE_LIVE_VIDEO  groupable=false }, supportedTypes=ROUTE_TYPE_LIVE_AUDIO ROUTE_TYPE_LIVE_VIDEO , presentationDisplay=null }
09-12 15:33:28.389  1764  1764 V MediaRouter: Updating audio routes: AudioRoutesInfo{ type=SPEAKER }
09-12 15:33:28.390  1764  1764 V MediaRouter: Selecting route: RouteInfo{ name=Phone, description=null, status=null, category=RouteCategory{ name=null types=ROUTE_TYPE_LIVE_AUDIO ROUTE_TYPE_LIVE_VIDEO  groupable=false }, supportedTypes=ROUTE_TYPE_LIVE_AUDIO ROUTE_TYPE_LIVE_VIDEO , presentationDisplay=null }
09-12 15:33:28.392   828   828 I ServiceManager: Waiting for service AtCmdFwd...
09-12 15:33:28.393  1764  1764 I WindowManager: SAFE MODE not enabled
09-12 15:33:28.396  1764  1764 I SystemServiceManager: Starting com.android.server.MmsServiceBroker
09-12 15:33:28.437  1764  1764 E LockSettingsStorage: Cannot read file java.io.FileNotFoundException: /data/system/gatekeeper.password.key: open failed: ENOENT (No such file or directory)
09-12 15:33:28.438  1764  1764 E LockSettingsStorage: Cannot read file java.io.FileNotFoundException: /data/system/password.key: open failed: ENOENT (No such file or directory)
09-12 15:33:28.439  1764  1764 E LockSettingsStorage: Cannot read file java.io.FileNotFoundException: /data/system/gatekeeper.pattern.key: open failed: ENOENT (No such file or directory)
09-12 15:33:28.440  1764  1764 E LockSettingsStorage: Cannot read file java.io.FileNotFoundException: /data/system/gatekeeper.gesture.key: open failed: ENOENT (No such file or directory)
09-12 15:33:28.441  1764  1764 E LockSettingsStorage: Cannot read file java.io.FileNotFoundException: /data/system/gesture.key: open failed: ENOENT (No such file or directory)
09-12 15:33:28.441  1764  1764 I SystemServiceManager: Starting phase 480
09-12 15:33:28.457  1764  1764 I DevicePolicyManagerService: Set ro.device_owner property to false
09-12 15:33:28.463  1764  1764 I SystemServiceManager: Starting phase 500
09-12 15:33:28.471  1764  1764 D ConnectivityMetricsLoggerService: onBootPhase: PHASE_SYSTEM_SERVICES_READY
09-12 15:33:28.481  1764  1764 I WifiService: WifiService starting up with Wi-Fi enabled
09-12 15:33:28.485  1764  1764 D WifiService: setWifiEnabled: true pid=1764, uid=1000
09-12 15:33:28.486  1764  1764 I WifiScanningService: Starting wifiscanner
09-12 15:33:28.489  1764  1886 D WifiController: WifiController msg { when=0 what=155656 target=com.android.internal.util.StateMachine$SmHandler } deferred for 500ms
09-12 15:33:28.491  1764  1764 I RttService: Registering rttmanager
09-12 15:33:28.513  1764  1764 D ZenLog  : config: cleanUpZenRules,ZenModeConfig[user=0,allowCalls=true,allowRepeatCallers=false,allowMessages=false,allowCallsFrom=contacts,allowMessagesFrom=contacts,allowReminders=true,allowEvents=true,allowWhenScreenOff=true,allowWhenScreenOn=true,automaticRules={8ddc34665c7a4cecbdb94de42eeb9919=ZenRule[enabled=false,snoozing=false,name=Event,zenMode=ZEN_MODE_ALARMS,conditionId=condition://android/event?userId=-10000&calendar=&reply=1,condition=Condition[id=condition://android/event?userId=-10000&calendar=&reply=1,summary=...,line1=...,line2=...,icon=0,state=STATE_FALSE,flags=2],component=ComponentInfo{android/com.android.server.notification.EventConditionProvider},id=8ddc34665c7a4cecbdb94de42eeb9919,creationTime=278835,enabler=null], 054c31648d394fce9e0ec0b57c8d5a94=ZenRule[enabled=false,snoozing=false,name=Weeknight,zenMode=ZEN_MODE_ALARMS,conditionId=condition://android/schedule?days=1.2.3.4.5&start=22.0&end=7.0&exitAtAlarm=false,condition=Condition[id=condition://android/schedule?days=1.2.3.4.5&start=22.0&end=7.0&exitAtAlarm=false,summary=...,line1=...,line2=...,icon=0,state=STATE_FALSE,flags=2],component=ComponentInfo{android/com.android.server.notification.ScheduleConditionProvider},id=054c31648d394fce9e0ec0b57c8d5a94,creationTime=278832,enabler=null], 5315e0b057104dfb8d13bf5c387ad042=ZenRule[enabled=false,snoozing=false,name=Weekend,zenMode=ZEN_MODE_ALARMS,conditionId=condition://android/schedule?days=6.7&start=23.30&end=10.0&exitAtAlarm=false,condition=Condition[id=condition://android/schedule?days=6.7&start=23.30&end=10.0&exitAtAlarm=false,summary=...,line1=...,line2=...,icon=0,state=STATE_FALSE,flags=2],component=ComponentInfo{android/com.android.server.notification.ScheduleConditionProvider},id=5315e0b057104dfb8d13bf5c387ad042,creationTime=278833,enabler=null]},manualRule=null],Diff[]
09-12 15:33:28.515  1764  1764 D ZenLog  : set_zen_mode: off,onSystemReady
09-12 15:33:28.520   773  1899 D PermissionCache: checking android.permission.CAPTURE_AUDIO_HOTWORD for uid=1000 => granted (262 us)
09-12 15:33:28.521  1764  1764 D ContextHubSystemService: onBootPhase: PHASE_SYSTEM_SERVICES_READY
09-12 15:33:28.603  1764  1764 V BoostFramework: mAcquireFunc method = public int com.qualcomm.qti.Performance.perfLockAcquire(int,int[])
09-12 15:33:28.604  1764  1764 V BoostFramework: mReleaseFunc method = public int com.qualcomm.qti.Performance.perfLockRelease()
09-12 15:33:28.604  1764  1764 V BoostFramework: mAcquireTouchFunc method = public int com.qualcomm.qti.Performance.perfLockAcquireTouch(android.view.MotionEvent,android.util.DisplayMetrics,int,int[])
09-12 15:33:28.604  1764  1764 V BoostFramework: mIOPStart method = public int com.qualcomm.qti.Performance.perfIOPrefetchStart(int,java.lang.String)
09-12 15:33:28.605  1764  1764 V BoostFramework: mIOPStop method = public int com.qualcomm.qti.Performance.perfIOPrefetchStop()
09-12 15:33:28.608  1764  1764 V BoostFramework: BoostFramework() : mPerf = com.qualcomm.qti.Performance@88e73dd
09-12 15:33:28.608  1764  1764 V BoostFramework: BoostFramework() : mPerf = com.qualcomm.qti.Performance@5e2db52
09-12 15:33:28.609  1764  1764 W WindowManager:  SLCODE computeScreenConfigurationLocked, the hard device name is: msm8953-snd-card-mtp Button Jack
09-12 15:33:28.609  1764  1764 W WindowManager:  SLCODE computeScreenConfigurationLocked, the hard device name is: msm8953-snd-card-mtp Headset Jack
09-12 15:33:28.609  1764  1764 W WindowManager:  SLCODE computeScreenConfigurationLocked, the hard device name is: hbtp_vm
09-12 15:33:28.609  1764  1764 W WindowManager:  SLCODE computeScreenConfigurationLocked, the hard device name is: qpnp_pon
09-12 15:33:28.609  1764  1764 W WindowManager:  SLCODE computeScreenConfigurationLocked, the hard device name is: gpio-keys
09-12 15:33:28.610  1764  1764 W WindowManager:  SLCODE computeScreenConfigurationLocked, the hard device name is: ft5435_ts
09-12 15:33:28.634  1764  1764 D PowerManagerService: getScreenOffTimeoutLocked:  isTestFlag = false
09-12 15:33:28.638  1764  1787 W KeyguardServiceDelegate: onScreenTurningOn(): no keyguard service!
09-12 15:33:28.641  1764  1764 V UserManagerService: Found /data/user_de/0 with serial number 0
09-12 15:33:28.642  1764  1764 V UserManagerService: Found /data/user/0 with serial number 0
09-12 15:33:28.642  1764  1764 V UserManagerService: Found /data/system_de/0 with serial number 0
09-12 15:33:28.642  1764  1764 V UserManagerService: Found /data/system_ce/0 with serial number 0
09-12 15:33:28.653  1764  1764 I ActivityManager: System now ready
09-12 15:33:28.660  1764  1764 I SystemServer: Making services ready
09-12 15:33:28.660  1764  1764 I SystemServiceManager: Starting phase 550
09-12 15:33:28.715  1764  1764 D BluetoothManagerService: Bluetooth boot completed
09-12 15:33:28.715  1764  1764 E InputMethodManagerService: Ignoring updateSystemUiLocked due to an invalid token. uid:1000 token:null
09-12 15:33:28.758   744   744 D WLAN_PSA: NL BCAST MSG KDriver Not ready yet : KNLREADY
09-12 15:33:28.758   744   744 D WLAN_PSA: NL BCAST MSG Received, Kernel ready, connect LN
09-12 15:33:28.761   744   744 D WLAN_PSA: Register APP Socket to kernel
09-12 15:33:28.888  1764  1783 D IpManager.wlan0: interfaceAdded(wlan0)
09-12 15:33:28.901   820   820 I cnss-daemon: wlan_service_rps_enable /sys/class/net/wlan0/queues/rx-0/rps_cpus queue 0 map 0xf0
09-12 15:33:28.901   820   820 I cnss-daemon: wlan_service_rps_enable /sys/class/net/wlan0/queues/rx-1/rps_cpus queue 1 map 0xf0
09-12 15:33:28.902   820   820 I cnss-daemon: wlan_service_rps_enable /sys/class/net/wlan0/queues/rx-2/rps_cpus queue 2 map 0xf0
09-12 15:33:28.902   820   820 I cnss-daemon: wlan_service_rps_enable /sys/class/net/wlan0/queues/rx-3/rps_cpus queue 3 map 0xf0
09-12 15:33:28.902   820   820 I cnss-daemon: wlan_service_rps_enable /sys/class/net/wlan0/queues/rx-4/rps_cpus queue 4 map 0xf0
09-12 15:33:28.902   820   820 E cnss-daemon: wlan_service_rps_enable: unable to open /sys/class/net/wlan0/queues/rx-5/rps_cpus
09-12 15:33:28.903   820   820 I cnss-daemon: wlan_service_rps_enable /sys/class/net/p2p0/queues/rx-0/rps_cpus queue 0 map 0xf0
09-12 15:33:28.903   820   820 I cnss-daemon: wlan_service_rps_enable /sys/class/net/p2p0/queues/rx-1/rps_cpus queue 1 map 0xf0
09-12 15:33:28.903   820   820 I cnss-daemon: wlan_service_rps_enable /sys/class/net/p2p0/queues/rx-2/rps_cpus queue 2 map 0xf0
09-12 15:33:28.903   820   820 I cnss-daemon: wlan_service_rps_enable /sys/class/net/p2p0/queues/rx-3/rps_cpus queue 3 map 0xf0
09-12 15:33:28.903   820   820 I cnss-daemon: wlan_service_rps_enable /sys/class/net/p2p0/queues/rx-4/rps_cpus queue 4 map 0xf0
09-12 15:33:28.903   820   820 E cnss-daemon: wlan_service_rps_enable: unable to open /sys/class/net/p2p0/queues/rx-5/rps_cpus
09-12 15:33:28.904   808  1574 D SoftapController: Softap fwReload - Ok
09-12 15:33:28.916   808  1574 D CommandListener: Setting iface cfg
09-12 15:33:28.916   808  1574 D CommandListener: Trying to bring down wlan0
09-12 15:33:28.920   808  1574 D CommandListener: Clearing all IP addresses on wlan0
09-12 15:33:28.932  1764  1887 E WifiMonitor: killSupplicant p2ptrue init.svc.wpa_supplicant=unknown init.svc.p2p_supplicant=unknown
09-12 15:33:28.937  1764  1764 I Zygote  : Process: zygote socket opened, supported ABIS: arm64-v8a
09-12 15:33:28.962  1764  1764 I ActivityManager: Start proc 1916:com.google.android.inputmethod.latin/u0a67 for service com.google.android.inputmethod.latin/com.android.inputmethod.latin.LatinIME
09-12 15:33:28.962  1764  1764 V InputMethodManagerService: Adding window token: android.os.Binder@cd02a3c
09-12 15:33:28.963  1764  1876 D MountService: Thinking about init, mSystemReady=true, mDaemonConnected=true
09-12 15:33:28.963  1764  1876 D MountService: Setting up emulation state, initlocked=false
09-12 15:33:28.964  1764  1876 D CryptdConnector: SND -> {2 cryptfs unlock_user_key 0 0 ! !}
09-12 15:33:28.964  1764  1764 W TextServicesManagerService: no available spell checker services found
09-12 15:33:28.964  1764  1764 E BitmapFactory: Unable to decode stream: java.io.FileNotFoundException: /data/system/users/0/wallpaper_orig (No such file or directory)
09-12 15:33:28.964  1764  1764 E WallpaperManagerService: Invalid wallpaper data
09-12 15:33:28.964  1764  1764 E WallpaperManagerService: Unable to apply new wallpaper
09-12 15:33:28.966   446   452 D vold    : e4crypt_unlock_user_key 0 serial=0 token_present=0
09-12 15:33:28.966  1764  1878 D CryptdConnector: RCV <- {200 2 Command succeeded}
09-12 15:33:28.969  1764  1876 D MountService: Thinking about reset, mSystemReady=true, mDaemonConnected=true
09-12 15:33:28.970  1764  1876 D VoldConnector: SND -> {3 volume reset}
09-12 15:33:28.972  1764  1877 D VoldConnector: RCV <- {651 emulated 7}
09-12 15:33:28.975  1764  1877 D VoldConnector: RCV <- {659 emulated}
09-12 15:33:28.977  1764  1877 D VoldConnector: RCV <- {650 emulated 2 "" ""}
09-12 15:33:28.979  1764  1877 D VoldConnector: RCV <- {651 emulated 0}
09-12 15:33:28.981  1764  1877 D VoldConnector: RCV <- {200 3 Command succeeded}
09-12 15:33:28.983  1764  1876 D VoldConnector: SND -> {4 volume user_added 0 0}
09-12 15:33:28.985  1764  1783 V MountService: Found primary storage at VolumeInfo{emulated}:
09-12 15:33:28.985  1764  1783 V MountService:     type=EMULATED diskId=null partGuid=null mountFlags=0 mountUserId=-1 
09-12 15:33:28.985  1764  1783 V MountService:     state=UNMOUNTED 
09-12 15:33:28.985  1764  1783 V MountService:     fsType=null fsUuid=null fsLabel=null 
09-12 15:33:28.985  1764  1783 V MountService:     path=null internalPath=null 
09-12 15:33:28.986  1764  1877 D VoldConnector: RCV <- {200 4 Command succeeded}
09-12 15:33:28.995  1764  1886 D WifiController: DEFERRED_TOGGLE handled
09-12 15:33:28.998  1764  1764 I ActivityManager: Start proc 1930:com.android.systemui/u0a33 for service com.android.systemui/.ImageWallpaper
09-12 15:33:28.999  1764  1778 I ActivityManager: Force stopping com.android.providers.media appid=10011 user=-1: vold reset
09-12 15:33:29.011  1764  1876 D VoldConnector: SND -> {5 volume mount emulated 3 -1}
09-12 15:33:29.012  1764  1772 W JavaBinder: BinderProxy is being destroyed but the application did not call unlinkToDeath to unlink all of its death recipients beforehand.  Releasing leaked death recipient: com.android.server.fingerprint.FingerprintService
09-12 15:33:29.013   773   773 D audio_hw_primary: adev_set_parameters: enter: A2dpSuspended=false
09-12 15:33:29.013   773   773 D msm8916_platform: platform_set_parameters:mic_ret: -2
09-12 15:33:29.014   773   773 D audio_hw_extn: audio_extn_set_anc_parameters: anc_enabled:0
09-12 15:33:29.014   773   773 D audio_hw_spkr_prot: audio_extn_fbsp_set_parameters: Speaker protection disabled
09-12 15:33:29.014  1764  1877 D VoldConnector: RCV <- {651 emulated 1}
09-12 15:33:29.016  1764  1877 D VoldConnector: RCV <- {656 emulated /data/media}
09-12 15:33:29.018  1764  1877 D VoldConnector: RCV <- {655 emulated /storage/emulated}
09-12 15:33:29.018  1764  1764 D UsbAlsaManager: Adding ALSA device AlsaDevice: [card: 0, device: 37, type: 2]
09-12 15:33:29.018  1764  1764 D UsbAlsaManager: Adding ALSA device AlsaDevice: [card: 0, device: 37, type: 1]
09-12 15:33:29.019  1764  1764 D UsbAlsaManager: Adding ALSA device AlsaDevice: [card: 0, device: 36, type: 2]
09-12 15:33:29.019  1764  1764 D UsbAlsaManager: Adding ALSA device AlsaDevice: [card: 0, device: 36, type: 1]
09-12 15:33:29.019  1764  1764 D UsbAlsaManager: Adding ALSA device AlsaDevice: [card: 0, device: 35, type: 2]
09-12 15:33:29.019   446   451 V vold    : Waiting for FUSE to spin up...
09-12 15:33:29.019  1764  1764 D UsbAlsaManager: Adding ALSA device AlsaDevice: [card: 0, device: 35, type: 1]
09-12 15:33:29.020  1764  1764 D UsbAlsaManager: Adding ALSA device AlsaDevice: [card: 0, device: 34, type: 2]
09-12 15:33:29.020  1764  1764 D UsbAlsaManager: Adding ALSA device AlsaDevice: [card: 0, device: 34, type: 1]
09-12 15:33:29.020  1764  1764 D UsbAlsaManager: Adding ALSA device AlsaDevice: [card: 0, device: 26, type: 2]
09-12 15:33:29.020  1764  1764 D UsbAlsaManager: Adding ALSA device AlsaDevice: [card: 0, device: 25, type: 1]
09-12 15:33:29.020  1764  1764 D UsbAlsaManager: Adding ALSA device AlsaDevice: [card: 0, device: 23, type: 2]
09-12 15:33:29.021  1764  1764 D UsbAlsaManager: Adding ALSA device AlsaDevice: [card: 0, device: 22, type: 2]
09-12 15:33:29.021  1764  1764 D UsbAlsaManager: Adding ALSA device AlsaDevice: [card: 0, device: 21, type: 2]
09-12 15:33:29.021  1764  1764 D UsbAlsaManager: Adding ALSA device AlsaDevice: [card: 0, device: 20, type: 2]
09-12 15:33:29.022  1764  1764 D UsbAlsaManager: Adding ALSA device AlsaDevice: [card: 0, device: 19, type: 2]
09-12 15:33:29.022  1764  1764 D UsbAlsaManager: Adding ALSA device AlsaDevice: [card: 0, device: 18, type: 2]
09-12 15:33:29.022  1764  1764 D UsbAlsaManager: Adding ALSA device AlsaDevice: [card: 0, device: 18, type: 1]
09-12 15:33:29.022  1764  1764 D UsbAlsaManager: Adding ALSA device AlsaDevice: [card: 0, device: 17, type: 2]
09-12 15:33:29.022  1764  1764 D UsbAlsaManager: Adding ALSA device AlsaDevice: [card: 0, device: 17, type: 1]
09-12 15:33:29.023  1764  1764 D UsbAlsaManager: Adding ALSA device AlsaDevice: [card: 0, device: 16, type: 2]
09-12 15:33:29.023  1764  1764 D UsbAlsaManager: Adding ALSA device AlsaDevice: [card: 0, device: 16, type: 1]
09-12 15:33:29.023  1764  1764 D UsbAlsaManager: Adding ALSA device AlsaDevice: [card: 0, device: 15, type: 2]
09-12 15:33:29.023  1764  1764 D UsbAlsaManager: Adding ALSA device AlsaDevice: [card: 0, device: 15, type: 1]
09-12 15:33:29.024  1764  1764 D UsbAlsaManager: Adding ALSA device AlsaDevice: [card: 0, device: 14, type: 2]
09-12 15:33:29.024  1764  1764 D UsbAlsaManager: Adding ALSA device AlsaDevice: [card: 0, device: 14, type: 1]
09-12 15:33:29.024  1764  1764 D UsbAlsaManager: Adding ALSA device AlsaDevice: [card: 0, device: 13, type: 2]
09-12 15:33:29.024  1764  1764 D UsbAlsaManager: Adding ALSA device AlsaDevice: [card: 0, device: 13, type: 1]
09-12 15:33:29.025  1764  1764 D UsbAlsaManager: Adding ALSA device AlsaDevice: [card: 0, device: 12, type: 2]
09-12 15:33:29.025  1764  1764 D UsbAlsaManager: Adding ALSA device AlsaDevice: [card: 0, device: 12, type: 1]
09-12 15:33:29.025  1764  1764 D UsbAlsaManager: Adding ALSA device AlsaDevice: [card: 0, device: 11, type: 2]
09-12 15:33:29.025  1764  1764 D UsbAlsaManager: Adding ALSA device AlsaDevice: [card: 0, device: 10, type: 2]
09-12 15:33:29.026  1764  1764 D UsbAlsaManager: Adding ALSA device AlsaDevice: [card: 0, device: 10, type: 1]
09-12 15:33:29.026  1764  1764 D UsbAlsaManager: Adding ALSA device AlsaDevice: [card: 0, device: 8, type: 2]
09-12 15:33:29.026  1764  1764 D UsbAlsaManager: Adding ALSA device AlsaDevice: [card: 0, device: 7, type: 1]
09-12 15:33:29.026  1764  1764 D UsbAlsaManager: Adding ALSA device AlsaDevice: [card: 0, device: 6, type: 2]
09-12 15:33:29.026  1764  1764 D UsbAlsaManager: Adding ALSA device AlsaDevice: [card: 0, device: 5, type: 1]
09-12 15:33:29.027  1764  1764 D UsbAlsaManager: Adding ALSA device AlsaDevice: [card: 0, device: 4, type: 1]
09-12 15:33:29.027  1764  1764 D UsbAlsaManager: Adding ALSA device AlsaDevice: [card: 0, device: 3, type: 2]
09-12 15:33:29.027  1764  1764 D UsbAlsaManager: Adding ALSA device AlsaDevice: [card: 0, device: 3, type: 1]
09-12 15:33:29.027  1764  1764 D UsbAlsaManager: Adding ALSA device AlsaDevice: [card: 0, device: 2, type: 2]
09-12 15:33:29.028  1764  1764 D UsbAlsaManager: Adding ALSA device AlsaDevice: [card: 0, device: 2, type: 1]
09-12 15:33:29.028  1764  1764 D UsbAlsaManager: Adding ALSA device AlsaDevice: [card: 0, device: 1, type: 2]
09-12 15:33:29.028  1764  1764 D UsbAlsaManager: Adding ALSA device AlsaDevice: [card: 0, device: 1, type: 1]
09-12 15:33:29.029  1764  1764 D UsbAlsaManager: Adding ALSA device AlsaDevice: [card: 0, device: 0, type: 2]
09-12 15:33:29.029  1764  1764 D UsbAlsaManager: Adding ALSA device AlsaDevice: [card: 0, device: 0, type: 1]
09-12 15:33:29.033  1764  1764 I SystemServer: WebViewFactory preparation
09-12 15:33:29.037  1764  1887 D wifi    : set interface wlan0 flags (UP)
09-12 15:33:29.037  1764  1887 I WifiHAL : Initializing wifi
09-12 15:33:29.037  1944  1944 W sdcard  : Device explicitly disabled sdcardfs
09-12 15:33:29.041  1764  1887 E WifiHAL : get_firmware_bus_max_size_supported: requestResponse Error:-95
09-12 15:33:29.041  1764  1887 E WifiHAL : Failed to get supported bus size, error : -95
09-12 15:33:29.041  1764  1887 D wifi    : Did set static halHandle = 0x7f9764bb00
09-12 15:33:29.042  1764  1887 D wifi    : halHandle = 0x7f9764bb00, mVM = 0x7fb08e8000, mCls = 0x1008ca
09-12 15:33:29.042  1764  1887 D wifi    : array field set
09-12 15:33:29.042   773  1407 I AudioFlinger: systemReady
09-12 15:33:29.043  1764  1948 I WifiNative-HAL: Waiting for HAL events mWifiHalHandle=548000807680
09-12 15:33:29.043  1764  1948 D wifi    : waitForHalEvents called, vm = 0x7fb08e8000, obj = 0x1008ca, env = 0x7f97b00700
09-12 15:33:29.044  1316  1947 E LOWI-ROME-RTT: RomeNLRecvMessage:  received message of subtype: 2
