09-12 15:33:07.847   862   862 I mm-camera: <PPROC >< INFO> 458: pproc_port_add_modules_to_stream: :LINK linking mods tmod and ppeiscore for identity 3000f
09-12 15:33:07.847   862   862 I mm-camera: <PPROC >< INFO> 458: pproc_port_add_modules_to_stream: :LINK linking mods ppeiscore and c2d for identity 3000f
09-12 15:33:07.847   862   862 I mm-camera: <C2D   >< INFO> 1490: c2d_module_notify_add_stream: width 0, height 0, stride 0, scanline 0, is_type 0
09-12 15:33:07.847   862   862 I mm-camera: <PPROC >< INFO> 458: pproc_port_add_modules_to_stream: :LINK linking mods c2d and cpp for identity 3000f
09-12 15:33:07.847   862   862 I mm-camera: <CPP   >< INFO> 2154: cpp_module_notify_add_stream: :width 0, height 0, stride 0, scanline 0, framelen 0
09-12 15:33:07.847   862   862 I mm-camera: <CPP   >< INFO> 2326: cpp_module_notify_add_stream: : stream 10, fmt 1, asf_mode 0, sharpness_level 0.000000,asf mask 0, denoise 0, denoise_mask 0, dsdn mask 0,dsdn enable 0, tnr mask 0, tnr enable 0, ds_mask 0
09-12 15:33:07.847   862   862 I mm-camera: <PPROC >< INFO> 458: pproc_port_add_modules_to_stream: :LINK linking mods cpp and paaf for identity 3000f
09-12 15:33:07.848   862   862 I mm-camera: <PPROC >< INFO> 458: pproc_port_add_modules_to_stream: :LINK linking mods paaf and llvd for identity 3000f
09-12 15:33:07.848   862   862 I mm-camera: <PPROC >< INFO> 458: pproc_port_add_modules_to_stream: :LINK linking mods llvd and ezt for identity 3000f
09-12 15:33:07.848   862   862 I mm-camera: <PPROC >< INFO> 458: pproc_port_add_modules_to_stream: :LINK linking mods ezt and quadracfa for identity 3000f
09-12 15:33:07.849   862   862 E mm-camera: <STATS ><ERROR> 2822: stats_port_check_caps_reserve: Invalid Port capability type!
09-12 15:33:07.849   862   862 E mm-camera: <STATS ><ERROR> 2822: stats_port_check_caps_reserve: Invalid Port capability type!
09-12 15:33:07.849   862   862 E mm-camera: <STATS ><ERROR> 2822: stats_port_check_caps_reserve: Invalid Port capability type!
09-12 15:33:07.849   862   862 E mm-camera: <STATS ><ERROR> 2822: stats_port_check_caps_reserve: Invalid Port capability type!
09-12 15:33:07.849   862   862 E mm-camera: <STATS ><ERROR> 2822: stats_port_check_caps_reserve: Invalid Port capability type!
09-12 15:33:07.851   862   862 I mm-camera: <MCT   >< INFO> 4527: mct_pipeline_start_stream_internal: Session stream linked successfully session 3
09-12 15:33:07.937   862  1704 E mm-camera: <SENSOR><ERROR> ov16885_fm24c64d_eeprom_get_calibration_items: 102:  Exit 
09-12 15:33:07.938   873   873 D QSEECOMAPI: QSEECom_get_handle sb_length = 0x144c0
09-12 15:33:07.938   873   873 D QSEECOMAPI: App is not loaded in QSEE
09-12 15:33:07.938   873   873 D QSEECOMAPI: app_arch = 1, total_files = 8
09-12 15:33:07.981   862  1722 I mm-camera: <IMGLIB>< INFO> 2062: module_faceproc_query_mod: Caps ROI 10 scene_mode_cnt 1 HW analysis supported 0
09-12 15:33:07.982   862  1722 I mm-camera: <MCT   >< INFO> 1771: mct_pipeline_append_fps_entry:  Added hal_table[0]: (15.000000, 15.000000)
09-12 15:33:07.982   862  1722 I mm-camera: <MCT   >< INFO> 1771: mct_pipeline_append_fps_entry:  Added hal_table[1]: (20.000000, 20.000000)
09-12 15:33:07.982   862  1722 I mm-camera: <MCT   >< INFO> 1771: mct_pipeline_append_fps_entry:  Added hal_table[2]: (24.000000, 24.000000)
09-12 15:33:07.982   862  1722 I mm-camera: <MCT   >< INFO> 1771: mct_pipeline_append_fps_entry:  Added hal_table[3]: (7.000000, 30.000000)
09-12 15:33:07.982   862  1722 I mm-camera: <MCT   >< INFO> 1784: mct_pipeline_append_fps_entry:  Added hal_table[4]: (30.000000, 30.000000)
09-12 15:33:07.982   862  1722 I mm-camera: <MCT   >< INFO> 2955: mct_pipeline_fill_dimensions_snapshot: Cam 1: FPS range selection complete. Publishing 5 ranges.
09-12 15:33:07.983   862   862 I mm-camera: <MCT   >< INFO> 216: mct_controller_destroy: Initiating destroy sequence for session = 3
09-12 15:33:07.983   862   862 I mm-camera: <MCT   >< INFO> 234: mct_controller_destroy: serv_thread closed
09-12 15:33:07.983   862   862 I mm-camera: <MCT   >< INFO> 249: mct_controller_destroy: bus_handler thread closed
09-12 15:33:07.983   862   862 I mm-camera: <MCT   >< INFO> 4627: mct_pipeline_stop_session: Initiating stop_session on session 3
09-12 15:33:07.983   862   862 I mm-camera: <MCT   >< INFO> 3668: mct_pipeline_process_set: command=800000b
09-12 15:33:07.984   862   862 I mm-camera: <MCT   >< INFO> 3886: mct_pipeline_process_set: Issuing DEL_STREAM on stream 0x3000f and stream type=10
09-12 15:33:07.984   862   862 I mm-camera: <IFACE >< INFO> 677: iface_unreserve_sink_port: stream_id f mode 0 
09-12 15:33:07.984   862   862 I mm-camera: <ISP   >< INFO> 890: isp_port_check_caps_unreserve: ide 3000f port 0xe9ffed80
09-12 15:33:07.985   862   862 I mm-camera: <MCT   >< INFO> 3897: mct_pipeline_process_set: Stream 0x3000f and stream type=10, successfully deleted
09-12 15:33:07.985   862  1727 I mm-camera: <MCT   >< INFO> 4361: mct_pipeline_stop_session_thread: Stop module name: sensor - E
09-12 15:33:07.985   862  1728 I mm-camera: <MCT   >< INFO> 4361: mct_pipeline_stop_session_thread: Stop module name: iface - E
09-12 15:33:07.986   862  1729 I mm-camera: <MCT   >< INFO> 4361: mct_pipeline_stop_session_thread: Stop module name: isp - E
09-12 15:33:07.986   862  1729 I mm-camera: <ISP   >< INFO> 487: isp_module_stop_session: session id 3
09-12 15:33:07.987   862  1730 I mm-camera: <MCT   >< INFO> 4361: mct_pipeline_stop_session_thread: Stop module name: stats - E
09-12 15:33:07.987   862  1729 I mm-camera: <MCT   >< INFO> 4369: mct_pipeline_stop_session_thread: Stop module name: isp - X
09-12 15:33:07.988   862  1731 I mm-camera: <MCT   >< INFO> 4361: mct_pipeline_stop_session_thread: Stop module name: pproc - E
09-12 15:33:07.988   862   862 I mm-camera: <MCT   >< INFO> 4649: mct_pipeline_stop_session: Modules left: 5
09-12 15:33:07.989   862  1732 I mm-camera: <MCT   >< INFO> 4361: mct_pipeline_stop_session_thread: Stop module name: imglib - E
09-12 15:33:07.989   862  1732 I mm-camera: <MCT   >< INFO> 4369: mct_pipeline_stop_session_thread: Stop module name: imglib - X
09-12 15:33:07.989   862   862 I mm-camera: <MCT   >< INFO> 4649: mct_pipeline_stop_session: Modules left: 4
09-12 15:33:07.989   862  1731 I mm-camera: <MCT   >< INFO> 4369: mct_pipeline_stop_session_thread: Stop module name: pproc - X
09-12 15:33:07.989   862   862 I mm-camera: <MCT   >< INFO> 4649: mct_pipeline_stop_session: Modules left: 3
09-12 15:33:07.992   862  1728 I mm-camera: <MCT   >< INFO> 4369: mct_pipeline_stop_session_thread: Stop module name: iface - X
09-12 15:33:07.992   862   862 I mm-camera: <MCT   >< INFO> 4649: mct_pipeline_stop_session: Modules left: 2
09-12 15:33:07.993   862  1730 I mm-camera: <MCT   >< INFO> 4369: mct_pipeline_stop_session_thread: Stop module name: stats - X
09-12 15:33:07.993   862   862 I mm-camera: <MCT   >< INFO> 4649: mct_pipeline_stop_session: Modules left: 1
09-12 15:33:08.028   862  1727 I mm-camera: <MCT   >< INFO> 4369: mct_pipeline_stop_session_thread: Stop module name: sensor - X
09-12 15:33:08.028   862   862 I mm-camera: <MCT   >< INFO> 4649: mct_pipeline_stop_session: Modules left: 0
09-12 15:33:08.028   862   862 I mm-camera: <MCT   >< INFO> 4658: mct_pipeline_stop_session: Stopped session 3 successfully
09-12 15:33:08.028   862   862 I mm-camera: <MCT   >< INFO> 4934: mct_pipeline_destroy: E: session:3
09-12 15:33:08.028   862   862 I mm-camera: <MCT   >< INFO> 5007: mct_pipeline_destroy: X: Pipeline destroyed successfully session =3
09-12 15:33:08.028   862   862 I mm-camera: <MCT   >< INFO> 282: mct_controller_destroy: X Successfully closed mct_controller session 3
09-12 15:33:08.029   782   782 I QCamera : <HAL><INFO> static int qcamera::QCamera3HardwareInterface::getCamInfo(uint32_t, struct camera_info *): 8770: camera 1 resource cost is 100
09-12 15:33:08.029   782   782 I QCamera : <HAL><INFO> int qcamera::QCamera2Factory::getCameraInfo(int, struct camera_info *): 347: Camera id 2 API version 256
09-12 15:33:08.030   862   862 I mm-camera: < INFO> 395: void enable_memleak_trace(int): start memleak tracking.
09-12 15:33:08.038   862   862 I mm-camera: <MCT   >< INFO> 63: mct_controller_new: Creating new mct_controller with session-id 2
09-12 15:33:08.039   862  1733 I mm-camera: <MCT   >< INFO> 4549: mct_pipeline_start_session_thread: E sensor
09-12 15:33:08.039   862  1733 I mm-camera: <MCT   >< INFO> 4556: mct_pipeline_start_session_thread: Calling start_session on Module sensor
09-12 15:33:08.039   862  1733 E         : <ALTEK_LOG><LOG> module_sensor_start_session: 1332: 0 
09-12 15:33:08.039   862  1734 I mm-camera: <MCT   >< INFO> 4549: mct_pipeline_start_session_thread: E iface
09-12 15:33:08.039   862  1734 I mm-camera: <MCT   >< INFO> 4556: mct_pipeline_start_session_thread: Calling start_session on Module iface
09-12 15:33:08.039   862  1736 I mm-camera: <MCT   >< INFO> 4549: mct_pipeline_start_session_thread: E isp
09-12 15:33:08.039   862  1736 I mm-camera: <MCT   >< INFO> 4556: mct_pipeline_start_session_thread: Calling start_session on Module isp
09-12 15:33:08.039   862  1736 I mm-camera: <ISP   >< INFO> 201: isp_module_start_session: session id 2
09-12 15:33:08.040   862  1737 I mm-camera: <MCT   >< INFO> 4549: mct_pipeline_start_session_thread: E stats
09-12 15:33:08.040   862  1734 I mm-camera: <MCT   >< INFO> 4559: mct_pipeline_start_session_thread: Module iface start_session rc = 1
09-12 15:33:08.040   862  1737 I mm-camera: <MCT   >< INFO> 4556: mct_pipeline_start_session_thread: Calling start_session on Module stats
09-12 15:33:08.040   862  1737 E mm-3a-core: <ALTEK_LOG><LOG> stats_module_start_session: 239: 0 
09-12 15:33:08.040   862  1734 I mm-camera: <MCT   >< INFO> 4567: mct_pipeline_start_session_thread: started_num = 1, success = 1
09-12 15:33:08.041   862  1734 I mm-camera: <MCT   >< INFO> 4574: mct_pipeline_start_session_thread: X iface
09-12 15:33:08.041   862  1739 I mm-camera: <MCT   >< INFO> 4549: mct_pipeline_start_session_thread: E pproc
09-12 15:33:08.041   862  1739 I mm-camera: <MCT   >< INFO> 4556: mct_pipeline_start_session_thread: Calling start_session on Module pproc
09-12 15:33:08.046   862  1737 I alFineSearch: alHAF vesion5000.570
09-12 15:33:08.046   862  1741 I mm-camera: <MCT   >< INFO> 4549: mct_pipeline_start_session_thread: E imglib
09-12 15:33:08.046   862  1741 I mm-camera: <MCT   >< INFO> 4556: mct_pipeline_start_session_thread: Calling start_session on Module imglib
09-12 15:33:08.046   862  1737 W alFineSearch: [ST.WRONG] turn off customer af log!
09-12 15:33:08.047   862  1741 I mm-camera: <MCT   >< INFO> 4559: mct_pipeline_start_session_thread: Module imglib start_session rc = 1
09-12 15:33:08.047   862  1741 I mm-camera: <MCT   >< INFO> 4567: mct_pipeline_start_session_thread: started_num = 2, success = 2
09-12 15:33:08.047   862  1741 I mm-camera: <MCT   >< INFO> 4574: mct_pipeline_start_session_thread: X imglib
09-12 15:33:08.047   862  1736 I mm-camera: <MCT   >< INFO> 4559: mct_pipeline_start_session_thread: Module isp start_session rc = 1
09-12 15:33:08.047   862  1736 I mm-camera: <MCT   >< INFO> 4567: mct_pipeline_start_session_thread: started_num = 3, success = 3
09-12 15:33:08.047   862  1736 I mm-camera: <MCT   >< INFO> 4574: mct_pipeline_start_session_thread: X isp
09-12 15:33:08.047   862  1739 I mm-camera: <MCT   >< INFO> 4559: mct_pipeline_start_session_thread: Module pproc start_session rc = 1
09-12 15:33:08.048   862  1739 I mm-camera: <MCT   >< INFO> 4567: mct_pipeline_start_session_thread: started_num = 4, success = 4
09-12 15:33:08.048   862  1739 I mm-camera: <MCT   >< INFO> 4574: mct_pipeline_start_session_thread: X pproc
09-12 15:33:08.049   862  1737 I mm-camera: <MCT   >< INFO> 4559: mct_pipeline_start_session_thread: Module stats start_session rc = 1
09-12 15:33:08.049   862  1737 I mm-camera: <MCT   >< INFO> 4567: mct_pipeline_start_session_thread: started_num = 5, success = 5
09-12 15:33:08.049   862  1737 I mm-camera: <MCT   >< INFO> 4574: mct_pipeline_start_session_thread: X stats
09-12 15:33:08.052   862  1733 I mm-camera: <MCT   >< INFO> 4559: mct_pipeline_start_session_thread: Module sensor start_session rc = 1
09-12 15:33:08.052   862  1733 I mm-camera: <MCT   >< INFO> 4567: mct_pipeline_start_session_thread: started_num = 6, success = 6
09-12 15:33:08.052   862  1733 I mm-camera: <MCT   >< INFO> 4574: mct_pipeline_start_session_thread: X sensor
09-12 15:33:08.058   862   862 I mm-camera: <MCT   >< INFO> 4470: mct_pipeline_start_stream_internal: Adding session stream streamid= 0xf for session=2
09-12 15:33:08.058   862   862 I mm-camera: <MCT   >< INFO> 4518: mct_pipeline_start_stream_internal: Linking session stream for session 2
09-12 15:33:08.058   862   862 I mm-camera: <MCT   >< INFO> 516: mct_stream_start_link: Start linking Session-stream 0x2000f
09-12 15:33:08.059   862   862 I mm-camera: <IFACE >< INFO> 338: iface_util_find_primary_cid: iface_util_find_primary_cid:338 error cannot find primary sensor format cids 1
09-12 15:33:08.059   862   862 I mm-camera: <ISP   >< INFO> 801: isp_port_check_caps_reserve: port 0xe9ffed80 ide 2000f type 10 dim 0 0
09-12 15:33:08.059   862   862 I mm-camera: <PPROC >< INFO> 446: pproc_port_add_modules_to_stream: in identity 2000f stream 10 int_link = 0xe677a540
09-12 15:33:08.059   862   862 I mm-camera: <PPROC >< INFO> 458: pproc_port_add_modules_to_stream: :LINK linking mods tmod and ppeiscore for identity 2000f
09-12 15:33:08.060   862   862 I mm-camera: <PPROC >< INFO> 458: pproc_port_add_modules_to_stream: :LINK linking mods ppeiscore and c2d for identity 2000f
09-12 15:33:08.060   862   862 I mm-camera: <C2D   >< INFO> 1490: c2d_module_notify_add_stream: width 0, height 0, stride 0, scanline 0, is_type 0
09-12 15:33:08.060   862   862 I mm-camera: <PPROC >< INFO> 458: pproc_port_add_modules_to_stream: :LINK linking mods c2d and cpp for identity 2000f
09-12 15:33:08.060   862   862 I mm-camera: <CPP   >< INFO> 2154: cpp_module_notify_add_stream: :width 0, height 0, stride 0, scanline 0, framelen 0
09-12 15:33:08.060   862   862 I mm-camera: <CPP   >< INFO> 2326: cpp_module_notify_add_stream: : stream 10, fmt 1, asf_mode 0, sharpness_level 0.000000,asf mask 0, denoise 0, denoise_mask 0, dsdn mask 0,dsdn enable 0, tnr mask 0, tnr enable 0, ds_mask 0
09-12 15:33:08.060   862   862 I mm-camera: <PPROC >< INFO> 458: pproc_port_add_modules_to_stream: :LINK linking mods cpp and paaf for identity 2000f
09-12 15:33:08.061   862   862 I mm-camera: <PPROC >< INFO> 458: pproc_port_add_modules_to_stream: :LINK linking mods paaf and llvd for identity 2000f
09-12 15:33:08.062   862   862 I mm-camera: <PPROC >< INFO> 458: pproc_port_add_modules_to_stream: :LINK linking mods llvd and ezt for identity 2000f
09-12 15:33:08.062   862   862 I mm-camera: <PPROC >< INFO> 458: pproc_port_add_modules_to_stream: :LINK linking mods ezt and quadracfa for identity 2000f
09-12 15:33:08.062   862   862 E mm-camera: <STATS ><ERROR> 2822: stats_port_check_caps_reserve: Invalid Port capability type!
09-12 15:33:08.062   862   862 E mm-camera: <STATS ><ERROR> 2822: stats_port_check_caps_reserve: Invalid Port capability type!
09-12 15:33:08.062   862   862 E mm-camera: <STATS ><ERROR> 2822: stats_port_check_caps_reserve: Invalid Port capability type!
09-12 15:33:08.062   862   862 E mm-camera: <STATS ><ERROR> 2822: stats_port_check_caps_reserve: Invalid Port capability type!
09-12 15:33:08.063   862   862 E mm-camera: <STATS ><ERROR> 2822: stats_port_check_caps_reserve: Invalid Port capability type!
09-12 15:33:08.064   862   862 I mm-camera: <MCT   >< INFO> 4527: mct_pipeline_start_stream_internal: Session stream linked successfully session 2
09-12 15:33:08.124   862  1735 E mm-camera: <SENSOR><ERROR> ov13358_gt24c64a_ofg_eeprom_get_calibration_items: 61: [WENDELL]-ov13358_gt24c64a_ofg_eeprom_get_calibration_items: Enter
09-12 15:33:08.124   862  1735 E mm-camera: 
09-12 15:33:08.124   862  1735 E mm-camera: <SENSOR><ERROR> ov13358_gt24c64a_ofg_eeprom_get_calibration_items: 76: [WENDELL]-ov13358_gt24c64a_ofg_eeprom_get_calibration_items: EXIT
09-12 15:33:08.124   862  1735 E mm-camera: 
09-12 15:33:08.130   862  1753 I mm-camera: <IMGLIB>< INFO> 2062: module_faceproc_query_mod: Caps ROI 10 scene_mode_cnt 1 HW analysis supported 0
09-12 15:33:08.130   862  1753 I mm-camera: <MCT   >< INFO> 1771: mct_pipeline_append_fps_entry:  Added hal_table[0]: (15.000000, 15.000000)
09-12 15:33:08.130   862  1753 I mm-camera: <MCT   >< INFO> 1771: mct_pipeline_append_fps_entry:  Added hal_table[1]: (20.000000, 20.000000)
09-12 15:33:08.130   862  1753 I mm-camera: <MCT   >< INFO> 1771: mct_pipeline_append_fps_entry:  Added hal_table[2]: (7.500000, 24.000000)
09-12 15:33:08.130   862  1753 I mm-camera: <MCT   >< INFO> 1784: mct_pipeline_append_fps_entry:  Added hal_table[3]: (24.000000, 24.000000)
09-12 15:33:08.130   862  1753 I mm-camera: <MCT   >< INFO> 1771: mct_pipeline_append_fps_entry:  Added hal_table[4]: (7.000000, 30.000000)
09-12 15:33:08.130   862  1753 I mm-camera: <MCT   >< INFO> 1784: mct_pipeline_append_fps_entry:  Added hal_table[5]: (30.000000, 30.000000)
09-12 15:33:08.130   862  1753 I mm-camera: <MCT   >< INFO> 2955: mct_pipeline_fill_dimensions_snapshot: Cam 2: FPS range selection complete. Publishing 6 ranges.
09-12 15:33:08.132   862   862 I mm-camera: <MCT   >< INFO> 216: mct_controller_destroy: Initiating destroy sequence for session = 2
09-12 15:33:08.132   862   862 I mm-camera: <MCT   >< INFO> 234: mct_controller_destroy: serv_thread closed
09-12 15:33:08.132   862   862 I mm-camera: <MCT   >< INFO> 249: mct_controller_destroy: bus_handler thread closed
09-12 15:33:08.132   862   862 I mm-camera: <MCT   >< INFO> 4627: mct_pipeline_stop_session: Initiating stop_session on session 2
09-12 15:33:08.132   862   862 I mm-camera: <MCT   >< INFO> 3668: mct_pipeline_process_set: command=800000b
09-12 15:33:08.132   862   862 I mm-camera: <MCT   >< INFO> 3886: mct_pipeline_process_set: Issuing DEL_STREAM on stream 0x2000f and stream type=10
09-12 15:33:08.132   862   862 I mm-camera: <IFACE >< INFO> 677: iface_unreserve_sink_port: stream_id f mode 0 
09-12 15:33:08.132   862   862 I mm-camera: <ISP   >< INFO> 890: isp_port_check_caps_unreserve: ide 2000f port 0xe9ffed80
09-12 15:33:08.133   862   862 I mm-camera: <MCT   >< INFO> 3897: mct_pipeline_process_set: Stream 0x2000f and stream type=10, successfully deleted
09-12 15:33:08.134   862  1758 I mm-camera: <MCT   >< INFO> 4361: mct_pipeline_stop_session_thread: Stop module name: sensor - E
09-12 15:33:08.134   862  1759 I mm-camera: <MCT   >< INFO> 4361: mct_pipeline_stop_session_thread: Stop module name: iface - E
09-12 15:33:08.134   862  1760 I mm-camera: <MCT   >< INFO> 4361: mct_pipeline_stop_session_thread: Stop module name: isp - E
09-12 15:33:08.134   862  1759 I mm-camera: <MCT   >< INFO> 4369: mct_pipeline_stop_session_thread: Stop module name: iface - X
09-12 15:33:08.134   862  1760 I mm-camera: <ISP   >< INFO> 487: isp_module_stop_session: session id 2
09-12 15:33:08.135   862  1760 I mm-camera: <MCT   >< INFO> 4369: mct_pipeline_stop_session_thread: Stop module name: isp - X
09-12 15:33:08.135   862  1761 I mm-camera: <MCT   >< INFO> 4361: mct_pipeline_stop_session_thread: Stop module name: stats - E
09-12 15:33:08.136   862  1762 I mm-camera: <MCT   >< INFO> 4361: mct_pipeline_stop_session_thread: Stop module name: pproc - E
09-12 15:33:08.136   862  1763 I mm-camera: <MCT   >< INFO> 4361: mct_pipeline_stop_session_thread: Stop module name: imglib - E
09-12 15:33:08.136   862   862 I mm-camera: <MCT   >< INFO> 4649: mct_pipeline_stop_session: Modules left: 5
09-12 15:33:08.136   862   862 I mm-camera: <MCT   >< INFO> 4649: mct_pipeline_stop_session: Modules left: 4
09-12 15:33:08.137   862  1762 I mm-camera: <MCT   >< INFO> 4369: mct_pipeline_stop_session_thread: Stop module name: pproc - X
09-12 15:33:08.137   862   862 I mm-camera: <MCT   >< INFO> 4649: mct_pipeline_stop_session: Modules left: 3
09-12 15:33:08.137   862  1763 I mm-camera: <MCT   >< INFO> 4369: mct_pipeline_stop_session_thread: Stop module name: imglib - X
09-12 15:33:08.137   862   862 I mm-camera: <MCT   >< INFO> 4649: mct_pipeline_stop_session: Modules left: 2
09-12 15:33:08.138   862  1761 I mm-camera: <MCT   >< INFO> 4369: mct_pipeline_stop_session_thread: Stop module name: stats - X
09-12 15:33:08.139   862   862 I mm-camera: <MCT   >< INFO> 4649: mct_pipeline_stop_session: Modules left: 1
09-12 15:33:08.148   862  1758 I mm-camera: <MCT   >< INFO> 4369: mct_pipeline_stop_session_thread: Stop module name: sensor - X
09-12 15:33:08.149   862   862 I mm-camera: <MCT   >< INFO> 4649: mct_pipeline_stop_session: Modules left: 0
09-12 15:33:08.149   862   862 I mm-camera: <MCT   >< INFO> 4658: mct_pipeline_stop_session: Stopped session 2 successfully
09-12 15:33:08.149   862   862 I mm-camera: <MCT   >< INFO> 4934: mct_pipeline_destroy: E: session:2
09-12 15:33:08.149   862   862 I mm-camera: <MCT   >< INFO> 5007: mct_pipeline_destroy: X: Pipeline destroyed successfully session =2
09-12 15:33:08.149   862   862 I mm-camera: <MCT   >< INFO> 282: mct_controller_destroy: X Successfully closed mct_controller session 2
09-12 15:33:08.149   782   782 I QCamera : <HAL><INFO> static int qcamera::QCamera3HardwareInterface::getCamInfo(uint32_t, struct camera_info *): 8770: camera 2 resource cost is 100
09-12 15:33:08.150   782   782 I QCamera : <HAL><INFO> int qcamera::QCamera2Factory::getCameraInfo(int, struct camera_info *): 347: Camera id 0 API version 256
09-12 15:33:08.150   782   782 I QCamera : <HAL><INFO> static int qcamera::QCamera3HardwareInterface::getCamInfo(uint32_t, struct camera_info *): 8770: camera 0 resource cost is 100
09-12 15:33:08.150   782   782 I QCamera : <HAL><INFO> int qcamera::QCamera2Factory::getCameraInfo(int, struct camera_info *): 347: Camera id 1 API version 256
09-12 15:33:08.150   782   782 I QCamera : <HAL><INFO> static int qcamera::QCamera3HardwareInterface::getCamInfo(uint32_t, struct camera_info *): 8770: camera 1 resource cost is 100
09-12 15:33:08.150   782   782 I QCamera : <HAL><INFO> int qcamera::QCamera2Factory::getCameraInfo(int, struct camera_info *): 347: Camera id 2 API version 256
09-12 15:33:08.150   782   782 I QCamera : <HAL><INFO> static int qcamera::QCamera3HardwareInterface::getCamInfo(uint32_t, struct camera_info *): 8770: camera 2 resource cost is 100
09-12 15:33:08.150   782   782 I ServiceManager: Waiting for service media.camera.proxy...
09-12 15:33:08.161   763   763 I System  : Loaded time zone names for "" in 122ms (42ms in ICU)
09-12 15:33:08.257   763   763 I System  : Loaded time zone names for "en_US" in 95ms (16ms in ICU)
09-12 15:33:08.270   766   766 I System  : Loaded time zone names for "" in 130ms (36ms in ICU)
09-12 15:33:08.369   873   873 D QSEECOMAPI: Loaded image: APP id = 524290
09-12 15:33:08.374   873   873 D QSEECOMAPI: QSEECom_get_handle sb_length = 0x400
09-12 15:33:08.374   873   873 D QSEECOMAPI: App is already loaded QSEE and app id = 65537
09-12 15:33:08.380   873   873 D QSEECOMAPI: QSEECom_dealloc_memory 
09-12 15:33:08.380   873   873 D QSEECOMAPI: QSEECom_shutdown_app, app_id = 65537
09-12 15:33:08.386   766   766 I System  : Loaded time zone names for "en_US" in 115ms (20ms in ICU)
09-12 15:33:08.422   873   873 D QSEECOMAPI: QSEECom_dealloc_memory 
09-12 15:33:08.422   873   873 D QSEECOMAPI: QSEECom_shutdown_app, app_id = 524290
09-12 15:33:08.562  1319  1349 E slim_daemon: [NDK] bindNDKSensors: Sensor server is unavailable.
09-12 15:33:08.648  1318  1363 E LocSvc_api_v02: E/loc_sync_wait_for_ind:458]: slot 0, timed out for ind_id QMI_LOC_INJECT_APDONOTCACHE_DATA_REQ_V02
09-12 15:33:08.648  1318  1363 E LocSvc_api_v02: E/loc_sync_send_req:529]: loc_api_wait_for_ind failed, err -110, select id 0, status eLOC_CLIENT_FAILURE_TIMEOUT
09-12 15:33:08.648  1318  1363 E LocSvc_IzatApiV02: E/virtual int izat_core::IzatApiV02::injectApCacheBlacklist(APCacheBlacklistData):857]: Error : st = 6, ind.status = 0
09-12 15:33:08.648  1318  1363 E LocSvc_IzatApiV02: E/virtual int izat_core::IzatApiV02::injectApCacheBlacklist(APCacheBlacklistData):869]: inject AP Cache - blacklistto modem failed. 
09-12 15:33:08.648  1318  1363 E LocSvc_api_v02: I/---> locClientSendReq line 2064 QMI_LOC_INJECT_APDONOTCACHE_DATA_REQ_V02
09-12 15:33:08.696   862  1683 I ServiceManager: Waiting for service sensorservice...
09-12 15:33:08.866   763   763 I Zygote  : ...preloaded 4158 classes in 5241ms.
09-12 15:33:08.866   763   763 I art     : VMRuntime.preloadDexCaches starting
09-12 15:33:08.970   763   763 I art     : VMRuntime.preloadDexCaches strings total=290227 before=11980 after=11980
09-12 15:33:08.970   763   763 I art     : VMRuntime.preloadDexCaches types total=23987 before=9280 after=11453
09-12 15:33:08.970   763   763 I art     : VMRuntime.preloadDexCaches fields total=114604 before=41101 after=54059
09-12 15:33:08.970   763   763 I art     : VMRuntime.preloadDexCaches methods total=200231 before=78476 after=96643
09-12 15:33:08.970   763   763 I art     : VMRuntime.preloadDexCaches finished
09-12 15:33:08.971   763   763 I Zygote  : Preloading resources...
09-12 15:33:09.051   766   766 I Zygote  : ...preloaded 4158 classes in 5124ms.
09-12 15:33:09.051   766   766 I art     : VMRuntime.preloadDexCaches starting
09-12 15:33:09.053   763   763 W Resources: Preloaded drawable resource #0x108025c (android:drawable/dialog_background_material) that varies with configuration!!
09-12 15:33:09.062   763   763 W Resources: Preloaded drawable resource #0x1080298 (android:drawable/editbox_dropdown_background_dark) that varies with configuration!!
09-12 15:33:09.080   763   763 W Resources: Preloaded color resource #0x10600ea (android:color/material_grey_800) that varies with configuration!!
09-12 15:33:09.080   763   763 W Resources: Preloaded drawable resource #0x10802c9 (android:drawable/floating_popup_background_dark) that varies with configuration!!
09-12 15:33:09.113   763   763 W Resources: Preloaded drawable resource #0x108030b (android:drawable/ic_clear_disabled) that varies with configuration!!
09-12 15:33:09.114   763   763 W Resources: Preloaded drawable resource #0x1080310 (android:drawable/ic_clear_normal) that varies with configuration!!
09-12 15:33:09.124   763   763 W Resources: Preloaded drawable resource #0x1080359 (android:drawable/ic_go) that varies with configuration!!
09-12 15:33:09.147   763   763 W Resources: Preloaded drawable resource #0x1080038 (android:drawable/ic_menu_close_clear_cancel) that varies with configuration!!
09-12 15:33:09.150   782   782 I ServiceManager: Waiting for service media.camera.proxy...
09-12 15:33:09.153   766   766 I art     : VMRuntime.preloadDexCaches strings total=290227 before=11980 after=11980
09-12 15:33:09.153   766   766 I art     : VMRuntime.preloadDexCaches types total=23987 before=9280 after=11453
09-12 15:33:09.153   766   766 I art     : VMRuntime.preloadDexCaches fields total=114604 before=41101 after=54059
09-12 15:33:09.153   766   766 I art     : VMRuntime.preloadDexCaches methods total=200231 before=78476 after=96643
09-12 15:33:09.153   766   766 I art     : VMRuntime.preloadDexCaches finished
09-12 15:33:09.154   766   766 I Zygote  : Preloading resources...
09-12 15:33:09.154   763   763 W Resources: Preloaded drawable resource #0x1080045 (android:drawable/ic_menu_more) that varies with configuration!!
09-12 15:33:09.176   763   763 W Resources: Preloaded drawable resource #0x10804f3 (android:drawable/menu_background_fill_parent_width) that varies with configuration!!
09-12 15:33:09.210   766   766 W Resources: Preloaded drawable resource #0x108025c (android:drawable/dialog_background_material) that varies with configuration!!
09-12 15:33:09.212   766   766 W Resources: Preloaded drawable resource #0x1080298 (android:drawable/editbox_dropdown_background_dark) that varies with configuration!!
09-12 15:33:09.224   766   766 W Resources: Preloaded color resource #0x10600ea (android:color/material_grey_800) that varies with configuration!!
09-12 15:33:09.224   766   766 W Resources: Preloaded drawable resource #0x10802c9 (android:drawable/floating_popup_background_dark) that varies with configuration!!
09-12 15:33:09.257   766   766 W Resources: Preloaded drawable resource #0x108030b (android:drawable/ic_clear_disabled) that varies with configuration!!
09-12 15:33:09.259   766   766 W Resources: Preloaded drawable resource #0x1080310 (android:drawable/ic_clear_normal) that varies with configuration!!
09-12 15:33:09.266   766   766 W Resources: Preloaded drawable resource #0x1080359 (android:drawable/ic_go) that varies with configuration!!
09-12 15:33:09.274   763   763 W Resources: Preloaded drawable resource #0x108078b (android:drawable/text_edit_paste_window) that varies with configuration!!
09-12 15:33:09.280   766   766 W Resources: Preloaded drawable resource #0x1080038 (android:drawable/ic_menu_close_clear_cancel) that varies with configuration!!
09-12 15:33:09.282   763   763 W Resources: Preloaded drawable resource #0x1080096 (android:drawable/toast_frame) that varies with configuration!!
09-12 15:33:09.283   763   763 I Zygote  : ...preloaded 114 resources in 311ms.
09-12 15:33:09.287   766   766 W Resources: Preloaded drawable resource #0x1080045 (android:drawable/ic_menu_more) that varies with configuration!!
09-12 15:33:09.298   763   763 W Resources: Preloaded color resource #0x1060114 (android:color/background_cache_hint_selector_material_dark) that varies with configuration!!
09-12 15:33:09.300   763   763 W Resources: Preloaded color resource #0x1060119 (android:color/btn_default_material_dark) that varies with configuration!!
09-12 15:33:09.304   763   763 I Zygote  : ...preloaded 41 resources in 21ms.
09-12 15:33:09.306   763   763 D libEGL  : loaded /vendor/lib64/egl/libEGL_adreno.so
09-12 15:33:09.321   766   766 W Resources: Preloaded drawable resource #0x10804f3 (android:drawable/menu_background_fill_parent_width) that varies with configuration!!
09-12 15:33:09.325   763   763 D libEGL  : loaded /vendor/lib64/egl/libGLESv1_CM_adreno.so
09-12 15:33:09.334   763   763 D libEGL  : loaded /vendor/lib64/egl/libGLESv2_adreno.so
09-12 15:33:09.351   763   763 I Zygote  : Preloading shared libraries...
09-12 15:33:09.402   763   763 I Zygote  : Uninstalled ICU cache reference pinning...
09-12 15:33:09.418   763   763 I Zygote  : Installed AndroidKeyStoreProvider in 16ms.
09-12 15:33:09.438   766   766 W Resources: Preloaded drawable resource #0x108078b (android:drawable/text_edit_paste_window) that varies with configuration!!
09-12 15:33:09.445   766   766 W Resources: Preloaded drawable resource #0x1080096 (android:drawable/toast_frame) that varies with configuration!!
09-12 15:33:09.445   766   766 I Zygote  : ...preloaded 114 resources in 291ms.
09-12 15:33:09.461   766   766 W Resources: Preloaded color resource #0x1060114 (android:color/background_cache_hint_selector_material_dark) that varies with configuration!!
09-12 15:33:09.462   766   766 W Resources: Preloaded color resource #0x1060119 (android:color/btn_default_material_dark) that varies with configuration!!
09-12 15:33:09.466   766   766 I Zygote  : ...preloaded 41 resources in 20ms.
09-12 15:33:09.472   766   766 D libEGL  : loaded /vendor/lib/egl/libEGL_adreno.so
09-12 15:33:09.562  1319  1349 E slim_daemon: [NDK] bindNDKSensors: Sensor server is unavailable.
09-12 15:33:09.633   766   766 D libEGL  : loaded /vendor/lib/egl/libGLESv1_CM_adreno.so
09-12 15:33:09.636  1318  1373 W XTCC-5.1.0.23-d: [CS-RIL-LISTENER] timerCallback fired for ril update registering, re-register
09-12 15:33:09.646   766   766 D libEGL  : loaded /vendor/lib/egl/libGLESv2_adreno.so
09-12 15:33:09.650  1318  1363 E LocSvc_api_v02: E/loc_sync_wait_for_ind:458]: slot 0, timed out for ind_id QMI_LOC_INJECT_APDONOTCACHE_DATA_REQ_V02
09-12 15:33:09.650  1318  1363 E LocSvc_api_v02: E/loc_sync_send_req:529]: loc_api_wait_for_ind failed, err -110, select id 0, status eLOC_CLIENT_FAILURE_TIMEOUT
09-12 15:33:09.650  1318  1363 E LocSvc_IzatApiV02: E/virtual int izat_core::IzatApiV02::injectApCacheBlacklist(APCacheBlacklistData):857]: Error : st = 6, ind.status = 0
09-12 15:33:09.650  1318  1363 E LocSvc_IzatApiV02: E/virtual int izat_core::IzatApiV02::injectApCacheBlacklist(APCacheBlacklistData):869]: inject AP Cache - blacklistto modem failed. 
09-12 15:33:09.650  1318  1363 E LocSvc_api_v02: I/---> locClientSendReq line 2064 QMI_LOC_INJECT_APDONOTCACHE_DATA_REQ_V02
09-12 15:33:09.670   766   766 I Zygote  : Preloading shared libraries...
09-12 15:33:09.671   763   763 I Zygote  : Warmed up JCA providers in 252ms.
09-12 15:33:09.671   763   763 D Zygote  : end preload
09-12 15:33:09.671   763   763 I art     : Starting a blocking GC Explicit
09-12 15:33:09.692   763   763 I art     : Explicit concurrent mark sweep GC freed 10123(525KB) AllocSpace objects, 4(152KB) LOS objects, 47% free, 8MB/16MB, paused 98us total 20.018ms
09-12 15:33:09.696   862  1683 I ServiceManager: Waiting for service sensorservice...
09-12 15:33:09.700   763   763 I art     : Starting a blocking GC Explicit
09-12 15:33:09.714   766   766 I Zygote  : Uninstalled ICU cache reference pinning...
09-12 15:33:09.718   763   763 I art     : Explicit concurrent mark sweep GC freed 2001(77KB) AllocSpace objects, 3(132KB) LOS objects, 48% free, 8MB/16MB, paused 80us total 17.831ms
09-12 15:33:09.721   763  1080 I art     : Starting a blocking GC HeapTrim
09-12 15:33:09.726   763   763 I art     : Starting a blocking GC Background
09-12 15:33:09.733   766   766 I Zygote  : Installed AndroidKeyStoreProvider in 18ms.
09-12 15:33:09.818   763   763 I Zygote  : System server process 1764 has been created
09-12 15:33:09.821   763   763 I Zygote  : Accepting command socket connections
09-12 15:33:10.031   766   766 I Zygote  : Warmed up JCA providers in 298ms.
09-12 15:33:10.032   766   766 D Zygote  : end preload
09-12 15:33:10.032   766   766 I art     : Starting a blocking GC Explicit
09-12 15:33:10.053   766   766 I art     : Explicit concurrent mark sweep GC freed 10118(524KB) AllocSpace objects, 1(32KB) LOS objects, 48% free, 8MB/16MB, paused 136us total 20.154ms
09-12 15:33:10.060   766   766 I art     : Starting a blocking GC Explicit
09-12 15:33:10.079   766   766 I art     : Explicit concurrent mark sweep GC freed 1738(63KB) AllocSpace objects, 3(132KB) LOS objects, 49% free, 8MB/16MB, paused 129us total 18.277ms
09-12 15:33:10.080   766   766 I Zygote  : Accepting command socket connections
09-12 15:33:10.086  1764  1764 I Zygote  : Process: zygote socket opened, supported ABIS: armeabi-v7a,armeabi
09-12 15:33:10.089  1764  1764 I InstallerConnection: connecting...
09-12 15:33:10.089   788   788 I         : new connection
09-12 15:33:10.109   746   746 I CNSS    : cnss_open_log_file: create directory /sdcard/wlan_logs/ ret = -1 errno= 2
09-12 15:33:10.151   782   782 I ServiceManager: Waiting for service media.camera.proxy...
09-12 15:33:10.203  1764  1764 I InstallerConnection: disconnecting...
09-12 15:33:10.203   788   788 E         : eof
09-12 15:33:10.203   788   788 E         : failed to read size
09-12 15:33:10.203   788   788 I         : closing connection
09-12 15:33:10.259  1764  1764 I SystemServer: Entered the Android system server!
09-12 15:33:10.346  1764  1764 I SystemServiceManager: Starting com.android.server.pm.Installer
09-12 15:33:10.357  1764  1764 I Installer: Waiting for installd to be ready.
09-12 15:33:10.357  1764  1764 I InstallerConnection: connecting...
09-12 15:33:10.358   788   788 I         : new connection
09-12 15:33:10.358  1764  1764 I SystemServiceManager: Starting com.android.server.am.ActivityManagerService$Lifecycle
09-12 15:33:10.376  1764  1764 I ActivityManager: Memory class: 192
09-12 15:33:10.378  1764  1778 I ServiceThread: Enabled StrictMode logging for ActivityManager looper.
09-12 15:33:10.379  1764  1779 I ServiceThread: Enabled StrictMode logging for android.ui looper.
09-12 15:33:10.437  1764  1764 D BatteryStatsImpl: Reading daily items from /data/system/batterystats-daily.xml
09-12 15:33:10.563  1319  1349 E slim_daemon: [NDK] bindNDKSensors: Sensor server is unavailable.
09-12 15:33:10.652  1318  1363 E LocSvc_api_v02: E/loc_sync_wait_for_ind:458]: slot 0, timed out for ind_id QMI_LOC_INJECT_APDONOTCACHE_DATA_REQ_V02
09-12 15:33:10.652  1318  1363 E LocSvc_api_v02: E/loc_sync_send_req:529]: loc_api_wait_for_ind failed, err -110, select id 0, status eLOC_CLIENT_FAILURE_TIMEOUT
09-12 15:33:10.652  1318  1363 E LocSvc_IzatApiV02: E/virtual int izat_core::IzatApiV02::injectApCacheBlacklist(APCacheBlacklistData):857]: Error : st = 6, ind.status = 0
09-12 15:33:10.652  1318  1363 E LocSvc_IzatApiV02: E/virtual int izat_core::IzatApiV02::injectApCacheBlacklist(APCacheBlacklistData):869]: inject AP Cache - blacklistto modem failed. 
09-12 15:33:10.652  1318  1363 W XTCC-5.1.0.23-d: [FDAL_LOC_API] retryIfNeeded: Max Injection Retry Count reached. Assuming LP is unsupported
09-12 15:33:10.653  1318  1375 E LocSvc_api_v02: I/---> locClientClose line 1976 loc client close
09-12 15:33:10.696   862  1683 I ServiceManager: Waiting for service sensorservice...
09-12 15:33:11.152   782   782 I ServiceManager: Waiting for service media.camera.proxy...
09-12 15:33:11.256  1764  1764 I IntentFirewall: Read new rules (A:0 B:0 S:0)
09-12 15:33:11.264  1764  1785 I ServiceThread: Enabled StrictMode logging for android.display looper.
09-12 15:33:11.271  1764  1764 D AppOps  : AppOpsService published
09-12 15:33:11.271  1764  1764 I SystemServiceManager: Starting com.android.server.power.PowerManagerService
09-12 15:33:11.295  1764  1787 I ServiceThread: Enabled StrictMode logging for PowerManagerService looper.
09-12 15:33:11.299  1764  1764 I QCOM PowerHAL: QCOM power HAL initing.
09-12 15:33:11.299  1764  1764 W libsuspend: Error writing 'on' to /sys/power/state: Invalid argument
09-12 15:33:11.299  1764  1764 I libsuspend: Selected wakeup count
09-12 15:33:11.299  1764  1764 I QTI PowerHAL: Got set_interactive hint
09-12 15:33:11.302  1764  1764 D PowerManagerService: init: isCurrentTest =0, isTestFlag =false, mScreenOffTimeoutSetting = 0
09-12 15:33:11.303  1764  1764 I SystemServiceManager: Starting com.android.server.lights.LightsService
09-12 15:33:11.304   749   838 D ThermalEngine: sensor_wait: case_therm Wait done.
09-12 15:33:11.305   749   838 D ThermalEngine: sensor_monitor: case_therm Reading 37000 .
09-12 15:33:11.305   749   838 I ThermalEngine: Sensor:case_therm:37000 mC
09-12 15:33:11.306   749   838 D ThermalEngine: update_active_thresh: case_therm Active(1), Hi(1) 38000, Lo(0) -2147483648, Interval(1) 10000
09-12 15:33:11.306   749   838 D ThermalEngine: sensor_monitor: case_therm Sensor wait.
09-12 15:33:11.306   749   838 D ThermalEngine: sensor_wait: case_therm Wait start. 10000ms
09-12 15:33:11.307  1764  1764 I SystemServiceManager: Starting com.android.server.display.DisplayManagerService
09-12 15:33:11.313  1764  1764 I SystemServiceManager: Starting phase 100
09-12 15:33:11.316   584   611 W SDM     : HWCSession::notifyCallback: QService command = 35 is not supported
09-12 15:33:11.316   584   611 I SurfaceFlinger: HDR is not supported on display: 0
09-12 15:33:11.319  1764  1785 I DisplayManagerService: Display device added: DisplayDeviceInfo{"Built-in Screen": uniqueId="local:0", 1080 x 1920, modeId 1, defaultModeId 1, supportedModes [{id=1, width=1080, height=1920, fps=60.000004}], colorMode 0, supportedColorModes [0], HdrCapabilities android.view.Display$HdrCapabilities@a69d6308, density 480, 160.421 x 159.895 dpi, appVsyncOff 1000000, presDeadline 16666666, touch INTERNAL, rotation 0, type BUILT_IN, state UNKNOWN, FLAG_DEFAULT_DISPLAY, FLAG_ROTATES_WITH_CONTENT, FLAG_SECURE, FLAG_SUPPORTS_PROTECTED_BUFFERS}
09-12 15:33:11.320   584   584 D SurfaceFlinger: Set power mode=2, type=0 flinger=0x7f85248000
09-12 15:33:11.321   584   584 D SurfaceFlinger: Screen type=0 is already mode=2
09-12 15:33:11.322  1764  1785 I DisplayManagerService: Display device changed state: "Built-in Screen", ON
09-12 15:33:11.323  1764  1764 I SystemServer: Regionalization Service
09-12 15:33:11.324  1764  1764 I SystemServer: StartPackageManagerService
09-12 15:33:11.389   828   828 I ServiceManager: Waiting for service AtCmdFwd...
09-12 15:33:11.563  1319  1349 E slim_daemon: [NDK] bindNDKSensors: Sensor server is unavailable.
09-12 15:33:11.603  1764  1764 D SELinuxMMAC: Using policy file /system/etc/security/mac_permissions.xml
09-12 15:33:11.813   916   916 I MSM-irqbalance: Discovered a new IRQ: 304
09-12 15:33:11.814   916   916 I MSM-irqbalance: Decided to move IRQ304 from CPU0 [P:0] to CPU6 [P:1] (banned)
09-12 15:33:11.918  1764  1764 D PackageSettings: Read domain verification for package: com.google.android.youtube
09-12 15:33:12.390   828   828 I ServiceManager: Waiting for service AtCmdFwd...
09-12 15:33:12.431   962   962 E QMI_FW  : QMUXD: WARNING qmi_qmux_if_pwr_up_init failed! rc=-6
09-12 15:33:12.564  1319  1349 E slim_daemon: [NDK] bindNDKSensors: Sensor server is unavailable.
09-12 15:33:12.697   862  1683 I ServiceManager: Waiting for service sensorservice...
09-12 15:33:13.109   746   746 I CNSS    : cnss_open_log_file: create directory /sdcard/wlan_logs/ ret = -1 errno= 2
09-12 15:33:13.280  1764  1764 D PackageSettings: Read domain verification for package: com.android.vending
09-12 15:33:13.390   828   828 I ServiceManager: Waiting for service AtCmdFwd...
09-12 15:33:13.564  1319  1349 E slim_daemon: [NDK] bindNDKSensors: Sensor server is unavailable.
09-12 15:33:13.697   862  1683 I ServiceManager: Waiting for service sensorservice...
09-12 15:33:14.270  1764  1764 D PackageSettings: Read domain verification for package: com.google.android.music
09-12 15:33:14.390   828   828 I ServiceManager: Waiting for service AtCmdFwd...
09-12 15:33:14.564  1319  1349 E slim_daemon: [NDK] bindNDKSensors: Sensor server is unavailable.
09-12 15:33:14.634  1764  1764 D PackageSettings: Read domain verification for package: com.google.android.apps.docs
09-12 15:33:14.636  1318  1373 W XTCC-5.1.0.23-d: [CS-RIL-LISTENER] timerCallback fired for ril update registering, re-register
09-12 15:33:14.698   862  1683 I ServiceManager: Waiting for service sensorservice...
09-12 15:33:14.736  1764  1764 D PackageSettings: Read domain verification for package: com.google.android.apps.maps
09-12 15:33:15.353  1764  1764 D PackageSettings: Read domain verification for package: com.google.android.videos
09-12 15:33:15.390   828   828 W Atfwd_Sendcmd: AtCmdFwd service not published, waiting... retryCnt : 2
09-12 15:33:15.527  1764  1764 D PackageSettings: Read domain verification for package: com.google.android.apps.photos
09-12 15:33:15.545  1764  1764 D PackageSettings: Read domain verification for package: com.google.android.calendar
09-12 15:33:15.565  1319  1349 E slim_daemon: [NDK] bindNDKSensors: Sensor server is unavailable.
09-12 15:33:15.698   862  1683 I ServiceManager: Waiting for service sensorservice...
09-12 15:33:16.109   746   746 I CNSS    : cnss_open_log_file: create directory /sdcard/wlan_logs/ ret = -1 errno= 2
09-12 15:33:16.565  1319  1349 E slim_daemon: [NDK] bindNDKSensors: Sensor server is unavailable.
09-12 15:33:16.814   916   916 I MSM-irqbalance: Decided to move IRQ3 from CPU0 [P:0] to CPU4 [P:1] (banned)
09-12 15:33:16.814   916   916 I MSM-irqbalance: Decided to move IRQ3 from CPU1 [P:0] to CPU6 [P:1] (banned)
09-12 15:33:16.815   916   916 I MSM-irqbalance: Decided to move IRQ3 from CPU2 [P:0] to CPU5 [P:1] (banned)
09-12 15:33:16.815   916   916 I MSM-irqbalance: Decided to move IRQ3 from CPU3 [P:0] to CPU7 [P:1] (banned)
09-12 15:33:17.565  1319  1349 E slim_daemon: [NDK] bindNDKSensors: Sensor server is unavailable.
09-12 15:33:17.698   862  1683 I ServiceManager: Waiting for service sensorservice...
09-12 15:33:18.566  1319  1349 E slim_daemon: [NDK] bindNDKSensors: Sensor server is unavailable.
09-12 15:33:18.699   862  1683 I ServiceManager: Waiting for service sensorservice...
09-12 15:33:19.110   746   746 I CNSS    : cnss_open_log_file: create directory /sdcard/wlan_logs/ ret = -1 errno= 2
09-12 15:33:19.138  1764  1764 E art     : DexFile_getDexOptNeeded file '/system/framework/org.apache.http.legacy.jar' does not exist
09-12 15:33:19.138  1764  1764 W PackageManager: Library not found: /system/framework/org.apache.http.legacy.jar
09-12 15:33:19.238  1764  1764 E art     : DexFile_getDexOptNeeded file '/system/framework/org.apache.http.legacy.jar' does not exist
09-12 15:33:19.239  1764  1764 W PackageManager: Library not found: /system/framework/org.apache.http.legacy.jar
09-12 15:33:19.257  1764  1764 D PackageManager: No files in app dir /vendor/overlay
09-12 15:33:19.260  1764  1764 D PackageManager: start scanDirLI:/system/framework
09-12 15:33:19.260  1764  1764 D PackageManager: max thread:6
09-12 15:33:19.268  1764  1764 D RegionalizationEnvironment: load packages for Carrier!
09-12 15:33:19.270  1764  1764 D RegionalizationEnvironment: loadExcludedApps!
09-12 15:33:19.270  1764  1764 D RegionalizationEnvironment: load excluded apps for /system/vendor/Default
09-12 15:33:19.566  1319  1349 E slim_daemon: [NDK] bindNDKSensors: Sensor server is unavailable.
09-12 15:33:19.625  1764  1764 D PackageManager: end scanDirLI:/system/framework
09-12 15:33:19.628  1764  1764 D PackageManager: start scanDirLI:/system/priv-app
09-12 15:33:19.628  1764  1764 D PackageManager: max thread:6
09-12 15:33:19.636  1318  1373 W XTCC-5.1.0.23-d: [CS-RIL-LISTENER] timerCallback fired for ril update registering, re-register
09-12 15:33:19.699   862  1683 I ServiceManager: Waiting for service sensorservice...
09-12 15:33:19.742  1764  1797 W PackageParser: No actions in intent filter at /system/priv-app/Contacts/Contacts.apk Binary XML file line #434
09-12 15:33:19.744  1764  1796 W PackageParser: No actions in intent filter at /system/priv-app/Dialer/Dialer.apk Binary XML file line #204
09-12 15:33:19.745  1764  1801 W PackageManager: Permission android.permission.DOWNLOAD_WITHOUT_NOTIFICATION from package com.android.providers.downloads in an unknown group android.permission-group.NETWORK
09-12 15:33:19.762  1764  1799 W PackageParser: Ignoring duplicate uses-permissions/uses-permissions-sdk-m: android.permission.VIBRATE in package: com.android.huaqin.factory at: Binary XML file line #39
09-12 15:33:19.763  1764  1799 W PackageParser: Ignoring duplicate uses-permissions/uses-permissions-sdk-m: android.permission.BLUETOOTH in package: com.android.huaqin.factory at: Binary XML file line #40
09-12 15:33:19.763  1764  1799 W PackageParser: Ignoring duplicate uses-permissions/uses-permissions-sdk-m: android.permission.BLUETOOTH_ADMIN in package: com.android.huaqin.factory at: Binary XML file line #41
09-12 15:33:19.765  1764  1799 W PackageParser: Ignoring duplicate uses-permissions/uses-permissions-sdk-m: android.permission.ACCESS_WIFI_STATE in package: com.android.huaqin.factory at: Binary XML file line #51
09-12 15:33:19.765  1764  1799 W PackageParser: Ignoring duplicate uses-permissions/uses-permissions-sdk-m: android.permission.CHANGE_WIFI_STATE in package: com.android.huaqin.factory at: Binary XML file line #52
09-12 15:33:19.765  1764  1799 W PackageParser: Ignoring duplicate uses-permissions/uses-permissions-sdk-m: android.permission.INTERNET in package: com.android.huaqin.factory at: Binary XML file line #53
09-12 15:33:19.766  1764  1799 W PackageParser: Ignoring duplicate uses-permissions/uses-permissions-sdk-m: android.permission.READ_PHONE_STATE in package: com.android.huaqin.factory at: Binary XML file line #54
09-12 15:33:19.766  1764  1799 W PackageParser: Ignoring duplicate uses-permissions/uses-permissions-sdk-m: android.permission.ACCESS_COARSE_LOCATION in package: com.android.huaqin.factory at: Binary XML file line #55
09-12 15:33:19.767  1764  1799 W PackageParser: Ignoring duplicate uses-permissions/uses-permissions-sdk-m: android.permission.INTERNET in package: com.android.huaqin.factory at: Binary XML file line #59
09-12 15:33:19.778  1764  1796 W PackageParser: Unknown element under <manifest>: uses-library at /system/priv-app/GoogleFeedback/GoogleFeedback.apk Binary XML file line #33
09-12 15:33:19.816  1764  1796 W PackageParser: Ignoring duplicate uses-permissions/uses-permissions-sdk-m: com.google.android.providers.gsf.permission.READ_GSERVICES in package: com.google.android.partnersetup at: Binary XML file line #32
09-12 15:33:19.835  1764  1799 W PackageManager: Permission com.android.launcher3.permission.READ_SETTINGS from package com.android.launcher3 in an unknown group android.permission-group.SYSTEM_TOOLS
09-12 15:33:19.836  1764  1799 W PackageManager: Permission com.android.launcher3.permission.WRITE_SETTINGS from package com.android.launcher3 in an unknown group android.permission-group.SYSTEM_TOOLS
09-12 15:33:19.836  1764  1799 W PackageManager: Permission com.android.launcher.permission.INSTALL_SHORTCUT from package com.android.launcher3 in an unknown group android.permission-group.SYSTEM_TOOLS
09-12 15:33:19.862  1764  1798 W PackageManager: Permission com.google.android.googleapps.permission.GOOGLE_AUTH from package com.google.android.gsf in an unknown group android.permission-group.ACCOUNTS
09-12 15:33:19.863  1764  1798 W PackageManager: Permission com.google.android.googleapps.permission.GOOGLE_AUTH.ALL_SERVICES from package com.google.android.gsf in an unknown group android.permission-group.ACCOUNTS
09-12 15:33:19.864  1764  1798 W PackageManager: Permission com.google.android.googleapps.permission.GOOGLE_AUTH.OTHER_SERVICES from package com.google.android.gsf in an unknown group android.permission-group.ACCOUNTS
