09-12 15:33:06.961   945  1049 D Diag_Lib: [IMS_DEBUG]| 345 | 1049 |clientThreadHandler_ipc : DATAD_EVENT : eCS_ENETISCONN : pDataD_IPC_Handle->ipc_record[count].iFace rmnet_data7, pDataD_IPC_Handle->ipc_record[count].ipaddr fe80::dc14:4f32:bb07:600e
09-12 15:33:06.961   945  1049 D Diag_Lib: [IMS_DEBUG]| 126 | 1049 |qpDplHandshakeNetEventCb | eEvent 2
09-12 15:33:06.961   945  1049 E Diag_Lib: [IMS_ERROR]| 1315 | 1049 |qpDataD_ipc_getIpAddress : Enter
09-12 15:33:06.961   945  1049 D Diag_Lib: [IMS_DEBUG]| 1328 | 1049 |qpDataD_ipc_getIpAddress : App ID match found at 0
09-12 15:33:06.961   945  1049 E Diag_Lib: [IMS_ERROR]| 1357 | 1049 |qpDataD_ipc_getIpAddress : IPV6 case. ip fe80::dc14:4f32:bb07:600e
09-12 15:33:06.961   945  1049 D Diag_Lib: [IMS_DEBUG]| 1362 | 1049 |qpDataD_ipc_getIpAddress : inet_pton success
09-12 15:33:06.961   945  1049 D Diag_Lib: [IMS_DEBUG]| 1411 | 1049 |qpDataD_ipc_getIFaceName : App ID match found at 0
09-12 15:33:06.961   945  1049 D Diag_Lib: [IMS_DEBUG]| 149 | 1049 |qpDplHandshakeNetEventCb | IP address is fe80::dc14:4f32:bb07:600e
09-12 15:33:06.961   945  1049 D Diag_Lib: [IMS_DEBUG]| 662 | 1049 |Datad_SocketHandler_ipc : Len 108, Bytes Consumed [108], Bytes Remaining [0]
09-12 15:33:06.961   945  1049 D Diag_Lib: [IMS_DEBUG]| 831 | 1049 |datad_select_fd : clientThreadHandler_ipc retrun 0
09-12 15:33:06.961   945  1049 D Diag_Lib: [IMS_DEBUG]| 226 | 1049 |qpActivateLinkLocal | return with success
09-12 15:33:06.961   945  1049 D Diag_Lib: [IMS_DEBUG]| 3469 | 1049 |qpDplInetPton: For IPV6 Success
09-12 15:33:06.961   945  1049 D Diag_Lib: [IMS_DEBUG]| 350 | 1049 |qpHandShakeDataInit: calling qpDplNetOpen
09-12 15:33:06.961   945  1049 D Diag_Lib: [IMS_DEBUG]| 360 | 1049 |qpHandShakeDataInit: setting scope ID to 12
09-12 15:33:06.962   945  1049 D Diag_Lib: [IMS_DEBUG]| 365 | 1049 |qpHandShakeDataInit  : ipv6 address is fe80::dc14:4f32:bb07:600e
09-12 15:33:06.962   945  1049 D Diag_Lib: [IMS_DEBUG]| 394 | 1049 |[IMS_DEBUG]****qpHandShakeDataInit: SO_RCVBUF size is 212992
09-12 15:33:06.962   945  1049 D Diag_Lib: [IMS_DEBUG]| 397 | 1049 |qpHandShakeDataInit: Setting SO_RCVBUF to double of 425984 ..
09-12 15:33:06.962   945  1049 D Diag_Lib: [IMS_DEBUG]| 408 | 1049 |[IMS_DEBUG]****qpHandShakeDataInit: SO_RCVBUF size is 851968
09-12 15:33:06.962   945  1049 D Diag_Lib: [IMS_DEBUG]| 412 | 1049 |qpHandShakeDataInit:: IP Address: fe80::dc14:4f32:bb07:600e
09-12 15:33:06.962   945  1049 D Diag_Lib: [IMS_DEBUG]| 413 | 1049 |qpHandShakeDataInit:: Port : 38445
09-12 15:33:06.962   945  1049 D Diag_Lib: [IMS_DEBUG]| 1075 | 1049 |qpdpl:Initialize - qpHandShakeDataInit Success
09-12 15:33:06.962   945  1049 D Diag_Lib: [IMS_DEBUG]| 2053 | 1049 |qpHandshakeSendUserAgent : Sending Userdata string
09-12 15:33:06.962   945  1049 D Diag_Lib: [IMS_DEBUG]| 2061 | 1049 |qpHandshakeSendUserAgent : Index 0, Reading Prop - [ro.fota.oem]
09-12 15:33:06.962   945  1049 D Diag_Lib: [IMS_DEBUG]| 2070 | 1049 |qpHandshakeSendUserAgent : Property [ro.fota.oem] Not Found. Skip it
09-12 15:33:06.962   945  1049 D Diag_Lib: [IMS_DEBUG]| 2061 | 1049 |qpHandshakeSendUserAgent : Index 1, Reading Prop - [ro.product.model]
09-12 15:33:06.962   945  1049 D Diag_Lib: [IMS_DEBUG]| 2074 | 1049 |qpHandshakeSendUserAgent : [ro.product.model] = [G]
09-12 15:33:06.962   945  1049 D Diag_Lib: [IMS_DEBUG]| 2079 | 1049 |qpHandshakeSendUserAgent : Allocating pUserDataString for 2 bytes
09-12 15:33:06.962   945  1049 D Diag_Lib: [IMS_DEBUG]| 2110 | 1049 |qpHandshakeSendUserAgent :  pUserDataString -  [G]
09-12 15:33:06.962   945  1049 D Diag_Lib: [IMS_DEBUG]| 2061 | 1049 |qpHandshakeSendUserAgent : Index 2, Reading Prop - [ro.build.software.version]
09-12 15:33:06.962   945  1049 D Diag_Lib: [IMS_DEBUG]| 2070 | 1049 |qpHandshakeSendUserAgent : Property [ro.build.software.version] Not Found. Skip it
09-12 15:33:06.962   945  1049 D Diag_Lib: [IMS_DEBUG]| 2120 | 1049 |qpHandshakeSendUserAgent : Final Userdata string - [G], String len [1], Offset [1]
09-12 15:33:06.962   945  1049 D Diag_Lib: [IMS_AP_D] 1492 | 1049 | qpdatadaemon_ipc.c : qpDataDaemonGetModemLinkLocal : Enter
09-12 15:33:06.962   945  1049 D Diag_Lib: [IMS_AP_D] 1521 | 1049 | qpdatadaemon_ipc.c : qpDataDaemonGetModemLinkLocal : inet_pton success
09-12 15:33:06.962   945  1049 D Diag_Lib: [IMS_AP_D] 459 | 1049 | qpDplHandShakeHandler.c : qpDplHandshakeSocketSend  : remote ipv6 address is fe80::44a8:d5e1:583a:e19
09-12 15:33:06.962   820   820 I cnss-daemon: RTM_NEWROUTE Indication
09-12 15:33:06.963   945  1049 D Diag_Lib: [IMS_DEBUG]| 1165 | 1049 |qpdpl:Initialize -sending dplInitialeComplete on success case
09-12 15:33:06.963   945  1049 D Diag_Lib: [IMS_DEBUG]| 754 | 1049 |qpDplRegRecoveryMonitor : Recovery Monitor Start
09-12 15:33:06.963   945  1049 D Diag_Lib: [IMS_DEBUG]| 767 | 1049 |DPL#$$#0#DPL STARTED HEAR BEAT
09-12 15:33:06.963   945  1049 D Diag_Lib: [IMS_DEBUG]| 804 | 1049 |DPL#$$#0#DPL SIGNAL Handler Not installed for VT case
09-12 15:33:06.963   945  1049 D Diag_Lib: [IMS_DEBUG]| 3013 | 1049 |dplInitialeComplete
09-12 15:33:06.963   945  1049 D Diag_Lib: [IMS_DEBUG]| 3019 | 1049 |dplInitialeComplete
09-12 15:33:06.963   945  1049 D Diag_Lib: [IMS_DEBUG]| 2579 | 1049 |qpDplPostMessage
09-12 15:33:06.963   945  1049 E Diag_Lib: [IMS_AP_E] 2539 | 1049 | qpdpl.c : calling qpPushEventToEventQueue
09-12 15:33:06.963   945  1049 E         : qvp_rtp_media_init
09-12 15:33:06.963   945  1049 E         : qvp_rtp_task_ctx.qvp_rtp_free_msg_queue = 0x7f878bc248
09-12 15:33:06.963   945  1049 E         : qvp_rtp_media_init_pvt
09-12 15:33:06.963   945  1049 E         : qvp_rtp_media_init_pvt QVP_RTP_VIDEO
09-12 15:33:06.963   945  1049 E         : qvp_rtp_media_init_video_pvt function called
09-12 15:33:06.963   945  1049 E         : qpRTPVideoInitialize
09-12 15:33:06.963   945  1049 E         : qpRTPVideoInitialize pVideoData
09-12 15:33:06.963   945  1049 E         : qpRTPVideoInitialize pGlobalData 0x7f8580c000 pGlobalData->pVideo 0x7f858aa000
09-12 15:33:06.963   945  1049 E         : qpRTPVideoInitialize success
09-12 15:33:06.963   945  1049 E         : qvp_rtp_media_init_video_pvt function sucess
09-12 15:33:06.963   945  1049 E         : qvp_rtp_task_ctx.qvp_rtp_free_msg_queue = 0x7f878bc248
09-12 15:33:06.964   945  1049 D Diag_Lib: [IMS_DEBUG]| 286 | 1049 |qpdpl:imsSignalHandler: Event:54521, Valid:1
09-12 15:33:06.965   873   873 D QSEECOMAPI: QSEECom_get_handle sb_length = 0x144c0
09-12 15:33:06.965   873   873 D QSEECOMAPI: App is not loaded in QSEE
09-12 15:33:06.966   873   873 D QSEECOMAPI: app_arch = 1, total_files = 8
09-12 15:33:06.977   945  1049 D Diag_Lib: [IMS_DEBUG]| 58 | 1049 |qpDPlOnMessage App 54521
09-12 15:33:06.977   945  1049 D Diag_Lib: [IMS_DEBUG]| 70 | 1049 |qpDplGetTimeInMilliSeconds : Enter
09-12 15:33:06.977   945  1049 D Diag_Lib: [IMS_DEBUG]| 74 | 1049 |qpDplGetTimeInMilliSeconds : Exit with Success
09-12 15:33:06.977   945  1049 D Diag_Lib: [IMS_DEBUG]| 3017 | 1049 |qpdpl_get_config_group | eQP_IMS_DPL_CONFIG
09-12 15:33:06.977   945  1049 D Diag_Lib: [IMS_DEBUG]| 2992 | 1049 |qpdpl_get_config_group | eQP_IMS_SIP_CONFIG
09-12 15:33:06.977   945  1049 D Diag_Lib: [IMS_DEBUG]| 3051 | 1049 |qpDplGetIMSI
09-12 15:33:06.977   945  1049 D Diag_Lib: [IMS_DEBUG]| 99 | 1049 |QPConfigurationHandler::GetInstance
09-12 15:33:06.977   945  1049 D Diag_Lib: [IMS_DEBUG]| 743 | 1049 |qpdpl_get_config_group_value | eQP_IMS_PM_CONFIG
09-12 15:33:06.977   945  1049 D Diag_Lib: [IMS_DEBUG]| 2442 | 1049 |QPConfigurationHandler::GetPMRATMapped Entered
09-12 15:33:06.977   945  1049 D Diag_Lib: [IMS_DEBUG]| 2527 | 1049 |QPConfigurationHandler::GetPMRATFBMapped Entered
09-12 15:33:06.977   945  1049 D Diag_Lib: [IMS_DEBUG]| 910 | 1049 |qpDplIODeviceGetItem
09-12 15:33:06.977   945  1049 D Diag_Lib: [IMS_DEBUG]| 926 | 1049 |qpDplIODeviceGetItem | QP_IMS_OPRT_MODE
09-12 15:33:06.977   945  1049 D Diag_Lib: [IMS_DEBUG]| 94 | 1049 |qpDplRegNVChangeInd - FOUND empty pos at index[0] for pCallBackFunc[85777db8]
09-12 15:33:06.978   945  1049 E Diag_Lib: [IMS_ERROR]| 228 | 1049 |QPConfigurationHandler::Init | RegSettingChangeCB registered with settings change cb
09-12 15:33:06.978   945  1049 D Diag_Lib: [IMS_DEBUG]| 232 | 1049 |QPConfigurationHandler::SetLTENoVopsConfigured -LTE no Vops configured 0
09-12 15:33:06.978   945  1049 D Diag_Lib: [IMS_DEBUG]| 252 | 1049 |QPConfigurationHandler::qpGetConfiguration QP_PM_REQUEST_ID 9
09-12 15:33:06.978   945  1049 D Diag_Lib: [IMS_DEBUG]| 667 | 1049 |qpdpl_get_config_group_value | eQP_IMS_SIP_CONFIG
09-12 15:33:06.978   945  1049 D Diag_Lib: [IMS_DEBUG]| 1470 | 1049 |qpDplAllocateLoSockRang : gLOSockFdStart [29501], gLOSockFdEnd [30000]
09-12 15:33:06.978   945  1049 D Diag_Lib: [IMS_AP_D] 1492 | 1049 | qpdatadaemon_ipc.c : qpDataDaemonGetModemLinkLocal : Enter
09-12 15:33:06.978   945  1049 D Diag_Lib: [IMS_AP_D] 1521 | 1049 | qpdatadaemon_ipc.c : qpDataDaemonGetModemLinkLocal : inet_pton success
09-12 15:33:06.978   945  1049 D Diag_Lib: [IMS_DEBUG]| 6998 | 1049 |qpDplGetLinkLocalAddr | Return Modem Link Local address with success
09-12 15:33:06.978   945  1049 D Diag_Lib: [IMS_DEBUG]| 7010 | 1049 |qpDplGetLinkLocalAddr | Return APSS Link Local address with success
09-12 15:33:06.978   945  1049 D Diag_Lib: [IMS_DEBUG]| 1762 | 1049 |qpDplNetOpen: Net Open called for Connection Profile (858a4140)
09-12 15:33:06.978   945  1049 D Diag_Lib: [IMS_DEBUG]| 6101 | 1049 |isSlotAvailNetConnProfileArray: Found an Empty index at [1] pos
09-12 15:33:06.978   945  1049 D Diag_Lib: [IMS_DEBUG]| 1783 | 1049 |qpDplNetOpen:pNetConnProfile->eSockType 2 , pNetConnProfile->eProtoInet 2
09-12 15:33:06.978   945  1049 D Diag_Lib: [IMS_DEBUG]| 1883 | 1049 |NET_IFACE_LINK_LOCAL hard coding family to v6
09-12 15:33:06.978   945  1049 D Diag_Lib: [IMS_DEBUG]| 1732 | 1049 |isLocalIPAvailable: IPV6 : Local IP Configured
09-12 15:33:06.978   945  1049 D Diag_Lib: [IMS_DEBUG]| 1945 | 1049 |qpDplNetOpen: socket create with familyType 10, socketType 2, protocol 17
09-12 15:33:06.978   945  1049 E Diag_Lib: [IMS_ERROR]| 1980 | 1049 |qpDplNetOpen - getting NetID from - sys.ims.datadaemon.ims.netid - for IMS pdn
09-12 15:33:06.978   945  1049 E Diag_Lib: [IMS_ERROR]| 1983 | 1049 |qpDplNetOpen - net id for ims pdn 18446744073709551615
09-12 15:33:06.979   945  1049 D Diag_Lib: [IMS_DEBUG]| 1997 | 1049 |Socket FD 18 added to the conn profile
09-12 15:33:06.979   945  1049 D Diag_Lib: [IMS_DEBUG]| 693 | 1049 |qpdpl_get_config_group_value | eQP_IMS_DPL_CONFIG
09-12 15:33:06.979   945  1049 E Diag_Lib: [IMS_ERROR]| 2006 | 1049 |qpDplNetOpen: DSCP Value [0]
09-12 15:33:06.979   945  1049 D Diag_Lib: [IMS_DEBUG]| 2040 | 1049 |qpDplNetOpen: setsockopt  SO_SNDBUF set to [36864]
09-12 15:33:06.979   945  1049 D Diag_Lib: [IMS_DEBUG]| 2049 | 1049 |qpDplNetOpen: SO_SNDBUF option set on UDP socket [18]
09-12 15:33:06.979   945  1049 D Diag_Lib: [IMS_DEBUG]| 2152 | 1049 |qpDplNetOpen: Remote PORT=0
09-12 15:33:06.979   945  1049 D Diag_Lib: [IMS_DEBUG]| 2158 | 1049 |qpDplNetOpen: Local PORT=0
09-12 15:33:06.979   945  1049 D Diag_Lib: [IMS_DEBUG]| 2186 | 1049 |qpDplNetOpen: after htons pSocketData->iLocalPort [0], original pNetConnProfile->iLocalPort 0
09-12 15:33:06.979   945  1049 D Diag_Lib: [IMS_DEBUG]| 604 | 1049 |AllocSocketDataBlock: pSocketData=858c4000
09-12 15:33:06.979   945  1049 D Diag_Lib: [IMS_DEBUG]| 611 | 1049 |AllocSocketDataBlock: Found block 0 to save mapping from socket descriptor to socket struct
09-12 15:33:06.979   945  1049 D Diag_Lib: [IMS_DEBUG]| 612 | 1049 |AllocSocketDataBlock: pSocketData->iSocketFd 18
09-12 15:33:06.979   945  1049 D Diag_Lib: [IMS_DEBUG]| 3645 | 1049 |SocketRealize: enter
09-12 15:33:06.979   945  1049 D Diag_Lib: [IMS_DEBUG]| 3716 | 1049 |NET_SOCK_DGRAM == pSocketData->iSocketType
09-12 15:33:06.979   945  1049 D Diag_Lib: [IMS_DEBUG]| 3720 | 1049 |ss_family == AF_INET6
09-12 15:33:06.979   945  1049 D Diag_Lib: [IMS_DEBUG]| 3738 | 1049 |Setting scope ID 12
09-12 15:33:06.979   945  1049 D Diag_Lib: [IMS_DEBUG]| 3743 | 1049 |SocketRealize  : ipv6 address is fe80::dc14:4f32:bb07:600e
09-12 15:33:06.979   945  1049 E Diag_Lib: [IMS_ERROR]| 3765 | 1049 |SocketRealize: NET_IFACE_LINK_LOCAL not tethered or routable
09-12 15:33:06.979   945  1049 D Diag_Lib: [IMS_DEBUG]| 4083 | 1049 |inside NET_SOCK_DGRAM , calling SocketRead(pSocketData)
09-12 15:33:06.979   945  1049 D Diag_Lib: [IMS_DEBUG]| 4224 | 1049 |SocketRead: Error reading data on socket: errno [Try again]
09-12 15:33:06.979   945  1049 D Diag_Lib: [IMS_DEBUG]| 4341 | 1049 |SocketRead: Error EWOULDBLOCK/EIO - socket monitor thread will take care of this
09-12 15:33:06.979   945  1049 D Diag_Lib: [IMS_DEBUG]| 4091 | 1049 |inside NET_SOCK_DGRAM , calling SocketWrite(pSocketData)
09-12 15:33:06.980   945  1049 D Diag_Lib: [IMS_DEBUG]| 4483 | 1049 |SocketWrite | There is no packets to write
09-12 15:33:06.980   945  1049 D Diag_Lib: [IMS_DEBUG]| 4130 | 1049 |socekt realize exit
09-12 15:33:06.980   945  1049 D Diag_Lib: [IMS_DEBUG]| 2277 | 1049 |qpDplNetOpen - Adding [0x7f858a4140] profile with [18] socket in [1] index
09-12 15:33:06.980   945  1049 D Diag_Lib: [IMS_DEBUG]| 2282 | 1049 |dummy write to unblock select, Since a new socket is created
09-12 15:33:06.980   945  1049 D Diag_Lib: [IMS_DEBUG]| 4585 | 1049 |SocketWrite : scopeid 0
09-12 15:33:06.980   945  1049 E Diag_Lib: DPL : gIsQXDMDisabled 0, gIsADBDisabled 1, gIsDebugDisabled 0, gIsIMSLogsDisabled 0 gIsDebugDataPathDisabled = 0
09-12 15:33:06.980   945  1049 E         : qvp_rtp_task_ctx.qvp_rtp_message_queue = 0x7f878bc230
09-12 15:33:07.101   766   766 D         : Environment::getOverlayDir() = /system/vendor/Default/system/vendor/overlay
09-12 15:33:07.108   746   746 I CNSS    : cnss_open_log_file: create directory /sdcard/wlan_logs/ ret = -1 errno= 2
09-12 15:33:07.193   862   862 E mm-camera: 16885_Module Info[0x0]=0x1
09-12 15:33:07.193   862   862 E mm-camera: 16885_Module Info[0x1]=0x1
09-12 15:33:07.193   862   862 E mm-camera: 16885_Module Info[0x2]=0x11
09-12 15:33:07.193   862   862 E mm-camera: 16885_Module Info[0x3]=0x7
09-12 15:33:07.193   862   862 E mm-camera: 16885_Module Info[0x4]=0x3
09-12 15:33:07.193   862   862 E mm-camera: 16885_Module Info[0x5]=0x5
09-12 15:33:07.193   862   862 E mm-camera: 16885_Module Info[0x6]=0x1
09-12 15:33:07.193   862   862 E mm-camera: 16885_Module Info[0x7]=0x1
09-12 15:33:07.193   862   862 E mm-camera: 16885_Module Info[0x8]=0x2
09-12 15:33:07.193   862   862 E mm-camera: 16885_Module Info[0x9]=0x0
09-12 15:33:07.193   862   862 E mm-camera: 16885_Module Info[0xa]=0x0
09-12 15:33:07.193   862   862 E mm-camera: 16885_Module Info[0xb]=0x25
09-12 15:33:07.193   862   862 E mm-camera: [otp]:check MODULE_INFO data success
09-12 15:33:07.193   862   862 E mm-camera: [otp]:checksum_value = 0x25, caculate_value = 0x25
09-12 15:33:07.193   862   862 E mm-camera: ov 16855 Module Info:supply id is 1
09-12 15:33:07.193   862   862 E mm-camera: ov 16855 Module Info:module code is 5
09-12 15:33:07.193   862   862 E mm-camera: ov 16855 Module Info:Y/M/D: 17/7/3
09-12 15:33:07.193   862   862 E mm-camera:  set  camera_name to ov16885 for remosaic 
09-12 15:33:07.218   862   862 E mm-camera: [otp]:16885_check AWB data success
09-12 15:33:07.218   862   862 E mm-camera: [otp]:16885_checksum_value = 0xa8, caculate_value = 0xa8
09-12 15:33:07.218   862   862 E mm-camera: 16885_r_over_gr=0.516602,b_over_gb=0.557617,gr_over_gb=1.003922
09-12 15:33:07.218   862   862 E mm-camera: [otp]:16885_check LSC data success
09-12 15:33:07.218   862   862 E mm-camera: [otp]:16885_checksum_value = 0xe, caculate_value = 0xe
09-12 15:33:07.218   862   862 E mm-camera: OTP: LSC MESH R MATRIX
09-12 15:33:07.218   862   862 E mm-camera: 1.01, 1.14, 1.32, 1.54, 1.71, 1.85, 1.98, 2.07,2.11, 2.10, 2.04,1.93, 1.80, 1.62, 1.41, 1.20, 1.06
09-12 15:33:07.218   862   862 E mm-camera: 1.11, 1.30, 1.55, 1.77, 1.95, 2.13, 2.29, 2.43,2.48, 2.46, 2.38,2.23, 2.04, 1.85, 1.64, 1.39, 1.16
09-12 15:33:07.218   862   862 E mm-camera: 1.19, 1.45, 1.71, 1.94, 2.18, 2.41, 2.62, 2.80,2.86, 2.84, 2.72,2.53, 2.29, 2.04, 1.82, 1.57, 1.29
09-12 15:33:07.218   862   862 E mm-camera: 1.29, 1.59, 1.85, 2.10, 2.39, 2.67, 2.94, 3.16,3.26, 3.22, 3.06,2.81, 2.51, 2.20, 1.94, 1.70, 1.41
09-12 15:33:07.218   862   862 E mm-camera: 1.38, 1.68, 1.94, 2.23, 2.56, 2.89, 3.23, 3.51,3.63, 3.58, 3.38,3.06, 2.71, 2.37, 2.04, 1.80, 1.50
09-12 15:33:07.218   862   862 E mm-camera: 1.44, 1.74, 2.01, 2.32, 2.69, 3.05, 3.43, 3.75,3.89, 3.84, 3.59,3.23, 2.83, 2.46, 2.12, 1.85, 1.57
09-12 15:33:07.218   862   862 E mm-camera: 1.47, 1.77, 2.02, 2.35, 2.72, 3.10, 3.50, 3.84,4.00, 3.92, 3.66,3.27, 2.88, 2.48, 2.15, 1.87, 1.58
09-12 15:33:07.218   862   862 E mm-camera: 1.45, 1.75, 2.00, 2.32, 2.67, 3.03, 3.41, 3.71,3.86, 3.80, 3.56,3.19, 2.80, 2.44, 2.12, 1.85, 1.56
09-12 15:33:07.218   862   862 E mm-camera: 1.39, 1.69, 1.94, 2.22, 2.54, 2.86, 3.19, 3.46,3.57, 3.52, 3.31,2.99, 2.66, 2.34, 2.04, 1.79, 1.50
09-12 15:33:07.218   862   862 E mm-camera: 1.30, 1.59, 1.84, 2.07, 2.36, 2.62, 2.89, 3.11,3.19, 3.14, 2.98,2.74, 2.45, 2.17, 1.92, 1.68, 1.38
09-12 15:33:07.218   862   862 E mm-camera: 1.19, 1.45, 1.70, 1.92, 2.15, 2.37, 2.59, 2.75,2.80, 2.76, 2.65,2.46, 2.23, 1.99, 1.79, 1.55, 1.26
09-12 15:33:07.218   862   862 E mm-camera: 1.11, 1.29, 1.53, 1.73, 1.92, 2.09, 2.25, 2.38,2.42, 2.39, 2.32,2.18, 1.99, 1.80, 1.61, 1.37, 1.14
09-12 15:33:07.218   862   862 E mm-camera: 0.98, 1.12, 1.29, 1.50, 1.68, 1.80, 1.91, 2.00,2.03, 2.03, 1.97,1.86, 1.74, 1.59, 1.36, 1.18, 1.04
09-12 15:33:07.218   862   862 E mm-camera: OTP: LSC MESH GR MATRIX
09-12 15:33:07.218   862   862 E mm-camera: 1.11, 1.26, 1.45, 1.68, 1.87, 2.00, 2.12, 2.21,2.25, 2.25, 2.20,2.09, 1.95, 1.77, 1.54, 1.32, 1.15
09-12 15:33:07.218   862   862 E mm-camera: 1.20, 1.41, 1.68, 1.92, 2.11, 2.28, 2.44, 2.57,2.62, 2.61, 2.54,2.39, 2.21, 2.00, 1.78, 1.52, 1.27
09-12 15:33:07.218   862   862 E mm-camera: 1.28, 1.58, 1.86, 2.10, 2.34, 2.56, 2.77, 2.93,2.99, 2.97, 2.87,2.68, 2.44, 2.19, 1.96, 1.70, 1.39
09-12 15:33:07.218   862   862 E mm-camera: 1.38, 1.72, 2.00, 2.27, 2.55, 2.81, 3.06, 3.27,3.35, 3.32, 3.18,2.96, 2.67, 2.37, 2.10, 1.84, 1.52
09-12 15:33:07.218   862   862 E mm-camera: 1.48, 1.82, 2.11, 2.40, 2.71, 3.02, 3.31, 3.57,3.68, 3.65, 3.46,3.19, 2.86, 2.52, 2.20, 1.93, 1.63
09-12 15:33:07.218   862   862 E mm-camera: 1.54, 1.88, 2.17, 2.48, 2.82, 3.16, 3.49, 3.77,3.91, 3.86, 3.65,3.33, 2.97, 2.61, 2.27, 1.99, 1.68
09-12 15:33:07.218   862   862 E mm-camera: 1.57, 1.90, 2.18, 2.50, 2.85, 3.19, 3.55, 3.85,4.00, 3.94, 3.72,3.37, 3.00, 2.63, 2.29, 2.00, 1.70
09-12 15:33:07.219   862   862 E mm-camera: 1.56, 1.89, 2.16, 2.47, 2.81, 3.13, 3.46, 3.73,3.86, 3.82, 3.61,3.29, 2.93, 2.58, 2.26, 1.98, 1.67
09-12 15:33:07.219   862   862 E mm-camera: 1.49, 1.83, 2.09, 2.38, 2.69, 2.98, 3.26, 3.50,3.61, 3.57, 3.39,3.10, 2.80, 2.48, 2.18, 1.92, 1.60
09-12 15:33:07.219   862   862 E mm-camera: 1.39, 1.71, 1.99, 2.24, 2.51, 2.77, 3.01, 3.20,3.28, 3.24, 3.10,2.87, 2.59, 2.32, 2.07, 1.81, 1.49
09-12 15:33:07.219   862   862 E mm-camera: 1.28, 1.57, 1.85, 2.07, 2.30, 2.51, 2.73, 2.87,2.92, 2.89, 2.78,2.61, 2.38, 2.15, 1.93, 1.66, 1.36
09-12 15:33:07.219   862   862 E mm-camera: 1.20, 1.40, 1.66, 1.89, 2.08, 2.25, 2.40, 2.51,2.55, 2.53, 2.46,2.32, 2.15, 1.96, 1.74, 1.48, 1.24
09-12 15:33:07.219   862   862 E mm-camera: 1.07, 1.23, 1.41, 1.64, 1.82, 1.95, 2.06, 2.14,2.17, 2.16, 2.11,2.01, 1.88, 1.71, 1.48, 1.28, 1.12
09-12 15:33:07.219   862   862 E mm-camera: OTP: LSC MESH GB MATRIX
09-12 15:33:07.219   862   862 E mm-camera: 1.10, 1.25, 1.44, 1.66, 1.84, 1.97, 2.09, 2.19,2.23, 2.22, 2.17,2.07, 1.93, 1.75, 1.53, 1.31, 1.16
09-12 15:33:07.219   862   862 E mm-camera: 1.20, 1.41, 1.67, 1.90, 2.09, 2.26, 2.42, 2.55,2.60, 2.59, 2.51,2.37, 2.19, 1.99, 1.77, 1.51, 1.26
09-12 15:33:07.219   862   862 E mm-camera: 1.29, 1.58, 1.86, 2.09, 2.32, 2.54, 2.74, 2.91,2.97, 2.95, 2.84,2.66, 2.43, 2.18, 1.96, 1.70, 1.39
09-12 15:33:07.219   862   862 E mm-camera: 1.39, 1.72, 2.00, 2.26, 2.54, 2.79, 3.04, 3.25,3.34, 3.31, 3.16,2.95, 2.66, 2.37, 2.10, 1.85, 1.52
09-12 15:33:07.219   862   862 E mm-camera: 1.49, 1.82, 2.11, 2.40, 2.71, 3.01, 3.30, 3.56,3.68, 3.64, 3.45,3.18, 2.86, 2.52, 2.21, 1.94, 1.63
09-12 15:33:07.219   862   862 E mm-camera: 1.55, 1.88, 2.17, 2.48, 2.82, 3.15, 3.48, 3.77,3.91, 3.86, 3.64,3.32, 2.96, 2.61, 2.28, 2.00, 1.69
09-12 15:33:07.219   862   862 E mm-camera: 1.58, 1.91, 2.19, 2.50, 2.85, 3.19, 3.54, 3.85,4.00, 3.93, 3.71,3.36, 2.99, 2.63, 2.30, 2.01, 1.70
09-12 15:33:07.219   862   862 E mm-camera: 1.57, 1.89, 2.17, 2.47, 2.80, 3.13, 3.45, 3.73,3.87, 3.81, 3.61,3.28, 2.93, 2.59, 2.27, 1.98, 1.68
09-12 15:33:07.219   862   862 E mm-camera: 1.50, 1.84, 2.10, 2.39, 2.69, 2.98, 3.27, 3.51,3.62, 3.58, 3.38,3.10, 2.80, 2.49, 2.19, 1.93, 1.61
09-12 15:33:07.219   862   862 E mm-camera: 1.40, 1.73, 2.00, 2.25, 2.52, 2.77, 3.02, 3.21,3.28, 3.25, 3.10,2.87, 2.60, 2.33, 2.08, 1.82, 1.50
09-12 15:33:07.219   862   862 E mm-camera: 1.29, 1.57, 1.86, 2.08, 2.30, 2.51, 2.73, 2.88,2.92, 2.89, 2.78,2.61, 2.38, 2.16, 1.94, 1.68, 1.36
09-12 15:33:07.219   862   862 E mm-camera: 1.20, 1.41, 1.66, 1.89, 2.07, 2.24, 2.40, 2.52,2.56, 2.53, 2.46,2.32, 2.15, 1.96, 1.74, 1.49, 1.24
09-12 15:33:07.219   862   862 E mm-camera: 1.07, 1.23, 1.41, 1.64, 1.82, 1.94, 2.05, 2.14,2.17, 2.17, 2.11,2.02, 1.88, 1.71, 1.48, 1.28, 1.12
09-12 15:33:07.219   862   862 E mm-camera: OTP: LSC MESH B MATRIX
09-12 15:33:07.219   862   862 E mm-camera: 1.14, 1.29, 1.48, 1.72, 1.90, 2.04, 2.16, 2.27,2.31, 2.30, 2.25,2.15, 1.99, 1.82, 1.59, 1.37, 1.20
09-12 15:33:07.219   862   862 E mm-camera: 1.23, 1.45, 1.72, 1.95, 2.14, 2.30, 2.48, 2.61,2.67, 2.65, 2.57,2.43, 2.25, 2.05, 1.84, 1.57, 1.32
09-12 15:33:07.219   862   862 E mm-camera: 1.33, 1.62, 1.91, 2.14, 2.37, 2.59, 2.79, 2.96,3.03, 3.01, 2.90,2.73, 2.50, 2.26, 2.03, 1.77, 1.45
09-12 15:33:07.219   862   862 E mm-camera: 1.45, 1.78, 2.07, 2.32, 2.57, 2.83, 3.07, 3.29,3.37, 3.35, 3.21,3.00, 2.73, 2.44, 2.19, 1.93, 1.60
09-12 15:33:07.219   862   862 E mm-camera: 1.54, 1.88, 2.16, 2.44, 2.75, 3.03, 3.30, 3.56,3.68, 3.65, 3.48,3.22, 2.91, 2.59, 2.30, 2.02, 1.71
09-12 15:33:07.219   862   862 E mm-camera: 1.62, 1.95, 2.23, 2.53, 2.84, 3.15, 3.48, 3.76,3.91, 3.86, 3.65,3.35, 3.03, 2.69, 2.37, 2.09, 1.78
09-12 15:33:07.219   862   862 E mm-camera: 1.65, 1.97, 2.25, 2.55, 2.88, 3.20, 3.54, 3.84,4.00, 3.93, 3.72,3.39, 3.05, 2.71, 2.39, 2.11, 1.79
09-12 15:33:07.220   862   862 E mm-camera: 1.63, 1.95, 2.23, 2.52, 2.82, 3.13, 3.45, 3.72,3.86, 3.82, 3.61,3.30, 2.99, 2.66, 2.35, 2.07, 1.75
09-12 15:33:07.220   862   862 E mm-camera: 1.56, 1.89, 2.16, 2.43, 2.72, 3.00, 3.27, 3.51,3.62, 3.58, 3.40,3.13, 2.85, 2.55, 2.27, 2.01, 1.69
09-12 15:33:07.220   862   862 E mm-camera: 1.45, 1.78, 2.05, 2.29, 2.54, 2.79, 3.03, 3.22,3.29, 3.27, 3.12,2.91, 2.65, 2.39, 2.15, 1.89, 1.56
09-12 15:33:07.220   862   862 E mm-camera: 1.32, 1.61, 1.89, 2.11, 2.32, 2.53, 2.74, 2.89,2.94, 2.91, 2.80,2.64, 2.42, 2.21, 2.00, 1.74, 1.42
09-12 15:33:07.220   862   862 E mm-camera: 1.23, 1.43, 1.69, 1.91, 2.09, 2.26, 2.41, 2.54,2.59, 2.55, 2.49,2.35, 2.18, 2.00, 1.80, 1.54, 1.28
09-12 15:33:07.220   862   862 E mm-camera: 1.10, 1.27, 1.42, 1.66, 1.84, 1.96, 2.07, 2.16,2.20, 2.20, 2.14,2.04, 1.91, 1.74, 1.52, 1.30, 1.16
09-12 15:33:07.220   862   862 E mm-camera: Exit
09-12 15:33:07.220   862   862 E mm-camera: x_talk_ov16885_enter
09-12 15:33:07.220   862   862 E mm-camera: Mesin_x_talk_caculate_value_ov16885=0x28
09-12 15:33:07.220   862   862 E mm-camera: Mesin_x_talk_checksum_value_ov16885=0x28
09-12 15:33:07.220   862   862 E mm-camera: Mesin_x_talk_ov16885 checksum data success
09-12 15:33:07.220   862   862 E mm-camera: <SENSOR><ERROR> ov16885_fm24c64d_eeprom_get_calibration_items: 102:  Exit 
09-12 15:33:07.221   862   862 E mm-camera: <SENSOR><ERROR> 6901: module_sensor_init_eeprom: dlopen lib /system/vendor/lib/libIQM_OTP_Correction.so ,OK
09-12 15:33:07.221   862   862 E mm-camera: <SENSOR><ERROR> 6916: module_sensor_init_eeprom: module_sensor_init_eeprom:6916 /system/vendor/lib/libIQM_OTP_Correction.so version[1]
09-12 15:33:07.221   862   862 E mm-camera: <SENSOR><ERROR> 6922: module_sensor_init_eeprom: module_sensor_init_eeprom:6922 OTP_Correction return value[2]
09-12 15:33:07.266   763   763 W Zygote  : Class not found for preloading: android.view.Display$ColorTransform
09-12 15:33:07.267   763   763 W Zygote  : Class not found for preloading: android.view.Display$ColorTransform$1
09-12 15:33:07.317   766   766 W Zygote  : Class not found for preloading: android.view.Display$ColorTransform
09-12 15:33:07.318   766   766 W Zygote  : Class not found for preloading: android.view.Display$ColorTransform$1
09-12 15:33:07.356   773  1305 W BatteryNotifier: batterystats service unavailable!
09-12 15:33:07.357   773  1307 W BatteryNotifier: batterystats service unavailable!
09-12 15:33:07.374   873   873 D QSEECOMAPI: Loaded image: APP id = 458754
09-12 15:33:07.378   773  1308 W BatteryNotifier: batterystats service unavailable!
09-12 15:33:07.379   873   873 D QSEECOMAPI: QSEECom_get_handle sb_length = 0x400
09-12 15:33:07.380   873   873 D QSEECOMAPI: App is already loaded QSEE and app id = 65537
09-12 15:33:07.385   773  1310 W BatteryNotifier: batterystats service unavailable!
09-12 15:33:07.386   873   873 D QSEECOMAPI: QSEECom_dealloc_memory 
09-12 15:33:07.386   873   873 D QSEECOMAPI: QSEECom_shutdown_app, app_id = 65537
09-12 15:33:07.401   862   862 I mm-camera: <MCT   >< INFO> 98: server_process_module_init: Begin init mods
09-12 15:33:07.428   873   873 D QSEECOMAPI: QSEECom_dealloc_memory 
09-12 15:33:07.428   873   873 D QSEECOMAPI: QSEECom_shutdown_app, app_id = 458754
09-12 15:33:07.480   862   862 I mm-camera: <ISP   >< INFO> 3972: isp_resource_get_isp_hw_limit: isp hw limit 0
09-12 15:33:07.520   862   862 I mm-camera: <ISP   >< INFO> 105: module_color_correct40_init: name color_correct40
09-12 15:33:07.524   862   862 I mm-camera: <ISP   >< INFO> 97: module_luma_adaptation40_init: name luma_adaptation40
09-12 15:33:07.556   862   862 I mm-camera: <ISP   >< INFO> 3972: isp_resource_get_isp_hw_limit: isp hw limit 0
09-12 15:33:07.562  1319  1349 E slim_daemon: [NDK] bindNDKSensors: Sensor server is unavailable.
09-12 15:33:07.566   862   862 I mm-camera: <ISP   >< INFO> 105: module_color_correct40_init: name color_correct40
09-12 15:33:07.567   862   862 I mm-camera: <ISP   >< INFO> 97: module_luma_adaptation40_init: name luma_adaptation40
09-12 15:33:07.572   862   862 I mm-camera: <ISP   >< INFO> 893: module_isp_init: module 0xea4aac60
09-12 15:33:07.589   862   862 I mm-camera: <CPP   >< INFO> 155: cpp_module_init: info: CPP module_init successful
09-12 15:33:07.603   862   862 E mm-camera: <IMGLIB><ERROR> 957: frameproc_comp_load_fn_ptrs: img_algo_post_process can be NULL for few AOST features
09-12 15:33:07.606   862   862 E mm-camera: <IMGLIB><ERROR> 957: frameproc_comp_load_fn_ptrs: img_algo_post_process can be NULL for few AOST features
09-12 15:33:07.622   862   862 E mm-camera: <IMGLIB><ERROR> 957: frameproc_comp_load_fn_ptrs: img_algo_post_process can be NULL for few AOST features
09-12 15:33:07.623   862   862 E mm-camera: <IMGLIB><ERROR> 1168: frameproc_comp_reload_lib: frameproc_comp_reload_lib:1168] Error opening frameproc library libmmcamera_sw_tnr.so error dlopen failed: library "libmmcamera_sw_tnr.so" not found
09-12 15:33:07.623   862   862 E mm-camera: <IMGLIB><ERROR> 1037: frameproc_comp_load: frameproc_comp_load:1037] cannot load libmmcamera_sw_tnr.so
09-12 15:33:07.623   862   862 E mm-camera: <IMGLIB><ERROR> 3096: module_imgbase_init: module_imgbase_init_sw_tnr:3096] Error rc -7
09-12 15:33:07.631   862   862 E mm-camera: <IMGLIB><ERROR> 957: frameproc_comp_load_fn_ptrs: img_algo_post_process can be NULL for few AOST features
09-12 15:33:07.632   862   862 E mm-camera: <IMGLIB><ERROR> 202: faceproc_hw_comp_get_fd_device_name: Can not discover face-detect device
09-12 15:33:07.633   862   862 E mm-camera: <IMGLIB><ERROR> 4685: faceproc_hw_comp_load: Can not find device name
09-12 15:33:07.646  1318  1363 E LocSvc_api_v02: E/loc_sync_wait_for_ind:458]: slot 0, timed out for ind_id QMI_LOC_INJECT_APDONOTCACHE_DATA_REQ_V02
09-12 15:33:07.646  1318  1363 E LocSvc_api_v02: E/loc_sync_send_req:529]: loc_api_wait_for_ind failed, err -110, select id 0, status eLOC_CLIENT_FAILURE_TIMEOUT
09-12 15:33:07.646  1318  1363 E LocSvc_IzatApiV02: E/virtual int izat_core::IzatApiV02::injectApCacheBlacklist(APCacheBlacklistData):857]: Error : st = 6, ind.status = 0
09-12 15:33:07.646  1318  1363 E LocSvc_IzatApiV02: E/virtual int izat_core::IzatApiV02::injectApCacheBlacklist(APCacheBlacklistData):869]: inject AP Cache - blacklistto modem failed. 
09-12 15:33:07.646  1318  1363 E LocSvc_api_v02: I/---> locClientSendReq line 2064 QMI_LOC_INJECT_APDONOTCACHE_DATA_REQ_V02
09-12 15:33:07.669   862   862 E mm-camera: <IMGLIB><ERROR> 957: frameproc_comp_load_fn_ptrs: img_algo_post_process can be NULL for few AOST features
09-12 15:33:07.671   862   862 E mm-camera: <IMGLIB><ERROR> 957: frameproc_comp_load_fn_ptrs: img_algo_post_process can be NULL for few AOST features
09-12 15:33:07.671   862   862 E mm-camera: <IMGLIB><ERROR> 744: module_imglib_create_topology: module_imglib_create_topology:744] Can not init the module imglib_oem1
09-12 15:33:07.671   862   862 I mm-camera: <MCT   >< INFO> 135: server_process_module_init: CAMERA_DAEMON: init mods done
09-12 15:33:07.673   782   782 I QCamera : <MCI><INFO> get_num_of_cameras: 1906: dev_info[id=0,name='video1']
09-12 15:33:07.673   782   782 I QCamera : <MCI><INFO> get_num_of_cameras: 1906: dev_info[id=1,name='video2']
09-12 15:33:07.673   782   782 I QCamera : <MCI><INFO> get_num_of_cameras: 1906: dev_info[id=2,name='video3']
09-12 15:33:07.673   782   782 I QCamera : <MCI><INFO> sort_camera_info: 1678: YUV Aux camera exposed 0
09-12 15:33:07.673   782   782 I QCamera : <MCI><INFO> sort_camera_info: 1755: Camera id: 0 facing: 0, type: 1 is_yuv: 0
09-12 15:33:07.673   782   782 I QCamera : <MCI><INFO> sort_camera_info: 1755: Camera id: 1 facing: 1, type: 0 is_yuv: 0
09-12 15:33:07.673   782   782 I QCamera : <MCI><INFO> sort_camera_info: 1755: Camera id: 2 facing: 0, type: 2 is_yuv: 0
09-12 15:33:07.673   782   782 I QCamera : <MCI><INFO> sort_camera_info: 1758: Number of cameras 3 sorted 3
09-12 15:33:07.673   782   782 I QCamera : <MCI><INFO> get_num_of_cameras: 1924: num_cameras=3
09-12 15:33:07.673   782   782 I CameraService: Loaded "QCamera Module" camera module
09-12 15:33:07.674   782   782 I QCamera : <HAL><INFO> int qcamera::QCamera2Factory::getCameraInfo(int, struct camera_info *): 347: Camera id 0 API version 256
09-12 15:33:07.674   862   862 I mm-camera: < INFO> 395: void enable_memleak_trace(int): start memleak tracking.
09-12 15:33:07.682   862   862 I mm-camera: <MCT   >< INFO> 63: mct_controller_new: Creating new mct_controller with session-id 1
09-12 15:33:07.683   862  1671 I mm-camera: <MCT   >< INFO> 4549: mct_pipeline_start_session_thread: E sensor
09-12 15:33:07.683   862  1671 I mm-camera: <MCT   >< INFO> 4556: mct_pipeline_start_session_thread: Calling start_session on Module sensor
09-12 15:33:07.683   862  1671 E         : <ALTEK_LOG><LOG> module_sensor_start_session: 1332: 0 
09-12 15:33:07.683   862  1672 I mm-camera: <MCT   >< INFO> 4549: mct_pipeline_start_session_thread: E iface
09-12 15:33:07.683   862  1672 I mm-camera: <MCT   >< INFO> 4556: mct_pipeline_start_session_thread: Calling start_session on Module iface
09-12 15:33:07.684   862  1674 I mm-camera: <MCT   >< INFO> 4549: mct_pipeline_start_session_thread: E isp
09-12 15:33:07.684   862  1674 I mm-camera: <MCT   >< INFO> 4556: mct_pipeline_start_session_thread: Calling start_session on Module isp
09-12 15:33:07.684   862  1674 I mm-camera: <ISP   >< INFO> 201: isp_module_start_session: session id 1
09-12 15:33:07.685   862  1672 I mm-camera: <MCT   >< INFO> 4559: mct_pipeline_start_session_thread: Module iface start_session rc = 1
09-12 15:33:07.685   862  1672 I mm-camera: <MCT   >< INFO> 4567: mct_pipeline_start_session_thread: started_num = 1, success = 1
09-12 15:33:07.685   862  1672 I mm-camera: <MCT   >< INFO> 4574: mct_pipeline_start_session_thread: X iface
09-12 15:33:07.685   862  1676 I mm-camera: <MCT   >< INFO> 4549: mct_pipeline_start_session_thread: E stats
09-12 15:33:07.685   862  1676 I mm-camera: <MCT   >< INFO> 4556: mct_pipeline_start_session_thread: Calling start_session on Module stats
09-12 15:33:07.685   862  1676 E mm-3a-core: <ALTEK_LOG><LOG> stats_module_start_session: 239: 0 
09-12 15:33:07.686   862  1677 I mm-camera: <MCT   >< INFO> 4549: mct_pipeline_start_session_thread: E pproc
09-12 15:33:07.686   862  1677 I mm-camera: <MCT   >< INFO> 4556: mct_pipeline_start_session_thread: Calling start_session on Module pproc
09-12 15:33:07.687   862  1678 I mm-camera: <MCT   >< INFO> 4549: mct_pipeline_start_session_thread: E imglib
09-12 15:33:07.687   862  1678 I mm-camera: <MCT   >< INFO> 4556: mct_pipeline_start_session_thread: Calling start_session on Module imglib
09-12 15:33:07.688   862  1678 I mm-camera: <MCT   >< INFO> 4559: mct_pipeline_start_session_thread: Module imglib start_session rc = 1
09-12 15:33:07.688   862  1678 I mm-camera: <MCT   >< INFO> 4567: mct_pipeline_start_session_thread: started_num = 2, success = 2
09-12 15:33:07.688   862  1678 I mm-camera: <MCT   >< INFO> 4574: mct_pipeline_start_session_thread: X imglib
09-12 15:33:07.688   862  1676 I alFineSearch: alHAF vesion5000.570
09-12 15:33:07.688   862  1676 W alFineSearch: [ST.WRONG] turn off customer af log!
09-12 15:33:07.689   862  1677 I mm-camera: <MCT   >< INFO> 4559: mct_pipeline_start_session_thread: Module pproc start_session rc = 1
09-12 15:33:07.689   862  1677 I mm-camera: <MCT   >< INFO> 4567: mct_pipeline_start_session_thread: started_num = 3, success = 3
09-12 15:33:07.689   862  1677 I mm-camera: <MCT   >< INFO> 4574: mct_pipeline_start_session_thread: X pproc
09-12 15:33:07.695   862  1683 I ServiceManager: Waiting for service sensorservice...
09-12 15:33:07.696   862  1674 I mm-camera: <MCT   >< INFO> 4559: mct_pipeline_start_session_thread: Module isp start_session rc = 1
09-12 15:33:07.696   862  1674 I mm-camera: <MCT   >< INFO> 4567: mct_pipeline_start_session_thread: started_num = 4, success = 4
09-12 15:33:07.696   862  1674 I mm-camera: <MCT   >< INFO> 4574: mct_pipeline_start_session_thread: X isp
09-12 15:33:07.697   862  1676 I mm-camera: <MCT   >< INFO> 4559: mct_pipeline_start_session_thread: Module stats start_session rc = 1
09-12 15:33:07.697   862  1676 I mm-camera: <MCT   >< INFO> 4567: mct_pipeline_start_session_thread: started_num = 5, success = 5
09-12 15:33:07.697   862  1676 I mm-camera: <MCT   >< INFO> 4574: mct_pipeline_start_session_thread: X stats
09-12 15:33:07.698   862  1671 I mm-camera: <MCT   >< INFO> 4559: mct_pipeline_start_session_thread: Module sensor start_session rc = 1
09-12 15:33:07.698   862  1671 I mm-camera: <MCT   >< INFO> 4567: mct_pipeline_start_session_thread: started_num = 6, success = 6
09-12 15:33:07.698   862  1671 I mm-camera: <MCT   >< INFO> 4574: mct_pipeline_start_session_thread: X sensor
09-12 15:33:07.714   862   862 I mm-camera: <MCT   >< INFO> 4470: mct_pipeline_start_stream_internal: Adding session stream streamid= 0xf for session=1
09-12 15:33:07.715   862   862 I mm-camera: <MCT   >< INFO> 4518: mct_pipeline_start_stream_internal: Linking session stream for session 1
09-12 15:33:07.715   862   862 I mm-camera: <MCT   >< INFO> 516: mct_stream_start_link: Start linking Session-stream 0x1000f
09-12 15:33:07.715   862   862 I mm-camera: <IFACE >< INFO> 338: iface_util_find_primary_cid: iface_util_find_primary_cid:338 error cannot find primary sensor format cids 1
09-12 15:33:07.715   862   862 I mm-camera: <ISP   >< INFO> 801: isp_port_check_caps_reserve: port 0xe9ffed80 ide 1000f type 10 dim 0 0
09-12 15:33:07.715   862   862 I mm-camera: <PPROC >< INFO> 446: pproc_port_add_modules_to_stream: in identity 1000f stream 10 int_link = 0xe677a540
09-12 15:33:07.715   862   862 I mm-camera: <PPROC >< INFO> 458: pproc_port_add_modules_to_stream: :LINK linking mods tmod and ppeiscore for identity 1000f
09-12 15:33:07.716   862   862 I mm-camera: <PPROC >< INFO> 458: pproc_port_add_modules_to_stream: :LINK linking mods ppeiscore and c2d for identity 1000f
09-12 15:33:07.716   862   862 I mm-camera: <C2D   >< INFO> 1490: c2d_module_notify_add_stream: width 0, height 0, stride 0, scanline 0, is_type 0
09-12 15:33:07.716   862   862 I mm-camera: <PPROC >< INFO> 458: pproc_port_add_modules_to_stream: :LINK linking mods c2d and cpp for identity 1000f
09-12 15:33:07.716   862   862 I mm-camera: <CPP   >< INFO> 2154: cpp_module_notify_add_stream: :width 0, height 0, stride 0, scanline 0, framelen 0
09-12 15:33:07.716   862   862 I mm-camera: <CPP   >< INFO> 2326: cpp_module_notify_add_stream: : stream 10, fmt 1, asf_mode 0, sharpness_level 0.000000,asf mask 0, denoise 0, denoise_mask 0, dsdn mask 0,dsdn enable 0, tnr mask 0, tnr enable 0, ds_mask 0
09-12 15:33:07.716   862   862 I mm-camera: <PPROC >< INFO> 458: pproc_port_add_modules_to_stream: :LINK linking mods cpp and paaf for identity 1000f
09-12 15:33:07.716   862   862 I mm-camera: <PPROC >< INFO> 458: pproc_port_add_modules_to_stream: :LINK linking mods paaf and llvd for identity 1000f
09-12 15:33:07.717   862   862 I mm-camera: <PPROC >< INFO> 458: pproc_port_add_modules_to_stream: :LINK linking mods llvd and ezt for identity 1000f
09-12 15:33:07.717   862   862 I mm-camera: <PPROC >< INFO> 458: pproc_port_add_modules_to_stream: :LINK linking mods ezt and quadracfa for identity 1000f
09-12 15:33:07.718   862   862 E mm-camera: <STATS ><ERROR> 2822: stats_port_check_caps_reserve: Invalid Port capability type!
09-12 15:33:07.718   862   862 E mm-camera: <STATS ><ERROR> 2822: stats_port_check_caps_reserve: Invalid Port capability type!
09-12 15:33:07.718   862   862 E mm-camera: <STATS ><ERROR> 2822: stats_port_check_caps_reserve: Invalid Port capability type!
09-12 15:33:07.718   862   862 E mm-camera: <STATS ><ERROR> 2822: stats_port_check_caps_reserve: Invalid Port capability type!
09-12 15:33:07.718   862   862 E mm-camera: <STATS ><ERROR> 2822: stats_port_check_caps_reserve: Invalid Port capability type!
09-12 15:33:07.720   862   862 I mm-camera: <MCT   >< INFO> 4527: mct_pipeline_start_stream_internal: Session stream linked successfully session 1
09-12 15:33:07.776   862  1673 E mm-camera: <SENSOR><ERROR> ov13855_gt24c64a_ofg_eeprom_get_calibration_items: 57: [WENDELL_ov13855]-ov13855_gt24c64a_ofg_eeprom_get_calibration_items: Enter
09-12 15:33:07.776   862  1673 E mm-camera: 
09-12 15:33:07.776   862  1673 E mm-camera: <SENSOR><ERROR> ov13855_gt24c64a_ofg_eeprom_get_calibration_items: 72: is_wbc:1,is_afc:1,is_lsc:1,is_dpc:0,is_insensor:0,    is_ois:0, is_dual:0
09-12 15:33:07.776   862  1673 E mm-camera: <SENSOR><ERROR> ov13855_gt24c64a_ofg_eeprom_get_calibration_items: 73: [WENDELL]-ov13855_gt24c64a_ofg_eeprom_get_calibration_items: EXIT
09-12 15:33:07.776   862  1673 E mm-camera: 
09-12 15:33:07.791   862  1691 I mm-camera: <IMGLIB>< INFO> 2062: module_faceproc_query_mod: Caps ROI 10 scene_mode_cnt 1 HW analysis supported 0
09-12 15:33:07.791   862  1691 I mm-camera: <MCT   >< INFO> 1771: mct_pipeline_append_fps_entry:  Added hal_table[0]: (15.000000, 15.000000)
09-12 15:33:07.791   862  1691 I mm-camera: <MCT   >< INFO> 1771: mct_pipeline_append_fps_entry:  Added hal_table[1]: (20.000000, 20.000000)
09-12 15:33:07.791   862  1691 I mm-camera: <MCT   >< INFO> 1771: mct_pipeline_append_fps_entry:  Added hal_table[2]: (7.500000, 24.000000)
09-12 15:33:07.791   862  1691 I mm-camera: <MCT   >< INFO> 1784: mct_pipeline_append_fps_entry:  Added hal_table[3]: (24.000000, 24.000000)
09-12 15:33:07.791   862  1691 I mm-camera: <MCT   >< INFO> 1771: mct_pipeline_append_fps_entry:  Added hal_table[4]: (7.000000, 30.000000)
09-12 15:33:07.791   862  1691 I mm-camera: <MCT   >< INFO> 1784: mct_pipeline_append_fps_entry:  Added hal_table[5]: (30.000000, 30.000000)
09-12 15:33:07.791   862  1691 I mm-camera: <MCT   >< INFO> 2955: mct_pipeline_fill_dimensions_snapshot: Cam 0: FPS range selection complete. Publishing 6 ranges.
09-12 15:33:07.792   862   862 I mm-camera: <MCT   >< INFO> 216: mct_controller_destroy: Initiating destroy sequence for session = 1
09-12 15:33:07.793   862   862 I mm-camera: <MCT   >< INFO> 234: mct_controller_destroy: serv_thread closed
09-12 15:33:07.793   862   862 I mm-camera: <MCT   >< INFO> 249: mct_controller_destroy: bus_handler thread closed
09-12 15:33:07.793   862   862 I mm-camera: <MCT   >< INFO> 4627: mct_pipeline_stop_session: Initiating stop_session on session 1
09-12 15:33:07.793   862   862 I mm-camera: <MCT   >< INFO> 3668: mct_pipeline_process_set: command=800000b
09-12 15:33:07.793   862   862 I mm-camera: <MCT   >< INFO> 3886: mct_pipeline_process_set: Issuing DEL_STREAM on stream 0x1000f and stream type=10
09-12 15:33:07.793   862   862 I mm-camera: <IFACE >< INFO> 677: iface_unreserve_sink_port: stream_id f mode 0 
09-12 15:33:07.793   862   862 I mm-camera: <ISP   >< INFO> 890: isp_port_check_caps_unreserve: ide 1000f port 0xe9ffed80
09-12 15:33:07.794   862   862 I mm-camera: <MCT   >< INFO> 3897: mct_pipeline_process_set: Stream 0x1000f and stream type=10, successfully deleted
09-12 15:33:07.795   862  1696 I mm-camera: <MCT   >< INFO> 4361: mct_pipeline_stop_session_thread: Stop module name: sensor - E
09-12 15:33:07.795   862  1697 I mm-camera: <MCT   >< INFO> 4361: mct_pipeline_stop_session_thread: Stop module name: iface - E
09-12 15:33:07.796   862  1697 I mm-camera: <MCT   >< INFO> 4369: mct_pipeline_stop_session_thread: Stop module name: iface - X
09-12 15:33:07.796   862  1698 I mm-camera: <MCT   >< INFO> 4361: mct_pipeline_stop_session_thread: Stop module name: isp - E
09-12 15:33:07.796   862  1698 I mm-camera: <ISP   >< INFO> 487: isp_module_stop_session: session id 1
09-12 15:33:07.796   862  1699 I mm-camera: <MCT   >< INFO> 4361: mct_pipeline_stop_session_thread: Stop module name: stats - E
09-12 15:33:07.797   862  1700 I mm-camera: <MCT   >< INFO> 4361: mct_pipeline_stop_session_thread: Stop module name: pproc - E
09-12 15:33:07.797   862  1698 I mm-camera: <MCT   >< INFO> 4369: mct_pipeline_stop_session_thread: Stop module name: isp - X
09-12 15:33:07.798   862   862 I mm-camera: <MCT   >< INFO> 4649: mct_pipeline_stop_session: Modules left: 5
09-12 15:33:07.798   862   862 I mm-camera: <MCT   >< INFO> 4649: mct_pipeline_stop_session: Modules left: 4
09-12 15:33:07.798   862  1701 I mm-camera: <MCT   >< INFO> 4361: mct_pipeline_stop_session_thread: Stop module name: imglib - E
09-12 15:33:07.798   862  1700 I mm-camera: <MCT   >< INFO> 4369: mct_pipeline_stop_session_thread: Stop module name: pproc - X
09-12 15:33:07.798   862   862 I mm-camera: <MCT   >< INFO> 4649: mct_pipeline_stop_session: Modules left: 3
09-12 15:33:07.798   862  1701 I mm-camera: <MCT   >< INFO> 4369: mct_pipeline_stop_session_thread: Stop module name: imglib - X
09-12 15:33:07.798   862   862 I mm-camera: <MCT   >< INFO> 4649: mct_pipeline_stop_session: Modules left: 2
09-12 15:33:07.800   862  1699 I mm-camera: <MCT   >< INFO> 4369: mct_pipeline_stop_session_thread: Stop module name: stats - X
09-12 15:33:07.800   862   862 I mm-camera: <MCT   >< INFO> 4649: mct_pipeline_stop_session: Modules left: 1
09-12 15:33:07.816   862  1696 I mm-camera: <MCT   >< INFO> 4369: mct_pipeline_stop_session_thread: Stop module name: sensor - X
09-12 15:33:07.816   862   862 I mm-camera: <MCT   >< INFO> 4649: mct_pipeline_stop_session: Modules left: 0
09-12 15:33:07.816   862   862 I mm-camera: <MCT   >< INFO> 4658: mct_pipeline_stop_session: Stopped session 1 successfully
09-12 15:33:07.816   862   862 I mm-camera: <MCT   >< INFO> 4934: mct_pipeline_destroy: E: session:1
09-12 15:33:07.816   862   862 I mm-camera: <MCT   >< INFO> 5007: mct_pipeline_destroy: X: Pipeline destroyed successfully session =1
09-12 15:33:07.816   862   862 I mm-camera: <MCT   >< INFO> 282: mct_controller_destroy: X Successfully closed mct_controller session 1
09-12 15:33:07.818   782   782 I QCamera : <HAL><INFO> static int qcamera::QCamera3HardwareInterface::getCamInfo(uint32_t, struct camera_info *): 8770: camera 0 resource cost is 100
09-12 15:33:07.818   782   782 I QCamera : <HAL><INFO> int qcamera::QCamera2Factory::getCameraInfo(int, struct camera_info *): 347: Camera id 1 API version 256
09-12 15:33:07.818   862   862 I mm-camera: < INFO> 395: void enable_memleak_trace(int): start memleak tracking.
09-12 15:33:07.826   862   862 I mm-camera: <MCT   >< INFO> 63: mct_controller_new: Creating new mct_controller with session-id 3
09-12 15:33:07.826   862  1702 I mm-camera: <MCT   >< INFO> 4549: mct_pipeline_start_session_thread: E sensor
09-12 15:33:07.827   862  1702 I mm-camera: <MCT   >< INFO> 4556: mct_pipeline_start_session_thread: Calling start_session on Module sensor
09-12 15:33:07.827   862  1702 E         : <ALTEK_LOG><LOG> module_sensor_start_session: 1332: 0 
09-12 15:33:07.827   862  1703 I mm-camera: <MCT   >< INFO> 4549: mct_pipeline_start_session_thread: E iface
09-12 15:33:07.827   862  1703 I mm-camera: <MCT   >< INFO> 4556: mct_pipeline_start_session_thread: Calling start_session on Module iface
09-12 15:33:07.827   862  1705 I mm-camera: <MCT   >< INFO> 4549: mct_pipeline_start_session_thread: E isp
09-12 15:33:07.827   862  1705 I mm-camera: <MCT   >< INFO> 4556: mct_pipeline_start_session_thread: Calling start_session on Module isp
09-12 15:33:07.827   862  1705 I mm-camera: <ISP   >< INFO> 201: isp_module_start_session: session id 3
09-12 15:33:07.828   862  1703 I mm-camera: <MCT   >< INFO> 4559: mct_pipeline_start_session_thread: Module iface start_session rc = 1
09-12 15:33:07.828   862  1703 I mm-camera: <MCT   >< INFO> 4567: mct_pipeline_start_session_thread: started_num = 1, success = 1
09-12 15:33:07.828   862  1703 I mm-camera: <MCT   >< INFO> 4574: mct_pipeline_start_session_thread: X iface
09-12 15:33:07.828   862  1707 I mm-camera: <MCT   >< INFO> 4549: mct_pipeline_start_session_thread: E stats
09-12 15:33:07.829   862  1707 I mm-camera: <MCT   >< INFO> 4556: mct_pipeline_start_session_thread: Calling start_session on Module stats
09-12 15:33:07.829   862  1707 E mm-3a-core: <ALTEK_LOG><LOG> stats_module_start_session: 239: 0 
09-12 15:33:07.829   862  1709 I mm-camera: <MCT   >< INFO> 4549: mct_pipeline_start_session_thread: E pproc
09-12 15:33:07.829   862  1709 I mm-camera: <MCT   >< INFO> 4556: mct_pipeline_start_session_thread: Calling start_session on Module pproc
09-12 15:33:07.831   862  1711 I mm-camera: <MCT   >< INFO> 4549: mct_pipeline_start_session_thread: E imglib
09-12 15:33:07.831   862  1711 I mm-camera: <MCT   >< INFO> 4556: mct_pipeline_start_session_thread: Calling start_session on Module imglib
09-12 15:33:07.831   862  1705 I mm-camera: <MCT   >< INFO> 4559: mct_pipeline_start_session_thread: Module isp start_session rc = 1
09-12 15:33:07.831   862  1705 I mm-camera: <MCT   >< INFO> 4567: mct_pipeline_start_session_thread: started_num = 2, success = 2
09-12 15:33:07.831   862  1705 I mm-camera: <MCT   >< INFO> 4574: mct_pipeline_start_session_thread: X isp
09-12 15:33:07.832   862  1711 I mm-camera: <MCT   >< INFO> 4559: mct_pipeline_start_session_thread: Module imglib start_session rc = 1
09-12 15:33:07.832   862  1711 I mm-camera: <MCT   >< INFO> 4567: mct_pipeline_start_session_thread: started_num = 3, success = 3
09-12 15:33:07.832   862  1711 I mm-camera: <MCT   >< INFO> 4574: mct_pipeline_start_session_thread: X imglib
09-12 15:33:07.833   862  1707 I alFineSearch: alHAF vesion5000.570
09-12 15:33:07.833   862  1707 W alFineSearch: [ST.WRONG] turn off customer af log!
09-12 15:33:07.833   862  1709 I mm-camera: <MCT   >< INFO> 4559: mct_pipeline_start_session_thread: Module pproc start_session rc = 1
09-12 15:33:07.833   862  1709 I mm-camera: <MCT   >< INFO> 4567: mct_pipeline_start_session_thread: started_num = 4, success = 4
09-12 15:33:07.833   862  1709 I mm-camera: <MCT   >< INFO> 4574: mct_pipeline_start_session_thread: X pproc
09-12 15:33:07.836   862  1707 I mm-camera: <MCT   >< INFO> 4559: mct_pipeline_start_session_thread: Module stats start_session rc = 1
09-12 15:33:07.836   862  1707 I mm-camera: <MCT   >< INFO> 4567: mct_pipeline_start_session_thread: started_num = 5, success = 5
09-12 15:33:07.836   862  1707 I mm-camera: <MCT   >< INFO> 4574: mct_pipeline_start_session_thread: X stats
09-12 15:33:07.841   862  1702 I mm-camera: <MCT   >< INFO> 4559: mct_pipeline_start_session_thread: Module sensor start_session rc = 1
09-12 15:33:07.841   862  1702 I mm-camera: <MCT   >< INFO> 4567: mct_pipeline_start_session_thread: started_num = 6, success = 6
09-12 15:33:07.841   862  1702 I mm-camera: <MCT   >< INFO> 4574: mct_pipeline_start_session_thread: X sensor
09-12 15:33:07.846   862   862 I mm-camera: <MCT   >< INFO> 4470: mct_pipeline_start_stream_internal: Adding session stream streamid= 0xf for session=3
09-12 15:33:07.846   862   862 I mm-camera: <MCT   >< INFO> 4518: mct_pipeline_start_stream_internal: Linking session stream for session 3
09-12 15:33:07.846   862   862 I mm-camera: <MCT   >< INFO> 516: mct_stream_start_link: Start linking Session-stream 0x3000f
09-12 15:33:07.846   862   862 I mm-camera: <IFACE >< INFO> 338: iface_util_find_primary_cid: iface_util_find_primary_cid:338 error cannot find primary sensor format cids 1
09-12 15:33:07.846   862   862 I mm-camera: <ISP   >< INFO> 801: isp_port_check_caps_reserve: port 0xe9ffed80 ide 3000f type 10 dim 0 0
09-12 15:33:07.847   862   862 I mm-camera: <PPROC >< INFO> 446: pproc_port_add_modules_to_stream: in identity 3000f stream 10 int_link = 0xe677a540
