09-12 15:33:40.263  2237  2237 D SST     : Poll ServiceState done:  oldSS=[1 1 voice home data home null null null null null null  Unknown Unknown CSS not supported -1 -1 RoamInd=-1 DefRoamInd=-1 EmergOnly=false IsDataRoamingFromRegistration=false IsUsingCarrierAggregation=false mRilImsRadioTechnology=0] newSS=[0 0 voice home data home CMCC CMCC 46000 CMCC CMCC 46000  LTE LTE CSS not supported -1 -1 RoamInd=-1 DefRoamInd=-1 EmergOnly=false IsDataRoamingFromRegistration=false IsUsingCarrierAggregation=false mRilImsRadioTechnology=0] oldMaxDataCalls=20 mNewMaxDataCalls=20 oldReasonDataDenied=-1 mNewReasonDataDenied=-1
09-12 15:33:40.263  2237  2237 D SST     : RAT switched Unknown -> LTE at cell 26240261
09-12 15:33:40.264  2237  2237 D TelephonyManager: setTelephonyProperty: success phoneId=0 property=gsm.network.type value: LTE propVal=LTE,Unknown
09-12 15:33:40.265  2237  2237 D SST     : pollStateDone: registering current mNitzUpdatedTime=true changing to false
09-12 15:33:40.270  2237  2237 D SIMRecords: [SIMRecords] getServiceProviderName: no brandOverride, providerName=null
09-12 15:33:40.270  2237  2237 D SIMRecords: [SIMRecords] getServiceProviderName: no brandOverride, providerName=null
09-12 15:33:40.271  2237  2237 D SST     : updateSpnDisplay: changed sending intent rule=2 showPlmn='true' plmn='CMCC' showSpn='false' spn='null' dataSpn='null' subId='3'
09-12 15:33:40.303  2237  2237 D SubscriptionController: [setCarrierText]+ text:CMCC subId:3
09-12 15:33:40.379  2237  2237 D SubscriptionController: notifySubscriptionInfoChanged:
09-12 15:33:40.383  2237  2595 D SubscriptionController: [getSubId]- numSubIds == 0, return DummySubIds slotIdx=1
09-12 15:33:40.401  2237  2237 D TelephonyManager: setTelephonyProperty: success phoneId=0 property=gsm.operator.alpha value: CMCC propVal=CMCC
09-12 15:33:40.403  2237  2237 D TelephonyManager: setTelephonyProperty: success phoneId=0 property=gsm.operator.numeric value: 46000 propVal=46000
09-12 15:33:40.404  2237  2237 D SST     : update mccmnc=46000 fromServiceState=true
09-12 15:33:40.429  2237  2250 D SubscriptionController: [getActiveSubscriptionInfo]+ subId=3 subInfo={id=3, iccId=898600760917 simSlotIndex=0 displayName=CARD 1 carrierName=CMCC nameSource=0 iconTint=-16746133 dataRoaming=0 iconBitmap=android.graphics.Bitmap@abe84bf mcc 460 mnc 0}
09-12 15:33:40.469  2237  2320 D SubscriptionController: [getActiveSubscriptionInfo]+ subId=3 subInfo={id=3, iccId=898600760917 simSlotIndex=0 displayName=CARD 1 carrierName=CMCC nameSource=0 iconTint=-16746133 dataRoaming=0 iconBitmap=android.graphics.Bitmap@f60addb mcc 460 mnc 0}
09-12 15:33:40.476  2237  2250 D SubscriptionController: [getSubId]- numSubIds == 0, return DummySubIds slotIdx=1
09-12 15:33:40.502  2237  2320 D SubscriptionController: [getActiveSubscriptionInfo]+ subId=3 subInfo={id=3, iccId=898600760917 simSlotIndex=0 displayName=CARD 1 carrierName=CMCC nameSource=0 iconTint=-16746133 dataRoaming=0 iconBitmap=android.graphics.Bitmap@9fae7b6 mcc 460 mnc 0}
09-12 15:33:40.509  2237  2250 D SubscriptionController: [getSubId]- numSubIds == 0, return DummySubIds slotIdx=1
09-12 15:33:40.529  2237  3043 D SubscriptionController: [getActiveSubscriptionInfo]+ subId=3 subInfo={id=3, iccId=898600760917 simSlotIndex=0 displayName=CARD 1 carrierName=CMCC nameSource=0 iconTint=-16746133 dataRoaming=0 iconBitmap=android.graphics.Bitmap@b71a38d mcc 460 mnc 0}
09-12 15:33:40.535  2237  2320 D SubscriptionController: [getSubId]- numSubIds == 0, return DummySubIds slotIdx=1
09-12 15:33:40.540  2237  2595 D SubscriptionController: [getPhoneId]- subId=0 not found return default phoneId=0
09-12 15:33:40.542  2237  3043 D SubscriptionController: [getPhoneId]- subId=0 not found return default phoneId=0
09-12 15:33:40.646  2237  3043 D SubscriptionController: [getActiveSubscriptionInfo]+ subId=3 subInfo={id=3, iccId=898600760917 simSlotIndex=0 displayName=CARD 1 carrierName=CMCC nameSource=0 iconTint=-16746133 dataRoaming=0 iconBitmap=android.graphics.Bitmap@b1d4bbc mcc 460 mnc 0}
09-12 15:33:40.654  2237  2249 D SubscriptionController: [getSubId]- numSubIds == 0, return DummySubIds slotIdx=1
09-12 15:33:40.677  2237  2250 D SubscriptionController: [getActiveSubscriptionInfo]+ subId=3 subInfo={id=3, iccId=898600760917 simSlotIndex=0 displayName=CARD 1 carrierName=CMCC nameSource=0 iconTint=-16746133 dataRoaming=0 iconBitmap=android.graphics.Bitmap@124c3cb mcc 460 mnc 0}
09-12 15:33:40.688  2237  3043 D SubscriptionController: [getSubId]- numSubIds == 0, return DummySubIds slotIdx=1
09-12 15:33:40.712  2237  2249 D SubscriptionController: [getActiveSubscriptionInfo]+ subId=3 subInfo={id=3, iccId=898600760917 simSlotIndex=0 displayName=CARD 1 carrierName=CMCC nameSource=0 iconTint=-16746133 dataRoaming=0 iconBitmap=android.graphics.Bitmap@feaaa66 mcc 460 mnc 0}
09-12 15:33:40.723  2237  2237 D TelephonyManager: setTelephonyProperty: success phoneId=0 property=gsm.operator.iso-country value: cn propVal=cn
09-12 15:33:40.723  2237  2250 D SubscriptionController: [getSubId]- numSubIds == 0, return DummySubIds slotIdx=1
09-12 15:33:40.739  2237  2237 D SST     : pollStateDone: there are 2 unique offsets for iso-cc='cn testOneUniqueOffsetPath=false', do nothing
09-12 15:33:40.740  2237  2237 D SST     : shouldFixTimeZoneNow: retVal=true iccCardExist=true operatorNumeric=46000 mcc=460 prevOperatorNumeric= prevMcc=461 needToFixTimeZone=true ltod=09-12 15:33:40.740
09-12 15:33:40.740  2237  2237 D SST     : fixTimeZone zoneName='Asia/Shanghai' mZoneOffset=28800000 mZoneDst=false iso-cc='cn' iso-cc-idx=-3
09-12 15:33:40.741  2237  2237 D SST     : fixTimeZone: using getTimeZone(off, dst, time, iso)
09-12 15:33:40.741  2237  2237 D SST     : fixTimeZone: zone != null zone.getID=Asia/Shanghai
09-12 15:33:40.741  2237  2237 D SST     : setAndBroadcastNetworkSetTimeZone: setTimeZone=Asia/Shanghai
09-12 15:33:40.756  2237  2237 D SST     : setAndBroadcastNetworkSetTimeZone: call alarm.setTimeZone and broadcast zoneId=Asia/Shanghai
09-12 15:33:40.757  2237  2237 D TelephonyManager: setTelephonyProperty: success phoneId=0 property=gsm.operator.isroaming value: false propVal=false,false
09-12 15:33:40.758  2237  2237 D SST     : Broadcasting ServiceState : 0 0 voice home data home CMCC CMCC 46000 CMCC CMCC 46000  LTE LTE CSS not supported -1 -1 RoamInd=-1 DefRoamInd=-1 EmergOnly=false IsDataRoamingFromRegistration=false IsUsingCarrierAggregation=false mRilImsRadioTechnology=0
09-12 15:33:40.758  2237  2237 D DefaultPhoneNotifier: nofityServiceState: mRegistry=com.android.internal.telephony.ITelephonyRegistry$Stub$Proxy@d13469c ss=0 0 voice home data home CMCC CMCC 46000 CMCC CMCC 46000  LTE LTE CSS not supported -1 -1 RoamInd=-1 DefRoamInd=-1 EmergOnly=false IsDataRoamingFromRegistration=false IsUsingCarrierAggregation=false mRilImsRadioTechnology=0 sender=Handler (com.qualcomm.qti.internal.telephony.QtiGsmCdmaPhone) {ef68c74} phondId=0 subId=3
09-12 15:33:40.767  2237  2250 D GsmCdmaPhone: [GsmCdmaPhone] getDataConnectionState apnType=default ret=DISCONNECTED
09-12 15:33:40.772  2237  2320 D SST     : getCellLocation(): X good mCellLoc=[6338,26240261,-1]
09-12 15:33:40.786  2237  2237 D SST     : notifyDataRegStateRilRadioTechnologyChanged: drs=0 rat=14
09-12 15:33:40.786  2237  2237 D TelephonyManager: setTelephonyProperty: success phoneId=0 property=gsm.network.type value: LTE propVal=LTE,Unknown
09-12 15:33:40.788  2237  2237 D QtiGsmDCT: [0]get all active apn types
09-12 15:33:40.790  2237  2237 D SST     : getCellLocation(): X good mCellLoc=[6338,26240261,-1]
09-12 15:33:40.790  1764  2267 D TelephonyRegistry: notifyCellLocationForSubscriber: subId=3 cellLocation=Bundle[mParcelledData.dataSize=64]
09-12 15:33:40.810  2237  2370 D SST     : SST.getAllCellInfo(): return last, back to back calls
09-12 15:33:40.810  2237  2370 D SST     : SST.getAllCellInfo(): return last, back to back calls
09-12 15:33:40.811  2237  2370 D RILJ    : [3824]> RIL_REQUEST_GET_CELL_INFO_LIST [SUB1]
09-12 15:33:40.816  2237  2303 D RilRequest: [3824]< RIL_REQUEST_GET_CELL_INFO_LIST error: com.android.internal.telephony.CommandException: SYSTEM_ERR ret=
09-12 15:33:40.836  2237  2595 D SubscriptionController: [getActiveSubscriptionInfo]+ subId=3 subInfo={id=3, iccId=898600760917 simSlotIndex=0 displayName=CARD 1 carrierName=CMCC nameSource=0 iconTint=-16746133 dataRoaming=0 iconBitmap=android.graphics.Bitmap@4a7e143 mcc 460 mnc 0}
09-12 15:33:40.837  2237  2237 D IccCardProxy: broadcastIccStateChangedIntent intent ACTION_SIM_STATE_CHANGED value=IMSI reason=null for mPhoneId=0
09-12 15:33:40.840  2237  3043 D SubscriptionController: [getActiveSubscriptionInfo]+ subId=3 subInfo={id=3, iccId=898600760917 simSlotIndex=0 displayName=CARD 1 carrierName=CMCC nameSource=0 iconTint=-16746133 dataRoaming=0 iconBitmap=android.graphics.Bitmap@eef83c0 mcc 460 mnc 0}
09-12 15:33:40.843  2237  2237 D SIMRecords: [SIMRecords] onRecordLoaded 18 requested: true
09-12 15:33:40.843  2237  2237 D SIMRecords: [SIMRecords] onRecordLoaded 17 requested: true
09-12 15:33:40.844  2237  2237 E SIMRecords: [SIMRecords] Exception in fetching EF_CSP data com.android.internal.telephony.CommandException: SIM_ERR
09-12 15:33:40.844  2237  2237 D SIMRecords: [SIMRecords] onRecordLoaded 16 requested: true
09-12 15:33:40.844  2237  2237 D RILJ    : [3825]> iccIO: SIM_IO 0xc0 0x6f17  path: 3F007FFF,0,0,15 aid: a0000000871002ff86ffff89ffffffff [SUB0]
09-12 15:33:40.846  2237  2237 D SIMRecords: [SIMRecords] onRecordLoaded 16 requested: true
09-12 15:33:40.846  2237  2237 D SIMRecords: [SIMRecords] EF_MWIS : null
09-12 15:33:40.846  2237  2237 D SIMRecords: [SIMRecords] EVENT_GET_MWIS_DONE exception = com.android.internal.telephony.CommandException: INTERNAL_ERR
09-12 15:33:40.846  2237  2237 D SIMRecords: [SIMRecords] onRecordLoaded 15 requested: true
09-12 15:33:40.846  2237  2237 D SIMRecords: [SIMRecords] EF_CPHS_MWI: null
09-12 15:33:40.846  2237  2237 D SIMRecords: [SIMRecords] EVENT_GET_VOICE_MAIL_INDICATOR_CPHS_DONE exception = com.android.internal.telephony.CommandException: SIM_ERR
09-12 15:33:40.846  2237  2237 D SIMRecords: [SIMRecords] onRecordLoaded 14 requested: true
09-12 15:33:40.847  2237  2237 D SIMRecords: [SIMRecords] onRecordLoaded 13 requested: true
09-12 15:33:40.847  2237  2237 D SIMRecords: [SIMRecords] onRecordLoaded 12 requested: true
09-12 15:33:40.847  2237  2237 D SIMRecords: [SIMRecords] onRecordLoaded 11 requested: true
09-12 15:33:40.847  2237  2237 D SIMRecords: [SIMRecords] EVENT_GET_SMS_RECORD_SIZE_DONE Size 176 total 8800 record 50
09-12 15:33:40.856  2237  3043 D SubscriptionController: [getSubId]- numSubIds == 0, return DummySubIds slotIdx=1
09-12 15:33:40.869  2237  2299 D RilRequest: [3825]< SIM_IO error: com.android.internal.telephony.CommandException: SIM_ERR ret=IccIoResult sw1:0x6a sw2:0x82 Error: File not found
09-12 15:33:40.897  2237  2595 D SubscriptionController: [getActiveSubscriptionInfo]+ subId=3 subInfo={id=3, iccId=898600760917 simSlotIndex=0 displayName=CARD 1 carrierName=CMCC nameSource=0 iconTint=-16746133 dataRoaming=0 iconBitmap=android.graphics.Bitmap@58afbb5 mcc 460 mnc 0}
09-12 15:33:40.897  2237  2237 D SubscriptionController: [getActiveSubscriptionInfo]+ subId=3 subInfo={id=3, iccId=898600760917 simSlotIndex=0 displayName=CARD 1 carrierName=CMCC nameSource=0 iconTint=-16746133 dataRoaming=0 iconBitmap=android.graphics.Bitmap@7dc824a mcc 460 mnc 0}
09-12 15:33:40.905  2237  2320 D SubscriptionController: [getSubId]- numSubIds == 0, return DummySubIds slotIdx=1
09-12 15:33:40.928  2237  2595 D SubscriptionController: [getActiveSubscriptionInfo]+ subId=3 subInfo={id=3, iccId=898600760917 simSlotIndex=0 displayName=CARD 1 carrierName=CMCC nameSource=0 iconTint=-16746133 dataRoaming=0 iconBitmap=android.graphics.Bitmap@647297 mcc 460 mnc 0}
09-12 15:33:40.939  2237  2320 D SubscriptionController: [getSubId]- numSubIds == 0, return DummySubIds slotIdx=1
09-12 15:33:40.954  2237  2237 D SST     : EVENT_IMS_CAPABILITY_CHANGED
09-12 15:33:40.957  2237  2237 D SIMRecords: [SIMRecords] getServiceProviderName: no brandOverride, providerName=null
09-12 15:33:40.957  2237  2237 D SIMRecords: [SIMRecords] getServiceProviderName: no brandOverride, providerName=null
09-12 15:33:40.968  2237  2237 D SST     : SubscriptionListener.onSubscriptionInfoChanged
09-12 15:33:40.969  2237  2826 D ImsManager: registrationDisconnected :: imsReasonInfoImsReasonInfo :: {1000, 0, null}
09-12 15:33:40.969  2237  2826 D ImsPhoneCallTracker: [ImsPhoneCallTracker] onImsDisconnected imsReasonInfo=ImsReasonInfo :: {1000, 0, null}
09-12 15:33:40.969  2237  2826 D ImsPhone: updateDataServiceState: defSs = 0 0 voice home data home CMCC CMCC 46000 CMCC CMCC 46000  LTE LTE CSS not supported -1 -1 RoamInd=-1 DefRoamInd=-1 EmergOnly=false IsDataRoamingFromRegistration=false IsUsingCarrierAggregation=false mRilImsRadioTechnology=0 imsSs = 1 0 voice home data home null null null null null null  Unknown LTE CSS not supported -1 -1 RoamInd=-1 DefRoamInd=-1 EmergOnly=false IsDataRoamingFromRegistration=false IsUsingCarrierAggregation=false mRilImsRadioTechnology=0
09-12 15:33:40.972  2237  2237 D QtiGsmCdmaPhone: ProvisionStatus: 1 phone id:0
09-12 15:33:40.974  2237  2237 D Phone   : Get video call forwarding info from preferences
09-12 15:33:40.978  2237  2237 D PhoneFactory: calculatePreferredNetworkType: phoneId = 0 phoneIdNetworkType = 9
09-12 15:33:40.980  2237  2237 D PhoneFactory: calculatePreferredNetworkType: phoneSubId = 3 networkType = 9
09-12 15:33:40.980  2237  2237 D QtiRadioCapabilityController: isUiccProvisionInProgress: retVal =  false
09-12 15:33:40.980  2237  2237 D QtiRadioCapabilityController: setPreferredNetworkType: nwMode[0] = 9 isActive = true
09-12 15:33:40.981  2237  2237 I QtiRadioCapabilityController:  get sub based N/W mode, val[0] = 9
09-12 15:33:40.981  2237  2237 D SubscriptionController: [getSubId]- numSubIds == 0, return DummySubIds slotIdx=1
09-12 15:33:40.981  2237  2237 I QtiRadioCapabilityController:  get slotId based N/W mode, val[1] = 9
09-12 15:33:40.981  2237  2237 D QtiRadioCapabilityController: updateStackBindingIfRequired
09-12 15:33:40.982  2237  2237 D QtiRadioCapabilityController: nwMode:9, on stack:0 is Supported
09-12 15:33:40.983  2237  2237 D QtiRadioCapabilityController: updatePreferredStackIds: current stack[0]supports NwMode[9] on phoneId[0]
09-12 15:33:40.983  2237  2237 D QtiRadioCapabilityController: nwMode:9, on stack:1 is Supported
09-12 15:33:40.983  2237  2237 D QtiRadioCapabilityController: updatePreferredStackIds: current stack[1]supports NwMode[9] on phoneId[1]
09-12 15:33:40.983  2237  2237 D QtiRadioCapabilityController:  updateStackBindingIfRequired, required =  false
09-12 15:33:40.983  2237  2237 D RILJ    : [3826]> REQUEST_SET_PREFERRED_NETWORK_TYPE : 9 [SUB0]
09-12 15:33:40.992  2237  2299 D RILJ    : [3826]< REQUEST_SET_PREFERRED_NETWORK_TYPE  [SUB0]
09-12 15:33:40.993  2237  2237 D TelephonyManager: setTelephonyProperty: success phoneId=0 property=gsm.network.type value: LTE propVal=LTE,Unknown
09-12 15:33:41.000  2237  2237 D SIMRecords: [SIMRecords] getServiceProviderName: no brandOverride, providerName=null
09-12 15:33:41.001  2237  2237 D SIMRecords: [SIMRecords] getServiceProviderName: no brandOverride, providerName=null
09-12 15:33:41.002  2237  2237 D Phone   : getStoredVoiceMessageCount: from preference for subId 3= 0
09-12 15:33:41.003  2237  2237 D GsmCdmaPhone: [GsmCdmaPhone] updateVoiceMail countVoiceMessages = 0 subId 3
09-12 15:33:41.003  2237  2237 D Phone   : setVoiceMessageCount: Storing Voice Mail Count = 0 for mVmCountKey = vm_count_key3 in preferences.
09-12 15:33:41.005  2237  2237 D QtiGsmDCT: [0]SubscriptionListener.onSubscriptionInfoChanged
09-12 15:33:41.024  2237  2237 D QtiGsmDCT: [0]onRecordsLoaded: createAllApnList
09-12 15:33:41.024  2237  2237 D SIMRecords: [SIMRecords] getSIMOperatorNumeric: bad mncLength
09-12 15:33:41.024  2237  2237 D QtiGsmDCT: [0]createAllApnList: No APN found for carrier: null
09-12 15:33:41.024  2237  2237 D QtiGsmDCT: [0]createAllApnList: X mAllApnSettings=[]
09-12 15:33:41.024  2237  2237 D QtiGsmDCT: [0]setDataProfilesAsNeeded mSetDataProfileStatus: 0
09-12 15:33:41.024  2237  2237 D CdmaSSM : subscriptionSource from settings: 0
09-12 15:33:41.025  2237  2237 D QtiGsmDCT: [0]onRecordsLoaded: notifying data availability
09-12 15:33:41.025  2237  2237 D CdmaSSM : subscriptionSource from settings: 0
09-12 15:33:41.025  2237  2237 D QtiGsmDCT: [0]isDataAllowed getRecordsLoaded=false
09-12 15:33:41.026  2237  2237 D QtiGsmDCT: [0]isDataAllowed: No - Not attached - SIM not loaded
09-12 15:33:41.027  2237  2237 D CdmaSSM : subscriptionSource from settings: 0
09-12 15:33:41.027  2237  2237 D QtiGsmDCT: [0]isDataAllowed getRecordsLoaded=false
09-12 15:33:41.035  1764  2267 D TelephonyRegistry: Notify data connection state changed on sub: 3
09-12 15:33:41.035  1764  2267 D TelephonyRegistry: Notify data connection state changed on sub: 3
09-12 15:33:41.042  2237  2237 D CdmaSSM : subscriptionSource from settings: 0
09-12 15:33:41.042  2237  2237 D QtiGsmDCT: [0]isDataAllowed getRecordsLoaded=false
09-12 15:33:41.058  2237  2237 D CdmaSSM : subscriptionSource from settings: 0
09-12 15:33:41.058  2237  2237 D QtiGsmDCT: [0]isDataAllowed getRecordsLoaded=false
09-12 15:33:41.071  2237  2237 D CdmaSSM : subscriptionSource from settings: 0
09-12 15:33:41.071  2237  2237 D QtiGsmDCT: [0]isDataAllowed getRecordsLoaded=false
09-12 15:33:41.083  2237  2237 D CdmaSSM : subscriptionSource from settings: 0
09-12 15:33:41.083  2237  2237 D QtiGsmDCT: [0]isDataAllowed getRecordsLoaded=false
09-12 15:33:41.105  2237  2237 D CdmaSSM : subscriptionSource from settings: 0
09-12 15:33:41.105  2237  2237 D QtiGsmDCT: [0]isDataAllowed getRecordsLoaded=false
09-12 15:33:41.120  2237  2237 D CdmaSSM : subscriptionSource from settings: 0
09-12 15:33:41.121  2237  2237 D QtiGsmDCT: [0]isDataAllowed getRecordsLoaded=false
09-12 15:33:41.133  2237  2237 D CdmaSSM : subscriptionSource from settings: 0
09-12 15:33:41.133  2237  2237 D QtiGsmDCT: [0]isDataAllowed getRecordsLoaded=false
09-12 15:33:41.142  2237  2237 D QtiGsmDCT: [0]setupDataOnConnectableApns: simLoaded emergency:[state=IDLE,enabled=false] mms:[state=IDLE,enabled=false] supl:[state=IDLE,enabled=false] hipri:[state=IDLE,enabled=false] dun:[state=IDLE,enabled=false] fota:[state=IDLE,enabled=false] ims:[state=IDLE,enabled=false] default:[state=IDLE,enabled=false] cbs:[state=IDLE,enabled=false] 
09-12 15:33:41.143  2237  2237 D SST     : SubscriptionListener.onSubscriptionInfoChanged
09-12 15:33:41.143  2237  2237 D SubscriptionController: [getSubId]- numSubIds == 0, return DummySubIds slotIdx=1
09-12 15:33:41.143  2237  2237 D QtiGsmDCT: [1]SubscriptionListener.onSubscriptionInfoChanged
09-12 15:33:41.143  2237  2237 D SubscriptionController: [getSubId]- numSubIds == 0, return DummySubIds slotIdx=1
09-12 15:33:41.144  2237  2237 D PhoneSwitcher: handle event - 102
09-12 15:33:41.145  2237  2237 D PhoneSwitcher: isUiccProvisioned = true
09-12 15:33:41.146  2237  2237 D SubscriptionController: [getSubId]- numSubIds == 0, return DummySubIds slotIdx=1
09-12 15:33:41.146  2237  2237 D PhoneSwitcher: Broadcast network specifier set intent
09-12 15:33:41.159  2237  2237 D SubscriptionController: [getSubId]- numSubIds == 0, return DummySubIds slotIdx=1
09-12 15:33:41.159  2237  2237 D PhoneSwitcher: evaluating due to subChanged phone[0] 2147483643->3
09-12 15:33:41.159  2237  2237 D PhoneSwitcher: default subId = 3
09-12 15:33:41.160  2237  2237 D PhoneSwitcher:  phone[0] using sub[3]
09-12 15:33:41.161  2237  2237 D PhoneSwitcher:  phone[1] using sub[2147483644]
09-12 15:33:41.161  2237  2237 D PhoneSwitcher:  newActivePhones:
09-12 15:33:41.162  2237  2237 D PhoneSwitcher:   0
09-12 15:33:41.164  2237  2237 D PhoneSwitcher: InformDdsToRil rild= 0, DDS=0
09-12 15:33:41.174   811  1266 E RILQ    : (0/811): RIL[0][oem_socket0] void qcril_qmi_generic_socket_agent::recv_thread_func(): read 4 bytes length message with length 32
09-12 15:33:41.174   811  1266 E RILQ    : (0/811): RIL[0][oem_socket0] qmi_ril_parse_oem_hook_header: Received un-handled/oem command id = 524327
09-12 15:33:41.176  2237  2237 D PhoneSwitcher: InformDdsToRil rild= 1, DDS=0
09-12 15:33:41.182   959  1235 E RILQ    : (1/959): RIL[1][oem_socket1] void qcril_qmi_generic_socket_agent::recv_thread_func(): read 4 bytes length message with length 32
09-12 15:33:41.182   959  1235 E RILQ    : (1/959): RIL[1][oem_socket1] qmi_ril_parse_oem_hook_header: Received un-handled/oem command id = 524327
09-12 15:33:41.186  2237  2237 D PhoneSwitcher: activate 0
09-12 15:33:41.187  2237  2237 D RILJ    : [3827]> RIL_REQUEST_ALLOW_DATA allowed: true [SUB0]
09-12 15:33:41.193   811   904 I RILQ    : (0/811):RIL[0][main] qcril_qmi_nas_request_allow_data: Already PS attached!
09-12 15:33:41.193   811   904 I RILQ    : (0/811):RIL[0][main] qcril_qmi_nas_request_allow_data: PS ATTACH/DETACH resp 0
09-12 15:33:41.194  2237  2299 D RILJ    : [3827]< RIL_REQUEST_ALLOW_DATA  [SUB0]
09-12 15:33:41.230  2237  2237 D TelephonyNetworkFactory[0]: onSubIdChange 2147483643->3
09-12 15:33:41.231  2237  2237 D TelephonyNetworkFactory[0]: onDefaultChange(false,true)
09-12 15:33:41.307  2237  2237 D SubscriptionController: [getActiveSubscriptionInfo]+ subId=3 subInfo={id=3, iccId=898600760917 simSlotIndex=0 displayName=CARD 1 carrierName=CMCC nameSource=0 iconTint=-16746133 dataRoaming=0 iconBitmap=android.graphics.Bitmap@80d94ee mcc 460 mnc 0}
09-12 15:33:41.326  2237  3043 D SubscriptionController: [getPhoneId] asked for default subId=3
09-12 15:33:41.343  2237  2237 D SubscriptionController: [getSubId]- numSubIds == 0, return DummySubIds slotIdx=1
09-12 15:33:41.404  2237  2237 D SST     : SubscriptionListener.onSubscriptionInfoChanged
09-12 15:33:41.404  2237  2237 D QtiGsmDCT: [0]SubscriptionListener.onSubscriptionInfoChanged
09-12 15:33:41.415  2237  2237 D SST     : SubscriptionListener.onSubscriptionInfoChanged
09-12 15:33:41.415  2237  2237 D SubscriptionController: [getSubId]- numSubIds == 0, return DummySubIds slotIdx=1
09-12 15:33:41.415  2237  2237 D QtiGsmDCT: [1]SubscriptionListener.onSubscriptionInfoChanged
09-12 15:33:41.415  2237  2237 D SubscriptionController: [getSubId]- numSubIds == 0, return DummySubIds slotIdx=1
09-12 15:33:41.416  2237  2237 D PhoneSwitcher: handle event - 102
09-12 15:33:41.417  2237  2237 D PhoneSwitcher: isUiccProvisioned = true
09-12 15:33:41.417  2237  2237 D SubscriptionController: [getSubId]- numSubIds == 0, return DummySubIds slotIdx=1
09-12 15:33:41.418  2237  2237 D PhoneSwitcher: Broadcast network specifier set intent
09-12 15:33:41.434  2237  2237 D SubscriptionController: [getSubId]- numSubIds == 0, return DummySubIds slotIdx=1
09-12 15:33:41.508  2237  2237 D SubscriptionController: [getActiveSubscriptionInfo]+ subId=3 subInfo={id=3, iccId=898600760917 simSlotIndex=0 displayName=CARD 1 carrierName=CMCC nameSource=0 iconTint=-16746133 dataRoaming=0 iconBitmap=android.graphics.Bitmap@d8075a1 mcc 460 mnc 0}
09-12 15:33:41.543  2237  2237 D SubscriptionController: [getSubId]- numSubIds == 0, return DummySubIds slotIdx=1
09-12 15:33:41.571  2237  2237 D SST     : EVENT_GET_CELL_INFO_LIST: error ret null, e=com.android.internal.telephony.CommandException: SYSTEM_ERR
09-12 15:33:41.571  2237  2369 D SST     : SST.getAllCellInfo(): X size=0 list=null
09-12 15:33:41.572  2237  2237 D QtiGsmCdmaPhone: handleMessage: Event: 19
09-12 15:33:41.572  2237  2237 D GsmCdmaPhone: [GsmCdmaPhone] Event EVENT_REGISTERED_TO_NETWORK Received
09-12 15:33:41.572  2237  2237 D SST     : SubscriptionListener.onSubscriptionInfoChanged
09-12 15:33:41.573  2237  2237 D QtiGsmDCT: [0]SubscriptionListener.onSubscriptionInfoChanged
09-12 15:33:41.582  2237  2595 D RILJ    : [3828]> RIL_REQUEST_GET_CELL_INFO_LIST [SUB0]
09-12 15:33:41.583  2237  2237 D QtiGsmDCT: [1]SubscriptionListener.onSubscriptionInfoChanged
09-12 15:33:41.583  2237  2237 D SubscriptionController: [getSubId]- numSubIds == 0, return DummySubIds slotIdx=1
09-12 15:33:41.583  2237  2237 D SST     : SubscriptionListener.onSubscriptionInfoChanged
09-12 15:33:41.584  2237  2237 D SubscriptionController: [getSubId]- numSubIds == 0, return DummySubIds slotIdx=1
09-12 15:33:41.584  2237  2237 D PhoneSwitcher: handle event - 102
09-12 15:33:41.584  2237  2237 D PhoneSwitcher: isUiccProvisioned = true
09-12 15:33:41.585  2237  2237 D SubscriptionController: [getSubId]- numSubIds == 0, return DummySubIds slotIdx=1
09-12 15:33:41.585  2237  2237 D PhoneSwitcher: Broadcast network specifier set intent
09-12 15:33:41.589  2237  2299 D RILJ    : [3828]< RIL_REQUEST_GET_CELL_INFO_LIST [CellInfoLte:{mRegistered=YES mTimeStampType=oem_ril mTimeStamp=58194945704ns CellIdentityLte:{ mMcc=460 mMnc=0 mCi=26240261 mPci=9 mTac=6338 mEarfcn=40738} CellSignalStrengthLte: ss=22 rsrp=-102 rsrq=-12 rssnr=2147483647 cqi=2147483647 ta=22}, CellInfoLte:{mRegistered=NO mTimeStampType=oem_ril mTimeStamp=58194945704ns CellIdentityLte:{ mMcc=2147483647 mMnc=2147483647 mCi=2147483647 mPci=381 mTac=2147483647 mEarfcn=40738} CellSignalStrengthLte: ss=17 rsrp=-105 rsrq=-13 rssnr=2147483647 cqi=2147483647 ta=2147483647}, CellInfoLte:{mRegistered=NO mTimeStampType=oem_ril mTimeStamp=58194945704ns CellIdentityLte:{ mMcc=2147483647 mMnc=2147483647 mCi=2147483647 mPci=29 mTac=2147483647 mEarfcn=40738} CellSignalStrengthLte: ss=17 rsrp=-107 rsrq=-18 rssnr=2147483647 cqi=2147483647 ta=2147483647}] [SUB0]
09-12 15:33:41.602  2237  2237 D SubscriptionController: [getSubId]- numSubIds == 0, return DummySubIds slotIdx=1
09-12 15:33:41.683  2237  2237 D SubscriptionController: [getActiveSubscriptionInfo]+ subId=3 subInfo={id=3, iccId=898600760917 simSlotIndex=0 displayName=CARD 1 carrierName=CMCC nameSource=0 iconTint=-16746133 dataRoaming=0 iconBitmap=android.graphics.Bitmap@da7e220 mcc 460 mnc 0}
09-12 15:33:41.716  2237  2237 D SubscriptionController: [getSubId]- numSubIds == 0, return DummySubIds slotIdx=1
09-12 15:33:41.734  2237  2237 D ImsPhone: handleMessage what=52
09-12 15:33:41.759  2237  2237 D SubscriptionController: [getActiveSubscriptionInfo]+ subId=3 subInfo={id=3, iccId=898600760917 simSlotIndex=0 displayName=CARD 1 carrierName=CMCC nameSource=0 iconTint=-16746133 dataRoaming=0 iconBitmap=android.graphics.Bitmap@266887f mcc 460 mnc 0}
09-12 15:33:41.794  2237  2237 D SubscriptionController: [getSubId]- numSubIds == 0, return DummySubIds slotIdx=1
09-12 15:33:41.832  2237  2237 D QtiGsmDCT: [0]QtiDcTracker handleMessage msg={ when=-1s47ms what=270352 obj=android.os.AsyncResult@479004c target=com.qualcomm.qti.internal.telephony.dataconnection.QtiDcTracker }
09-12 15:33:41.833  2237  2237 D QtiGsmDCT: [0]onDataConnectionAttached
09-12 15:33:41.833  2237  2237 D CdmaSSM : subscriptionSource from settings: 0
09-12 15:33:41.833  2237  2237 D QtiGsmDCT: [0]isDataAllowed getRecordsLoaded=false
09-12 15:33:41.834  2237  2237 D QtiGsmDCT: [0]isDataAllowed: No - SIM not loaded
09-12 15:33:41.835  2237  2237 D CdmaSSM : subscriptionSource from settings: 0
09-12 15:33:41.835  2237  2237 D QtiGsmDCT: [0]isDataAllowed getRecordsLoaded=false
09-12 15:33:41.848  2237  2237 D CdmaSSM : subscriptionSource from settings: 0
09-12 15:33:41.848  2237  2237 D QtiGsmDCT: [0]isDataAllowed getRecordsLoaded=false
09-12 15:33:41.858  2237  2237 D CdmaSSM : subscriptionSource from settings: 0
09-12 15:33:41.859  2237  2237 D QtiGsmDCT: [0]isDataAllowed getRecordsLoaded=false
09-12 15:33:41.867  2237  2237 D CdmaSSM : subscriptionSource from settings: 0
09-12 15:33:41.867  2237  2237 D QtiGsmDCT: [0]isDataAllowed getRecordsLoaded=false
09-12 15:33:41.879  2237  2237 D CdmaSSM : subscriptionSource from settings: 0
09-12 15:33:41.879  2237  2237 D QtiGsmDCT: [0]isDataAllowed getRecordsLoaded=false
09-12 15:33:41.912  2237  2237 D CdmaSSM : subscriptionSource from settings: 0
09-12 15:33:41.912  2237  2237 D QtiGsmDCT: [0]isDataAllowed getRecordsLoaded=false
09-12 15:33:41.928  2237  2237 D CdmaSSM : subscriptionSource from settings: 0
09-12 15:33:41.928  2237  2237 D QtiGsmDCT: [0]isDataAllowed getRecordsLoaded=false
09-12 15:33:41.940  2237  2237 D CdmaSSM : subscriptionSource from settings: 0
09-12 15:33:41.941  2237  2237 D QtiGsmDCT: [0]isDataAllowed getRecordsLoaded=false
09-12 15:33:41.951  2237  2237 D QtiGsmDCT: [0]setupDataOnConnectableApns: dataAttached emergency:[state=IDLE,enabled=false] mms:[state=IDLE,enabled=false] supl:[state=IDLE,enabled=false] hipri:[state=IDLE,enabled=false] dun:[state=IDLE,enabled=false] fota:[state=IDLE,enabled=false] ims:[state=IDLE,enabled=false] default:[state=IDLE,enabled=false] cbs:[state=IDLE,enabled=false] 
09-12 15:33:41.951  2237  2237 D QtiGsmDCT: [0]QtiDcTracker handleMessage msg={ when=-1s164ms what=270377 obj=android.os.AsyncResult@c647895 target=com.qualcomm.qti.internal.telephony.dataconnection.QtiDcTracker }
09-12 15:33:41.951  2237  2237 D QtiGsmDCT: [0]setupDataOnConnectableApns: nwTypeChanged emergency:[state=IDLE,enabled=false] mms:[state=IDLE,enabled=false] supl:[state=IDLE,enabled=false] hipri:[state=IDLE,enabled=false] dun:[state=IDLE,enabled=false] fota:[state=IDLE,enabled=false] ims:[state=IDLE,enabled=false] default:[state=IDLE,enabled=false] cbs:[state=IDLE,enabled=false] 
09-12 15:33:41.952  2237  2237 D ImsPhone: handleMessage what=51
09-12 15:33:41.952  2237  2237 D ImsPhone: EVENT_DEFAULT_PHONE_DATA_STATE_CHANGED
09-12 15:33:41.952  2237  2237 D ImsPhone: updateDataServiceState: defSs = 0 0 voice home data home CMCC CMCC 46000 CMCC CMCC 46000  LTE LTE CSS not supported -1 -1 RoamInd=-1 DefRoamInd=-1 EmergOnly=false IsDataRoamingFromRegistration=false IsUsingCarrierAggregation=false mRilImsRadioTechnology=0 imsSs = 1 0 voice home data home null null null null null null  Unknown LTE CSS not supported -1 -1 RoamInd=-1 DefRoamInd=-1 EmergOnly=false IsDataRoamingFromRegistration=false IsUsingCarrierAggregation=false mRilImsRadioTechnology=0
09-12 15:33:42.043  2237  2237 D SST     : EVENT_GET_CELL_INFO_LIST: error ret null, e=com.android.internal.telephony.CommandException: SYSTEM_ERR
09-12 15:33:42.043  2237  2370 D SST     : SST.getAllCellInfo(): X size=0 list=null
09-12 15:33:42.044  2237  2237 D SIMRecords: [SIMRecords] iccid: 898600760917f5005823
09-12 15:33:42.044  2237  2237 D SIMRecords: [SIMRecords] onRecordLoaded 10 requested: true
09-12 15:33:42.044  2237  2237 D SIMRecords: [SIMRecords] EF_AD: 00000002
09-12 15:33:42.044  2237  2237 D SIMRecords: [SIMRecords] setting4 mMncLength=2
09-12 15:33:42.044  2237  2237 D SIMRecords: [SIMRecords] mccmncCode=460001
09-12 15:33:42.044  2237  2237 D SIMRecords: [SIMRecords] update mccmnc=46000
09-12 15:33:42.169  2237  2237 D SIMRecords: [SIMRecords] onRecordLoaded 9 requested: true
09-12 15:33:42.169  2237  2299 D RILJ    : Unsol response received for UNSOL_STK_PROACTIVE_COMMAND Sending ack to ril.cpp [SUB0]
09-12 15:33:42.170  2237  2299 D RILJ    : [UNSL]< UNSOL_STK_PROACTIVE_COMMAND [SUB0]
09-12 15:33:42.185  2237  2237 D SIMRecords: [SIMRecords] getServiceProviderName: no brandOverride, providerName=CMCC
09-12 15:33:42.185  2237  2237 D SIMRecords: [SIMRecords] Load EF_SPN: CMCC spnDisplayCondition: 0
09-12 15:33:42.186  2237  2237 D TelephonyManager: setTelephonyProperty: success phoneId=0 property=gsm.sim.operator.alpha value: CMCC propVal=CMCC
09-12 15:33:42.187  2237  2237 D SIMRecords: [SIMRecords] onRecordLoaded 8 requested: true
09-12 15:33:42.189  2237  2237 D SIMRecords: [SIMRecords] SST: UsimServiceTable[88]={ FDN, FDN_EXTENSION, OUTGOING_CALL_INFO, INCOMING_CALL_INFO, SM_STORAGE, SM_STATUS_REPORTS, SM_SERVICE_PARAMS, ADVICE_OF_CHARGE, CAP_CONFIG_PARAMS_2, CB_MESSAGE_ID, GROUP_ID_LEVEL_1, GROUP_ID_LEVEL_2, SPN, USER_PLMN_SELECT, MSISDN, GSM_ACCESS, DATA_DL_VIA_SMS_PP, DATA_DL_VIA_SMS_CB, IGNORED_1, ENABLED_SERVICES_TABLE, GSM_SECURITY_CONTEXT, OPERATOR_PLMN_SELECT, HPLMN_SELECT, EXTENSION_5, EQUIVALENT_HPLMN, EPS_MOBILITY_MANAGEMENT_INFO, CALL_CONTROL_ON_EPS_PDN_CONNECTION_BY_USIM }
09-12 15:33:42.190  2237  2237 D SIMRecords: [SIMRecords] onRecordLoaded 7 requested: true
09-12 15:33:42.190  2237  2237 D SIMRecords: [SIMRecords] Received a PlmnActRecord, raw=ffffff0000ffffff0000ffffff0000ffffff0000ffffff0000ffffff0000ffffff0000ffffff0000ffffff0000ffffff0000ffffff0000ffffff0000ffffff0000ffffff0000ffffff0000ffffff0000ffffff0000ffffff0000ffffff0000ffffff0000ffffff0000ffffff0000ffffff0000ffffff0000ffffff0000ffffff0000ffffff0000ffffff0000ffffff0000ffffff0000ffffff0000ffffff0000ffffff0000ffffff0000ffffff0000ffffff0000ffffff0000ffffff0000ffffff0000ffffff0000ffffff0000ffffff0000ffffff0000ffffff0000ffffff0000ffffff0000ffffff0000ffffff0000ffffff0000ffffff0000ffffff0000ffffff0000ffffff0000ffffff0000ffffff0000ffffff0000ffffff0000ffffff0000ffffff0000ffffff0000ffffff0000ffffff0000ffffff0000ffffff0000ffffff0000ffffff0000ffffff0000ffffff0000ffffff0000ffffff0000ffffff0000ffffff0000ffffff0000ffffff0000ffffff0000ffffff0000ffffff0000ffffff0000ffffff0000ffffff0000
09-12 15:33:42.191  2237  2237 V PlmnActRecord: Extracting Logs, count=80
09-12 15:33:42.191  2237  2237 V PlmnActRecord: Creating PlmnActRecord 0
09-12 15:33:42.191  2237  2237 V PlmnActRecord: Creating PlmnActRecord 5
09-12 15:33:42.191  2237  2237 V PlmnActRecord: Creating PlmnActRecord 10
09-12 15:33:42.191  2237  2237 V PlmnActRecord: Creating PlmnActRecord 15
09-12 15:33:42.191  2237  2237 V PlmnActRecord: Creating PlmnActRecord 20
09-12 15:33:42.191  2237  2237 V PlmnActRecord: Creating PlmnActRecord 25
09-12 15:33:42.191  2237  2237 V PlmnActRecord: Creating PlmnActRecord 30
09-12 15:33:42.191  2237  2237 V PlmnActRecord: Creating PlmnActRecord 35
09-12 15:33:42.191  2237  2237 V PlmnActRecord: Creating PlmnActRecord 40
09-12 15:33:42.191  2237  2237 V PlmnActRecord: Creating PlmnActRecord 45
09-12 15:33:42.191  2237  2237 V PlmnActRecord: Creating PlmnActRecord 50
09-12 15:33:42.191  2237  2237 V PlmnActRecord: Creating PlmnActRecord 55
09-12 15:33:42.191  2237  2237 V PlmnActRecord: Creating PlmnActRecord 60
09-12 15:33:42.191  2237  2237 V PlmnActRecord: Creating PlmnActRecord 65
09-12 15:33:42.191  2237  2237 V PlmnActRecord: Creating PlmnActRecord 70
09-12 15:33:42.191  2237  2237 V PlmnActRecord: Creating PlmnActRecord 75
09-12 15:33:42.191  2237  2237 V PlmnActRecord: Creating PlmnActRecord 80
09-12 15:33:42.191  2237  2237 V PlmnActRecord: Creating PlmnActRecord 85
09-12 15:33:42.191  2237  2237 V PlmnActRecord: Creating PlmnActRecord 90
09-12 15:33:42.191  2237  2237 V PlmnActRecord: Creating PlmnActRecord 95
09-12 15:33:42.192  2237  2237 V PlmnActRecord: Creating PlmnActRecord 100
09-12 15:33:42.192  2237  2237 V PlmnActRecord: Creating PlmnActRecord 105
09-12 15:33:42.192  2237  2237 V PlmnActRecord: Creating PlmnActRecord 110
09-12 15:33:42.192  2237  2237 V PlmnActRecord: Creating PlmnActRecord 115
09-12 15:33:42.192  2237  2237 V PlmnActRecord: Creating PlmnActRecord 120
09-12 15:33:42.192  2237  2237 V PlmnActRecord: Creating PlmnActRecord 125
09-12 15:33:42.192  2237  2237 V PlmnActRecord: Creating PlmnActRecord 130
09-12 15:33:42.192  2237  2237 V PlmnActRecord: Creating PlmnActRecord 135
09-12 15:33:42.192  2237  2237 V PlmnActRecord: Creating PlmnActRecord 140
09-12 15:33:42.192  2237  2237 V PlmnActRecord: Creating PlmnActRecord 145
09-12 15:33:42.192  2237  2237 V PlmnActRecord: Creating PlmnActRecord 150
09-12 15:33:42.192  2237  2237 V PlmnActRecord: Creating PlmnActRecord 155
09-12 15:33:42.192  2237  2237 V PlmnActRecord: Creating PlmnActRecord 160
09-12 15:33:42.192  2237  2237 V PlmnActRecord: Creating PlmnActRecord 165
09-12 15:33:42.192  2237  2237 V PlmnActRecord: Creating PlmnActRecord 170
09-12 15:33:42.192  2237  2237 V PlmnActRecord: Creating PlmnActRecord 175
09-12 15:33:42.192  2237  2237 V PlmnActRecord: Creating PlmnActRecord 180
09-12 15:33:42.192  2237  2237 V PlmnActRecord: Creating PlmnActRecord 185
09-12 15:33:42.192  2237  2237 V PlmnActRecord: Creating PlmnActRecord 190
09-12 15:33:42.192  2237  2237 V PlmnActRecord: Creating PlmnActRecord 195
09-12 15:33:42.192  2237  2237 V PlmnActRecord: Creating PlmnActRecord 200
09-12 15:33:42.192  2237  2237 V PlmnActRecord: Creating PlmnActRecord 205
09-12 15:33:42.192  2237  2237 V PlmnActRecord: Creating PlmnActRecord 210
09-12 15:33:42.192  2237  2237 V PlmnActRecord: Creating PlmnActRecord 215
09-12 15:33:42.193  2237  2237 V PlmnActRecord: Creating PlmnActRecord 220
09-12 15:33:42.193  2237  2237 V PlmnActRecord: Creating PlmnActRecord 225
09-12 15:33:42.193  2237  2237 V PlmnActRecord: Creating PlmnActRecord 230
09-12 15:33:42.193  2237  2237 V PlmnActRecord: Creating PlmnActRecord 235
09-12 15:33:42.193  2237  2237 V PlmnActRecord: Creating PlmnActRecord 240
09-12 15:33:42.193  2237  2237 V PlmnActRecord: Creating PlmnActRecord 245
09-12 15:33:42.193  2237  2237 V PlmnActRecord: Creating PlmnActRecord 250
09-12 15:33:42.193  2237  2237 V PlmnActRecord: Creating PlmnActRecord 255
09-12 15:33:42.193  2237  2237 V PlmnActRecord: Creating PlmnActRecord 260
09-12 15:33:42.193  2237  2237 V PlmnActRecord: Creating PlmnActRecord 265
09-12 15:33:42.194  2237  2369 D QtiGsmDCT: [0]hasMatchedTetherApnSetting: APN=null
09-12 15:33:42.194  2237  2237 V PlmnActRecord: Creating PlmnActRecord 270
09-12 15:33:42.195  2237  2237 V PlmnActRecord: Creating PlmnActRecord 275
09-12 15:33:42.195  2237  2237 V PlmnActRecord: Creating PlmnActRecord 280
09-12 15:33:42.195  2237  2237 V PlmnActRecord: Creating PlmnActRecord 285
09-12 15:33:42.195  2237  2237 V PlmnActRecord: Creating PlmnActRecord 290
09-12 15:33:42.195  2237  2237 V PlmnActRecord: Creating PlmnActRecord 295
09-12 15:33:42.196  2237  2237 V PlmnActRecord: Creating PlmnActRecord 300
09-12 15:33:42.196  2237  2237 V PlmnActRecord: Creating PlmnActRecord 305
09-12 15:33:42.196  2237  2237 V PlmnActRecord: Creating PlmnActRecord 310
09-12 15:33:42.196  2237  2237 V PlmnActRecord: Creating PlmnActRecord 315
09-12 15:33:42.196  2237  2237 V PlmnActRecord: Creating PlmnActRecord 320
09-12 15:33:42.196  2237  2237 V PlmnActRecord: Creating PlmnActRecord 325
09-12 15:33:42.196  2237  2237 V PlmnActRecord: Creating PlmnActRecord 330
09-12 15:33:42.196  2237  2237 V PlmnActRecord: Creating PlmnActRecord 335
09-12 15:33:42.196  2237  2237 V PlmnActRecord: Creating PlmnActRecord 340
09-12 15:33:42.196  2237  2237 V PlmnActRecord: Creating PlmnActRecord 345
09-12 15:33:42.196  2237  2237 V PlmnActRecord: Creating PlmnActRecord 350
09-12 15:33:42.196  2237  2237 V PlmnActRecord: Creating PlmnActRecord 355
09-12 15:33:42.196  2237  2237 V PlmnActRecord: Creating PlmnActRecord 360
09-12 15:33:42.196  2237  2237 V PlmnActRecord: Creating PlmnActRecord 365
09-12 15:33:42.196  2237  2237 V PlmnActRecord: Creating PlmnActRecord 370
09-12 15:33:42.196  2237  2237 V PlmnActRecord: Creating PlmnActRecord 375
09-12 15:33:42.196  2237  2237 V PlmnActRecord: Creating PlmnActRecord 380
09-12 15:33:42.196  2237  2237 V PlmnActRecord: Creating PlmnActRecord 385
09-12 15:33:42.196  2237  2237 V PlmnActRecord: Creating PlmnActRecord 390
09-12 15:33:42.196  2237  2237 V PlmnActRecord: Creating PlmnActRecord 395
09-12 15:33:42.198  2237  2237 D SIMRecords: [SIMRecords] Received a PlmnActRecord, raw=64f000400064f000800064f000008054f421400054f421800054f421008014f040400014f040800014f0400080ffffff0000ffffff0000ffffff0000
09-12 15:33:42.198  2237  2237 V PlmnActRecord: Extracting Logs, count=12
09-12 15:33:42.198  2237  2237 V PlmnActRecord: Creating PlmnActRecord 0
09-12 15:33:42.198  2237  2237 V PlmnActRecord: Creating PlmnActRecord 5
09-12 15:33:42.198  2237  2237 V PlmnActRecord: Creating PlmnActRecord 10
09-12 15:33:42.198  2237  2237 V PlmnActRecord: Creating PlmnActRecord 15
09-12 15:33:42.198  2237  2237 V PlmnActRecord: Creating PlmnActRecord 20
09-12 15:33:42.198  2237  2237 V PlmnActRecord: Creating PlmnActRecord 25
09-12 15:33:42.198  2237  2237 V PlmnActRecord: Creating PlmnActRecord 30
09-12 15:33:42.198  2237  2237 V PlmnActRecord: Creating PlmnActRecord 35
09-12 15:33:42.198  2237  2237 V PlmnActRecord: Creating PlmnActRecord 40
09-12 15:33:42.198  2237  2237 V PlmnActRecord: Creating PlmnActRecord 45
09-12 15:33:42.198  2237  2237 V PlmnActRecord: Creating PlmnActRecord 50
09-12 15:33:42.198  2237  2237 V PlmnActRecord: Creating PlmnActRecord 55
09-12 15:33:42.199  2237  2237 D SIMRecords: [SIMRecords] Received a PlmnActRecord, raw=64f000400064f000800064f0000080
09-12 15:33:42.199  2237  2237 V PlmnActRecord: Extracting Logs, count=3
09-12 15:33:42.199  2237  2237 V PlmnActRecord: Creating PlmnActRecord 0
09-12 15:33:42.199  2237  2237 V PlmnActRecord: Creating PlmnActRecord 5
09-12 15:33:42.199  2237  2237 V PlmnActRecord: Creating PlmnActRecord 10
09-12 15:33:42.199  2237  2237 D SIMRecords: [SIMRecords] HplmnActRecord[]=[{PLMN=46000,AccessTechs=EUTRAN}, {PLMN=46000,AccessTechs=UTRAN}, {PLMN=46000,AccessTechs=UTRAN|EUTRAN|GSM|UNKNOWN:3f00}]
09-12 15:33:42.200  2237  2237 D SIMRecords: [SIMRecords] GID1: ffffffff
09-12 15:33:42.200  2237  2237 D SIMRecords: [SIMRecords] onRecordLoaded 6 requested: true
09-12 15:33:42.200  2237  2237 D SIMRecords: [SIMRecords] EF_LI LOADED
09-12 15:33:42.200  2237  2237 D SIMRecords: [SIMRecords] EF_LI=ffffffffffffffff
09-12 15:33:42.200  2237  2237 D SIMRecords: [SIMRecords] onRecordLoaded 5 requested: true
09-12 15:33:42.201  2237  2237 D SIMRecords: [SIMRecords] Received Forbidden PLMNs, raw=64f01064f03064f04064f002
09-12 15:33:42.201  2237  2237 D SIMRecords: [SIMRecords] onRecordLoaded 4 requested: true
09-12 15:33:42.201  2237  2237 D SIMRecords: [SIMRecords] GID2: ffffffff
09-12 15:33:42.201  2237  2237 D SIMRecords: [SIMRecords] onRecordLoaded 3 requested: true
09-12 15:33:42.202  2237  2237 D SIMRecords: [SIMRecords] EF_PL LOADED
09-12 15:33:42.202  2237  2237 D SIMRecords: [SIMRecords] EF_PL=ffffffffffffffff
09-12 15:33:42.202  2237  2237 D SIMRecords: [SIMRecords] onRecordLoaded 2 requested: true
09-12 15:33:42.202  2237  2237 D SIMRecords: [SIMRecords] Received Equivalent Home PLMNs, raw=64f00064f07064f02064f080
09-12 15:33:42.202  2237  2237 D UiccPkcs15: handleMessage: 201
09-12 15:33:42.202  2237  2237 D UiccPkcs15: mChannelId: 1
09-12 15:33:42.211  2237  2237 D SubscriptionInfoUpdater: [Receiver]+
09-12 15:33:42.212  2237  2237 D SubscriptionInfoUpdater: Action: android.intent.action.SIM_STATE_CHANGED
09-12 15:33:42.212  2237  2237 D SubscriptionInfoUpdater: slotId: 0
09-12 15:33:42.214  2237  2237 D SubscriptionInfoUpdater: simStatus: IMSI
09-12 15:33:42.214  2237  2237 D SubscriptionInfoUpdater: Ignoring simStatus: IMSI
09-12 15:33:42.214  2237  2237 D SubscriptionInfoUpdater: [Receiver]-
09-12 15:33:42.215  2237  2237 D PhoneSwitcher: mSimStateIntentReceiver: phoneId = 0 value = IMSI
09-12 15:33:42.216  2237  2237 D PhoneSwitcher: SIM READY for phoneId: 0
09-12 15:33:42.226  2237  2370 D SST     : getCellLocation(): X good mCellLoc=[6338,26240261,-1]
09-12 15:33:42.264  2237  2237 D PhoneSwitcher: handle event - 107
09-12 15:33:42.264  2237  2237 D PhoneSwitcher: Allow_data success on phoneId = 0
09-12 15:33:42.265  2237  2237 D TelephonyNetworkFactory[1]: got request NetworkRequest [ REQUEST id=8, [ Transports: CELLULAR Capabilities: IMS&TRUSTED&NOT_VPN Specifier: <3>] ] with score 0
09-12 15:33:42.265  2237  2237 D TelephonyNetworkFactory[0]: got request NetworkRequest [ REQUEST id=8, [ Transports: CELLULAR Capabilities: IMS&TRUSTED&NOT_VPN Specifier: <3>] ] with score 0
09-12 15:33:42.265  2237  2237 D PhoneSwitcher: handle event - 101
09-12 15:33:42.266  2237  2237 D PhoneSwitcher: isAnyVoiceCallActiveOnDevice: false
09-12 15:33:42.266  2237  2237 D SubscriptionController: [getSubId]- numSubIds == 0, return DummySubIds slotIdx=1
09-12 15:33:42.268  2237  2249 D RILJ    : [3830]> RIL_REQUEST_GET_CELL_INFO_LIST [SUB0]
09-12 15:33:42.276  2237  2595 D SST     : SST.getAllCellInfo(): return last, back to back calls
09-12 15:33:42.276  2237  2595 D SST     : SST.getAllCellInfo(): return last, back to back calls
09-12 15:33:42.276  2237  2595 D SST     : SST.getAllCellInfo(): X size=0 list=null
09-12 15:33:42.279  2237  2299 D RILJ    : [3830]< RIL_REQUEST_GET_CELL_INFO_LIST [CellInfoLte:{mRegistered=YES mTimeStampType=oem_ril mTimeStamp=58884805183ns CellIdentityLte:{ mMcc=460 mMnc=0 mCi=26240261 mPci=9 mTac=6338 mEarfcn=40738} CellSignalStrengthLte: ss=22 rsrp=-102 rsrq=-12 rssnr=2147483647 cqi=2147483647 ta=22}, CellInfoLte:{mRegistered=NO mTimeStampType=oem_ril mTimeStamp=58884805183ns CellIdentityLte:{ mMcc=2147483647 mMnc=2147483647 mCi=2147483647 mPci=381 mTac=2147483647 mEarfcn=40738} CellSignalStrengthLte: ss=17 rsrp=-106 rsrq=-14 rssnr=2147483647 cqi=2147483647 ta=2147483647}, CellInfoLte:{mRegistered=NO mTimeStampType=oem_ril mTimeStamp=58884805183ns CellIdentityLte:{ mMcc=2147483647 mMnc=2147483647 mCi=2147483647 mPci=29 mTac=2147483647 mEarfcn=40738} CellSignalStrengthLte: ss=17 rsrp=-107 rsrq=-17 rssnr=2147483647 cqi=2147483647 ta=2147483647}] [SUB0]
09-12 15:33:42.302  2237  2369 D SST     : SST.getAllCellInfo(): return last, back to back calls
09-12 15:33:42.302  2237  2369 D SST     : SST.getAllCellInfo(): return last, back to back calls
09-12 15:33:42.302  2237  2369 D SST     : SST.getAllCellInfo(): return last, back to back calls
09-12 15:33:42.302  2237  2369 D SST     : SST.getAllCellInfo(): X size=0 list=null
09-12 15:33:42.314  2237  2237 D SubscriptionController: [getActiveSubscriptionInfo]+ subId=3 subInfo={id=3, iccId=898600760917 simSlotIndex=0 displayName=CARD 1 carrierName=CMCC nameSource=0 iconTint=-16746133 dataRoaming=0 iconBitmap=android.graphics.Bitmap@ebc254d mcc 460 mnc 0}
09-12 15:33:42.320  2237  2320 D SST     : SST.getAllCellInfo(): return last, back to back calls
09-12 15:33:42.320  2237  2320 D SST     : SST.getAllCellInfo(): return last, back to back calls
09-12 15:33:42.320  2237  2320 D SST     : SST.getAllCellInfo(): return last, back to back calls
09-12 15:33:42.320  2237  2320 D SST     : SST.getAllCellInfo(): X size=0 list=null
09-12 15:33:42.422  2237  2237 D CAT     : CatService: handleMessage[2]
09-12 15:33:42.422  2237  2237 D CAT     : CatService: ril message arrived,slotid:0
09-12 15:33:42.423  2237  2237 D SIMRecords: [SIMRecords] MSISDN: 
09-12 15:33:42.423  2237  2237 D SIMRecords: [SIMRecords] onRecordLoaded 1 requested: true
09-12 15:33:42.423  2237  2237 D UiccPkcs15: handleMessage: 1
09-12 15:33:42.423  2237  2237 D UiccPkcs15: Creating FileHandler, pkcs15Path: null
09-12 15:33:42.424  2237  2237 D UiccPkcs15: loadFile: 4300
09-12 15:33:42.425  2237  2237 D RILJ    : [3831]> RIL_REQUEST_SIM_TRANSMIT_APDU_CHANNEL [SUB0]
09-12 15:33:42.428  2237  2514 D CAT     : CommandParamsFactory: process SelectItem
09-12 15:33:42.429  2237  2237 D PhoneSwitcher: handle event - 110
09-12 15:33:42.430  2237  2237 D PhoneSwitcher: handle event - 110
09-12 15:33:42.431  2237  2237 D TelephonyNetworkFactory[0]: onActivePhoneSwitch(true, true)
09-12 15:33:42.432  2237  2237 D PhoneSwitcher: handle event - 103
09-12 15:33:42.439  2237  2237 D SubscriptionController: [getSubId]- numSubIds == 0, return DummySubIds slotIdx=1
09-12 15:33:42.439  2237  2237 D PhoneSwitcher: evaluating due to netRequest
09-12 15:33:42.439  2237  2237 D PhoneSwitcher: default subId = 3
09-12 15:33:42.440  2237  2237 D PhoneSwitcher:  phone[0] using sub[3]
09-12 15:33:42.440  2237  2237 D PhoneSwitcher:  phone[1] using sub[2147483644]
09-12 15:33:42.441  2237  2237 D PhoneSwitcher:  newActivePhones:
09-12 15:33:42.441  2237  2237 D PhoneSwitcher:   0
09-12 15:33:42.442  2237  2237 D PhoneSwitcher: InformDdsToRil rild= 0, DDS=0
09-12 15:33:42.446   811  1266 E RILQ    : (0/811): RIL[0][oem_socket0] void qcril_qmi_generic_socket_agent::recv_thread_func(): read 4 bytes length message with length 32
09-12 15:33:42.446   811  1266 E RILQ    : (0/811): RIL[0][oem_socket0] qmi_ril_parse_oem_hook_header: Received un-handled/oem command id = 524327
09-12 15:33:42.449  2237  2237 D PhoneSwitcher: InformDdsToRil rild= 1, DDS=0
09-12 15:33:42.449  2237  2299 D RILJ    : [3831]< RIL_REQUEST_SIM_TRANSMIT_APDU_CHANNEL  [SUB0]
09-12 15:33:42.463   959  1235 E RILQ    : (1/959): RIL[1][oem_socket1] void qcril_qmi_generic_socket_agent::recv_thread_func(): read 4 bytes length message with length 32
09-12 15:33:42.463   959  1235 E RILQ    : (1/959): RIL[1][oem_socket1] qmi_ril_parse_oem_hook_header: Received un-handled/oem command id = 524327
09-12 15:33:42.485  2237  2237 D TelephonyNetworkFactory[0]: onNeedNetworkFor NetworkRequest [ REQUEST id=8, [ Transports: CELLULAR Capabilities: IMS&TRUSTED&NOT_VPN Specifier: <3>] ]
09-12 15:33:42.486  2237  2237 D RILJ    : [3832]> RIL_REQUEST_GET_ACTIVITY_INFO [SUB0]
09-12 15:33:42.486  2237  2249 D SST     : SST.getAllCellInfo(): return last, back to back calls
09-12 15:33:42.486  2237  2249 D SST     : SST.getAllCellInfo(): return last, back to back calls
09-12 15:33:42.486  2237  2249 D SST     : SST.getAllCellInfo(): X size=0 list=null
09-12 15:33:42.496  2237  2299 D RILJ    : Modem activity info received: sleepModeTimeMs=33850 idleModeTimeMs=457 txModeTimeMs[]=[275, 174, 94, 174, 37] rxModeTimeMs=4005 [SUB0]
09-12 15:33:42.497  2237  2299 D RILJ    : [3832]< RIL_REQUEST_GET_ACTIVITY_INFO ModemActivityInfo{ mTimestamp=59104 mSleepTimeMs=33850 mIdleTimeMs=457 mTxTimeMs[]=[275, 174, 94, 174, 37] mRxTimeMs=4005 mEnergyUsed=0} [SUB0]
09-12 15:33:42.512  2237  2237 D SubscriptionController: [getActiveSubscriptionInfoForSimSlotIndex]+ slotIdx=0 subId={id=3, iccId=898600760917 simSlotIndex=0 displayName=CARD 1 carrierName=CMCC nameSource=0 iconTint=-16746133 dataRoaming=0 iconBitmap=android.graphics.Bitmap@e55b105 mcc 460 mnc 0}
09-12 15:33:42.532  2237  2237 D SIMRecords: [SIMRecords] Invalid or missing EF[MAILBOX]
09-12 15:33:42.532  2237  2237 D SIMRecords: [SIMRecords] onRecordLoaded 0 requested: true
09-12 15:33:42.532  2237  2237 D SIMRecords: [SIMRecords] record load complete
