09-12 15:33:35.777  2237  2250 D QtiSubscriptionController: getPhoneId, received dummy subId 2147483643
09-12 15:33:35.777  2237  2237 D SubscriptionController: [getPhoneId]- no sims, returning default phoneId=0
09-12 15:33:35.780  2237  2237 D QtiSubscriptionController: getPhoneId, received dummy subId 2147483643
09-12 15:33:35.783  2237  2237 D SubscriptionController: [getPhoneId]- no sims, returning default phoneId=0
09-12 15:33:35.783  2237  2249 D SubscriptionController: [getPhoneId]- no sims, returning default phoneId=0
09-12 15:33:35.785  2237  2237 D QtiSubscriptionController: getPhoneId, received dummy subId 2147483643
09-12 15:33:35.787  2237  2237 D SubscriptionController: [getPhoneId]- no sims, returning default phoneId=0
09-12 15:33:35.790  2237  2237 D QtiSubscriptionController: getPhoneId, received dummy subId 2147483643
09-12 15:33:35.791  2237  2237 D SubscriptionController: [getPhoneId]- no sims, returning default phoneId=0
09-12 15:33:35.798  2237  2237 D QtiSubscriptionController: getPhoneId, received dummy subId 2147483643
09-12 15:33:35.799  2237  2237 D SubscriptionController: [getPhoneId]- no sims, returning default phoneId=0
09-12 15:33:35.800  2237  2369 D QtiSubscriptionController: getPhoneId, received dummy subId 2147483643
09-12 15:33:35.801  2237  2237 D QtiSubscriptionController: getPhoneId, received dummy subId 2147483643
09-12 15:33:35.805  2237  2237 D SubscriptionController: [getPhoneId]- no sims, returning default phoneId=0
09-12 15:33:35.810  2237  2237 D QtiSubscriptionController: getPhoneId, received dummy subId 2147483643
09-12 15:33:35.811  2237  2250 D QtiSubscriptionController: getPhoneId, received dummy subId 2147483643
09-12 15:33:35.812  2237  2237 D SubscriptionController: [getPhoneId]- no sims, returning default phoneId=0
09-12 15:33:35.815  2237  2237 D QtiSubscriptionController: getPhoneId, received dummy subId 2147483643
09-12 15:33:35.817  2237  2237 D SubscriptionController: [getPhoneId]- no sims, returning default phoneId=0
09-12 15:33:35.819  2237  2237 D QtiSubscriptionController: getPhoneId, received dummy subId 2147483643
09-12 15:33:35.820  2237  2237 D SubscriptionController: [getPhoneId]- no sims, returning default phoneId=0
09-12 15:33:35.823  2237  2237 D QtiSubscriptionController: getPhoneId, received dummy subId 2147483643
09-12 15:33:35.824  2237  2237 D SubscriptionController: [getPhoneId]- no sims, returning default phoneId=0
09-12 15:33:35.827  2237  2237 D QtiSubscriptionController: getPhoneId, received dummy subId 2147483643
09-12 15:33:35.828  2237  2237 D SubscriptionController: [getPhoneId]- no sims, returning default phoneId=0
09-12 15:33:35.830  2237  2237 D QtiSubscriptionController: getPhoneId, received dummy subId 2147483643
09-12 15:33:35.832  2237  2237 D SubscriptionController: [getPhoneId]- no sims, returning default phoneId=0
09-12 15:33:35.834  2237  2237 D QtiSubscriptionController: getPhoneId, received dummy subId 2147483643
09-12 15:33:35.836  2237  2237 D SubscriptionController: [getPhoneId]- no sims, returning default phoneId=0
09-12 15:33:35.842  2237  2237 D QtiSubscriptionController: getPhoneId, received dummy subId 2147483643
09-12 15:33:35.844  2237  2237 D SubscriptionController: [getPhoneId]- no sims, returning default phoneId=0
09-12 15:33:35.846  2237  2237 D QtiSubscriptionController: getPhoneId, received dummy subId 2147483643
09-12 15:33:35.848  2237  2237 D SubscriptionController: [getPhoneId]- no sims, returning default phoneId=0
09-12 15:33:35.849  2237  2237 D QtiSubscriptionController: getPhoneId, received dummy subId 2147483643
09-12 15:33:35.851  2237  2237 D SubscriptionController: [getPhoneId]- no sims, returning default phoneId=0
09-12 15:33:35.854  2237  2237 D QtiSubscriptionController: getPhoneId, received dummy subId 2147483643
09-12 15:33:35.857  2237  2237 D SubscriptionController: [getPhoneId]- no sims, returning default phoneId=0
09-12 15:33:35.859  2237  2237 D QtiSubscriptionController: getPhoneId, received dummy subId 2147483643
09-12 15:33:35.859  2237  2595 D SubscriptionController: [getPhoneId]- no sims, returning default phoneId=0
09-12 15:33:35.860  2237  2237 D SubscriptionController: [getPhoneId]- no sims, returning default phoneId=0
09-12 15:33:35.862  2237  2237 D QtiSubscriptionController: getPhoneId, received dummy subId 2147483643
09-12 15:33:35.862  2237  2370 D SubscriptionController: [getPhoneId]- no sims, returning default phoneId=0
09-12 15:33:35.864  2237  2237 D SubscriptionController: [getPhoneId]- no sims, returning default phoneId=0
09-12 15:33:35.865  2237  2237 D QtiGsmCdmaPhone: handleMessage: Event: 6
09-12 15:33:35.865  2237  2237 D GsmCdmaPhone: [GsmCdmaPhone] Baseband version: 953_GEN_PACK-1.109133.1.109682.1
09-12 15:33:35.866  2237  2320 D SubscriptionController: [getPhoneId]- no sims, returning default phoneId=0
09-12 15:33:35.867  2237  2237 D QtiGsmCdmaPhone: handleMessage: Event: 9
09-12 15:33:35.867  2237  2237 D QtiGsmCdmaPhone: handleMessage: Event: 10
09-12 15:33:35.867  2237  2237 D QtiGsmCdmaPhone: handleMessage: Event: 35
09-12 15:33:35.867  2237  2237 D QtiRadioCapabilityController:  radioCapabilityUpdated phoneId[1] rc = {mPhoneId = 1 mVersion=1 mSession=0 mPhase=0 mRadioAccessFamily=81928 mLogicModemId=1 mStatus=1}
09-12 15:33:35.867  2237  2237 D GsmCdmaPhone: EVENT_GET_RADIO_CAPABILITY: phone rc: {mPhoneId = 1 mVersion=1 mSession=0 mPhase=0 mRadioAccessFamily=81928 mLogicModemId=1 mStatus=1}
09-12 15:33:35.868  2237  2237 D QtiGsmCdmaPhone: handleMessage: Event: 37
09-12 15:33:35.868  2237  2237 D QtiGsmCdmaPhone: handleMessage: Event: 34
09-12 15:33:35.869  2237  2369 D SubscriptionController: [getPhoneId]- no sims, returning default phoneId=0
09-12 15:33:35.870  2237  2237 D QtiGsmCdmaPhone: handleMessage: Event: 34
09-12 15:33:35.872  2237  2237 D SST     : mDeviceShuttingDown=false, mDesiredPowerState=true, getRadioState=RADIO_ON, mPowerOffDelayNeed=true, mAlarmSwitch=false, mRadioDisabledByCarrier=false
09-12 15:33:35.874  2237  2237 D RILJ    : [3734]> OPERATOR [SUB0]
09-12 15:33:35.876  2237  2237 D RILJ    : [3735]> DATA_REGISTRATION_STATE [SUB0]
09-12 15:33:35.879  2237  2237 D RILJ    : [3736]> VOICE_REGISTRATION_STATE [SUB0]
09-12 15:33:35.881  2237  2237 D RILJ    : [3737]> QUERY_NETWORK_SELECTION_MODE [SUB0]
09-12 15:33:35.883  2237  2237 D RILJ    : [3738]> GET_CURRENT_CALLS [SUB0]
09-12 15:33:35.885  2237  2237 D RILJ    : [3739]> RIL_REQUEST_IMS_REGISTRATION_STATE [SUB0]
09-12 15:33:35.888  2237  2237 D RILJ    : [3740]> RIL_REQUEST_CDMA_GET_SUBSCRIPTION_SOURCE [SUB0]
09-12 15:33:35.889  2237  2299 D RILJ    : [3737]< QUERY_NETWORK_SELECTION_MODE {0} [SUB0]
09-12 15:33:35.889   811   904 I RILQ    : (0/811):RIL[0][main] qcril_qmi_get_call_list_to_send: RILVI: calls rep: reported/skipped 0/0 calls
09-12 15:33:35.889  2237  2237 D QtiGsmCdmaPhone: handleMessage: Event: 5
09-12 15:33:35.889  2237  2237 D GsmCdmaPhone: [GsmCdmaPhone] Event EVENT_RADIO_ON Received
09-12 15:33:35.889  2237  2237 D RILJ    : [3741]> RIL_REQUEST_VOICE_RADIO_TECH [SUB0]
09-12 15:33:35.890  2237  2299 D RILJ    : [3738]< GET_CURRENT_CALLS {} [SUB0]
09-12 15:33:35.892  2237  2237 D SST     : mDeviceShuttingDown=false, mDesiredPowerState=true, getRadioState=RADIO_ON, mPowerOffDelayNeed=true, mAlarmSwitch=false, mRadioDisabledByCarrier=false
09-12 15:33:35.892  2237  2299 D RILJ    : [3734]< OPERATOR {CMCC, CMCC, 46000} [SUB0]
09-12 15:33:35.896  2237  2237 D RILJ    : [3742]> OPERATOR [SUB1]
09-12 15:33:35.898  2237  2299 D RILJ    : [3735]< DATA_REGISTRATION_STATE {1, null, 01906505, 14, null, 20, 6338, 9, 26240261, null, null} [SUB0]
09-12 15:33:35.900  2237  2299 D RILJ    : [3736]< VOICE_REGISTRATION_STATE {1, 18c2, 01906505, 14, null, null, null, 0, null, null, 1, null, null, 0, null} [SUB0]
09-12 15:33:35.900  2237  2237 D RILJ    : [3743]> DATA_REGISTRATION_STATE [SUB1]
09-12 15:33:35.902  2237  2237 D RILJ    : [3744]> VOICE_REGISTRATION_STATE [SUB1]
09-12 15:33:35.903   811  2644 E RILQ    : (0/811): RIL[0][cmd-112(864)] qcril_qmi_client_send_msg_sync_ex: error 46 / 0 / 1 / 52, context msg hex 4a, service 2 
09-12 15:33:35.903   811  2644 E RILQ    : (0/811): RIL[0][cmd-112(864)] qcril_sms_request_ims_registration_state: Failed to get the response of IMS NW registration state from qmi.
09-12 15:33:35.903  2237  2299 D RilRequest: [3740]< RIL_REQUEST_CDMA_GET_SUBSCRIPTION_SOURCE error: com.android.internal.telephony.CommandException: REQUEST_NOT_SUPPORTED ret=
09-12 15:33:35.903  2237  2250 D SubscriptionController: [getPhoneId]- no sims, returning default phoneId=0
09-12 15:33:35.905  2237  2299 D RILJ    : [3739]< RIL_REQUEST_IMS_REGISTRATION_STATE {0, 1} [SUB0]
09-12 15:33:35.905  2237  2303 D RILJ    : [3742]< OPERATOR {null, null, null} [SUB1]
09-12 15:33:35.905  2237  2237 D RILJ    : [3745]> QUERY_NETWORK_SELECTION_MODE [SUB1]
09-12 15:33:35.907   959  2648 I RILQ    : (1/959):RIL[1][cmd-21(184)] qcril_qmi_nas_reset_data_snapshot_cache_and_timer: Resetting snapshot timer
09-12 15:33:35.907  2237  2249 D SubscriptionController: [getPhoneId]- no sims, returning default phoneId=0
09-12 15:33:35.907  2237  2237 D RILJ    : [3746]> GET_CURRENT_CALLS [SUB1]
09-12 15:33:35.909  2237  2237 D RILJ    : [3747]> RIL_REQUEST_IMS_REGISTRATION_STATE [SUB1]
09-12 15:33:35.911  2237  2595 D SubscriptionController: [getPhoneId]- no sims, returning default phoneId=0
09-12 15:33:35.911  2237  2237 D QtiGsmCdmaPhone: handleMessage: Event: 5
09-12 15:33:35.911  2237  2237 D GsmCdmaPhone: [GsmCdmaPhone] Event EVENT_RADIO_ON Received
09-12 15:33:35.911  2237  2237 D RILJ    : [3748]> RIL_REQUEST_VOICE_RADIO_TECH [SUB1]
09-12 15:33:35.913  2237  2303 D RILJ    : [3743]< DATA_REGISTRATION_STATE {2, null, null, null, 0, 20, null, null, null, null, null} [SUB1]
09-12 15:33:35.913  2237  2299 D RILJ    : [3741]< RIL_REQUEST_VOICE_RADIO_TECH {3} [SUB0]
09-12 15:33:35.914   959  2649 I RILQ    : (1/959):RIL[1][cmd-20(472)] qcril_qmi_nas_reset_data_snapshot_cache_and_timer: Resetting snapshot timer
09-12 15:33:35.914  2237  2370 D SubscriptionController: [getPhoneId]- no sims, returning default phoneId=0
09-12 15:33:35.915  2237  2237 D QtiGsmCdmaPhone: handleMessage: Event: 45
09-12 15:33:35.915  2237  2237 D QtiGsmCdmaPhone: EVENT_OEM_HOOK_SERVICE_READY received
09-12 15:33:35.915  2237  2237 D QtiGsmCdmaPhone: handleMessage: Event: 45
09-12 15:33:35.915  2237  2237 D QtiGsmCdmaPhone: EVENT_OEM_HOOK_SERVICE_READY received
09-12 15:33:35.915  2237  2237 D PhoneSwitcher: handle event - 111
09-12 15:33:35.916  2237  2303 D RILJ    : [3744]< VOICE_REGISTRATION_STATE {2, null, null, 0, null, null, null, 0, null, null, null, null, null, 0, null} [SUB1]
09-12 15:33:35.918  2237  2303 D RILJ    : [3745]< QUERY_NETWORK_SELECTION_MODE {0} [SUB1]
09-12 15:33:35.919  2237  2320 D SubscriptionController: [getPhoneId]- no sims, returning default phoneId=0
09-12 15:33:35.920   959  1021 I RILQ    : (1/959):RIL[1][main] qcril_qmi_get_call_list_to_send: RILVI: calls rep: reported/skipped 0/0 calls
09-12 15:33:35.920  2237  2303 D RILJ    : [3746]< GET_CURRENT_CALLS {} [SUB1]
09-12 15:33:35.923   811  1266 E RILQ    : (0/811): RIL[0][oem_socket0] void qcril_qmi_generic_socket_agent::recv_thread_func(): read 4 bytes length message with length 28
09-12 15:33:35.923   811  1266 E RILQ    : (0/811): RIL[0][oem_socket0] qmi_ril_parse_oem_hook_header: Received un-handled/oem command id = 524381
09-12 15:33:35.923  2237  2369 D SubscriptionController: [getPhoneId]- no sims, returning default phoneId=0
09-12 15:33:35.925   959  2655 E RILQ    : (1/959): RIL[1][cmd-112(472)] qcril_qmi_client_send_msg_sync_ex: error 46 / 0 / 1 / 52, context msg hex 4a, service 2 
09-12 15:33:35.925   959  2655 E RILQ    : (1/959): RIL[1][cmd-112(472)] qcril_sms_request_ims_registration_state: Failed to get the response of IMS NW registration state from qmi.
09-12 15:33:35.926  2237  2303 D RILJ    : [3747]< RIL_REQUEST_IMS_REGISTRATION_STATE {0, 1} [SUB1]
09-12 15:33:35.926  2237  2250 D SubscriptionController: [getPhoneId]- no sims, returning default phoneId=0
09-12 15:33:35.927  2237  2237 I QtiRilInterface: getMaxDataAllowed maxData = 1 exception: null
09-12 15:33:35.927  2237  2237 D QtiUiccCardProvisioner:  query  provision info, card state[0] = CARDSTATE_ABSENT
09-12 15:33:35.927  2237  2237 D QtiUiccCardProvisioner:  query  provision info, card state[1] = CARDSTATE_ABSENT
09-12 15:33:35.927  2237  2237 D SST     : EVENT_POLL_STATE_NETWORK_SELECTION_MODE
09-12 15:33:35.927  2237  2237 D PhoneSwitcher: handle event - 110
09-12 15:33:35.928  2237  2303 D RILJ    : [3748]< RIL_REQUEST_VOICE_RADIO_TECH {3} [SUB1]
09-12 15:33:35.929  2237  2237 D SST     : EVENT_POLL_STATE_NETWORK_SELECTION_MODE
09-12 15:33:35.929  2237  2249 D SubscriptionController: [getPhoneId]- no sims, returning default phoneId=0
09-12 15:33:35.930  2237  2237 D PhoneSwitcher: handle event - 110
09-12 15:33:35.934  2237  2237 I QtiUiccCardProvisioner:  Unsol: rspId 525316 slotId 0
09-12 15:33:35.944   811  1266 E RILQ    : (0/811): RIL[0][oem_socket0] void qcril_qmi_generic_socket_agent::recv_thread_func(): read 4 bytes length message with length 28
09-12 15:33:35.944   811  1266 E RILQ    : (0/811): RIL[0][oem_socket0] qmi_ril_parse_oem_hook_header: Received un-handled/oem command id = 524378
09-12 15:33:35.946  2237  2237 D QtiRilInterface: Data received: java.nio.HeapByteBuffer[pos=0 lim=8 cap=8]
09-12 15:33:35.946  2237  2237 I QtiRilInterface: get pref, phoneId 0 User pref 1 Current pref 1 exception null
09-12 15:33:35.949   811  1266 E RILQ    : (0/811): RIL[0][oem_socket0] void qcril_qmi_generic_socket_agent::recv_thread_func(): read 4 bytes length message with length 32
09-12 15:33:35.949   811  1266 E RILQ    : (0/811): RIL[0][oem_socket0] qmi_ril_parse_oem_hook_header: Received un-handled/oem command id = 524380
09-12 15:33:35.951  2237  2237 I QtiRilInterface: getUiccIccId iccId[0] = 898600760917 exception: null
09-12 15:33:35.951  2237  2237 I QtiUiccCardProvisioner: add subInfo record, iccId[0] = 898600760917
09-12 15:33:35.951  2237  2237 D QtiUiccCardProvisioner:  queryUiccProvisionInfo, iccId[0] = 898600760917 User pref 1 Current pref 1
09-12 15:33:35.951  2237  2237 D QtiUiccCardProvisioner: isAllCardProvisionInfoReceived, prov pref[1] = -1
09-12 15:33:35.951  2237  2237 D QtiUiccCardProvisioner:  broadcasting ProvisionInfo, phoneId = 0
09-12 15:33:36.614  2237  2237 D SubscriptionController: [getSlotId]- size == 0, return SIM_NOT_INSERTED instead
09-12 15:33:36.726  2237  2250 D SubscriptionController: [getActiveSubInfoList] Sub Controller not ready
09-12 15:33:37.156  2237  2237 D QtiSubscriptionController: getPhoneId, received dummy subId 2147483644
09-12 15:33:37.162  2237  2237 D SubscriptionController: [getPhoneId]- no sims, returning default phoneId=0
09-12 15:33:37.163  2237  2237 D QtiSubscriptionController: getPhoneId, received dummy subId 2147483644
09-12 15:33:37.165  2237  2237 D SubscriptionController: [getPhoneId]- no sims, returning default phoneId=0
09-12 15:33:37.168  2237  2237 D QtiSubscriptionController: getPhoneId, received dummy subId 2147483644
09-12 15:33:37.171  2237  2237 D SubscriptionController: [getPhoneId]- no sims, returning default phoneId=0
09-12 15:33:37.174  2237  2237 D QtiSubscriptionController: getPhoneId, received dummy subId 2147483644
09-12 15:33:37.175  2237  2237 D SubscriptionController: [getPhoneId]- no sims, returning default phoneId=0
09-12 15:33:37.177  2237  2237 D QtiSubscriptionController: getPhoneId, received dummy subId 2147483644
09-12 15:33:37.178  2237  2237 D SubscriptionController: [getPhoneId]- no sims, returning default phoneId=0
09-12 15:33:37.180  2237  2237 D QtiSubscriptionController: getPhoneId, received dummy subId 2147483644
09-12 15:33:37.184  2237  2237 D SubscriptionController: [getPhoneId]- no sims, returning default phoneId=0
09-12 15:33:37.186  2237  2237 D QtiSubscriptionController: getPhoneId, received dummy subId 2147483644
09-12 15:33:37.187  2237  2237 D SubscriptionController: [getPhoneId]- no sims, returning default phoneId=0
09-12 15:33:37.189  2237  2237 D QtiSubscriptionController: getPhoneId, received dummy subId 2147483644
09-12 15:33:37.190  2237  2237 D SubscriptionController: [getPhoneId]- no sims, returning default phoneId=0
09-12 15:33:37.192  2237  2237 D QtiSubscriptionController: getPhoneId, received dummy subId 2147483644
09-12 15:33:37.193  2237  2237 D SubscriptionController: [getPhoneId]- no sims, returning default phoneId=0
09-12 15:33:37.194  2237  2237 D QtiSubscriptionController: getPhoneId, received dummy subId 2147483644
09-12 15:33:37.195  2237  2237 D SubscriptionController: [getPhoneId]- no sims, returning default phoneId=0
09-12 15:33:37.196  2237  2237 D QtiSubscriptionController: getPhoneId, received dummy subId 2147483644
09-12 15:33:37.197  2237  2237 D SubscriptionController: [getPhoneId]- no sims, returning default phoneId=0
09-12 15:33:37.198  2237  2237 D QtiSubscriptionController: getPhoneId, received dummy subId 2147483644
09-12 15:33:37.199  2237  2237 D SubscriptionController: [getPhoneId]- no sims, returning default phoneId=0
09-12 15:33:37.200  2237  2237 D QtiSubscriptionController: getPhoneId, received dummy subId 2147483644
09-12 15:33:37.202  2237  2237 D SubscriptionController: [getPhoneId]- no sims, returning default phoneId=0
09-12 15:33:37.428  2237  2237 D SubscriptionManager: [getActiveSubscriptionInfoForSimSlotIndex]- invalid slotIdx
09-12 15:33:37.503  2237  2369 D QtiSubscriptionController: getPhoneId, received dummy subId 2147483643
09-12 15:33:37.528  2237  2595 D QtiSubscriptionController: getPhoneId, received dummy subId 2147483643
09-12 15:33:37.553  2237  2249 D QtiSubscriptionController: getPhoneId, received dummy subId 2147483643
09-12 15:33:37.556  2237  2595 D QtiSubscriptionController: getPhoneId, received dummy subId 2147483643
09-12 15:33:37.560  2237  2249 D QtiSubscriptionController: getPhoneId, received dummy subId 2147483643
09-12 15:33:37.649  2237  2237 D SubscriptionController: [getPhoneId]- no sims, returning default phoneId=0
09-12 15:33:37.708  2237  2237 D QtiSubscriptionController: getPhoneId, received dummy subId 2147483644
09-12 15:33:37.711  2237  2237 D SubscriptionController: [getPhoneId]- no sims, returning default phoneId=0
09-12 15:33:37.714  2237  2237 D QtiSubscriptionController: getPhoneId, received dummy subId 2147483644
09-12 15:33:37.715  2237  2237 D SubscriptionController: [getPhoneId]- no sims, returning default phoneId=0
09-12 15:33:37.717  2237  2237 D QtiSubscriptionController: getPhoneId, received dummy subId 2147483644
09-12 15:33:37.719  2237  2237 D SubscriptionController: [getPhoneId]- no sims, returning default phoneId=0
09-12 15:33:37.721  2237  2237 D QtiSubscriptionController: getPhoneId, received dummy subId 2147483644
09-12 15:33:37.722  2237  2237 D SubscriptionController: [getPhoneId]- no sims, returning default phoneId=0
09-12 15:33:37.724  2237  2237 D QtiSubscriptionController: getPhoneId, received dummy subId 2147483644
09-12 15:33:37.725  2237  2237 D SubscriptionController: [getPhoneId]- no sims, returning default phoneId=0
09-12 15:33:37.728  2237  2237 D QtiSubscriptionController: getPhoneId, received dummy subId 2147483644
09-12 15:33:37.729  2237  2237 D SubscriptionController: [getPhoneId]- no sims, returning default phoneId=0
09-12 15:33:37.730  2237  2237 D QtiSubscriptionController: getPhoneId, received dummy subId 2147483644
09-12 15:33:37.732  2237  2237 D SubscriptionController: [getPhoneId]- no sims, returning default phoneId=0
09-12 15:33:37.734  2237  2237 D QtiSubscriptionController: getPhoneId, received dummy subId 2147483644
09-12 15:33:37.735  2237  2237 D SubscriptionController: [getPhoneId]- no sims, returning default phoneId=0
09-12 15:33:37.741  2237  2237 D QtiSubscriptionController: getPhoneId, received dummy subId 2147483644
09-12 15:33:37.744  2237  2237 D SubscriptionController: [getPhoneId]- no sims, returning default phoneId=0
09-12 15:33:37.753  2237  2237 D QtiSubscriptionController: getPhoneId, received dummy subId 2147483644
09-12 15:33:37.755  2237  2237 D SubscriptionController: [getPhoneId]- no sims, returning default phoneId=0
09-12 15:33:37.758  2237  2237 D QtiSubscriptionController: getPhoneId, received dummy subId 2147483644
09-12 15:33:37.772  2237  2237 D SubscriptionController: [getPhoneId]- no sims, returning default phoneId=0
09-12 15:33:37.773  2237  2237 D QtiSubscriptionController: getPhoneId, received dummy subId 2147483644
09-12 15:33:37.775  2237  2237 D SubscriptionController: [getPhoneId]- no sims, returning default phoneId=0
09-12 15:33:37.777  2237  2237 D QtiSubscriptionController: getPhoneId, received dummy subId 2147483644
09-12 15:33:37.783  2237  2237 D SubscriptionController: [getPhoneId]- no sims, returning default phoneId=0
09-12 15:33:37.784  2237  2237 D QtiSubscriptionController: getPhoneId, received dummy subId 2147483644
09-12 15:33:37.787  2237  2237 D SubscriptionController: [getPhoneId]- no sims, returning default phoneId=0
09-12 15:33:37.792  2237  2237 D QtiSubscriptionController: getPhoneId, received dummy subId 2147483644
09-12 15:33:37.799  2237  2237 D SubscriptionController: [getPhoneId]- no sims, returning default phoneId=0
09-12 15:33:37.802  2237  2237 D QtiSubscriptionController: getPhoneId, received dummy subId 2147483644
09-12 15:33:37.809  2237  2237 D SubscriptionController: [getPhoneId]- no sims, returning default phoneId=0
09-12 15:33:37.810  2237  2237 D QtiSubscriptionController: getPhoneId, received dummy subId 2147483644
09-12 15:33:37.811  2237  2237 D SubscriptionController: [getPhoneId]- no sims, returning default phoneId=0
09-12 15:33:37.816  2237  2237 D QtiSubscriptionController: getPhoneId, received dummy subId 2147483644
09-12 15:33:37.817  2237  2237 D SubscriptionController: [getPhoneId]- no sims, returning default phoneId=0
09-12 15:33:37.818  2237  2237 D QtiSubscriptionController: getPhoneId, received dummy subId 2147483644
09-12 15:33:37.818  2237  2237 D SubscriptionController: [getPhoneId]- no sims, returning default phoneId=0
09-12 15:33:37.820  2237  2237 D QtiSubscriptionController: getPhoneId, received dummy subId 2147483644
09-12 15:33:37.820  2237  2237 D SubscriptionController: [getPhoneId]- no sims, returning default phoneId=0
09-12 15:33:37.822  2237  2237 D QtiSubscriptionController: getPhoneId, received dummy subId 2147483644
09-12 15:33:37.824  2237  2237 D SubscriptionController: [getPhoneId]- no sims, returning default phoneId=0
09-12 15:33:37.825  2237  2237 D QtiSubscriptionController: getPhoneId, received dummy subId 2147483644
09-12 15:33:37.825  2237  2237 D SubscriptionController: [getPhoneId]- no sims, returning default phoneId=0
09-12 15:33:37.827  2237  2237 D QtiSubscriptionController: getPhoneId, received dummy subId 2147483644
09-12 15:33:37.827  2237  2237 D SubscriptionController: [getPhoneId]- no sims, returning default phoneId=0
09-12 15:33:37.828  2237  2237 D PhoneSwitcher: handle event - 103
09-12 15:33:37.847  2237  2237 D PhoneSwitcher: evaluating due to netRequest default 0->3 phone[0] 0->2147483643 phone[1] 0->2147483644
09-12 15:33:37.848  2237  2237 D PhoneSwitcher: default subId = 3
09-12 15:33:37.849  2237  2237 D PhoneSwitcher:  phone[0] using sub[2147483643]
09-12 15:33:37.849  2237  2237 D PhoneSwitcher:  phone[1] using sub[2147483644]
09-12 15:33:37.850  2237  2237 D PhoneSwitcher:  newActivePhones:
09-12 15:33:37.850  2237  2237 D SubscriptionController: [getPhoneId]- no sims, returning default phoneId=0
09-12 15:33:37.851  2237  2237 D PhoneSwitcher: InformDdsToRil rild= 0, DDS=0
09-12 15:33:37.865   811  1266 E RILQ    : (0/811): RIL[0][oem_socket0] void qcril_qmi_generic_socket_agent::recv_thread_func(): read 4 bytes length message with length 32
09-12 15:33:37.865   811  1266 E RILQ    : (0/811): RIL[0][oem_socket0] qmi_ril_parse_oem_hook_header: Received un-handled/oem command id = 524327
09-12 15:33:37.867  2237  2237 D PhoneSwitcher: InformDdsToRil rild= 1, DDS=0
09-12 15:33:37.876   959  1235 E RILQ    : (1/959): RIL[1][oem_socket1] void qcril_qmi_generic_socket_agent::recv_thread_func(): read 4 bytes length message with length 32
09-12 15:33:37.876   959  1235 E RILQ    : (1/959): RIL[1][oem_socket1] qmi_ril_parse_oem_hook_header: Received un-handled/oem command id = 524327
09-12 15:33:37.897  2237  2237 D TelephonyNetworkFactory[0]: not acting - isApp=false, isAct=false NetworkRequest [ REQUEST id=1, [ Capabilities: INTERNET&NOT_RESTRICTED&TRUSTED&NOT_VPN] ]
09-12 15:33:37.898  2237  2237 D TelephonyNetworkFactory[1]: not acting - isApp=false, isAct=false NetworkRequest [ REQUEST id=1, [ Capabilities: INTERNET&NOT_RESTRICTED&TRUSTED&NOT_VPN] ]
09-12 15:33:37.898  2237  2237 D QtiGsmCdmaPhone: handleMessage: Event: 30
09-12 15:33:37.899  2237  2237 D GsmCdmaPhone: [GsmCdmaPhone] New Uicc application found. type = APPTYPE_USIM
09-12 15:33:37.899  2237  2237 D SIMRecords: [SIMRecords] getOperatorNumeric: IMSI == null
09-12 15:33:37.899  2237  2237 D GsmCdmaPhone: [GsmCdmaPhone] mIccRecords = SimRecords: mDestroyed=false mContext=com.android.phone.PhoneGlobals@1e6aabe mCi=com.android.internal.telephony.RIL@4826b69 mFh=Handler (com.android.internal.telephony.uicc.UsimFileHandler) {430c71f} mParentApp=com.android.internal.telephony.uicc.UiccCardApplication@66a6a6c recordsLoadedRegistrants=android.os.RegistrantList@3446835 mImsiReadyRegistrants=android.os.RegistrantList@9deb4ca mRecordsEventsRegistrants=android.os.RegistrantList@d24b63b mNewSmsRegistrants=android.os.RegistrantList@4c9c158 mNetworkSelectionModeAutomaticRegistrants=android.os.RegistrantList@4e052b1 recordsToLoad=0 adnCache=Handler (com.android.internal.telephony.uicc.AdnRecordCache) {29b5396} recordsRequested=false iccid=null msisdnTag=null voiceMailNum=null voiceMailTag=null voiceMailNum=null newVoiceMailTag=null isVoiceMailFixed=false mImsi=null mncLength=-1 mailboxIndex=0 spn=null mVmConfigcom.android.internal.telephony.uicc.VoiceMailConstants@b9e7b17 mSpnOverride=mSpnOverride callForwardingEnabled=0 spnState=null mCphsInfo=null mCspPlmnEnabled=true efMWIS=null efCPHS_MWI=null mEfCff=null mEfCfis=null getOperatorNumeric=null
09-12 15:33:37.899  2237  2237 D GsmSMSDispatcher: GsmSMSDispatcher: subId = 2147483643 slotId = 0
09-12 15:33:37.899  2237  2237 D GsmSMSDispatcher: New Uicc application found
09-12 15:33:37.899  2237  2237 D IccCardProxy: Icc changed. Reregestering.
09-12 15:33:37.899  2237  2237 D UiccCardApplication: Notifying 1 registrant: READY
09-12 15:33:37.900  2237  2237 E IccCardProxy: setExternalState: set mPhoneId=0 mExternalState=READY
09-12 15:33:37.900  2237  2237 D TelephonyManager: setTelephonyProperty: success phoneId=0 property=gsm.sim.state value: READY propVal=READY,NOT_READY
09-12 15:33:37.903  2237  2237 D IccCardProxy: broadcastIccStateChangedIntent intent ACTION_SIM_STATE_CHANGED value=READY reason=null for mPhoneId=0
09-12 15:33:37.915  2237  2237 D SST     : New card found
09-12 15:33:37.915  2237  2237 D UiccCardApplication: Notifying 1 registrant: READY
09-12 15:33:37.916  2237  2237 D QtiGsmDCT: [0]QtiDcTracker handleMessage msg={ when=-4s908ms what=270369 obj=android.os.AsyncResult@bb11c59 target=com.qualcomm.qti.internal.telephony.dataconnection.QtiDcTracker }
09-12 15:33:37.921  2237  2237 D QtiGsmCdmaPhone: handleMessage: Event: 30
09-12 15:33:37.921  2237  2237 D GsmSMSDispatcher: GsmSMSDispatcher: subId = 2147483644 slotId = 1
09-12 15:33:37.921  2237  2237 D IccCardProxy: Icc changed. Reregestering.
09-12 15:33:37.921  2237  2237 E IccCardProxy: setExternalState: set mPhoneId=1 mExternalState=ABSENT
09-12 15:33:37.922  2237  2237 D TelephonyManager: setTelephonyProperty: success phoneId=1 property=gsm.sim.state value: ABSENT propVal=READY,ABSENT
09-12 15:33:37.932  2237  2237 D IccCardProxy: broadcastIccStateChangedIntent intent ACTION_SIM_STATE_CHANGED value=ABSENT reason=null for mPhoneId=1
09-12 15:33:37.951  2237  2595 D SubscriptionController: [getPhoneId]- no sims, returning default phoneId=0
09-12 15:33:37.956  2237  2237 D QtiGsmDCT: [1]QtiDcTracker handleMessage msg={ when=-4s948ms what=270369 obj=android.os.AsyncResult@6e2601e target=com.qualcomm.qti.internal.telephony.dataconnection.QtiDcTracker }
09-12 15:33:37.956  2237  2237 D QtiUiccCardProvisioner: updateIccAvailability, card state[1] = CARDSTATE_ABSENT
09-12 15:33:37.956  2237  2237 D SIMRecords: [SIMRecords] fetchSimRecords 0
09-12 15:33:37.957  2237  2237 D RILJ    : [3749]> getIMSI: GET_IMSI aid: a0000000871002ff86ffff89ffffffff [SUB0]
09-12 15:33:37.962  2237  2237 D RILJ    : [3750]> iccIO: SIM_IO 0xc0 0x2fe2  path: 3F00,0,0,15 aid: a0000000871002ff86ffff89ffffffff [SUB0]
09-12 15:33:37.964  2237  2249 D SubscriptionController: [getActiveSubInfoList] Sub Controller not ready
09-12 15:33:37.968  2237  2595 D SubscriptionController: [getPhoneId]- no sims, returning default phoneId=0
09-12 15:33:37.969  2237  2237 D RILJ    : [3751]> iccIO: SIM_IO 0xc0 0x6f40  path: 3F007FFF,0,0,15 aid: a0000000871002ff86ffff89ffffffff [SUB0]
09-12 15:33:37.971  2237  2237 D RILJ    : [3752]> iccIO: SIM_IO 0xc0 0x6fc9  path: 3F007FFF,0,0,15 aid: a0000000871002ff86ffff89ffffffff [SUB0]
09-12 15:33:37.971   811  1013 I RILQ    : (0/811):RIL[0][event] qcril_qmi_nas_evaluate_custom_emergency_numbers_for_card: cur_status 0, card_state 3
09-12 15:33:37.971   811  1013 I RILQ    : (0/811):RIL[0][event] qcril_qmi_nas_evaluate_custom_emergency_numbers_for_card: card_mcc 460, card_mnc 00
09-12 15:33:37.971  2237  2299 D RILJ    : [3749]< GET_IMSI  [SUB0]
09-12 15:33:37.975  2237  2237 D RILJ    : [3753]> iccIO: SIM_IO 0xc0 0x6fad  path: 3F007FFF,0,0,15 aid: a0000000871002ff86ffff89ffffffff [SUB0]
09-12 15:33:37.977   811  1013 I RILQ    : (0/811):RIL[0][event] qcril_qmi_nas_evaluate_custom_emergency_numbers_for_card: imsi fetch attempt ril 0
09-12 15:33:37.977   811  1013 E RILQ    : (0/811): RIL[0][event] get_ecc_property_name: ecc list name : ril.ecclist.
09-12 15:33:37.978  2237  2320 D SubscriptionController: [getActiveSubInfoList] Sub Controller not ready
09-12 15:33:37.978  2237  2237 D RILJ    : [3754]> iccIO: SIM_IO 0xc0 0x6fca  path: 3F007FFF,0,0,15 aid: a0000000871002ff86ffff89ffffffff [SUB0]
09-12 15:33:37.979  2237  2237 D RILJ    : [3755]> iccIO: SIM_IO 0xc0 0x6f11  path: 3F007FFF,0,0,15 aid: a0000000871002ff86ffff89ffffffff [SUB0]
09-12 15:33:37.984  2237  2237 D RILJ    : [3756]> iccIO: SIM_IO 0xc0 0x6fcb  path: 3F007FFF,0,0,15 aid: a0000000871002ff86ffff89ffffffff [SUB0]
09-12 15:33:37.989  2237  2237 D RILJ    : [3757]> iccIO: SIM_IO 0xc0 0x6f13  path: 3F007FFF,0,0,15 aid: a0000000871002ff86ffff89ffffffff [SUB0]
09-12 15:33:37.991  2237  2237 D RILJ    : [3758]> iccIO: SIM_IO 0xc0 0x6f46  path: 3F007FFF,0,0,15 aid: a0000000871002ff86ffff89ffffffff [SUB0]
09-12 15:33:37.992  2237  2299 D RILJ    : [3750]< SIM_IO IccIoResult sw1:0x90 sw2:0x0 [SUB0]
09-12 15:33:37.995  2237  2237 D RILJ    : [3759]> iccIO: SIM_IO 0xc0 0x6fcd  path: 3F007FFF,0,0,15 aid: a0000000871002ff86ffff89ffffffff [SUB0]
09-12 15:33:37.997  2237  2237 D RILJ    : [3760]> iccIO: SIM_IO 0xc0 0x6fc5  path: 3F007FFF,0,0,15 aid: a0000000871002ff86ffff89ffffffff [SUB0]
09-12 15:33:37.999  2237  2237 D RILJ    : [3761]> iccIO: SIM_IO 0xc0 0x6f38  path: 3F007FFF,0,0,15 aid: a0000000871002ff86ffff89ffffffff [SUB0]
09-12 15:33:38.001  2237  2237 D RILJ    : [3762]> iccIO: SIM_IO 0xc0 0x6f16  path: 3F007FFF,0,0,15 aid: a0000000871002ff86ffff89ffffffff [SUB0]
09-12 15:33:38.002  2237  2299 D RILJ    : [3751]< SIM_IO IccIoResult sw1:0x90 sw2:0x0 [SUB0]
09-12 15:33:38.003  2237  2237 D RILJ    : [3763]> iccIO: SIM_IO 0xc0 0x6f15  path: 3F007FFF,0,0,15 aid: a0000000871002ff86ffff89ffffffff [SUB0]
09-12 15:33:38.005  2237  2237 D RILJ    : [3764]> iccIO: SIM_IO 0xc0 0x6f3e  path: 3F007FFF,0,0,15 aid: a0000000871002ff86ffff89ffffffff [SUB0]
09-12 15:33:38.010  2237  2237 D RILJ    : [3765]> iccIO: SIM_IO 0xc0 0x6f3f  path: 3F007FFF,0,0,15 aid: a0000000871002ff86ffff89ffffffff [SUB0]
09-12 15:33:38.024  2237  2299 D RILJ    : [3753]< SIM_IO IccIoResult sw1:0x90 sw2:0x0 [SUB0]
09-12 15:33:38.033   811  1013 I RILQ    : (0/811):RIL[0][event] qcril_qmi_nas_add_emergency_numbers: matched with source mcc table using IMSI MCC
09-12 15:33:38.034   811  1013 I RILQ    : (0/811):RIL[0][event] qcril_qmi_nas_add_emergency_numbers: matched with source voice table using IMSI MCC
09-12 15:33:38.034   811  1013 I RILQ    : (0/811):RIL[0][event] qcril_qmi_nas_add_emergency_numbers: Update ril ecclist
09-12 15:33:38.034   811  1013 E RILQ    : (0/811): RIL[0][event] get_ecc_property_name: ecc list name : ril.ecclist.
09-12 15:33:38.039  2237  2249 D SubscriptionController: [getPhoneId]- no sims, returning default phoneId=0
09-12 15:33:38.043  2237  2370 D SubscriptionController: [getPhoneId]- no sims, returning default phoneId=0
09-12 15:33:38.045  2237  2595 D SubscriptionController: [getPhoneId]- no sims, returning default phoneId=0
09-12 15:33:38.047  2237  2250 D SubscriptionController: [getPhoneId]- no sims, returning default phoneId=0
09-12 15:33:38.064  2237  2320 D SubscriptionController: [getPhoneId]- no sims, returning default phoneId=0
09-12 15:33:38.066  2237  2369 D SubscriptionController: [getPhoneId]- no sims, returning default phoneId=0
09-12 15:33:38.069  2237  2249 D SubscriptionController: [getPhoneId]- no sims, returning default phoneId=0
09-12 15:33:38.071  2237  2370 D SubscriptionController: [getPhoneId]- no sims, returning default phoneId=0
09-12 15:33:38.079  2237  2595 D SubscriptionController: [getPhoneId]- no sims, returning default phoneId=0
09-12 15:33:38.080  2237  2250 D SubscriptionController: [getPhoneId]- no sims, returning default phoneId=0
09-12 15:33:38.082  2237  2320 D SubscriptionController: [getPhoneId]- no sims, returning default phoneId=0
09-12 15:33:38.085  2237  2369 D SubscriptionController: [getPhoneId]- no sims, returning default phoneId=0
09-12 15:33:38.206  2237  2237 D RILJ    : [3766]> iccIO: SIM_IO 0xc0 0x6f60  path: 3F007FFF,0,0,15 aid: a0000000871002ff86ffff89ffffffff [SUB0]
09-12 15:33:38.213  2237  2237 D RILJ    : [3767]> iccIO: SIM_IO 0xc0 0x6f61  path: 3F007FFF,0,0,15 aid: a0000000871002ff86ffff89ffffffff [SUB0]
09-12 15:33:38.214  2237  2299 D RilRequest: [3760]< SIM_IO error: com.android.internal.telephony.CommandException: INTERNAL_ERR ret=IccIoResult sw1:0x94 sw2:0x4 Error: file ID not found/pattern not found
09-12 15:33:38.231  2237  2237 D RILJ    : [3768]> iccIO: SIM_IO 0xc0 0x6f62  path: 3F007FFF,0,0,15 aid: a0000000871002ff86ffff89ffffffff [SUB0]
09-12 15:33:38.231  2237  2299 D RilRequest: [3762]< SIM_IO error: com.android.internal.telephony.CommandException: SIM_ERR ret=IccIoResult sw1:0x6a sw2:0x82 Error: File not found
09-12 15:33:38.235  2237  2237 D RILJ    : [3769]> iccIO: SIM_IO 0xc0 0x6fd9  path: 3F007FFF,0,0,15 aid: a0000000871002ff86ffff89ffffffff [SUB0]
09-12 15:33:38.237  2237  2237 D RILJ    : [3770]> iccIO: SIM_IO 0xc0 0x6f7b  path: 3F007FFF,0,0,15 aid: a0000000871002ff86ffff89ffffffff [SUB0]
09-12 15:33:38.237  2237  2299 D RilRequest: [3763]< SIM_IO error: com.android.internal.telephony.CommandException: SIM_ERR ret=IccIoResult sw1:0x6a sw2:0x82 Error: File not found
09-12 15:33:38.241  2237  2299 D RILJ    : [3764]< SIM_IO IccIoResult sw1:0x90 sw2:0x0 [SUB0]
09-12 15:33:38.241  2237  2237 D RILJ    : [3771]> iccIO: SIM_IO 0xc0 0x6f05  path: 3F007FFF,0,0,15 aid: a0000000871002ff86ffff89ffffffff [SUB0]
09-12 15:33:38.245  2237  2370 D SubscriptionController: [getPhoneId]- no sims, returning default phoneId=0
09-12 15:33:38.247  2237  2237 D RILJ    : [3772]> iccIO: SIM_IO 0xc0 0x2f05  path: 3F00,0,0,15 aid: a0000000871002ff86ffff89ffffffff [SUB0]
09-12 15:33:38.247  2237  2299 D RilRequest: [3752]< SIM_IO error: com.android.internal.telephony.CommandException: INTERNAL_ERR ret=IccIoResult sw1:0x94 sw2:0x4 Error: file ID not found/pattern not found
09-12 15:33:38.248  2237  2237 D RILJ    : [3773]> iccIO: SIM_IO 0xc0 0x6f3c  path: 3F007FFF,0,0,15 aid: a0000000871002ff86ffff89ffffffff [SUB0]
09-12 15:33:38.249  2237  2299 D RilRequest: [3754]< SIM_IO error: com.android.internal.telephony.CommandException: INTERNAL_ERR ret=IccIoResult sw1:0x94 sw2:0x4 Error: file ID not found/pattern not found
09-12 15:33:38.250  2237  2237 D SIMRecords: [SIMRecords] fetchSimRecords 20 requested: true
09-12 15:33:38.250  2237  2237 D UiccCardApplication: Query facility lock : 0
09-12 15:33:38.250  2237  2237 D UiccCardApplication: Query facility FDN : FDN service available: true enabled: false
09-12 15:33:38.250  2237  2237 D CAT     : CatService: handleMessage[8]
09-12 15:33:38.250  2237  2237 D CAT     : CatService: MSG_ID_ICC_CHANGED
09-12 15:33:38.250  2237  2299 D RilRequest: [3755]< SIM_IO error: com.android.internal.telephony.CommandException: SIM_ERR ret=IccIoResult sw1:0x6a sw2:0x82 Error: File not found
09-12 15:33:38.251  2237  2237 D CAT     : CatService: New Card State = CARDSTATE_PRESENT Old Card State = CARDSTATE_ABSENT
09-12 15:33:38.251  2237  2237 D RILJ    : [3774]> RIL_REQUEST_REPORT_STK_SERVICE_IS_RUNNING [SUB0]
09-12 15:33:38.251  2237  2320 D QtiSubscriptionController: getPhoneId, received dummy subId 2147483643
09-12 15:33:38.251  2237  2299 D RilRequest: [3756]< SIM_IO error: com.android.internal.telephony.CommandException: INTERNAL_ERR ret=IccIoResult sw1:0x94 sw2:0x4 Error: file ID not found/pattern not found
09-12 15:33:38.252  2237  2237 D QtiGsmCdmaPhone: handleMessage: Event: 30
09-12 15:33:38.253  2237  2237 D GsmSMSDispatcher: GsmSMSDispatcher: subId = 2147483643 slotId = 0
09-12 15:33:38.253  2237  2237 E IccCardProxy: setExternalState: !override and newstate unchanged from READY
09-12 15:33:38.253  2237  2299 D RilRequest: [3757]< SIM_IO error: com.android.internal.telephony.CommandException: SIM_ERR ret=IccIoResult sw1:0x6a sw2:0x82 Error: File not found
09-12 15:33:38.253  2237  2237 D QtiGsmDCT: [0]QtiDcTracker handleMessage msg={ when=-5s151ms what=270369 obj=android.os.AsyncResult@ce040ff target=com.qualcomm.qti.internal.telephony.dataconnection.QtiDcTracker }
09-12 15:33:38.253  2237  2299 D RILJ    : [3758]< SIM_IO IccIoResult sw1:0x90 sw2:0x0 [SUB0]
09-12 15:33:38.254  2237  2299 D RilRequest: [3759]< SIM_IO error: com.android.internal.telephony.CommandException: INTERNAL_ERR ret=IccIoResult sw1:0x94 sw2:0x4 Error: file ID not found/pattern not found
09-12 15:33:38.254  2237  2369 D QtiSubscriptionController: getPhoneId, received dummy subId 2147483643
09-12 15:33:38.255  2237  2299 D RILJ    : [3761]< SIM_IO IccIoResult sw1:0x90 sw2:0x0 [SUB0]
09-12 15:33:38.255  2237  2299 D RILJ    : [3765]< SIM_IO IccIoResult sw1:0x90 sw2:0x0 [SUB0]
09-12 15:33:38.256  2237  2299 D RILJ    : [3766]< SIM_IO IccIoResult sw1:0x90 sw2:0x0 [SUB0]
09-12 15:33:38.256  2237  2299 D RILJ    : [3767]< SIM_IO IccIoResult sw1:0x90 sw2:0x0 [SUB0]
09-12 15:33:38.257  2237  2299 D RILJ    : [3768]< SIM_IO IccIoResult sw1:0x90 sw2:0x0 [SUB0]
09-12 15:33:38.258  2237  2237 D QtiGsmCdmaPhone: handleMessage: Event: 30
09-12 15:33:38.258  2237  2237 D GsmSMSDispatcher: GsmSMSDispatcher: subId = 2147483644 slotId = 1
09-12 15:33:38.258  2237  2370 D SubscriptionController: [getPhoneId]- no sims, returning default phoneId=0
09-12 15:33:38.259  2237  2237 E IccCardProxy: setExternalState: !override and newstate unchanged from ABSENT
09-12 15:33:38.259  2237  2237 D QtiGsmDCT: [1]QtiDcTracker handleMessage msg={ when=-5s156ms what=270369 obj=android.os.AsyncResult@3838ecc target=com.qualcomm.qti.internal.telephony.dataconnection.QtiDcTracker }
09-12 15:33:38.259  2237  2237 D QtiUiccCardProvisioner: updateIccAvailability, card state[0] = CARDSTATE_PRESENT
09-12 15:33:38.259  2237  2237 D CAT     : CatService: handleMessage[8]
09-12 15:33:38.259  2237  2237 D CAT     : CatService: MSG_ID_ICC_CHANGED
09-12 15:33:38.259  2237  2237 D CAT     : CatService: New Card State = CARDSTATE_PRESENT Old Card State = CARDSTATE_PRESENT
09-12 15:33:38.260  2237  2237 D UiccCard: Error in SIM access with exceptioncom.android.internal.telephony.CommandException: NO_SUCH_ELEMENT
09-12 15:33:38.260   811  1013 E RILQ    : (0/811): RIL[0][event] qcril_gstk_qmi_get_recovery_proactive_cache: Error GET_CACHED_PROACTIVE_CMD_REQ, qmi_err_code: 0x0, result: 0x1, error: 0x4a
09-12 15:33:38.261  2237  2237 D RILJ    : [3775]> OPERATOR [SUB0]
09-12 15:33:38.261   811  1013 E RILQ    : (0/811): RIL[0][event] qcril_gstk_qmi_get_recovery_proactive_cache: Error GET_CACHED_PROACTIVE_CMD_REQ, qmi_err_code: 0x0, result: 0x1, error: 0x4a
09-12 15:33:38.262  2237  2237 D RILJ    : [3776]> DATA_REGISTRATION_STATE [SUB0]
09-12 15:33:38.264  2237  2237 D RILJ    : [3777]> VOICE_REGISTRATION_STATE [SUB0]
09-12 15:33:38.266  2237  2237 D RILJ    : [3778]> QUERY_NETWORK_SELECTION_MODE [SUB0]
09-12 15:33:38.268  2237  2299 D RILJ    : [3774]< RIL_REQUEST_REPORT_STK_SERVICE_IS_RUNNING  [SUB0]
09-12 15:33:38.272  2237  2250 D QtiSubscriptionController: getPhoneId, received dummy subId 2147483643
09-12 15:33:38.276  2237  2237 D QtiGsmCdmaPhone: handleMessage: Event: 34
09-12 15:33:38.276  2237  2299 D RILJ    : [3775]< OPERATOR {CMCC, CMCC, 46000} [SUB0]
09-12 15:33:38.276  2237  2299 D RILJ    : [3776]< DATA_REGISTRATION_STATE {1, null, 01906505, 14, null, 20, 6338, 9, 26240261, null, null} [SUB0]
09-12 15:33:38.277  2237  2299 D RILJ    : [3777]< VOICE_REGISTRATION_STATE {1, 18c2, 01906505, 14, null, null, null, 0, null, null, 1, null, null, 0, null} [SUB0]
09-12 15:33:38.277  2237  2299 D RILJ    : [3771]< SIM_IO IccIoResult sw1:0x90 sw2:0x0 [SUB0]
09-12 15:33:38.278  2237  2299 D RILJ    : [3778]< QUERY_NETWORK_SELECTION_MODE {0} [SUB0]
09-12 15:33:38.283  2237  2320 D QtiSubscriptionController: getPhoneId, received dummy subId 2147483643
09-12 15:33:38.288  2237  2299 D RILJ    : [3769]< SIM_IO IccIoResult sw1:0x90 sw2:0x0 [SUB0]
09-12 15:33:38.307  2237  2299 D RILJ    : [3770]< SIM_IO IccIoResult sw1:0x90 sw2:0x0 [SUB0]
09-12 15:33:38.315  2237  2299 D RILJ    : [3772]< SIM_IO IccIoResult sw1:0x90 sw2:0x0 [SUB0]
09-12 15:33:38.317  2237  2237 D RILJ    : [3779]> OPERATOR [SUB0]
09-12 15:33:38.322  2237  2237 D RILJ    : [3780]> DATA_REGISTRATION_STATE [SUB0]
09-12 15:33:38.323  2237  2237 D RILJ    : [3781]> VOICE_REGISTRATION_STATE [SUB0]
09-12 15:33:38.328  2237  2299 D RILJ    : [3773]< SIM_IO IccIoResult sw1:0x90 sw2:0x0 [SUB0]
09-12 15:33:38.329  2237  2237 D RILJ    : [3782]> QUERY_NETWORK_SELECTION_MODE [SUB0]
09-12 15:33:38.333  2237  2299 D RILJ    : [3779]< OPERATOR {CMCC, CMCC, 46000} [SUB0]
09-12 15:33:38.339  2237  2299 D RILJ    : [3780]< DATA_REGISTRATION_STATE {1, null, 01906505, 14, null, 20, 6338, 9, 26240261, null, null} [SUB0]
09-12 15:33:38.341  2237  2299 D RILJ    : [3781]< VOICE_REGISTRATION_STATE {1, 18c2, 01906505, 14, null, null, null, 0, null, null, 1, null, null, 0, null} [SUB0]
09-12 15:33:38.342  2237  2299 D RILJ    : [3782]< QUERY_NETWORK_SELECTION_MODE {0} [SUB0]
09-12 15:33:38.371  2237  2237 D RILJ    : [3783]> OPERATOR [SUB0]
09-12 15:33:38.374  2237  2237 D RILJ    : [3784]> DATA_REGISTRATION_STATE [SUB0]
09-12 15:33:38.378  2237  2237 D RILJ    : [3785]> VOICE_REGISTRATION_STATE [SUB0]
09-12 15:33:38.381  2237  2237 D RILJ    : [3786]> QUERY_NETWORK_SELECTION_MODE [SUB0]
09-12 15:33:38.382  2237  2299 D RILJ    : [3783]< OPERATOR {CMCC, CMCC, 46000} [SUB0]
09-12 15:33:38.382  2237  2237 D RILJ    : [3787]> OPERATOR [SUB0]
09-12 15:33:38.385  2237  2237 D RILJ    : [3788]> DATA_REGISTRATION_STATE [SUB0]
09-12 15:33:38.386  2237  2299 D RILJ    : [3786]< QUERY_NETWORK_SELECTION_MODE {0} [SUB0]
09-12 15:33:38.392  2237  2237 D RILJ    : [3789]> VOICE_REGISTRATION_STATE [SUB0]
09-12 15:33:38.396  2237  2299 D RILJ    : [3784]< DATA_REGISTRATION_STATE {1, null, 01906505, 14, null, 20, 6338, 9, 26240261, null, null} [SUB0]
09-12 15:33:38.401  2237  2237 D RILJ    : [3790]> QUERY_NETWORK_SELECTION_MODE [SUB0]
09-12 15:33:38.401  2237  2299 D RILJ    : [3788]< DATA_REGISTRATION_STATE {1, null, 01906505, 14, null, 20, 6338, 9, 26240261, null, null} [SUB0]
09-12 15:33:38.407  2237  2237 D SST     : NITZ: 17/09/12,07:33:33+32,00,49599 start=53915 delay=4316
09-12 15:33:38.407  2237  2299 D RILJ    : [3787]< OPERATOR {CMCC, CMCC, 46000} [SUB0]
09-12 15:33:38.407  2237  2299 D RILJ    : [3785]< VOICE_REGISTRATION_STATE {1, 18c2, 01906505, 14, null, null, null, 0, null, null, 1, null, null, 0, null} [SUB0]
09-12 15:33:38.408  2237  2237 D SST     : NITZ: tzOffset=28800000 dst=0 zone=NULL iso= mGotCountryCode=false mNeedFixZoneAfterNitz=true
09-12 15:33:38.408  2237  2299 D RILJ    : [3789]< VOICE_REGISTRATION_STATE {1, 18c2, 01906505, 14, null, null, null, 0, null, null, 1, null, null, 0, null} [SUB0]
09-12 15:33:38.410  2237  2299 D RILJ    : [3790]< QUERY_NETWORK_SELECTION_MODE {0} [SUB0]
09-12 15:33:38.425  2237  2237 D SST     : NITZ: Setting time of day to Tue Sep 12 15:33:37 GMT+08:00 2017 NITZ receive delay(ms): 4334 gained(ms): -1091 from 17/09/12,07:33:33+32,00
09-12 15:33:38.425  2237  2237 D SST     : setAndBroadcastNetworkSetTime: time=1505201617334ms
09-12 15:33:38.427  2237  2595 D SubscriptionController: [getPhoneId] asked for default subId=2147483643
09-12 15:33:38.427  2237  2595 D QtiSubscriptionController: getPhoneId, received dummy subId 2147483643
09-12 15:33:37.350  2237  2237 I SST     : NITZ: after Setting time of day
09-12 15:33:37.351  2237  2237 D SST     : NITZ: end=53958 dur=43
09-12 15:33:37.359  2237  2237 D QtiGsmCdmaPhone: handleMessage: Event: 34
09-12 15:33:37.377  2237  2237 D RILJ    : [3791]> OPERATOR [SUB0]
09-12 15:33:37.379  2237  2237 D RILJ    : [3792]> DATA_REGISTRATION_STATE [SUB0]
09-12 15:33:37.382  2237  2237 D RILJ    : [3793]> VOICE_REGISTRATION_STATE [SUB0]
09-12 15:33:37.383  2237  2237 D RILJ    : [3794]> QUERY_NETWORK_SELECTION_MODE [SUB0]
09-12 15:33:37.385  2237  2237 D QtiGsmCdmaPhone: handleMessage: Event: 34
09-12 15:33:37.390  2237  2299 D RILJ    : [3791]< OPERATOR {CMCC, CMCC, 46000} [SUB0]
09-12 15:33:37.397  2237  2299 D RILJ    : [3792]< DATA_REGISTRATION_STATE {1, null, 01906505, 14, null, 20, 6338, 9, 26240261, null, null} [SUB0]
09-12 15:33:37.399  2237  2369 D SubscriptionController: [getPhoneId]- no sims, returning default phoneId=0
09-12 15:33:37.405  2237  2249 D SubscriptionController: [getPhoneId]- no sims, returning default phoneId=0
09-12 15:33:37.407  2237  2299 D RILJ    : [3794]< QUERY_NETWORK_SELECTION_MODE {0} [SUB0]
09-12 15:33:37.407  2237  2299 D RILJ    : [3793]< VOICE_REGISTRATION_STATE {1, 18c2, 01906505, 14, null, null, null, 0, null, null, 1, null, null, 0, null} [SUB0]
09-12 15:33:37.414  2237  2237 D RILJ    : [3795]> OPERATOR [SUB0]
09-12 15:33:37.417  2237  2237 D RILJ    : [3796]> DATA_REGISTRATION_STATE [SUB0]
09-12 15:33:37.418  2237  2237 D RILJ    : [3797]> VOICE_REGISTRATION_STATE [SUB0]
09-12 15:33:37.420  2237  2370 D SubscriptionController: [getPhoneId]- no sims, returning default phoneId=0
09-12 15:33:37.421  2237  2237 D RILJ    : [3798]> QUERY_NETWORK_SELECTION_MODE [SUB0]
09-12 15:33:37.422  2237  2237 D QtiGsmDCT: [0]SubscriptionListener.onSubscriptionInfoChanged
09-12 15:33:37.426  2237  2299 D RILJ    : [3795]< OPERATOR {CMCC, CMCC, 46000} [SUB0]
09-12 15:33:37.427  2237  2299 D RILJ    : [3798]< QUERY_NETWORK_SELECTION_MODE {0} [SUB0]
09-12 15:33:37.429  2237  2299 D RILJ    : [3797]< VOICE_REGISTRATION_STATE {1, 18c2, 01906505, 14, null, null, null, 0, null, null, 1, null, null, 0, null} [SUB0]
09-12 15:33:37.432  2237  2250 D SubscriptionController: [getPhoneId]- no sims, returning default phoneId=0
09-12 15:33:37.432  2237  2237 D SST     : SubscriptionListener.onSubscriptionInfoChanged
09-12 15:33:37.433  2237  2237 E Phone   : getStoredVoiceMessageCount: invalid subId 2147483643
09-12 15:33:37.433  2237  2237 D GsmCdmaPhone: [GsmCdmaPhone] updateVoiceMail countVoiceMessages = 0 subId 2147483643
09-12 15:33:37.433  2237  2237 E Phone   : setVoiceMessageCount in sharedPreference: invalid subId 2147483643
09-12 15:33:37.435  2237  2237 D SST     : SubscriptionListener.onSubscriptionInfoChanged
09-12 15:33:37.435  2237  2237 D GsmCdmaPhone: [GsmCdmaPhone] updateVoiceMail countVoiceMessages = 0 subId 2147483644
09-12 15:33:37.435  2237  2237 E Phone   : setVoiceMessageCount in sharedPreference: invalid subId 2147483644
09-12 15:33:37.436  2237  2237 D QtiGsmDCT: [1]SubscriptionListener.onSubscriptionInfoChanged
09-12 15:33:37.439  2237  2299 D RILJ    : [3796]< DATA_REGISTRATION_STATE {1, null, 01906505, 14, null, 20, 6338, 9, 26240261, null, null} [SUB0]
09-12 15:33:37.446  2237  2237 D PhoneSwitcher: handle event - 102
09-12 15:33:37.450  2237  2237 D SubscriptionController: [getActiveSubInfoList] Sub Controller not ready
09-12 15:33:37.452  2237  2595 D SubscriptionController: [getPhoneId]- no sims, returning default phoneId=0
09-12 15:33:37.455  2237  2250 D QtiSubscriptionController: getPhoneId, received dummy subId 2147483643
09-12 15:33:37.456  2237  2320 D SubscriptionController: [getPhoneId]- no sims, returning default phoneId=0
09-12 15:33:37.460  2237  2369 D SubscriptionController: [getActiveSubInfoList] Sub Controller not ready
09-12 15:33:37.462  2237  2237 D SubscriptionController: [getActiveSubInfoList] Sub Controller not ready
09-12 15:33:37.471  2237  2237 D QtiSubscriptionController: getPhoneId, received dummy subId 2147483643
09-12 15:33:37.484  2237  2237 D QtiSubscriptionController: getPhoneId, received dummy subId 2147483643
09-12 15:33:37.521  2237  2237 D SubscriptionController: [getActiveSubInfoList] Sub Controller not ready
09-12 15:33:37.522  2237  2237 D SubscriptionController: [getActiveSubInfoForSubscriber]- subId=2147483643 subList=null subInfo=null
09-12 15:33:37.526  2237  2237 D QtiSubscriptionController: getPhoneId, received dummy subId 2147483643
09-12 15:33:37.528  2237  2237 D QtiSubscriptionController: getPhoneId, received dummy subId 2147483643
