09-12 15:33:44.841  2237  2826 D ImsPhoneCallTracker: [ImsPhoneCallTracker] onFeatureCapabilityChanged: isVolteEnabled=false, isVideoCallEnabled=false, isVowifiEnabled=false, isUtEnabled=true
09-12 15:33:44.894  2237  2237 D SubscriptionController: [getActiveSubscriptionInfoForSimSlotIndex]+ slotIdx=0 subId={id=3, iccId=898600760917 simSlotIndex=0 displayName=CARD 1 carrierName=CMCC nameSource=0 iconTint=-16746133 dataRoaming=0 iconBitmap=android.graphics.Bitmap@4e894e7 mcc 460 mnc 0}
09-12 15:33:44.896  2237  2322 D Dcc     : onDataStateChanged: Data Activity updated to NONE. isAnyDataCallActive = true isAnyDataCallDormant = false
09-12 15:33:44.896  2237  2322 D Dcc     : onDataStateChanged: dcsToRetry=[] apnsToCleanup=[]
09-12 15:33:44.927  2237  2237 D SubscriptionController: [getActiveSubscriptionInfo]+ subId=3 subInfo={id=3, iccId=898600760917 simSlotIndex=0 displayName=CARD 1 carrierName=CMCC nameSource=0 iconTint=-16746133 dataRoaming=0 iconBitmap=android.graphics.Bitmap@19a1332 mcc 460 mnc 0}
09-12 15:33:44.975  2237  2320 D QtiGsmDCT: [0]setPolicyDataEnabled: true
09-12 15:33:44.990  2237  2369 D QtiGsmDCT: [0]setPolicyDataEnabled: true
09-12 15:33:44.991  2237  2826 D ImsManager: registrationFeatureCapabilityChanged :: serviceClass=1
09-12 15:33:44.991  2237  2826 D ImsPhoneCallTracker: [ImsPhoneCallTracker] onFeatureCapabilityChanged: VoLTE:true ViLTE:true VoWiFi:false ViWiFi:false UTLTE:true UTWiFi:false 
09-12 15:33:44.991  2237  2826 D ImsPhoneCallTracker: [ImsPhoneCallTracker] onFeatureCapabilityChanged: isVolteEnabled=true, isVideoCallEnabled=true, isVowifiEnabled=false, isUtEnabled=true
09-12 15:33:45.015  2237  2237 D SubscriptionController: [getActiveSubscriptionInfoForSimSlotIndex]+ slotIdx=0 subId={id=3, iccId=898600760917 simSlotIndex=0 displayName=CARD 1 carrierName=CMCC nameSource=0 iconTint=-16746133 dataRoaming=0 iconBitmap=android.graphics.Bitmap@e767239 mcc 460 mnc 0}
09-12 15:33:45.038  2237  2237 D SubscriptionController: [getActiveSubscriptionInfo]+ subId=3 subInfo={id=3, iccId=898600760917 simSlotIndex=0 displayName=CARD 1 carrierName=CMCC nameSource=0 iconTint=-16746133 dataRoaming=0 iconBitmap=android.graphics.Bitmap@279c62c mcc 460 mnc 0}
09-12 15:33:45.049  2237  2826 D ImsManager: registrationFeatureCapabilityChanged :: serviceClass=1
09-12 15:33:45.049  2237  2826 D ImsPhoneCallTracker: [ImsPhoneCallTracker] onFeatureCapabilityChanged: VoLTE:true ViLTE:true VoWiFi:false ViWiFi:false UTLTE:true UTWiFi:false 
09-12 15:33:45.049  2237  2826 D ImsPhoneCallTracker: [ImsPhoneCallTracker] onFeatureCapabilityChanged: isVolteEnabled=true, isVideoCallEnabled=true, isVowifiEnabled=false, isUtEnabled=true
09-12 15:33:45.077  2237  2237 D SubscriptionController: [getActiveSubscriptionInfoForSimSlotIndex]+ slotIdx=0 subId={id=3, iccId=898600760917 simSlotIndex=0 displayName=CARD 1 carrierName=CMCC nameSource=0 iconTint=-16746133 dataRoaming=0 iconBitmap=android.graphics.Bitmap@6d31918 mcc 460 mnc 0}
09-12 15:33:45.096  2237  2237 D SubscriptionController: [getActiveSubscriptionInfo]+ subId=3 subInfo={id=3, iccId=898600760917 simSlotIndex=0 displayName=CARD 1 carrierName=CMCC nameSource=0 iconTint=-16746133 dataRoaming=0 iconBitmap=android.graphics.Bitmap@16a85d7 mcc 460 mnc 0}
09-12 15:33:45.098  2237  2237 D RILJ    : [3855]> RIL_REQUEST_IMS_REGISTRATION_STATE [SUB0]
09-12 15:33:45.101  2237  2237 D RILJ    : [3856]> RIL_REQUEST_IMS_REGISTRATION_STATE [SUB0]
09-12 15:33:45.105  2237  2299 D RILJ    : [3855]< RIL_REQUEST_IMS_REGISTRATION_STATE {1, 1} [SUB0]
09-12 15:33:45.106  2237  2299 D RILJ    : [3856]< RIL_REQUEST_IMS_REGISTRATION_STATE {1, 1} [SUB0]
09-12 15:33:45.108  2237  2237 D RILJ    : [3857]> RIL_REQUEST_IMS_REGISTRATION_STATE [SUB0]
09-12 15:33:45.110  2237  2237 D RILJ    : [3858]> RIL_REQUEST_IMS_REGISTRATION_STATE [SUB0]
09-12 15:33:45.113  2237  2299 D RILJ    : [3857]< RIL_REQUEST_IMS_REGISTRATION_STATE {1, 1} [SUB0]
09-12 15:33:45.120  2237  2237 D RILJ    : [3859]> OPERATOR [SUB0]
09-12 15:33:45.122  2237  2237 D RILJ    : [3860]> DATA_REGISTRATION_STATE [SUB0]
09-12 15:33:45.122  2237  2299 D RILJ    : [3858]< RIL_REQUEST_IMS_REGISTRATION_STATE {1, 1} [SUB0]
09-12 15:33:45.124  2237  2237 D RILJ    : [3861]> VOICE_REGISTRATION_STATE [SUB0]
09-12 15:33:45.126  2237  2237 D RILJ    : [3862]> QUERY_NETWORK_SELECTION_MODE [SUB0]
09-12 15:33:45.129  2237  2237 D CAT     : com.android.stk.StkAppService: onCreate()+
09-12 15:33:45.129  2237  2237 D CAT     : com.android.stk.StkAppService: simCount: 2
09-12 15:33:45.131  2237  2299 D RILJ    : [3859]< OPERATOR {CMCC, CMCC, 46000} [SUB0]
09-12 15:33:45.132  2237  2237 D CAT     : com.android.stk.StkAppService: slotId: 0
09-12 15:33:45.132  2237  2237 D CAT     : com.android.stk.StkAppService: slotId: 1
09-12 15:33:45.132  2237  2299 D RILJ    : [3862]< QUERY_NETWORK_SELECTION_MODE {0} [SUB0]
09-12 15:33:45.133  2237  2237 D CAT     : com.android.stk.StkAppService: onStart sim id: 0, op: 4, *****
09-12 15:33:45.133  2237  2237 D UiccPkcs15: handleMessage: 7
09-12 15:33:45.133  2237  3434 D CAT     : com.android.stk.StkAppService: handleMessage opcode[4], sim id[0]
09-12 15:33:45.133  2237  2237 D SST     : EVENT_IMS_CAPABILITY_CHANGED
09-12 15:33:45.134  2237  3434 D CAT     : StkAppService$StkContext: getPendingActivityInstance act : 0, null
09-12 15:33:45.134  2237  3434 D CAT     : StkAppService$StkContext: getPendingPrevActivityInstance act : 0, null
09-12 15:33:45.134  2237  3434 D CAT     : StkAppService$StkContext: getPendingDialogInstance act : 0, null
09-12 15:33:45.134  2237  3434 D CAT     : com.android.stk.StkAppService: cleanUpInstanceStackBySlot slotId: 0
09-12 15:33:45.134  2237  3434 D CAT     : com.android.stk.StkAppService: current cmd is null.
09-12 15:33:45.134  2237  3434 D CAT     : com.android.stk.StkAppService: [handleSessionEnd] - mCurrentCmd changed to mMainCmd!.
09-12 15:33:45.134  2237  3434 D CAT     : com.android.stk.StkAppService: slotId: 0, mMenuState: 0
09-12 15:33:45.134  2237  3434 D CAT     : com.android.stk.StkAppService: [handleSessionEnd][mMainCmd is null!]
09-12 15:33:45.134  2237  3434 D CAT     : com.android.stk.StkAppService: [handleSessionEnd][mMenuState]false
09-12 15:33:45.134  2237  2299 D RILJ    : [3860]< DATA_REGISTRATION_STATE {1, null, 01906505, 14, null, 20, 6338, 9, 26240261, null, null} [SUB0]
09-12 15:33:45.137  2237  2299 D RILJ    : [3861]< VOICE_REGISTRATION_STATE {1, 18c2, 01906505, 14, null, null, null, 1, null, null, 1, null, null, 0, null} [SUB0]
09-12 15:33:45.146  2237  2237 D SIMRecords: [SIMRecords] getServiceProviderName: no brandOverride, providerName=CMCC
09-12 15:33:45.146  2237  2237 D SIMRecords: [SIMRecords] getServiceProviderName: no brandOverride, providerName=CMCC
09-12 15:33:45.147  2237  2237 I SST     : updateRilImsRadioTechnology : Old ims RAT: 0 new ims RAT: 14
09-12 15:33:45.147  2237  2237 D DefaultPhoneNotifier: nofityServiceState: mRegistry=com.android.internal.telephony.ITelephonyRegistry$Stub$Proxy@d13469c ss=0 0 voice home data home CMCC CMCC 46000 CMCC CMCC 46000  LTE LTE CSS not supported -1 -1 RoamInd=-1 DefRoamInd=-1 EmergOnly=false IsDataRoamingFromRegistration=false IsUsingCarrierAggregation=false mRilImsRadioTechnology=14 sender=Handler (com.qualcomm.qti.internal.telephony.QtiGsmCdmaPhone) {ef68c74} phondId=0 subId=3
09-12 15:33:45.152  2237  3043 D GsmCdmaPhone: [GsmCdmaPhone] getDataConnectionState apnType=default ret=CONNECTED
09-12 15:33:45.170  2237  2237 D QtiGsmDCT: [0]QtiDcTracker handleMessage msg={ when=-378ms what=270340 obj=android.os.AsyncResult@be7a873 target=com.qualcomm.qti.internal.telephony.dataconnection.QtiDcTracker }
09-12 15:33:45.180  2237  2237 D SST     : EVENT_IMS_CAPABILITY_CHANGED
09-12 15:33:45.186  2237  2237 D SIMRecords: [SIMRecords] getServiceProviderName: no brandOverride, providerName=CMCC
09-12 15:33:45.187  2237  2237 D SIMRecords: [SIMRecords] getServiceProviderName: no brandOverride, providerName=CMCC
09-12 15:33:45.192  2237  2237 D QtiGsmDCT: [0]QtiDcTracker handleMessage msg={ when=-296ms what=270376 arg1=1 obj=NONE target=com.qualcomm.qti.internal.telephony.dataconnection.QtiDcTracker }
09-12 15:33:45.205  2237  2237 D QtiGsmDCT: [0]setActivity = NONE
09-12 15:33:45.207  2237  2237 D QtiGsmDCT: [0]QtiDcTracker handleMessage msg={ when=-232ms what=270368 arg1=1 target=com.qualcomm.qti.internal.telephony.dataconnection.QtiDcTracker }
09-12 15:33:45.208  2237  2237 D CdmaSSM : subscriptionSource from settings: 0
09-12 15:33:45.208  2237  2237 D QtiGsmDCT: [0]QtiDcTracker handleMessage msg={ when=-218ms what=270368 arg1=1 target=com.qualcomm.qti.internal.telephony.dataconnection.QtiDcTracker }
09-12 15:33:45.209  2237  2237 D CdmaSSM : subscriptionSource from settings: 0
09-12 15:33:45.213  2237  2370 D SubscriptionController: [getActiveSubscriptionInfo]+ subId=3 subInfo={id=3, iccId=898600760917 simSlotIndex=0 displayName=CARD 1 carrierName=CMCC nameSource=0 iconTint=-16746133 dataRoaming=0 iconBitmap=android.graphics.Bitmap@a0a58cf mcc 460 mnc 0}
09-12 15:33:45.220  2237  2249 D SubscriptionController: [getSubId]- numSubIds == 0, return DummySubIds slotIdx=1
09-12 15:33:45.222  2237  2250 D SubscriptionController: [getActiveSubscriptionInfo]+ subId=3 subInfo={id=3, iccId=898600760917 simSlotIndex=0 displayName=CARD 1 carrierName=CMCC nameSource=0 iconTint=-16746133 dataRoaming=0 iconBitmap=android.graphics.Bitmap@c850965 mcc 460 mnc 0}
09-12 15:33:45.234  2237  2237 D SubscriptionController: [getActiveSubscriptionInfo]+ subId=3 subInfo={id=3, iccId=898600760917 simSlotIndex=0 displayName=CARD 1 carrierName=CMCC nameSource=0 iconTint=-16746133 dataRoaming=0 iconBitmap=android.graphics.Bitmap@941d6e1 mcc 460 mnc 0}
09-12 15:33:45.241  2237  2320 D SubscriptionController: [getActiveSubscriptionInfo]+ subId=3 subInfo={id=3, iccId=898600760917 simSlotIndex=0 displayName=CARD 1 carrierName=CMCC nameSource=0 iconTint=-16746133 dataRoaming=0 iconBitmap=android.graphics.Bitmap@3873c06 mcc 460 mnc 0}
09-12 15:33:45.254  2237  2595 D SubscriptionController: [getSubId]- numSubIds == 0, return DummySubIds slotIdx=1
09-12 15:33:45.297  2237  2595 D SubscriptionController: [getActiveSubscriptionInfo]+ subId=3 subInfo={id=3, iccId=898600760917 simSlotIndex=0 displayName=CARD 1 carrierName=CMCC nameSource=0 iconTint=-16746133 dataRoaming=0 iconBitmap=android.graphics.Bitmap@4a4001d mcc 460 mnc 0}
09-12 15:33:45.301  2237  2237 D SST     : EVENT_IMS_CAPABILITY_CHANGED
09-12 15:33:45.305  2237  2237 D SIMRecords: [SIMRecords] getServiceProviderName: no brandOverride, providerName=CMCC
09-12 15:33:45.305  2237  2237 D SIMRecords: [SIMRecords] getServiceProviderName: no brandOverride, providerName=CMCC
09-12 15:33:45.306  2237  2250 D SubscriptionController: [getSubId]- numSubIds == 0, return DummySubIds slotIdx=1
09-12 15:33:45.307  2237  2237 D SST     : EVENT_IMS_CAPABILITY_CHANGED
09-12 15:33:45.312  2237  2237 D SIMRecords: [SIMRecords] getServiceProviderName: no brandOverride, providerName=CMCC
09-12 15:33:45.312  2237  2237 D SIMRecords: [SIMRecords] getServiceProviderName: no brandOverride, providerName=CMCC
09-12 15:33:45.313  2237  2237 D RIL_ImsSms: IMS is registered!
09-12 15:33:45.313  2237  2237 D IccCardProxy: EVENT_CARRIER_PRIVILEGES_LOADED
09-12 15:33:45.313  2237  2237 D IccCardProxy: Sending intent ACTION_INTERNAL_SIM_STATE_CHANGED for mPhoneId : 0
09-12 15:33:45.315  2237  2237 D RIL_ImsSms: IMS is registered!
09-12 15:33:45.316  2237  2237 D SST     : EVENT_POLL_STATE_NETWORK_SELECTION_MODE
09-12 15:33:45.316  2237  2237 D SST     : handlPollStateResultMessage: GsmSST setDataRegState=0 regState=1 dataRadioTechnology=14
09-12 15:33:45.319  2237  2237 D SST     : Poll ServiceState done:  oldSS=[0 0 voice home data home CMCC CMCC 46000 CMCC CMCC 46000  LTE LTE CSS not supported -1 -1 RoamInd=-1 DefRoamInd=-1 EmergOnly=false IsDataRoamingFromRegistration=false IsUsingCarrierAggregation=false mRilImsRadioTechnology=14] newSS=[0 0 voice home data home CMCC CMCC 46000 CMCC CMCC 46000  LTE LTE CSS supported -1 -1 RoamInd=-1 DefRoamInd=-1 EmergOnly=false IsDataRoamingFromRegistration=false IsUsingCarrierAggregation=false mRilImsRadioTechnology=0] oldMaxDataCalls=20 mNewMaxDataCalls=20 oldReasonDataDenied=-1 mNewReasonDataDenied=-1
09-12 15:33:45.322  2237  2237 D SIMRecords: [SIMRecords] getServiceProviderName: no brandOverride, providerName=CMCC
09-12 15:33:45.322  2237  2237 D SIMRecords: [SIMRecords] getServiceProviderName: no brandOverride, providerName=CMCC
09-12 15:33:45.322  2237  2237 D TelephonyManager: setTelephonyProperty: success phoneId=0 property=gsm.operator.alpha value: CMCC propVal=CMCC
09-12 15:33:45.323  2237  2237 D TelephonyManager: setTelephonyProperty: success phoneId=0 property=gsm.operator.numeric value: 46000 propVal=46000
09-12 15:33:45.324  2237  2237 D TelephonyManager: setTelephonyProperty: success phoneId=0 property=gsm.operator.iso-country value: cn propVal=cn
09-12 15:33:45.325  2237  2237 D SST     : pollStateDone: there are 2 unique offsets for iso-cc='cn testOneUniqueOffsetPath=false', do nothing
09-12 15:33:45.325  2237  2237 D SST     : shouldFixTimeZoneNow: retVal=false iccCardExist=true operatorNumeric=46000 mcc=460 prevOperatorNumeric=46000 prevMcc=460 needToFixTimeZone=false ltod=09-12 15:33:45.325
09-12 15:33:45.326  2237  2237 D TelephonyManager: setTelephonyProperty: success phoneId=0 property=gsm.operator.isroaming value: false propVal=false,false
09-12 15:33:45.326  2237  2237 D SST     : Broadcasting ServiceState : 0 0 voice home data home CMCC CMCC 46000 CMCC CMCC 46000  LTE LTE CSS supported -1 -1 RoamInd=-1 DefRoamInd=-1 EmergOnly=false IsDataRoamingFromRegistration=false IsUsingCarrierAggregation=false mRilImsRadioTechnology=14
09-12 15:33:45.326  2237  2237 D DefaultPhoneNotifier: nofityServiceState: mRegistry=com.android.internal.telephony.ITelephonyRegistry$Stub$Proxy@d13469c ss=0 0 voice home data home CMCC CMCC 46000 CMCC CMCC 46000  LTE LTE CSS supported -1 -1 RoamInd=-1 DefRoamInd=-1 EmergOnly=false IsDataRoamingFromRegistration=false IsUsingCarrierAggregation=false mRilImsRadioTechnology=14 sender=Handler (com.qualcomm.qti.internal.telephony.QtiGsmCdmaPhone) {ef68c74} phondId=0 subId=3
09-12 15:33:45.334  2237  2320 D GsmCdmaPhone: [GsmCdmaPhone] getDataConnectionState apnType=default ret=CONNECTED
09-12 15:33:45.344  2237  2237 D QtiGsmDCT: [0]get all active apn types
09-12 15:33:45.344  2237  2237 D GsmCdmaPhone: [GsmCdmaPhone] getDataConnectionState apnType=default ret=CONNECTED
09-12 15:33:45.345  2237  2237 D QtiGsmDCT: [0]return link properites for default
09-12 15:33:45.345  2237  2322 D DC-2    : DcActiveState not handled msg.what=REQ_GET_LINK_PROPERTIES
09-12 15:33:45.345  2237  2322 D DC-2    : DcDefault msg=REQ_GET_LINK_PROPERTIES RefCount=1
09-12 15:33:45.346  2237  2322 D DC-2    : REQ_GET_LINK_PROPERTIES linkProperties{InterfaceName: rmnet_data0 LinkAddresses: [10.17.214.236/29,2409:8894:a000:9a7f:6560:54d2:904d:12fc/64,]  Routes: [0.0.0.0/0 -> 10.17.214.237 rmnet_data0,::/0 -> fe80::9d8b:a8a9:654d:b0a6 rmnet_data0,] DnsAddresses: [211.136.112.50,211.136.150.66,2409:8084:8000:10::1,2409:8084:8000:10::2,] Domains: null MTU: 1500 TcpBufferSizes: 2097152,4194304,8388608,262144,524288,1048576}
09-12 15:33:45.347  2237  2237 D QtiGsmDCT: [0]get active pdp is not null, return NetworkCapabilities for default
09-12 15:33:45.347  2237  2322 D DC-2    : DcActiveState not handled msg.what=REQ_GET_NETWORK_CAPABILITIES
09-12 15:33:45.347  2237  2322 D DC-2    : DcDefault msg=REQ_GET_NETWORK_CAPABILITIES RefCount=1
09-12 15:33:45.352  2237  2322 D DC-2    : REQ_GET_NETWORK_CAPABILITIES networkCapabilities[ Transports: CELLULAR Capabilities: SUPL&INTERNET&NOT_RESTRICTED&TRUSTED&NOT_VPN LinkUpBandwidth>=51200Kbps LinkDnBandwidth>=102400Kbps Specifier: <3>]
09-12 15:33:45.352  2237  2237 D CdmaSSM : subscriptionSource from settings: 0
09-12 15:33:45.366  2237  2237 D GsmCdmaPhone: [GsmCdmaPhone] getDataConnectionState apnType=ims ret=CONNECTED
09-12 15:33:45.367  2237  2237 D QtiGsmDCT: [0]return link properites for ims
09-12 15:33:45.368  2237  2322 D DC-1    : DcActiveState not handled msg.what=REQ_GET_LINK_PROPERTIES
09-12 15:33:45.368  2237  2322 D DC-1    : DcDefault msg=REQ_GET_LINK_PROPERTIES RefCount=1
09-12 15:33:45.368  2237  2322 D DC-1    : REQ_GET_LINK_PROPERTIES linkProperties{InterfaceName: rmnet_data6 LinkAddresses: [2409:8804:a000:1369:643c:1bed:bc64:e5a/64,]  Routes: [::/0 -> fe80::695c:8dca:999a:f587 rmnet_data6,] DnsAddresses: [] Domains: null MTU: 1500 TcpBufferSizes: 2097152,4194304,8388608,262144,524288,1048576}
09-12 15:33:45.371  2237  2237 D QtiGsmDCT: [0]get active pdp is not null, return NetworkCapabilities for ims
09-12 15:33:45.372  2237  2322 D DC-1    : DcActiveState not handled msg.what=REQ_GET_NETWORK_CAPABILITIES
09-12 15:33:45.372  2237  2322 D DC-1    : DcDefault msg=REQ_GET_NETWORK_CAPABILITIES RefCount=1
09-12 15:33:45.376  2237  2322 D DC-1    : REQ_GET_NETWORK_CAPABILITIES networkCapabilities[ Transports: CELLULAR Capabilities: IMS&NOT_METERED&NOT_RESTRICTED&TRUSTED&NOT_VPN LinkUpBandwidth>=51200Kbps LinkDnBandwidth>=102400Kbps Specifier: <3>]
09-12 15:33:45.376  2237  2237 D CdmaSSM : subscriptionSource from settings: 0
09-12 15:33:45.385  2237  2250 D SubscriptionController: [getActiveSubscriptionInfo]+ subId=3 subInfo={id=3, iccId=898600760917 simSlotIndex=0 displayName=CARD 1 carrierName=CMCC nameSource=0 iconTint=-16746133 dataRoaming=0 iconBitmap=android.graphics.Bitmap@f8b9463 mcc 460 mnc 0}
09-12 15:33:45.411  2237  2237 D ImsPhone: handleMessage what=52
09-12 15:33:45.440  2237  2249 D SubscriptionController: [getActiveSubscriptionInfo]+ subId=3 subInfo={id=3, iccId=898600760917 simSlotIndex=0 displayName=CARD 1 carrierName=CMCC nameSource=0 iconTint=-16746133 dataRoaming=0 iconBitmap=android.graphics.Bitmap@a03c5de mcc 460 mnc 0}
09-12 15:33:45.442  2237  2237 D SubscriptionController: [getPhoneId] asked for default subId=3
09-12 15:33:45.446  2237  2237 D SubscriptionInfoUpdater: [Receiver]+
09-12 15:33:45.446  2237  2237 D SubscriptionInfoUpdater: Action: android.intent.action.internal_sim_state_changed
09-12 15:33:45.446  2237  2237 D SubscriptionInfoUpdater: slotId: 0
09-12 15:33:45.446  2237  2237 D SubscriptionInfoUpdater: simStatus: LOADED
09-12 15:33:45.446  2237  2237 D SubscriptionInfoUpdater: [Receiver]-
09-12 15:33:45.446  2237  2237 D ImsPhone: handleMessage what=52
09-12 15:33:45.447  2237  2249 D SubscriptionController: [getSubId]- numSubIds == 0, return DummySubIds slotIdx=1
09-12 15:33:45.461  2237  2237 D QtiSubscriptionInfoUpdater:  handleMessage: EVENT:  3
09-12 15:33:45.461  2237  2237 D SubscriptionInfoUpdater: handleSimStateLoadedInternal: slotId: 0
09-12 15:33:45.461  2237  2237 D SubscriptionInfoUpdater: All IccIds query complete
09-12 15:33:45.461  2237  2237 D QtiSubscriptionInfoUpdater: Ignoring subscription update event
09-12 15:33:45.461  2237  2237 D SubscriptionInfoUpdater: subId for slot0 is 3
09-12 15:33:45.513  2237  2237 D SubscriptionController: [setMccMnc]+ mcc/mnc:460/0 subId:3
09-12 15:33:45.525  2237  2370 D SubscriptionController: [getActiveSubscriptionInfo]+ subId=3 subInfo={id=3, iccId=898600760917 simSlotIndex=0 displayName=CARD 1 carrierName=CMCC nameSource=0 iconTint=-16746133 dataRoaming=0 iconBitmap=android.graphics.Bitmap@70261ea mcc 460 mnc 0}
09-12 15:33:45.538  2237  2320 D SubscriptionController: [getSubId]- numSubIds == 0, return DummySubIds slotIdx=1
09-12 15:33:45.573  2237  2237 D SubscriptionController: notifySubscriptionInfoChanged:
09-12 15:33:45.578  2237  2249 D SubscriptionController: [getSubId]- numSubIds == 0, return DummySubIds slotIdx=1
09-12 15:33:45.589  2237  2369 D SubscriptionController: [getActiveSubscriptionInfo]+ subId=3 subInfo={id=3, iccId=898600760917 simSlotIndex=0 displayName=CARD 1 carrierName=CMCC nameSource=0 iconTint=-16746133 dataRoaming=0 iconBitmap=android.graphics.Bitmap@39cb2b6 mcc 460 mnc 0}
09-12 15:33:45.597  2237  2250 D SubscriptionController: [getSubId]- numSubIds == 0, return DummySubIds slotIdx=1
09-12 15:33:45.613  2237  2237 D SubscriptionController: [getActiveSubscriptionInfo]+ subId=3 subInfo={id=3, iccId=898600760917 simSlotIndex=0 displayName=CARD 1 carrierName=CMCC nameSource=0 iconTint=-16746133 dataRoaming=0 iconBitmap=android.graphics.Bitmap@2ba5c53 mcc 460 mnc 0}
09-12 15:33:45.614  2237  2237 D SubscriptionInfoUpdater: sim name = CMCC
09-12 15:33:45.614  2237  2237 D SubscriptionController: [setDisplayName]+  displayName:CMCC subId:3 nameSource:-1
09-12 15:33:45.615  2237  2237 D SubscriptionController: validateSubId subId: 3
09-12 15:33:45.615  2237  2237 D SubscriptionController: [setDisplayName]- mDisplayName:CMCC set
09-12 15:33:45.631  2237  2237 D SubscriptionController: notifySubscriptionInfoChanged:
09-12 15:33:45.633  2237  2320 D SubscriptionController: [getSubId]- numSubIds == 0, return DummySubIds slotIdx=1
09-12 15:33:45.638  2237  2237 D SubscriptionController: [getSubId]- numSubIds == 0, return DummySubIds slotIdx=1
09-12 15:33:45.639  2237  2237 D SubscriptionInfoUpdater: subId for slot1 is 2147483644
09-12 15:33:45.639  2237  2237 D SubscriptionInfoUpdater: EVENT_RECORDS_LOADED Operator name is null
09-12 15:33:45.639  2237  2237 D SubscriptionInfoUpdater: inactive subId = 2147483644 slotId = 1, could not update ContentResolver
09-12 15:33:45.639  2237  2237 D SubscriptionInfoUpdater: Broadcasting intent ACTION_SIM_STATE_CHANGED LOADED reason null for mCardIndex: 0
09-12 15:33:45.736  2237  2237 D SST     : SubscriptionListener.onSubscriptionInfoChanged
09-12 15:33:45.737  2237  2237 D QtiGsmDCT: [0]SubscriptionListener.onSubscriptionInfoChanged
09-12 15:33:45.748  2237  2237 D SST     : SubscriptionListener.onSubscriptionInfoChanged
09-12 15:33:45.748  2237  2237 D SubscriptionController: [getSubId]- numSubIds == 0, return DummySubIds slotIdx=1
09-12 15:33:45.748  2237  2237 D QtiGsmDCT: [1]SubscriptionListener.onSubscriptionInfoChanged
09-12 15:33:45.748  2237  2237 D SubscriptionController: [getSubId]- numSubIds == 0, return DummySubIds slotIdx=1
09-12 15:33:45.790  2237  3043 D SubscriptionController: [getActiveSubscriptionInfo]+ subId=3 subInfo={id=3, iccId=898600760917 simSlotIndex=0 displayName=CMCC carrierName=CMCC nameSource=0 iconTint=-16746133 dataRoaming=0 iconBitmap=android.graphics.Bitmap@f07d0fd mcc 460 mnc 0}
09-12 15:33:45.797  2237  2370 D SubscriptionController: [getSubId]- numSubIds == 0, return DummySubIds slotIdx=1
09-12 15:33:45.818  2237  2250 D SubscriptionController: [getActiveSubscriptionInfo]+ subId=3 subInfo={id=3, iccId=898600760917 simSlotIndex=0 displayName=CMCC carrierName=CMCC nameSource=0 iconTint=-16746133 dataRoaming=0 iconBitmap=android.graphics.Bitmap@36b8b3e mcc 460 mnc 0}
09-12 15:33:45.827  2237  2595 D SubscriptionController: [getSubId]- numSubIds == 0, return DummySubIds slotIdx=1
09-12 15:33:45.854  2237  2320 D SubscriptionController: [getActiveSubscriptionInfo]+ subId=3 subInfo={id=3, iccId=898600760917 simSlotIndex=0 displayName=CMCC carrierName=CMCC nameSource=0 iconTint=-16746133 dataRoaming=0 iconBitmap=android.graphics.Bitmap@97234bb mcc 460 mnc 0}
09-12 15:33:45.857  2237  2237 D SubscriptionController: [getActiveSubscriptionInfo]+ subId=3 subInfo={id=3, iccId=898600760917 simSlotIndex=0 displayName=CMCC carrierName=CMCC nameSource=0 iconTint=-16746133 dataRoaming=0 iconBitmap=android.graphics.Bitmap@5539dd8 mcc 460 mnc 0}
09-12 15:33:45.861  2237  2369 D SubscriptionController: [getSubId]- numSubIds == 0, return DummySubIds slotIdx=1
09-12 15:33:45.908  2237  2237 D SubscriptionController: [getSubId]- numSubIds == 0, return DummySubIds slotIdx=1
09-12 15:33:45.931  2237  2250 D SubscriptionController: [getActiveSubscriptionInfo]+ subId=3 subInfo={id=3, iccId=898600760917 simSlotIndex=0 displayName=CMCC carrierName=CMCC nameSource=0 iconTint=-16746133 dataRoaming=0 iconBitmap=android.graphics.Bitmap@b348033 mcc 460 mnc 0}
09-12 15:33:45.934  2237  2237 D PhoneSwitcher: handle event - 102
09-12 15:33:45.934  2237  2237 D PhoneSwitcher: isUiccProvisioned = true
09-12 15:33:45.935  2237  2237 D SubscriptionController: [getSubId]- numSubIds == 0, return DummySubIds slotIdx=1
09-12 15:33:45.935  2237  2237 D PhoneSwitcher: Broadcast network specifier set intent
09-12 15:33:45.939  2237  2249 D SubscriptionController: [getSubId]- numSubIds == 0, return DummySubIds slotIdx=1
09-12 15:33:46.024  2237  2237 D SubscriptionController: [getSubId]- numSubIds == 0, return DummySubIds slotIdx=1
09-12 15:33:46.037  2237  2370 D SubscriptionController: [getActiveSubscriptionInfo]+ subId=3 subInfo={id=3, iccId=898600760917 simSlotIndex=0 displayName=CMCC carrierName=CMCC nameSource=0 iconTint=-16746133 dataRoaming=0 iconBitmap=android.graphics.Bitmap@bacec8f mcc 460 mnc 0}
09-12 15:33:46.043  2237  2250 D SubscriptionController: [getSubId]- numSubIds == 0, return DummySubIds slotIdx=1
09-12 15:33:46.068  2237  2249 D SubscriptionController: [getActiveSubscriptionInfo]+ subId=3 subInfo={id=3, iccId=898600760917 simSlotIndex=0 displayName=CMCC carrierName=CMCC nameSource=0 iconTint=-16746133 dataRoaming=0 iconBitmap=android.graphics.Bitmap@7d36cfa mcc 460 mnc 0}
09-12 15:33:46.075  2237  3043 D SubscriptionController: [getSubId]- numSubIds == 0, return DummySubIds slotIdx=1
09-12 15:33:46.099  2237  2237 D SST     : SubscriptionListener.onSubscriptionInfoChanged
09-12 15:33:46.100  2237  2237 D QtiGsmDCT: [0]SubscriptionListener.onSubscriptionInfoChanged
09-12 15:33:46.113  2237  2237 D SST     : SubscriptionListener.onSubscriptionInfoChanged
09-12 15:33:46.114  2237  2237 D SubscriptionController: [getSubId]- numSubIds == 0, return DummySubIds slotIdx=1
09-12 15:33:46.114  2237  2237 D QtiGsmDCT: [1]SubscriptionListener.onSubscriptionInfoChanged
09-12 15:33:46.114  2237  2237 D SubscriptionController: [getSubId]- numSubIds == 0, return DummySubIds slotIdx=1
09-12 15:33:46.116  2237  2237 D PhoneSwitcher: handle event - 102
09-12 15:33:46.116  2237  2237 D PhoneSwitcher: isUiccProvisioned = true
09-12 15:33:46.117  2237  2237 D SubscriptionController: [getSubId]- numSubIds == 0, return DummySubIds slotIdx=1
09-12 15:33:46.117  2237  2237 D PhoneSwitcher: Broadcast network specifier set intent
09-12 15:33:46.210  2237  2237 D SubscriptionController: [getSubId]- numSubIds == 0, return DummySubIds slotIdx=1
09-12 15:33:46.278  2237  2237 D SubscriptionController: [getActiveSubscriptionInfo]+ subId=3 subInfo={id=3, iccId=898600760917 simSlotIndex=0 displayName=CMCC carrierName=CMCC nameSource=0 iconTint=-16746133 dataRoaming=0 iconBitmap=android.graphics.Bitmap@51ea152 mcc 460 mnc 0}
09-12 15:33:46.314  2237  2237 D SubscriptionController: [getSubId]- numSubIds == 0, return DummySubIds slotIdx=1
09-12 15:33:46.329  2237  2237 D SubscriptionInfoUpdater: [Receiver]+
09-12 15:33:46.329  2237  2237 D SubscriptionInfoUpdater: Action: android.intent.action.SIM_STATE_CHANGED
09-12 15:33:46.329  2237  2237 D SubscriptionInfoUpdater: slotId: 0
09-12 15:33:46.329  2237  2237 D SubscriptionInfoUpdater: simStatus: LOADED
09-12 15:33:46.329  2237  2237 D SubscriptionInfoUpdater: Ignoring simStatus: LOADED
09-12 15:33:46.329  2237  2237 D SubscriptionInfoUpdater: [Receiver]-
09-12 15:33:46.330  2237  2237 D PhoneSwitcher: mSimStateIntentReceiver: phoneId = 0 value = LOADED
09-12 15:33:46.330  2237  2237 D PhoneSwitcher: SIM READY for phoneId: 0
09-12 15:33:46.509  2237  2369 D SubscriptionController: [getSubId]- numSubIds == 0, return DummySubIds slotIdx=1
09-12 15:33:46.517  2237  2237 D SubscriptionController: [getActiveSubscriptionInfo]+ subId=3 subInfo={id=3, iccId=898600760917 simSlotIndex=0 displayName=CMCC carrierName=CMCC nameSource=0 iconTint=-16746133 dataRoaming=0 iconBitmap=android.graphics.Bitmap@570ac9b mcc 460 mnc 0}
09-12 15:33:46.571  2237  2237 D GsmCdmaPhone: mBroadcastReceiver: action android.telephony.action.CARRIER_CONFIG_CHANGED
09-12 15:33:46.579  2237  2237 I CSST    : reading time to delay notification: -1
09-12 15:33:46.582  2237  2237 D QtiGsmCdmaPhone: handleMessage: Event: 43
09-12 15:33:46.582  2237  2237 D RILJ    : [3863]> RIL_REQUEST_VOICE_RADIO_TECH [SUB0]
09-12 15:33:46.588  2237  2299 D RILJ    : [3863]< RIL_REQUEST_VOICE_RADIO_TECH {3} [SUB0]
09-12 15:33:46.610  2237  2237 D ImsManager: updateVolteFeatureValue: available = true, enabled = true, nonTTY = true
09-12 15:33:46.610  2237  2237 D ImsManager: getConfigInterface(), mConfig= com.android.ims.ImsConfig@6e42fc
09-12 15:33:46.610  2237  2237 D ImsConfig: setFeatureValue: feature = 0, network =13, value =1, listener =com.android.internal.telephony.imsphone.ImsPhoneCallTracker$5@72e838
09-12 15:33:46.621   811  1013 I RILQ    : (0/811):RIL[0][event] qcril_qmi_imss_set_qipcall_config_resp_hdlr: ril_err: 0, qmi res: 0
09-12 15:33:46.661  2237  2237 D ImsManager: getWfcMode - setting=2
09-12 15:33:46.665  2237  2237 D ImsManager: updateWfcFeatureAndProvisionedValues: available = true, enabled = false, mode = 2, roaming = false
09-12 15:33:46.665  2237  2237 D ImsManager: getConfigInterface(), mConfig= com.android.ims.ImsConfig@6e42fc
09-12 15:33:46.665  2237  2237 D ImsConfig: setFeatureValue: feature = 2, network =18, value =0, listener =com.android.internal.telephony.imsphone.ImsPhoneCallTracker$5@72e838
09-12 15:33:46.673  2237  3513 D ImsManager: getConfigInterface(), mConfig= com.android.ims.ImsConfig@6e42fc
09-12 15:33:46.674  2237  3513 D ImsConfig: setProvisionedValue(): item = 27value = 1
09-12 15:33:46.678   811  1013 I RILQ    : (0/811):RIL[0][event] qcril_qmi_imss_set_client_provisioning_config_resp_hdlr: ril_err: 0, qmi res: 0
09-12 15:33:46.680  2237  3514 D ImsManager: getConfigInterface(), mConfig= com.android.ims.ImsConfig@6e42fc
09-12 15:33:46.680  2237  3514 D ImsConfig: setProvisionedValue(): item = 26value = 0
09-12 15:33:46.682  2237  3514 D ImsConfig: setProvisionedValue(): item = 26 value = 0 ret = 1
09-12 15:33:46.694  2237  3513 D ImsConfig: setProvisionedValue(): item = 27 value = 1 ret = 0
09-12 15:33:46.696  2237  2237 D ImsManager: updateVideoCallFeatureValue: available = true, enabled = true, nonTTY = true, data enabled = true
09-12 15:33:46.696  2237  2237 D ImsManager: getConfigInterface(), mConfig= com.android.ims.ImsConfig@6e42fc
09-12 15:33:46.696  2237  2237 D ImsConfig: setFeatureValue: feature = 1, network =13, value =1, listener =com.android.internal.telephony.imsphone.ImsPhoneCallTracker$5@72e838
09-12 15:33:46.699  2237  2237 D ImsManager: updateImsServiceConfig: turnOnIms
09-12 15:33:46.703   811  1013 I RILQ    : (0/811):RIL[0][event] qcril_qmi_imss_set_qipcall_config_resp_hdlr: ril_err: 0, qmi res: 0
09-12 15:33:46.705  2237  2237 D GsmCdmaPhone: [GsmCdmaPhone] broadcastEmergencyCallStateChanges = false
09-12 15:33:46.706  2237  2237 E GsmCdmaPhone: [GsmCdmaPhone] Invalid cdma_roaming_mode settings: -1
09-12 15:33:46.706  2237  2237 D EriManager: loadEriFileFromXml: check for alternate file
09-12 15:33:46.708  2237  2237 D EriManager: loadEriFileFromXml: no alternate file
09-12 15:33:46.710  2237  2237 D EriManager: eriFile = eri.xml
09-12 15:33:46.718  2237  2237 D EriManager: loadEriFileFromXml: eri parsing successful, file loaded. ver = 1357, # of entries = 176
09-12 15:33:46.718  2237  2237 D GsmCdmaPhone: [GsmCdmaPhone] ERI read, notify registrants
09-12 15:33:46.732   811  1013 I RILQ    : (0/811):RIL[0][event] qcril_qmi_imss_set_reg_mgr_config_resp_hdlr: ril_err: 0, qmi res: 0
09-12 15:33:46.765  2237  2237 D GsmCdmaPhone: mBroadcastReceiver: action android.telephony.action.CARRIER_CONFIG_CHANGED
09-12 15:33:46.771  2237  2237 I CSST    : reading time to delay notification: -1
09-12 15:33:46.774  2237  2237 D SubscriptionController: [getSubId]- numSubIds == 0, return DummySubIds slotIdx=1
09-12 15:33:46.776  2237  2237 D QtiSubscriptionController: getPhoneId, received dummy subId 2147483644
09-12 15:33:46.779  2237  2237 D ImsPhoneCallTracker: [ImsPhoneCallTracker] No carrier ImsReasonInfo mappings defined.
09-12 15:33:46.779  2237  2237 D ImsPhoneCallTracker: [ImsPhoneCallTracker] onReceive : Updating mAllowEmergencyVideoCalls = false
09-12 15:33:46.833  2237  2237 D QtiGsmCdmaPhone: handleMessage: Event: 40
09-12 15:33:46.833  2237  2237 D GsmCdmaPhone: [GsmCdmaPhone] EVENT_REQUEST_VOICE_RADIO_TECH_DONE: newVoiceTech=3
09-12 15:33:46.833  2237  2237 D GsmCdmaPhone: [GsmCdmaPhone] phoneObjectUpdater: newVoiceRadioTech=3
09-12 15:33:46.833  2237  2237 D GsmCdmaPhone: [GsmCdmaPhone] phoneObjectUpdater: No change ignore, newVoiceRadioTech=3 mActivePhone=GSM
09-12 15:33:46.836  2237  2237 D SIMRecords: [SIMRecords] getServiceProviderName: no brandOverride, providerName=China Mobile
09-12 15:33:46.837  2237  2237 D TelephonyManager: setTelephonyProperty: success phoneId=0 property=gsm.sim.operator.alpha value: China Mobile propVal=China Mobile
09-12 15:33:46.867  2237  2237 D SubscriptionController: [getActiveSubscriptionInfo]+ subId=3 subInfo={id=3, iccId=898600760917 simSlotIndex=0 displayName=CMCC carrierName=CMCC nameSource=0 iconTint=-16746133 dataRoaming=0 iconBitmap=android.graphics.Bitmap@d24f05a mcc 460 mnc 0}
09-12 15:33:46.867  2237  2237 D SIMRecords: [SIMRecords] sim name[0] = China Mobile
09-12 15:33:46.867  2237  2237 D SubscriptionController: [setDisplayName]+  displayName:China Mobile subId:3 nameSource:-1
09-12 15:33:46.876  2237  2237 D SubscriptionController: validateSubId subId: 3
09-12 15:33:46.877  2237  2237 D SubscriptionController: [setDisplayName]- mDisplayName:China Mobile set
09-12 15:33:46.914  2237  2237 D SubscriptionController: notifySubscriptionInfoChanged:
09-12 15:33:46.920  2237  2595 D SubscriptionController: [getSubId]- numSubIds == 0, return DummySubIds slotIdx=1
09-12 15:33:47.033  2237  2237 D SST     : SubscriptionListener.onSubscriptionInfoChanged
09-12 15:33:47.033  2237  2237 D QtiGsmDCT: [0]SubscriptionListener.onSubscriptionInfoChanged
09-12 15:33:47.058  2237  2237 D SST     : SubscriptionListener.onSubscriptionInfoChanged
09-12 15:33:47.058  2237  2237 D SubscriptionController: [getSubId]- numSubIds == 0, return DummySubIds slotIdx=1
09-12 15:33:47.058  2237  2237 D QtiGsmDCT: [1]SubscriptionListener.onSubscriptionInfoChanged
09-12 15:33:47.058  2237  2237 D SubscriptionController: [getSubId]- numSubIds == 0, return DummySubIds slotIdx=1
09-12 15:33:47.059  2237  2237 D PhoneSwitcher: handle event - 102
09-12 15:33:47.060  2237  2237 D PhoneSwitcher: isUiccProvisioned = true
09-12 15:33:47.060  2237  2237 D SubscriptionController: [getSubId]- numSubIds == 0, return DummySubIds slotIdx=1
09-12 15:33:47.061  2237  2237 D PhoneSwitcher: Broadcast network specifier set intent
09-12 15:33:47.076  2237  2595 D SubscriptionController: [getActiveSubscriptionInfo]+ subId=3 subInfo={id=3, iccId=898600760917 simSlotIndex=0 displayName=China Mobile carrierName=CMCC nameSource=0 iconTint=-16746133 dataRoaming=0 iconBitmap=android.graphics.Bitmap@3384db9 mcc 460 mnc 0}
09-12 15:33:47.083  2237  2369 D SubscriptionController: [getSubId]- numSubIds == 0, return DummySubIds slotIdx=1
09-12 15:33:47.114  2237  2237 D SubscriptionController: [getSubId]- numSubIds == 0, return DummySubIds slotIdx=1
09-12 15:33:47.127  2237  2250 D SubscriptionController: [getActiveSubscriptionInfo]+ subId=3 subInfo={id=3, iccId=898600760917 simSlotIndex=0 displayName=China Mobile carrierName=CMCC nameSource=0 iconTint=-16746133 dataRoaming=0 iconBitmap=android.graphics.Bitmap@c4a240a mcc 460 mnc 0}
09-12 15:33:47.136  2237  3043 D SubscriptionController: [getSubId]- numSubIds == 0, return DummySubIds slotIdx=1
09-12 15:33:47.162  2237  2595 D SubscriptionController: [getActiveSubscriptionInfo]+ subId=3 subInfo={id=3, iccId=898600760917 simSlotIndex=0 displayName=China Mobile carrierName=CMCC nameSource=0 iconTint=-16746133 dataRoaming=0 iconBitmap=android.graphics.Bitmap@36e76d6 mcc 460 mnc 0}
09-12 15:33:47.172  2237  2250 D SubscriptionController: [getSubId]- numSubIds == 0, return DummySubIds slotIdx=1
09-12 15:33:47.211  2237  2237 D SubscriptionController: [getActiveSubscriptionInfo]+ subId=3 subInfo={id=3, iccId=898600760917 simSlotIndex=0 displayName=China Mobile carrierName=CMCC nameSource=0 iconTint=-16746133 dataRoaming=0 iconBitmap=android.graphics.Bitmap@eff17f3 mcc 460 mnc 0}
09-12 15:33:47.221  2237  2320 D SubscriptionController: [getActiveSubscriptionInfo]+ subId=3 subInfo={id=3, iccId=898600760917 simSlotIndex=0 displayName=China Mobile carrierName=CMCC nameSource=0 iconTint=-16746133 dataRoaming=0 iconBitmap=android.graphics.Bitmap@89d8aae mcc 460 mnc 0}
09-12 15:33:47.228  2237  2595 D SubscriptionController: [getSubId]- numSubIds == 0, return DummySubIds slotIdx=1
09-12 15:33:47.247  2237  2369 D SubscriptionController: [getActiveSubscriptionInfo]+ subId=3 subInfo={id=3, iccId=898600760917 simSlotIndex=0 displayName=China Mobile carrierName=CMCC nameSource=0 iconTint=-16746133 dataRoaming=0 iconBitmap=android.graphics.Bitmap@734fce5 mcc 460 mnc 0}
09-12 15:33:47.253  2237  2237 D SubscriptionController: [getSubId]- numSubIds == 0, return DummySubIds slotIdx=1
09-12 15:33:47.253  2237  2249 D SubscriptionController: [getSubId]- numSubIds == 0, return DummySubIds slotIdx=1
09-12 15:33:47.272  2237  2237 D GsmCdmaPhone: mBroadcastReceiver: action android.telephony.action.CARRIER_CONFIG_CHANGED
09-12 15:33:47.274  2237  2595 D SubscriptionController: [getActiveSubscriptionInfo]+ subId=3 subInfo={id=3, iccId=898600760917 simSlotIndex=0 displayName=China Mobile carrierName=CMCC nameSource=0 iconTint=-16746133 dataRoaming=0 iconBitmap=android.graphics.Bitmap@50421c8 mcc 460 mnc 0}
09-12 15:33:47.278  2237  2237 I CSST    : reading time to delay notification: -1
09-12 15:33:47.280  2237  2370 D SubscriptionController: [getSubId]- numSubIds == 0, return DummySubIds slotIdx=1
09-12 15:33:47.281  2237  2237 D GsmCdmaPhone: mBroadcastReceiver: action android.telephony.action.CARRIER_CONFIG_CHANGED
09-12 15:33:47.286  2237  2237 I CSST    : reading time to delay notification: -1
09-12 15:33:47.287  2237  2237 D SubscriptionController: [getSubId]- numSubIds == 0, return DummySubIds slotIdx=1
09-12 15:33:47.292  2237  2237 D QtiSubscriptionController: getPhoneId, received dummy subId 2147483644
09-12 15:33:47.296  2237  2237 D ImsPhoneCallTracker: [ImsPhoneCallTracker] No carrier ImsReasonInfo mappings defined.
09-12 15:33:47.296  2237  2237 D ImsPhoneCallTracker: [ImsPhoneCallTracker] onReceive : Updating mAllowEmergencyVideoCalls = false
09-12 15:33:47.329  2237  2237 D SubscriptionController: [getActiveSubscriptionInfo]+ subId=3 subInfo={id=3, iccId=898600760917 simSlotIndex=0 displayName=China Mobile carrierName=CMCC nameSource=0 iconTint=-16746133 dataRoaming=0 iconBitmap=android.graphics.Bitmap@a66ea47 mcc 460 mnc 0}
09-12 15:33:47.365  2237  2237 D QtiGsmCdmaPhone: handleMessage: Event: 43
09-12 15:33:47.366  2237  2237 D RILJ    : [3864]> RIL_REQUEST_VOICE_RADIO_TECH [SUB0]
09-12 15:33:47.370  2237  2299 D RILJ    : [3864]< RIL_REQUEST_VOICE_RADIO_TECH {3} [SUB0]
09-12 15:33:47.383  2237  2237 D ImsManager: updateVolteFeatureValue: available = true, enabled = true, nonTTY = true
09-12 15:33:47.383  2237  2237 D ImsManager: getConfigInterface(), mConfig= com.android.ims.ImsConfig@6e42fc
09-12 15:33:47.383  2237  2237 D ImsConfig: setFeatureValue: feature = 0, network =13, value =1, listener =com.android.internal.telephony.imsphone.ImsPhoneCallTracker$5@72e838
09-12 15:33:47.390   811  1013 I RILQ    : (0/811):RIL[0][event] qcril_qmi_imss_set_qipcall_config_resp_hdlr: ril_err: 0, qmi res: 0
09-12 15:33:47.420  2237  2237 D ImsManager: getWfcMode - setting=2
09-12 15:33:47.424  2237  2237 D ImsManager: updateWfcFeatureAndProvisionedValues: available = true, enabled = false, mode = 2, roaming = false
09-12 15:33:47.424  2237  2237 D ImsManager: getConfigInterface(), mConfig= com.android.ims.ImsConfig@6e42fc
09-12 15:33:47.424  2237  2237 D ImsConfig: setFeatureValue: feature = 2, network =18, value =0, listener =com.android.internal.telephony.imsphone.ImsPhoneCallTracker$5@72e838
09-12 15:33:47.430  2237  3562 D ImsManager: getConfigInterface(), mConfig= com.android.ims.ImsConfig@6e42fc
09-12 15:33:47.430  2237  3562 D ImsConfig: setProvisionedValue(): item = 27value = 1
09-12 15:33:47.430   811  1013 I RILQ    : (0/811):RIL[0][event] qcril_qmi_imss_set_client_provisioning_config_resp_hdlr: ril_err: 0, qmi res: 0
09-12 15:33:47.432  2237  3563 D ImsManager: getConfigInterface(), mConfig= com.android.ims.ImsConfig@6e42fc
09-12 15:33:47.432  2237  3563 D ImsConfig: setProvisionedValue(): item = 26value = 0
09-12 15:33:47.433  2237  3563 D ImsConfig: setProvisionedValue(): item = 26 value = 0 ret = 1
09-12 15:33:47.439  2237  2237 D ImsManager: updateVideoCallFeatureValue: available = true, enabled = true, nonTTY = true, data enabled = true
09-12 15:33:47.439  2237  2237 D ImsManager: getConfigInterface(), mConfig= com.android.ims.ImsConfig@6e42fc
09-12 15:33:47.439  2237  2237 D ImsConfig: setFeatureValue: feature = 1, network =13, value =1, listener =com.android.internal.telephony.imsphone.ImsPhoneCallTracker$5@72e838
09-12 15:33:47.443  2237  2237 D ImsManager: updateImsServiceConfig: turnOnIms
09-12 15:33:47.446   811  1013 I RILQ    : (0/811):RIL[0][event] qcril_qmi_imss_set_qipcall_config_resp_hdlr: ril_err: 0, qmi res: 0
09-12 15:33:47.447  2237  3562 D ImsConfig: setProvisionedValue(): item = 27 value = 1 ret = 0
09-12 15:33:47.449  2237  2237 D GsmCdmaPhone: [GsmCdmaPhone] broadcastEmergencyCallStateChanges = false
09-12 15:33:47.449  2237  2237 E GsmCdmaPhone: [GsmCdmaPhone] Invalid cdma_roaming_mode settings: -1
09-12 15:33:47.449  2237  2237 D EriManager: loadEriFileFromXml: check for alternate file
09-12 15:33:47.450  2237  2237 D EriManager: loadEriFileFromXml: no alternate file
09-12 15:33:47.453  2237  2237 D EriManager: eriFile = eri.xml
09-12 15:33:47.458  2237  2237 D EriManager: loadEriFileFromXml: eri parsing successful, file loaded. ver = 1357, # of entries = 176
09-12 15:33:47.458  2237  2237 D GsmCdmaPhone: [GsmCdmaPhone] ERI read, notify registrants
09-12 15:33:47.462  2237  2237 D SIMRecords: [SIMRecords] getServiceProviderName: no brandOverride, providerName=China Mobile
09-12 15:33:47.462  2237  2237 D TelephonyManager: setTelephonyProperty: success phoneId=0 property=gsm.sim.operator.alpha value: China Mobile propVal=China Mobile
09-12 15:33:47.480  2237  2237 D SubscriptionController: [getActiveSubscriptionInfo]+ subId=3 subInfo={id=3, iccId=898600760917 simSlotIndex=0 displayName=China Mobile carrierName=CMCC nameSource=0 iconTint=-16746133 dataRoaming=0 iconBitmap=android.graphics.Bitmap@2c0db3f mcc 460 mnc 0}
09-12 15:33:47.491   811  1013 I RILQ    : (0/811):RIL[0][event] qcril_qmi_imss_set_reg_mgr_config_resp_hdlr: ril_err: 0, qmi res: 0
09-12 15:33:47.507  2237  2237 D QtiGsmCdmaPhone: handleMessage: Event: 40
09-12 15:33:47.507  2237  2237 D GsmCdmaPhone: [GsmCdmaPhone] EVENT_REQUEST_VOICE_RADIO_TECH_DONE: newVoiceTech=3
09-12 15:33:47.507  2237  2237 D GsmCdmaPhone: [GsmCdmaPhone] phoneObjectUpdater: newVoiceRadioTech=3
09-12 15:33:47.507  2237  2237 D GsmCdmaPhone: [GsmCdmaPhone] phoneObjectUpdater: No change ignore, newVoiceRadioTech=3 mActivePhone=GSM
09-12 15:33:47.508  2237  2237 D SubscriptionController: [getSubId]- numSubIds == 0, return DummySubIds slotIdx=1
09-12 15:33:47.521  2237  2237 D GsmCdmaPhone: mBroadcastReceiver: action android.telephony.action.CARRIER_CONFIG_CHANGED
09-12 15:33:47.529  2237  2237 I CSST    : reading time to delay notification: -1
09-12 15:33:47.532  2237  2237 D GsmCdmaPhone: mBroadcastReceiver: action android.telephony.action.CARRIER_CONFIG_CHANGED
09-12 15:33:47.545  2237  2237 I CSST    : reading time to delay notification: -1
09-12 15:33:47.547  2237  2237 D SubscriptionController: [getSubId]- numSubIds == 0, return DummySubIds slotIdx=1
09-12 15:33:47.549  2237  2237 D QtiSubscriptionController: getPhoneId, received dummy subId 2147483644
09-12 15:33:47.550  2237  2237 D QtiGsmCdmaPhone: handleMessage: Event: 43
09-12 15:33:47.551  2237  2237 D RILJ    : [3865]> RIL_REQUEST_VOICE_RADIO_TECH [SUB1]
09-12 15:33:47.558  2237  2303 D RILJ    : [3865]< RIL_REQUEST_VOICE_RADIO_TECH {3} [SUB1]
09-12 15:33:47.568  2237  2237 D ImsManager: updateVolteFeatureValue: available = true, enabled = true, nonTTY = true
09-12 15:33:47.571  2237  2237 D ImsConfig: ImsConfig creates
09-12 15:33:47.571  2237  2237 D ImsManager: getConfigInterface(), mConfig= com.android.ims.ImsConfig@a4bc0c
09-12 15:33:47.571  2237  2237 D ImsConfig: setFeatureValue: feature = 0, network =13, value =1, listener =null
09-12 15:33:47.578   811  1013 I RILQ    : (0/811):RIL[0][event] qcril_qmi_imss_set_qipcall_config_resp_hdlr: ril_err: 0, qmi res: 0
09-12 15:33:47.658  2237  2237 D ImsManager: getWfcMode - setting=2
09-12 15:33:47.665  2237  2237 D ImsManager: updateWfcFeatureAndProvisionedValues: available = true, enabled = false, mode = 2, roaming = false
09-12 15:33:47.665  2237  2237 D ImsManager: getConfigInterface(), mConfig= com.android.ims.ImsConfig@a4bc0c
09-12 15:33:47.665  2237  2237 D ImsConfig: setFeatureValue: feature = 2, network =18, value =0, listener =null
09-12 15:33:47.666  2237  2369 D SubscriptionController: [getSubId]- numSubIds == 0, return DummySubIds slotIdx=1
09-12 15:33:47.677  2237  3583 D ImsManager: getConfigInterface(), mConfig= com.android.ims.ImsConfig@6e42fc
09-12 15:33:47.677  2237  3583 D ImsConfig: setProvisionedValue(): item = 27value = 1
09-12 15:33:47.681   811  1013 I RILQ    : (0/811):RIL[0][event] qcril_qmi_imss_set_client_provisioning_config_resp_hdlr: ril_err: 0, qmi res: 0
09-12 15:33:47.684  2237  2237 D ImsManager: updateVideoCallFeatureValue: available = true, enabled = true, nonTTY = true, data enabled = true
09-12 15:33:47.684  2237  2237 D ImsManager: getConfigInterface(), mConfig= com.android.ims.ImsConfig@a4bc0c
09-12 15:33:47.684  2237  2237 D ImsConfig: setFeatureValue: feature = 1, network =13, value =1, listener =null
09-12 15:33:47.685  2237  3584 D ImsManager: getConfigInterface(), mConfig= com.android.ims.ImsConfig@6e42fc
09-12 15:33:47.686  2237  3584 D ImsConfig: setProvisionedValue(): item = 26value = 0
09-12 15:33:47.689  2237  2237 D ImsManager: updateImsServiceConfig: turnOnIms
09-12 15:33:47.689  2237  3584 D ImsConfig: setProvisionedValue(): item = 26 value = 0 ret = 1
09-12 15:33:47.692  2237  2237 D SubscriptionController: [getSubId]- numSubIds == 0, return DummySubIds slotIdx=1
09-12 15:33:47.696  2237  2237 D QtiSubscriptionController: getPhoneId, received dummy subId 2147483644
09-12 15:33:47.696  2237  2237 D GsmCdmaPhone: [GsmCdmaPhone] broadcastEmergencyCallStateChanges = false
09-12 15:33:47.696  2237  2237 E GsmCdmaPhone: [GsmCdmaPhone] Invalid cdma_roaming_mode settings: -1
09-12 15:33:47.696  2237  2237 D EriManager: loadEriFileFromXml: check for alternate file
09-12 15:33:47.698  2237  2237 D EriManager: loadEriFileFromXml: no alternate file
09-12 15:33:47.698  2237  2237 D SubscriptionController: [getSubId]- numSubIds == 0, return DummySubIds slotIdx=1
09-12 15:33:47.699  2237  2237 D QtiSubscriptionController: getPhoneId, received dummy subId 2147483644
09-12 15:33:47.699  2237  2237 D EriManager: eriFile = eri.xml
09-12 15:33:47.704  2237  2237 D EriManager: loadEriFileFromXml: eri parsing successful, file loaded. ver = 1357, # of entries = 176
09-12 15:33:47.705  2237  2237 D GsmCdmaPhone: [GsmCdmaPhone] ERI read, notify registrants
09-12 15:33:47.708  2237  3583 D ImsConfig: setProvisionedValue(): item = 27 value = 1 ret = 0
09-12 15:33:47.708   811  1013 I RILQ    : (0/811):RIL[0][event] qcril_qmi_imss_set_qipcall_config_resp_hdlr: ril_err: 0, qmi res: 0
09-12 15:33:47.710   811  1013 I RILQ    : (0/811):RIL[0][event] qcril_qmi_imss_set_reg_mgr_config_resp_hdlr: ril_err: 0, qmi res: 0
09-12 15:33:47.727  2237  2369 D SubscriptionController: [getSubId]- numSubIds == 0, return DummySubIds slotIdx=1
09-12 15:33:47.730  2237  2237 D SIMRecords: [SIMRecords] getServiceProviderName: no brandOverride, providerName=China Mobile
09-12 15:33:47.730  2237  2237 D TelephonyManager: setTelephonyProperty: success phoneId=0 property=gsm.sim.operator.alpha value: China Mobile propVal=China Mobile
09-12 15:33:47.754  2237  2237 D SubscriptionController: [getActiveSubscriptionInfo]+ subId=3 subInfo={id=3, iccId=898600760917 simSlotIndex=0 displayName=China Mobile carrierName=CMCC nameSource=0 iconTint=-16746133 dataRoaming=0 iconBitmap=android.graphics.Bitmap@c8480a4 mcc 460 mnc 0}
09-12 15:33:47.758  2237  2237 D QtiGsmCdmaPhone: handleMessage: Event: 40
09-12 15:33:47.758  2237  2237 D GsmCdmaPhone: [GsmCdmaPhone] EVENT_REQUEST_VOICE_RADIO_TECH_DONE: newVoiceTech=3
09-12 15:33:47.758  2237  2237 D GsmCdmaPhone: [GsmCdmaPhone] phoneObjectUpdater: newVoiceRadioTech=3
09-12 15:33:47.758  2237  2237 D GsmCdmaPhone: [GsmCdmaPhone] phoneObjectUpdater: No change ignore, newVoiceRadioTech=3 mActivePhone=GSM
09-12 15:33:47.802  2237  2237 D QtiGsmDCT: [0]screen on
09-12 15:33:47.802  2237  2237 D QtiGsmDCT: [0]stopNetStatPoll
09-12 15:33:47.804  2237  2237 D QtiGsmDCT: [0]startNetStatPoll
09-12 15:33:47.835  2237  2237 D QtiGsmDCT: [1]screen on
09-12 15:33:47.835  2237  2237 D QtiGsmDCT: [1]stopNetStatPoll
09-12 15:33:47.835  2237  2237 D SubscriptionController: [getSubId]- numSubIds == 0, return DummySubIds slotIdx=1
09-12 15:33:47.841  2237  2237 D QtiSubscriptionController: getPhoneId, received dummy subId 2147483644
09-12 15:33:47.842  2237  2237 D SubscriptionController: [getSubId]- numSubIds == 0, return DummySubIds slotIdx=1
09-12 15:33:47.843  2237  2237 D QtiSubscriptionController: getPhoneId, received dummy subId 2147483644
09-12 15:33:47.988  2237  2237 D QtiGsmDCT: [0]screen off
09-12 15:33:47.988  2237  2237 D QtiGsmDCT: [0]stopNetStatPoll
09-12 15:33:47.990  2237  2237 D QtiGsmDCT: [0]startNetStatPoll
09-12 15:33:48.015  2237  2237 D QtiGsmDCT: [1]screen off
