09-12 15:33:37.536  2237  2237 D QtiSubscriptionController: getPhoneId, received dummy subId 2147483643
09-12 15:33:37.539  2237  2237 D QtiSubscriptionController: getPhoneId, received dummy subId 2147483643
09-12 15:33:37.540  2237  2237 D QtiSubscriptionController: getPhoneId, received dummy subId 2147483643
09-12 15:33:37.547  2237  2237 D QtiSubscriptionController: getPhoneId, received dummy subId 2147483643
09-12 15:33:37.641  2237  2595 D QtiSubscriptionController: getPhoneId, received dummy subId 2147483643
09-12 15:33:37.645  2237  2250 D SubscriptionController: [getActiveSubInfoList] Sub Controller not ready
09-12 15:33:37.656  2237  2369 D QtiSubscriptionController: getPhoneId, received dummy subId 2147483643
09-12 15:33:37.876  2237  2237 D SubscriptionController: [getPhoneId]- no sims, returning default phoneId=0
09-12 15:33:37.877  2237  2595 D SubscriptionController: [getActiveSubInfoList] Sub Controller not ready
09-12 15:33:37.880  2237  2250 D SubscriptionController: [getActiveSubInfoList] Sub Controller not ready
09-12 15:33:37.906  2237  2237 D QtiGsmDCT: [0]SubscriptionListener.onSubscriptionInfoChanged
09-12 15:33:37.907  2237  2237 D SST     : SubscriptionListener.onSubscriptionInfoChanged
09-12 15:33:37.907  2237  2237 D SST     : SubscriptionListener.onSubscriptionInfoChanged
09-12 15:33:37.907  2237  2237 D QtiGsmDCT: [1]SubscriptionListener.onSubscriptionInfoChanged
09-12 15:33:37.908  2237  2237 D PhoneSwitcher: handle event - 102
09-12 15:33:37.920  2237  2237 D SubscriptionController: [getActiveSubInfoList] Sub Controller not ready
09-12 15:33:37.925  2237  2237 D SubscriptionController: [getActiveSubInfoList] Sub Controller not ready
09-12 15:33:37.947  2237  2237 D QtiSubscriptionController: getPhoneId, received dummy subId 2147483643
09-12 15:33:37.950  2237  2237 D QtiSubscriptionController: getPhoneId, received dummy subId 2147483643
09-12 15:33:37.960  2237  2237 D SubscriptionController: [getActiveSubInfoList] Sub Controller not ready
09-12 15:33:37.960  2237  2237 D SubscriptionController: [getActiveSubInfoForSubscriber]- subId=2147483643 subList=null subInfo=null
09-12 15:33:37.962  2237  2237 D QtiSubscriptionController: getPhoneId, received dummy subId 2147483643
09-12 15:33:37.964  2237  2237 D QtiSubscriptionController: getPhoneId, received dummy subId 2147483643
09-12 15:33:37.966  2237  2237 D QtiSubscriptionController: getPhoneId, received dummy subId 2147483643
09-12 15:33:37.968  2237  2237 D QtiSubscriptionController: getPhoneId, received dummy subId 2147483643
09-12 15:33:37.970  2237  2237 D QtiSubscriptionController: getPhoneId, received dummy subId 2147483643
09-12 15:33:37.972  2237  2237 D QtiSubscriptionController: getPhoneId, received dummy subId 2147483643
09-12 15:33:38.003  2237  2369 D SubscriptionController: [getActiveSubInfoList] Sub Controller not ready
09-12 15:33:38.007  2237  2370 D SubscriptionController: [getActiveSubInfoList] Sub Controller not ready
09-12 15:33:38.019  2237  2237 D PhoneSwitcher: handle event - 110
09-12 15:33:38.020  2237  2237 D SST     : EVENT_POLL_STATE_NETWORK_SELECTION_MODE
09-12 15:33:38.020  2237  2237 D RILJ    : [3799]> OPERATOR [SUB0]
09-12 15:33:38.026  2237  2237 D RILJ    : [3800]> DATA_REGISTRATION_STATE [SUB0]
09-12 15:33:38.029  2237  2237 D RILJ    : [3801]> VOICE_REGISTRATION_STATE [SUB0]
09-12 15:33:38.032  2237  2237 D RILJ    : [3802]> QUERY_NETWORK_SELECTION_MODE [SUB0]
09-12 15:33:38.034  2237  2237 D QtiRadioCapabilityController: handleRadioCapsAvailable... 
09-12 15:33:38.034  2237  2237 D QtiRadioCapabilityController: updateStackBindingIfRequired
09-12 15:33:38.035  2237  2237 D QtiRadioCapabilityController: provisionStatus[0] : 1
09-12 15:33:38.035  2237  2237 E QtiRadioCapabilityController: Error: subId not generated yet 0
09-12 15:33:38.035  2237  2237 D QtiRadioCapabilityController: notifyRadioCapsUpdated: radio caps updated false
09-12 15:33:38.040  2237  2299 D RILJ    : [3799]< OPERATOR {CMCC, CMCC, 46000} [SUB0]
09-12 15:33:38.044  2237  2299 D RILJ    : [3801]< VOICE_REGISTRATION_STATE {1, 18c2, 01906505, 14, null, null, null, 0, null, null, 1, null, null, 0, null} [SUB0]
09-12 15:33:38.045  2237  2299 D RILJ    : [3802]< QUERY_NETWORK_SELECTION_MODE {0} [SUB0]
09-12 15:33:38.046  2237  2299 D RILJ    : [3800]< DATA_REGISTRATION_STATE {1, null, 01906505, 14, null, 20, 6338, 9, 26240261, null, null} [SUB0]
09-12 15:33:38.206  2237  2237 D SST     : EVENT_POLL_STATE_NETWORK_SELECTION_MODE
09-12 15:33:38.206  2237  2237 D GsmCdmaCallTracker: Event EVENT_POLL_CALLS_RESULT Received
09-12 15:33:38.207  2237  2237 D GsmCdmaCallTracker: [GsmCdmaCallTracker] update phone state, old=IDLE new=IDLE
09-12 15:33:38.207  2237  2237 D CdmaSSM : CDMA_SUBSCRIPTION_SOURCE event = 2
09-12 15:33:38.207  2237  2237 W CdmaSSM : Unable to get CDMA Subscription Source, Exception: com.android.internal.telephony.CommandException: REQUEST_NOT_SUPPORTED, result: null
09-12 15:33:38.207  2237  2237 D RIL_ImsSms: IMS is NOT registered!
09-12 15:33:38.207  2237  2237 D QtiGsmCdmaPhone: handleMessage: Event: 40
09-12 15:33:38.207  2237  2237 D GsmCdmaPhone: [GsmCdmaPhone] EVENT_REQUEST_VOICE_RADIO_TECH_DONE: newVoiceTech=3
09-12 15:33:38.207  2237  2237 D GsmCdmaPhone: [GsmCdmaPhone] phoneObjectUpdater: newVoiceRadioTech=3
09-12 15:33:38.208  2237  2237 D GsmCdmaPhone: [GsmCdmaPhone] phoneObjectUpdater: No change ignore, newVoiceRadioTech=3 mActivePhone=GSM
09-12 15:33:38.208  2237  2237 D SST     : handlPollStateResultMessage: GsmSST setDataRegState=1 regState=2 dataRadioTechnology=0
09-12 15:33:38.208  2237  2237 D SST     : EVENT_POLL_STATE_NETWORK_SELECTION_MODE
09-12 15:33:38.211  2237  2237 D QtiSubscriptionController: getPhoneId, received dummy subId 2147483644
09-12 15:33:38.211  2237  2237 D SST     : Poll ServiceState done:  oldSS=[1 1 voice home data home null null null null null null  Unknown Unknown CSS not supported 0 0 RoamInd=0 DefRoamInd=0 EmergOnly=false IsDataRoamingFromRegistration=false IsUsingCarrierAggregation=false mRilImsRadioTechnology=0] newSS=[1 1 voice home data home null null null null null null  Unknown Unknown CSS not supported -1 -1 RoamInd=-1 DefRoamInd=-1 EmergOnly=false IsDataRoamingFromRegistration=false IsUsingCarrierAggregation=false mRilImsRadioTechnology=0] oldMaxDataCalls=1 mNewMaxDataCalls=20 oldReasonDataDenied=-1 mNewReasonDataDenied=-1
09-12 15:33:38.211  2237  2237 D SST     : updateSpnDisplay: radio is on but out of service, set plmn='No service'
09-12 15:33:38.212  2237  2237 D SST     : updateSpnDisplay: changed sending intent rule=0 showPlmn='true' plmn='No service' showSpn='false' spn='' dataSpn='' subId='2147483644'
09-12 15:33:38.229  2237  2237 D SubscriptionController: [setCarrierText]+ text:No service subId:2147483644
09-12 15:33:38.244  2237  2595 D SubscriptionController: [getActiveSubInfoList] Sub Controller not ready
09-12 15:33:38.246  2237  2237 D SubscriptionController: notifySubscriptionInfoChanged:
09-12 15:33:38.253  2237  2249 D SubscriptionController: [getActiveSubInfoList] Sub Controller not ready
09-12 15:33:38.259  2237  2237 D SubscriptionController: [setCarrierText]+ text:No service subId:2147483644
09-12 15:33:38.263  2237  2249 D QtiSubscriptionController: getPhoneId, received dummy subId 2147483643
09-12 15:33:38.264  2237  2595 D SubscriptionController: [getActiveSubInfoList] Sub Controller not ready
09-12 15:33:38.267  2237  2237 D SubscriptionController: notifySubscriptionInfoChanged:
09-12 15:33:38.272  2237  2320 D SubscriptionController: [getActiveSubInfoList] Sub Controller not ready
09-12 15:33:38.274  2237  2320 D SubscriptionController: [getActiveSubInfoList] Sub Controller not ready
09-12 15:33:38.275  2237  2369 D SubscriptionController: [getPhoneId]- no sims, returning default phoneId=0
09-12 15:33:38.280  2237  2237 D TelephonyManager: setTelephonyProperty: success phoneId=1 property=gsm.operator.alpha value:  propVal=,
09-12 15:33:38.281  2237  2237 D TelephonyManager: setTelephonyProperty: success phoneId=1 property=gsm.operator.numeric value:  propVal=,
09-12 15:33:38.282  2237  2237 D SST     : operatorNumeric is null
09-12 15:33:38.282  2237  2237 D TelephonyManager: setTelephonyProperty: success phoneId=1 property=gsm.operator.iso-country value:  propVal=,
09-12 15:33:38.283  2237  2237 D TelephonyManager: setTelephonyProperty: success phoneId=1 property=gsm.operator.isroaming value: false propVal=false,false
09-12 15:33:38.284  2237  2237 D SST     : Broadcasting ServiceState : 1 1 voice home data home null null null null null null  Unknown Unknown CSS not supported -1 -1 RoamInd=-1 DefRoamInd=-1 EmergOnly=false IsDataRoamingFromRegistration=false IsUsingCarrierAggregation=false mRilImsRadioTechnology=0
09-12 15:33:38.284  2237  2237 D DefaultPhoneNotifier: nofityServiceState: mRegistry=com.android.internal.telephony.ITelephonyRegistry$Stub$Proxy@d13469c ss=1 1 voice home data home null null null null null null  Unknown Unknown CSS not supported -1 -1 RoamInd=-1 DefRoamInd=-1 EmergOnly=false IsDataRoamingFromRegistration=false IsUsingCarrierAggregation=false mRilImsRadioTechnology=0 sender=Handler (com.qualcomm.qti.internal.telephony.QtiGsmCdmaPhone) {37d559d} phondId=1 subId=2147483644
09-12 15:33:38.315  2237  2320 D QtiSubscriptionController: getPhoneId, received dummy subId 2147483643
09-12 15:33:38.323  2237  2237 D QtiSubscriptionController: getPhoneId, received dummy subId 2147483643
09-12 15:33:38.325  2237  2595 D SubscriptionController: [getActiveSubInfoList] Sub Controller not ready
09-12 15:33:38.328  2237  2369 D SubscriptionController: [getActiveSubInfoList] Sub Controller not ready
09-12 15:33:38.329  2237  2595 D QtiSubscriptionController: getPhoneId, received dummy subId 2147483643
09-12 15:33:38.342  2237  2250 D SubscriptionController: [getPhoneId] asked for default subId=2147483643
09-12 15:33:38.342  2237  2250 D QtiSubscriptionController: getPhoneId, received dummy subId 2147483643
09-12 15:33:38.363  2237  2249 D QtiSubscriptionController: getPhoneId, received dummy subId 2147483643
09-12 15:33:38.375  2237  2369 D SubscriptionController: [getPhoneId]- no sims, returning default phoneId=0
09-12 15:33:38.395  2237  2250 D QtiSubscriptionController: getPhoneId, received dummy subId 2147483643
09-12 15:33:38.398  2237  3043 D QtiSubscriptionController: getPhoneId, received dummy subId 2147483643
09-12 15:33:38.398  2237  2237 D GsmCdmaCallTracker: Event EVENT_POLL_CALLS_RESULT Received
09-12 15:33:38.398  2237  2237 D GsmCdmaCallTracker: [GsmCdmaCallTracker] update phone state, old=IDLE new=IDLE
09-12 15:33:38.398  2237  2237 D RIL_ImsSms: IMS is NOT registered!
09-12 15:33:38.398  2237  2237 D QtiGsmCdmaPhone: handleMessage: Event: 40
09-12 15:33:38.399  2237  2237 D GsmCdmaPhone: [GsmCdmaPhone] EVENT_REQUEST_VOICE_RADIO_TECH_DONE: newVoiceTech=3
09-12 15:33:38.399  2237  2237 D GsmCdmaPhone: [GsmCdmaPhone] phoneObjectUpdater: newVoiceRadioTech=3
09-12 15:33:38.399  2237  2237 D GsmCdmaPhone: [GsmCdmaPhone] phoneObjectUpdater: No change ignore, newVoiceRadioTech=3 mActivePhone=GSM
09-12 15:33:38.399  2237  2237 D PhoneSwitcher: handle event - 110
09-12 15:33:38.400  2237  2237 D PhoneSwitcher: handle event - 110
09-12 15:33:38.401  2237  2237 D QtiSubscriptionInfoUpdater:  handleMessage: EVENT:  100
09-12 15:33:38.401  2237  2237 D SubscriptionInfoUpdater: Wait for SIM2 IccId
09-12 15:33:38.415  2237  2237 D WAP PUSH: Received broadcast android.intent.action.USER_UNLOCKED
09-12 15:33:38.416  2237  2237 D WAP PUSH: Received broadcast android.intent.action.USER_UNLOCKED
09-12 15:33:38.417  2237  2237 D SmsBroadcastUndelivered: Received broadcast android.intent.action.USER_UNLOCKED
09-12 15:33:38.418  2237  2237 D WAP PUSH: Received broadcast android.intent.action.USER_UNLOCKED
09-12 15:33:38.422  2237  2237 D WAP PUSH: Received broadcast android.intent.action.USER_UNLOCKED
09-12 15:33:38.425  2237  3053 D SmsBroadcastUndelivered: scanning raw table for undelivered messages
09-12 15:33:38.426  2237  2237 D SubscriptionInfoUpdater: [Receiver]+
09-12 15:33:38.426  2237  2237 D SubscriptionInfoUpdater: Action: android.intent.action.USER_UNLOCKED
09-12 15:33:38.427  2237  2237 D SubscriptionInfoUpdater: Broadcasting intent ACTION_SIM_STATE_CHANGED for mCardIndex: 1
09-12 15:33:38.438  2237  2237 D SubscriptionInfoUpdater: [Receiver]-
09-12 15:33:38.458  2237  2237 D SubscriptionManager: [getActiveSubscriptionInfoForSimSlotIndex]- invalid slotIdx
09-12 15:33:38.502  2237  2369 D SubscriptionController: [getActiveSubInfoList] Sub Controller not ready
09-12 15:33:38.504  2237  2250 D SubscriptionController: [getPhoneId]- no sims, returning default phoneId=0
09-12 15:33:38.505  2237  3043 D SubscriptionController: [getPhoneId]- no sims, returning default phoneId=0
09-12 15:33:38.512  2237  2369 D QtiSubscriptionController: getPhoneId, received dummy subId 2147483643
09-12 15:33:38.533  2237  2250 D QtiSubscriptionController: getPhoneId, received dummy subId 2147483643
09-12 15:33:38.550  2237  3053 D SmsBroadcastUndelivered: finished scanning raw table in 124 ms
09-12 15:33:38.580  2237  3043 D SubscriptionController: [getPhoneId]- no sims, returning default phoneId=0
09-12 15:33:38.581  2237  3043 D RILJ    : [3803]> RIL_REQUEST_GET_CELL_INFO_LIST [SUB0]
09-12 15:33:38.596  2237  2299 D RILJ    : [3803]< RIL_REQUEST_GET_CELL_INFO_LIST [CellInfoLte:{mRegistered=YES mTimeStampType=oem_ril mTimeStamp=55198615028ns CellIdentityLte:{ mMcc=460 mMnc=0 mCi=26240261 mPci=9 mTac=6338 mEarfcn=40738} CellSignalStrengthLte: ss=21 rsrp=-103 rsrq=-12 rssnr=2147483647 cqi=2147483647 ta=22}, CellInfoLte:{mRegistered=NO mTimeStampType=oem_ril mTimeStamp=55198615028ns CellIdentityLte:{ mMcc=2147483647 mMnc=2147483647 mCi=2147483647 mPci=29 mTac=2147483647 mEarfcn=40738} CellSignalStrengthLte: ss=16 rsrp=-110 rsrq=-18 rssnr=2147483647 cqi=2147483647 ta=2147483647}] [SUB0]
09-12 15:33:38.651  2237  2237 D Phone   : mImsIntentReceiver: action com.android.ims.IMS_SERVICE_DOWN
09-12 15:33:38.652  2237  2237 D Phone   : mImsIntentReceiver: extraPhoneId = 1
09-12 15:33:38.652  2237  2237 D Phone   : mImsIntentReceiver: action com.android.ims.IMS_SERVICE_DOWN
09-12 15:33:38.652  2237  2237 D Phone   : mImsIntentReceiver: extraPhoneId = 1
09-12 15:33:38.652  2237  2237 D Phone   : updateImsPhone mImsServiceReady=false
09-12 15:33:38.652  2237  2237 D Phone   : mImsIntentReceiver: action com.android.ims.IMS_SERVICE_UP
09-12 15:33:38.652  2237  2237 D Phone   : mImsIntentReceiver: extraPhoneId = 0
09-12 15:33:38.652  2237  2237 D Phone   : updateImsPhone mImsServiceReady=true
09-12 15:33:38.671  2237  2237 D TelephonyTester: register for intent action=com.android.internal.telephony.imsphone.action_detached
09-12 15:33:38.671  2237  2237 D TelephonyTester: register for intent action=com.android.internal.telephony.imsphone.action_attached
09-12 15:33:38.671  2237  2237 D TelephonyTester: register for intent action=com.android.internal.telephony.TestConferenceEventPackage
09-12 15:33:38.689  2237  2237 D Phone   : mDoesRilSendMultipleCallRing=false
09-12 15:33:38.690  2237  2237 D Phone   : mCallRingDelay=3000
09-12 15:33:38.693  2237  2237 D QtiTelephonyComponentFactory: makeImsPhoneCallTracker
09-12 15:33:38.693  2237  2237 D TelephonyComponentFactory: makeImsPhoneCallTracker
09-12 15:33:38.723  2237  2237 D QtiSubscriptionController: getPhoneId, received dummy subId 2147483643
09-12 15:33:38.723  2237  2237 D ImsPhoneCallTracker: [ImsPhoneCallTracker] No carrier ImsReasonInfo mappings defined.
09-12 15:33:38.723  2237  2237 D SST     : notifyDataRegStateRilRadioTechnologyChanged: drs=1 rat=0
09-12 15:33:38.724  2237  2237 D TelephonyManager: setTelephonyProperty: success phoneId=0 property=gsm.network.type value: Unknown propVal=Unknown,Unknown
09-12 15:33:38.725  2237  2237 D ImsPhone: updateDataServiceState: defSs = 1 1 voice home data home null null null null null null  Unknown Unknown CSS not supported -1 -1 RoamInd=-1 DefRoamInd=-1 EmergOnly=false IsDataRoamingFromRegistration=false IsUsingCarrierAggregation=false mRilImsRadioTechnology=0 imsSs = 3 1 voice home data home null null null null null null  Unknown Unknown CSS not supported -1 -1 RoamInd=-1 DefRoamInd=-1 EmergOnly=false IsDataRoamingFromRegistration=false IsUsingCarrierAggregation=false mRilImsRadioTechnology=0
09-12 15:33:38.725  2237  2237 D CallManager: registerPhone(ImsPhone Handler (com.android.internal.telephony.imsphone.ImsPhone) {8f50cce})
09-12 15:33:38.727  2237  2237 D QtiSubscriptionController: getPhoneId, received dummy subId 2147483643
09-12 15:33:38.735  2237  2237 D ImsManager: updateVolteFeatureValue: available = true, enabled = true, nonTTY = true
09-12 15:33:38.737  2237  2237 D ImsConfig: ImsConfig creates
09-12 15:33:38.738  2237  2237 D ImsManager: getConfigInterface(), mConfig= com.android.ims.ImsConfig@6e42fc
09-12 15:33:38.738  2237  2237 D ImsConfig: setFeatureValue: feature = 0, network =13, value =1, listener =null
09-12 15:33:38.749  2237  2237 D SubscriptionController: [getActiveSubInfoList] Sub Controller not ready
09-12 15:33:38.749  2237  2237 E ImsManager: displayWfcMode: Invalid SubscriptionInfo
09-12 15:33:38.749   811  1013 I RILQ    : (0/811):RIL[0][event] qcril_qmi_imss_set_qipcall_config_resp_hdlr: ril_err: 0, qmi res: 0
09-12 15:33:38.754  2237  2237 D QtiSubscriptionController: getPhoneId, received dummy subId 2147483643
09-12 15:33:38.755  2237  2237 D ImsManager: getWfcMode - setting=2
09-12 15:33:38.757  2237  2237 D ImsManager: updateWfcFeatureAndProvisionedValues: available = true, enabled = false, mode = 2, roaming = false
09-12 15:33:38.757  2237  2237 D ImsManager: getConfigInterface(), mConfig= com.android.ims.ImsConfig@6e42fc
09-12 15:33:38.757  2237  2237 D ImsConfig: setFeatureValue: feature = 2, network =18, value =0, listener =null
09-12 15:33:38.763  2237  2237 D SubscriptionController: [getPhoneId]- no sims, returning default phoneId=0
09-12 15:33:38.765  2237  3078 D ImsManager: getConfigInterface(), mConfig= com.android.ims.ImsConfig@6e42fc
09-12 15:33:38.766  2237  3078 D ImsConfig: setProvisionedValue(): item = 27value = 1
09-12 15:33:38.766  2237  2237 D SubscriptionController: [getPhoneId]- no sims, returning default phoneId=0
09-12 15:33:38.769   811  1013 I RILQ    : (0/811):RIL[0][event] qcril_qmi_imss_set_client_provisioning_config_resp_hdlr: ril_err: 0, qmi res: 0
09-12 15:33:38.770  2237  2237 D ImsManager: updateVideoCallFeatureValue: available = true, enabled = true, nonTTY = true, data enabled = true
09-12 15:33:38.770  2237  2237 D ImsManager: getConfigInterface(), mConfig= com.android.ims.ImsConfig@6e42fc
09-12 15:33:38.770  2237  2237 D ImsConfig: setFeatureValue: feature = 1, network =13, value =1, listener =null
09-12 15:33:38.770  2237  3080 D ImsManager: getConfigInterface(), mConfig= com.android.ims.ImsConfig@6e42fc
09-12 15:33:38.771  2237  3080 D ImsConfig: setProvisionedValue(): item = 26value = 0
09-12 15:33:38.772  2237  2237 D ImsManager: updateImsServiceConfig: turnOnIms
09-12 15:33:38.772  2237  3080 D ImsConfig: setProvisionedValue(): item = 26 value = 0 ret = 1
09-12 15:33:38.775  2237  2237 D Phone   : mImsIntentReceiver: action com.android.ims.IMS_SERVICE_UP
09-12 15:33:38.775  2237  2237 D Phone   : mImsIntentReceiver: extraPhoneId = 0
09-12 15:33:38.780  2237  2237 D QtiGsmCdmaPhone: handleMessage: Event: 29
09-12 15:33:38.780  2237  2237 D QtiGsmCdmaPhone: handleMessage: Event: 29
09-12 15:33:38.780  2237  2237 D QtiGsmCdmaPhone: ProvisionStatus: 1 phone id:0
09-12 15:33:38.782  2237  2237 D QtiSubscriptionController: getPhoneId, received dummy subId 2147483643
09-12 15:33:38.783  2237  2237 E IccCardProxy: setExternalState: !override and newstate unchanged from READY
09-12 15:33:38.783  2237  2237 D RILJ    : [3804]> OPERATOR [SUB0]
09-12 15:33:38.783   811  1013 I RILQ    : (0/811):RIL[0][event] qcril_qmi_imss_set_qipcall_config_resp_hdlr: ril_err: 0, qmi res: 0
09-12 15:33:38.786  2237  3078 D ImsConfig: setProvisionedValue(): item = 27 value = 1 ret = 0
09-12 15:33:38.787  2237  2237 D RILJ    : [3805]> DATA_REGISTRATION_STATE [SUB0]
09-12 15:33:38.789  2237  2237 D RILJ    : [3806]> VOICE_REGISTRATION_STATE [SUB0]
09-12 15:33:38.791  2237  2237 D RILJ    : [3807]> QUERY_NETWORK_SELECTION_MODE [SUB0]
09-12 15:33:38.793  2237  2237 E IccCardProxy: setExternalState: !override and newstate unchanged from ABSENT
09-12 15:33:38.793  2237  2237 D SubscriptionInfoUpdater: [Receiver]+
09-12 15:33:38.793  2237  2237 D SubscriptionInfoUpdater: Action: android.intent.action.SIM_STATE_CHANGED
09-12 15:33:38.793  2237  2237 D SubscriptionInfoUpdater: slotId: 0
09-12 15:33:38.793  2237  2237 D SubscriptionInfoUpdater: simStatus: READY
09-12 15:33:38.793  2237  2237 D SubscriptionInfoUpdater: Ignoring simStatus: READY
09-12 15:33:38.793  2237  2237 D SubscriptionInfoUpdater: [Receiver]-
09-12 15:33:38.793  2237  2237 D PhoneSwitcher: mSimStateIntentReceiver: phoneId = 0 value = READY
09-12 15:33:38.794  2237  2299 D RILJ    : [3804]< OPERATOR {CMCC, CMCC, 46000} [SUB0]
09-12 15:33:38.794  2237  2237 D PhoneSwitcher: SIM READY for phoneId: 0
09-12 15:33:38.796  2237  2237 D SimPhoneBookAdnRecordCache: ACTION_SIM_STATE_CHANGED intent received simStatus: ABSENTphoneId: 1
09-12 15:33:38.796  2237  2237 D SimPhoneBookAdnRecordCache: invalidateAdnCache
09-12 15:33:38.796  2237  2237 D SubscriptionInfoUpdater: [Receiver]+
09-12 15:33:38.796  2237  2237 D SubscriptionInfoUpdater: Action: android.intent.action.SIM_STATE_CHANGED
09-12 15:33:38.796  2237  2299 D RILJ    : [3805]< DATA_REGISTRATION_STATE {1, null, 01906505, 14, null, 20, 6338, 9, 26240261, null, null} [SUB0]
09-12 15:33:38.796  2237  2237 D SubscriptionInfoUpdater: slotId: 1
09-12 15:33:38.796  2237  2237 D SubscriptionInfoUpdater: simStatus: ABSENT
09-12 15:33:38.796  2237  2237 D SubscriptionInfoUpdater: [Receiver]-
09-12 15:33:38.797  2237  2237 D PhoneSwitcher: mSimStateIntentReceiver: phoneId = 1 value = ABSENT
09-12 15:33:38.798  2237  2299 D RILJ    : [3806]< VOICE_REGISTRATION_STATE {1, 18c2, 01906505, 14, null, null, null, 0, null, null, 1, null, null, 0, null} [SUB0]
09-12 15:33:38.798  2237  2237 D SIMRecords: [SIMRecords] IMSI: mMncLength=-1
09-12 15:33:38.799   811  1013 I RILQ    : (0/811):RIL[0][event] qcril_qmi_imss_set_reg_mgr_config_resp_hdlr: ril_err: 0, qmi res: 0
09-12 15:33:38.800  2237  2299 D RILJ    : [3807]< QUERY_NETWORK_SELECTION_MODE {0} [SUB0]
09-12 15:33:38.801  2237  2237 D SIMRecords: [SIMRecords] IMSI: 460001[9nt8Hcn4zzWmJXlf0wiZpA9b6To]
09-12 15:33:38.801  2237  2237 D SIMRecords: [SIMRecords] onRecordLoaded 19 requested: true
09-12 15:33:38.801  2237  2237 D RILJ    : [3808]> iccIO: SIM_IO 0xb0 0x2fe2  path: 3F00,0,0,10 aid: a0000000871002ff86ffff89ffffffff [SUB0]
09-12 15:33:38.804  2237  2237 D RILJ    : [3809]> iccIO: SIM_IO 0xb2 0x6f40  path: 3F007FFF,1,4,28 aid: a0000000871002ff86ffff89ffffffff [SUB0]
09-12 15:33:38.806  2237  2237 D RILJ    : [3810]> iccIO: SIM_IO 0xb0 0x6fad  path: 3F007FFF,0,0,4 aid: a0000000871002ff86ffff89ffffffff [SUB0]
09-12 15:33:38.808  2237  2237 D RILJ    : [3811]> iccIO: SIM_IO 0xb0 0x6f3e  path: 3F007FFF,0,0,4 aid: a0000000871002ff86ffff89ffffffff [SUB0]
09-12 15:33:38.808  2237  2299 D RILJ    : [3808]< SIM_IO IccIoResult sw1:0x90 sw2:0x0 [SUB0]
09-12 15:33:38.813  2237  2237 D RILJ    : [3812]> iccIO: SIM_IO 0xb0 0x6f46  path: 3F007FFF,0,0,17 aid: a0000000871002ff86ffff89ffffffff [SUB0]
09-12 15:33:38.814  2237  2299 D RILJ    : [3810]< SIM_IO IccIoResult sw1:0x90 sw2:0x0 [SUB0]
09-12 15:33:38.815  2237  2237 D RILJ    : [3813]> iccIO: SIM_IO 0xb0 0x6f38  path: 3F007FFF,0,0,11 aid: a0000000871002ff86ffff89ffffffff [SUB0]
09-12 15:33:38.818  2237  2237 D RILJ    : [3814]> iccIO: SIM_IO 0xb0 0x6f3f  path: 3F007FFF,0,0,4 aid: a0000000871002ff86ffff89ffffffff [SUB0]
09-12 15:33:38.818  2237  2299 D RILJ    : [3812]< SIM_IO IccIoResult sw1:0x90 sw2:0x0 [SUB0]
09-12 15:33:38.819  2237  2237 D RILJ    : [3815]> iccIO: SIM_IO 0xb0 0x6f60  path: 3F007FFF,0,0,400 aid: a0000000871002ff86ffff89ffffffff [SUB0]
09-12 15:33:38.821  2237  2237 D RILJ    : [3816]> iccIO: SIM_IO 0xb0 0x6f61  path: 3F007FFF,0,0,60 aid: a0000000871002ff86ffff89ffffffff [SUB0]
09-12 15:33:38.824  2237  2237 D RILJ    : [3817]> iccIO: SIM_IO 0xb0 0x6f62  path: 3F007FFF,0,0,15 aid: a0000000871002ff86ffff89ffffffff [SUB0]
09-12 15:33:38.824  2237  2299 D RILJ    : [3813]< SIM_IO IccIoResult sw1:0x90 sw2:0x0 [SUB0]
09-12 15:33:38.827  2237  2237 D UiccPkcs15: Creating UiccPkcs15
09-12 15:33:38.828  2237  2299 D RILJ    : [3815]< SIM_IO IccIoResult sw1:0x90 sw2:0x0 [SUB0]
09-12 15:33:38.828  2237  2237 D RILJ    : [3818]> RIL_REQUEST_SIM_OPEN_CHANNEL [SUB0]
09-12 15:33:38.829  2237  2299 D RILJ    : [3809]< SIM_IO IccIoResult sw1:0x90 sw2:0x0 [SUB0]
09-12 15:33:38.830  2237  2237 D RILJ    : [3819]> iccIO: SIM_IO 0xb0 0x6f05  path: 3F007FFF,0,0,8 aid: a0000000871002ff86ffff89ffffffff [SUB0]
09-12 15:33:38.831  2237  2237 D SST     : EVENT_POLL_STATE_NETWORK_SELECTION_MODE
09-12 15:33:38.831  2237  2237 D RILJ    : [3820]> iccIO: SIM_IO 0xb0 0x6fd9  path: 3F007FFF,0,0,12 aid: a0000000871002ff86ffff89ffffffff [SUB0]
09-12 15:33:38.832  2237  2299 D RILJ    : [3816]< SIM_IO IccIoResult sw1:0x90 sw2:0x0 [SUB0]
09-12 15:33:38.846  2237  2237 D RILJ    : [3821]> iccIO: SIM_IO 0xb0 0x6f7b  path: 3F007FFF,0,0,12 aid: a0000000871002ff86ffff89ffffffff [SUB0]
09-12 15:33:38.846  2237  2299 D RILJ    : [3817]< SIM_IO IccIoResult sw1:0x90 sw2:0x0 [SUB0]
09-12 15:33:38.848  2237  2237 D RILJ    : [3822]> iccIO: SIM_IO 0xb0 0x2f05  path: 3F00,0,0,8 aid: a0000000871002ff86ffff89ffffffff [SUB0]
09-12 15:33:38.848  2237  2299 D RILJ    : [3811]< SIM_IO IccIoResult sw1:0x90 sw2:0x0 [SUB0]
09-12 15:33:38.850  2237  2237 D SST     : EVENT_POLL_STATE_NETWORK_SELECTION_MODE
09-12 15:33:38.850  2237  2237 D SST     : EVENT_POLL_STATE_NETWORK_SELECTION_MODE
09-12 15:33:38.850  2237  2237 D SST     : EVENT_POLL_STATE_NETWORK_SELECTION_MODE
09-12 15:33:38.850  2237  2299 D RILJ    : [3819]< SIM_IO IccIoResult sw1:0x90 sw2:0x0 [SUB0]
09-12 15:33:38.851  2237  2237 D QtiGsmDCT: [0]NETWORK_STATE_CHANGED_ACTION: mIsWifiConnected=false
09-12 15:33:38.851  2237  2237 D QtiGsmDCT: [1]NETWORK_STATE_CHANGED_ACTION: mIsWifiConnected=false
09-12 15:33:38.851  2237  2237 D SST     : EVENT_POLL_STATE_NETWORK_SELECTION_MODE
09-12 15:33:38.851  2237  2237 D SST     : EVENT_POLL_STATE_NETWORK_SELECTION_MODE
09-12 15:33:38.852  2237  2237 D QtiGsmDCT: [0]NETWORK_STATE_CHANGED_ACTION: mIsWifiConnected=false
09-12 15:33:38.852  2237  2237 D QtiGsmDCT: [1]NETWORK_STATE_CHANGED_ACTION: mIsWifiConnected=false
09-12 15:33:38.854  2237  2237 D QtiSubscriptionController: getPhoneId, received dummy subId 2147483643
09-12 15:33:38.855  2237  2237 D QtiSubscriptionController: getPhoneId, received dummy subId 2147483643
09-12 15:33:38.858  2237  2299 D RILJ    : [3821]< SIM_IO IccIoResult sw1:0x90 sw2:0x0 [SUB0]
09-12 15:33:38.859  2237  2299 D RILJ    : [3814]< SIM_IO IccIoResult sw1:0x90 sw2:0x0 [SUB0]
09-12 15:33:38.859  2237  2299 D RILJ    : [3822]< SIM_IO IccIoResult sw1:0x90 sw2:0x0 [SUB0]
09-12 15:33:38.861  2237  2237 D SubscriptionController: [getActiveSubInfoList] Sub Controller not ready
09-12 15:33:38.861  2237  2237 D SubscriptionController: [getActiveSubInfoForSubscriber]- subId=2147483643 subList=null subInfo=null
09-12 15:33:38.863  2237  2237 D QtiSubscriptionController: getPhoneId, received dummy subId 2147483643
09-12 15:33:38.865  2237  2237 D QtiSubscriptionController: getPhoneId, received dummy subId 2147483643
09-12 15:33:38.866  2237  2299 D RILJ    : [3820]< SIM_IO IccIoResult sw1:0x90 sw2:0x0 [SUB0]
09-12 15:33:38.868  2237  2237 D QtiSubscriptionController: getPhoneId, received dummy subId 2147483643
09-12 15:33:38.869  2237  2237 D QtiSubscriptionController: getPhoneId, received dummy subId 2147483643
09-12 15:33:38.871  2237  2237 D QtiSubscriptionController: getPhoneId, received dummy subId 2147483643
09-12 15:33:38.872  2237  2237 D QtiSubscriptionController: getPhoneId, received dummy subId 2147483643
09-12 15:33:38.877  2237  2299 D RILJ    : [3818]< RIL_REQUEST_SIM_OPEN_CHANNEL  [SUB0]
09-12 15:33:38.908  2237  2237 D SST     : EVENT_POLL_STATE_NETWORK_SELECTION_MODE
09-12 15:33:38.909  2237  2237 D SST     : SubscriptionListener.onSubscriptionInfoChanged
09-12 15:33:38.909  2237  2237 E Phone   : getStoredVoiceMessageCount: invalid subId 2147483643
09-12 15:33:38.909  2237  2237 D GsmCdmaPhone: [GsmCdmaPhone] updateVoiceMail countVoiceMessages = 0 subId 2147483643
09-12 15:33:38.909  2237  2237 E Phone   : setVoiceMessageCount in sharedPreference: invalid subId 2147483643
09-12 15:33:38.910  2237  2237 D QtiGsmDCT: [0]SubscriptionListener.onSubscriptionInfoChanged
09-12 15:33:38.910  2237  2237 D SST     : SubscriptionListener.onSubscriptionInfoChanged
09-12 15:33:38.911  2237  2237 D QtiGsmDCT: [1]SubscriptionListener.onSubscriptionInfoChanged
09-12 15:33:38.911  2237  2237 D PhoneSwitcher: handle event - 102
09-12 15:33:38.916  2237  2237 D SubscriptionController: [getActiveSubInfoList] Sub Controller not ready
09-12 15:33:38.921  2237  2237 D SubscriptionController: [getActiveSubInfoList] Sub Controller not ready
09-12 15:33:38.936  2237  2237 D QtiSubscriptionController: getPhoneId, received dummy subId 2147483643
09-12 15:33:38.937  2237  2237 D QtiSubscriptionController: getPhoneId, received dummy subId 2147483643
09-12 15:33:38.951  2237  2237 D SubscriptionController: [getActiveSubInfoList] Sub Controller not ready
09-12 15:33:38.951  2237  2237 D SubscriptionController: [getActiveSubInfoForSubscriber]- subId=2147483643 subList=null subInfo=null
09-12 15:33:38.954  2237  2237 D QtiSubscriptionController: getPhoneId, received dummy subId 2147483643
09-12 15:33:38.957  2237  2237 D QtiSubscriptionController: getPhoneId, received dummy subId 2147483643
09-12 15:33:38.959  2237  2237 D QtiSubscriptionController: getPhoneId, received dummy subId 2147483643
09-12 15:33:38.961  2237  2237 D QtiSubscriptionController: getPhoneId, received dummy subId 2147483643
09-12 15:33:38.970  2237  2237 D QtiSubscriptionController: getPhoneId, received dummy subId 2147483643
09-12 15:33:38.978  2237  2237 D QtiSubscriptionController: getPhoneId, received dummy subId 2147483643
09-12 15:33:39.002  2237  2250 D SubscriptionController: [getActiveSubInfoList] Sub Controller not ready
09-12 15:33:39.006  2237  2370 D SubscriptionController: [getActiveSubInfoList] Sub Controller not ready
09-12 15:33:39.039  2237  2237 D SST     : SubscriptionListener.onSubscriptionInfoChanged
09-12 15:33:39.040  2237  2237 D SST     : SubscriptionListener.onSubscriptionInfoChanged
09-12 15:33:39.040  2237  2237 D QtiGsmDCT: [0]SubscriptionListener.onSubscriptionInfoChanged
09-12 15:33:39.041  2237  2237 D QtiGsmDCT: [1]SubscriptionListener.onSubscriptionInfoChanged
09-12 15:33:39.041  2237  2237 D PhoneSwitcher: handle event - 102
09-12 15:33:39.047  2237  2369 D SubscriptionController: [getActiveSubInfoList] Sub Controller not ready
09-12 15:33:39.048  2237  2237 D SubscriptionController: [getActiveSubInfoList] Sub Controller not ready
09-12 15:33:39.050  2237  2320 D SubscriptionController: [getActiveSubInfoList] Sub Controller not ready
09-12 15:33:39.051  2237  2237 D SubscriptionController: [getActiveSubInfoList] Sub Controller not ready
09-12 15:33:39.058  2237  2237 D QtiSubscriptionController: getPhoneId, received dummy subId 2147483643
09-12 15:33:39.063  2237  2237 D QtiSubscriptionController: getPhoneId, received dummy subId 2147483643
09-12 15:33:39.066  2237  2237 D SubscriptionController: [getActiveSubInfoList] Sub Controller not ready
09-12 15:33:39.067  2237  2237 D SubscriptionController: [getActiveSubInfoForSubscriber]- subId=2147483643 subList=null subInfo=null
09-12 15:33:39.069  2237  2237 D QtiSubscriptionController: getPhoneId, received dummy subId 2147483643
09-12 15:33:39.072  2237  2237 D QtiSubscriptionController: getPhoneId, received dummy subId 2147483643
09-12 15:33:39.079  2237  2237 D QtiSubscriptionController: getPhoneId, received dummy subId 2147483643
09-12 15:33:39.080  2237  2237 D QtiSubscriptionController: getPhoneId, received dummy subId 2147483643
09-12 15:33:39.081  2237  2237 D QtiSubscriptionController: getPhoneId, received dummy subId 2147483643
09-12 15:33:39.088  2237  2237 D QtiSubscriptionController: getPhoneId, received dummy subId 2147483643
09-12 15:33:39.132  2237  2250 D SubscriptionController: [getPhoneId]- no sims, returning default phoneId=0
09-12 15:33:39.155  2237  2237 D PhoneSwitcher: handle event - 110
09-12 15:33:39.156  2237  2237 D PhoneSwitcher: handle event - 110
09-12 15:33:39.157  2237  2237 D PhoneSwitcher: handle event - 110
09-12 15:33:39.159  2237  2237 D SubscriptionInfoUpdater: [Receiver]+
09-12 15:33:39.159  2237  2237 D SubscriptionInfoUpdater: Action: android.intent.action.SIM_STATE_CHANGED
09-12 15:33:39.159  2237  2237 D SubscriptionInfoUpdater: slotId: 1
09-12 15:33:39.159  2237  2237 D SubscriptionInfoUpdater: simStatus: NOT_READY
09-12 15:33:39.159  2237  2237 D SubscriptionInfoUpdater: Ignoring simStatus: NOT_READY
09-12 15:33:39.159  2237  2237 D SubscriptionInfoUpdater: [Receiver]-
09-12 15:33:39.160  2237  2237 D PhoneSwitcher: mSimStateIntentReceiver: phoneId = 1 value = NOT_READY
09-12 15:33:39.161  2237  3043 D SST     : getCellLocation(): possible LTE cellLocOther=[6338,26240261,0]
09-12 15:33:39.161  2237  3043 D SST     : getCellLocation(): X ret best answer cellLocOther=[6338,26240261,0]
09-12 15:33:39.172  2237  2237 D ImsPhoneCallTracker: [ImsPhoneCallTracker] handleMessage what=23
09-12 15:33:39.172  2237  2237 D ImsPhoneCallTracker: [ImsPhoneCallTracker] onDataEnabledChanged: enabled=true, reason=0
09-12 15:33:39.172  2237  2237 D ImsManager: setDataEnabled: true
09-12 15:33:39.180  2237  2237 D ImsManager: updateVolteFeatureValue: available = true, enabled = true, nonTTY = true
09-12 15:33:39.180  2237  2237 D ImsManager: getConfigInterface(), mConfig= com.android.ims.ImsConfig@6e42fc
09-12 15:33:39.180  2237  2237 D ImsConfig: setFeatureValue: feature = 0, network =13, value =1, listener =null
09-12 15:33:39.216   811  1013 I RILQ    : (0/811):RIL[0][event] qcril_qmi_imss_set_qipcall_config_resp_hdlr: ril_err: 0, qmi res: 0
09-12 15:33:39.395  2237  2237 D SubscriptionController: [getActiveSubInfoList] Sub Controller not ready
09-12 15:33:39.395  2237  2237 E ImsManager: displayWfcMode: Invalid SubscriptionInfo
09-12 15:33:39.399  2237  2237 D QtiSubscriptionController: getPhoneId, received dummy subId 2147483643
09-12 15:33:39.399  2237  2237 D ImsManager: getWfcMode - setting=2
09-12 15:33:39.405  2237  2237 D ImsManager: updateWfcFeatureAndProvisionedValues: available = true, enabled = false, mode = 2, roaming = false
09-12 15:33:39.406  2237  2237 D ImsManager: getConfigInterface(), mConfig= com.android.ims.ImsConfig@6e42fc
09-12 15:33:39.406  2237  2237 D ImsConfig: setFeatureValue: feature = 2, network =18, value =0, listener =null
09-12 15:33:39.413  2237  2237 D SubscriptionController: [getPhoneId]- no sims, returning default phoneId=0
09-12 15:33:39.415  2237  3113 D ImsManager: getConfigInterface(), mConfig= com.android.ims.ImsConfig@6e42fc
09-12 15:33:39.415  2237  3113 D ImsConfig: setProvisionedValue(): item = 27value = 1
09-12 15:33:39.416  2237  2237 D SubscriptionController: [getPhoneId]- no sims, returning default phoneId=0
09-12 15:33:39.416   811  1013 I RILQ    : (0/811):RIL[0][event] qcril_qmi_imss_set_client_provisioning_config_resp_hdlr: ril_err: 0, qmi res: 0
09-12 15:33:39.418  2237  3114 D ImsManager: getConfigInterface(), mConfig= com.android.ims.ImsConfig@6e42fc
09-12 15:33:39.418  2237  3114 D ImsConfig: setProvisionedValue(): item = 26value = 0
09-12 15:33:39.419  2237  2237 D ImsManager: updateVideoCallFeatureValue: available = true, enabled = true, nonTTY = true, data enabled = true
09-12 15:33:39.419  2237  2237 D ImsManager: getConfigInterface(), mConfig= com.android.ims.ImsConfig@6e42fc
09-12 15:33:39.419  2237  2237 D ImsConfig: setFeatureValue: feature = 1, network =13, value =1, listener =null
09-12 15:33:39.420  2237  3114 D ImsConfig: setProvisionedValue(): item = 26 value = 0 ret = 1
09-12 15:33:39.425  2237  2237 D ImsManager: updateImsServiceConfig: turnOnIms
09-12 15:33:39.430  2237  2237 D ImsPhoneCallTracker: [ImsPhoneCallTracker] handleMessage what=24
09-12 15:33:39.430  2237  2237 D ImsPhoneCallTracker: [ImsPhoneCallTracker] getImsService
09-12 15:33:39.437  2237  3113 D ImsConfig: setProvisionedValue(): item = 27 value = 1 ret = 0
09-12 15:33:39.438   811  1013 I RILQ    : (0/811):RIL[0][event] qcril_qmi_imss_set_qipcall_config_resp_hdlr: ril_err: 0, qmi res: 0
09-12 15:33:39.441   811  1013 I RILQ    : (0/811):RIL[0][event] qcril_qmi_imss_set_reg_mgr_config_resp_hdlr: ril_err: 0, qmi res: 0
09-12 15:33:39.443  2237  2826 D ImsManager: registrationFeatureCapabilityChanged :: serviceClass=1
09-12 15:33:39.443  2237  2826 D ImsPhoneCallTracker: [ImsPhoneCallTracker] onFeatureCapabilityChanged: VoLTE:false ViLTE:false VoWiFi:false ViWiFi:false UTLTE:true UTWiFi:false 
09-12 15:33:39.443  2237  2826 D ImsPhoneCallTracker: [ImsPhoneCallTracker] onFeatureCapabilityChanged: isVolteEnabled=false, isVideoCallEnabled=false, isVowifiEnabled=false, isUtEnabled=true
09-12 15:33:39.447  2237  2237 D ImsEcbm : ImsEcbm created
09-12 15:33:39.460  2237  2237 D QtiGsmDCT: [0]QtiDcTracker handleMessage msg={ when=-735ms what=270377 obj=android.os.AsyncResult@f436d01 target=com.qualcomm.qti.internal.telephony.dataconnection.QtiDcTracker }
09-12 15:33:39.461  2237  2237 D QtiGsmDCT: [0]setupDataOnConnectableApns: nwTypeChanged emergency:[state=IDLE,enabled=false] mms:[state=IDLE,enabled=false] supl:[state=IDLE,enabled=false] hipri:[state=IDLE,enabled=false] dun:[state=IDLE,enabled=false] fota:[state=IDLE,enabled=false] ims:[state=IDLE,enabled=false] default:[state=IDLE,enabled=false] cbs:[state=IDLE,enabled=false] 
09-12 15:33:39.461  2237  2237 D ImsPhone: handleMessage what=51
09-12 15:33:39.461  2237  2237 D ImsPhone: EVENT_DEFAULT_PHONE_DATA_STATE_CHANGED
09-12 15:33:39.461  2237  2237 D ImsPhone: updateDataServiceState: defSs = 1 1 voice home data home null null null null null null  Unknown Unknown CSS not supported -1 -1 RoamInd=-1 DefRoamInd=-1 EmergOnly=false IsDataRoamingFromRegistration=false IsUsingCarrierAggregation=false mRilImsRadioTechnology=0 imsSs = 3 1 voice home data home null null null null null null  Unknown Unknown CSS not supported -1 -1 RoamInd=-1 DefRoamInd=-1 EmergOnly=false IsDataRoamingFromRegistration=false IsUsingCarrierAggregation=false mRilImsRadioTechnology=0
09-12 15:33:39.461  2237  2237 D PhoneSwitcher: handle event - 110
09-12 15:33:39.462  2237  2237 D PhoneSwitcher: handle event - 110
09-12 15:33:39.464  2237  2237 D SIMRecords: [SIMRecords] getSIMOperatorNumeric: bad mncLength
09-12 15:33:39.464  2237  2237 D SST     : get MCC/MNC from IMSI = 46000
09-12 15:33:39.464  2237  2237 D SST     : handlPollStateResultMessage: GsmSST setDataRegState=0 regState=1 dataRadioTechnology=14
09-12 15:33:39.464  2237  2237 D QtiSubscriptionInfoUpdater:  handleMessage: EVENT:  4
09-12 15:33:39.464  2237  2237 D SubscriptionInfoUpdater: All IccIds query complete
09-12 15:33:39.464  2237  2237 D SubscriptionInfoUpdater: updateSubscriptionInfoByIccId:+ Start
09-12 15:33:39.466  2237  2237 D SubscriptionController: [clearSubInfo]- no simInfo size=0
09-12 15:33:39.467  2237  2237 D SubscriptionInfoUpdater: insertedSimCount = 1
09-12 15:33:39.467  2237  2237 D SubscriptionController: [getSubInfoUsingSlotIdWithCheck]+ slotId:0
09-12 15:33:39.485  2237  2237 D SubscriptionController: [getPhoneId]- no sims, returning default phoneId=0
09-12 15:33:39.488  2237  2237 D SubscriptionController: [getPhoneId]- no sims, returning default phoneId=0
09-12 15:33:39.489  2237  2237 D SubscriptionController: [getPhoneId]- no sims, returning default phoneId=0
09-12 15:33:39.493  2237  2237 D SubscriptionController: [getSubInfoUsingSlotId]- null info return
09-12 15:33:39.494  2237  2237 D SubscriptionInfoUpdater: updateSubscriptionInfoByIccId: oldSubId = 3
09-12 15:33:39.494  2237  2237 D SubscriptionController: [getSubInfoUsingSlotIdWithCheck]+ slotId:1
09-12 15:33:39.508  2237  2237 D SubscriptionController: [getSubInfoUsingSlotId]- null info return
09-12 15:33:39.508  2237  2237 D SubscriptionInfoUpdater: updateSubscriptionInfoByIccId: No SIM in slot 1 last time
09-12 15:33:39.508  2237  2237 D SubscriptionInfoUpdater: updateSubscriptionInfoByIccId: oldIccId[0] = 898600760917, sIccId[0] = 898600760917
09-12 15:33:39.508  2237  2237 D SubscriptionInfoUpdater: updateSubscriptionInfoByIccId: oldIccId[1] = , sIccId[1] = 
09-12 15:33:39.510  2237  2237 D SubscriptionController: [addSubInfoRecord]+ iccId:898600760917 slotId:0
09-12 15:33:39.527  2237  2237 D SubscriptionController: [getActiveSubInfoList] Sub Controller not ready
09-12 15:33:39.528  2237  2237 D SubscriptionController: [addSubInfoRecord] Record already exists
09-12 15:33:39.539  2237  2237 D SubscriptionController: [addSubInfoRecord] sSlotIdxToSubId.size=1 slotId=0 subId=3 defaultSubId=3 simCount=2
09-12 15:33:39.540  2237  2237 D SubscriptionController: [addSubInfoRecord] hashmap(0,3)
09-12 15:33:39.588  2237  2237 D SubscriptionController: [addSubInfoRecord] sim name = CARD 1
09-12 15:33:39.589  2237  2237 D QtiGsmDCT: [0]update sub = 3
09-12 15:33:39.589  2237  2237 D QtiGsmDCT: [0]update(): Active DDS, register for all events now!
09-12 15:33:39.590  2237  2237 D QtiGsmDCT: [0]New records found.
09-12 15:33:39.590  2237  2237 D SST     : mDeviceShuttingDown=false, mDesiredPowerState=true, getRadioState=RADIO_ON, mPowerOffDelayNeed=true, mAlarmSwitch=false, mRadioDisabledByCarrier=false
09-12 15:33:39.593  2237  2237 D SIMRecords: [SIMRecords] getSIMOperatorNumeric: bad mncLength
09-12 15:33:39.593  2237  2237 D GsmCdmaPhone: [GsmCdmaPhone] updateCurrentCarrierInProvider: mSubId = 3 currentDds = 3 operatorNumeric = null
09-12 15:33:39.593  2237  2237 D SubscriptionController: [addSubInfoRecord]- info size=1
09-12 15:33:39.594  2237  2237 D QtiSubscriptionController: addSubInfoRecord: broadcast intent subId[0] = 3
09-12 15:33:39.632  2237  2237 D SubscriptionInfoUpdater: newSim = false
09-12 15:33:39.632  2237  2237 D SubscriptionInfoUpdater: updateSubscriptionInfoByIccId: No SIM inserted in slot 1 this time
09-12 15:33:39.632  2237  2237 D SubscriptionInfoUpdater: updateSubscriptionInfoByIccId: sInsertSimState[0] = 0
09-12 15:33:39.633  2237  2237 D SubscriptionInfoUpdater: updateSubscriptionInfoByIccId: sInsertSimState[1] = -99
09-12 15:33:39.667  2237  2237 D SubscriptionInfoUpdater: updateSubscriptionInfoByIccId: nSubCount = 1
09-12 15:33:39.679  2237  2237 D SubscriptionController: [setDefaultDataSubId] num phones=2, subId=3 dds flex map = nw_mode
09-12 15:33:39.679  2237  2237 D SubscriptionController: [updateAllDataConnectionTrackers] sPhones.length=2
09-12 15:33:39.680  2237  2237 D SubscriptionController: [updateAllDataConnectionTrackers] phoneId=0
09-12 15:33:39.680  2237  2237 D QtiGsmDCT: [0]update sub = 3
09-12 15:33:39.681  2237  2237 D QtiGsmDCT: [0]update(): Active DDS, register for all events now!
09-12 15:33:39.681  2237  2237 D SIMRecords: [SIMRecords] getSIMOperatorNumeric: bad mncLength
09-12 15:33:39.682  2237  2237 D GsmCdmaPhone: [GsmCdmaPhone] updateCurrentCarrierInProvider: mSubId = 3 currentDds = 3 operatorNumeric = null
09-12 15:33:39.682  2237  2237 D SubscriptionController: [updateAllDataConnectionTrackers] phoneId=1
09-12 15:33:39.682  2237  2237 D SubscriptionController: [getSubId]- numSubIds == 0, return DummySubIds slotIdx=1
09-12 15:33:39.683  2237  2237 D QtiGsmDCT: [1]update sub = 2147483644
09-12 15:33:39.683  2237  2237 D QtiGsmDCT: [1]update(): Active DDS, register for all events now!
09-12 15:33:39.683  2237  2237 D SubscriptionController: [getSubId]- numSubIds == 0, return DummySubIds slotIdx=1
09-12 15:33:39.684  2237  2237 D SubscriptionController: [getSubId]- numSubIds == 0, return DummySubIds slotIdx=1
09-12 15:33:39.684  2237  2237 D GsmCdmaPhone: [GsmCdmaPhone] updateCurrentCarrierInProvider: mSubId = 2147483644 currentDds = 3 operatorNumeric = null
09-12 15:33:39.690  2237  2237 D SubscriptionController: [broadcastDefaultDataSubIdChanged] subId=3
09-12 15:33:39.696  2237  2237 D SubscriptionController: notifySubscriptionInfoChanged:
09-12 15:33:39.700  2237  2250 D SubscriptionMonitor: Phone[0] subId changed 2147483643->3, 1 registrants
09-12 15:33:39.701  2237  2250 D SubscriptionMonitor: mDefaultDataSubId = 3, 1 registrants
09-12 15:33:39.701  2237  2250 D SubscriptionController: [getSubId]- numSubIds == 0, return DummySubIds slotIdx=1
09-12 15:33:39.735  2237  2237 D SubscriptionInfoUpdater: updateSubscriptionInfoByIccId:- SsubscriptionInfo update complete
09-12 15:33:39.735  2237  2237 D QtiSubscriptionInfoUpdater: SIM state changed, Updating user preference 
09-12 15:33:39.746  2237  2370 D GsmCdmaPhone: [GsmCdmaPhone] getDataConnectionState apnType=default ret=DISCONNECTED
09-12 15:33:39.790  2237  2237 D QtiSubscriptionController: updateUserPreferences:: active sub count = 1 dds = 3 voice = 3 sms = 3
09-12 15:33:39.802  2237  2237 I QtiSubscriptionController: setSMSPromptOption to false
09-12 15:33:39.899  2237  2237 D QtiSubscriptionController: havePrefSub = false user pref subId = -1 current dds 3 next active subId 3
09-12 15:33:39.899  2237  2237 E QtiSubscriptionController: isSubProvisioned, state = true subId = 3
09-12 15:33:39.899  2237  2237 D QtiRadioCapabilityController: setDdsIfRequired: ddsSub = 3 ddsPhone = 0 force = false needSetDds = false
09-12 15:33:39.899  2237  2237 E QtiSubscriptionController: isSubProvisioned, state = true subId = 3
09-12 15:33:39.900  2237  2237 E QtiSubscriptionController: isSubProvisioned, state = true subId = 3
09-12 15:33:39.918  2237  2595 D SubscriptionController: [getActiveSubscriptionInfo]+ subId=3 subInfo={id=3, iccId=898600760917 simSlotIndex=0 displayName=CARD 1 carrierName=No service  China Mobile nameSource=0 iconTint=-16746133 dataRoaming=0 iconBitmap=android.graphics.Bitmap@8820030 mcc 460 mnc 0}
09-12 15:33:39.926  2237  2320 D SubscriptionController: [getSubId]- numSubIds == 0, return DummySubIds slotIdx=1
09-12 15:33:39.951  2237  2237 I QtiSubscriptionController: Other than SIM account found. 
09-12 15:33:39.951  2237  2237 D QtiSubscriptionController: getPhoneId, received dummy subId 2147483643
09-12 15:33:39.951  2237  2237 E QtiSubscriptionController:  Invalid slotId 0 or subId = 2147483643
09-12 15:33:39.951  2237  2237 D SubscriptionController: [setDefaultFallbackSubId] subId=3
09-12 15:33:39.951  2237  2237 D SubscriptionController: [setDefaultFallbackSubId] set mDefaultFallbackSubId=3
09-12 15:33:39.959  2237  2237 D SubscriptionController: [setDefaultFallbackSubId] broadcast default subId changed phoneId=0 subId=3
09-12 15:33:39.965  2237  2237 D SubscriptionController: notifySubscriptionInfoChanged:
09-12 15:33:39.967  2237  2369 D SubscriptionController: [getSubId]- numSubIds == 0, return DummySubIds slotIdx=1
09-12 15:33:39.975  2237  2237 D QtiSubscriptionController: updateUserPreferences: after currentDds = 3 voice = 3 sms = 3
09-12 15:33:39.989  2237  2250 D SubscriptionController: [getActiveSubscriptionInfo]+ subId=3 subInfo={id=3, iccId=898600760917 simSlotIndex=0 displayName=CARD 1 carrierName=No service  China Mobile nameSource=0 iconTint=-16746133 dataRoaming=0 iconBitmap=android.graphics.Bitmap@63eef5c mcc 460 mnc 0}
09-12 15:33:39.993  2237  2249 D SubscriptionController: [getActiveSubscriptionInfo]+ subId=3 subInfo={id=3, iccId=898600760917 simSlotIndex=0 displayName=CARD 1 carrierName=No service  China Mobile nameSource=0 iconTint=-16746133 dataRoaming=0 iconBitmap=android.graphics.Bitmap@2e22265 mcc 460 mnc 0}
09-12 15:33:39.997  2237  2369 D SubscriptionController: [getSubId]- numSubIds == 0, return DummySubIds slotIdx=1
09-12 15:33:40.055  2237  2249 D SubscriptionController: [getActiveSubscriptionInfo]+ subId=3 subInfo={id=3, iccId=898600760917 simSlotIndex=0 displayName=CARD 1 carrierName=No service  China Mobile nameSource=0 iconTint=-16746133 dataRoaming=0 iconBitmap=android.graphics.Bitmap@fbe3106 mcc 460 mnc 0}
09-12 15:33:40.059  2237  2369 D SST     : SST.getAllCellInfo(): return last, back to back calls
09-12 15:33:40.061  2237  2369 D SST     : SST.getAllCellInfo(): return last, back to back calls
09-12 15:33:40.061  2237  2369 D RILJ    : [3823]> RIL_REQUEST_GET_CELL_INFO_LIST [SUB1]
09-12 15:33:40.063  2237  2370 D SubscriptionController: [getSubId]- numSubIds == 0, return DummySubIds slotIdx=1
09-12 15:33:40.081  2237  2303 D RilRequest: [3823]< RIL_REQUEST_GET_CELL_INFO_LIST error: com.android.internal.telephony.CommandException: SYSTEM_ERR ret=
09-12 15:33:40.089  2237  2320 D SST     : SST.getAllCellInfo(): return last, back to back calls
09-12 15:33:40.090  2237  2320 D SST     : getCellLocation(): possible LTE cellLocOther=[6338,26240261,0]
09-12 15:33:40.090  2237  2320 D SST     : getCellLocation(): X ret best answer cellLocOther=[6338,26240261,0]
09-12 15:33:40.197  2237  3043 D Phone   : isWifiCallingEnabled =false
09-12 15:33:40.206  2237  2320 D Phone   : isWifiCallingEnabled =false
09-12 15:33:40.250  2237  2237 D SIMRecords: [SIMRecords] getSIMOperatorNumeric: bad mncLength
09-12 15:33:40.251  2237  2237 D SST     : get MCC/MNC from IMSI = 46000
09-12 15:33:40.251  2237  2237 D SST     : EVENT_POLL_STATE_NETWORK_SELECTION_MODE
