09-27 14:55:17.494  1774  6208 D PowerManagerService: getScreenOffTimeoutLocked:  isTestFlag = false
09-27 14:55:17.497  1774  2069 D PowerManagerService: getScreenOffTimeoutLocked:  isTestFlag = false
09-27 14:55:17.500  1774  6208 D PowerManagerService: getScreenOffTimeoutLocked:  isTestFlag = false
09-27 14:55:17.503  1774  6208 D PowerManagerService: getScreenOffTimeoutLocked:  isTestFlag = false
09-27 14:55:17.506  1774  6208 D PowerManagerService: getScreenOffTimeoutLocked:  isTestFlag = false
09-27 14:55:17.515  1774  6208 D PowerManagerService: getScreenOffTimeoutLocked:  isTestFlag = false
09-27 14:55:17.521  1774  6208 D PowerManagerService: getScreenOffTimeoutLocked:  isTestFlag = false
09-27 14:55:17.541  1774  6208 D PowerManagerService: getScreenOffTimeoutLocked:  isTestFlag = false
09-27 14:55:17.544  1774  6208 D PowerManagerService: getScreenOffTimeoutLocked:  isTestFlag = false
09-27 14:55:17.545  1774  1785 D PowerManagerService: getScreenOffTimeoutLocked:  isTestFlag = false
09-27 14:55:17.554  1774  6208 D PowerManagerService: getScreenOffTimeoutLocked:  isTestFlag = false
09-27 14:55:17.561  1774  6208 D PowerManagerService: getScreenOffTimeoutLocked:  isTestFlag = false
09-27 14:55:17.587  1774  6208 D PowerManagerService: getScreenOffTimeoutLocked:  isTestFlag = false
09-27 14:55:17.594  1774  6208 D PowerManagerService: getScreenOffTimeoutLocked:  isTestFlag = false
09-27 14:55:17.598  1774  6208 D PowerManagerService: getScreenOffTimeoutLocked:  isTestFlag = false
09-27 14:55:17.603  1774  6208 D PowerManagerService: getScreenOffTimeoutLocked:  isTestFlag = false
09-27 14:55:17.607  1774  6208 D PowerManagerService: getScreenOffTimeoutLocked:  isTestFlag = false
09-27 14:55:17.611  1774  6208 D PowerManagerService: getScreenOffTimeoutLocked:  isTestFlag = false
09-27 14:55:17.616  1774  6208 D PowerManagerService: getScreenOffTimeoutLocked:  isTestFlag = false
09-27 14:55:17.618  1774  6208 D PowerManagerService: getScreenOffTimeoutLocked:  isTestFlag = false
09-27 14:55:17.622  1774  2746 D PowerManagerService: getScreenOffTimeoutLocked:  isTestFlag = false
09-27 14:55:17.627  1774  6208 D PowerManagerService: getScreenOffTimeoutLocked:  isTestFlag = false
09-27 14:55:17.633  1774  6208 D PowerManagerService: getScreenOffTimeoutLocked:  isTestFlag = false
09-27 14:55:17.644  1774  6208 D PowerManagerService: getScreenOffTimeoutLocked:  isTestFlag = false
09-27 14:55:17.656  1774  6208 D PowerManagerService: getScreenOffTimeoutLocked:  isTestFlag = false
09-27 14:55:17.662  1774  6208 D PowerManagerService: getScreenOffTimeoutLocked:  isTestFlag = false
09-27 14:55:17.668  1774  6208 D PowerManagerService: getScreenOffTimeoutLocked:  isTestFlag = false
09-27 14:55:17.674  1774  6208 D PowerManagerService: getScreenOffTimeoutLocked:  isTestFlag = false
09-27 14:55:17.677  1774  6208 D PowerManagerService: getScreenOffTimeoutLocked:  isTestFlag = false
09-27 14:55:17.690  1774  6208 D PowerManagerService: getScreenOffTimeoutLocked:  isTestFlag = false
09-27 14:55:17.694  1774  6208 D PowerManagerService: getScreenOffTimeoutLocked:  isTestFlag = false
09-27 14:55:17.705  1774  6208 D PowerManagerService: getScreenOffTimeoutLocked:  isTestFlag = false
09-27 14:55:17.712  1774  6208 D PowerManagerService: getScreenOffTimeoutLocked:  isTestFlag = false
09-27 14:55:17.714  1774  6208 D PowerManagerService: getScreenOffTimeoutLocked:  isTestFlag = false
09-27 14:55:17.717  1774  6208 D PowerManagerService: getScreenOffTimeoutLocked:  isTestFlag = false
09-27 14:55:17.719  1774  6208 D PowerManagerService: getScreenOffTimeoutLocked:  isTestFlag = false
09-27 14:55:17.723  1774  6208 D PowerManagerService: getScreenOffTimeoutLocked:  isTestFlag = false
09-27 14:55:17.735  1774  6208 D PowerManagerService: getScreenOffTimeoutLocked:  isTestFlag = false
09-27 14:55:17.739  1774  6208 D PowerManagerService: getScreenOffTimeoutLocked:  isTestFlag = false
09-27 14:55:17.749  1774  6208 D PowerManagerService: getScreenOffTimeoutLocked:  isTestFlag = false
09-27 14:55:17.752  1774  6208 D PowerManagerService: getScreenOffTimeoutLocked:  isTestFlag = false
09-27 14:55:17.765  1774  6208 D PowerManagerService: getScreenOffTimeoutLocked:  isTestFlag = false
09-27 14:55:17.772  1774  6208 D PowerManagerService: getScreenOffTimeoutLocked:  isTestFlag = false
09-27 14:55:17.782  1774  6208 D PowerManagerService: getScreenOffTimeoutLocked:  isTestFlag = false
09-27 14:55:17.816  1774  6208 D PowerManagerService: getScreenOffTimeoutLocked:  isTestFlag = false
09-27 14:55:17.818  1774  1774 D PowerManagerService: getScreenOffTimeoutLocked:  isTestFlag = false
09-27 14:55:18.096  1774  2737 D PowerManagerService: getScreenOffTimeoutLocked:  isTestFlag = false
09-27 14:55:18.101  1774  2823 D PowerManagerService: getScreenOffTimeoutLocked:  isTestFlag = false
09-27 14:55:18.226  1774  2901 D PowerManagerService: getScreenOffTimeoutLocked:  isTestFlag = false
09-27 14:55:18.319  1774  2797 D PowerManagerService: getScreenOffTimeoutLocked:  isTestFlag = false
09-27 14:55:18.367  1774  1785 I ActivityManager: Start proc 6283:com.google.android.music:main/u0a70 for broadcast com.google.android.music/.AccountsBroadcastReceiver
09-27 14:55:18.425  1774  1786 I ActivityManager: Killing 5307:com.amazon.kindle/u0a95 (adj 906): empty #17
09-27 14:55:18.501  1774  2902 D ActivityManager: cleanUpApplicationRecord -- 5307
09-27 14:55:19.341  1774  1884 D PowerManagerService: getScreenOffTimeoutLocked:  isTestFlag = false
09-27 14:55:19.565  1774  2797 I ActivityManager: Killing 5598:com.qualcomm.timeservice/1000 (adj 906): empty #17
09-27 14:55:19.578  1774  1886 D PowerManagerService: getScreenOffTimeoutLocked:  isTestFlag = false
09-27 14:55:19.623  1774  2902 D ActivityManager: cleanUpApplicationRecord -- 5598
09-27 14:55:20.402  1774  2835 I ActivityManager: Start proc 6322:com.android.chrome/u0a52 for broadcast com.android.chrome/org.chromium.chrome.browser.services.AccountsChangedReceiver
09-27 14:55:20.535  1774  2823 I ActivityManager: Killing 3142:android.process.media/u0a9 (adj 906): empty #17
09-27 14:55:20.574  1774  2279 D ActivityManager: cleanUpApplicationRecord -- 3142
09-27 14:55:20.605  1774  2902 D PowerManagerService: getScreenOffTimeoutLocked:  isTestFlag = false
09-27 14:55:20.674  1774  1884 D PowerManagerService: getScreenOffTimeoutLocked:  isTestFlag = false
09-27 14:55:20.708  1774  1884 D PowerManagerService: getScreenOffTimeoutLocked:  isTestFlag = false
09-27 14:55:20.788  1774  2835 D PowerManagerService: getScreenOffTimeoutLocked:  isTestFlag = false
09-27 14:55:20.803  1774  1884 D PowerManagerService: getScreenOffTimeoutLocked:  isTestFlag = false
09-27 14:55:20.815  1774  1884 I ActivityManager: START u0 {act=android.intent.action.MAIN cat=[android.intent.category.HOME] flg=0x10200000 cmp=com.android.launcher3/.Launcher (has extras)} from uid 1000 on display 0
09-27 14:55:20.838  1774  1884 D PowerManagerService: getScreenOffTimeoutLocked:  isTestFlag = false
09-27 14:55:20.889  1774  1884 W WindowManager:  SLCODE computeScreenConfigurationLocked, the hard device name is: msm8953-snd-card-mtp Button Jack
09-27 14:55:20.889  1774  1884 W WindowManager:  SLCODE computeScreenConfigurationLocked, the hard device name is: msm8953-snd-card-mtp Headset Jack
09-27 14:55:20.889  1774  1884 W WindowManager:  SLCODE computeScreenConfigurationLocked, the hard device name is: hbtp_vm
09-27 14:55:20.889  1774  1884 W WindowManager:  SLCODE computeScreenConfigurationLocked, the hard device name is: qpnp_pon
09-27 14:55:20.889  1774  1884 W WindowManager:  SLCODE computeScreenConfigurationLocked, the hard device name is: gpio-keys
09-27 14:55:20.889  1774  1884 W WindowManager:  SLCODE computeScreenConfigurationLocked, the hard device name is: ft5435_ts
09-27 14:55:21.173  1774  1786 I ActivityManager: Killing 4046:com.google.android.calendar/u0a47 (adj 906): empty #17
09-27 14:55:21.248  1774  2736 D PowerManagerService: getScreenOffTimeoutLocked:  isTestFlag = false
09-27 14:55:21.259  1774  2902 D ActivityManager: cleanUpApplicationRecord -- 4046
09-27 14:55:21.494  1774  2280 D PowerManagerService: getScreenOffTimeoutLocked:  isTestFlag = false
09-27 14:55:21.497  1774  2746 D PowerManagerService: getScreenOffTimeoutLocked:  isTestFlag = false
09-27 14:55:21.518  6022  6022 E ActivityThread: Service com.android.email.service.EmailBroadcastProcessorService has leaked ServiceConnection com.android.emailcommon.service.ServiceProxy$ProxyConnection@5353ef7 that was originally bound here
09-27 14:55:21.518  6022  6022 E ActivityThread: android.app.ServiceConnectionLeaked: Service com.android.email.service.EmailBroadcastProcessorService has leaked ServiceConnection com.android.emailcommon.service.ServiceProxy$ProxyConnection@5353ef7 that was originally bound here
09-27 14:55:21.518  6022  6022 E ActivityThread: 	at android.app.LoadedApk$ServiceDispatcher.<init>(LoadedApk.java:1336)
09-27 14:55:21.518  6022  6022 E ActivityThread: 	at android.app.LoadedApk.getServiceDispatcher(LoadedApk.java:1231)
09-27 14:55:21.518  6022  6022 E ActivityThread: 	at android.app.ContextImpl.bindServiceCommon(ContextImpl.java:1450)
09-27 14:55:21.518  6022  6022 E ActivityThread: 	at android.app.ContextImpl.bindService(ContextImpl.java:1422)
09-27 14:55:21.518  6022  6022 E ActivityThread: 	at android.content.ContextWrapper.bindService(ContextWrapper.java:636)
09-27 14:55:21.518  6022  6022 E ActivityThread: 	at com.android.emailcommon.service.ServiceProxy.setTask(ServiceProxy.java:229)
09-27 14:55:21.518  6022  6022 E ActivityThread: 	at com.android.emailcommon.service.ServiceProxy.test(ServiceProxy.java:272)
09-27 14:55:21.518  6022  6022 E ActivityThread: 	at com.android.email.service.EmailServiceUtils.isServiceAvailable(EmailServiceUtils.java:160)
09-27 14:55:21.518  6022  6022 E ActivityThread: 	at com.android.email.provider.AccountReconciler.reconcileAccountsInternal(AccountReconciler.java:171)
09-27 14:55:21.518  6022  6022 E ActivityThread: 	at com.android.email.provider.AccountReconciler.reconcileAccounts(AccountReconciler.java:115)
09-27 14:55:21.518  6022  6022 E ActivityThread: 	at com.android.email.service.EmailBroadcastProcessorService.reconcileAndStartServices(EmailBroadcastProcessorService.java:305)
09-27 14:55:21.518  6022  6022 E ActivityThread: 	at com.android.email.service.EmailBroadcastProcessorService.onSystemAccountChanged(EmailBroadcastProcessorService.java:369)
09-27 14:55:21.518  6022  6022 E ActivityThread: 	at com.android.email.service.EmailBroadcastProcessorService.onHandleIntent(EmailBroadcastProcessorService.java:132)
09-27 14:55:21.518  6022  6022 E ActivityThread: 	at android.app.IntentService$ServiceHandler.handleMessage(IntentService.java:68)
09-27 14:55:21.518  6022  6022 E ActivityThread: 	at android.os.Handler.dispatchMessage(Handler.java:102)
09-27 14:55:21.518  6022  6022 E ActivityThread: 	at android.os.Looper.loop(Looper.java:154)
09-27 14:55:21.518  6022  6022 E ActivityThread: 	at android.os.HandlerThread.run(HandlerThread.java:61)
09-27 14:55:21.591  1774  1886 I ActivityManager: Start proc 6364:com.google.android.apps.photos/u0a94 for broadcast com.google.android.apps.photos/com.google.android.libraries.social.account.refresh.receiver.AccountsChangedReceiver
09-27 14:55:21.644  1774  2835 D PowerManagerService: getScreenOffTimeoutLocked:  isTestFlag = false
09-27 14:55:21.665  1774  2822 D PowerManagerService: getScreenOffTimeoutLocked:  isTestFlag = false
09-27 14:55:21.670  1774  2737 D PowerManagerService: getScreenOffTimeoutLocked:  isTestFlag = false
09-27 14:55:22.060  1774  1884 D PowerManagerService: getScreenOffTimeoutLocked:  isTestFlag = false
09-27 14:55:22.130  1774  2795 I ActivityManager: START u0 {act=android.intent.action.MAIN cat=[android.intent.category.LAUNCHER] flg=0x10200000 pkg=com.android.dialer cmp=com.android.dialer/.DialtactsActivity bnds=[60,1567][255,1783] (has extras)} from uid 10021 on display 0
09-27 14:55:22.147  1774  2795 D PowerManagerService: getScreenOffTimeoutLocked:  isTestFlag = false
09-27 14:55:22.188  1774  2737 I ActivityManager: Start proc 6385:com.android.dialer/u0a16 for activity com.android.dialer/.DialtactsActivity
09-27 14:55:22.224  1774  2279 W WindowManager:  SLCODE computeScreenConfigurationLocked, the hard device name is: msm8953-snd-card-mtp Button Jack
09-27 14:55:22.224  1774  2279 W WindowManager:  SLCODE computeScreenConfigurationLocked, the hard device name is: msm8953-snd-card-mtp Headset Jack
09-27 14:55:22.224  1774  2279 W WindowManager:  SLCODE computeScreenConfigurationLocked, the hard device name is: hbtp_vm
09-27 14:55:22.224  1774  2279 W WindowManager:  SLCODE computeScreenConfigurationLocked, the hard device name is: qpnp_pon
09-27 14:55:22.224  1774  2279 W WindowManager:  SLCODE computeScreenConfigurationLocked, the hard device name is: gpio-keys
09-27 14:55:22.224  1774  2279 W WindowManager:  SLCODE computeScreenConfigurationLocked, the hard device name is: ft5435_ts
09-27 14:55:22.327  1774  1786 I ActivityManager: Start proc 6404:com.google.android.calendar/u0a47 for broadcast com.google.android.calendar/.timely.settings.RecentAndDefaultNotificationsFactory$AccountRemovedBroadcastReceiver
09-27 14:55:22.334  1774  1786 I ActivityManager: Killing 5843:com.google.process.gapps/u0a56 (adj 906): empty #17
09-27 14:55:22.375  1774  2823 D ActivityManager: cleanUpApplicationRecord -- 5843
09-27 14:55:22.819  1774  2902 W ActivityManager: Unable to start service Intent { cmp=com.google.android.gm.exchange/com.android.exchange.service.EasService } U=0: not found
09-27 14:55:22.843  1774  2883 D PowerManagerService: getScreenOffTimeoutLocked:  isTestFlag = false
09-27 14:55:22.940  1774  2069 D PowerManagerService: getScreenOffTimeoutLocked:  isTestFlag = false
09-27 14:55:22.948  1774  2736 D PowerManagerService: getScreenOffTimeoutLocked:  isTestFlag = false
09-27 14:55:22.978  1774  1886 D PowerManagerService: getScreenOffTimeoutLocked:  isTestFlag = false
09-27 14:55:22.987  1774  2883 D PowerManagerService: getScreenOffTimeoutLocked:  isTestFlag = false
09-27 14:55:22.991  1774  2797 D PowerManagerService: getScreenOffTimeoutLocked:  isTestFlag = false
09-27 14:55:22.993  1774  2823 D PowerManagerService: getScreenOffTimeoutLocked:  isTestFlag = false
09-27 14:55:23.004  1774  2736 D PowerManagerService: getScreenOffTimeoutLocked:  isTestFlag = false
09-27 14:55:23.005  1774  2736 D PowerManagerService: getScreenOffTimeoutLocked:  isTestFlag = false
09-27 14:55:23.006  1774  2736 D PowerManagerService: getScreenOffTimeoutLocked:  isTestFlag = false
09-27 14:55:23.020  1774  2069 D PowerManagerService: getScreenOffTimeoutLocked:  isTestFlag = false
09-27 14:55:23.055  1774  2823 I ActivityManager: Start proc 6457:com.google.process.gapps/u0a56 for broadcast com.google.android.syncadapters.contacts/.ContactsSyncAdapterBroadcastReceiver
09-27 14:55:23.105  1774  1886 D PowerManagerService: getScreenOffTimeoutLocked:  isTestFlag = false
09-27 14:55:23.262  1774  2795 I ActivityManager: Start proc 6480:com.google.android.videos/u0a91 for broadcast com.google.android.videos/.service.accounts.AccountsChangedTaskService$AccountsChangedReceiver
09-27 14:55:23.340  1774  2736 I ActivityManager: Killing 4075:com.android.cellbroadcastreceiver/u0a6 (adj 906): empty #17
09-27 14:55:23.364  1774  2795 D ActivityManager: cleanUpApplicationRecord -- 4075
09-27 14:55:23.385  1774  1884 D PowerManagerService: getScreenOffTimeoutLocked:  isTestFlag = false
09-27 14:55:23.990  1774  2746 I ActivityManager: Killing 5006:org.codeaurora.ims/1001 (adj 906): empty #17
09-27 14:55:24.018  1774  2902 D ActivityManager: cleanUpApplicationRecord -- 5006
09-27 14:55:24.044  1774  1786 D PowerManagerService: getScreenOffTimeoutLocked:  isTestFlag = false
09-27 14:55:24.052  1774  2795 D PowerManagerService: getScreenOffTimeoutLocked:  isTestFlag = false
09-27 14:55:24.488  1774  2795 D PowerManagerService: getScreenOffTimeoutLocked:  isTestFlag = false
09-27 14:55:24.496  1774  1884 D PowerManagerService: getScreenOffTimeoutLocked:  isTestFlag = false
09-27 14:55:24.767  1774  2280 D PowerManagerService: getScreenOffTimeoutLocked:  isTestFlag = false
09-27 14:55:24.827  1774  2797 D PowerManagerService: getScreenOffTimeoutLocked:  isTestFlag = false
09-27 14:55:24.832  1774  2823 W ActivityManager: Unable to start service Intent { cmp=com.google.android.gm.exchange/com.android.exchange.service.EasService } U=0: not found
09-27 14:55:24.838  1774  2901 D PowerManagerService: getScreenOffTimeoutLocked:  isTestFlag = false
09-27 14:55:24.893  1774  2902 D PowerManagerService: getScreenOffTimeoutLocked:  isTestFlag = false
09-27 14:55:24.905  1774  2069 D PowerManagerService: getScreenOffTimeoutLocked:  isTestFlag = false
09-27 14:55:24.909  1774  1786 D PowerManagerService: getScreenOffTimeoutLocked:  isTestFlag = false
09-27 14:55:24.910  1774  2835 D PowerManagerService: getScreenOffTimeoutLocked:  isTestFlag = false
09-27 14:55:24.943  1774  1786 D PowerManagerService: getScreenOffTimeoutLocked:  isTestFlag = false
09-27 14:55:24.958  1774  1785 D PowerManagerService: getScreenOffTimeoutLocked:  isTestFlag = false
09-27 14:55:25.111  1774  1981 I ActivityManager: Killing 5024:org.simalliance.openmobileapi.service/1000 (adj 906): empty #17
09-27 14:55:25.153  1774  2795 D ActivityManager: cleanUpApplicationRecord -- 5024
09-27 14:55:25.223  1774  2279 I ActivityManager: Start proc 6556:android.process.media/u0a9 for content provider com.android.providers.media/.MediaProvider
09-27 14:55:25.319  1774  1886 I ActivityManager: Killing 5615:in.amazon.mShop.android.shopping/u0a80 (adj 906): empty #17
09-27 14:55:25.368  1774  2835 D ConnectivityService: ConnectivityService NetworkRequestInfo binderDied(NetworkRequest [ LISTEN id=10, [ Capabilities: INTERNET&NOT_RESTRICTED&TRUSTED&FOREGROUND] ], android.os.BinderProxy@2994765)
09-27 14:55:25.368  1774  2901 D ConnectivityService: ConnectivityService NetworkRequestInfo binderDied(NetworkRequest [ LISTEN id=11, [ Capabilities: INTERNET&NOT_RESTRICTED&TRUSTED&FOREGROUND] ], android.os.BinderProxy@c225c3a)
09-27 14:55:25.372  1774  2795 D ActivityManager: cleanUpApplicationRecord -- 5615
09-27 14:55:25.373  1774  1901 E ConnectivityService: RemoteException caught trying to send a callback msg for NetworkRequest [ LISTEN id=10, [ Capabilities: INTERNET&NOT_RESTRICTED&TRUSTED&FOREGROUND] ]
09-27 14:55:25.376  1774  1901 E ConnectivityService: RemoteException caught trying to send a callback msg for NetworkRequest [ LISTEN id=11, [ Capabilities: INTERNET&NOT_RESTRICTED&TRUSTED&FOREGROUND] ]
09-27 14:55:25.409  1774  1785 D PowerManagerService: getScreenOffTimeoutLocked:  isTestFlag = false
09-27 14:55:25.464  1774  2835 D PowerManagerService: getScreenOffTimeoutLocked:  isTestFlag = false
09-27 14:55:25.480  1774  2835 D PowerManagerService: getScreenOffTimeoutLocked:  isTestFlag = false
09-27 14:55:25.486  1774  1981 D PowerManagerService: getScreenOffTimeoutLocked:  isTestFlag = false
09-27 14:55:25.488  1774  2280 D PowerManagerService: getScreenOffTimeoutLocked:  isTestFlag = false
09-27 14:55:25.539  1774  2737 D PowerManagerService: getScreenOffTimeoutLocked:  isTestFlag = false
09-27 14:55:25.684  1774  2746 D PowerManagerService: getScreenOffTimeoutLocked:  isTestFlag = false
09-27 14:55:25.732  1774  1884 D PowerManagerService: getScreenOffTimeoutLocked:  isTestFlag = false
09-27 14:55:25.742  1774  2883 D PowerManagerService: getScreenOffTimeoutLocked:  isTestFlag = false
09-27 14:55:25.775  1774  2823 D PowerManagerService: getScreenOffTimeoutLocked:  isTestFlag = false
09-27 14:55:25.783  1774  2746 D PowerManagerService: getScreenOffTimeoutLocked:  isTestFlag = false
09-27 14:55:25.843  1774  2736 D PowerManagerService: getScreenOffTimeoutLocked:  isTestFlag = false
09-27 14:55:25.860  2777  2777 W ContextImpl: Calling a method in the system process without a qualified user: android.app.ContextImpl.sendBroadcast:877 android.content.ContextWrapper.sendBroadcast:421 com.qti.launcherunreadservice.LauncherUnreadService.sendUnreadChangedBroadcast:319 com.qti.launcherunreadservice.LauncherUnreadService.-wrap3:-1 com.qti.launcherunreadservice.LauncherUnreadService$2$1.run:118 
09-27 14:55:25.916  1774  2069 D PowerManagerService: getScreenOffTimeoutLocked:  isTestFlag = false
09-27 14:55:26.007  1774  2737 D PowerManagerService: getScreenOffTimeoutLocked:  isTestFlag = false
09-27 14:55:26.012  1774  1785 D PowerManagerService: getScreenOffTimeoutLocked:  isTestFlag = false
09-27 14:55:26.014  1774  2795 D PowerManagerService: getScreenOffTimeoutLocked:  isTestFlag = false
09-27 14:55:26.174  1774  2279 D PowerManagerService: getScreenOffTimeoutLocked:  isTestFlag = false
09-27 14:55:26.267  1774  2795 D PowerManagerService: getScreenOffTimeoutLocked:  isTestFlag = false
09-27 14:55:26.326  1774  2795 D PowerManagerService: getScreenOffTimeoutLocked:  isTestFlag = false
09-27 14:55:26.442  1774  2280 D PowerManagerService: getScreenOffTimeoutLocked:  isTestFlag = false
09-27 14:55:26.443  1774  2835 D PowerManagerService: getScreenOffTimeoutLocked:  isTestFlag = false
09-27 14:55:26.489  1774  2835 D PowerManagerService: getScreenOffTimeoutLocked:  isTestFlag = false
09-27 14:55:26.578  1774  2823 D PowerManagerService: getScreenOffTimeoutLocked:  isTestFlag = false
09-27 14:55:26.646  1774  2746 D PowerManagerService: getScreenOffTimeoutLocked:  isTestFlag = false
09-27 14:55:26.696  1774  2069 I ActivityManager: Start proc 6602:com.android.calllogbackup/u0a0 for broadcast com.android.calllogbackup/.CallLogChangeReceiver
09-27 14:55:26.724  1774  1785 D PowerManagerService: getScreenOffTimeoutLocked:  isTestFlag = false
09-27 14:55:26.785  1774  2279 D PowerManagerService: getScreenOffTimeoutLocked:  isTestFlag = false
09-27 14:55:26.812  1774  1981 D PowerManagerService: getScreenOffTimeoutLocked:  isTestFlag = false
09-27 14:55:26.839  1774  2279 I ActivityManager: Killing 6075:com.google.android.apps.maps/u0a84 (adj 906): empty #17
09-27 14:55:26.880  1774  2823 D ActivityManager: cleanUpApplicationRecord -- 6075
09-27 14:55:26.880  1774  2280 D PowerManagerService: getScreenOffTimeoutLocked:  isTestFlag = false
09-27 14:55:26.889  1774  1774 D PowerManagerService: getScreenOffTimeoutLocked:  isTestFlag = false
09-27 14:55:26.937  1774  2823 D PowerManagerService: getScreenOffTimeoutLocked:  isTestFlag = false
09-27 14:55:26.940  1774  2797 D PowerManagerService: getScreenOffTimeoutLocked:  isTestFlag = false
09-27 14:55:26.959  1774  1884 D PowerManagerService: getScreenOffTimeoutLocked:  isTestFlag = false
09-27 14:55:26.973  1774  2737 D PowerManagerService: getScreenOffTimeoutLocked:  isTestFlag = false
09-27 14:55:26.993  1774  2279 D PowerManagerService: getScreenOffTimeoutLocked:  isTestFlag = false
09-27 14:55:27.084  1774  2746 D PowerManagerService: getScreenOffTimeoutLocked:  isTestFlag = false
09-27 14:55:27.135  1774  2795 D PowerManagerService: getScreenOffTimeoutLocked:  isTestFlag = false
09-27 14:55:27.195  1774  3500 D PowerManagerService: getScreenOffTimeoutLocked:  isTestFlag = false
09-27 14:55:27.207  1774  2736 D PowerManagerService: getScreenOffTimeoutLocked:  isTestFlag = false
09-27 14:55:27.212  1774  3500 D PowerManagerService: getScreenOffTimeoutLocked:  isTestFlag = false
09-27 14:55:27.222  1774  1981 D PowerManagerService: getScreenOffTimeoutLocked:  isTestFlag = false
09-27 14:55:27.223  1774  1901 D ConnectivityService: NetworkAgentInfo [MOBILE (LTE) - 101] validation failed
09-27 14:55:27.243  1774  2902 D PowerManagerService: getScreenOffTimeoutLocked:  isTestFlag = false
09-27 14:55:27.544  1774  2823 W ActivityManager: Unable to start service Intent { act=com.google.android.gms.analytics.service.START cmp=com.google.android.gms/.analytics.service.AnalyticsService (has extras) } U=0: not found
09-27 14:55:27.875  1774  1884 D PowerManagerService: getScreenOffTimeoutLocked:  isTestFlag = false
09-27 14:55:28.478  1774  1884 D PowerManagerService: getScreenOffTimeoutLocked:  isTestFlag = false
09-27 14:55:29.055  1774  1884 D PowerManagerService: getScreenOffTimeoutLocked:  isTestFlag = false
09-27 14:55:29.597  1774  1884 D PowerManagerService: getScreenOffTimeoutLocked:  isTestFlag = false
09-27 14:55:30.186  1774  1884 D PowerManagerService: getScreenOffTimeoutLocked:  isTestFlag = false
09-27 14:55:30.397  1774  2883 D PowerManagerService: getScreenOffTimeoutLocked:  isTestFlag = false
09-27 14:55:30.640  1774  1786 D PowerManagerService: getScreenOffTimeoutLocked:  isTestFlag = false
09-27 14:55:30.662  1774  2736 I ActivityManager: Killing 6130:com.google.android.apps.messaging/u0a86 (adj 906): empty #17
09-27 14:55:30.697  1774  2797 D ActivityManager: cleanUpApplicationRecord -- 6130
09-27 14:55:30.787  1774  1981 D PowerManagerService: getScreenOffTimeoutLocked:  isTestFlag = false
09-27 14:55:31.228  1774  1884 D PowerManagerService: getScreenOffTimeoutLocked:  isTestFlag = false
09-27 14:55:31.696  1774  1774 I Telecom : CallIntentProcessor: onReceive - isUnknownCall: false: PCR.oR@AMM
09-27 14:55:31.698  1774  1774 I Telecom : Class:  processOutgoingCallIntent isCallPull = false: PCR.oR@AMM
09-27 14:55:31.703  1774  1774 I Telecom : Class:  processOutgoingCallIntent handle = tel:186%201639%204096,scheme = tel, uriString = 186 1639 4096, isSkipSchemaParsing = false, isAddParticipant = false: PCR.oR@AMM
09-27 14:55:31.704  1774  1774 I Telecom : Class: callComposerData of MO call: null: PCR.oR@AMM
09-27 14:55:31.717  1774  1774 I Telecom : Event: Call TC@1: CREATED, null: PCR.oR@AMM
09-27 14:55:31.725  1774  1774 I Telecom : Event: Call TC@1: SET_CONNECTING, ComponentInfo{com.android.phone/com.android.services.telephony.TelephonyConnectionService}, [356a192b7913b04c54574d18c28d46e6395428ab], UserHandle{0}: PCR.oR@AMM
09-27 14:55:31.732  1774  2318 I Telecom : CallAudioRouteStateMachine: Message received: UPDATE_SYSTEM_AUDIO_ROUTE=1201, arg1=0: PCR.oR->CARSM.pM_UPDATE_SYSTEM_AUDIO_ROUTE@AMM_1
09-27 14:55:31.735  1774  2319 I Telecom : CallAudioModeStateMachine: Message received: NEW_ACTIVE_OR_DIALING_CALL.: PCR.oR->CAMSM.pM_2001@AMM_2
09-27 14:55:31.736  1774  2319 I Telecom : CallAudioModeStateMachine: Audio focus entering SIM CALL state: PCR.oR->CAMSM.pM_2001@AMM_2
09-27 14:55:31.741  1774  1774 I Telecom : InCallController: defaultDialer: null: PCR.oR@AMM
09-27 14:55:31.742  1774  1774 I Telecom : InCallController: defaultDialer: null: PCR.oR@AMM
09-27 14:55:31.749  1774  2822 D PowerManagerService: getScreenOffTimeoutLocked:  isTestFlag = false
09-27 14:55:31.750  1774  1774 I Telecom : CarSwappingInCallServiceConnection: carmodechange: false => false: PCR.oR@AMM
09-27 14:55:31.751  1774  1774 I Telecom : EmergencyInCallServiceConnection: Attempting to bind to InCall [ComponentInfo{com.android.dialer/com.android.incallui.InCallServiceImpl} supportsExternal? true], with Intent { act=android.telecom.InCallService cmp=com.android.dialer/com.android.incallui.InCallServiceImpl (has extras) }: PCR.oR@AMM
09-27 14:55:31.751  1774  2069 D PowerManagerService: getScreenOffTimeoutLocked:  isTestFlag = false
09-27 14:55:31.754  1774  2795 D PowerManagerService: getScreenOffTimeoutLocked:  isTestFlag = false
09-27 14:55:31.761  1774  1774 I Telecom : TelecomWakeLock: WakeLock already released with id: 26: PCR.oR@AMM
09-27 14:55:31.762  1774  1774 I Telecom : InCallWakeLockController: Releasing full wake lock: PCR.oR@AMM
09-27 14:55:31.778  1774  1774 I Telecom : NewOutgoingCallIntentBroadcaster: Sending NewOutgoingCallBroadcast for [TC@1, CONNECTING, null, tel:*** **** ****, A, childs(0), has_parent(false), [Capabilities:], [Properties:]] to UserHandle{0}: PCR.oR@AMM
09-27 14:55:31.784  1774  2318 I Telecom : CallAudioRouteStateMachine: setSystemAudioState: changing from [AudioState isMuted: false, route: EARPIECE, supportedRouteMask: EARPIECE, SPEAKER] to [AudioState isMuted: false, route: EARPIECE, supportedRouteMask: EARPIECE, SPEAKER]: PCR.oR->CARSM.pM_UPDATE_SYSTEM_AUDIO_ROUTE@AMM_1
09-27 14:55:31.790  1774  1774 I Telecom : TelecomSystem: CallerInfoAsyncQuery.startQuery number=[a815017aa1b394a7841fb4438a7851fc43781597] cookie=PCR.oR->CILH.sL@AMM_0_0: PCR.oR->CILH.sL@AMM_0
09-27 14:55:31.936  1774  2797 I ActivityManager: START u0 {act=android.intent.action.MAIN flg=0x10040000 cmp=com.android.dialer/com.android.incallui.InCallActivity (has extras)} from uid 10016 on display 0
09-27 14:55:31.947  1774  2797 D PowerManagerService: getScreenOffTimeoutLocked:  isTestFlag = false
09-27 14:55:32.008  1774  2795 D PowerManagerService: getScreenOffTimeoutLocked:  isTestFlag = false
09-27 14:55:32.015  1774  2737 D PowerManagerService: getScreenOffTimeoutLocked:  isTestFlag = false
09-27 14:55:32.026  1774  2795 D PowerManagerService: getScreenOffTimeoutLocked:  isTestFlag = false
09-27 14:55:32.049  1774  1785 W Telecom : MissedCallNotifierImpl: Showing missed calls through default dialer.: TSI.cMCN@AMU
09-27 14:55:32.062  1774  2069 W WindowManager:  SLCODE computeScreenConfigurationLocked, the hard device name is: msm8953-snd-card-mtp Button Jack
09-27 14:55:32.062  1774  2069 W WindowManager:  SLCODE computeScreenConfigurationLocked, the hard device name is: msm8953-snd-card-mtp Headset Jack
09-27 14:55:32.062  1774  2069 W WindowManager:  SLCODE computeScreenConfigurationLocked, the hard device name is: hbtp_vm
09-27 14:55:32.062  1774  2069 W WindowManager:  SLCODE computeScreenConfigurationLocked, the hard device name is: qpnp_pon
09-27 14:55:32.062  1774  2069 W WindowManager:  SLCODE computeScreenConfigurationLocked, the hard device name is: gpio-keys
09-27 14:55:32.062  1774  2069 W WindowManager:  SLCODE computeScreenConfigurationLocked, the hard device name is: ft5435_ts
09-27 14:55:32.165  1774  2902 D PowerManagerService: getScreenOffTimeoutLocked:  isTestFlag = false
09-27 14:55:32.188  1774  2318 I Telecom : CallAudioRouteStateMachine: Message received: SWITCH_FOCUS=4001, arg1=2: PCR.oR->CAMSM.pM_2001->CARSM.pM_SWITCH_FOCUS@AMM_2_2
09-27 14:55:32.189  1774  2318 I Telecom : Event: Call TC@1: AUDIO_ROUTE, Leaving state QuiescentEarpieceRoute: PCR.oR->CAMSM.pM_2001->CARSM.pM_SWITCH_FOCUS@AMM_2_2
09-27 14:55:32.195  3564  3564 W ContextImpl: Calling a method in the system process without a qualified user: android.app.ContextImpl.sendBroadcast:877 android.content.ContextWrapper.sendBroadcast:421 com.qualcomm.qti.qs.tiles.AudioProfileTile.handleUpdateState:82 com.qualcomm.qti.qs.tiles.AudioProfileTile$1.onReceive:30 android.app.LoadedApk$ReceiverDispatcher$Args.run:1122 
09-27 14:55:32.197  1774  2318 I Telecom : Event: Call TC@1: AUDIO_ROUTE, Entering state ActiveEarpieceRoute: PCR.oR->CAMSM.pM_2001->CARSM.pM_SWITCH_FOCUS@AMM_2_2
09-27 14:55:32.200  1774  2318 I Telecom : CallAudioRouteStateMachine: setNotificationsSuppressed: on=yes; suppressed=no: PCR.oR->CAMSM.pM_2001->CARSM.pM_SWITCH_FOCUS@AMM_2_2
09-27 14:55:32.248  1774  2318 D ZenLog  : config: setInterruptionFilter,ZenModeConfig[user=0,allowCalls=true,allowRepeatCallers=false,allowMessages=false,allowCallsFrom=contacts,allowMessagesFrom=contacts,allowReminders=true,allowEvents=true,allowWhenScreenOff=true,allowWhenScreenOn=true,automaticRules={82fd6015e7e1455583e84a806baf9798=ZenRule[enabled=false,snoozing=false,name=Event,zenMode=ZEN_MODE_ALARMS,conditionId=condition://android/event?userId=-10000&calendar=&reply=1,condition=Condition[id=condition://android/event?userId=-10000&calendar=&reply=1,summary=...,line1=...,line2=...,icon=0,state=STATE_FALSE,flags=2],component=ComponentInfo{android/com.android.server.notification.EventConditionProvider},id=82fd6015e7e1455583e84a806baf9798,creationTime=437721937,enabler=null], c78a06a7c6be48809398f97323063616=ZenRule[enabled=false,snoozing=false,name=Weekend,zenMode=ZEN_MODE_ALARMS,conditionId=condition://android/schedule?days=6.7&start=23.30&end=10.0&exitAtAlarm=false,condition=Condition[id=condition://android/schedule?days=6.7&start=23.30&end=10.0&exitAtAlarm=false,summary=...,line1=...,line2=...,icon=0,state=STATE_FALSE,flags=2],component=ComponentInfo{android/com.android.server.notification.ScheduleConditionProvider},id=c78a06a7c6be48809398f97323063616,creationTime=437721936,enabler=null], ff1dfaf3f16449d9ba35ff104149defb=ZenRule[enabled=false,snoozing=false,name=Weeknight,zenMode=ZEN_MODE_ALARMS,conditionId=condition://android/schedule?days=1.2.3.4.5&start=22.0&end=7.0&exitAtAlarm=false,condition=Condition[id=condition://android/schedule?days=1.2.3.4.5&start=22.0&end=7.0&exitAtAlarm=false,summary=...,line1=...,line2=...,icon=0,state=STATE_FALSE,flags=2],component=ComponentInfo{android/com.android.server.notification.ScheduleConditionProvider},id=ff1dfaf3f16449d9ba35ff104149defb,creationTime=437721935,enabler=null]},manualRule=ZenRule[enabled=true,snoozing=false,name=null,zenMode=ZEN_MODE_ALARMS,conditionId=null,condition=null,component=null,id=null,creationTime=0,enabler=com.android.server.telecom]],Diff[manualRule:insert]
09-27 14:55:32.252  1774  2318 I Telecom : CallAudioRouteStateMachine: setSystemAudioState: changing from [AudioState isMuted: false, route: EARPIECE, supportedRouteMask: EARPIECE, SPEAKER] to [AudioState isMuted: false, route: EARPIECE, supportedRouteMask: EARPIECE, SPEAKER]: PCR.oR->CAMSM.pM_2001->CARSM.pM_SWITCH_FOCUS@AMM_2_2
09-27 14:55:32.303  1774  2069 D PowerManagerService: getScreenOffTimeoutLocked:  isTestFlag = false
09-27 14:55:32.330  3564  3564 W ContextImpl: Calling a method in the system process without a qualified user: android.app.ContextImpl.sendBroadcast:877 android.content.ContextWrapper.sendBroadcast:421 com.qualcomm.qti.qs.tiles.AudioProfileTile.handleUpdateState:82 com.qualcomm.qti.qs.tiles.AudioProfileTile$1.onReceive:30 android.app.LoadedApk$ReceiverDispatcher$Args.run:1122 
09-27 14:55:32.552  1774  1785 W ActivityManager: Unable to start service Intent { act=com.google.android.gms.analytics.service.START cmp=com.google.android.gms/.analytics.service.AnalyticsService (has extras) } U=0: not found
09-27 14:55:32.901  1774  2822 D PowerManagerService: getScreenOffTimeoutLocked:  isTestFlag = false
09-27 14:55:34.750  1774  2737 D PowerManagerService: getScreenOffTimeoutLocked:  isTestFlag = false
09-27 14:55:34.761  1774  2279 D PowerManagerService: getScreenOffTimeoutLocked:  isTestFlag = false
09-27 14:55:34.765  1774  2746 D PowerManagerService: getScreenOffTimeoutLocked:  isTestFlag = false
09-27 14:55:34.854  1774  2795 D PowerManagerService: getScreenOffTimeoutLocked:  isTestFlag = false
09-27 14:55:35.858  1774  1774 I Telecom : CallerInfoLookupHelper: CI query for handle tel:*** **** **** has completed; notifying all listeners.: PCR.oR->CILH.sL->CILH.oQC@AMM_0_0
09-27 14:55:35.860  1774  1774 I Telecom : Call: CallerInfo received for tel:*** **** ****: com.android.internal.telephony.CallerInfo@4042bfe { name null, phoneNumber non-null }: PCR.oR->CILH.sL->CILH.oQC@AMM_0_0
09-27 14:55:35.861  1774  1774 I Telecom : CallerInfoLookupHelper: There is no photo for this contact, skipping photo query: PCR.oR->CILH.sL->CILH.oQC@AMM_0_0
09-27 14:55:35.867  1774  1774 I Telecom : InCallController: onConnected to ComponentInfo{com.android.dialer/com.android.incallui.InCallServiceImpl}: ICSBC.oSC@AMc
09-27 14:55:35.871  1774  1774 I Telecom : InCallController: Adding 1 calls to InCallService after onConnected: ComponentInfo{com.android.dialer/com.android.incallui.InCallServiceImpl}, including external calls: ICSBC.oSC@AMc
09-27 14:55:35.874  1774  1774 I Telecom : InCallController: 1 calls sent to InCallService.: ICSBC.oSC@AMc
09-27 14:55:35.897  1774  2795 D PowerManagerService: getScreenOffTimeoutLocked:  isTestFlag = false
09-27 14:55:35.919  1774  1774 I ActivityManager: Start proc 6661:com.qualcomm.qti.RIDL/1000 for broadcast com.qualcomm.qti.RIDL/.cBroadcastReceiver
09-27 14:55:35.931  1774  2822 W WindowManager:  SLCODE computeScreenConfigurationLocked, the hard device name is: msm8953-snd-card-mtp Button Jack
09-27 14:55:35.931  1774  2822 W WindowManager:  SLCODE computeScreenConfigurationLocked, the hard device name is: msm8953-snd-card-mtp Headset Jack
09-27 14:55:35.931  1774  2822 W WindowManager:  SLCODE computeScreenConfigurationLocked, the hard device name is: hbtp_vm
09-27 14:55:35.931  1774  2822 W WindowManager:  SLCODE computeScreenConfigurationLocked, the hard device name is: qpnp_pon
09-27 14:55:35.931  1774  2822 W WindowManager:  SLCODE computeScreenConfigurationLocked, the hard device name is: gpio-keys
09-27 14:55:35.932  1774  2822 W WindowManager:  SLCODE computeScreenConfigurationLocked, the hard device name is: ft5435_ts
09-27 14:55:35.987  1774  1774 D ZenLog  : set_zen_mode: alarms,setInterruptionFilter
09-27 14:55:36.004  1774  1774 D ZenLog  : set_ringer_mode_internal: ZenModeHelper,i:normal->silent,e:normal->silent
09-27 14:55:36.023  3564  3564 W ContextImpl: Calling a method in the system process without a qualified user: android.app.ContextImpl.sendBroadcast:877 android.content.ContextWrapper.sendBroadcast:421 com.qualcomm.qti.qs.tiles.AudioProfileTile.handleUpdateState:82 com.qualcomm.qti.qs.tiles.AudioProfileTile$1.onReceive:30 android.app.LoadedApk$ReceiverDispatcher$Args.run:1122 
09-27 14:55:36.149  1774  2280 I ActivityManager: Killing 6171:com.google.android.partnersetup/u0a19 (adj 906): empty #17
09-27 14:55:36.169  1774  1774 I Telecom : : interruptionFilterChanged - ignoring own change: CARSM.oR@ANU
09-27 14:55:36.195  1774  1774 I Telecom : NewOutgoingCallBroadcastIntentReceiver: Received new-outgoing-call-broadcast for [TC@1, CONNECTING, null, tel:*** **** ****, A, childs(0), has_parent(false), [Capabilities:], [Properties:]] with data [81262038e5c5f6fa171137317192ce1c35d7b107]: NOCBIR.oR@ANY
09-27 14:55:36.198  1774  2822 D ActivityManager: cleanUpApplicationRecord -- 6171
09-27 14:55:36.207  1774  1774 I Telecom : CallsManager: Creating a new outgoing call with handle: tel:***********: NOCBIR.oR@ANY
09-27 14:55:36.212  1774  1774 I Telecom : InCallController: Sending updateCall [TC@1, CONNECTING, null, tel:***********, A, childs(0), has_parent(false), [Capabilities:], [Properties:]]: NOCBIR.oR@ANY
09-27 14:55:36.215  1774  1774 I Telecom : InCallController: Components updated: [ComponentInfo{com.android.dialer/com.android.incallui.InCallServiceImpl}]: NOCBIR.oR@ANY
09-27 14:55:36.236  1774  1774 I Telecom : PhoneAccountRegistrar: SimCallManager queried, returning: null: NOCBIR.oR@ANY
09-27 14:55:36.239  1774  1774 I Telecom : CreateConnectionProcessor: Trying attempt CallAttemptRecord(ComponentInfo{com.android.phone/com.android.services.telephony.TelephonyConnectionService}, [356a192b7913b04c54574d18c28d46e6395428ab], UserHandle{0},ComponentInfo{com.android.phone/com.android.services.telephony.TelephonyConnectionService}, [356a192b7913b04c54574d18c28d46e6395428ab], UserHandle{0}): NOCBIR.oR@ANY
09-27 14:55:36.245  1774  1774 I Telecom : Event: Call TC@1: BIND_CS, ComponentInfo{com.android.phone/com.android.services.telephony.TelephonyConnectionService}: NOCBIR.oR@ANY
09-27 14:55:36.263  1774  1774 I Telecom : TelecomSystem: CallerInfoAsyncQuery.startQuery number=[81262038e5c5f6fa171137317192ce1c35d7b107] cookie=NOCBIR.oR->CILH.sL@ANY_0_0: NOCBIR.oR->CILH.sL@ANY_0
09-27 14:55:36.365  1774  1774 I Telecom : CallerInfoLookupHelper: CI query for handle tel:*********** has completed; notifying all listeners.: NOCBIR.oR->CILH.sL->CILH.oQC@ANY_0_0
09-27 14:55:36.366  1774  1774 I Telecom : Call: CallerInfo received for tel:***********: com.android.internal.telephony.CallerInfo@e1f0786 { name null, phoneNumber non-null }: NOCBIR.oR->CILH.sL->CILH.oQC@ANY_0_0
09-27 14:55:36.368  1774  1774 I Telecom : CallerInfoLookupHelper: There is no photo for this contact, skipping photo query: NOCBIR.oR->CILH.sL->CILH.oQC@ANY_0_0
09-27 14:55:36.391  1774  1774 I Telecom : ServiceBinderConnection: Service bound ComponentInfo{com.android.phone/com.android.services.telephony.TelephonyConnectionService}: SBC.oSC@ANc
09-27 14:55:36.392  1774  1774 I Telecom : Event: Call TC@1: CS_BOUND, ComponentInfo{com.android.phone/com.android.services.telephony.TelephonyConnectionService}: SBC.oSC@ANc
09-27 14:55:36.397  1774  1774 I Telecom : Event: Call TC@1: START_CONNECTION, tel:***********: SBC.oSC@ANc
09-27 14:55:36.420  1774  2901 I Telecom : PhoneAccountRegistrar: SimCallManager queried, returning: null: CSW.qRCS@ANg
09-27 14:55:36.469  1774  2279 D PowerManagerService: getScreenOffTimeoutLocked:  isTestFlag = false
09-27 14:55:36.601  1774  1774 D ZenLog  : intercepted: 0|com.qualcomm.qti.logkit|-1|null|1000,alarmsOnly
09-27 14:55:36.611  1774  1774 V NotificationService: pkg=com.qualcomm.qti.logkit canInterrupt=false intercept=true
09-27 14:55:36.616  1774  2883 D PowerManagerService: getScreenOffTimeoutLocked:  isTestFlag = false
09-27 14:55:36.648  1774  1774 V NotificationService: pkg=com.qualcomm.qti.logkit canInterrupt=false intercept=true
09-27 14:55:36.659  1774  2901 D PowerManagerService: getScreenOffTimeoutLocked:  isTestFlag = false
09-27 14:55:36.661  1774  2901 D PowerManagerService: getScreenOffTimeoutLocked:  isTestFlag = false
09-27 14:55:36.663  1774  2280 D PowerManagerService: getScreenOffTimeoutLocked:  isTestFlag = false
09-27 14:55:36.667  1774  2901 D PowerManagerService: getScreenOffTimeoutLocked:  isTestFlag = false
09-27 14:55:36.668  1774  2901 D PowerManagerService: getScreenOffTimeoutLocked:  isTestFlag = false
09-27 14:55:36.669  1774  2902 D PowerManagerService: getScreenOffTimeoutLocked:  isTestFlag = false
09-27 14:55:36.670  1774  2797 D PowerManagerService: getScreenOffTimeoutLocked:  isTestFlag = false
09-27 14:55:36.671  1774  2795 D PowerManagerService: getScreenOffTimeoutLocked:  isTestFlag = false
09-27 14:55:36.715  1774  1786 I Telecom : InCallController: Sending updateCall [TC@1, CONNECTING, com.android.phone/com.android.services.telephony.TelephonyConnectionService, tel:***********, A, childs(0), has_parent(false), [Capabilities:], [Properties:]]: CSW.hCCC@ANk
09-27 14:55:36.717  1774  1786 I Telecom : InCallController: Components updated: [ComponentInfo{com.android.dialer/com.android.incallui.InCallServiceImpl}]: CSW.hCCC@ANk
09-27 14:55:36.721  1774  1786 I Telecom : InCallController: Sending updateCall [TC@1, CONNECTING, com.android.phone/com.android.services.telephony.TelephonyConnectionService, tel:***********, A, childs(0), has_parent(false), [Capabilities: CAPABILITY_SUPPORT_HOLD CAPABILITY_MUTE CAPABILITY_CANNOT_DOWNGRADE_VIDEO_TO_AUDIO], [Properties:]]: CSW.hCCC@ANk
09-27 14:55:36.723  1774  1786 I Telecom : InCallController: Components updated: [ComponentInfo{com.android.dialer/com.android.incallui.InCallServiceImpl}]: CSW.hCCC@ANk
09-27 14:55:36.725  1774  1786 I Telecom : Event: Call TC@1: CAPABILITY_CHANGE, Current: [[ sup_hld mut !v2a]], Removed [[]], Added [[ sup_hld mut !v2a]]: CSW.hCCC@ANk
09-27 14:55:36.731  1774  1786 I Telecom : InCallController: Sending updateCall [TC@1, CONNECTING, com.android.phone/com.android.services.telephony.TelephonyConnectionService, tel:***********, A, childs(0), has_parent(false), [Capabilities: CAPABILITY_SUPPORT_HOLD CAPABILITY_MUTE CAPABILITY_CANNOT_DOWNGRADE_VIDEO_TO_AUDIO], [Properties:]]: CSW.hCCC@ANk
09-27 14:55:36.733  1774  1786 I Telecom : InCallController: Components updated: [ComponentInfo{com.android.dialer/com.android.incallui.InCallServiceImpl}]: CSW.hCCC@ANk
09-27 14:55:36.735  1774  2319 I Telecom : CallAudioModeStateMachine: Message received: FOREGROUND_VOIP_MODE_CHANGE.: CSW.hCCC->CAMSM.pM_4001@ANk_0
09-27 14:55:36.736  1774  1786 I Telecom : InCallController: Sending updateCall [TC@1, CONNECTING, com.android.phone/com.android.services.telephony.TelephonyConnectionService, tel:***********, A, childs(0), has_parent(false), [Capabilities: CAPABILITY_SUPPORT_HOLD CAPABILITY_MUTE CAPABILITY_CANNOT_DOWNGRADE_VIDEO_TO_AUDIO], [Properties:]]: CSW.hCCC@ANk
09-27 14:55:36.738  1774  1786 I Telecom : InCallController: Components updated: [ComponentInfo{com.android.dialer/com.android.incallui.InCallServiceImpl}]: CSW.hCCC@ANk
09-27 14:55:36.742  1774  1786 I Telecom : InCallController: Sending updateCall [TC@1, CONNECTING, com.android.phone/com.android.services.telephony.TelephonyConnectionService, tel:***********, A, childs(0), has_parent(false), [Capabilities: CAPABILITY_SUPPORT_HOLD CAPABILITY_MUTE CAPABILITY_CANNOT_DOWNGRADE_VIDEO_TO_AUDIO], [Properties:]]: CSW.hCCC@ANk
09-27 14:55:36.744  1774  1786 I Telecom : InCallController: Components updated: [ComponentInfo{com.android.dialer/com.android.incallui.InCallServiceImpl}]: CSW.hCCC@ANk
09-27 14:55:36.747  1774  1786 I Telecom : CallsManager: setCallState CONNECTING -> DIALING, call: [TC@1, CONNECTING, com.android.phone/com.android.services.telephony.TelephonyConnectionService, tel:***********, A, childs(0), has_parent(false), [Capabilities: CAPABILITY_SUPPORT_HOLD CAPABILITY_MUTE CAPABILITY_CANNOT_DOWNGRADE_VIDEO_TO_AUDIO], [Properties:]]: CSW.hCCC@ANk
09-27 14:55:36.748  1774  1786 I Telecom : Event: Call TC@1: SET_DIALING, successful outgoing call: CSW.hCCC@ANk
09-27 14:55:36.751  1774  2319 I Telecom : CallAudioModeStateMachine: Message received: NEW_ACTIVE_OR_DIALING_CALL.: CSW.hCCC->CAMSM.pM_2001@ANk_1
09-27 14:55:36.752  1774  1786 I Telecom : InCallController: Sending updateCall [TC@1, DIALING, com.android.phone/com.android.services.telephony.TelephonyConnectionService, tel:***********, A, childs(0), has_parent(false), [Capabilities: CAPABILITY_SUPPORT_HOLD CAPABILITY_MUTE CAPABILITY_CANNOT_DOWNGRADE_VIDEO_TO_AUDIO], [Properties:]]: CSW.hCCC@ANk
09-27 14:55:36.754  1774  1786 I Telecom : InCallController: Components updated: [ComponentInfo{com.android.dialer/com.android.incallui.InCallServiceImpl}]: CSW.hCCC@ANk
09-27 14:55:36.755  1774  1786 I Telecom : TelecomWakeLock: WakeLock already released with id: 26: CSW.hCCC@ANk
09-27 14:55:36.756  1774  1786 I Telecom : InCallWakeLockController: Releasing full wake lock: CSW.hCCC@ANk
09-27 14:55:36.777  1774  1786 I Telecom : PhoneStateBroadcaster: Broadcasted state change: 2: CSW.hCCC@ANk
09-27 14:55:36.778  1774  1788 W BroadcastQueue: Permission Denial: receiving Intent { act=android.intent.action.PHONE_STATE flg=0x10 (has extras) } to ProcessRecord{d044448 1940:com.android.systemui/u0a32} (pid=1940, uid=10032) requires android.permission.READ_PHONE_STATE due to sender android (uid 1000)
09-27 14:55:36.784  1774  2318 I Telecom : CallAudioRouteStateMachine: Message received: UPDATE_SYSTEM_AUDIO_ROUTE=1201, arg1=0: CSW.hCCC->CARSM.pM_UPDATE_SYSTEM_AUDIO_ROUTE@ANk_2
09-27 14:55:36.784  1774  1786 I Telecom : InCallController: Sending updateCall [TC@1, DIALING, com.android.phone/com.android.services.telephony.TelephonyConnectionService, tel:***********, A, childs(0), has_parent(false), [Capabilities: CAPABILITY_SUPPORT_HOLD CAPABILITY_MUTE CAPABILITY_CANNOT_DOWNGRADE_VIDEO_TO_AUDIO], [Properties:]]: CSW.hCCC@ANk
09-27 14:55:36.791  1774  1786 I Telecom : InCallController: Components updated: [ComponentInfo{com.android.dialer/com.android.incallui.InCallServiceImpl}]: CSW.hCCC@ANk
09-27 14:55:36.797  1774  1786 I Telecom : CallsManager: setCallState DIALING -> DIALING, call: [TC@1, DIALING, com.android.phone/com.android.services.telephony.TelephonyConnectionService, tel:***********, A, childs(0), has_parent(false), [Capabilities: CAPABILITY_SUPPORT_HOLD CAPABILITY_MUTE CAPABILITY_CANNOT_DOWNGRADE_VIDEO_TO_AUDIO], [Properties:]]: CSW.hCCC@ANk
09-27 14:55:36.801  1774  2318 I Telecom : CallAudioRouteStateMachine: setSystemAudioState: changing from [AudioState isMuted: false, route: EARPIECE, supportedRouteMask: EARPIECE, SPEAKER] to [AudioState isMuted: false, route: EARPIECE, supportedRouteMask: EARPIECE, SPEAKER]: CSW.hCCC->CARSM.pM_UPDATE_SYSTEM_AUDIO_ROUTE@ANk_2
09-27 14:55:36.803  1774  2318 I Telecom : InCallController: Calling onAudioStateChanged, audioState: [AudioState isMuted: false, route: EARPIECE, supportedRouteMask: EARPIECE, SPEAKER] -> [AudioState isMuted: false, route: EARPIECE, supportedRouteMask: EARPIECE, SPEAKER]: CSW.hCCC->CARSM.pM_UPDATE_SYSTEM_AUDIO_ROUTE@ANk_2
09-27 14:55:36.808  1774  2318 I Telecom : CallAudioRouteStateMachine: Message received: USER_SWITCH_EARPIECE=1101, arg1=0: CSW.hCCC->CARSM.pM_USER_SWITCH_EARPIECE@ANk_3
09-27 14:55:36.882  1774  2795 D PowerManagerService: getScreenOffTimeoutLocked:  isTestFlag = false
09-27 14:55:36.887  1774  1886 D PowerManagerService: getScreenOffTimeoutLocked:  isTestFlag = false
09-27 14:55:36.933  1774  2280 D PowerManagerService: getScreenOffTimeoutLocked:  isTestFlag = false
09-27 14:55:36.939  1774  2902 D PowerManagerService: getScreenOffTimeoutLocked:  isTestFlag = false
09-27 14:55:37.045  1774  1774 D ZenLog  : intercepted: 0|com.android.dialer|1|null|10016,alarmsOnly
09-27 14:55:37.062  1774  1774 V NotificationService: pkg=com.android.dialer canInterrupt=false intercept=true
09-27 14:55:37.129  1774  2902 I Telecom : InCallController: Sending updateCall [TC@1, DIALING, com.android.phone/com.android.services.telephony.TelephonyConnectionService, tel:***********, A, childs(0), has_parent(false), [Capabilities: CAPABILITY_SUPPORT_HOLD CAPABILITY_MUTE], [Properties:]]: CSW.sCC@AOY
09-27 14:55:37.131  1774  2902 I Telecom : InCallController: Components updated: [ComponentInfo{com.android.dialer/com.android.incallui.InCallServiceImpl}]: CSW.sCC@AOY
09-27 14:55:37.135  1774  2902 I Telecom : Event: Call TC@1: CAPABILITY_CHANGE, Current: [[ sup_hld mut]], Removed [[ !v2a]], Added [[]]: CSW.sCC@AOY
09-27 14:55:37.144  1774  2746 D PowerManagerService: getScreenOffTimeoutLocked:  isTestFlag = false
09-27 14:55:37.158  1774  2902 I Telecom : InCallController: Sending updateCall [TC@1, DIALING, com.android.phone/com.android.services.telephony.TelephonyConnectionService, tel:***********, A, childs(0), has_parent(false), [Capabilities: CAPABILITY_SUPPORT_HOLD CAPABILITY_MUTE], [Properties:]]: CSW.pE@AOc
