09-27 14:56:59.573  1774  2835 D PowerManagerService: getScreenOffTimeoutLocked:  isTestFlag = false
09-27 14:56:59.643  1774  1774 D PowerManagerService: getScreenOffTimeoutLocked:  isTestFlag = false
09-27 14:56:59.667  1774  2797 D PowerManagerService: getScreenOffTimeoutLocked:  isTestFlag = false
09-27 14:56:59.670  1774  2280 D PowerManagerService: getScreenOffTimeoutLocked:  isTestFlag = false
09-27 14:56:59.707  1774  1786 D PowerManagerService: getScreenOffTimeoutLocked:  isTestFlag = false
09-27 14:56:59.851  1774  2835 D PowerManagerService: getScreenOffTimeoutLocked:  isTestFlag = false
09-27 14:56:59.904  1774  2901 D PowerManagerService: getScreenOffTimeoutLocked:  isTestFlag = false
09-27 14:56:59.905  1774  2746 D PowerManagerService: getScreenOffTimeoutLocked:  isTestFlag = false
09-27 14:56:59.937  1774  2795 D PowerManagerService: getScreenOffTimeoutLocked:  isTestFlag = false
09-27 14:57:00.004  1774  1883 D PowerManagerService: getScreenOffTimeoutLocked:  isTestFlag = false
09-27 14:57:00.095  1774  1774 D PowerManagerService: getScreenOffTimeoutLocked:  isTestFlag = false
09-27 14:57:00.218  1774  2901 D PowerManagerService: getScreenOffTimeoutLocked:  isTestFlag = false
09-27 14:57:04.540  1774  3500 D PowerManagerService: getScreenOffTimeoutLocked:  isTestFlag = false
09-27 14:57:04.550  1774  2736 D PowerManagerService: getScreenOffTimeoutLocked:  isTestFlag = false
09-27 14:57:04.552  1774  3500 D PowerManagerService: getScreenOffTimeoutLocked:  isTestFlag = false
09-27 14:57:04.562  1774  2835 D PowerManagerService: getScreenOffTimeoutLocked:  isTestFlag = false
09-27 14:57:04.565  1774  1901 D ConnectivityService: NetworkAgentInfo [MOBILE (LTE) - 101] validation failed
09-27 14:57:08.770  1774  1798 D PowerManagerService: getScreenOffTimeoutLocked:  isTestFlag = false
09-27 14:57:11.532  1774  1883 D PowerManagerService: getScreenOffTimeoutLocked:  isTestFlag = false
09-27 14:57:11.677  1774  1774 D PowerManagerService: getScreenOffTimeoutLocked:  isTestFlag = false
09-27 14:57:14.375  1774  1883 D PowerManagerService: getScreenOffTimeoutLocked:  isTestFlag = false
09-27 14:57:14.379  1774  1774 D PowerManagerService: getScreenOffTimeoutLocked:  isTestFlag = false
09-27 14:57:15.771  1774  1798 D PowerManagerService: getScreenOffTimeoutLocked:  isTestFlag = false
09-27 14:57:18.685  1774  1798 D PowerManagerService: getScreenOffTimeoutLocked:  isTestFlag = false
09-27 14:57:18.686  1774  1798 I PowerManagerService: Going to sleep due to screen timeout (uid 1000)...
09-27 14:57:18.688  1774  1798 D PowerManagerService: getScreenOffTimeoutLocked:  isTestFlag = false
09-27 14:57:19.364  1774  1798 D PowerManagerService: getScreenOffTimeoutLocked:  isTestFlag = false
09-27 14:57:19.370  1774  1788 I VrManagerService: VR mode is disallowed
09-27 14:57:19.511  1774  1796 I DisplayManagerService: Display device changed state: "Built-in Screen", OFF
09-27 14:57:19.550  1774  2736 W Telecom : MissedCallNotifierImpl: Showing missed calls through default dialer.: TSI.cMCN@AuQ
09-27 14:57:19.600  1774  1981 D PowerManagerService: getScreenOffTimeoutLocked:  isTestFlag = false
09-27 14:57:20.044  1774  1798 I DreamManagerService: Entering dreamland.
09-27 14:57:20.046  1774  1798 D PowerManagerService: getScreenOffTimeoutLocked:  isTestFlag = false
09-27 14:57:20.048  1774  1798 I PowerManagerService: Dozing...
09-27 14:57:20.054  1774  1794 I DreamController: Starting dream: name=ComponentInfo{com.android.systemui/com.android.systemui.doze.DozeService}, isTest=false, canDoze=true, userId=0
09-27 14:57:20.207  1774  2279 D PowerManagerService: getScreenOffTimeoutLocked:  isTestFlag = false
09-27 14:57:20.213  1774  1794 D PowerManagerService: getScreenOffTimeoutLocked:  isTestFlag = false
09-27 14:57:20.215  1774  2280 D PowerManagerService: getScreenOffTimeoutLocked:  isTestFlag = false
09-27 14:57:20.216  1774  2280 D PowerManagerService: getScreenOffTimeoutLocked:  isTestFlag = false
09-27 14:57:20.220  1774  2902 D PowerManagerService: getScreenOffTimeoutLocked:  isTestFlag = false
--------- beginning of main
09-27 14:57:20.264  1966  1966 I chatty  : uid=1010(wifi) /system/bin/wpa_supplicant expire 110 lines
09-27 14:57:20.288   752   752 E WLAN_PSA: NL MSG RCV err -1 105
09-27 14:57:20.401  1774  2737 D PowerManagerService: getScreenOffTimeoutLocked:  isTestFlag = false
09-27 14:57:20.405  1774  2279 D PowerManagerService: getScreenOffTimeoutLocked:  isTestFlag = false
09-27 14:57:20.416  2651  4570 I NearbyDirect: MagicPairScanner: BluetoothLeScanner is null, Bluetooth might be off. Enabled=false
09-27 14:57:20.468   775  1909 D audio_hw_primary: adev_set_parameters: enter: screen_state=off
09-27 14:57:20.468   775  1909 D msm8916_platform: platform_set_parameters:mic_ret: -2
09-27 14:57:20.468   775  1909 D audio_hw_extn: audio_extn_set_anc_parameters: anc_enabled:0
09-27 14:57:20.468   775  1909 D audio_hw_spkr_prot: audio_extn_fbsp_set_parameters: Speaker protection disabled
09-27 14:57:20.554  1926  1926 I GoogleInputMethod: onReceive() : Action = android.intent.action.SCREEN_OFF
09-27 14:57:20.696  2814  2814 E LibSecureUISvc: svc_sock_send_message(suisvc): Error sending data, -1 vs 4: Connection refused
09-27 14:57:20.736  1774  1981 D PowerManagerService: getScreenOffTimeoutLocked:  isTestFlag = false
09-27 14:57:20.739  1774  2902 D PowerManagerService: getScreenOffTimeoutLocked:  isTestFlag = false
09-27 14:57:20.758  2651  4570 I NearbyDirect: MagicPairScanner: BluetoothLeScanner is null, Bluetooth might be off. Enabled=false
09-27 14:57:20.935  1319  1382 W XTCC-5.1.0.23-d: [LOWIUtils] to_eScanTypeResponse - default case
09-27 14:57:20.941  1319  1382 W XTCC-5.1.0.23-d: [LOWIUtils] to_eScanTypeResponse - default case
09-27 14:57:20.941  1319  1382 W XTCC-5.1.0.23-d: [WifiScanner] WiFi scan result : [11] AP's
09-27 14:57:21.021  1774  2983 I chatty  : uid=1000(system) IzatServiceBase expire 16 lines
09-27 14:57:21.040  1774  1897 I chatty  : uid=1000(system) WifiStateMachin expire 11 lines
09-27 14:57:23.824  1774  1883 D PowerManagerService: getScreenOffTimeoutLocked:  isTestFlag = false
09-27 14:57:23.851  1940  1940 W KeyguardViewMediator: getFactoryKitMode:result:0
09-27 14:57:23.854  1774  1785 D PowerManagerService: getScreenOffTimeoutLocked:  isTestFlag = false
09-27 14:57:23.861  1774  1774 D PowerManagerService: getScreenOffTimeoutLocked:  isTestFlag = false
09-27 14:57:23.968  1774  2823 I ActivityManager: Setting hasTopUi=true for pid=1940
09-27 14:57:24.686  1940  2541 I chatty  : uid=10032(com.android.systemui) QSTileHost expire 20 lines
09-27 14:57:24.730  1940  1940 V KeyguardStatusView: refresh statusview showing:true
09-27 14:57:24.762  1774  2279 D PowerManagerService: getScreenOffTimeoutLocked:  isTestFlag = false
09-27 14:57:24.763  1940  1940 V KeyguardDisplayManager: show
09-27 14:57:24.807  1774  1981 D PowerManagerService: getScreenOffTimeoutLocked:  isTestFlag = false
09-27 14:57:24.812  1774  1981 D PowerManagerService: getScreenOffTimeoutLocked:  isTestFlag = false
09-27 14:57:24.965  1774  1796 D PowerManagerService: getScreenOffTimeoutLocked:  isTestFlag = false
09-27 14:57:26.575  1774  2823 I chatty  : uid=1000(system) Binder:1774_E expire 3 lines
09-27 14:57:26.646  1774  1788 I ActivityManager: Killing 4257:com.google.android.googlequicksearchbox:search/u0a37 (adj 906): empty #17
09-27 14:57:26.741  1774  2797 D ConnectivityService: ConnectivityService NetworkRequestInfo binderDied(NetworkRequest [ LISTEN id=9, [ Capabilities: INTERNET&NOT_RESTRICTED&TRUSTED] ], android.os.BinderProxy@1f5fcb3)
09-27 14:57:26.741  1774  2280 D ActivityManager: cleanUpApplicationRecord -- 4257
09-27 14:57:26.747  1774  1901 E ConnectivityService: RemoteException caught trying to send a callback msg for NetworkRequest [ LISTEN id=9, [ Capabilities: INTERNET&NOT_RESTRICTED&TRUSTED] ]
09-27 14:57:29.484  4991  4991 I LKCore  : vendor/qcom/proprietary/qti-logkit/LKCore/SocketConnector.h:554: IsConnected true
09-27 14:57:29.488   758   843 D ThermalEngine: sensor_wait: case_therm Wait done.
09-27 14:57:29.490   758   843 D ThermalEngine: sensor_monitor: case_therm Reading 38000 .
09-27 14:57:29.490   758   843 I ThermalEngine: Sensor:case_therm:38000 mC
09-27 14:57:29.490   758   843 D ThermalEngine: update_active_thresh: case_therm Active(1), Hi(1) 42000, Lo(1) 35000, Interval(1) 10000
09-27 14:57:29.490   758   843 D ThermalEngine: sensor_monitor: case_therm Sensor wait.
09-27 14:57:29.490   758   843 D ThermalEngine: sensor_wait: case_therm Wait start. 10000ms
09-27 14:57:29.535  4923  4923 I chatty  : uid=1000(system) com.qualcomm.qti.logkit expire 10 lines
09-27 14:57:31.048  1940  2334 I chatty  : uid=10032(com.android.systemui) PhoneStatusBar expire 30 lines
09-27 14:57:32.298  2235  2287 W QCNEJ   : |CORE| CNE received unexpected action: android.intent.action.BATTERY_CHANGED
09-27 14:57:32.324  2235  2287 W QCNEJ   : |CORE| CNE received unexpected action: android.intent.action.BATTERY_CHANGED
09-27 14:57:33.127  2651  5931 W FetchTask: exception on config fetch: java.net.ConnectException: Connection timed out
09-27 14:57:33.127  2651  5931 W FetchTask: java.net.ConnectException: Connection timed out
09-27 14:57:33.127  2651  5931 W FetchTask: 	at java.net.PlainSocketImpl.socketConnect(Native Method)
09-27 14:57:33.127  2651  5931 W FetchTask: 	at java.net.AbstractPlainSocketImpl.doConnect(AbstractPlainSocketImpl.java:334)
09-27 14:57:33.127  2651  5931 W FetchTask: 	at java.net.AbstractPlainSocketImpl.connectToAddress(AbstractPlainSocketImpl.java:196)
09-27 14:57:33.127  2651  5931 W FetchTask: 	at java.net.AbstractPlainSocketImpl.connect(AbstractPlainSocketImpl.java:178)
09-27 14:57:33.127  2651  5931 W FetchTask: 	at java.net.SocksSocketImpl.connect(SocksSocketImpl.java:356)
09-27 14:57:33.127  2651  5931 W FetchTask: 	at java.net.Socket.connect(Socket.java:605)
09-27 14:57:33.127  2651  5931 W FetchTask: 	at com.android.okhttp.internal.Platform.connectSocket(Platform.java:113)
09-27 14:57:33.127  2651  5931 W FetchTask: 	at com.android.okhttp.Connection.connectSocket(Connection.java:196)
09-27 14:57:33.127  2651  5931 W FetchTask: 	at com.android.okhttp.Connection.connect(Connection.java:172)
09-27 14:57:33.127  2651  5931 W FetchTask: 	at com.android.okhttp.Connection.connectAndSetOwner(Connection.java:367)
09-27 14:57:33.127  2651  5931 W FetchTask: 	at com.android.okhttp.OkHttpClient$1.connectAndSetOwner(OkHttpClient.java:130)
09-27 14:57:33.127  2651  5931 W FetchTask: 	at com.android.okhttp.internal.http.HttpEngine.connect(HttpEngine.java:330)
09-27 14:57:33.127  2651  5931 W FetchTask: 	at com.android.okhttp.internal.http.HttpEngine.sendRequest(HttpEngine.java:247)
09-27 14:57:33.127  2651  5931 W FetchTask: 	at com.android.okhttp.internal.huc.HttpURLConnectionImpl.execute(HttpURLConnectionImpl.java:457)
09-27 14:57:33.127  2651  5931 W FetchTask: 	at com.android.okhttp.internal.huc.HttpURLConnectionImpl.connect(HttpURLConnectionImpl.java:126)
09-27 14:57:33.127  2651  5931 W FetchTask: 	at com.android.okhttp.internal.huc.HttpURLConnectionImpl.getOutputStream(HttpURLConnectionImpl.java:257)
09-27 14:57:33.127  2651  5931 W FetchTask: 	at com.android.okhttp.internal.huc.DelegatingHttpsURLConnection.getOutputStream(DelegatingHttpsURLConnection.java:218)
09-27 14:57:33.127  2651  5931 W FetchTask: 	at com.android.okhttp.internal.huc.HttpsURLConnectionImpl.getOutputStream(HttpsURLConnectionImpl.java)
09-27 14:57:33.127  2651  5931 W FetchTask: 	at mny.a(:com.google.android.gms:72)
09-27 14:57:33.127  2651  5931 W FetchTask: 	at mny.a(:com.google.android.gms:106)
09-27 14:57:33.127  2651  5931 W FetchTask: 	at mny.run(:com.google.android.gms:0)
09-27 14:57:33.127  2651  5931 W FetchTask: 	at java.lang.Thread.run(Thread.java:761)
09-27 14:57:33.179  5795  5795 E Gmail   : ExperimentSnapshot: Failed to fetch updated remote config
09-27 14:57:35.421   920   920 I chatty  : uid=9999(nobody) /system/bin/msm_irqbalance expire 47 lines
09-27 14:57:36.608   825   825 I cnss-daemon: RTM_NEWROUTE Indication
09-27 14:57:36.608   825   825 I cnss-daemon: ip type is ipv6
09-27 14:57:36.608   825   825 I cnss-daemon: RTM_NEWROUTE Indication
09-27 14:57:36.609   825   825 I cnss-daemon: ip type is ipv6
09-27 14:57:36.609   825   825 I cnss-daemon: RTM_NEWROUTE Indication
09-27 14:57:36.609   825   825 I cnss-daemon: ip type is ipv6
09-27 14:57:36.615  1774  7031 I chatty  : uid=1000 system_server expire 2 lines
09-27 14:57:36.617  1774  7030 I chatty  : uid=1000 system_server expire 2 lines
09-27 14:57:39.485  4991  4991 I LKCore  : vendor/qcom/proprietary/qti-logkit/LKCore/SocketConnector.h:554: IsConnected true
09-27 14:57:39.491   758   843 D ThermalEngine: sensor_wait: case_therm Wait done.
09-27 14:57:39.493   758   843 D ThermalEngine: sensor_monitor: case_therm Reading 37000 .
09-27 14:57:39.493   758   843 I ThermalEngine: Sensor:case_therm:37000 mC
09-27 14:57:39.493   758   843 D ThermalEngine: update_active_thresh: case_therm Active(1), Hi(1) 42000, Lo(1) 35000, Interval(1) 10000
09-27 14:57:39.493   758   843 D ThermalEngine: sensor_monitor: case_therm Sensor wait.
09-27 14:57:39.493   758   843 D ThermalEngine: sensor_wait: case_therm Wait start. 10000ms
09-27 14:57:42.302  2235  2287 W QCNEJ   : |CORE| CNE received unexpected action: android.intent.action.BATTERY_CHANGED
09-27 14:57:48.920  1774  1885 I chatty  : uid=1000(system) InputReader expire 11 lines
09-27 14:57:48.922  1774  1885 D PowerManagerService: getScreenOffTimeoutLocked:  isTestFlag = false
09-27 14:57:48.955  1774  1885 I GestureLauncherService: mHits[0] = 0ms
09-27 14:57:48.955  1774  1885 I GestureLauncherService: mHits[1] = 0ms
09-27 14:57:48.956  1774  1885 I GestureLauncherService: mHits[2] = 275435ms
09-27 14:57:48.958  1774  1885 I PowerManagerService: Waking up from dozing (uid 1000)...
09-27 14:57:48.962  1774  1885 D PowerManagerService: getScreenOffTimeoutLocked:  isTestFlag = false
09-27 14:57:48.967  1774  1798 I DisplayPowerController: Blocking screen on until initial contents have been drawn.
09-27 14:57:48.974  1774  1774 D PowerManagerService: getScreenOffTimeoutLocked:  isTestFlag = false
09-27 14:57:48.975  1774  1796 I DisplayManagerService: Display device changed state: "Built-in Screen", ON
09-27 14:57:48.977   586   586 D SurfaceFlinger: Set power mode=2, type=0 flinger=0x7f85c48000
09-27 14:57:48.977   586   586 I SDM     : HWCDisplay::SetPowerMode: display = 0, mode = 2
09-27 14:57:48.977   586   586 I SDM     : DisplayBase::SetDisplayState: Set state = 1, display 0
09-27 14:57:48.983  1940  2334 I chatty  : uid=10032(com.android.systemui) PhoneStatusBar expire 100 lines
09-27 14:57:48.986  1940  1940 I chatty  : uid=10032(com.android.systemui) expire 15 lines
09-27 14:57:49.015   775  1909 D audio_hw_primary: adev_set_parameters: enter: screen_state=on
09-27 14:57:49.015   775  1909 D msm8916_platform: platform_set_parameters:mic_ret: -2
09-27 14:57:49.015   775  1909 D audio_hw_extn: audio_extn_set_anc_parameters: anc_enabled:0
09-27 14:57:49.015   775  1909 D audio_hw_spkr_prot: audio_extn_fbsp_set_parameters: Speaker protection disabled
09-27 14:57:49.019  1966  1966 I chatty  : uid=1010(wifi) /system/bin/wpa_supplicant expire 88 lines
09-27 14:57:49.044  1774  1796 D PowerManagerService: getScreenOffTimeoutLocked:  isTestFlag = false
09-27 14:57:49.061  1774  1774 D PowerManagerService: getScreenOffTimeoutLocked:  isTestFlag = false
09-27 14:57:49.120  5503  7040 I chatty  : uid=10093(com.amazon.widgets) expire 4 lines
09-27 14:57:49.122  5503  5539 I chatty  : uid=10093(com.amazon.widgets) MetricsService expire 15 lines
09-27 14:57:49.125  1774  1875 I chatty  : uid=1000(system) StartSensorThre expire 108 lines
09-27 14:57:49.128  1774  1796 D PowerManagerService: getScreenOffTimeoutLocked:  isTestFlag = false
09-27 14:57:49.135  1774  1798 I DisplayPowerController: Unblocked screen on after 168 ms
09-27 14:57:49.139  1774  1798 I DreamManagerService: Gently waking up from dream.
09-27 14:57:49.145  1774  2280 I DreamManagerService: Leaving dreamland.
09-27 14:57:49.146  1774  2280 D PowerManagerService: getScreenOffTimeoutLocked:  isTestFlag = false
09-27 14:57:49.146  1774  1885 D PowerManagerService: getScreenOffTimeoutLocked:  isTestFlag = false
09-27 14:57:49.147  1774  1794 I DreamController: Stopping dream: name=ComponentInfo{com.android.systemui/com.android.systemui.doze.DozeService}, isTest=false, canDoze=true, userId=0
09-27 14:57:49.166  1774  1798 D LuxLevels: bright hysteresis constant= 0.1, threshold=37.4, lux=34.0
09-27 14:57:49.166  1774  1798 D LuxLevels: dark hysteresis constant= 0.2, threshold=27.2, lux=34.0
09-27 14:57:49.171  5503  7041 I chatty  : uid=10093(com.amazon.widgets) expire 4 lines
09-27 14:57:49.194  1774  2069 D PowerManagerService: getScreenOffTimeoutLocked:  isTestFlag = false
09-27 14:57:49.197  1774  1786 D PowerManagerService: getScreenOffTimeoutLocked:  isTestFlag = false
09-27 14:57:49.216  2651  4570 I NearbyDirect: MagicPairScanner: BluetoothLeScanner is null, Bluetooth might be off. Enabled=false
09-27 14:57:49.226  5503  7043 I chatty  : uid=10093(com.amazon.widgets) expire 4 lines
09-27 14:57:49.246  1774  1883 D PowerManagerService: getScreenOffTimeoutLocked:  isTestFlag = false
09-27 14:57:49.261  1774  2280 D PowerManagerService: getScreenOffTimeoutLocked:  isTestFlag = false
09-27 14:57:49.265  1774  1774 D PowerManagerService: getScreenOffTimeoutLocked:  isTestFlag = false
09-27 14:57:49.432  1774  1794 I chatty  : uid=1000(system) android.fg expire 1 line
09-27 14:57:49.486  4991  4991 I LKCore  : vendor/qcom/proprietary/qti-logkit/LKCore/SocketConnector.h:554: IsConnected true
09-27 14:57:49.494   758   843 D ThermalEngine: sensor_wait: case_therm Wait done.
09-27 14:57:49.495   758   843 D ThermalEngine: sensor_monitor: case_therm Reading 37000 .
09-27 14:57:49.495   758   843 I ThermalEngine: Sensor:case_therm:37000 mC
09-27 14:57:49.495   758   843 D ThermalEngine: update_active_thresh: case_therm Active(1), Hi(1) 42000, Lo(1) 35000, Interval(1) 10000
09-27 14:57:49.495   758   843 D ThermalEngine: sensor_monitor: case_therm Sensor wait.
09-27 14:57:49.495   758   843 D ThermalEngine: sensor_wait: case_therm Wait start. 10000ms
09-27 14:57:49.527   825   825 I cnss-daemon: RTM_NEWROUTE Indication
09-27 14:57:49.527   825   825 I cnss-daemon: ip type is ipv6
09-27 14:57:49.803  1319  1382 W XTCC-5.1.0.23-d: [LOWIUtils] to_eScanTypeResponse - default case
09-27 14:57:49.805  1774  2226 I chatty  : uid=1000(system) FLP Service Cal expire 10 lines
09-27 14:57:49.812  1319  1382 W XTCC-5.1.0.23-d: [LOWIUtils] to_eScanTypeResponse - default case
09-27 14:57:49.812  1319  1382 W XTCC-5.1.0.23-d: [WifiScanner] WiFi scan result : [15] AP's
09-27 14:57:49.909  1774  1897 I chatty  : uid=1000(system) WifiStateMachin expire 11 lines
09-27 14:57:50.151  1774  2795 D PowerManagerService: getScreenOffTimeoutLocked:  isTestFlag = false
09-27 14:57:50.435   920   920 I chatty  : uid=9999(nobody) /system/bin/msm_irqbalance expire 47 lines
09-27 14:57:51.576  1774  2901 I chatty  : uid=1000(system) Binder:1774_11 expire 2 lines
09-27 14:57:51.616  4923  4923 I chatty  : uid=1000(system) com.qualcomm.qti.logkit expire 12 lines
09-27 14:57:51.718  2569  2574 I art     : Do partial code cache collection, code=28KB, data=26KB
09-27 14:57:51.719  2569  2574 I art     : After code cache collection, code=28KB, data=26KB
09-27 14:57:51.719  2569  2574 I art     : Increasing code cache capacity to 128KB
09-27 14:57:52.221  2651  4570 I NearbyDirect: MagicPairScanner: BluetoothLeScanner is null, Bluetooth might be off. Enabled=false
09-27 14:57:53.415  1774  1798 D LuxLevels: bright hysteresis constant= 0.1, threshold=114.667145, lux=104.24286
09-27 14:57:53.416  1774  1798 D LuxLevels: dark hysteresis constant= 0.2, threshold=83.39429, lux=104.24286
09-27 14:57:54.269  1774  2797 D PowerManagerService: getScreenOffTimeoutLocked:  isTestFlag = false
09-27 14:57:56.453  2651  2651 E ctxmgr  : [BaseServerTask]Server task (GetConfigTask) got error statusCode=-1.
09-27 14:57:56.453  2651  2651 E ctxmgr  : com.android.volley.NoConnectionError: java.net.ConnectException: Connection timed out
09-27 14:57:56.453  2651  2651 E ctxmgr  : 	at com.android.volley.toolbox.BasicNetwork.performRequest(:com.google.android.gms:29)
09-27 14:57:56.453  2651  2651 E ctxmgr  : 	at mao.performRequest(:com.google.android.gms:3)
09-27 14:57:56.453  2651  2651 E ctxmgr  : 	at com.android.volley.NetworkDispatcher.run(:com.google.android.gms:11)
09-27 14:57:56.453  2651  2651 E ctxmgr  : Caused by: java.net.ConnectException: Connection timed out
09-27 14:57:56.453  2651  2651 E ctxmgr  : 	at java.net.PlainSocketImpl.socketConnect(Native Method)
09-27 14:57:56.453  2651  2651 E ctxmgr  : 	at java.net.AbstractPlainSocketImpl.doConnect(AbstractPlainSocketImpl.java:334)
09-27 14:57:56.453  2651  2651 E ctxmgr  : 	at java.net.AbstractPlainSocketImpl.connectToAddress(AbstractPlainSocketImpl.java:196)
09-27 14:57:56.453  2651  2651 E ctxmgr  : 	at java.net.AbstractPlainSocketImpl.connect(AbstractPlainSocketImpl.java:178)
09-27 14:57:56.453  2651  2651 E ctxmgr  : 	at java.net.SocksSocketImpl.connect(SocksSocketImpl.java:356)
09-27 14:57:56.453  2651  2651 E ctxmgr  : 	at java.net.Socket.connect(Socket.java:605)
09-27 14:57:56.453  2651  2651 E ctxmgr  : 	at com.android.okhttp.internal.Platform.connectSocket(Platform.java:113)
09-27 14:57:56.453  2651  2651 E ctxmgr  : 	at com.android.okhttp.Connection.connectSocket(Connection.java:196)
09-27 14:57:56.453  2651  2651 E ctxmgr  : 	at com.android.okhttp.Connection.connect(Connection.java:172)
09-27 14:57:56.453  2651  2651 E ctxmgr  : 	at com.android.okhttp.Connection.connectAndSetOwner(Connection.java:367)
09-27 14:57:56.453  2651  2651 E ctxmgr  : 	at com.android.okhttp.OkHttpClient$1.connectAndSetOwner(OkHttpClient.java:130)
09-27 14:57:56.453  2651  2651 E ctxmgr  : 	at com.android.okhttp.internal.http.HttpEngine.connect(HttpEngine.java:330)
09-27 14:57:56.453  2651  2651 E ctxmgr  : 	at com.android.okhttp.internal.http.HttpEngine.sendRequest(HttpEngine.java:247)
09-27 14:57:56.453  2651  2651 E ctxmgr  : 	at com.android.okhttp.internal.huc.HttpURLConnectionImpl.execute(HttpURLConnectionImpl.java:457)
09-27 14:57:56.453  2651  2651 E ctxmgr  : 	at com.android.okhttp.internal.huc.HttpURLConnectionImpl.connect(HttpURLConnectionImpl.java:126)
09-27 14:57:56.453  2651  2651 E ctxmgr  : 	at com.android.okhttp.internal.huc.HttpURLConnectionImpl.getOutputStream(HttpURLConnectionImpl.java:257)
09-27 14:57:56.453  2651  2651 E ctxmgr  : 	at com.android.okhttp.internal.huc.DelegatingHttpsURLConnection.getOutputStream(DelegatingHttpsURLConnection.java:218)
09-27 14:57:56.453  2651  2651 E ctxmgr  : 	at com.android.okhttp.internal.huc.HttpsURLConnectionImpl.getOutputStream(HttpsURLConnectionImpl.java)
09-27 14:57:56.453  2651  2651 E ctxmgr  : 	at thk.a(:com.google.android.gms:50)
09-27 14:57:56.453  2651  2651 E ctxmgr  : 	at thk.a(:com.google.android.gms:77)
09-27 14:57:56.453  2651  2651 E ctxmgr  : 	at thk.execute(:com.google.android.gms:7)
09-27 14:57:56.453  2651  2651 E ctxmgr  : 	at thk.execute(:com.google.android.gms:6)
09-27 14:57:56.453  2651  2651 E ctxmgr  : 	at com.android.volley.toolbox.HttpClientStack.performRequest(:com.google.android.gms:15)
09-27 14:57:56.453  2651  2651 E ctxmgr  : 	at man.performRequest(:com.google.android.gms:0)
09-27 14:57:56.453  2651  2651 E ctxmgr  : 	at com.android.volley.toolbox.BasicNetwork.performRequest(:com.google.android.gms:6)
09-27 14:57:56.453  2651  2651 E ctxmgr  : 	... 2 more
09-27 14:57:56.459  1774  1786 D PowerManagerService: getScreenOffTimeoutLocked:  isTestFlag = false
09-27 14:57:56.465  2651  3190 E ctxmgr  : [DailyCheckinOperation]Failed daily get config: network status=-1
09-27 14:57:56.467  1774  1981 D PowerManagerService: getScreenOffTimeoutLocked:  isTestFlag = false
09-27 14:57:58.150  1774  1798 D PowerManagerService: getScreenOffTimeoutLocked:  isTestFlag = false
09-27 14:57:59.486  4991  4991 I LKCore  : vendor/qcom/proprietary/qti-logkit/LKCore/SocketConnector.h:554: IsConnected true
09-27 14:57:59.496   758   843 D ThermalEngine: sensor_wait: case_therm Wait done.
09-27 14:57:59.498   758   843 D ThermalEngine: sensor_monitor: case_therm Reading 37000 .
09-27 14:57:59.498   758   843 I ThermalEngine: Sensor:case_therm:37000 mC
09-27 14:57:59.498   758   843 D ThermalEngine: update_active_thresh: case_therm Active(1), Hi(1) 42000, Lo(1) 35000, Interval(1) 10000
09-27 14:57:59.498   758   843 D ThermalEngine: sensor_monitor: case_therm Sensor wait.
09-27 14:57:59.498   758   843 D ThermalEngine: sensor_wait: case_therm Wait start. 10000ms
09-27 14:57:59.676  1774  3500 D PowerManagerService: getScreenOffTimeoutLocked:  isTestFlag = false
09-27 14:57:59.691  1774  1785 D PowerManagerService: getScreenOffTimeoutLocked:  isTestFlag = false
09-27 14:57:59.692  1774  3500 D PowerManagerService: getScreenOffTimeoutLocked:  isTestFlag = false
09-27 14:57:59.708  1774  1786 D PowerManagerService: getScreenOffTimeoutLocked:  isTestFlag = false
09-27 14:57:59.714  1774  1901 D ConnectivityService: NetworkAgentInfo [MOBILE (LTE) - 101] validation failed
09-27 14:58:00.011  1774  1883 D PowerManagerService: getScreenOffTimeoutLocked:  isTestFlag = false
09-27 14:58:00.020  1940  1940 I chatty  : uid=10032(com.android.systemui) expire 83 lines
09-27 14:58:00.150  1774  1798 D PowerManagerService: getScreenOffTimeoutLocked:  isTestFlag = false
09-27 14:58:00.150  1774  1798 I PowerManagerService: Going to sleep due to screen timeout (uid 1000)...
09-27 14:58:00.151  1774  1798 D PowerManagerService: getScreenOffTimeoutLocked:  isTestFlag = false
09-27 14:58:00.174  1774  1774 D PowerManagerService: getScreenOffTimeoutLocked:  isTestFlag = false
09-27 14:58:00.241  5503  5552 I chatty  : uid=10093(com.amazon.widgets) Thread-8 expire 1 line
09-27 14:58:00.242  5503  5557 I chatty  : uid=10093(com.amazon.widgets) Thread-13 expire 2 lines
09-27 14:58:00.265  1940  2334 I chatty  : uid=10032(com.android.systemui) PhoneStatusBar expire 100 lines
09-27 14:58:00.683  1774  1796 I DisplayManagerService: Display device changed state: "Built-in Screen", OFF
09-27 14:58:00.684   586   586 D SurfaceFlinger: Set power mode=0, type=0 flinger=0x7f85c48000
09-27 14:58:00.684   586   586 I SDM     : HWCDisplay::SetPowerMode: display = 0, mode = 0
09-27 14:58:00.684   586   586 I SDM     : DisplayBase::SetDisplayState: Set state = 0, display 0
09-27 14:58:01.206   456  2628 E ANDR-PERF-MPCTL: Invalid profile no. 0, total profiles 0 only
09-27 14:58:01.210  1774  1798 I DreamManagerService: Entering dreamland.
09-27 14:58:01.211  1774  1798 D PowerManagerService: getScreenOffTimeoutLocked:  isTestFlag = false
09-27 14:58:01.213  1774  1798 I PowerManagerService: Dozing...
09-27 14:58:01.217  1774  1794 I DreamController: Starting dream: name=ComponentInfo{com.android.systemui/com.android.systemui.doze.DozeService}, isTest=false, canDoze=true, userId=0
09-27 14:58:01.309  1774  2823 D PowerManagerService: getScreenOffTimeoutLocked:  isTestFlag = false
09-27 14:58:01.315  1774  1794 D PowerManagerService: getScreenOffTimeoutLocked:  isTestFlag = false
09-27 14:58:01.316  1774  1786 D PowerManagerService: getScreenOffTimeoutLocked:  isTestFlag = false
09-27 14:58:01.321  1774  2746 D PowerManagerService: getScreenOffTimeoutLocked:  isTestFlag = false
09-27 14:58:01.377   775  2436 D audio_hw_primary: adev_set_parameters: enter: screen_state=off
09-27 14:58:01.377   775  2436 D msm8916_platform: platform_set_parameters:mic_ret: -2
09-27 14:58:01.377   775  2436 D audio_hw_extn: audio_extn_set_anc_parameters: anc_enabled:0
09-27 14:58:01.377   775  2436 D audio_hw_spkr_prot: audio_extn_fbsp_set_parameters: Speaker protection disabled
09-27 14:58:01.381  1966  1966 I chatty  : uid=1010(wifi) /system/bin/wpa_supplicant expire 87 lines
09-27 14:58:01.387  1940  2541 I chatty  : uid=10032(com.android.systemui) QSTileHost expire 20 lines
09-27 14:58:01.400  1926  1926 I GoogleInputMethod: onReceive() : Action = android.intent.action.SCREEN_OFF
09-27 14:58:01.580  2814  2814 E LibSecureUISvc: svc_sock_send_message(suisvc): Error sending data, -1 vs 4: Connection refused
09-27 14:58:01.680  1774  2746 D PowerManagerService: getScreenOffTimeoutLocked:  isTestFlag = false
09-27 14:58:01.683  1774  2822 D PowerManagerService: getScreenOffTimeoutLocked:  isTestFlag = false
09-27 14:58:01.701  2651  4570 I NearbyDirect: MagicPairScanner: BluetoothLeScanner is null, Bluetooth might be off. Enabled=false
09-27 14:58:02.756  1774  1885 D PowerManagerService: getScreenOffTimeoutLocked:  isTestFlag = false
09-27 14:58:02.789  1774  1885 I GestureLauncherService: mHits[0] = 0ms
09-27 14:58:02.790  1774  1885 I GestureLauncherService: mHits[1] = 275435ms
09-27 14:58:02.790  1774  1885 I GestureLauncherService: mHits[2] = 289269ms
09-27 14:58:02.792  1774  1885 I PowerManagerService: Waking up from dozing (uid 1000)...
09-27 14:58:02.795  1774  1885 D PowerManagerService: getScreenOffTimeoutLocked:  isTestFlag = false
09-27 14:58:02.801  1774  1798 I DisplayPowerController: Blocking screen on until initial contents have been drawn.
09-27 14:58:02.811  1774  1774 D PowerManagerService: getScreenOffTimeoutLocked:  isTestFlag = false
09-27 14:58:02.824  1774  1796 I DisplayManagerService: Display device changed state: "Built-in Screen", ON
09-27 14:58:02.824   586   586 D SurfaceFlinger: Set power mode=2, type=0 flinger=0x7f85c48000
09-27 14:58:02.824   586   586 I SDM     : HWCDisplay::SetPowerMode: display = 0, mode = 2
09-27 14:58:02.824   586   586 I SDM     : DisplayBase::SetDisplayState: Set state = 1, display 0
09-27 14:58:02.847  1774  1785 D PowerManagerService: getScreenOffTimeoutLocked:  isTestFlag = false
09-27 14:58:02.857   775  1909 D audio_hw_primary: adev_set_parameters: enter: screen_state=on
09-27 14:58:02.858   775  1909 D msm8916_platform: platform_set_parameters:mic_ret: -2
09-27 14:58:02.858   775  1909 D audio_hw_extn: audio_extn_set_anc_parameters: anc_enabled:0
09-27 14:58:02.858   775  1909 D audio_hw_spkr_prot: audio_extn_fbsp_set_parameters: Speaker protection disabled
09-27 14:58:02.876  1774  1796 D PowerManagerService: getScreenOffTimeoutLocked:  isTestFlag = false
09-27 14:58:02.900  3194  3752 E GCM     : Missing checkin config file
09-27 14:58:02.900  3194  3752 W GCM     : GCM FAILED TO INITIALIZE - missing checkin
09-27 14:58:02.908  5055  7087 D FirebaseInstanceId: background sync failed: AUTHENTICATION_FAILED, retry in 160s
09-27 14:58:02.924  1774  1774 D PowerManagerService: getScreenOffTimeoutLocked:  isTestFlag = false
09-27 14:58:02.937  1774  2822 D PowerManagerService: getScreenOffTimeoutLocked:  isTestFlag = false
09-27 14:58:02.960  1774  1796 D PowerManagerService: getScreenOffTimeoutLocked:  isTestFlag = false
09-27 14:58:02.965  1774  1798 I DisplayPowerController: Unblocked screen on after 164 ms
09-27 14:58:02.967  1774  1798 I DreamManagerService: Gently waking up from dream.
09-27 14:58:02.968  1774  2902 I DreamManagerService: Leaving dreamland.
09-27 14:58:02.969  1774  2902 D PowerManagerService: getScreenOffTimeoutLocked:  isTestFlag = false
09-27 14:58:02.969  1774  1794 I DreamController: Stopping dream: name=ComponentInfo{com.android.systemui/com.android.systemui.doze.DozeService}, isTest=false, canDoze=true, userId=0
09-27 14:58:02.985  1774  1885 D PowerManagerService: getScreenOffTimeoutLocked:  isTestFlag = false
09-27 14:58:03.013  1774  1798 D LuxLevels: bright hysteresis constant= 0.1, threshold=48.4, lux=44.0
09-27 14:58:03.014  1774  1798 D LuxLevels: dark hysteresis constant= 0.2, threshold=35.2, lux=44.0
09-27 14:58:03.053  1774  2279 D PowerManagerService: getScreenOffTimeoutLocked:  isTestFlag = false
09-27 14:58:03.055  1774  1786 D PowerManagerService: getScreenOffTimeoutLocked:  isTestFlag = false
09-27 14:58:03.066  2651  4570 I NearbyDirect: MagicPairScanner: BluetoothLeScanner is null, Bluetooth might be off. Enabled=false
09-27 14:58:04.009  1774  1883 D PowerManagerService: getScreenOffTimeoutLocked:  isTestFlag = false
09-27 14:58:04.061  1774  1774 D PowerManagerService: getScreenOffTimeoutLocked:  isTestFlag = false
09-27 14:58:04.602  1774  1875 I chatty  : uid=1000(system) StartSensorThre expire 33 lines
09-27 14:58:05.480   920   920 I chatty  : uid=9999(nobody) /system/bin/msm_irqbalance expire 43 lines
09-27 14:58:05.842  1774  2737 D PowerManagerService: getScreenOffTimeoutLocked:  isTestFlag = false
09-27 14:58:06.074  2651  4570 I NearbyDirect: MagicPairScanner: BluetoothLeScanner is null, Bluetooth might be off. Enabled=false
09-27 14:58:06.700  1774  1786 D PowerManagerService: getScreenOffTimeoutLocked:  isTestFlag = false
09-27 14:58:06.925  1774  2795 D PowerManagerService: getScreenOffTimeoutLocked:  isTestFlag = false
09-27 14:58:07.090  1774  2736 D PowerManagerService: getScreenOffTimeoutLocked:  isTestFlag = false
09-27 14:58:07.442  1774  1798 D LuxLevels: bright hysteresis constant= 0.1, threshold=119.60986, lux=108.73624
09-27 14:58:07.443  1774  1798 D LuxLevels: dark hysteresis constant= 0.2, threshold=86.98899, lux=108.73624
09-27 14:58:07.507  1774  2823 D PowerManagerService: getScreenOffTimeoutLocked:  isTestFlag = false
09-27 14:58:07.790  1774  1981 D PowerManagerService: getScreenOffTimeoutLocked:  isTestFlag = false
09-27 14:58:07.793  1774  1785 I chatty  : uid=1000(system) Binder:1774_1 expire 3 lines
09-27 14:58:08.150  1774  2822 D PowerManagerService: getScreenOffTimeoutLocked:  isTestFlag = false
09-27 14:58:08.207   790   790 I         : calling unlock when already unlocked, ignoring.
09-27 14:58:08.208  1774  2746 I LockSettingsService: Unlocking user 0 with token length 69
09-27 14:58:08.211  1774  2797 D PowerManagerService: getScreenOffTimeoutLocked:  isTestFlag = false
09-27 14:58:08.214  1774  2746 W ActivityManager: Expected user 0 in state RUNNING_LOCKED but was in state RUNNING_UNLOCKED
09-27 14:58:08.254  1774  1774 D PowerManagerService: getScreenOffTimeoutLocked:  isTestFlag = false
09-27 14:58:08.273  1774  2736 D PowerManagerService: getScreenOffTimeoutLocked:  isTestFlag = false
09-27 14:58:08.520  1774  1886 W WindowManager:  SLCODE computeScreenConfigurationLocked, the hard device name is: msm8953-snd-card-mtp Button Jack
09-27 14:58:08.520  1774  1886 W WindowManager:  SLCODE computeScreenConfigurationLocked, the hard device name is: msm8953-snd-card-mtp Headset Jack
09-27 14:58:08.520  1774  1886 W WindowManager:  SLCODE computeScreenConfigurationLocked, the hard device name is: hbtp_vm
09-27 14:58:08.520  1774  1886 W WindowManager:  SLCODE computeScreenConfigurationLocked, the hard device name is: qpnp_pon
09-27 14:58:08.520  1774  1886 W WindowManager:  SLCODE computeScreenConfigurationLocked, the hard device name is: gpio-keys
09-27 14:58:08.520  1774  1886 W WindowManager:  SLCODE computeScreenConfigurationLocked, the hard device name is: ft5435_ts
09-27 14:58:08.539  1774  1788 I VrManagerService: VR mode is allowed
09-27 14:58:08.552   775  2436 I AudioPolicyManagerCustom: FLAG None hence request for a primary output
09-27 14:58:08.552   775  1359 I AudioPolicyManagerCustom: FLAG None hence request for a primary output
09-27 14:58:08.552   775  1359 I AudioPolicyManagerCustom: FLAG None hence request for a primary output
09-27 14:58:08.555   775  1909 I AudioPolicyManagerCustom: Direct PCM is disabled for this request
09-27 14:58:08.556  1774  2822 D PowerManagerService: getScreenOffTimeoutLocked:  isTestFlag = false
09-27 14:58:08.557   775  1359 D compress_voip: voice_extn_compress_voip_out_get_parameters: enter
09-27 14:58:08.560   775  1289 D audio_hw_primary: start_output_stream: enter: stream(0xef890800)usecase(1: low-latency-playback) devices(0x20000)
09-27 14:58:08.561   456  2628 E ANDR-PERF-MPCTL: Invalid profile no. 0, total profiles 0 only
09-27 14:58:08.561   775  1289 D audio_hw_primary: select_devices for use case (low-latency-playback)
09-27 14:58:08.561   775  1289 D audio_hw_primary: select_devices: out_snd_device(8: line) in_snd_device(0: )
09-27 14:58:08.561   775  1289 I msm8916_platform: platform_check_and_set_codec_backend_cfg:becf: afe: bitwidth 16, samplerate 48000 channels 2, backend_idx 0 usecase = 1 device (line)
09-27 14:58:08.561   775  1289 D msm8916_platform: platform_can_split_snd_device: snd_device(8) num devices(1) new_snd_devices(999512)
09-27 14:58:08.561   775  1289 I msm8916_platform: platform_check_and_set_codec_backend_cfg: becf: new_snd_devices[0] is line
09-27 14:58:08.561   775  1289 I msm8916_platform: platform_check_codec_backend_cfg:becf: afe: Codec selected backend: 0 current bit width: 16 sample rate: 48000 channels: 2
09-27 14:58:08.561   775  1289 D msm8916_platform: platform_check_codec_backend_cfg:becf: afe: only 48KHZ sample rate is supported Configure afe to default Sample Rate(48k)
09-27 14:58:08.561   775  1289 I msm8916_platform: platform_check_codec_backend_cfg:becf: afe: Codec selected backend: 0 updated bit width: 16 and sample rate: 48000
09-27 14:58:08.561   775  1289 D audio_hw_primary: check_usecases_codec_backend:becf: force routing 0
09-27 14:58:08.561   775  1289 E msm8916_platform: platform_check_backends_match: Invalid snd_device = 
09-27 14:58:08.561   775  1289 D audio_hw_primary: check_usecases_codec_backend:becf: (40) check_usecases curr device: line, usecase device: backends match 0
09-27 14:58:08.561   775  1289 D audio_hw_primary: check_usecases_codec_backend:becf: check_usecases num.of Usecases to switch 0
09-27 14:58:08.562   775  1289 D hardware_info: hw_info_append_hw_type : device_name = line
09-27 14:58:08.562   775  1289 D msm8916_platform: platform_can_split_snd_device: snd_device(8) num devices(0) new_snd_devices(0)
09-27 14:58:08.562   775  1289 D audio_hw_primary: enable_snd_device: snd_device(8: line)
09-27 14:58:08.562   775  1289 I soundtrigger: audio_extn_sound_trigger_update_device_status: device 0x8 of type 0 for Event 1, with Raise=0
09-27 14:58:08.562  6385  6385 D AudioTrack: Client defaulted notificationFrames to 192 for frameCount 960
09-27 14:58:08.583   775  1289 I audio_hw_primary: select_devices Selected apptype: 69937
09-27 14:58:08.583   775  1289 D soundtrigger: audio_extn_sound_trigger_update_stream_status: uc_id 1 of type 0 for Event 3, with Raise=0
09-27 14:58:08.584   775  1289 I audio_hw_utils: audio_extn_utils_send_app_type_cfg PLAYBACK app_type = 69937, acdb_dev_id = 10, sample_rate = 48000
09-27 14:58:08.584   775  1289 D msm8916_platform: platform_can_split_snd_device: snd_device(8) num devices(1) new_snd_devices(0)
09-27 14:58:08.584   775  1289 D ACDB-LOADER: ACDB -> send_audio_cal, acdb_id = 10, path = 0, app id = 0x11131, sample rate = 48000
09-27 14:58:08.584   775  1289 D ACDB-LOADER: ACDB -> send_asm_topology
09-27 14:58:08.584   775  1289 D ACDB-LOADER: ACDB -> ACDB_CMD_GET_AUDPROC_STREAM_TOPOLOGY_ID
09-27 14:58:08.584   775  1289 D ACDB-LOADER: ACDB -> send_adm_topology
09-27 14:58:08.584   775  1289 D ACDB-LOADER: ACDB -> ACDB_CMD_GET_AUDPROC_COMMON_TOPOLOGY_ID
09-27 14:58:08.584   775  1289 D ACDB-LOADER: ACDB -> send_audtable
09-27 14:58:08.584   775  1289 D ACDB-LOADER: ACDB -> ACDB_CMD_GET_AUDPROC_COMMON_TABLE_SIZE
09-27 14:58:08.584   775  1289 D ACDB-LOADER: ACDB -> ACDB_CMD_GET_AUDPROC_COMMON_TABLE
09-27 14:58:08.584   775  1289 D ACDB-LOADER: ACDB -> AUDIO_SET_AUDPROC_CAL
09-27 14:58:08.584   775  1289 D ACDB-LOADER: ACDB -> send_audvoltable
09-27 14:58:08.584   775  1289 D ACDB-LOADER: ACDB -> ACDB_CMD_GET_AUDPROC_GAIN_DEP_STEP_TABLE, vol index 0
09-27 14:58:08.584   775  1289 D         : Failed to fetch the lookup information of the device 0000000A 
09-27 14:58:08.584   775  1289 E ACDB-LOADER: Error: ACDB AudProc vol returned = -19
09-27 14:58:08.584   775  1289 D ACDB-LOADER: ACDB -> AUDIO_SET_VOL_CAL cal type = 12
09-27 14:58:08.584   775  1289 D ACDB-LOADER: ACDB -> send_audstrmtable
09-27 14:58:08.584   775  1289 D ACDB-LOADER: ACDB -> ACDB_CMD_GET_AUDPROC_STREAM_TABLE_V2
09-27 14:58:08.584   775  1289 D ACDB-LOADER: ACDB -> audstrm_cal->cal_type.cal_data.cal_size = 16
09-27 14:58:08.584   775  1289 D ACDB-LOADER: ACDB -> send_afe_topology
09-27 14:58:08.584   775  1289 D ACDB-LOADER: ACDB -> ACDB_CMD_GET_AFE_TOPOLOGY_ID
09-27 14:58:08.584   775  1289 D ACDB-LOADER: ACDB -> GET_AFE_TOPOLOGY_ID for adcd_id 10, Topology Id 112fc
09-27 14:58:08.584   775  1289 D ACDB-LOADER: ACDB -> send_afe_cal
09-27 14:58:08.584   775  1289 D ACDB-LOADER: ACDB -> ACDB_CMD_GET_AFE_COMMON_TABLE
09-27 14:58:08.584   775  1289 D         : Failed to fetch the lookup information of the device 0000000A 
09-27 14:58:08.584   775  1289 E ACDB-LOADER: Error: ACDB AFE returned = -19
09-27 14:58:08.584   775  1289 D ACDB-LOADER: ACDB -> AUDIO_SET_AFE_CAL
09-27 14:58:08.584   775  1289 D ACDB-LOADER: ACDB -> send_hw_delay : acdb_id = 10 path = 0
09-27 14:58:08.584   775  1289 D ACDB-LOADER: ACDB -> ACDB_AVSYNC_INFO: ACDB_CMD_GET_DEVICE_PROPERTY
09-27 14:58:08.584   775  1289 D audio_hw_primary: enable_audio_route: apply mixer and update path: low-latency-playback
09-27 14:58:08.586   775  1289 D audio_hw_primary: select_devices: done
09-27 14:58:08.589   775  1289 D msm8916_platform: platform_set_channel_map mixer_ctl_name:Playback Channel Map12
09-27 14:58:08.589   775  1289 D msm8916_platform: platform_set_channel_map: set mapping(1 2 0 0 0 0 0 0) for channel:2
09-27 14:58:08.593  1940  1940 V KeyguardDisplayManager: hide
09-27 14:58:08.619  1774  2902 D PowerManagerService: getScreenOffTimeoutLocked:  isTestFlag = false
09-27 14:58:08.624  2651  2651 I Coffee-OnbodyLure: User present, Check whether to show notification
09-27 14:58:08.663   775  1289 D audio_hw_primary: start_output_stream: exit
09-27 14:58:08.709  6385  6385 I CallLogQueryHandler: CallLogQueryHandler fetchMissedCallsUnreadCount:true
09-27 14:58:08.715  6385  6385 I CallLogFragment: CallLogFrament refreshDatafalse
09-27 14:58:08.741  6385  6385 D DialpadFragment: Displaying normal Dialer UI.
09-27 14:58:08.766  6385  6385 D DialpadFragment: Displaying normal Dialer UI.
09-27 14:58:08.775  6385  6385 V DialpadFragment: Dialpad.onResume,59: qloc,5 dtwd,0 hptc,0 fdin,21 hnt,33 bes,0 ,0 
09-27 14:58:08.796  1774  2280 W InputMethodManagerService: Window already focused, ignoring focus gain of: com.android.internal.view.IInputMethodClient$Stub$Proxy@703112e attribute=android.view.inputmethod.EditorInfo@31e84cf, token = android.os.BinderProxy@e8adf9c
09-27 14:58:08.867  3194  7113 I Authzen : [DeviceStateSyncManager] The server is in sync with current state. Nothing to do
09-27 14:58:08.900  3194  3752 I CastDatabase: Opening the database
09-27 14:58:08.923  1774  2280 I ActivityManager: Setting hasTopUi=false for pid=1940
09-27 14:58:08.924  3194  3752 I SQLiteCastStore: 0 CastNetworkInfo instances loaded, 0 CastDeviceInfo instances loaded, 0 paired guest mode devices loaded.
09-27 14:58:09.015  1774  1883 D PowerManagerService: getScreenOffTimeoutLocked:  isTestFlag = false
09-27 14:58:09.019  1774  1897 D PowerManagerService: getScreenOffTimeoutLocked:  isTestFlag = false
09-27 14:58:09.080  6385  6476 W OpenGLRenderer: Incorrectly called buildLayer on View: FrameLayout, destroying layer...
09-27 14:58:09.080  6385  6476 W OpenGLRenderer: Incorrectly called buildLayer on View: AppCompatImageButton, destroying layer...
09-27 14:58:09.095  6385  6385 I CallLogQueryHandler: CallLogQueryHandler updateMissedCallsUnreadCount
09-27 14:58:09.487  4991  4991 I LKCore  : vendor/qcom/proprietary/qti-logkit/LKCore/SocketConnector.h:554: IsConnected true
09-27 14:58:09.498   758   843 D ThermalEngine: sensor_wait: case_therm Wait done.
09-27 14:58:09.500   758   843 D ThermalEngine: sensor_monitor: case_therm Reading 38000 .
09-27 14:58:09.500   758   843 I ThermalEngine: Sensor:case_therm:38000 mC
09-27 14:58:09.500   758   843 D ThermalEngine: update_active_thresh: case_therm Active(1), Hi(1) 42000, Lo(1) 35000, Interval(1) 10000
09-27 14:58:09.500   758   843 D ThermalEngine: sensor_monitor: case_therm Sensor wait.
09-27 14:58:09.500   758   843 D ThermalEngine: sensor_wait: case_therm Wait start. 10000ms
09-27 14:58:09.545  1774  2823 D PowerManagerService: getScreenOffTimeoutLocked:  isTestFlag = false
09-27 14:58:09.641  1319  1382 W XTCC-5.1.0.23-d: [LOWIUtils] to_eScanTypeResponse - default case
09-27 14:58:09.646  1319  1382 W XTCC-5.1.0.23-d: [LOWIUtils] to_eScanTypeResponse - default case
09-27 14:58:09.646  1319  1382 W XTCC-5.1.0.23-d: [WifiScanner] WiFi scan result : [9] AP's
09-27 14:58:09.773  1774  1897 I chatty  : uid=1000(system) WifiStateMachin expire 11 lines
09-27 14:58:10.715  2651  7122 W avyk    : copyMemory is missing from platform - proto runtime falling back to safer methods.
09-27 14:58:10.736  2651  7122 E GCM     : Missing checkin config file
09-27 14:58:10.737  2651  7122 W GCM     : GCM FAILED TO INITIALIZE - missing checkin
09-27 14:58:10.743  2651  7122 E GCM     : Missing checkin config file
09-27 14:58:10.744  2651  7122 W GCM     : GCM FAILED TO INITIALIZE - missing checkin
09-27 14:58:10.828  1774  2069 D PowerManagerService: getScreenOffTimeoutLocked:  isTestFlag = false
09-27 14:58:11.876   775  1289 D audio_hw_primary: out_standby: enter: stream (0xef890800) usecase(1: low-latency-playback)
09-27 14:58:12.086   775  1289 D audio_hw_primary: disable_audio_route: reset and update mixer path: low-latency-playback
09-27 14:58:12.091   775  1289 D soundtrigger: audio_extn_sound_trigger_update_stream_status: uc_id 1 of type 0 for Event 2, with Raise=0
09-27 14:58:12.091   775  1289 D hardware_info: hw_info_append_hw_type : device_name = line
09-27 14:58:12.091   775  1289 D audio_hw_primary: disable_snd_device: snd_device(8: line)
09-27 14:58:12.091   775  1289 D msm8916_platform: platform_can_split_snd_device: snd_device(8) num devices(0) new_snd_devices(0)
09-27 14:58:12.112   775  1289 I soundtrigger: audio_extn_sound_trigger_update_device_status: device 0x8 of type 0 for Event 0, with Raise=0
09-27 14:58:12.112   775  1289 D audio_hw_primary: out_standby: exit
09-27 14:58:12.114  1774  2746 D PowerManagerService: getScreenOffTimeoutLocked:  isTestFlag = false
09-27 14:58:19.048  1774  1883 D PowerManagerService: getScreenOffTimeoutLocked:  isTestFlag = false
09-27 14:58:19.104  1774  1774 D PowerManagerService: getScreenOffTimeoutLocked:  isTestFlag = false
09-27 14:58:19.157  5503  7135 I chatty  : uid=10093(com.amazon.widgets) expire 6 lines
09-27 14:58:19.159  5503  5539 I chatty  : uid=10093(com.amazon.widgets) MetricsService expire 15 lines
09-27 14:58:19.219  5503  7137 I chatty  : uid=10093(com.amazon.widgets) expire 4 lines
09-27 14:58:19.488  4991  4991 I LKCore  : vendor/qcom/proprietary/qti-logkit/LKCore/SocketConnector.h:554: IsConnected true
09-27 14:58:19.501   758   843 D ThermalEngine: sensor_wait: case_therm Wait done.
09-27 14:58:19.503   758   843 D ThermalEngine: sensor_monitor: case_therm Reading 37000 .
09-27 14:58:19.503   758   843 I ThermalEngine: Sensor:case_therm:37000 mC
09-27 14:58:19.503   758   843 D ThermalEngine: update_active_thresh: case_therm Active(1), Hi(1) 42000, Lo(1) 35000, Interval(1) 10000
09-27 14:58:19.503   758   843 D ThermalEngine: sensor_monitor: case_therm Sensor wait.
09-27 14:58:19.503   758   843 D ThermalEngine: sensor_wait: case_therm Wait start. 10000ms
09-27 14:58:19.532  4923  4923 I chatty  : uid=1000(system) com.qualcomm.qti.logkit expire 10 lines
09-27 14:58:20.491   920   920 I chatty  : uid=9999(nobody) /system/bin/msm_irqbalance expire 48 lines
09-27 14:58:20.670   880   880 I perfprofd: profile collection skipped (missing semaphore file)
09-27 14:58:21.152  1940  2334 I chatty  : uid=10032(com.android.systemui) PhoneStatusBar expire 80 lines
09-27 14:58:21.170  3457  3457 I clatd   : Detecting NAT64 prefix from DNS...
09-27 14:58:21.174  3457  3457 E clatd   : plat_prefix/dns(ipv4only.arpa) status = 7/No address associated with hostname
09-27 14:58:21.174  3457  3457 W clatd   : dns64_detection -- error, sleeping for 120 seconds
09-27 14:58:22.381  1940  1940 I chatty  : uid=10032(com.android.systemui) expire 23 lines
09-27 14:58:22.386  2235  2287 W QCNEJ   : |CORE| CNE received unexpected action: android.intent.action.BATTERY_CHANGED
09-27 14:58:24.073   825   825 I cnss-daemon: RTM_NEWROUTE Indication
09-27 14:58:24.073   825   825 I cnss-daemon: ip type is ipv6
09-27 14:58:29.020  1774  1883 D PowerManagerService: getScreenOffTimeoutLocked:  isTestFlag = false
09-27 14:58:29.033  1774  1897 D PowerManagerService: getScreenOffTimeoutLocked:  isTestFlag = false
09-27 14:58:29.041  1966  1966 I chatty  : uid=1010(wifi) /system/bin/wpa_supplicant expire 75 lines
09-27 14:58:29.057   752   752 E WLAN_PSA: NL MSG RCV err -1 105
09-27 14:58:29.063  1774  2983 I chatty  : uid=1000(system) IzatServiceBase expire 16 lines
09-27 14:58:29.489  4991  4991 I LKCore  : vendor/qcom/proprietary/qti-logkit/LKCore/SocketConnector.h:554: IsConnected true
09-27 14:58:29.503   758   843 D ThermalEngine: sensor_wait: case_therm Wait done.
09-27 14:58:29.505   758   843 D ThermalEngine: sensor_monitor: case_therm Reading 37000 .
09-27 14:58:29.506   758   843 I ThermalEngine: Sensor:case_therm:37000 mC
09-27 14:58:29.506   758   843 D ThermalEngine: update_active_thresh: case_therm Active(1), Hi(1) 42000, Lo(1) 35000, Interval(1) 10000
09-27 14:58:29.506   758   843 D ThermalEngine: sensor_monitor: case_therm Sensor wait.
09-27 14:58:29.506   758   843 D ThermalEngine: sensor_wait: case_therm Wait start. 10000ms
09-27 14:58:29.743  1319  1382 W XTCC-5.1.0.23-d: [LOWIUtils] to_eScanTypeResponse - default case
09-27 14:58:29.744  1774  2226 I chatty  : uid=1000(system) FLP Service Cal expire 17 lines
09-27 14:58:29.746  1774  2232 I chatty  : uid=1000(system) FLP Service Cal expire 11 lines
