--------- beginning of system
09-27 14:53:54.594   444  1890 D vold    : Starting trim of /data
09-27 14:53:54.594  1774  1774 I chatty  : uid=1000 system_server expire 198 lines
09-27 14:53:54.603  1774  1891 I chatty  : uid=1000(system) NetdConnector expire 1 line
09-27 14:53:55.665   444  1890 I vold    : Trimmed 23388246016 bytes on /data in 1070ms
09-27 14:53:55.666  1774  1888 I chatty  : uid=1000(system) VoldConnector expire 12 lines
09-27 14:53:55.892  1774  1798 I chatty  : uid=1000(system) PowerManagerSer expire 2 lines
09-27 14:53:56.213  1774  1887 I chatty  : uid=1000(system) MountService expire 7 lines
09-27 14:53:56.216   444   454 D vold    : e4crypt_unlock_user_key 0 serial=0 token_present=0
09-27 14:53:56.217  1774  1889 I chatty  : uid=1000(system) CryptdConnector expire 1 line
09-27 14:53:56.238  1774  1794 I chatty  : uid=1000(system) android.fg expire 1 line
09-27 14:53:56.248  1774  1788 I chatty  : uid=1000(system) ActivityManager expire 2 lines
09-27 14:53:56.267   444   453 V vold    : Waiting for FUSE to spin up...
09-27 14:53:56.850  1774  1892 I chatty  : uid=1000(system) NetworkStats expire 4 lines
09-27 14:53:56.858  1774  1883 I chatty  : uid=1000(system) AlarmManager expire 1 line
09-27 14:53:56.892  1774  1789 I chatty  : uid=1000(system) android.ui expire 1 line
09-27 14:53:57.074  1774  1791 I chatty  : uid=1000(system) batterystats-sy expire 2 lines
09-27 14:53:57.806  1774  1787 I chatty  : uid=1000(system) android.bg expire 8 lines
09-27 14:53:57.806  1774  2234 I chatty  : uid=1000(system) NetworkTimeUpda expire 2 lines
09-27 14:53:57.813  1774  2226 I chatty  : uid=1000(system) FLP Service Cal expire 1 line
09-27 14:53:57.827  1774  1981 I chatty  : uid=1000(system) Binder:1774_4 expire 1 line
09-27 14:53:58.261  2235  2235 W ContextImpl: Calling a method in the system process without a qualified user: android.app.ContextImpl.sendBroadcast:877 android.content.ContextWrapper.sendBroadcast:421 com.quicinc.cne.CNEService.CNEServiceApp.broadcastCNEStarted:103 com.quicinc.cne.CNEService.CNEServiceApp.startCne:123 com.quicinc.cne.CNEService.CNEServiceApp.onCreate:94 
09-27 14:53:58.387  1774  2280 I chatty  : uid=1000(system) Binder:1774_7 expire 34 lines
09-27 14:53:58.413  1774  1788 I chatty  : uid=1000(system) ActivityManager expire 5 lines
09-27 14:53:58.422  1774  1785 I chatty  : uid=1000(system) Binder:1774_1 expire 27 lines
09-27 14:53:58.425  1774  1981 I chatty  : uid=1000(system) Binder:1774_4 expire 25 lines
09-27 14:53:58.431  1774  1786 I chatty  : uid=1000(system) Binder:1774_2 expire 29 lines
09-27 14:53:58.441  1774  1886 I chatty  : uid=1000(system) Binder:1774_3 expire 20 lines
09-27 14:53:58.450  1774  2069 I chatty  : uid=1000(system) Binder:1774_5 expire 29 lines
09-27 14:53:58.466  1774  2279 I chatty  : uid=1000(system) Binder:1774_6 expire 21 lines
09-27 14:53:58.529  1774  1774 I chatty  : uid=1000 system_server expire 28 lines
09-27 14:53:58.539  1774  2318 I chatty  : uid=1000(system) uteStateMachine expire 1 line
09-27 14:53:58.545  1774  2319 I chatty  : uid=1000(system) CallAudioModeSt expire 1 line
09-27 14:53:58.559  1774  2322 I chatty  : uid=1000(system) AsyncQueryWorke expire 1 line
09-27 14:53:58.878  1774  1907 I chatty  : uid=1000(system) onProviders.ECP expire 2 lines
09-27 14:53:58.954  1774  1787 I chatty  : uid=1000(system) android.bg expire 4 lines
09-27 14:53:59.364  1774  1908 I chatty  : uid=1000(system) AudioService expire 1 line
09-27 14:53:59.365  1774  1901 I chatty  : uid=1000(system) ConnectivitySer expire 3 lines
09-27 14:53:59.414  1774  1789 I chatty  : uid=1000(system) android.ui expire 1 line
09-27 14:53:59.419  2249  2443 E ActivityThread: Failed to find provider info for com.android.contacts
09-27 14:54:00.001  1774  1883 I chatty  : uid=1000(system) AlarmManager expire 1 line
09-27 14:54:00.182  1940  2544 E ActivityThread: Failed to find provider info for com.android.contacts
09-27 14:54:00.455   444   454 D VoldCryptCmdListener: cryptfs getpw
09-27 14:54:00.456  1774  1889 I chatty  : uid=1000(system) CryptdConnector expire 3 lines
09-27 14:54:00.461   444   454 D VoldCryptCmdListener: cryptfs clearpw
09-27 14:54:00.466  1940  2197 W KeyguardViewMediator: getFactoryKitMode:result:0
09-27 14:54:00.725  1774  1796 I chatty  : uid=1000(system) android.display expire 15 lines
09-27 14:54:00.773   444   454 D vold    : e4crypt_prepare_user_storage for volume null, user 0, serial 0, flags 2
09-27 14:54:00.773   444   454 D vold    : Preparing: /data/system_ce/0
09-27 14:54:00.773   444   454 D vold    : Preparing: /data/misc_ce/0
09-27 14:54:00.774   444   454 D vold    : Preparing: /data/media/0
09-27 14:54:00.774   444   454 D vold    : Preparing: /data/data
09-27 14:54:00.835  1774  1798 I chatty  : uid=1000(system) PowerManagerSer expire 2 lines
09-27 14:54:02.518  1774  1795 I chatty  : uid=1000(system) android.io expire 1 line
09-27 14:54:02.525   444   453 D vold    : Linking /storage/emulated/0 to /mnt/user/0/primary
09-27 14:54:02.526  1774  1888 I chatty  : uid=1000(system) VoldConnector expire 1 line
09-27 14:54:02.541  1774  1887 I chatty  : uid=1000(system) MountService expire 1 line
09-27 14:54:03.046  1774  1886 D PowerManagerService: getScreenOffTimeoutLocked:  isTestFlag = false
09-27 14:54:03.049  1774  1788 V BackupManagerService: Starting with transport com.google.android.gms/.backup.BackupTransportService
09-27 14:54:03.050  1774  1788 V BackupManagerService: Found transports: 2
09-27 14:54:03.055  1774  2069 D PowerManagerService: getScreenOffTimeoutLocked:  isTestFlag = false
09-27 14:54:03.069  1774  2640 V KeyValueBackupJob: Scheduling k/v pass in 249 minutes
09-27 14:54:03.111  1774  1788 I ActivityManager: Start proc 2651:com.google.android.gms.persistent/u0a14 for service com.google.android.gms/.backup.BackupTransportService
09-27 14:54:03.115  1774  1788 I BackupManagerService: Backup enabled => false
09-27 14:54:03.121  1774  1774 V BackupManagerService: Connected to transport ComponentInfo{android/com.android.internal.backup.LocalTransportService}
09-27 14:54:03.122  1774  1774 V BackupManagerService: Registering transport android/com.android.internal.backup.LocalTransportService::android/com.android.internal.backup.LocalTransport = android.app.backup.BackupTransport$TransportImpl@bb02d8b
09-27 14:54:03.170  1774  2069 D PowerManagerService: getScreenOffTimeoutLocked:  isTestFlag = false
09-27 14:54:03.172  1774  2640 V KeyValueBackupJob: Scheduling k/v pass in 247 minutes
09-27 14:54:03.235  1774  1785 D PowerManagerService: getScreenOffTimeoutLocked:  isTestFlag = false
09-27 14:54:03.237  1774  1886 D PowerManagerService: getScreenOffTimeoutLocked:  isTestFlag = false
09-27 14:54:03.238  1774  2279 D PowerManagerService: getScreenOffTimeoutLocked:  isTestFlag = false
09-27 14:54:03.243  1774  1981 D PowerManagerService: getScreenOffTimeoutLocked:  isTestFlag = false
09-27 14:54:03.254  1774  2280 D PowerManagerService: getScreenOffTimeoutLocked:  isTestFlag = false
09-27 14:54:03.256  1774  1774 I Telecom : ViceNotificationImpl: mImsIntentReceiver: action com.android.ims.IMS_SERVICE_UP
09-27 14:54:03.262  1774  1886 D PowerManagerService: getScreenOffTimeoutLocked:  isTestFlag = false
09-27 14:54:03.264  1774  2069 D PowerManagerService: getScreenOffTimeoutLocked:  isTestFlag = false
09-27 14:54:03.266  1774  2280 D PowerManagerService: getScreenOffTimeoutLocked:  isTestFlag = false
09-27 14:54:03.270  1774  1981 D PowerManagerService: getScreenOffTimeoutLocked:  isTestFlag = false
09-27 14:54:03.279  1774  2279 D PowerManagerService: getScreenOffTimeoutLocked:  isTestFlag = false
09-27 14:54:03.308  1774  1788 I ActivityManager: Start proc 2681:com.google.android.googlequicksearchbox:interactor/u0a37 for service com.google.android.googlequicksearchbox/com.google.android.voiceinteraction.GsaVoiceInteractionService
09-27 14:54:03.313  1774  1981 D PowerManagerService: getScreenOffTimeoutLocked:  isTestFlag = false
09-27 14:54:03.315  1774  2279 D PowerManagerService: getScreenOffTimeoutLocked:  isTestFlag = false
09-27 14:54:03.316  1774  2069 D PowerManagerService: getScreenOffTimeoutLocked:  isTestFlag = false
09-27 14:54:03.319  1774  1886 D PowerManagerService: getScreenOffTimeoutLocked:  isTestFlag = false
09-27 14:54:03.319  1774  1896 D WifiService: New client listening to asynchronous messages
09-27 14:54:03.325  1774  1788 I ActivityManager: Loading recents for user 0 into memory.
09-27 14:54:03.339  1774  1886 D PowerManagerService: getScreenOffTimeoutLocked:  isTestFlag = false
09-27 14:54:03.382  1774  1886 D PowerManagerService: getScreenOffTimeoutLocked:  isTestFlag = false
09-27 14:54:03.386  1774  2280 D PowerManagerService: getScreenOffTimeoutLocked:  isTestFlag = false
09-27 14:54:03.393  1774  2640 I BackupManagerService: Found stale backup journal, scheduling
09-27 14:54:03.400  1774  1787 I ActivityManager: Start proc 2701:com.android.printspooler/u0a75 for service com.android.printspooler/.model.PrintSpoolerService
09-27 14:54:03.464  1774  1788 I ActivityManager: Start proc 2715:com.goodix.fingerprint/1000 for added application com.goodix.fingerprint
09-27 14:54:03.505  1774  1788 I ActivityManager: Start proc 2729:com.example.logcatscanner/1000 for added application com.example.logcatscanner
09-27 14:54:03.716  1774  1788 I ActivityManager: Start proc 2760:se.dirac.acs/u0a8 for added application se.dirac.acs
09-27 14:54:03.758  1774  1788 I ActivityManager: Start proc 2777:com.qti.launcherunreadservice/1000 for added application com.qti.launcherunreadservice
09-27 14:54:03.813  1774  1788 I ActivityManager: Start proc 2796:com.qualcomm.qti.rcsbootstraputil/1001 for added application com.qualcomm.qti.rcsbootstraputil
09-27 14:54:03.851  1774  1788 I ActivityManager: Start proc 2814:com.qualcomm.qti.services.secureui:sui_service/1000 for added application com.qualcomm.qti.services.secureui:sui_service
09-27 14:54:03.896  1774  1788 D ActivityManager: Sending BOOT_COMPLETE user #0
09-27 14:54:03.950  1774  2835 D PowerManagerService: getScreenOffTimeoutLocked:  isTestFlag = false
09-27 14:54:03.989  1774  2835 D PowerManagerService: getScreenOffTimeoutLocked:  isTestFlag = false
09-27 14:54:03.994  1774  2069 D PowerManagerService: getScreenOffTimeoutLocked:  isTestFlag = false
09-27 14:54:04.064  1774  1981 D PowerManagerService: getScreenOffTimeoutLocked:  isTestFlag = false
09-27 14:54:04.135  1774  1910 I ActivityManager: Start proc 2854:com.android.keychain/1000 for service com.android.keychain/.KeyChainService
09-27 14:54:04.173  1774  2797 W ActivityManager: getFactoryKitMode:result:0
09-27 14:54:04.184  1774  2797 W ActivityManager: getFactoryKitMode:result:0
09-27 14:54:04.361  1774  2797 I ActivityManager: START u0 {act=android.intent.action.MAIN cat=[android.intent.category.HOME] flg=0x10000100 cmp=com.android.launcher3/.Launcher} from uid 0 on display 0
09-27 14:54:04.422  1774  2797 I ActivityManager: Start proc 2887:com.android.launcher3/u0a21 for activity com.android.launcher3/.Launcher
09-27 14:54:04.433  1774  2746 I ActivityManager: Setting hasTopUi=true for pid=1940
09-27 14:54:04.642  1774  1981 D PowerManagerService: getScreenOffTimeoutLocked:  isTestFlag = false
09-27 14:54:04.647  1774  2746 W WindowManager:  SLCODE computeScreenConfigurationLocked, the hard device name is: msm8953-snd-card-mtp Button Jack
09-27 14:54:04.648  1774  2746 W WindowManager:  SLCODE computeScreenConfigurationLocked, the hard device name is: msm8953-snd-card-mtp Headset Jack
09-27 14:54:04.648  1774  2746 W WindowManager:  SLCODE computeScreenConfigurationLocked, the hard device name is: hbtp_vm
09-27 14:54:04.648  1774  2746 W WindowManager:  SLCODE computeScreenConfigurationLocked, the hard device name is: qpnp_pon
09-27 14:54:04.648  1774  2746 W WindowManager:  SLCODE computeScreenConfigurationLocked, the hard device name is: gpio-keys
09-27 14:54:04.648  1774  2746 W WindowManager:  SLCODE computeScreenConfigurationLocked, the hard device name is: ft5435_ts
09-27 14:54:04.650  1774  2823 D PowerManagerService: getScreenOffTimeoutLocked:  isTestFlag = false
09-27 14:54:04.652  1774  2902 D PowerManagerService: getScreenOffTimeoutLocked:  isTestFlag = false
09-27 14:54:04.654  1774  2279 D PowerManagerService: getScreenOffTimeoutLocked:  isTestFlag = false
09-27 14:54:04.656  1774  2835 D PowerManagerService: getScreenOffTimeoutLocked:  isTestFlag = false
09-27 14:54:04.659  1774  2823 D PowerManagerService: getScreenOffTimeoutLocked:  isTestFlag = false
09-27 14:54:04.665  1774  2279 D PowerManagerService: getScreenOffTimeoutLocked:  isTestFlag = false
09-27 14:54:04.672  1774  2795 D PowerManagerService: getScreenOffTimeoutLocked:  isTestFlag = false
09-27 14:54:04.679  1774  2279 D PowerManagerService: getScreenOffTimeoutLocked:  isTestFlag = false
09-27 14:54:04.689  1774  1786 D PowerManagerService: getScreenOffTimeoutLocked:  isTestFlag = false
09-27 14:54:04.690  1774  1981 D PowerManagerService: getScreenOffTimeoutLocked:  isTestFlag = false
09-27 14:54:04.700  1774  1786 D PowerManagerService: getScreenOffTimeoutLocked:  isTestFlag = false
09-27 14:54:04.717  1774  2901 D PowerManagerService: getScreenOffTimeoutLocked:  isTestFlag = false
09-27 14:54:04.719  1774  1785 D PowerManagerService: getScreenOffTimeoutLocked:  isTestFlag = false
09-27 14:54:04.727  1774  2795 D PowerManagerService: getScreenOffTimeoutLocked:  isTestFlag = false
09-27 14:54:04.729  1774  1786 D PowerManagerService: getScreenOffTimeoutLocked:  isTestFlag = false
09-27 14:54:04.731  1774  2835 D PowerManagerService: getScreenOffTimeoutLocked:  isTestFlag = false
09-27 14:54:04.733  1774  2822 D PowerManagerService: getScreenOffTimeoutLocked:  isTestFlag = false
09-27 14:54:04.737  1774  2795 D PowerManagerService: getScreenOffTimeoutLocked:  isTestFlag = false
09-27 14:54:04.740  1774  2797 D PowerManagerService: getScreenOffTimeoutLocked:  isTestFlag = false
09-27 14:54:04.742  1774  2835 D PowerManagerService: getScreenOffTimeoutLocked:  isTestFlag = false
09-27 14:54:04.744  1774  2822 D PowerManagerService: getScreenOffTimeoutLocked:  isTestFlag = false
09-27 14:54:04.746  1774  2795 D PowerManagerService: getScreenOffTimeoutLocked:  isTestFlag = false
09-27 14:54:04.748  1774  1785 D PowerManagerService: getScreenOffTimeoutLocked:  isTestFlag = false
09-27 14:54:04.750  1774  1981 D PowerManagerService: getScreenOffTimeoutLocked:  isTestFlag = false
09-27 14:54:04.753  1774  2797 D PowerManagerService: getScreenOffTimeoutLocked:  isTestFlag = false
09-27 14:54:04.764  1774  2069 W ActivityManager: Slow operation: 60ms so far, now at startProcess: returned from zygote!
09-27 14:54:04.765  1774  2069 W ActivityManager: Slow operation: 61ms so far, now at startProcess: done updating battery stats
09-27 14:54:04.765  1774  2069 W ActivityManager: Slow operation: 61ms so far, now at startProcess: building log message
09-27 14:54:04.765  1774  2069 I ActivityManager: Start proc 2906:com.google.process.gapps/u0a14 for content provider com.google.android.gsf/.gservices.GservicesProvider
09-27 14:54:04.765  1774  2069 W ActivityManager: Slow operation: 61ms so far, now at startProcess: starting to update pids map
09-27 14:54:04.766  1774  2069 W ActivityManager: Slow operation: 61ms so far, now at startProcess: done updating pids map
09-27 14:54:04.766  1774  2069 W ActivityManager: Slow operation: 62ms so far, now at startProcess: done starting proc!
09-27 14:54:04.766  1774  2069 W ActivityManager: Slow operation: 64ms so far, now at getContentProviderImpl: after start process
09-27 14:54:04.766  1774  2069 W ActivityManager: Slow operation: 64ms so far, now at getContentProviderImpl: updating data structures
09-27 14:54:04.766  1774  2069 W ActivityManager: Slow operation: 64ms so far, now at getContentProviderImpl: done!
09-27 14:54:04.841  1774  1901 D ConnectivityService: Got NetworkFactory Messenger for WIFI
09-27 14:54:04.841  1774  1901 D ConnectivityService: Got NetworkFactory Messenger for WIFI_UT
09-27 14:54:04.884  1774  1774 I ActivityManager: Start proc 2922:com.google.android.marvin.talkback/u0a90 for broadcast com.google.android.marvin.talkback/com.google.android.accessibility.talkback.BootReceiver
09-27 14:54:04.910  1774  2901 I Telecom : PhoneAccountRegistrar: New phone account registered: [[ ] PhoneAccount: ComponentInfo{com.android.phone/com.android.services.telephony.TelephonyConnectionService}, [e0184adedf913b076626646d3f52c3b49c39ad6d], UserHandle{0} Capabilities: CallProvider MultiUser PlaceEmerg SimSub  Audio Routes: BESW Schemes: tel voicemail  Extras: null GroupId: [da39a3ee5e6b4b0d3255bfef95601890afd80709]]: TSI.rPA@AA0
09-27 14:54:04.918  1774  2795 D PowerManagerService: getScreenOffTimeoutLocked:  isTestFlag = false
09-27 14:54:04.926  1774  2901 I Telecom : : Sending phone-account registered intent as user: TSI.rPA@AA0
09-27 14:54:04.952  1774  2797 I ActivityManager: Start proc 2938:com.google.android.googlequicksearchbox:search/u0a37 for service com.google.android.googlequicksearchbox/com.google.android.hotword.service.HotwordService
09-27 14:54:05.023  1774  1886 E Telecom : : Could not parse subId1 E: TSI.gCCPA@AA4
09-27 14:54:05.023  1774  1886 E Telecom : java.lang.NumberFormatException: For input string: "E"
09-27 14:54:05.023  1774  1886 E Telecom : 	at java.lang.Integer.parseInt(Integer.java:521)
09-27 14:54:05.023  1774  1886 E Telecom : 	at java.lang.Integer.parseInt(Integer.java:556)
09-27 14:54:05.023  1774  1886 E Telecom : 	at com.android.server.telecom.PhoneAccountRegistrar$6.compare(PhoneAccountRegistrar.java:896)
09-27 14:54:05.023  1774  1886 E Telecom : 	at com.android.server.telecom.PhoneAccountRegistrar$6.compare(PhoneAccountRegistrar.java:887)
09-27 14:54:05.023  1774  1886 E Telecom : 	at java.util.TimSort.countRunAndMakeAscending(TimSort.java:351)
09-27 14:54:05.023  1774  1886 E Telecom : 	at java.util.TimSort.sort(TimSort.java:216)
09-27 14:54:05.023  1774  1886 E Telecom : 	at java.util.Arrays.sort(Arrays.java:1523)
09-27 14:54:05.023  1774  1886 E Telecom : 	at java.util.Collections.sort(Collections.java:238)
09-27 14:54:05.023  1774  1886 E Telecom : 	at com.android.server.telecom.PhoneAccountRegistrar.getPhoneAccountHandles(PhoneAccountRegistrar.java:886)
09-27 14:54:05.023  1774  1886 E Telecom : 	at com.android.server.telecom.PhoneAccountRegistrar.getCallCapablePhoneAccounts(PhoneAccountRegistrar.java:565)
09-27 14:54:05.023  1774  1886 E Telecom : 	at com.android.server.telecom.TelecomServiceImpl$1.getCallCapablePhoneAccounts(TelecomServiceImpl.java:190)
09-27 14:54:05.023  1774  1886 E Telecom : 	at com.android.internal.telecom.ITelecomService$Stub.onTransact(ITelecomService.java:114)
09-27 14:54:05.023  1774  1886 E Telecom : 	at android.os.Binder.execTransact(Binder.java:565)
09-27 14:54:05.054  1774  2797 I Telecom : : Sending phone-account unregistered intent as user: TSI.uPA@AA8
09-27 14:54:05.093  1940  1940 V KeyguardStatusView: refresh statusview showing:true
09-27 14:54:05.152  1774  2069 D PowerManagerService: getScreenOffTimeoutLocked:  isTestFlag = false
09-27 14:54:05.152  1774  2069 D PowerManagerService: getScreenOffTimeoutLocked:  isTestFlag = false
09-27 14:54:05.154  1774  1788 I VrManagerService: VR mode is disallowed
09-27 14:54:05.212  1774  1787 D PowerManagerService: getScreenOffTimeoutLocked:  isTestFlag = false
09-27 14:54:05.218  1774  1886 I Telecom : PhoneAccountRegistrar: [ComponentInfo{com.android.phone/com.android.services.telephony.TelephonyConnectionService}, [e0184adedf913b076626646d3f52c3b49c39ad6d], UserHandle{0}(icon: Icon(typ=BITMAP size=57x72) -> Icon(typ=BITMAP size=57x72))]: TSI.rPA@ABE
09-27 14:54:05.225  1774  1886 I Telecom : : Sending phone-account registered intent as user: TSI.rPA@ABE
09-27 14:54:05.253  1774  1786 D PowerManagerService: getScreenOffTimeoutLocked:  isTestFlag = false
09-27 14:54:05.255  1774  2746 D PowerManagerService: getScreenOffTimeoutLocked:  isTestFlag = false
09-27 14:54:05.256  1940  1940 V KeyguardDisplayManager: show
09-27 14:54:05.319  1774  1774 I ActivityManager: Start proc 2967:com.qualcomm.location.XT/1000 for service com.qualcomm.location.XT/.XTSrv
09-27 14:54:05.516  1774  2279 D PowerManagerService: getScreenOffTimeoutLocked:  isTestFlag = false
09-27 14:54:05.526  1774  2822 D PowerManagerService: getScreenOffTimeoutLocked:  isTestFlag = false
09-27 14:54:05.527  1774  2901 D PowerManagerService: getScreenOffTimeoutLocked:  isTestFlag = false
09-27 14:54:05.529  1774  1785 D PowerManagerService: getScreenOffTimeoutLocked:  isTestFlag = false
09-27 14:54:05.534  1774  2280 D PowerManagerService: getScreenOffTimeoutLocked:  isTestFlag = false
09-27 14:54:05.539  1774  1786 D PowerManagerService: getScreenOffTimeoutLocked:  isTestFlag = false
09-27 14:54:05.544  1774  2822 D PowerManagerService: getScreenOffTimeoutLocked:  isTestFlag = false
09-27 14:54:05.547  1774  2823 D PowerManagerService: getScreenOffTimeoutLocked:  isTestFlag = false
09-27 14:54:05.550  1774  1787 D PowerManagerService: getScreenOffTimeoutLocked:  isTestFlag = false
09-27 14:54:05.551  1774  1981 D PowerManagerService: getScreenOffTimeoutLocked:  isTestFlag = false
09-27 14:54:05.553  1774  2795 D PowerManagerService: getScreenOffTimeoutLocked:  isTestFlag = false
09-27 14:54:05.554  1774  2883 D PowerManagerService: getScreenOffTimeoutLocked:  isTestFlag = false
09-27 14:54:05.556  1774  1886 D PowerManagerService: getScreenOffTimeoutLocked:  isTestFlag = false
09-27 14:54:05.560  1774  1786 D PowerManagerService: getScreenOffTimeoutLocked:  isTestFlag = false
09-27 14:54:06.828  1774  2737 D PowerManagerService: getScreenOffTimeoutLocked:  isTestFlag = false
09-27 14:54:06.888  1774  2737 D PowerManagerService: getScreenOffTimeoutLocked:  isTestFlag = false
09-27 14:54:06.961  1774  1788 I ActivityManager: Start proc 3002:com.google.android.deskclock/u0a46 for broadcast com.google.android.deskclock/com.android.deskclock.AlarmInitReceiver
09-27 14:54:07.013  1774  1788 W ActivityManager: Activity pause timeout for ActivityRecord{af6bc39 u0 com.android.launcher3/.Launcher t46}
09-27 14:54:07.124  1774  2797 I ActivityManager: Start proc 3028:com.android.launcher3:wallpaper_chooser/u0a21 for service com.android.launcher3/.dynamicui.ColorExtractionService
09-27 14:54:07.160  1774  1774 D PowerManagerService: getScreenOffTimeoutLocked:  isTestFlag = false
09-27 14:54:07.203  1774  2737 D PowerManagerService: getScreenOffTimeoutLocked:  isTestFlag = false
09-27 14:54:07.205  1774  2902 D PowerManagerService: getScreenOffTimeoutLocked:  isTestFlag = false
09-27 14:54:07.207  1774  1785 D PowerManagerService: getScreenOffTimeoutLocked:  isTestFlag = false
09-27 14:54:07.208  1774  2736 D PowerManagerService: getScreenOffTimeoutLocked:  isTestFlag = false
09-27 14:54:07.232  1774  2069 D PowerManagerService: getScreenOffTimeoutLocked:  isTestFlag = false
09-27 14:54:07.264  1774  1796 D PowerManagerService: getScreenOffTimeoutLocked:  isTestFlag = false
09-27 14:54:07.273  1774  1774 D ConditionProviders.SCP: onReceive android.intent.action.TIME_SET
09-27 14:54:07.277  1774  1774 D ConditionProviders.SCP: notifyCondition condition://android/schedule?days=6.7&start=23.30&end=10.0&exitAtAlarm=false STATE_FALSE reason=!meetsSchedule
09-27 14:54:07.288  1774  1774 D ConditionProviders.SCP: notifyCondition condition://android/schedule?days=1.2.3.4.5&start=22.0&end=7.0&exitAtAlarm=false STATE_FALSE reason=!meetsSchedule
09-27 14:54:07.298  1774  1774 D ConditionProviders.SCP: Scheduling evaluate for Wed Sep 27 22:00:00 GMT+08:00 2017 (1506520800000), in +7h5m52s727ms, now=Wed Sep 27 14:54:07 GMT+08:00 2017 (1506495247273)
09-27 14:54:07.317  2681  2681 W KeyphraseEnrollmentInfo: No Enrollment application supports the given keyphrase/locale
09-27 14:54:07.339  1774  1907 I ActivityManager: Start proc 3071:com.android.providers.calendar/u0a2 for content provider com.android.providers.calendar/.CalendarProvider2
09-27 14:54:07.346  1774  1774 D PowerManagerService: getScreenOffTimeoutLocked:  isTestFlag = false
09-27 14:54:07.453  1774  1774 D PowerManagerService: getScreenOffTimeoutLocked:  isTestFlag = false
09-27 14:54:07.531  1774  2746 I ActivityManager: Start proc 3098:com.google.android.partnersetup/u0a19 for content provider com.google.android.partnersetup/.RlzAppProvider
09-27 14:54:07.587  1774  2823 D PowerManagerService: getScreenOffTimeoutLocked:  isTestFlag = false
09-27 14:54:07.595  1774  2901 D PowerManagerService: getScreenOffTimeoutLocked:  isTestFlag = false
09-27 14:54:07.624  1774  2822 I ActivityManager: Start proc 3123:com.android.smspush/u0a81 for service com.android.smspush/.WapPushManager
09-27 14:54:07.667  1774  1785 D PowerManagerService: getScreenOffTimeoutLocked:  isTestFlag = false
09-27 14:54:07.681  1774  2902 D PowerManagerService: getScreenOffTimeoutLocked:  isTestFlag = false
09-27 14:54:07.683  1774  2823 D PowerManagerService: getScreenOffTimeoutLocked:  isTestFlag = false
09-27 14:54:07.687  1774  1785 D PowerManagerService: getScreenOffTimeoutLocked:  isTestFlag = false
09-27 14:54:07.694  1774  1886 D PowerManagerService: getScreenOffTimeoutLocked:  isTestFlag = false
09-27 14:54:07.699  1774  2280 D PowerManagerService: getScreenOffTimeoutLocked:  isTestFlag = false
09-27 14:54:07.701  1774  1886 D PowerManagerService: getScreenOffTimeoutLocked:  isTestFlag = false
09-27 14:54:07.704  1774  2901 I ActivityManager: Start proc 3142:android.process.media/u0a9 for content provider com.android.providers.media/.MediaProvider
09-27 14:54:07.706  1774  1886 D PowerManagerService: getScreenOffTimeoutLocked:  isTestFlag = false
09-27 14:54:07.712  1774  1785 D PowerManagerService: getScreenOffTimeoutLocked:  isTestFlag = false
09-27 14:54:07.908  1774  2737 D PowerManagerService: getScreenOffTimeoutLocked:  isTestFlag = false
09-27 14:54:07.913  1774  2795 D PowerManagerService: getScreenOffTimeoutLocked:  isTestFlag = false
09-27 14:54:07.915  1774  1786 D PowerManagerService: getScreenOffTimeoutLocked:  isTestFlag = false
09-27 14:54:07.923  1774  2797 D PowerManagerService: getScreenOffTimeoutLocked:  isTestFlag = false
09-27 14:54:07.925  1774  1981 D PowerManagerService: getScreenOffTimeoutLocked:  isTestFlag = false
09-27 14:54:07.927  1774  1786 D PowerManagerService: getScreenOffTimeoutLocked:  isTestFlag = false
09-27 14:54:07.931  1774  2822 D PowerManagerService: getScreenOffTimeoutLocked:  isTestFlag = false
09-27 14:54:07.933  1774  2797 D PowerManagerService: getScreenOffTimeoutLocked:  isTestFlag = false
09-27 14:54:07.934  1774  2069 D PowerManagerService: getScreenOffTimeoutLocked:  isTestFlag = false
09-27 14:54:07.937  1774  1886 D PowerManagerService: getScreenOffTimeoutLocked:  isTestFlag = false
09-27 14:54:07.950  1774  2795 W WindowManager:  SLCODE computeScreenConfigurationLocked, the hard device name is: msm8953-snd-card-mtp Button Jack
09-27 14:54:07.950  1774  2795 W WindowManager:  SLCODE computeScreenConfigurationLocked, the hard device name is: msm8953-snd-card-mtp Headset Jack
09-27 14:54:07.950  1774  2795 W WindowManager:  SLCODE computeScreenConfigurationLocked, the hard device name is: hbtp_vm
09-27 14:54:07.950  1774  2795 W WindowManager:  SLCODE computeScreenConfigurationLocked, the hard device name is: qpnp_pon
09-27 14:54:07.950  1774  2795 W WindowManager:  SLCODE computeScreenConfigurationLocked, the hard device name is: gpio-keys
09-27 14:54:07.950  1774  2795 W WindowManager:  SLCODE computeScreenConfigurationLocked, the hard device name is: ft5435_ts
09-27 14:54:07.961  1774  2983 D PowerManagerService: getScreenOffTimeoutLocked:  isTestFlag = false
09-27 14:54:07.972  1774  2737 D PowerManagerService: getScreenOffTimeoutLocked:  isTestFlag = false
09-27 14:54:07.973  1774  2835 D PowerManagerService: getScreenOffTimeoutLocked:  isTestFlag = false
09-27 14:54:08.016  1774  2823 I Telecom : PhoneAccountRegistrar: [ComponentInfo{com.android.phone/com.android.services.telephony.TelephonyConnectionService}, [e0184adedf913b076626646d3f52c3b49c39ad6d], UserHandle{0}(icon: Icon(typ=BITMAP size=57x72) -> Icon(typ=BITMAP size=57x72))]: TSI.rPA@ABU
09-27 14:54:08.033  1774  2823 I Telecom : : Sending phone-account registered intent as user: TSI.rPA@ABU
09-27 14:54:08.121  1774  1786 I Telecom : PhoneAccountRegistrar: [ComponentInfo{com.android.phone/com.android.services.telephony.TelephonyConnectionService}, [e0184adedf913b076626646d3f52c3b49c39ad6d], UserHandle{0}(icon: Icon(typ=BITMAP size=57x72) -> Icon(typ=BITMAP size=57x72))]: TSI.rPA@ABY
09-27 14:54:08.131  1774  1786 I Telecom : : Sending phone-account registered intent as user: TSI.rPA@ABY
09-27 14:54:08.154  1774  1786 D PowerManagerService: getScreenOffTimeoutLocked:  isTestFlag = false
09-27 14:54:08.163  1774  2835 D PowerManagerService: getScreenOffTimeoutLocked:  isTestFlag = false
09-27 14:54:08.173  1774  1886 D PowerManagerService: getScreenOffTimeoutLocked:  isTestFlag = false
09-27 14:54:08.178  1774  2822 D PowerManagerService: getScreenOffTimeoutLocked:  isTestFlag = false
09-27 14:54:08.188  1774  2069 D PowerManagerService: getScreenOffTimeoutLocked:  isTestFlag = false
09-27 14:54:08.197  1774  2280 D PowerManagerService: getScreenOffTimeoutLocked:  isTestFlag = false
09-27 14:54:08.209  1774  2279 D PowerManagerService: getScreenOffTimeoutLocked:  isTestFlag = false
09-27 14:54:08.213  1774  1785 D PowerManagerService: getScreenOffTimeoutLocked:  isTestFlag = false
09-27 14:54:08.218  1774  2883 D PowerManagerService: getScreenOffTimeoutLocked:  isTestFlag = false
09-27 14:54:08.224  1774  2737 D PowerManagerService: getScreenOffTimeoutLocked:  isTestFlag = false
09-27 14:54:08.248  1774  2737 D PowerManagerService: getScreenOffTimeoutLocked:  isTestFlag = false
09-27 14:54:08.435  1774  1774 V BackupManagerService: Connected to transport ComponentInfo{com.google.android.gms/com.google.android.gms.backup.BackupTransportService}
09-27 14:54:08.437  1774  1774 V BackupManagerService: Registering transport com.google.android.gms/.backup.BackupTransportService::com.google.android.gms/.backup.BackupTransportService = com.android.internal.backup.IBackupTransport$Stub$Proxy@3e5c111
09-27 14:54:08.459  1774  1981 D PowerManagerService: getScreenOffTimeoutLocked:  isTestFlag = false
09-27 14:54:08.489  1774  1774 D PowerManagerService: getScreenOffTimeoutLocked:  isTestFlag = false
09-27 14:54:08.538  1774  2279 D PowerManagerService: getScreenOffTimeoutLocked:  isTestFlag = false
09-27 14:54:08.548  1774  1787 D PowerManagerService: getScreenOffTimeoutLocked:  isTestFlag = false
09-27 14:54:08.562  1774  2902 D PowerManagerService: getScreenOffTimeoutLocked:  isTestFlag = false
09-27 14:54:08.563  1774  2902 D PowerManagerService: getScreenOffTimeoutLocked:  isTestFlag = false
09-27 14:54:08.564  1774  2902 D PowerManagerService: getScreenOffTimeoutLocked:  isTestFlag = false
09-27 14:54:08.713  2249  2249 D MccTable: updateMccMncConfiguration mccmnc='' fromServiceState=false
09-27 14:54:08.727  1774  1774 D PowerManagerService: getScreenOffTimeoutLocked:  isTestFlag = false
09-27 14:54:08.750  1774  2737 D PowerManagerService: getScreenOffTimeoutLocked:  isTestFlag = false
09-27 14:54:08.759  1774  1787 D PowerManagerService: getScreenOffTimeoutLocked:  isTestFlag = false
09-27 14:54:08.762  1774  1886 D PowerManagerService: getScreenOffTimeoutLocked:  isTestFlag = false
09-27 14:54:08.831  1774  2221 D PowerManagerService: getScreenOffTimeoutLocked:  isTestFlag = false
09-27 14:54:08.838  1774  2822 D PowerManagerService: getScreenOffTimeoutLocked:  isTestFlag = false
09-27 14:54:08.882  1774  2737 I ActivityManager: Start proc 3194:com.google.android.gms/u0a14 for broadcast com.google.android.gms/.stats.service.DropBoxEntryAddedReceiver
09-27 14:54:09.334  1774  1774 D PowerManagerService: getScreenOffTimeoutLocked:  isTestFlag = false
09-27 14:54:09.347  2249  2249 D MccTable: updateMccMncConfiguration mccmnc='46000' fromServiceState=true
09-27 14:54:09.355  2249  2249 D MccTable: updateMccMncConfiguration defaultMccMnc=
09-27 14:54:09.355  2249  2249 D MccTable: updateMccMncConfiguration: mcc=460, mnc=0
09-27 14:54:09.355  2249  2249 D MccTable: WIFI_COUNTRY_CODE set to cn
09-27 14:54:09.371  1774  2822 I WifiService: WifiService trying to set country code to cn with persist set to false
09-27 14:54:09.444  1774  1787 D PowerManagerService: getScreenOffTimeoutLocked:  isTestFlag = false
09-27 14:54:09.795  1774  2823 D PowerManagerService: getScreenOffTimeoutLocked:  isTestFlag = false
09-27 14:54:09.816  1774  1886 D PowerManagerService: getScreenOffTimeoutLocked:  isTestFlag = false
09-27 14:54:09.886  1774  2835 D PowerManagerService: getScreenOffTimeoutLocked:  isTestFlag = false
09-27 14:54:09.890  1774  2280 D PowerManagerService: getScreenOffTimeoutLocked:  isTestFlag = false
09-27 14:54:09.940  1774  1774 I Telecom : ViceNotificationImpl: mImsIntentReceiver: action com.android.ims.IMS_SERVICE_UP
09-27 14:54:10.046  1774  2983 D PowerManagerService: getScreenOffTimeoutLocked:  isTestFlag = false
09-27 14:54:10.058  1774  1785 D PowerManagerService: getScreenOffTimeoutLocked:  isTestFlag = false
09-27 14:54:10.237  1774  2737 D PowerManagerService: getScreenOffTimeoutLocked:  isTestFlag = false
09-27 14:54:10.240  1774  2822 D PowerManagerService: getScreenOffTimeoutLocked:  isTestFlag = false
09-27 14:54:10.243  1774  1786 D PowerManagerService: getScreenOffTimeoutLocked:  isTestFlag = false
09-27 14:54:10.247  1774  2902 D PowerManagerService: getScreenOffTimeoutLocked:  isTestFlag = false
09-27 14:54:10.266  1774  2822 D PowerManagerService: getScreenOffTimeoutLocked:  isTestFlag = false
09-27 14:54:10.284  1774  2280 D PowerManagerService: getScreenOffTimeoutLocked:  isTestFlag = false
09-27 14:54:10.355  1774  1785 D ConnectivityService: requestNetwork for uid/pid:1000/2235 NetworkRequest [ REQUEST id=8, [ Transports: CELLULAR Capabilities: IMS&TRUSTED&NOT_VPN Specifier: <1>] ]
09-27 14:54:10.470  1774  2069 I Telecom : PhoneAccountRegistrar: New phone account registered: [[ ] PhoneAccount: ComponentInfo{com.android.phone/com.android.services.telephony.TelephonyConnectionService}, [356a192b7913b04c54574d18c28d46e6395428ab], UserHandle{0} Capabilities: CallProvider MultiUser PlaceEmerg SimSub  Audio Routes: BESW Schemes: tel voicemail  Extras: null GroupId: [da39a3ee5e6b4b0d3255bfef95601890afd80709]]: TSI.rPA@ACk
09-27 14:54:10.483  1774  2069 I Telecom : : Sending phone-account registered intent as user: TSI.rPA@ACk
09-27 14:54:10.513  1774  2737 E Telecom : : Could not parse subId2 E: TSI.gCCPA@ACo
09-27 14:54:10.513  1774  2737 E Telecom : java.lang.NumberFormatException: For input string: "E"
09-27 14:54:10.513  1774  2737 E Telecom : 	at java.lang.Integer.parseInt(Integer.java:521)
09-27 14:54:10.513  1774  2737 E Telecom : 	at java.lang.Integer.parseInt(Integer.java:556)
09-27 14:54:10.513  1774  2737 E Telecom : 	at com.android.server.telecom.PhoneAccountRegistrar$6.compare(PhoneAccountRegistrar.java:902)
09-27 14:54:10.513  1774  2737 E Telecom : 	at com.android.server.telecom.PhoneAccountRegistrar$6.compare(PhoneAccountRegistrar.java:887)
09-27 14:54:10.513  1774  2737 E Telecom : 	at java.util.TimSort.countRunAndMakeAscending(TimSort.java:351)
09-27 14:54:10.513  1774  2737 E Telecom : 	at java.util.TimSort.sort(TimSort.java:216)
09-27 14:54:10.513  1774  2737 E Telecom : 	at java.util.Arrays.sort(Arrays.java:1523)
09-27 14:54:10.513  1774  2737 E Telecom : 	at java.util.Collections.sort(Collections.java:238)
09-27 14:54:10.513  1774  2737 E Telecom : 	at com.android.server.telecom.PhoneAccountRegistrar.getPhoneAccountHandles(PhoneAccountRegistrar.java:886)
09-27 14:54:10.513  1774  2737 E Telecom : 	at com.android.server.telecom.PhoneAccountRegistrar.getCallCapablePhoneAccounts(PhoneAccountRegistrar.java:565)
09-27 14:54:10.513  1774  2737 E Telecom : 	at com.android.server.telecom.TelecomServiceImpl$1.getCallCapablePhoneAccounts(TelecomServiceImpl.java:190)
09-27 14:54:10.513  1774  2737 E Telecom : 	at com.android.internal.telecom.ITelecomService$Stub.onTransact(ITelecomService.java:114)
09-27 14:54:10.513  1774  2737 E Telecom : 	at android.os.Binder.execTransact(Binder.java:565)
09-27 14:54:10.528  1774  2795 I Telecom : : Sending phone-account unregistered intent as user: TSI.uPA@ACs
09-27 14:54:10.766  1774  1883 D PowerManagerService: getScreenOffTimeoutLocked:  isTestFlag = false
09-27 14:54:10.771  1774  1774 D PowerManagerService: getScreenOffTimeoutLocked:  isTestFlag = false
09-27 14:54:10.816  1774  1981 I Telecom : PhoneAccountRegistrar: [ComponentInfo{com.android.phone/com.android.services.telephony.TelephonyConnectionService}, [356a192b7913b04c54574d18c28d46e6395428ab], UserHandle{0}(icon: Icon(typ=BITMAP size=72x72) -> Icon(typ=BITMAP size=72x72))]: TSI.rPA@AC0
09-27 14:54:10.827  1774  1981 I Telecom : : Sending phone-account registered intent as user: TSI.rPA@AC0
09-27 14:54:10.840  1774  2737 I ActivityManager: Start proc 3260:com.amazon.widgets/u0a93 for broadcast com.amazon.widgets/com.amazon.alphawidget.CollapsedWidgetProvider
09-27 14:54:10.872  1774  2221 D PowerManagerService: getScreenOffTimeoutLocked:  isTestFlag = false
09-27 14:54:10.881  1774  2736 D PowerManagerService: getScreenOffTimeoutLocked:  isTestFlag = false
09-27 14:54:10.936  1774  2746 D PowerManagerService: getScreenOffTimeoutLocked:  isTestFlag = false
09-27 14:54:11.002  1774  2797 D PowerManagerService: getScreenOffTimeoutLocked:  isTestFlag = false
09-27 14:54:11.063  1774  2823 I Telecom : PhoneAccountRegistrar: [ComponentInfo{com.android.phone/com.android.services.telephony.TelephonyConnectionService}, [356a192b7913b04c54574d18c28d46e6395428ab], UserHandle{0}(icon: Icon(typ=BITMAP size=72x72) -> Icon(typ=BITMAP size=72x72))]: TSI.rPA@ADA
09-27 14:54:11.084  1774  2823 I Telecom : : Sending phone-account registered intent as user: TSI.rPA@ADA
09-27 14:54:11.189  1774  2736 I Telecom : PhoneAccountRegistrar: [ComponentInfo{com.android.phone/com.android.services.telephony.TelephonyConnectionService}, [356a192b7913b04c54574d18c28d46e6395428ab], UserHandle{0}(icon: Icon(typ=BITMAP size=72x72) -> Icon(typ=BITMAP size=72x72))]: TSI.rPA@ADU
09-27 14:54:11.205  1774  1785 D PowerManagerService: getScreenOffTimeoutLocked:  isTestFlag = false
09-27 14:54:11.206  1774  2736 I Telecom : : Sending phone-account registered intent as user: TSI.rPA@ADU
09-27 14:54:11.371  1774  2736 I ActivityManager: Start proc 3287:com.amazon.device.information.provider/u0a35 for content provider com.amazon.device.information.provider/.AlphaDeviceInformationProvider
09-27 14:54:11.380  1774  1883 D PowerManagerService: getScreenOffTimeoutLocked:  isTestFlag = false
09-27 14:54:11.385  1774  1774 D PowerManagerService: getScreenOffTimeoutLocked:  isTestFlag = false
09-27 14:54:11.465  2249  2249 D MccTable: updateMccMncConfiguration mccmnc='46002' fromServiceState=false
09-27 14:54:11.468  2249  2249 D MccTable: updateMccMncConfiguration defaultMccMnc=
09-27 14:54:11.468  2249  2249 D MccTable: updateMccMncConfiguration: mcc=460, mnc=2
09-27 14:54:11.468  2249  2249 D MccTable: updateMccMncConfiguration updateConfig config={1.0 460mcc2mnc ?localeList ?layoutDir ?swdp ?wdp ?hdp ?density ?lsize ?long ?orien ?uimode ?night ?touch ?keyb/?/? ?nav/?}
09-27 14:54:11.470  1774  2280 I ActivityManager: Config changes=3 {1.0 460mcc2mnc [en_IN] ldltr sw360dp w360dp h568dp 480dpi nrml port finger -keyb/v/h -nav/h s.5}
09-27 14:54:11.543  1774  2280 W WindowManager:  SLCODE computeScreenConfigurationLocked, the hard device name is: msm8953-snd-card-mtp Button Jack
09-27 14:54:11.543  1774  2280 W WindowManager:  SLCODE computeScreenConfigurationLocked, the hard device name is: msm8953-snd-card-mtp Headset Jack
09-27 14:54:11.543  1774  2280 W WindowManager:  SLCODE computeScreenConfigurationLocked, the hard device name is: hbtp_vm
09-27 14:54:11.543  1774  2280 W WindowManager:  SLCODE computeScreenConfigurationLocked, the hard device name is: qpnp_pon
09-27 14:54:11.543  1774  2280 W WindowManager:  SLCODE computeScreenConfigurationLocked, the hard device name is: gpio-keys
09-27 14:54:11.543  1774  2280 W WindowManager:  SLCODE computeScreenConfigurationLocked, the hard device name is: ft5435_ts
09-27 14:54:11.546  1774  2746 D PowerManagerService: getScreenOffTimeoutLocked:  isTestFlag = false
09-27 14:54:11.548  1774  2280 D PowerManagerService: getScreenOffTimeoutLocked:  isTestFlag = false
09-27 14:54:11.552  1774  2069 D PowerManagerService: getScreenOffTimeoutLocked:  isTestFlag = false
09-27 14:54:11.561  1774  2069 D PowerManagerService: getScreenOffTimeoutLocked:  isTestFlag = false
09-27 14:54:11.566  1774  2069 D PowerManagerService: getScreenOffTimeoutLocked:  isTestFlag = false
09-27 14:54:11.699  1774  2795 D PowerManagerService: getScreenOffTimeoutLocked:  isTestFlag = false
09-27 14:54:11.709  1774  2902 D PowerManagerService: getScreenOffTimeoutLocked:  isTestFlag = false
09-27 14:54:11.754  1774  2280 D PowerManagerService: getScreenOffTimeoutLocked:  isTestFlag = false
09-27 14:54:11.761  1774  1785 D PowerManagerService: getScreenOffTimeoutLocked:  isTestFlag = false
09-27 14:54:11.763  1774  2883 D PowerManagerService: getScreenOffTimeoutLocked:  isTestFlag = false
09-27 14:54:11.766  1774  2069 D PowerManagerService: getScreenOffTimeoutLocked:  isTestFlag = false
09-27 14:54:11.792  1774  2069 D PowerManagerService: getScreenOffTimeoutLocked:  isTestFlag = false
09-27 14:54:11.996  1774  2746 I Telecom : PhoneAccountRegistrar: [ComponentInfo{com.android.phone/com.android.services.telephony.TelephonyConnectionService}, [356a192b7913b04c54574d18c28d46e6395428ab], UserHandle{0}(icon: Icon(typ=BITMAP size=72x72) -> Icon(typ=BITMAP size=72x72))]: TSI.rPA@ADo
09-27 14:54:12.009  1774  2746 I Telecom : : Sending phone-account registered intent as user: TSI.rPA@ADo
09-27 14:54:12.110  1774  2883 D PowerManagerService: getScreenOffTimeoutLocked:  isTestFlag = false
09-27 14:54:12.131  1774  2280 D PowerManagerService: getScreenOffTimeoutLocked:  isTestFlag = false
09-27 14:54:12.140  1774  1886 D PowerManagerService: getScreenOffTimeoutLocked:  isTestFlag = false
09-27 14:54:12.161  1774  2797 I Telecom : PhoneAccountRegistrar: [ComponentInfo{com.android.phone/com.android.services.telephony.TelephonyConnectionService}, [356a192b7913b04c54574d18c28d46e6395428ab], UserHandle{0}(addr: tel:************** -> tel:)(icon: Icon(typ=BITMAP size=72x72) -> Icon(typ=BITMAP size=72x72))(subAddr: tel:************** -> tel:)]: TSI.rPA@ADs
09-27 14:54:12.173  1774  2797 I Telecom : : Sending phone-account registered intent as user: TSI.rPA@ADs
09-27 14:54:12.201  1774  2883 D PowerManagerService: getScreenOffTimeoutLocked:  isTestFlag = false
09-27 14:54:12.208  1774  2822 D PowerManagerService: getScreenOffTimeoutLocked:  isTestFlag = false
09-27 14:54:12.221  1774  1787 D PowerManagerService: getScreenOffTimeoutLocked:  isTestFlag = false
09-27 14:54:12.222  1774  1787 D PowerManagerService: getScreenOffTimeoutLocked:  isTestFlag = false
09-27 14:54:12.248  1774  1786 D PowerManagerService: getScreenOffTimeoutLocked:  isTestFlag = false
09-27 14:54:12.263  1774  2883 D PowerManagerService: getScreenOffTimeoutLocked:  isTestFlag = false
09-27 14:54:12.270  1774  2069 D PowerManagerService: getScreenOffTimeoutLocked:  isTestFlag = false
09-27 14:54:12.274  1774  1785 D PowerManagerService: getScreenOffTimeoutLocked:  isTestFlag = false
09-27 14:54:12.277  1774  2822 D PowerManagerService: getScreenOffTimeoutLocked:  isTestFlag = false
09-27 14:54:12.296  1774  2797 W WindowManager:  SLCODE computeScreenConfigurationLocked, the hard device name is: msm8953-snd-card-mtp Button Jack
09-27 14:54:12.296  1774  2797 W WindowManager:  SLCODE computeScreenConfigurationLocked, the hard device name is: msm8953-snd-card-mtp Headset Jack
09-27 14:54:12.296  1774  2797 W WindowManager:  SLCODE computeScreenConfigurationLocked, the hard device name is: hbtp_vm
09-27 14:54:12.296  1774  2797 W WindowManager:  SLCODE computeScreenConfigurationLocked, the hard device name is: qpnp_pon
09-27 14:54:12.296  1774  2797 W WindowManager:  SLCODE computeScreenConfigurationLocked, the hard device name is: gpio-keys
09-27 14:54:12.296  1774  2797 W WindowManager:  SLCODE computeScreenConfigurationLocked, the hard device name is: ft5435_ts
09-27 14:54:12.306  1774  2901 D PowerManagerService: getScreenOffTimeoutLocked:  isTestFlag = false
09-27 14:54:12.318  1774  1786 D PowerManagerService: getScreenOffTimeoutLocked:  isTestFlag = false
09-27 14:54:12.323  1774  2279 D PowerManagerService: getScreenOffTimeoutLocked:  isTestFlag = false
09-27 14:54:12.333  1774  1981 D PowerManagerService: getScreenOffTimeoutLocked:  isTestFlag = false
09-27 14:54:12.350  1774  2746 D PowerManagerService: getScreenOffTimeoutLocked:  isTestFlag = false
09-27 14:54:12.355  1774  2883 D PowerManagerService: getScreenOffTimeoutLocked:  isTestFlag = false
09-27 14:54:12.382  1774  3344 I BootReceiver: Copying audit failures to DropBox
09-27 14:54:12.383  1774  3344 I BootReceiver: Checking for fsck errors
09-27 14:54:12.385  1774  1774 I ActivityManager: Start proc 3345:com.android.timerswitch/1000 for broadcast com.android.timerswitch/.TimerSwitchInitReceiver
09-27 14:54:12.398  1774  2279 D PowerManagerService: getScreenOffTimeoutLocked:  isTestFlag = false
09-27 14:54:12.403  1774  2902 D PowerManagerService: getScreenOffTimeoutLocked:  isTestFlag = false
09-27 14:54:12.409  1774  2822 D PowerManagerService: getScreenOffTimeoutLocked:  isTestFlag = false
09-27 14:54:12.425  1774  1886 D PowerManagerService: getScreenOffTimeoutLocked:  isTestFlag = false
09-27 14:54:12.456  1774  2835 D PowerManagerService: getScreenOffTimeoutLocked:  isTestFlag = false
09-27 14:54:12.478  1774  1774 D PowerManagerService: getScreenOffTimeoutLocked:  isTestFlag = false
09-27 14:54:12.681  1774  1787 D PowerManagerService: getScreenOffTimeoutLocked:  isTestFlag = false
09-27 14:54:12.795  1774  2279 D PowerManagerService: getScreenOffTimeoutLocked:  isTestFlag = false
09-27 14:54:12.907  2814  2814 W ContextImpl: Calling a method in the system process without a qualified user: android.app.ContextImpl.startService:1357 android.content.ContextWrapper.startService:613 android.content.ContextWrapper.startService:613 com.qualcomm.qti.services.secureui.BootReceiver.onReceive:30 android.app.ActivityThread.handleReceiver:3041 
09-27 14:54:12.920  1774  1796 I WindowManager: Screen frozen for +1s371ms due to AppWindowToken{916b971 token=Token{186182c ActivityRecord{af6bc39 u0 com.android.launcher3/.Launcher t46}}}
09-27 14:54:12.943  1774  1796 D PowerManagerService: getScreenOffTimeoutLocked:  isTestFlag = false
09-27 14:54:12.958  1774  2737 I ActivityManager: Start proc 3380:com.qualcomm.display/1000 for broadcast com.qualcomm.cabl/.CABLReceiver
09-27 14:54:13.001  1774  2795 D PowerManagerService: getScreenOffTimeoutLocked:  isTestFlag = false
09-27 14:54:13.145  3380  3380 W ContextImpl: Calling a method in the system process without a qualified user: android.app.ContextImpl.startService:1357 android.content.ContextWrapper.startService:613 android.content.ContextWrapper.startService:613 com.qualcomm.cabl.CABLReceiver.onReceive:33 android.app.ActivityThread.handleReceiver:3041 
09-27 14:54:13.211  3380  3380 W ContextImpl: Calling a method in the system process without a qualified user: android.app.ContextImpl.startService:1357 android.content.ContextWrapper.startService:613 android.content.ContextWrapper.startService:613 com.qualcomm.svi.SVIReceiver.onReceive:33 android.app.ActivityThread.handleReceiver:3041 
09-27 14:54:13.215  1774  2823 D PowerManagerService: getScreenOffTimeoutLocked:  isTestFlag = false
09-27 14:54:13.250  1774  1786 I ActivityManager: Start proc 3403:com.android.dialer/u0a16 for broadcast com.android.dialer/.calllog.CallLogReceiver
09-27 14:54:13.382  1774  1785 I Telecom : PhoneAccountRegistrar: [ComponentInfo{com.android.phone/com.android.services.telephony.TelephonyConnectionService}, [356a192b7913b04c54574d18c28d46e6395428ab], UserHandle{0}(icon: Icon(typ=BITMAP size=72x72) -> Icon(typ=BITMAP size=72x72))]: TSI.rPA@AD0
09-27 14:54:13.392  1774  1785 I Telecom : : Sending phone-account registered intent as user: TSI.rPA@AD0
09-27 14:54:13.437  1774  2069 D PowerManagerService: getScreenOffTimeoutLocked:  isTestFlag = false
09-27 14:54:13.446  1774  2901 D PowerManagerService: getScreenOffTimeoutLocked:  isTestFlag = false
09-27 14:54:13.502  1774  1981 D PowerManagerService: getScreenOffTimeoutLocked:  isTestFlag = false
09-27 14:54:13.533  1774  2901 D PowerManagerService: getScreenOffTimeoutLocked:  isTestFlag = false
09-27 14:54:13.540  1774  2822 D PowerManagerService: getScreenOffTimeoutLocked:  isTestFlag = false
09-27 14:54:13.548  1774  2736 D PowerManagerService: getScreenOffTimeoutLocked:  isTestFlag = false
09-27 14:54:13.563  1774  1785 D PowerManagerService: getScreenOffTimeoutLocked:  isTestFlag = false
09-27 14:54:13.675  1774  2280 D PowerManagerService: getScreenOffTimeoutLocked:  isTestFlag = false
09-27 14:54:13.717  1774  2797 I ActivityManager: Start proc 3428:android.process.acore/u0a0 for content provider com.android.providers.contacts/.CallLogProvider
09-27 14:54:13.771  1774  1785 D PowerManagerService: getScreenOffTimeoutLocked:  isTestFlag = false
09-27 14:54:13.783  1774  2280 D PowerManagerService: getScreenOffTimeoutLocked:  isTestFlag = false
