09-27 15:00:16.174  1940  1940 D PhoneStatusBar: disable: < expand ICONS* alerts SYSTEM_INFO* back home recent clock search quick_settings >
09-27 15:00:16.178  1940  2541 D TelephonyIcons: updateDataType slot=1, type=13, inetCondition=0 showAtLeast3G=false show4GforLte=true hspaDistinguishable=true
09-27 15:00:16.179  1940  2541 D TelephonyIcons: data type item name: array/telephony_data_type_sim1 id:2131427376
09-27 15:00:16.180  1940  2541 D TelephonyIcons: updateDataType mSelectedDataTypeIcon[1]=2130838270, mSelectedDataActivityIndex=5
09-27 15:00:16.181  1940  2541 D TelephonyIcons: getSignalStrengthIcon: slot=1, inetCondition=0, level=4, roaming=false
09-27 15:00:16.182  1940  2541 D TelephonyIcons: signalStrengthArray.length=9
09-27 15:00:16.183  1940  2541 D TelephonyIcons: selectedTypeArray.length=2
09-27 15:00:16.183  1940  2541 D TelephonyIcons: inetArray.length=5
09-27 15:00:16.184  1940  2541 D TelephonyIcons: getDataActivity, slot=1, activity=2
09-27 15:00:16.187  1940  2541 D TelephonyIcons: null signal icon name: drawable/stat_sys_signal_null
09-27 15:00:16.188  1940  2541 D TelephonyIcons: getDataTypeIcon sub=1
09-27 15:00:16.190  1940  2541 D TelephonyIcons: updateDataType slot=1, type=13, inetCondition=0 showAtLeast3G=false show4GforLte=true hspaDistinguishable=true
09-27 15:00:16.190  1940  1940 D TelephonyIcons: updateDataType slot=1, type=13, inetCondition=0 showAtLeast3G=false show4GforLte=true hspaDistinguishable=true
09-27 15:00:16.191  1940  2541 D TelephonyIcons: data type item name: array/telephony_data_type_sim1 id:2131427376
09-27 15:00:16.191  1940  1940 D TelephonyIcons: data type item name: array/telephony_data_type_sim1 id:2131427376
09-27 15:00:16.192  1940  1940 D TelephonyIcons: updateDataType mSelectedDataTypeIcon[1]=2130838270, mSelectedDataActivityIndex=5
09-27 15:00:16.192  1940  1940 D TelephonyIcons: getSignalStrengthIcon: slot=1, inetCondition=0, level=4, roaming=false
09-27 15:00:16.192  1940  2541 D TelephonyIcons: updateDataType mSelectedDataTypeIcon[1]=2130838270, mSelectedDataActivityIndex=5
09-27 15:00:16.193  1940  2541 D TelephonyIcons: getSignalStrengthIcon: slot=1, inetCondition=0, level=4, roaming=false
09-27 15:00:16.193  1940  1940 D TelephonyIcons: signalStrengthArray.length=9
09-27 15:00:16.193  1940  2541 D TelephonyIcons: signalStrengthArray.length=9
09-27 15:00:16.194  1940  2541 D TelephonyIcons: selectedTypeArray.length=2
09-27 15:00:16.194  1940  1940 D TelephonyIcons: selectedTypeArray.length=2
09-27 15:00:16.195  1940  1940 D TelephonyIcons: inetArray.length=5
09-27 15:00:16.195  1940  2541 D TelephonyIcons: inetArray.length=5
09-27 15:00:16.196  1940  1940 D TelephonyIcons: getDataActivity, slot=1, activity=2
09-27 15:00:16.196  1940  2541 D TelephonyIcons: getDataActivity, slot=1, activity=2
09-27 15:00:16.198  1940  2541 D TelephonyIcons: null signal icon name: drawable/stat_sys_signal_null
09-27 15:00:16.199  1940  1940 D TelephonyIcons: null signal icon name: drawable/stat_sys_signal_null
09-27 15:00:16.199  1940  2541 D TelephonyIcons: getDataTypeIcon sub=1
09-27 15:00:16.200  1940  1940 D TelephonyIcons: getDataTypeIcon sub=1
09-27 15:00:16.204  1940  1940 D QuickStatusBarHeader:  roaming is false , mInRoaming = false , simstate is = 5
09-27 15:00:16.204   920   920 I chatty  : uid=9999(nobody) /system/bin/msm_irqbalance expire 32 lines
09-27 15:00:16.215  1940  1940 D KeyguardViewBase: show()
09-27 15:00:16.221  1940  1940 V KeyguardSecurityView: showPrimarySecurityScreen(turningOff=false)
09-27 15:00:16.221  1940  1940 D KeyguardSecurityView: showSecurityScreen(Pattern)
09-27 15:00:16.230  1940  1940 D KeyguardUpdateMonitor: onKeyguardVisibilityChanged(true)
09-27 15:00:16.231  1940  1940 V KeyguardStatusView: refresh statusview showing:true
09-27 15:00:16.239  1940  1940 V KeyguardUpdateMonitor: startListeningForFingerprint()
09-27 15:00:16.246  1940  1940 D KeyguardViewMediator: adjustStatusBarLocked: mShowing=true mOccluded=false isSecure=true --> flags=0x3200000
09-27 15:00:16.251  1774  2901 D PowerManagerService: getScreenOffTimeoutLocked:  isTestFlag = false
09-27 15:00:16.252  1940  1940 V KeyguardDisplayManager: show
09-27 15:00:16.253  1940  1940 I Choreographer: Skipped 44 frames!  The application may be doing too much work on its main thread.
09-27 15:00:16.273  1774  2835 D PowerManagerService: getScreenOffTimeoutLocked:  isTestFlag = false
09-27 15:00:16.278  1774  2835 D PowerManagerService: getScreenOffTimeoutLocked:  isTestFlag = false
09-27 15:00:16.304  1940  1940 W View    : requestLayout() improperly called by com.android.systemui.statusbar.NotificationOverflowIconsView{add666f V.E...... ......ID 180,30-1044,102 #7f12027f app:id/overflow_icons_view} during layout: running second layout pass
09-27 15:00:16.304  1940  1940 W View    : requestLayout() improperly called by com.android.systemui.statusbar.ExpandableNotificationRow{54c3cee VFE...C.. ......ID 0,0-1080,288} during layout: running second layout pass
09-27 15:00:16.304  1940  1940 W View    : requestLayout() improperly called by com.android.systemui.statusbar.ExpandableNotificationRow{27348ab VFE...C.. ......ID 0,0-1080,275} during layout: running second layout pass
09-27 15:00:16.305  1940  1940 W View    : requestLayout() improperly called by StatusBarIconView(slot= icon=StatusBarIcon(icon=Icon(typ=RESOURCE pkg=android id=0x010806e4) visible user=-1 ) notification=Notification(pri=0 contentView=null vibrate=null sound=null tick defaults=0x0 flags=0x2 color=0xff607d8b vis=PUBLIC)) during layout: running second layout pass
09-27 15:00:16.305  1940  1940 W View    : requestLayout() improperly called by StatusBarIconView(slot= icon=StatusBarIcon(icon=Icon(typ=RESOURCE pkg=com.google.android.apps.messaging id=0x7f02018d) visible user=0 num=1 ) notification=Notification(pri=-1 contentView=null vibrate=null sound=null tick defaults=0x4 flags=0x19 color=0xff2a56c6 category=msg groupKey=groupkey sortKey=00 actions=2 vis=PRIVATE)) during layout: running second layout pass
09-27 15:00:16.341  1940  1940 D KeyguardUpdateMonitor: handleKeyguardReset
09-27 15:00:16.342  1940  1940 V KeyguardUpdateMonitor: startListeningForFingerprint()
09-27 15:00:16.355  1940  1940 D PhoneStatusBar: disable: < expand ICONS alerts SYSTEM_INFO back HOME* RECENT* clock SEARCH* quick_settings >
09-27 15:00:16.423  1774  1796 D PowerManagerService: getScreenOffTimeoutLocked:  isTestFlag = false
09-27 15:00:16.579  1774  1886 I chatty  : uid=1000(system) Binder:1774_3 expire 3 lines
09-27 15:00:16.642  4923  4923 I qti-logkit.cDropboxReceiver: onReceive() intent Intent { act=android.intent.action.DROPBOX_ENTRY_ADDED flg=0x10 (has extras) }
09-27 15:00:19.049  1940  2334 D TelephonyIcons: updateDataType slot=1, type=13, inetCondition=0 showAtLeast3G=false show4GforLte=true hspaDistinguishable=true
09-27 15:00:19.051  1940  2334 D TelephonyIcons: data type item name: array/telephony_data_type_sim1 id:2131427376
09-27 15:00:19.053  1940  2334 D TelephonyIcons: updateDataType mSelectedDataTypeIcon[1]=2130838270, mSelectedDataActivityIndex=5
09-27 15:00:19.054  1940  2334 D TelephonyIcons: getSignalStrengthIcon: slot=1, inetCondition=0, level=3, roaming=false
09-27 15:00:19.056  1940  2334 D TelephonyIcons: signalStrengthArray.length=9
09-27 15:00:19.058  1940  2334 D TelephonyIcons: selectedTypeArray.length=2
09-27 15:00:19.060  1940  2334 D TelephonyIcons: inetArray.length=5
09-27 15:00:19.063  1940  2334 D TelephonyIcons: getDataActivity, slot=1, activity=2
09-27 15:00:19.069  1940  2334 D TelephonyIcons: null signal icon name: drawable/stat_sys_signal_null
09-27 15:00:19.070  1940  2334 D TelephonyIcons: getDataTypeIcon sub=1
09-27 15:00:19.078  1940  1940 D QuickStatusBarHeader:  roaming is false , mInRoaming = false , simstate is = 5
09-27 15:00:19.498  4991  4991 I LKCore  : vendor/qcom/proprietary/qti-logkit/LKCore/SocketConnector.h:554: IsConnected true
09-27 15:00:19.532   758   843 D ThermalEngine: sensor_wait: case_therm Wait done.
09-27 15:00:19.532  4923  4923 I qti-logkit.cActivity: Storage card details not available
09-27 15:00:19.534   758   843 D ThermalEngine: sensor_monitor: case_therm Reading 37000 .
09-27 15:00:19.534   758   843 I ThermalEngine: Sensor:case_therm:37000 mC
09-27 15:00:19.534   758   843 D ThermalEngine: update_active_thresh: case_therm Active(1), Hi(1) 42000, Lo(1) 35000, Interval(1) 10000
09-27 15:00:19.534   758   843 D ThermalEngine: sensor_monitor: case_therm Sensor wait.
09-27 15:00:19.534   758   843 D ThermalEngine: sensor_wait: case_therm Wait start. 10000ms
09-27 15:00:19.562  6283  6305 I PlayCommon: [416] PlayEventLogger.uploadEventsImpl: Preparing logs for uploading
09-27 15:00:19.564  6283  6305 I PlayCommon: [416] PlayEventLogger.uploadEventsImpl: No file ready to send
09-27 15:00:21.177  3457  3457 I clatd   : Detecting NAT64 prefix from DNS...
09-27 15:00:21.183  3457  3457 E clatd   : plat_prefix/dns(ipv4only.arpa) status = 7/No address associated with hostname
09-27 15:00:21.183  3457  3457 W clatd   : dns64_detection -- error, sleeping for 120 seconds
09-27 15:00:21.583  1774  2736 I chatty  : uid=1000(system) Binder:1774_8 expire 1 line
09-27 15:00:21.642  4923  4923 I qti-logkit.cDropboxReceiver: onReceive() intent Intent { act=android.intent.action.DROPBOX_ENTRY_ADDED flg=0x10 (has extras) }
09-27 15:00:24.536  4923  4923 I qti-logkit.cActivity: Storage card details not available
09-27 15:00:25.770  1940  2334 D TelephonyIcons: updateDataType slot=1, type=13, inetCondition=0 showAtLeast3G=false show4GforLte=true hspaDistinguishable=true
09-27 15:00:25.772  1940  2334 D TelephonyIcons: data type item name: array/telephony_data_type_sim1 id:2131427376
09-27 15:00:25.774  1940  2334 D TelephonyIcons: updateDataType mSelectedDataTypeIcon[1]=2130838270, mSelectedDataActivityIndex=5
09-27 15:00:25.775  1940  2334 D TelephonyIcons: getSignalStrengthIcon: slot=1, inetCondition=0, level=4, roaming=false
09-27 15:00:25.777  1940  2334 D TelephonyIcons: signalStrengthArray.length=9
09-27 15:00:25.779  1940  2334 D TelephonyIcons: selectedTypeArray.length=2
09-27 15:00:25.781  1940  2334 D TelephonyIcons: inetArray.length=5
09-27 15:00:25.783  1940  2334 D TelephonyIcons: getDataActivity, slot=1, activity=2
09-27 15:00:25.789  1940  2334 D TelephonyIcons: null signal icon name: drawable/stat_sys_signal_null
09-27 15:00:25.790  1940  2334 D TelephonyIcons: getDataTypeIcon sub=1
09-27 15:00:25.800  1940  1940 D QuickStatusBarHeader:  roaming is false , mInRoaming = false , simstate is = 5
09-27 15:00:26.571  1774  2795 I chatty  : uid=1000(system) Binder:1774_B expire 3 lines
09-27 15:00:26.641  4923  4923 I qti-logkit.cDropboxReceiver: onReceive() intent Intent { act=android.intent.action.DROPBOX_ENTRY_ADDED flg=0x10 (has extras) }
09-27 15:00:28.010  1940  2334 D TelephonyIcons: updateDataType slot=1, type=13, inetCondition=0 showAtLeast3G=false show4GforLte=true hspaDistinguishable=true
09-27 15:00:28.012  1940  2334 D TelephonyIcons: data type item name: array/telephony_data_type_sim1 id:2131427376
09-27 15:00:28.014  1940  2334 D TelephonyIcons: updateDataType mSelectedDataTypeIcon[1]=2130838270, mSelectedDataActivityIndex=5
09-27 15:00:28.015  1940  2334 D TelephonyIcons: getSignalStrengthIcon: slot=1, inetCondition=0, level=3, roaming=false
09-27 15:00:28.017  1940  2334 D TelephonyIcons: signalStrengthArray.length=9
09-27 15:00:28.019  1940  2334 D TelephonyIcons: selectedTypeArray.length=2
09-27 15:00:28.021  1940  2334 D TelephonyIcons: inetArray.length=5
09-27 15:00:28.023  1940  2334 D TelephonyIcons: getDataActivity, slot=1, activity=2
09-27 15:00:28.030  1940  2334 D TelephonyIcons: null signal icon name: drawable/stat_sys_signal_null
09-27 15:00:28.032  1940  2334 D TelephonyIcons: getDataTypeIcon sub=1
09-27 15:00:28.040  1940  1940 D QuickStatusBarHeader:  roaming is false , mInRoaming = false , simstate is = 5
09-27 15:00:29.501  4991  4991 I LKCore  : vendor/qcom/proprietary/qti-logkit/LKCore/SocketConnector.h:554: IsConnected true
09-27 15:00:29.535   758   843 D ThermalEngine: sensor_wait: case_therm Wait done.
09-27 15:00:29.536  4923  4923 I qti-logkit.cActivity: Storage card details not available
09-27 15:00:29.537   758   843 D ThermalEngine: sensor_monitor: case_therm Reading 36000 .
09-27 15:00:29.537   758   843 I ThermalEngine: Sensor:case_therm:36000 mC
09-27 15:00:29.537   758   843 D ThermalEngine: update_active_thresh: case_therm Active(1), Hi(1) 42000, Lo(1) 35000, Interval(1) 10000
09-27 15:00:29.537   758   843 D ThermalEngine: sensor_monitor: case_therm Sensor wait.
09-27 15:00:29.537   758   843 D ThermalEngine: sensor_wait: case_therm Wait start. 10000ms
09-27 15:00:31.533   920   920 I chatty  : uid=9999(nobody) /system/bin/msm_irqbalance expire 43 lines
09-27 15:00:31.568  1774  2822 I chatty  : uid=1000(system) Binder:1774_D expire 1 line
09-27 15:00:31.611  4923  4923 I qti-logkit.cDropboxReceiver: onReceive() intent Intent { act=android.intent.action.DROPBOX_ENTRY_ADDED flg=0x10 (has extras) }
09-27 15:00:34.532  4923  4923 I qti-logkit.cActivity: Storage card details not available
09-27 15:00:36.620  4923  4923 I qti-logkit.cDropboxReceiver: onReceive() intent Intent { act=android.intent.action.DROPBOX_ENTRY_ADDED flg=0x10 (has extras) }
09-27 15:00:39.504  4991  4991 I LKCore  : vendor/qcom/proprietary/qti-logkit/LKCore/SocketConnector.h:554: IsConnected true
09-27 15:00:39.535  4923  4923 I qti-logkit.cActivity: Storage card details not available
09-27 15:00:39.538   758   843 D ThermalEngine: sensor_wait: case_therm Wait done.
09-27 15:00:39.540   758   843 D ThermalEngine: sensor_monitor: case_therm Reading 36000 .
09-27 15:00:39.540   758   843 I ThermalEngine: Sensor:case_therm:36000 mC
09-27 15:00:39.540   758   843 D ThermalEngine: update_active_thresh: case_therm Active(1), Hi(1) 42000, Lo(1) 35000, Interval(1) 10000
09-27 15:00:39.540   758   843 D ThermalEngine: sensor_monitor: case_therm Sensor wait.
09-27 15:00:39.540   758   843 D ThermalEngine: sensor_wait: case_therm Wait start. 10000ms
09-27 15:00:41.650  4923  4923 I qti-logkit.cDropboxReceiver: onReceive() intent Intent { act=android.intent.action.DROPBOX_ENTRY_ADDED flg=0x10 (has extras) }
09-27 15:00:42.003  4576  4643 I Adreno  : QUALCOMM build                   : dd15ef5, Ic280a69317
09-27 15:00:42.003  4576  4643 I Adreno  : Build Date                       : 05/09/17
09-27 15:00:42.003  4576  4643 I Adreno  : OpenGL ES Shader Compiler Version: XE031.09.00.04
09-27 15:00:42.003  4576  4643 I Adreno  : Local Branch                     : 
09-27 15:00:42.003  4576  4643 I Adreno  : Remote Branch                    : quic/gfx-adreno.lnx.1.0.r5-rel
09-27 15:00:42.003  4576  4643 I Adreno  : Remote Branch                    : NONE
09-27 15:00:42.003  4576  4643 I Adreno  : Reconstruct Branch               : NOTHING
09-27 15:00:42.933  1774  1883 D PowerManagerService: getScreenOffTimeoutLocked:  isTestFlag = false
09-27 15:00:42.973  1774  2902 D PowerManagerService: getScreenOffTimeoutLocked:  isTestFlag = false
09-27 15:00:43.118  1774  2795 D PowerManagerService: getScreenOffTimeoutLocked:  isTestFlag = false
09-27 15:00:43.204  1774  1886 D PowerManagerService: getScreenOffTimeoutLocked:  isTestFlag = false
09-27 15:00:43.206  5503  7325 V BoundedNumberEvaluator: fieldName - value; 65536: greater than max value, 10000: using max value
09-27 15:00:43.207  5503  7325 V BoundedNumberEvaluator: fieldName - value; 65536: greater than max value, 10000: using max value
09-27 15:00:43.207  5503  7325 D AbstractMetricsFactoryImpl: Setting non-anonymous customer ID and session ID to null, and anonymous tag to true as the metric entry was not recorded in non-anonymous queue.
09-27 15:00:43.208  5503  7325 V MetricsServiceAdapter: record - [ com.amazon.widgets , FrescoDiskImageLoader ];
09-27 15:00:43.209  5503  5539 D OverridingDeviceInfoMan: getDeviceSerialNumber - Returning unique device id for non-anonymous metrics;
09-27 15:00:43.209  5503  5539 D OverridingDeviceInfoMan: getSessionID - Returning unique session id for non-anonymous metrics;
09-27 15:00:43.209  5503  5539 I OverridingDeviceInfoMan: getCustomerID - Inside get customer id for Overriding Device InfoManager;
09-27 15:00:43.209  5503  5539 I OverridingDeviceInfoMan: getCustomerId - Returning unique Customer id for non-anonymous metrics;
09-27 15:00:43.210  5503  5539 D Metrics:BatchCreator: addMetricEntry - Adding metric entry; metricEntry: 1506495643208 com.amazon.widgets FrescoDiskImageLoader  [LoadSuccess,1.0,1]  [anonymous,true,1]  [HTTP_USER_AGENT,AMZN(SmartPhone/G/A26P7JWNT6HZZG,Android/7.1.2,//,DCM),1] 
09-27 15:00:43.218  3194  7327 I GCM-GMS : Registering GMS 745476177629
09-27 15:00:43.238  1774  2736 D PowerManagerService: getScreenOffTimeoutLocked:  isTestFlag = false
09-27 15:00:43.243  1774  1774 D PowerManagerService: getScreenOffTimeoutLocked:  isTestFlag = false
09-27 15:00:43.267  5503  7328 V BoundedNumberEvaluator: fieldName - value; 65536: greater than max value, 10000: using max value
09-27 15:00:43.268  5503  7328 V BoundedNumberEvaluator: fieldName - value; 65536: greater than max value, 10000: using max value
09-27 15:00:43.268  5503  7328 D AbstractMetricsFactoryImpl: Setting non-anonymous customer ID and session ID to null, and anonymous tag to true as the metric entry was not recorded in non-anonymous queue.
09-27 15:00:43.269  5503  7328 V MetricsServiceAdapter: record - [ com.amazon.widgets , CardLoader ];
09-27 15:00:43.273  5503  5539 D OverridingDeviceInfoMan: getDeviceSerialNumber - Returning unique device id for non-anonymous metrics;
09-27 15:00:43.273  5503  5539 D OverridingDeviceInfoMan: getSessionID - Returning unique session id for non-anonymous metrics;
09-27 15:00:43.273  5503  5539 I OverridingDeviceInfoMan: getCustomerID - Inside get customer id for Overriding Device InfoManager;
09-27 15:00:43.273  5503  5539 I OverridingDeviceInfoMan: getCustomerId - Returning unique Customer id for non-anonymous metrics;
09-27 15:00:43.276  5503  7328 D AbstractMetricsFactoryImpl: Setting non-anonymous customer ID and session ID to null, and anonymous tag to true as the metric entry was not recorded in non-anonymous queue.
09-27 15:00:43.277  5503  7328 V MetricsServiceAdapter: record - [ com.amazon.widgets , FrescoDiskImageLoader ];
09-27 15:00:43.278  5503  5539 D Metrics:BatchCreator: addMetricEntry - Adding metric entry; metricEntry: 1506495643269 com.amazon.widgets CardLoader  [buildRemoteViews:Success,1.0,1]  [anonymous,true,1]  [HTTP_USER_AGENT,AMZN(SmartPhone/G/A26P7JWNT6HZZG,Android/7.1.2,//,DCM),1] 
09-27 15:00:43.278  5503  5539 D OverridingDeviceInfoMan: getDeviceSerialNumber - Returning unique device id for non-anonymous metrics;
09-27 15:00:43.278  5503  5539 D OverridingDeviceInfoMan: getSessionID - Returning unique session id for non-anonymous metrics;
09-27 15:00:43.278  5503  5539 I OverridingDeviceInfoMan: getCustomerID - Inside get customer id for Overriding Device InfoManager;
09-27 15:00:43.278  5503  5539 I OverridingDeviceInfoMan: getCustomerId - Returning unique Customer id for non-anonymous metrics;
09-27 15:00:43.282  5503  7328 D AbstractMetricsFactoryImpl: Setting non-anonymous customer ID and session ID to null, and anonymous tag to true as the metric entry was not recorded in non-anonymous queue.
09-27 15:00:43.282  5503  7328 V MetricsServiceAdapter: record - [ com.amazon.widgets , CardLoader ];
09-27 15:00:43.282  3194  3957 E GCM     : Missing checkin config file
09-27 15:00:43.283  5503  5539 D Metrics:BatchCreator: addMetricEntry - Adding metric entry; metricEntry: 1506495643277 com.amazon.widgets FrescoDiskImageLoader  [LoadSuccess,1.0,1]  [anonymous,true,1]  [HTTP_USER_AGENT,AMZN(SmartPhone/G/A26P7JWNT6HZZG,Android/7.1.2,//,DCM),1] 
09-27 15:00:43.283  3194  3957 W GCM     : GCM FAILED TO INITIALIZE - missing checkin
09-27 15:00:43.283  5503  5539 D OverridingDeviceInfoMan: getDeviceSerialNumber - Returning unique device id for non-anonymous metrics;
09-27 15:00:43.284  5503  5539 D OverridingDeviceInfoMan: getSessionID - Returning unique session id for non-anonymous metrics;
09-27 15:00:43.284  5503  5539 I OverridingDeviceInfoMan: getCustomerID - Inside get customer id for Overriding Device InfoManager;
09-27 15:00:43.284  5503  5539 I OverridingDeviceInfoMan: getCustomerId - Returning unique Customer id for non-anonymous metrics;
09-27 15:00:43.285  5503  5539 D Metrics:BatchCreator: addMetricEntry - Adding metric entry; metricEntry: 1506495643282 com.amazon.widgets CardLoader  [buildRemoteViews:Success,1.0,1]  [anonymous,true,1]  [HTTP_USER_AGENT,AMZN(SmartPhone/G/A26P7JWNT6HZZG,Android/7.1.2,//,DCM),1] 
09-27 15:00:43.291  5055  7326 D FirebaseInstanceId: background sync failed: AUTHENTICATION_FAILED, retry in 320s
09-27 15:00:43.302  2651  3217 E GCM     : Missing checkin config file
09-27 15:00:43.302  2651  3217 W GCM     : GCM FAILED TO INITIALIZE - missing checkin
09-27 15:00:43.305  3194  7327 W GCM-GMS : Failed to get registration: java.io.IOException: AUTHENTICATION_FAILED
09-27 15:00:43.307  1774  2883 D PowerManagerService: getScreenOffTimeoutLocked:  isTestFlag = false
09-27 15:00:43.312  1774  2797 D PowerManagerService: getScreenOffTimeoutLocked:  isTestFlag = false
09-27 15:00:43.320  1774  2823 D PowerManagerService: getScreenOffTimeoutLocked:  isTestFlag = false
09-27 15:00:43.322  1774  1886 D PowerManagerService: getScreenOffTimeoutLocked:  isTestFlag = false
09-27 15:00:43.325  1774  2279 D PowerManagerService: getScreenOffTimeoutLocked:  isTestFlag = false
09-27 15:00:43.360  5503  7334 V BoundedNumberEvaluator: fieldName - value; 65536: greater than max value, 10000: using max value
09-27 15:00:43.360  5503  7334 V BoundedNumberEvaluator: fieldName - value; 65536: greater than max value, 10000: using max value
09-27 15:00:43.361  5503  7334 D AbstractMetricsFactoryImpl: Setting non-anonymous customer ID and session ID to null, and anonymous tag to true as the metric entry was not recorded in non-anonymous queue.
09-27 15:00:43.361  5503  7334 V MetricsServiceAdapter: record - [ com.amazon.widgets , NavigationHandler ];
09-27 15:00:43.362  5503  5539 D OverridingDeviceInfoMan: getDeviceSerialNumber - Returning unique device id for non-anonymous metrics;
09-27 15:00:43.362  5503  5539 D OverridingDeviceInfoMan: getSessionID - Returning unique session id for non-anonymous metrics;
09-27 15:00:43.362  5503  5539 I OverridingDeviceInfoMan: getCustomerID - Inside get customer id for Overriding Device InfoManager;
09-27 15:00:43.362  5503  5539 I OverridingDeviceInfoMan: getCustomerId - Returning unique Customer id for non-anonymous metrics;
09-27 15:00:43.363  5503  5539 D Metrics:BatchCreator: addMetricEntry - Adding metric entry; metricEntry: 1506495643361 com.amazon.widgets NavigationHandler  [AppWidgetManager:updateAppWidget:Success,1.0,1]  [anonymous,true,1]  [HTTP_USER_AGENT,AMZN(SmartPhone/G/A26P7JWNT6HZZG,Android/7.1.2,//,DCM),1] 
09-27 15:00:43.378  1774  2736 D PowerManagerService: getScreenOffTimeoutLocked:  isTestFlag = false
09-27 15:00:44.535  4923  4923 I qti-logkit.cActivity: Storage card details not available
09-27 15:00:46.540   920   920 I chatty  : uid=9999(nobody) /system/bin/msm_irqbalance expire 44 lines
09-27 15:00:46.583  1774  2737 I chatty  : uid=1000(system) Binder:1774_9 expire 1 line
09-27 15:00:46.653  4923  4923 I qti-logkit.cDropboxReceiver: onReceive() intent Intent { act=android.intent.action.DROPBOX_ENTRY_ADDED flg=0x10 (has extras) }
09-27 15:00:48.237  5503  5548 D OverridingDeviceInfoMan: getDeviceSerialNumber - Returning unique device id for non-anonymous metrics;
09-27 15:00:48.237  5503  5548 D OverridingDeviceInfoMan: getSessionID - Returning unique session id for non-anonymous metrics;
09-27 15:00:48.237  5503  5548 I OverridingDeviceInfoMan: getCustomerID - Inside get customer id for Overriding Device InfoManager;
09-27 15:00:48.237  5503  5548 I OverridingDeviceInfoMan: getCustomerId - Returning unique Customer id for non-anonymous metrics;
09-27 15:00:48.238  5503  5548 D Metrics:BatchCreator: enqueueBatchForTransmission - Metrics Batch created. Adding to queue;
09-27 15:00:49.507  4991  4991 I LKCore  : vendor/qcom/proprietary/qti-logkit/LKCore/SocketConnector.h:554: IsConnected true
09-27 15:00:49.535  4923  4923 I qti-logkit.cActivity: Storage card details not available
09-27 15:00:49.541   758   843 D ThermalEngine: sensor_wait: case_therm Wait done.
09-27 15:00:49.543   758   843 D ThermalEngine: sensor_monitor: case_therm Reading 36000 .
09-27 15:00:49.543   758   843 I ThermalEngine: Sensor:case_therm:36000 mC
09-27 15:00:49.543   758   843 D ThermalEngine: update_active_thresh: case_therm Active(1), Hi(1) 42000, Lo(1) 35000, Interval(1) 10000
09-27 15:00:49.543   758   843 D ThermalEngine: sensor_monitor: case_therm Sensor wait.
09-27 15:00:49.543   758   843 D ThermalEngine: sensor_wait: case_therm Wait start. 10000ms
09-27 15:00:51.608  4923  4923 I qti-logkit.cDropboxReceiver: onReceive() intent Intent { act=android.intent.action.DROPBOX_ENTRY_ADDED flg=0x10 (has extras) }
09-27 15:00:54.541  4923  4923 I qti-logkit.cActivity: Storage card details not available
09-27 15:00:56.583  1774  2280 I chatty  : uid=1000(system) Binder:1774_7 expire 1 line
09-27 15:00:56.690  4923  4923 I qti-logkit.cDropboxReceiver: onReceive() intent Intent { act=android.intent.action.DROPBOX_ENTRY_ADDED flg=0x10 (has extras) }
09-27 15:00:59.509  4991  4991 I LKCore  : vendor/qcom/proprietary/qti-logkit/LKCore/SocketConnector.h:554: IsConnected true
09-27 15:00:59.534  4923  4923 I qti-logkit.cActivity: Storage card details not available
09-27 15:00:59.544   758   843 D ThermalEngine: sensor_wait: case_therm Wait done.
09-27 15:00:59.545   758   843 D ThermalEngine: sensor_monitor: case_therm Reading 35000 .
09-27 15:00:59.546   758   843 I ThermalEngine: Sensor:case_therm:35000 mC
09-27 15:00:59.546   758   843 D ThermalEngine: sensor_thresh_notify: Update recieved BATTERY_CHARGING_CTL 35000
09-27 15:00:59.546   758   843 D ThermalEngine: update_active_thresh: case_therm Active(1), Hi(1) 80000, Lo(0) -2147483648, Interval(1) 10000
09-27 15:00:59.546   758   843 D ThermalEngine: sensor_monitor: case_therm Sensor wait.
09-27 15:00:59.546   758   843 D ThermalEngine: sensor_wait: case_therm Wait start. 10000ms
09-27 15:00:59.546   758   863 D ThermalEngine: sensor_monitor: Thresh EVT
09-27 15:00:59.548   758   863 I ThermalEngine: Sensor:case_therm:35000 mC
09-27 15:00:59.548   758   863 D ThermalEngine: TM Id BATTERY_CHARGING_CTL Sensor case_therm Reading 35000
09-27 15:00:59.548   758   863 D ThermalEngine: handle_thresh_sig: TM Id BATTERY_CHARGING_CTL Sensor case_therm Temp 35000
09-27 15:00:59.548   758   863 I ThermalEngine: TM Id 'BATTERY_CHARGING_CTL' Sensor 'case_therm' - alarm cleared 1 at 35.0 degC
09-27 15:00:59.548   758   863 D ThermalEngine: sensor_update_thresholds: TM Id BATTERY_CHARGING_CTL Sensor case_therm threshold_type -1, level 0
09-27 15:00:59.548   758   863 D ThermalEngine: sensors_manager_set_thresh_lvl: case_therm Hi(1) 38000, Lo(0) 35000, Interval(1) 10000
09-27 15:00:59.548   758   863 D ThermalEngine: update_active_thresh: case_therm Active(1), Hi(1) 38000, Lo(0) -2147483648, Interval(1) 10000
09-27 15:00:59.548   758   863 D ThermalEngine: Clearing all alarms
09-27 15:00:59.548   758   863 D ThermalEngine: device_clnt_cancel_request: DEV battery
09-27 15:00:59.549   758   863 D ThermalEngine: ACTION: BATTERY - Setting battery charging mitigation to 0
09-27 15:00:59.549   758   863 I ThermalEngine: Mitigation:Battery:0
09-27 15:00:59.549   758   863 D ThermalEngine: sensor_monitor: Wait for EV
09-27 15:01:01.540   920   920 I chatty  : uid=9999(nobody) /system/bin/msm_irqbalance expire 42 lines
09-27 15:01:01.594  1940  2334 D TelephonyIcons: updateDataType slot=1, type=13, inetCondition=0 showAtLeast3G=false show4GforLte=true hspaDistinguishable=true
09-27 15:01:01.595  1940  2334 D TelephonyIcons: data type item name: array/telephony_data_type_sim1 id:2131427376
09-27 15:01:01.596  1940  2334 D TelephonyIcons: updateDataType mSelectedDataTypeIcon[1]=2130838270, mSelectedDataActivityIndex=5
09-27 15:01:01.596  1940  2334 D TelephonyIcons: getSignalStrengthIcon: slot=1, inetCondition=0, level=4, roaming=false
09-27 15:01:01.596  1940  2334 D TelephonyIcons: signalStrengthArray.length=9
09-27 15:01:01.597  1940  2334 D TelephonyIcons: selectedTypeArray.length=2
09-27 15:01:01.597  1940  2334 D TelephonyIcons: inetArray.length=5
09-27 15:01:01.598  1940  2334 D TelephonyIcons: getDataActivity, slot=1, activity=2
09-27 15:01:01.602  1940  2334 D TelephonyIcons: null signal icon name: drawable/stat_sys_signal_null
09-27 15:01:01.603  1940  2334 D TelephonyIcons: getDataTypeIcon sub=1
09-27 15:01:01.608  1940  1940 D QuickStatusBarHeader:  roaming is false , mInRoaming = false , simstate is = 5
09-27 15:01:01.653  4923  4923 I qti-logkit.cDropboxReceiver: onReceive() intent Intent { act=android.intent.action.DROPBOX_ENTRY_ADDED flg=0x10 (has extras) }
09-27 15:01:02.694  1940  1940 D KeyguardUpdateMonitor: received broadcast android.intent.action.BATTERY_CHANGED
09-27 15:01:02.695  1940  1940 D KeyguardUpdateMonitor: handleBatteryUpdate
09-27 15:01:02.706  2235  2287 W QCNEJ   : |CORE| CNE received unexpected action: android.intent.action.BATTERY_CHANGED
09-27 15:01:04.533  4923  4923 I qti-logkit.cActivity: Storage card details not available
09-27 15:01:06.569  1774  1886 I chatty  : uid=1000(system) Binder:1774_3 expire 1 line
09-27 15:01:06.672  4923  4923 I qti-logkit.cDropboxReceiver: onReceive() intent Intent { act=android.intent.action.DROPBOX_ENTRY_ADDED flg=0x10 (has extras) }
09-27 15:01:07.408  1774  3024 I chatty  : uid=1000(system) ulp_msg expire 7 lines
09-27 15:01:07.408  1774  2226 I chatty  : uid=1000(system) FLP Service Cal expire 2 lines
09-27 15:01:07.414  1774  2232 I chatty  : uid=1000(system) FLP Service Cal expire 1 line
09-27 15:01:09.512  4991  4991 I LKCore  : vendor/qcom/proprietary/qti-logkit/LKCore/SocketConnector.h:554: IsConnected true
09-27 15:01:09.535  4923  4923 I qti-logkit.cActivity: Storage card details not available
09-27 15:01:09.547   758   843 D ThermalEngine: sensor_wait: case_therm Wait done.
09-27 15:01:09.549   758   843 D ThermalEngine: sensor_monitor: case_therm Reading 35000 .
09-27 15:01:09.549   758   843 I ThermalEngine: Sensor:case_therm:35000 mC
09-27 15:01:09.549   758   843 D ThermalEngine: update_active_thresh: case_therm Active(1), Hi(1) 38000, Lo(0) -2147483648, Interval(1) 10000
09-27 15:01:09.549   758   843 D ThermalEngine: sensor_monitor: case_therm Sensor wait.
09-27 15:01:09.549   758   843 D ThermalEngine: sensor_wait: case_therm Wait start. 10000ms
09-27 15:01:11.575  1774  2736 I chatty  : uid=1000(system) Binder:1774_8 expire 1 line
09-27 15:01:11.673  4923  4923 I qti-logkit.cDropboxReceiver: onReceive() intent Intent { act=android.intent.action.DROPBOX_ENTRY_ADDED flg=0x10 (has extras) }
09-27 15:01:11.925  2235  4748 I DPMJ    : |SERVICE| DPM_D_REQ_GET_RUNNING_APP_LIST
09-27 15:01:14.324  1940  2334 D TelephonyIcons: updateDataType slot=1, type=13, inetCondition=0 showAtLeast3G=false show4GforLte=true hspaDistinguishable=true
09-27 15:01:14.325  1940  2334 D TelephonyIcons: data type item name: array/telephony_data_type_sim1 id:2131427376
09-27 15:01:14.327  1940  2334 D TelephonyIcons: updateDataType mSelectedDataTypeIcon[1]=2130838270, mSelectedDataActivityIndex=5
09-27 15:01:14.327  1940  2334 D TelephonyIcons: getSignalStrengthIcon: slot=1, inetCondition=0, level=3, roaming=false
09-27 15:01:14.328  1940  2334 D TelephonyIcons: signalStrengthArray.length=9
09-27 15:01:14.329  1940  2334 D TelephonyIcons: selectedTypeArray.length=2
09-27 15:01:14.332  1940  2334 D TelephonyIcons: inetArray.length=5
09-27 15:01:14.335  1940  2334 D TelephonyIcons: getDataActivity, slot=1, activity=2
09-27 15:01:14.342  1940  2334 D TelephonyIcons: null signal icon name: drawable/stat_sys_signal_null
09-27 15:01:14.343  1940  2334 D TelephonyIcons: getDataTypeIcon sub=1
09-27 15:01:14.351  1940  1940 D QuickStatusBarHeader:  roaming is false , mInRoaming = false , simstate is = 5
09-27 15:01:14.533  4923  4923 I qti-logkit.cActivity: Storage card details not available
09-27 15:01:16.543   920   920 I chatty  : uid=9999(nobody) /system/bin/msm_irqbalance expire 45 lines
09-27 15:01:16.578  1774  2823 I chatty  : uid=1000(system) Binder:1774_E expire 1 line
09-27 15:01:16.642  4923  4923 I qti-logkit.cDropboxReceiver: onReceive() intent Intent { act=android.intent.action.DROPBOX_ENTRY_ADDED flg=0x10 (has extras) }
09-27 15:01:19.513  4991  4991 I LKCore  : vendor/qcom/proprietary/qti-logkit/LKCore/SocketConnector.h:554: IsConnected true
09-27 15:01:19.532  4923  4923 I qti-logkit.cActivity: Storage card details not available
09-27 15:01:19.551   758   843 D ThermalEngine: sensor_wait: case_therm Wait done.
09-27 15:01:19.553   758   843 D ThermalEngine: sensor_monitor: case_therm Reading 35000 .
09-27 15:01:19.553   758   843 I ThermalEngine: Sensor:case_therm:35000 mC
09-27 15:01:19.553   758   843 D ThermalEngine: update_active_thresh: case_therm Active(1), Hi(1) 38000, Lo(0) -2147483648, Interval(1) 10000
09-27 15:01:19.553   758   843 D ThermalEngine: sensor_monitor: case_therm Sensor wait.
09-27 15:01:19.553   758   843 D ThermalEngine: sensor_wait: case_therm Wait start. 10000ms
09-27 15:01:21.586  1774  2279 I chatty  : uid=1000(system) Binder:1774_6 expire 1 line
09-27 15:01:21.641  4923  4923 I qti-logkit.cDropboxReceiver: onReceive() intent Intent { act=android.intent.action.DROPBOX_ENTRY_ADDED flg=0x10 (has extras) }
09-27 15:01:22.734  1940  1940 D KeyguardUpdateMonitor: received broadcast android.intent.action.BATTERY_CHANGED
09-27 15:01:22.740  2235  2287 W QCNEJ   : |CORE| CNE received unexpected action: android.intent.action.BATTERY_CHANGED
09-27 15:01:22.743  1940  1940 D KeyguardUpdateMonitor: handleBatteryUpdate
09-27 15:01:24.537  4923  4923 I qti-logkit.cActivity: Storage card details not available
09-27 15:01:26.569  1774  1981 I chatty  : uid=1000(system) Binder:1774_4 expire 1 line
09-27 15:01:26.604  4923  4923 I qti-logkit.cDropboxReceiver: onReceive() intent Intent { act=android.intent.action.DROPBOX_ENTRY_ADDED flg=0x10 (has extras) }
09-27 15:01:28.489  1940  2334 D TelephonyIcons: updateDataType slot=1, type=13, inetCondition=0 showAtLeast3G=false show4GforLte=true hspaDistinguishable=true
09-27 15:01:28.491  1940  2334 D TelephonyIcons: data type item name: array/telephony_data_type_sim1 id:2131427376
09-27 15:01:28.494  1940  2334 D TelephonyIcons: updateDataType mSelectedDataTypeIcon[1]=2130838270, mSelectedDataActivityIndex=5
09-27 15:01:28.495  1940  2334 D TelephonyIcons: getSignalStrengthIcon: slot=1, inetCondition=0, level=4, roaming=false
09-27 15:01:28.496  1940  2334 D TelephonyIcons: signalStrengthArray.length=9
09-27 15:01:28.498  1940  2334 D TelephonyIcons: selectedTypeArray.length=2
09-27 15:01:28.500  1940  2334 D TelephonyIcons: inetArray.length=5
09-27 15:01:28.503  1940  2334 D TelephonyIcons: getDataActivity, slot=1, activity=2
09-27 15:01:28.509  1940  2334 D TelephonyIcons: null signal icon name: drawable/stat_sys_signal_null
09-27 15:01:28.511  1940  2334 D TelephonyIcons: getDataTypeIcon sub=1
09-27 15:01:28.520  1940  1940 D QuickStatusBarHeader:  roaming is false , mInRoaming = false , simstate is = 5
09-27 15:01:29.516  4991  4991 I LKCore  : vendor/qcom/proprietary/qti-logkit/LKCore/SocketConnector.h:554: IsConnected true
09-27 15:01:29.531  4923  4923 I qti-logkit.cActivity: Storage card details not available
09-27 15:01:29.554   758   843 D ThermalEngine: sensor_wait: case_therm Wait done.
09-27 15:01:29.556   758   843 D ThermalEngine: sensor_monitor: case_therm Reading 35000 .
09-27 15:01:29.556   758   843 I ThermalEngine: Sensor:case_therm:35000 mC
09-27 15:01:29.556   758   843 D ThermalEngine: update_active_thresh: case_therm Active(1), Hi(1) 38000, Lo(0) -2147483648, Interval(1) 10000
09-27 15:01:29.556   758   843 D ThermalEngine: sensor_monitor: case_therm Sensor wait.
09-27 15:01:29.556   758   843 D ThermalEngine: sensor_wait: case_therm Wait start. 10000ms
09-27 15:01:31.540   920   920 I chatty  : uid=9999(nobody) /system/bin/msm_irqbalance expire 43 lines
09-27 15:01:31.571  1774  2835 I chatty  : uid=1000(system) Binder:1774_F expire 1 line
09-27 15:01:31.592  4923  4923 I qti-logkit.cDropboxReceiver: onReceive() intent Intent { act=android.intent.action.DROPBOX_ENTRY_ADDED flg=0x10 (has extras) }
09-27 15:01:34.532  4923  4923 I qti-logkit.cActivity: Storage card details not available
09-27 15:01:34.962   825   825 I cnss-daemon: RTM_NEWROUTE Indication
09-27 15:01:34.962   825   825 I cnss-daemon: ip type is ipv6
09-27 15:01:34.963   825   825 I cnss-daemon: RTM_NEWROUTE Indication
09-27 15:01:34.963   825   825 I cnss-daemon: ip type is ipv6
09-27 15:01:34.963   825   825 I cnss-daemon: RTM_NEWROUTE Indication
09-27 15:01:34.963   825   825 I cnss-daemon: ip type is ipv6
09-27 15:01:34.972  1774  7346 I chatty  : uid=1000 system_server expire 1 line
09-27 15:01:34.974  1774  7347 I chatty  : uid=1000 system_server expire 2 lines
09-27 15:01:36.575  1774  2822 I chatty  : uid=1000(system) Binder:1774_D expire 1 line
09-27 15:01:36.609  4923  4923 I qti-logkit.cDropboxReceiver: onReceive() intent Intent { act=android.intent.action.DROPBOX_ENTRY_ADDED flg=0x10 (has extras) }
09-27 15:01:39.518  4991  4991 I LKCore  : vendor/qcom/proprietary/qti-logkit/LKCore/SocketConnector.h:554: IsConnected true
09-27 15:01:39.532  4923  4923 I qti-logkit.cActivity: Storage card details not available
09-27 15:01:39.557   758   843 D ThermalEngine: sensor_wait: case_therm Wait done.
09-27 15:01:39.559   758   843 D ThermalEngine: sensor_monitor: case_therm Reading 35000 .
09-27 15:01:39.559   758   843 I ThermalEngine: Sensor:case_therm:35000 mC
09-27 15:01:39.559   758   843 D ThermalEngine: update_active_thresh: case_therm Active(1), Hi(1) 38000, Lo(0) -2147483648, Interval(1) 10000
09-27 15:01:39.559   758   843 D ThermalEngine: sensor_monitor: case_therm Sensor wait.
09-27 15:01:39.560   758   843 D ThermalEngine: sensor_wait: case_therm Wait start. 10000ms
09-27 15:01:39.714  4576  5478 I Adreno  : QUALCOMM build                   : dd15ef5, Ic280a69317
09-27 15:01:39.714  4576  5478 I Adreno  : Build Date                       : 05/09/17
09-27 15:01:39.714  4576  5478 I Adreno  : OpenGL ES Shader Compiler Version: XE031.09.00.04
09-27 15:01:39.714  4576  5478 I Adreno  : Local Branch                     : 
09-27 15:01:39.714  4576  5478 I Adreno  : Remote Branch                    : quic/gfx-adreno.lnx.1.0.r5-rel
09-27 15:01:39.714  4576  5478 I Adreno  : Remote Branch                    : NONE
09-27 15:01:39.714  4576  5478 I Adreno  : Reconstruct Branch               : NOTHING
09-27 15:01:41.576  1774  2883 I chatty  : uid=1000(system) Binder:1774_10 expire 1 line
09-27 15:01:41.620  4923  4923 I qti-logkit.cDropboxReceiver: onReceive() intent Intent { act=android.intent.action.DROPBOX_ENTRY_ADDED flg=0x10 (has extras) }
09-27 15:01:42.776  1940  1940 D KeyguardUpdateMonitor: received broadcast android.intent.action.BATTERY_CHANGED
09-27 15:01:42.782  2235  2287 W QCNEJ   : |CORE| CNE received unexpected action: android.intent.action.BATTERY_CHANGED
09-27 15:01:42.785  1940  1940 D KeyguardUpdateMonitor: handleBatteryUpdate
09-27 15:01:44.534  4923  4923 I qti-logkit.cActivity: Storage card details not available
09-27 15:01:44.823  1774  2746 I ActivityManager: Killing 6556:android.process.media/u0a9 (adj 906): empty #17
09-27 15:01:44.884  1774  2835 D ActivityManager: cleanUpApplicationRecord -- 6556
09-27 15:01:46.540   920   920 I chatty  : uid=9999(nobody) /system/bin/msm_irqbalance expire 43 lines
09-27 15:01:46.576  1774  2736 I chatty  : uid=1000(system) Binder:1774_8 expire 1 line
09-27 15:01:46.609  4923  4923 I qti-logkit.cDropboxReceiver: onReceive() intent Intent { act=android.intent.action.DROPBOX_ENTRY_ADDED flg=0x10 (has extras) }
09-27 15:01:47.397   825   825 I cnss-daemon: RTM_NEWROUTE Indication
09-27 15:01:47.397   825   825 I cnss-daemon: ip type is ipv6
09-27 15:01:49.521  4991  4991 I LKCore  : vendor/qcom/proprietary/qti-logkit/LKCore/SocketConnector.h:554: IsConnected true
09-27 15:01:49.532  4923  4923 I qti-logkit.cActivity: Storage card details not available
09-27 15:01:49.560   758   843 D ThermalEngine: sensor_wait: case_therm Wait done.
09-27 15:01:49.562   758   843 D ThermalEngine: sensor_monitor: case_therm Reading 35000 .
09-27 15:01:49.563   758   843 I ThermalEngine: Sensor:case_therm:35000 mC
09-27 15:01:49.563   758   843 D ThermalEngine: update_active_thresh: case_therm Active(1), Hi(1) 38000, Lo(0) -2147483648, Interval(1) 10000
09-27 15:01:49.563   758   843 D ThermalEngine: sensor_monitor: case_therm Sensor wait.
09-27 15:01:49.563   758   843 D ThermalEngine: sensor_wait: case_therm Wait start. 10000ms
09-27 15:01:51.578  1774  2746 I chatty  : uid=1000(system) Binder:1774_A expire 1 line
09-27 15:01:51.711  4923  4923 I qti-logkit.cDropboxReceiver: onReceive() intent Intent { act=android.intent.action.DROPBOX_ENTRY_ADDED flg=0x10 (has extras) }
09-27 15:01:52.793  1940  1940 D KeyguardUpdateMonitor: received broadcast android.intent.action.BATTERY_CHANGED
09-27 15:01:52.794  1940  1940 D KeyguardUpdateMonitor: handleBatteryUpdate
09-27 15:01:52.798  2235  2287 W QCNEJ   : |CORE| CNE received unexpected action: android.intent.action.BATTERY_CHANGED
09-27 15:01:54.531  4923  4923 I qti-logkit.cActivity: Storage card details not available
09-27 15:01:55.016  1774  7346 I chatty  : uid=1000 system_server expire 1 line
09-27 15:01:56.580  1774  1786 I chatty  : uid=1000(system) Binder:1774_2 expire 1 line
09-27 15:01:56.690  4923  4923 I qti-logkit.cDropboxReceiver: onReceive() intent Intent { act=android.intent.action.DROPBOX_ENTRY_ADDED flg=0x10 (has extras) }
09-27 15:01:56.786  4923  4928 I art     : Compiler allocated 5MB to compile boolean android.app.ApplicationThreadNative.onTransact(int, android.os.Parcel, android.os.Parcel, int)
09-27 15:01:58.023  1774  3500 I chatty  : uid=1000(system) NetworkMonitorN expire 1 line
09-27 15:01:58.047  1774  3500 D PowerManagerService: getScreenOffTimeoutLocked:  isTestFlag = false
09-27 15:01:58.061  1774  2746 D PowerManagerService: getScreenOffTimeoutLocked:  isTestFlag = false
09-27 15:01:58.063  1774  3500 D PowerManagerService: getScreenOffTimeoutLocked:  isTestFlag = false
09-27 15:01:58.077  1774  1786 D PowerManagerService: getScreenOffTimeoutLocked:  isTestFlag = false
09-27 15:01:58.084  1774  1901 D ConnectivityService: NetworkAgentInfo [MOBILE (LTE) - 101] validation failed
09-27 15:01:59.522  4991  4991 I LKCore  : vendor/qcom/proprietary/qti-logkit/LKCore/SocketConnector.h:554: IsConnected true
09-27 15:01:59.530  4923  4923 I qti-logkit.cActivity: Storage card details not available
09-27 15:01:59.565   758   843 D ThermalEngine: sensor_wait: case_therm Wait done.
09-27 15:01:59.567   758   843 D ThermalEngine: sensor_monitor: case_therm Reading 35000 .
09-27 15:01:59.567   758   843 I ThermalEngine: Sensor:case_therm:35000 mC
09-27 15:01:59.567   758   843 D ThermalEngine: update_active_thresh: case_therm Active(1), Hi(1) 38000, Lo(0) -2147483648, Interval(1) 10000
09-27 15:01:59.567   758   843 D ThermalEngine: sensor_monitor: case_therm Sensor wait.
09-27 15:01:59.567   758   843 D ThermalEngine: sensor_wait: case_therm Wait start. 10000ms
09-27 15:02:01.540   920   920 I chatty  : uid=9999(nobody) /system/bin/msm_irqbalance expire 42 lines
09-27 15:02:01.574  1774  2746 I chatty  : uid=1000(system) Binder:1774_A expire 1 line
09-27 15:02:01.610  4923  4923 I qti-logkit.cDropboxReceiver: onReceive() intent Intent { act=android.intent.action.DROPBOX_ENTRY_ADDED flg=0x10 (has extras) }
09-27 15:02:04.331  1940  2334 D TelephonyIcons: updateDataType slot=1, type=13, inetCondition=0 showAtLeast3G=false show4GforLte=true hspaDistinguishable=true
09-27 15:02:04.332  1940  2334 D TelephonyIcons: data type item name: array/telephony_data_type_sim1 id:2131427376
09-27 15:02:04.335  1940  2334 D TelephonyIcons: updateDataType mSelectedDataTypeIcon[1]=2130838270, mSelectedDataActivityIndex=5
09-27 15:02:04.336  1940  2334 D TelephonyIcons: getSignalStrengthIcon: slot=1, inetCondition=0, level=3, roaming=false
09-27 15:02:04.337  1940  2334 D TelephonyIcons: signalStrengthArray.length=9
09-27 15:02:04.338  1940  2334 D TelephonyIcons: selectedTypeArray.length=2
09-27 15:02:04.340  1940  2334 D TelephonyIcons: inetArray.length=5
09-27 15:02:04.342  1940  2334 D TelephonyIcons: getDataActivity, slot=1, activity=2
09-27 15:02:04.349  1940  2334 D TelephonyIcons: null signal icon name: drawable/stat_sys_signal_null
09-27 15:02:04.351  1940  2334 D TelephonyIcons: getDataTypeIcon sub=1
09-27 15:02:04.362  1940  1940 D QuickStatusBarHeader:  roaming is false , mInRoaming = false , simstate is = 5
09-27 15:02:04.530  4923  4923 I qti-logkit.cActivity: Storage card details not available
09-27 15:02:06.582  1774  2795 I chatty  : uid=1000(system) Binder:1774_B expire 2 lines
09-27 15:02:06.615  4923  4923 I qti-logkit.cDropboxReceiver: onReceive() intent Intent { act=android.intent.action.DROPBOX_ENTRY_ADDED flg=0x10 (has extras) }
09-27 15:02:06.938   825   825 I cnss-daemon: RTM_NEWROUTE Indication
09-27 15:02:06.938   825   825 I cnss-daemon: ip type is ipv6
09-27 15:02:07.410  1774  3024 I chatty  : uid=1000(system) ulp_msg expire 7 lines
09-27 15:02:07.411  1774  2226 I chatty  : uid=1000(system) FLP Service Cal expire 2 lines
09-27 15:02:07.416  1774  2232 I chatty  : uid=1000(system) FLP Service Cal expire 1 line
09-27 15:02:09.523  4991  4991 I LKCore  : vendor/qcom/proprietary/qti-logkit/LKCore/SocketConnector.h:554: IsConnected true
09-27 15:02:09.535  4923  4923 I qti-logkit.cActivity: Storage card details not available
09-27 15:02:09.568   758   843 D ThermalEngine: sensor_wait: case_therm Wait done.
09-27 15:02:09.570   758   843 D ThermalEngine: sensor_monitor: case_therm Reading 35000 .
09-27 15:02:09.570   758   843 I ThermalEngine: Sensor:case_therm:35000 mC
09-27 15:02:09.570   758   843 D ThermalEngine: update_active_thresh: case_therm Active(1), Hi(1) 38000, Lo(0) -2147483648, Interval(1) 10000
09-27 15:02:09.570   758   843 D ThermalEngine: sensor_monitor: case_therm Sensor wait.
09-27 15:02:09.570   758   843 D ThermalEngine: sensor_wait: case_therm Wait start. 10000ms
09-27 15:02:11.572  1774  2835 I chatty  : uid=1000(system) Binder:1774_F expire 2 lines
09-27 15:02:11.625  4923  4923 I qti-logkit.cDropboxReceiver: onReceive() intent Intent { act=android.intent.action.DROPBOX_ENTRY_ADDED flg=0x10 (has extras) }
09-27 15:02:13.291  1940  2334 D TelephonyIcons: updateDataType slot=1, type=13, inetCondition=0 showAtLeast3G=false show4GforLte=true hspaDistinguishable=true
09-27 15:02:13.292  1940  2334 D TelephonyIcons: data type item name: array/telephony_data_type_sim1 id:2131427376
09-27 15:02:13.295  1940  2334 D TelephonyIcons: updateDataType mSelectedDataTypeIcon[1]=2130838270, mSelectedDataActivityIndex=5
09-27 15:02:13.295  1940  2334 D TelephonyIcons: getSignalStrengthIcon: slot=1, inetCondition=0, level=4, roaming=false
09-27 15:02:13.297  1940  2334 D TelephonyIcons: signalStrengthArray.length=9
09-27 15:02:13.299  1940  2334 D TelephonyIcons: selectedTypeArray.length=2
09-27 15:02:13.301  1940  2334 D TelephonyIcons: inetArray.length=5
09-27 15:02:13.303  1940  2334 D TelephonyIcons: getDataActivity, slot=1, activity=2
09-27 15:02:13.309  1940  2334 D TelephonyIcons: null signal icon name: drawable/stat_sys_signal_null
09-27 15:02:13.310  1940  2334 D TelephonyIcons: getDataTypeIcon sub=1
09-27 15:02:13.319  1940  1940 D QuickStatusBarHeader:  roaming is false , mInRoaming = false , simstate is = 5
09-27 15:02:14.533  4923  4923 I qti-logkit.cActivity: Storage card details not available
09-27 15:02:16.540   920   920 I chatty  : uid=9999(nobody) /system/bin/msm_irqbalance expire 38 lines
09-27 15:02:16.617  4923  4923 I qti-logkit.cDropboxReceiver: onReceive() intent Intent { act=android.intent.action.DROPBOX_ENTRY_ADDED flg=0x10 (has extras) }
09-27 15:02:19.247  1774  1785 D PowerManagerService: getScreenOffTimeoutLocked:  isTestFlag = false
09-27 15:02:19.523  4991  4991 I LKCore  : vendor/qcom/proprietary/qti-logkit/LKCore/SocketConnector.h:554: IsConnected true
09-27 15:02:19.524  1940  2334 D TelephonyIcons: updateDataType slot=1, type=13, inetCondition=0 showAtLeast3G=false show4GforLte=true hspaDistinguishable=true
09-27 15:02:19.525  1940  2334 D TelephonyIcons: data type item name: array/telephony_data_type_sim1 id:2131427376
09-27 15:02:19.527  1940  2334 D TelephonyIcons: updateDataType mSelectedDataTypeIcon[1]=2130838270, mSelectedDataActivityIndex=5
09-27 15:02:19.528  1940  2334 D TelephonyIcons: getSignalStrengthIcon: slot=1, inetCondition=0, level=3, roaming=false
09-27 15:02:19.531  1940  2334 D TelephonyIcons: signalStrengthArray.length=9
09-27 15:02:19.533  1940  2334 D TelephonyIcons: selectedTypeArray.length=2
09-27 15:02:19.534  4923  4923 I qti-logkit.cActivity: Storage card details not available
09-27 15:02:19.534  1940  2334 D TelephonyIcons: inetArray.length=5
09-27 15:02:19.536  1940  2334 D TelephonyIcons: getDataActivity, slot=1, activity=2
09-27 15:02:19.542  1940  2334 D TelephonyIcons: null signal icon name: drawable/stat_sys_signal_null
09-27 15:02:19.544  1940  2334 D TelephonyIcons: getDataTypeIcon sub=1
09-27 15:02:19.553  1940  1940 D QuickStatusBarHeader:  roaming is false , mInRoaming = false , simstate is = 5
09-27 15:02:19.570   758   843 D ThermalEngine: sensor_wait: case_therm Wait done.
09-27 15:02:19.572   758   843 D ThermalEngine: sensor_monitor: case_therm Reading 35000 .
09-27 15:02:19.572   758   843 I ThermalEngine: Sensor:case_therm:35000 mC
