09-27 14:54:37.438  2249  2249 D QtiSubscriptionController: getPhoneId, received dummy subId 2147483643
09-27 14:54:37.442   939  1269 E RILQ    : (1/939): RIL[1][oem_socket1] void qcril_qmi_generic_socket_agent::recv_thread_func(): read 4 bytes length message with length 32
09-27 14:54:37.442   939  1269 E RILQ    : (1/939): RIL[1][oem_socket1] qmi_ril_parse_oem_hook_header: Received un-handled/oem command id = 524329
09-27 14:54:37.987  2249  2261 D RILJ    : [3871]> RIL_REQUEST_GET_CELL_INFO_LIST [SUB0]
09-27 14:54:38.001  2249  2308 D RilRequest: [3871]< RIL_REQUEST_GET_CELL_INFO_LIST error: com.android.internal.telephony.CommandException: SYSTEM_ERR ret=
09-27 14:54:38.001  2249  2249 D SST     : EVENT_GET_CELL_INFO_LIST: error ret null, e=com.android.internal.telephony.CommandException: SYSTEM_ERR
09-27 14:54:38.001  2249  2261 D SST     : SST.getAllCellInfo(): X size=0 list=null
09-27 14:54:38.001  2249  2261 D RILJ    : [3872]> RIL_REQUEST_GET_CELL_INFO_LIST [SUB1]
09-27 14:54:38.032  2249  2312 D RILJ    : [3872]< RIL_REQUEST_GET_CELL_INFO_LIST [CellInfoLte:{mRegistered=YES mTimeStampType=oem_ril mTimeStamp=84511293142ns CellIdentityLte:{ mMcc=460 mMnc=0 mCi=27521057 mPci=429 mTac=6338 mEarfcn=38950} CellSignalStrengthLte: ss=22 rsrp=-93 rsrq=-3 rssnr=2147483647 cqi=2147483647 ta=20}] [SUB1]
09-27 14:54:38.033  2249  2261 D SST     : SST.getAllCellInfo(): return last, back to back calls
09-27 14:54:38.131   821  1226 E RILQ    : (0/821): RIL[0][oem_socket0] void qcril_qmi_generic_socket_agent::recv_thread_func(): read 4 bytes length message with length 48
09-27 14:54:38.140   821  1226 E RILQ    : (0/821): RIL[0][oem_socket0] void qcril_qmi_generic_socket_agent::recv_thread_func(): read 4 bytes length message with length 40
09-27 14:54:38.141   939  1269 E RILQ    : (1/939): RIL[1][oem_socket1] void qcril_qmi_generic_socket_agent::recv_thread_func(): read 4 bytes length message with length 48
09-27 14:54:38.456  2249  2262 D SST     : getCellLocation(): X good mCellLoc=[6338,27521057,-1]
09-27 14:54:38.483  2249  2565 D SST     : SST.getAllCellInfo(): return last, back to back calls
09-27 14:54:38.483  2249  2565 D SST     : SST.getAllCellInfo(): X size=0 list=null
09-27 14:54:38.483  2249  2565 D SST     : SST.getAllCellInfo(): return last, back to back calls
09-27 14:54:38.483  2249  2565 D SST     : SST.getAllCellInfo(): return last, back to back calls
09-27 14:54:38.809   939  1269 E RILQ    : (1/939): RIL[1][oem_socket1] void qcril_qmi_generic_socket_agent::recv_thread_func(): read 4 bytes length message with length 68
09-27 14:54:39.351   821  1226 E RILQ    : (0/821): RIL[0][oem_socket0] void qcril_qmi_generic_socket_agent::recv_thread_func(): read 4 bytes length message with length 36
09-27 14:54:39.352   821  1226 E RILQ    : (0/821): RIL[0][oem_socket0] qmi_ril_parse_oem_hook_header: Received un-handled/oem command id = 524310
09-27 14:54:39.365   821  1226 E RILQ    : (0/821): RIL[0][oem_socket0] void qcril_qmi_generic_socket_agent::recv_thread_func(): read 4 bytes length message with length 132
09-27 14:54:39.365   821  1226 E RILQ    : (0/821): RIL[0][oem_socket0] qmi_ril_parse_oem_hook_header: Received un-handled/oem command id = 524321
09-27 14:54:39.382   821  1226 E RILQ    : (0/821): RIL[0][oem_socket0] void qcril_qmi_generic_socket_agent::recv_thread_func(): read 4 bytes length message with length 36
09-27 14:54:39.383   821  1226 E RILQ    : (0/821): RIL[0][oem_socket0] qmi_ril_parse_oem_hook_header: Received un-handled/oem command id = 524310
09-27 14:54:39.384   821  1012 E RILQ    : (0/821): RIL[0][event] qcril_qmi_pdc_get_selected_config_ind_hdlr: no selected config id
09-27 14:54:39.634  2249  2261 D SubscriptionController: [getSubId]- numSubIds == 0, return DummySubIds slotIdx=0
09-27 14:54:39.634  2249  2261 D QtiSubscriptionController: getPhoneId, received dummy subId 2147483643
09-27 14:54:39.901  2249  2331 D SubscriptionController: [getSubId]- numSubIds == 0, return DummySubIds slotIdx=0
09-27 14:54:40.950  2249  2262 D SubscriptionController: [getSubId]- numSubIds == 0, return DummySubIds slotIdx=0
09-27 14:54:41.298  2249  2249 D QtiSubscriptionController: getPhoneId, received dummy subId 2147483643
09-27 14:54:41.299  2249  2249 D RILJ    : [3873]> RIL_REQUEST_CAF_SIM_OPEN_CHANNEL_WITH_P2 [SUB0]
09-27 14:54:41.307   821  1201 E RILQ    : (0/821): RIL[0] qcril_uim_qmi_conv_open_logical_channel_resp: response error: 0x3
09-27 14:54:41.308  2249  2308 D RilRequest: [3873]< RIL_REQUEST_CAF_SIM_OPEN_CHANNEL_WITH_P2 error: com.android.internal.telephony.CommandException: INTERNAL_ERR ret=
09-27 14:54:41.310  2249  2249 D UiccCard: Error in SIM access with exceptioncom.android.internal.telephony.CommandException: INTERNAL_ERR
09-27 14:54:41.342  2249  2249 D QtiSubscriptionController: getPhoneId, received dummy subId 2147483643
09-27 14:54:41.343  2249  2249 D RILJ    : [3874]> RIL_REQUEST_CAF_SIM_OPEN_CHANNEL_WITH_P2 [SUB0]
09-27 14:54:41.349   821  1201 E RILQ    : (0/821): RIL[0] qcril_uim_qmi_conv_open_logical_channel_resp: response error: 0x3
09-27 14:54:41.351  2249  2308 D RilRequest: [3874]< RIL_REQUEST_CAF_SIM_OPEN_CHANNEL_WITH_P2 error: com.android.internal.telephony.CommandException: INTERNAL_ERR ret=
09-27 14:54:41.352  2249  2249 D UiccCard: Error in SIM access with exceptioncom.android.internal.telephony.CommandException: INTERNAL_ERR
09-27 14:54:41.378  2249  2249 D QtiSubscriptionController: getPhoneId, received dummy subId 2147483643
09-27 14:54:41.380  2249  2249 D RILJ    : [3875]> RIL_REQUEST_CAF_SIM_OPEN_CHANNEL_WITH_P2 [SUB0]
09-27 14:54:41.385   821  1201 E RILQ    : (0/821): RIL[0] qcril_uim_qmi_conv_open_logical_channel_resp: response error: 0x3
09-27 14:54:41.387  2249  2308 D RilRequest: [3875]< RIL_REQUEST_CAF_SIM_OPEN_CHANNEL_WITH_P2 error: com.android.internal.telephony.CommandException: INTERNAL_ERR ret=
09-27 14:54:41.388  2249  2249 D UiccCard: Error in SIM access with exceptioncom.android.internal.telephony.CommandException: INTERNAL_ERR
09-27 14:54:41.393  2249  2249 D QtiSubscriptionController: getPhoneId, received dummy subId 2147483643
09-27 14:54:41.394  2249  2249 D RILJ    : [3876]> RIL_REQUEST_CAF_SIM_OPEN_CHANNEL_WITH_P2 [SUB0]
09-27 14:54:41.402   821  1201 E RILQ    : (0/821): RIL[0] qcril_uim_qmi_conv_open_logical_channel_resp: response error: 0x3
09-27 14:54:41.404  2249  2308 D RilRequest: [3876]< RIL_REQUEST_CAF_SIM_OPEN_CHANNEL_WITH_P2 error: com.android.internal.telephony.CommandException: INTERNAL_ERR ret=
09-27 14:54:41.405  2249  2249 D UiccCard: Error in SIM access with exceptioncom.android.internal.telephony.CommandException: INTERNAL_ERR
09-27 14:54:41.414  2249  2249 D QtiSubscriptionController: getPhoneId, received dummy subId 2147483643
09-27 14:54:41.414  2249  2249 D RILJ    : [3877]> iccIO: SIM_IO 0xc0 0x2f00  path: 3f00,0,0,15 aid: null [SUB0]
09-27 14:54:41.419   821   965 E RILQ    : (0/821): RIL[0][main] qcril_uim_extract_session_type: Card is not present
09-27 14:54:41.420  2249  2308 D RilRequest: [3877]< SIM_IO error: com.android.internal.telephony.CommandException: REQUEST_NOT_SUPPORTED ret=
09-27 14:54:41.421  2249  2249 D UiccCard: Error in SIM access with exceptioncom.android.internal.telephony.CommandException: REQUEST_NOT_SUPPORTED
09-27 14:54:41.938  2249  2249 D SubscriptionController: [getActiveSubscriptionInfoForSimSlotIndex]+ slotIdx=1 subId={id=1, iccId=898600120917 simSlotIndex=1 displayName=China Mobile carrierName=CMCC nameSource=0 iconTint=-16746133 dataRoaming=0 iconBitmap=android.graphics.Bitmap@4522483 mcc 460 mnc 2}
09-27 14:54:42.140  2249  2249 D SubscriptionController: [getSubId]- numSubIds == 0, return DummySubIds slotIdx=0
09-27 14:54:42.190  2249  2249 D SubscriptionController: [getActiveSubscriptionInfoForSimSlotIndex]+ slotIdx=0 subId=null
09-27 14:54:42.191  2249  2249 D RILJ    : [3878]> iccIO: SIM_IO 0xc0 0x2fe2  path: 3F00,0,0,15 aid: a0000000871002ff86ffff89ffffffff [SUB1]
09-27 14:54:42.219  2249  2312 D RILJ    : [3878]< SIM_IO IccIoResult sw1:0x90 sw2:0x0 [SUB1]
09-27 14:54:42.285  2249  2249 D SubscriptionController: [getActiveSubscriptionInfoForSimSlotIndex]+ slotIdx=0 subId=null
09-27 14:54:42.321  2249  2249 D SubscriptionController: [getActiveSubscriptionInfoForSimSlotIndex]+ slotIdx=0 subId=null
09-27 14:54:42.388  2249  2249 D RILJ    : [3879]> iccIO: SIM_IO 0xb0 0x2fe2  path: 3F00,0,0,10 aid: a0000000871002ff86ffff89ffffffff [SUB1]
09-27 14:54:42.395  2249  2312 D RILJ    : [3879]< SIM_IO IccIoResult sw1:0x90 sw2:0x0 [SUB1]
09-27 14:54:42.501  2249  2249 D SubscriptionController: [getActiveSubscriptionInfoForSimSlotIndex]+ slotIdx=0 subId=null
09-27 14:54:42.544  2249  2249 D SubscriptionController: [getActiveSubscriptionInfoForSimSlotIndex]+ slotIdx=1 subId={id=1, iccId=898600120917 simSlotIndex=1 displayName=China Mobile carrierName=CMCC nameSource=0 iconTint=-16746133 dataRoaming=0 iconBitmap=android.graphics.Bitmap@fa1c7a9 mcc 460 mnc 2}
09-27 14:54:42.628  2249  2249 D SubscriptionController: [getActiveSubscriptionInfoForSimSlotIndex]+ slotIdx=1 subId={id=1, iccId=898600120917 simSlotIndex=1 displayName=China Mobile carrierName=CMCC nameSource=0 iconTint=-16746133 dataRoaming=0 iconBitmap=android.graphics.Bitmap@8b6e5c mcc 460 mnc 2}
09-27 14:54:42.927  2249  2565 D IccProvider: [IccProvider] query
09-27 14:54:42.927  2249  2565 D IccProvider: [IccProvider] getRequestSubId url: content://icc/adn/subId/1
09-27 14:54:42.928  2249  2565 D IccProvider: [IccProvider] loadFromEf: efType=0x6F3A, subscription=1
09-27 14:54:42.929  2249  2565 D IccPhoneBookIM: [IccPbInterfaceManager] getAdnRecordsInEF: efid=0x4F30
09-27 14:54:42.929  2249  2565 D SimPhoneBookAdnRecordCache: start to queryAdnRecord
09-27 14:54:42.929  2249  2565 D RILJ    : [3880]> RIL_REQUEST_GET_ADN_RECORD [SUB1]
09-27 14:54:42.937  2249  2312 D RILJ    : [3880]< RIL_REQUEST_GET_ADN_RECORD {500, 1, 100, 1, 500, 0} [SUB1]
09-27 14:54:42.950  2249  2312 D RILJ    : Unsol response received for RIL_UNSOL_RESPONSE_ADN_RECORDS Sending ack to ril.cpp [SUB1]
09-27 14:54:42.951  2249  2312 D RILJ    : [SimPhoneBookAdnRecord{index =1, name = Bbbbbbbbb, number = 123456789, email count = 1, email = [zzzzz@huaqin.com], ad number count = 0, ad number = null}] [SUB1]
09-27 14:54:42.951  2249  2312 D RILJ    : [UNSL]< RIL_UNSOL_RESPONSE_ADN_RECORDS [SUB1]
09-27 14:54:43.042  2249  2249 D SimPhoneBookAdnRecordCache: Querying ADN record done
09-27 14:54:43.042  2249  2249 D SimPhoneBookAdnRecordCache: Max ADN count is: 500, Valid ADN count is: 1, Email count is: 100, Valid Email count is: 1, Add number count is: 500, Valid Add number count is: 0
09-27 14:54:43.053  2249  2249 D SimPhoneBookAdnRecordCache: Loading ADN record done
09-27 14:54:43.053  2249  2249 D SimPhoneBookAdnRecordCache: Loading all ADN records done
09-27 14:54:43.054  2249  2323 D IccPhoneBookIM: [IccPbInterfaceManager] Load ADN records done
09-27 14:54:43.054  2249  2565 D IccProvider: [IccProvider] adnRecords.size=1
09-27 14:54:43.055  2249  2565 D IccProvider: [IccProvider] loadRecord: Bbbbbbbbb, [98O8HYCOBHMq32eZZczDTKeuNEE]
09-27 14:54:43.055  2249  2565 D IccProvider: [IccProvider] Adding email:[27d4JpidP9pzDQRt2hPJU82D-UA]
09-27 14:54:51.973  2249  2331 D SubscriptionController: [getPhoneId] asked for default subId=1
09-27 14:54:52.013  2249  2564 D SubscriptionController: [getPhoneId] asked for default subId=1
09-27 14:54:53.295  2249  2249 D SubscriptionController: [getActiveSubscriptionInfoForSimSlotIndex]+ slotIdx=1 subId={id=1, iccId=898600120917 simSlotIndex=1 displayName=China Mobile carrierName=CMCC nameSource=0 iconTint=-16746133 dataRoaming=0 iconBitmap=android.graphics.Bitmap@190beeb mcc 460 mnc 2}
09-27 14:54:54.376  2249  2249 D SubscriptionController: [getActiveSubscriptionInfoForSimSlotIndex]+ slotIdx=1 subId={id=1, iccId=898600120917 simSlotIndex=1 displayName=China Mobile carrierName=CMCC nameSource=0 iconTint=-16746133 dataRoaming=0 iconBitmap=android.graphics.Bitmap@cf42063 mcc 460 mnc 2}
09-27 14:54:54.865  2249  2261 D IccProvider: [IccProvider] query
09-27 14:54:54.866  2249  2261 D IccProvider: [IccProvider] getRequestSubId url: content://icc/adn/subId/1
09-27 14:54:54.866  2249  2261 D IccProvider: [IccProvider] loadFromEf: efType=0x6F3A, subscription=1
09-27 14:54:54.867  2249  2261 D IccPhoneBookIM: [IccPbInterfaceManager] getAdnRecordsInEF: efid=0x4F30
09-27 14:54:54.868  2249  2261 D SimPhoneBookAdnRecordCache: ADN cache has already filled in
09-27 14:54:54.868  2249  2323 D IccPhoneBookIM: [IccPbInterfaceManager] Load ADN records done
09-27 14:54:54.868  2249  2261 D IccProvider: [IccProvider] adnRecords.size=1
09-27 14:54:54.868  2249  2261 D IccProvider: [IccProvider] loadRecord: Bbbbbbbbb, [98O8HYCOBHMq32eZZczDTKeuNEE]
09-27 14:54:54.869  2249  2261 D IccProvider: [IccProvider] Adding email:[27d4JpidP9pzDQRt2hPJU82D-UA]
09-27 14:54:55.411  2249  2565 D RILJ    : [3882]> RIL_REQUEST_CDMA_SET_BROADCAST_CONFIG with 1 configs :  [SUB1]
09-27 14:54:55.412  2249  2565 D RILJ    : CdmaSmsBroadcastConfigInfo: Id [4096, 4096] ENABLED [SUB1]
09-27 14:54:55.425  2249  2312 D RilRequest: [3882]< RIL_REQUEST_CDMA_SET_BROADCAST_CONFIG error: com.android.internal.telephony.CommandException: REQUEST_NOT_SUPPORTED ret=
09-27 14:54:55.470  2249  2262 D RILJ    : [3883]> RIL_REQUEST_CDMA_SET_BROADCAST_CONFIG with 1 configs :  [SUB1]
09-27 14:54:55.470  2249  2262 D RILJ    : CdmaSmsBroadcastConfigInfo: Id [4097, 4097] ENABLED [SUB1]
09-27 14:54:55.483  2249  2312 D RilRequest: [3883]< RIL_REQUEST_CDMA_SET_BROADCAST_CONFIG error: com.android.internal.telephony.CommandException: REQUEST_NOT_SUPPORTED ret=
09-27 14:54:55.535  2249  2564 D RILJ    : [3884]> RIL_REQUEST_CDMA_SET_BROADCAST_CONFIG with 1 configs :  [SUB1]
09-27 14:54:55.535  2249  2564 D RILJ    : CdmaSmsBroadcastConfigInfo: Id [4098, 4098] ENABLED [SUB1]
09-27 14:54:55.553  2249  2312 D RilRequest: [3884]< RIL_REQUEST_CDMA_SET_BROADCAST_CONFIG error: com.android.internal.telephony.CommandException: REQUEST_NOT_SUPPORTED ret=
09-27 14:54:55.664  2249  3181 D RILJ    : [3885]> RIL_REQUEST_CDMA_SET_BROADCAST_CONFIG with 1 configs :  [SUB1]
09-27 14:54:55.664  2249  3181 D RILJ    : CdmaSmsBroadcastConfigInfo: Id [4099, 4099] ENABLED [SUB1]
09-27 14:54:55.673  2249  2312 D RilRequest: [3885]< RIL_REQUEST_CDMA_SET_BROADCAST_CONFIG error: com.android.internal.telephony.CommandException: REQUEST_NOT_SUPPORTED ret=
09-27 14:54:55.836  2249  2262 D RILJ    : [3886]> RIL_REQUEST_GSM_SET_BROADCAST_CONFIG with 1 configs :  [SUB1]
09-27 14:54:55.836  2249  2262 D RILJ    : SmsBroadcastConfigInfo: Id [4352,4354] Code [0,255] ENABLED [SUB1]
09-27 14:54:56.046  2249  2312 D RILJ    : [3886]< RIL_REQUEST_GSM_SET_BROADCAST_CONFIG  [SUB1]
09-27 14:54:56.051  2249  2262 D RILJ    : [3887]> RIL_REQUEST_GSM_BROADCAST_ACTIVATION [SUB1]
09-27 14:54:56.072  2249  2312 D RilRequest: [3887]< RIL_REQUEST_GSM_BROADCAST_ACTIVATION error: com.android.internal.telephony.CommandException: MODEM_ERR ret=
09-27 14:54:56.173  2249  3218 D RILJ    : [3888]> RIL_REQUEST_GSM_SET_BROADCAST_CONFIG with 2 configs :  [SUB1]
09-27 14:54:56.174  2249  3218 D RILJ    : SmsBroadcastConfigInfo: Id [4352,4354] Code [0,255] ENABLED [SUB1]
09-27 14:54:56.174  2249  3218 D RILJ    : SmsBroadcastConfigInfo: Id [4356,4356] Code [0,255] ENABLED [SUB1]
09-27 14:54:56.378  2249  2312 D RILJ    : [3888]< RIL_REQUEST_GSM_SET_BROADCAST_CONFIG  [SUB1]
09-27 14:54:56.379  2249  3218 D RILJ    : [3889]> RIL_REQUEST_GSM_BROADCAST_ACTIVATION [SUB1]
09-27 14:54:56.395  2249  2312 D RilRequest: [3889]< RIL_REQUEST_GSM_BROADCAST_ACTIVATION error: com.android.internal.telephony.CommandException: MODEM_ERR ret=
09-27 14:54:56.504  2249  2262 D RILJ    : [3890]> RIL_REQUEST_GSM_SET_BROADCAST_CONFIG with 3 configs :  [SUB1]
09-27 14:54:56.504  2249  2262 D RILJ    : SmsBroadcastConfigInfo: Id [4352,4354] Code [0,255] ENABLED [SUB1]
09-27 14:54:56.504  2249  2262 D RILJ    : SmsBroadcastConfigInfo: Id [4356,4356] Code [0,255] ENABLED [SUB1]
09-27 14:54:56.504  2249  2262 D RILJ    : SmsBroadcastConfigInfo: Id [4370,4370] Code [0,255] ENABLED [SUB1]
09-27 14:54:56.704  2249  2312 D RILJ    : [3890]< RIL_REQUEST_GSM_SET_BROADCAST_CONFIG  [SUB1]
09-27 14:54:56.706  2249  2262 D RILJ    : [3891]> RIL_REQUEST_GSM_BROADCAST_ACTIVATION [SUB1]
09-27 14:54:56.712  2249  2312 D RilRequest: [3891]< RIL_REQUEST_GSM_BROADCAST_ACTIVATION error: com.android.internal.telephony.CommandException: MODEM_ERR ret=
09-27 14:54:56.744  2249  2331 D RILJ    : [3892]> RIL_REQUEST_GSM_SET_BROADCAST_CONFIG with 4 configs :  [SUB1]
09-27 14:54:56.744  2249  2331 D RILJ    : SmsBroadcastConfigInfo: Id [4352,4354] Code [0,255] ENABLED [SUB1]
09-27 14:54:56.744  2249  2331 D RILJ    : SmsBroadcastConfigInfo: Id [4356,4356] Code [0,255] ENABLED [SUB1]
09-27 14:54:56.744  2249  2331 D RILJ    : SmsBroadcastConfigInfo: Id [4370,4370] Code [0,255] ENABLED [SUB1]
09-27 14:54:56.744  2249  2331 D RILJ    : SmsBroadcastConfigInfo: Id [4371,4372] Code [0,255] ENABLED [SUB1]
09-27 14:54:56.942  2249  2312 D RILJ    : [3892]< RIL_REQUEST_GSM_SET_BROADCAST_CONFIG  [SUB1]
09-27 14:54:56.943  2249  2331 D RILJ    : [3893]> RIL_REQUEST_GSM_BROADCAST_ACTIVATION [SUB1]
09-27 14:54:56.955  2249  2312 D RilRequest: [3893]< RIL_REQUEST_GSM_BROADCAST_ACTIVATION error: com.android.internal.telephony.CommandException: MODEM_ERR ret=
09-27 14:54:57.048  2249  2332 D RILJ    : [3894]> RIL_REQUEST_GSM_SET_BROADCAST_CONFIG with 4 configs :  [SUB1]
09-27 14:54:57.048  2249  2332 D RILJ    : SmsBroadcastConfigInfo: Id [4352,4354] Code [0,255] ENABLED [SUB1]
09-27 14:54:57.048  2249  2332 D RILJ    : SmsBroadcastConfigInfo: Id [4356,4356] Code [0,255] ENABLED [SUB1]
09-27 14:54:57.048  2249  2332 D RILJ    : SmsBroadcastConfigInfo: Id [4370,4372] Code [0,255] ENABLED [SUB1]
09-27 14:54:57.048  2249  2332 D RILJ    : SmsBroadcastConfigInfo: Id [4373,4378] Code [0,255] ENABLED [SUB1]
09-27 14:54:57.253  2249  2312 D RILJ    : [3894]< RIL_REQUEST_GSM_SET_BROADCAST_CONFIG  [SUB1]
09-27 14:54:57.253  2249  2332 D RILJ    : [3895]> RIL_REQUEST_GSM_BROADCAST_ACTIVATION [SUB1]
09-27 14:54:57.271  2249  2312 D RilRequest: [3895]< RIL_REQUEST_GSM_BROADCAST_ACTIVATION error: com.android.internal.telephony.CommandException: MODEM_ERR ret=
09-27 14:54:57.347  2249  2565 D RILJ    : [3896]> RIL_REQUEST_GSM_SET_BROADCAST_CONFIG with 4 configs :  [SUB1]
09-27 14:54:57.347  2249  2565 D RILJ    : SmsBroadcastConfigInfo: Id [4352,4354] Code [0,255] ENABLED [SUB1]
09-27 14:54:57.347  2249  2565 D RILJ    : SmsBroadcastConfigInfo: Id [4356,4356] Code [0,255] ENABLED [SUB1]
09-27 14:54:57.347  2249  2565 D RILJ    : SmsBroadcastConfigInfo: Id [4370,4378] Code [0,255] ENABLED [SUB1]
09-27 14:54:57.347  2249  2565 D RILJ    : SmsBroadcastConfigInfo: Id [4379,4379] Code [0,255] ENABLED [SUB1]
09-27 14:54:57.568  2249  2312 D RILJ    : [3896]< RIL_REQUEST_GSM_SET_BROADCAST_CONFIG  [SUB1]
09-27 14:54:57.569  2249  2565 D RILJ    : [3897]> RIL_REQUEST_GSM_BROADCAST_ACTIVATION [SUB1]
09-27 14:54:57.600  2249  2312 D RilRequest: [3897]< RIL_REQUEST_GSM_BROADCAST_ACTIVATION error: com.android.internal.telephony.CommandException: MODEM_ERR ret=
09-27 14:54:57.791  2249  2565 D RILJ    : [3898]> RIL_REQUEST_GSM_SET_BROADCAST_CONFIG with 4 configs :  [SUB1]
09-27 14:54:57.791  2249  2565 D RILJ    : SmsBroadcastConfigInfo: Id [4352,4354] Code [0,255] ENABLED [SUB1]
09-27 14:54:57.792  2249  2565 D RILJ    : SmsBroadcastConfigInfo: Id [4356,4356] Code [0,255] ENABLED [SUB1]
09-27 14:54:57.792  2249  2565 D RILJ    : SmsBroadcastConfigInfo: Id [4370,4379] Code [0,255] ENABLED [SUB1]
09-27 14:54:57.792  2249  2565 D RILJ    : SmsBroadcastConfigInfo: Id [4383,4383] Code [0,255] ENABLED [SUB1]
09-27 14:54:57.991  2249  2312 D RILJ    : [3898]< RIL_REQUEST_GSM_SET_BROADCAST_CONFIG  [SUB1]
09-27 14:54:57.992  2249  2565 D RILJ    : [3899]> RIL_REQUEST_GSM_BROADCAST_ACTIVATION [SUB1]
09-27 14:54:58.001  2249  2312 D RilRequest: [3899]< RIL_REQUEST_GSM_BROADCAST_ACTIVATION error: com.android.internal.telephony.CommandException: MODEM_ERR ret=
09-27 14:54:58.049  2249  2332 D RILJ    : [3900]> RIL_REQUEST_GSM_SET_BROADCAST_CONFIG with 5 configs :  [SUB1]
09-27 14:54:58.049  2249  2332 D RILJ    : SmsBroadcastConfigInfo: Id [4352,4354] Code [0,255] ENABLED [SUB1]
09-27 14:54:58.049  2249  2332 D RILJ    : SmsBroadcastConfigInfo: Id [4356,4356] Code [0,255] ENABLED [SUB1]
09-27 14:54:58.049  2249  2332 D RILJ    : SmsBroadcastConfigInfo: Id [4370,4379] Code [0,255] ENABLED [SUB1]
09-27 14:54:58.050  2249  2332 D RILJ    : SmsBroadcastConfigInfo: Id [4383,4383] Code [0,255] ENABLED [SUB1]
09-27 14:54:58.050  2249  2332 D RILJ    : SmsBroadcastConfigInfo: Id [4384,4385] Code [0,255] ENABLED [SUB1]
09-27 14:54:58.249  2249  2312 D RILJ    : [3900]< RIL_REQUEST_GSM_SET_BROADCAST_CONFIG  [SUB1]
09-27 14:54:58.250  2249  2332 D RILJ    : [3901]> RIL_REQUEST_GSM_BROADCAST_ACTIVATION [SUB1]
09-27 14:54:58.384  2249  2312 D RilRequest: [3901]< RIL_REQUEST_GSM_BROADCAST_ACTIVATION error: com.android.internal.telephony.CommandException: MODEM_ERR ret=
09-27 14:54:58.455  2249  2564 D RILJ    : [3902]> RIL_REQUEST_GSM_SET_BROADCAST_CONFIG with 5 configs :  [SUB1]
09-27 14:54:58.455  2249  2564 D RILJ    : SmsBroadcastConfigInfo: Id [4352,4354] Code [0,255] ENABLED [SUB1]
09-27 14:54:58.455  2249  2564 D RILJ    : SmsBroadcastConfigInfo: Id [4356,4356] Code [0,255] ENABLED [SUB1]
09-27 14:54:58.455  2249  2564 D RILJ    : SmsBroadcastConfigInfo: Id [4370,4379] Code [0,255] ENABLED [SUB1]
09-27 14:54:58.455  2249  2249 D CAT     : StkCmdReceiver: handleAction, op: 1args: Bundle[{SLOT_ID=1, cmd message=com.android.internal.telephony.cat.CatCmdMessage@fd4b6af, op=1}], slot id: 1
09-27 14:54:58.456  2249  2564 D RILJ    : SmsBroadcastConfigInfo: Id [4383,4385] Code [0,255] ENABLED [SUB1]
09-27 14:54:58.456  2249  2564 D RILJ    : SmsBroadcastConfigInfo: Id [4386,4391] Code [0,255] ENABLED [SUB1]
09-27 14:54:58.464  2249  2249 D CAT     : com.android.stk.StkAppService: onStart sim id: 1, op: 1, *****
09-27 14:54:58.465  2249  3557 D CAT     : com.android.stk.StkAppService: handleMessage opcode[1], sim id[1]
09-27 14:54:58.466  2249  3557 D CAT     : com.android.stk.StkAppService: cmdName[SET_UP_MENU]
09-27 14:54:58.466  2249  3557 D CAT     : com.android.stk.StkAppService: [OP_CMD]
09-27 14:54:58.466  2249  3557 D CAT     : com.android.stk.StkAppService: [handleCmd]SET_UP_MENU
09-27 14:54:58.466  2249  3557 D CAT     : com.android.stk.StkAppService: SET_UP_MENU [false]
09-27 14:54:58.466  2249  3557 D CAT     : com.android.stk.StkAppService: install App
09-27 14:54:58.466  2249  3557 D CAT     : StkAppInstaller: [setAppState]+
09-27 14:54:58.471  2249  3557 D CAT     : StkAppInstaller: Change app state[true]
09-27 14:54:58.474  2249  3557 D CAT     : StkAppInstaller: [setAppState]-
09-27 14:54:58.655  2249  2312 D RILJ    : [3902]< RIL_REQUEST_GSM_SET_BROADCAST_CONFIG  [SUB1]
09-27 14:54:58.656  2249  2564 D RILJ    : [3903]> RIL_REQUEST_GSM_BROADCAST_ACTIVATION [SUB1]
09-27 14:54:58.664  2249  2312 D RilRequest: [3903]< RIL_REQUEST_GSM_BROADCAST_ACTIVATION error: com.android.internal.telephony.CommandException: MODEM_ERR ret=
09-27 14:54:58.694  2249  3181 D RILJ    : [3904]> RIL_REQUEST_GSM_SET_BROADCAST_CONFIG with 5 configs :  [SUB1]
09-27 14:54:58.694  2249  3181 D RILJ    : SmsBroadcastConfigInfo: Id [4352,4354] Code [0,255] ENABLED [SUB1]
09-27 14:54:58.694  2249  3181 D RILJ    : SmsBroadcastConfigInfo: Id [4356,4356] Code [0,255] ENABLED [SUB1]
09-27 14:54:58.694  2249  3181 D RILJ    : SmsBroadcastConfigInfo: Id [4370,4379] Code [0,255] ENABLED [SUB1]
09-27 14:54:58.694  2249  3181 D RILJ    : SmsBroadcastConfigInfo: Id [4383,4391] Code [0,255] ENABLED [SUB1]
09-27 14:54:58.694  2249  3181 D RILJ    : SmsBroadcastConfigInfo: Id [4392,4392] Code [0,255] ENABLED [SUB1]
09-27 14:54:58.894  2249  2312 D RILJ    : [3904]< RIL_REQUEST_GSM_SET_BROADCAST_CONFIG  [SUB1]
09-27 14:54:58.917  2249  3181 D RILJ    : [3905]> RIL_REQUEST_GSM_BROADCAST_ACTIVATION [SUB1]
09-27 14:54:58.925  2249  2312 D RilRequest: [3905]< RIL_REQUEST_GSM_BROADCAST_ACTIVATION error: com.android.internal.telephony.CommandException: MODEM_ERR ret=
09-27 14:54:58.991  2249  2262 D RILJ    : [3906]> RIL_REQUEST_GSM_SET_BROADCAST_CONFIG with 5 configs :  [SUB1]
09-27 14:54:58.991  2249  2262 D RILJ    : SmsBroadcastConfigInfo: Id [4352,4354] Code [0,255] ENABLED [SUB1]
09-27 14:54:58.991  2249  2262 D RILJ    : SmsBroadcastConfigInfo: Id [4356,4356] Code [0,255] ENABLED [SUB1]
09-27 14:54:58.991  2249  2262 D RILJ    : SmsBroadcastConfigInfo: Id [4370,4379] Code [0,255] ENABLED [SUB1]
09-27 14:54:58.991  2249  2262 D RILJ    : SmsBroadcastConfigInfo: Id [4383,4392] Code [0,255] ENABLED [SUB1]
09-27 14:54:58.991  2249  2262 D RILJ    : SmsBroadcastConfigInfo: Id [50,50] Code [0,255] ENABLED [SUB1]
09-27 14:54:59.194  2249  2312 D RILJ    : [3906]< RIL_REQUEST_GSM_SET_BROADCAST_CONFIG  [SUB1]
09-27 14:54:59.195  2249  2262 D RILJ    : [3907]> RIL_REQUEST_GSM_BROADCAST_ACTIVATION [SUB1]
09-27 14:54:59.209  2249  2312 D RilRequest: [3907]< RIL_REQUEST_GSM_BROADCAST_ACTIVATION error: com.android.internal.telephony.CommandException: MODEM_ERR ret=
09-27 14:55:00.353  2249  2249 D SubscriptionController: [getActiveSubscriptionInfoForSimSlotIndex]+ slotIdx=1 subId={id=1, iccId=898600120917 simSlotIndex=1 displayName=China Mobile carrierName=CMCC nameSource=0 iconTint=-16746133 dataRoaming=0 iconBitmap=android.graphics.Bitmap@31edaec mcc 460 mnc 2}
09-27 14:55:00.386  2249  2249 D SubscriptionController: [getActiveSubscriptionInfoForSimSlotIndex]+ slotIdx=0 subId=null
09-27 14:55:00.419  2249  2249 D SubscriptionController: [getActiveSubscriptionInfoForSimSlotIndex]+ slotIdx=1 subId={id=1, iccId=898600120917 simSlotIndex=1 displayName=China Mobile carrierName=CMCC nameSource=0 iconTint=-16746133 dataRoaming=0 iconBitmap=android.graphics.Bitmap@c032131 mcc 460 mnc 2}
09-27 14:55:01.096  2249  2249 D QtiSubscriptionController: getPhoneId, received dummy subId 2147483643
09-27 14:55:01.096  2249  2249 D SubscriptionController: [getSubId]- numSubIds == 0, return DummySubIds slotIdx=0
09-27 14:55:01.098  2249  2249 D QtiSubscriptionController: getPhoneId, received dummy subId 2147483643
09-27 14:55:01.098  2249  2249 D SubscriptionController: [getSubId]- numSubIds == 0, return DummySubIds slotIdx=0
09-27 14:55:01.100  2249  2249 D QtiSubscriptionController: getPhoneId, received dummy subId 2147483643
09-27 14:55:01.102  2249  2249 D QtiSubscriptionController: getPhoneId, received dummy subId 2147483643
09-27 14:55:01.103  2249  2249 D QtiSubscriptionController: getPhoneId, received dummy subId 2147483643
09-27 14:55:02.041  2249  2249 D SubscriptionController: [getActiveSubscriptionInfoForSimSlotIndex]+ slotIdx=1 subId={id=1, iccId=898600120917 simSlotIndex=1 displayName=China Mobile carrierName=CMCC nameSource=0 iconTint=-16746133 dataRoaming=0 iconBitmap=android.graphics.Bitmap@8f728fa mcc 460 mnc 2}
09-27 14:55:02.108  2249  3218 D RILJ    : [3908]> RIL_REQUEST_GET_CELL_INFO_LIST [SUB0]
09-27 14:55:02.115  2249  2308 D RilRequest: [3908]< RIL_REQUEST_GET_CELL_INFO_LIST error: com.android.internal.telephony.CommandException: SYSTEM_ERR ret=
09-27 14:55:02.116  2249  2249 D SST     : EVENT_GET_CELL_INFO_LIST: error ret null, e=com.android.internal.telephony.CommandException: SYSTEM_ERR
09-27 14:55:02.116  2249  3218 D SST     : SST.getAllCellInfo(): X size=0 list=null
09-27 14:55:02.116  2249  3218 D RILJ    : [3909]> RIL_REQUEST_GET_CELL_INFO_LIST [SUB1]
09-27 14:55:02.125  2249  2312 D RILJ    : [3909]< RIL_REQUEST_GET_CELL_INFO_LIST [CellInfoLte:{mRegistered=YES mTimeStampType=oem_ril mTimeStamp=108604195477ns CellIdentityLte:{ mMcc=460 mMnc=0 mCi=27521057 mPci=429 mTac=6338 mEarfcn=38950} CellSignalStrengthLte: ss=21 rsrp=-94 rsrq=-3 rssnr=2147483647 cqi=2147483647 ta=20}] [SUB1]
09-27 14:55:02.127  2249  3218 D SST     : SST.getAllCellInfo(): return last, back to back calls
09-27 14:55:02.653  2249  2249 D QtiGsmDCT: [0]NETWORK_STATE_CHANGED_ACTION: mIsWifiConnected=false
09-27 14:55:02.656  2249  2249 D QtiGsmDCT: [1]NETWORK_STATE_CHANGED_ACTION: mIsWifiConnected=false
09-27 14:55:03.445  2249  2249 D QtiGsmDCT: [0]NETWORK_STATE_CHANGED_ACTION: mIsWifiConnected=false
09-27 14:55:03.446  2249  2249 D QtiGsmDCT: [1]NETWORK_STATE_CHANGED_ACTION: mIsWifiConnected=false
09-27 14:55:05.250  2249  2262 D SubscriptionController: [getPhoneId] asked for default subId=1
09-27 14:55:05.463  2249  2564 D SubscriptionController: [getActiveSubInfoCount]+
09-27 14:55:05.498  2249  2564 D SubscriptionController: [getActiveSubInfoCount]- count: 1
09-27 14:55:05.578  2249  2332 D SubscriptionController: [getActiveSubscriptionInfo]+ subId=1 subInfo={id=1, iccId=898600120917 simSlotIndex=1 displayName=China Mobile carrierName=CMCC nameSource=0 iconTint=-16746133 dataRoaming=0 iconBitmap=android.graphics.Bitmap@dfedac6 mcc 460 mnc 2}
09-27 14:55:05.820  2249  2332 D SubscriptionController: [getActiveSubscriptionInfo]+ subId=1 subInfo={id=1, iccId=898600120917 simSlotIndex=1 displayName=China Mobile carrierName=CMCC nameSource=0 iconTint=-16746133 dataRoaming=0 iconBitmap=android.graphics.Bitmap@9726823 mcc 460 mnc 2}
09-27 14:55:05.929  2249  2261 D SubscriptionController: [getActiveSubscriptionInfo]+ subId=1 subInfo={id=1, iccId=898600120917 simSlotIndex=1 displayName=China Mobile carrierName=CMCC nameSource=0 iconTint=-16746133 dataRoaming=0 iconBitmap=android.graphics.Bitmap@379637f mcc 460 mnc 2}
09-27 14:55:06.029  2249  2262 D SubscriptionController: [getActiveSubscriptionInfo]+ subId=1 subInfo={id=1, iccId=898600120917 simSlotIndex=1 displayName=China Mobile carrierName=CMCC nameSource=0 iconTint=-16746133 dataRoaming=0 iconBitmap=android.graphics.Bitmap@5ebc4aa mcc 460 mnc 2}
09-27 14:55:06.103  2249  2261 D SubscriptionController: [getActiveSubscriptionInfo]+ subId=1 subInfo={id=1, iccId=898600120917 simSlotIndex=1 displayName=China Mobile carrierName=CMCC nameSource=0 iconTint=-16746133 dataRoaming=0 iconBitmap=android.graphics.Bitmap@d720438 mcc 460 mnc 2}
09-27 14:55:06.518  2249  2331 D SubscriptionController: [getActiveSubscriptionInfo]+ subId=1 subInfo={id=1, iccId=898600120917 simSlotIndex=1 displayName=China Mobile carrierName=CMCC nameSource=0 iconTint=-16746133 dataRoaming=0 iconBitmap=android.graphics.Bitmap@9998176 mcc 460 mnc 2}
09-27 14:55:06.548  2249  3181 D SubscriptionController: [getActiveSubscriptionInfo]+ subId=1 subInfo={id=1, iccId=898600120917 simSlotIndex=1 displayName=China Mobile carrierName=CMCC nameSource=0 iconTint=-16746133 dataRoaming=0 iconBitmap=android.graphics.Bitmap@45f2be4 mcc 460 mnc 2}
09-27 14:55:06.566  2249  3218 D SubscriptionController: [getPhoneId] asked for default subId=1
09-27 14:55:06.834  2249  3218 D SubscriptionController: [getActiveSubscriptionInfo]+ subId=1 subInfo={id=1, iccId=898600120917 simSlotIndex=1 displayName=China Mobile carrierName=CMCC nameSource=0 iconTint=-16746133 dataRoaming=0 iconBitmap=android.graphics.Bitmap@d943f02 mcc 460 mnc 2}
09-27 14:55:06.861  2249  2564 D SubscriptionController: [getActiveSubscriptionInfo]+ subId=1 subInfo={id=1, iccId=898600120917 simSlotIndex=1 displayName=China Mobile carrierName=CMCC nameSource=0 iconTint=-16746133 dataRoaming=0 iconBitmap=android.graphics.Bitmap@6d52250 mcc 460 mnc 2}
09-27 14:55:06.892  2249  2262 D SubscriptionController: [getActiveSubscriptionInfo]+ subId=1 subInfo={id=1, iccId=898600120917 simSlotIndex=1 displayName=China Mobile carrierName=CMCC nameSource=0 iconTint=-16746133 dataRoaming=0 iconBitmap=android.graphics.Bitmap@e8b494e mcc 460 mnc 2}
09-27 14:55:06.922  2249  2332 D SubscriptionController: [getActiveSubscriptionInfo]+ subId=1 subInfo={id=1, iccId=898600120917 simSlotIndex=1 displayName=China Mobile carrierName=CMCC nameSource=0 iconTint=-16746133 dataRoaming=0 iconBitmap=android.graphics.Bitmap@472137c mcc 460 mnc 2}
09-27 14:55:12.039  2249  2249 D SubscriptionController: [getActiveSubscriptionInfoForSimSlotIndex]+ slotIdx=1 subId={id=1, iccId=898600120917 simSlotIndex=1 displayName=China Mobile carrierName=CMCC nameSource=0 iconTint=-16746133 dataRoaming=0 iconBitmap=android.graphics.Bitmap@586fe8b mcc 460 mnc 2}
09-27 14:55:15.356  2249  2249 D QtiGsmDCT: [0]NETWORK_STATE_CHANGED_ACTION: mIsWifiConnected=false
09-27 14:55:15.357  2249  2249 D QtiGsmDCT: [1]NETWORK_STATE_CHANGED_ACTION: mIsWifiConnected=false
09-27 14:55:16.129  2249  2249 D QtiGsmDCT: [0]NETWORK_STATE_CHANGED_ACTION: mIsWifiConnected=false
09-27 14:55:16.130  2249  2249 D QtiGsmDCT: [1]NETWORK_STATE_CHANGED_ACTION: mIsWifiConnected=false
09-27 14:55:22.029  2249  2249 D SubscriptionController: [getActiveSubscriptionInfoForSimSlotIndex]+ slotIdx=1 subId={id=1, iccId=898600120917 simSlotIndex=1 displayName=China Mobile carrierName=CMCC nameSource=0 iconTint=-16746133 dataRoaming=0 iconBitmap=android.graphics.Bitmap@c433426 mcc 460 mnc 2}
09-27 14:55:23.049  2249  3181 D SubscriptionController: [getSubId]- numSubIds == 0, return DummySubIds slotIdx=0
09-27 14:55:23.903  6385  6385 D PhoneNumberUtils: slotId:1 subId:1 country:null useExactMatch:true emergencyNumbers: 112,000,08,118,122,911,999,119,120,110,*911,#911
09-27 14:55:24.218  6385  6385 D PhoneNumberUtils: slotId:1 subId:1 country:null useExactMatch:true emergencyNumbers: 112,000,08,118,122,911,999,119,120,110,*911,#911
09-27 14:55:24.252  6385  6385 D PhoneNumberUtils: slotId:1 subId:1 country:null useExactMatch:true emergencyNumbers: 112,000,08,118,122,911,999,119,120,110,*911,#911
09-27 14:55:24.334  6385  6385 D PhoneNumberUtils: slotId:1 subId:1 country:null useExactMatch:true emergencyNumbers: 112,000,08,118,122,911,999,119,120,110,*911,#911
09-27 14:55:24.548  6385  6385 D PhoneNumberUtils: slotId:1 subId:1 country:null useExactMatch:true emergencyNumbers: 112,000,08,118,122,911,999,119,120,110,*911,#911
09-27 14:55:24.576  6385  6385 D PhoneNumberUtils: slotId:1 subId:1 country:null useExactMatch:true emergencyNumbers: 112,000,08,118,122,911,999,119,120,110,*911,#911
09-27 14:55:24.596  6385  6385 D PhoneNumberUtils: slotId:1 subId:1 country:null useExactMatch:true emergencyNumbers: 112,000,08,118,122,911,999,119,120,110,*911,#911
09-27 14:55:24.615  6385  6385 D PhoneNumberUtils: slotId:1 subId:1 country:null useExactMatch:true emergencyNumbers: 112,000,08,118,122,911,999,119,120,110,*911,#911
09-27 14:55:24.878  6385  6385 D PhoneNumberUtils: slotId:1 subId:1 country:null useExactMatch:true emergencyNumbers: 112,000,08,118,122,911,999,119,120,110,*911,#911
09-27 14:55:24.917  6385  6385 D PhoneNumberUtils: slotId:1 subId:1 country:null useExactMatch:true emergencyNumbers: 112,000,08,118,122,911,999,119,120,110,*911,#911
09-27 14:55:24.936  6385  6385 D PhoneNumberUtils: slotId:1 subId:1 country:null useExactMatch:true emergencyNumbers: 112,000,08,118,122,911,999,119,120,110,*911,#911
09-27 14:55:24.953  6385  6385 D PhoneNumberUtils: slotId:1 subId:1 country:null useExactMatch:true emergencyNumbers: 112,000,08,118,122,911,999,119,120,110,*911,#911
09-27 14:55:25.943  2249  2565 D SubscriptionController: [getSubId]- numSubIds == 0, return DummySubIds slotIdx=0
09-27 14:55:26.176  2249  2249 D QtiGsmDCT: [0]Data stall alarm
09-27 14:55:26.176  2249  2249 D QtiGsmDCT: [0]QtiDcTracker handleMessage msg={ when=-1ms what=270353 arg1=46852 obj=com.android.internal.telephony.data-stall target=com.qualcomm.qti.internal.telephony.dataconnection.QtiDcTracker }
09-27 14:55:26.177  2249  2249 D QtiGsmDCT: [0]onDataStallAlarm: ignore, tag=46852 expecting 46513
09-27 14:55:26.188  2249  2249 D QtiGsmDCT: [1]Data stall alarm
09-27 14:55:26.188  2249  2249 D QtiGsmDCT: [1]QtiDcTracker handleMessage msg={ when=0 what=270353 arg1=46852 obj=com.android.internal.telephony.data-stall target=com.qualcomm.qti.internal.telephony.dataconnection.QtiDcTracker }
09-27 14:55:26.213  6385  6385 D PhoneNumberUtils: slotId:1 subId:1 country:null useExactMatch:true emergencyNumbers: 112,000,08,118,122,911,999,119,120,110,*911,#911
09-27 14:55:26.238  6385  6385 D PhoneNumberUtils: slotId:1 subId:1 country:null useExactMatch:true emergencyNumbers: 112,000,08,118,122,911,999,119,120,110,*911,#911
09-27 14:55:26.254  6385  6385 D PhoneNumberUtils: slotId:1 subId:1 country:null useExactMatch:true emergencyNumbers: 112,000,08,118,122,911,999,119,120,110,*911,#911
09-27 14:55:26.271  6385  6385 D PhoneNumberUtils: slotId:1 subId:1 country:null useExactMatch:true emergencyNumbers: 112,000,08,118,122,911,999,119,120,110,*911,#911
09-27 14:55:27.086  2249  2564 D SubscriptionController: [getSubId]- numSubIds == 0, return DummySubIds slotIdx=0
09-27 14:55:27.092  2249  2331 D SubscriptionController: [getSubId]- numSubIds == 0, return DummySubIds slotIdx=0
09-27 14:55:27.194  2249  3181 D RILJ    : [3910]> RIL_REQUEST_GET_CELL_INFO_LIST [SUB0]
09-27 14:55:27.206  2249  2308 D RilRequest: [3910]< RIL_REQUEST_GET_CELL_INFO_LIST error: com.android.internal.telephony.CommandException: SYSTEM_ERR ret=
09-27 14:55:27.206  2249  2249 D SST     : EVENT_GET_CELL_INFO_LIST: error ret null, e=com.android.internal.telephony.CommandException: SYSTEM_ERR
09-27 14:55:27.207  2249  3181 D SST     : SST.getAllCellInfo(): X size=0 list=null
09-27 14:55:27.211  2249  3181 D RILJ    : [3911]> RIL_REQUEST_GET_CELL_INFO_LIST [SUB1]
09-27 14:55:27.220  2249  2312 D RILJ    : [3911]< RIL_REQUEST_GET_CELL_INFO_LIST [CellInfoLte:{mRegistered=YES mTimeStampType=oem_ril mTimeStamp=133699611040ns CellIdentityLte:{ mMcc=460 mMnc=0 mCi=27521057 mPci=429 mTac=6338 mEarfcn=38950} CellSignalStrengthLte: ss=21 rsrp=-94 rsrq=-3 rssnr=2147483647 cqi=2147483647 ta=20}] [SUB1]
09-27 14:55:27.221  2249  3181 D SST     : SST.getAllCellInfo(): return last, back to back calls
09-27 14:55:31.624  2249  2261 W PhoneNumberUtils: getCountryIso null
09-27 14:55:31.647  2249  2261 W PhoneNumberUtils: isLocalEmergencyNumberInternalCN
09-27 14:55:31.648  2249  2261 D PhoneNumberUtils: slotId:1 subId:1 country:CN useExactMatch:true emergencyNumbers: 112,000,08,118,122,911,999,119,120,110,*911,#911
09-27 14:55:31.711  2249  3218 W PhoneNumberUtils: getCountryIso Country {ISO=CN, source=0, time=138125}
09-27 14:55:31.711  2249  3218 W PhoneNumberUtils: isLocalEmergencyNumberInternalCN
09-27 14:55:31.712  2249  3218 D PhoneNumberUtils: slotId:1 subId:1 country:CN useExactMatch:true emergencyNumbers: 112,000,08,118,122,911,999,119,120,110,*911,#911
09-27 14:55:31.774  2249  2564 W PhoneNumberUtils: getCountryIso Country {ISO=CN, source=0, time=138125}
09-27 14:55:31.774  2249  2564 W PhoneNumberUtils: isLocalEmergencyNumberInternalCN
09-27 14:55:31.774  2249  2564 D PhoneNumberUtils: slotId:1 subId:1 country:CN useExactMatch:false emergencyNumbers: 112,000,08,118,122,911,999,119,120,110,*911,#911
09-27 14:55:31.798  1774  1774 W PhoneNumberUtils: getCountryIso null
09-27 14:55:31.803  1774  1774 W PhoneNumberUtils: isLocalEmergencyNumberInternalCN
09-27 14:55:31.804  1774  1774 D PhoneNumberUtils: slotId:1 subId:1 country:CN useExactMatch:true emergencyNumbers: 112,000,08,118,122,911,999,119,120,110,*911,#911
09-27 14:55:31.829  1774  2322 D CallerInfoAsyncQuery: Processing event: 1 token (arg1): 1 command: 0 query URI: content://com.android.contacts/phone_lookup_enterprise/xxxxxxx
09-27 14:55:31.855  1774  1774 D PhoneNumberUtils: slotId:1 subId:1 country:null useExactMatch:true emergencyNumbers: 112,000,08,118,122,911,999,119,120,110,*911,#911
09-27 14:55:31.867  2249  2261 D SubscriptionController: [getActiveSubscriptionInfoForSimSlotIndex]+ slotIdx=1 subId={id=1, iccId=898600120917 simSlotIndex=1 displayName=China Mobile carrierName=CMCC nameSource=0 iconTint=-16746133 dataRoaming=0 iconBitmap=android.graphics.Bitmap@361eebd mcc 460 mnc 2}
09-27 14:55:31.886  1774  1774 D CallerInfoAsyncQuery: ##### onQueryComplete() #####   query complete for token: 0
09-27 14:55:31.919  2249  2332 D SubscriptionController: [getPhoneId] asked for default subId=1
09-27 14:55:32.334  2249  3181 D SubscriptionController: [getSubId]- numSubIds == 0, return DummySubIds slotIdx=0
09-27 14:55:32.335  2249  3218 D SubscriptionController: [getSubId]- numSubIds == 0, return DummySubIds slotIdx=0
09-27 14:55:35.856  1774  2322 D CallerInfoAsyncQuery: Processing event: 3 token (arg1): 1 command: 0 query URI: 
09-27 14:55:35.856  1774  1774 D CallerInfoAsyncQuery: notifying listener: class com.android.server.telecom.CallerInfoLookupHelper$-com_android_internal_telephony_CallerInfoAsyncQuery$OnQueryCompleteListener_makeCallerInfoQueryListener_android_net_Uri_handle_LambdaImpl0 for token: 0com.android.internal.telephony.CallerInfo@4042bfe { name null, phoneNumber non-null }
09-27 14:55:35.876  2249  2331 D ExtTelephonyServiceImpl: setDsdaAdapter:org.codeaurora.internal.IDsda$Stub$Proxy@8ddbf80
09-27 14:55:35.882  2249  2565 D PhoneNumberUtils: slotId:1 subId:1 country:null useExactMatch:true emergencyNumbers: 112,000,08,118,122,911,999,119,120,110,*911,#911
09-27 14:55:35.883  1774  1774 D PhoneNumberUtils: slotId:1 subId:1 country:null useExactMatch:true emergencyNumbers: 112,000,08,118,122,911,999,119,120,110,*911,#911
09-27 14:55:35.949  2249  2249 D SubscriptionController: [getActiveSubscriptionInfoForSimSlotIndex]+ slotIdx=1 subId={id=1, iccId=898600120917 simSlotIndex=1 displayName=China Mobile carrierName=CMCC nameSource=0 iconTint=-16746133 dataRoaming=0 iconBitmap=android.graphics.Bitmap@5ee8d5f mcc 460 mnc 2}
09-27 14:55:36.052  2249  3218 W PhoneNumberUtils: getCountryIso Country {ISO=CN, source=0, time=138125}
09-27 14:55:36.052  2249  3218 W PhoneNumberUtils: isLocalEmergencyNumberInternalCN
09-27 14:55:36.053  2249  3218 D PhoneNumberUtils: slotId:1 subId:1 country:CN useExactMatch:true emergencyNumbers: 112,000,08,118,122,911,999,119,120,110,*911,#911
09-27 14:55:36.089  1774  1774 D CallerInfoAsyncQuery: ##### onQueryComplete() #####   query complete for token: 0
09-27 14:55:36.197  2249  2564 W PhoneNumberUtils: getCountryIso Country {ISO=CN, source=0, time=138125}
09-27 14:55:36.198  2249  2564 W PhoneNumberUtils: isLocalEmergencyNumberInternalCN
09-27 14:55:36.204  2249  2564 D PhoneNumberUtils: slotId:1 subId:1 country:CN useExactMatch:false emergencyNumbers: 112,000,08,118,122,911,999,119,120,110,*911,#911
09-27 14:55:36.208  2249  2332 W PhoneNumberUtils: getCountryIso Country {ISO=CN, source=0, time=138125}
09-27 14:55:36.208  2249  2332 W PhoneNumberUtils: isLocalEmergencyNumberInternalCN
09-27 14:55:36.209  2249  2332 D PhoneNumberUtils: slotId:1 subId:1 country:CN useExactMatch:true emergencyNumbers: 112,000,08,118,122,911,999,119,120,110,*911,#911
09-27 14:55:36.266  1774  1774 W PhoneNumberUtils: getCountryIso Country {ISO=CN, source=0, time=138283}
09-27 14:55:36.266  1774  1774 W PhoneNumberUtils: isLocalEmergencyNumberInternalCN
09-27 14:55:36.268  1774  1774 D PhoneNumberUtils: slotId:1 subId:1 country:CN useExactMatch:true emergencyNumbers: 112,000,08,118,122,911,999,119,120,110,*911,#911
09-27 14:55:36.288  1774  2322 D CallerInfoAsyncQuery: Processing event: 1 token (arg1): 1 command: 0 query URI: content://com.android.contacts/phone_lookup_enterprise/xxxxxxx
09-27 14:55:36.329  1774  1774 D CallerInfoAsyncQuery: ##### onQueryComplete() #####   query complete for token: 0
09-27 14:55:36.363  1774  2322 D CallerInfoAsyncQuery: Processing event: 3 token (arg1): 1 command: 0 query URI: 
09-27 14:55:36.363  1774  1774 D CallerInfoAsyncQuery: notifying listener: class com.android.server.telecom.CallerInfoLookupHelper$-com_android_internal_telephony_CallerInfoAsyncQuery$OnQueryCompleteListener_makeCallerInfoQueryListener_android_net_Uri_handle_LambdaImpl0 for token: 0com.android.internal.telephony.CallerInfo@e1f0786 { name null, phoneNumber non-null }
09-27 14:55:36.399  1774  1774 D CallerInfoAsyncQuery: ##### onQueryComplete() #####   query complete for token: 0
09-27 14:55:36.426  2249  2249 W PhoneNumberUtils: getCountryIso Country {ISO=CN, source=0, time=138125}
09-27 14:55:36.426  2249  2249 W PhoneNumberUtils: isLocalEmergencyNumberInternalCN
09-27 14:55:36.426  2249  2249 D PhoneNumberUtils: slotId:1 subId:1 country:CN useExactMatch:true emergencyNumbers: 112,000,08,118,122,911,999,119,120,110,*911,#911
09-27 14:55:36.427  2249  2249 W PhoneNumberUtils: getCountryIso Country {ISO=CN, source=0, time=138125}
09-27 14:55:36.427  2249  2249 W PhoneNumberUtils: isLocalEmergencyNumberInternalCN
09-27 14:55:36.428  2249  2249 D PhoneNumberUtils: slotId:1 subId:1 country:CN useExactMatch:true emergencyNumbers: 112,000,08,118,122,911,999,119,120,110,*911,#911
09-27 14:55:36.436  2249  2249 D PhoneNumberUtils: slotId:1 subId:1 country:null useExactMatch:true emergencyNumbers: 112,000,08,118,122,911,999,119,120,110,*911,#911
09-27 14:55:36.443  2249  2249 D GsmCdmaPhone: [GsmCdmaPhone] imsUseEnabled=true, useImsForEmergency=false, useImsForUt=true, isUt=false, imsPhone=Handler (com.android.internal.telephony.imsphone.ImsPhone) {ee41584}, imsPhone.isVolteEnabled()=true, imsPhone.isVowifiEnabled()=false, imsPhone.isVideoEnabled()=true, imsPhone.getServiceState().getState()=0, useImsPrefer=false
09-27 14:55:36.448  2249  2249 D GsmCdmaPhone: [GsmCdmaPhone] Trying IMS PS call
09-27 14:55:36.453  2249  2249 D ImsPhoneMmiCode: isTwoDigitShortCode
09-27 14:55:36.454  2249  2249 W PhoneNumberUtils: getCountryIso Country {ISO=CN, source=0, time=138125}
09-27 14:55:36.454  2249  2249 W PhoneNumberUtils: isLocalEmergencyNumberInternalCN
09-27 14:55:36.455  2249  2249 D PhoneNumberUtils: slotId:1 subId:1 country:CN useExactMatch:true emergencyNumbers: 112,000,08,118,122,911,999,119,120,110,*911,#911
09-27 14:55:36.455  2249  2249 D ImsPhone: dialing w/ mmi 'null'...
09-27 14:55:36.457  2249  2249 D PhoneNumberUtils: slotId:1 subId:1 country:null useExactMatch:true emergencyNumbers: 112,000,08,118,122,911,999,119,120,110,*911,#911
09-27 14:55:36.457  2249  2249 D ImsPhoneCallTracker: [ImsPhoneCallTracker] dial clirMode=0
09-27 14:55:36.457  2249  2249 D ImsPhoneCallTracker: [ImsPhoneCallTracker] clearDisconnected
09-27 14:55:36.457  2249  2249 D ImsPhoneCallTracker: [ImsPhoneCallTracker] updatePhoneState pendingMo = null, fg= IDLE(0), bg= IDLE(0)
09-27 14:55:36.457  2249  2249 D ImsPhoneCallTracker: [ImsPhoneCallTracker] updatePhoneState oldState=IDLE, newState=IDLE
09-27 14:55:36.464  2249  2249 D ImsPhoneConnection: acquireWakeLock
09-27 14:55:36.476  2249  2249 D PhoneNumberUtils: slotId:1 subId:1 country:null useExactMatch:true emergencyNumbers: 112,000,08,118,122,911,999,119,120,110,*911,#911
09-27 14:55:36.480  2249  2249 D ImsManager: makeCall :: serviceId=1, profile={ serviceType=1, callType=2, restrictCause=0, mediaProfile={ audioQuality=0, audioDirection=3, videoQuality=0, videoDirection=-1 } }
09-27 14:55:36.601  2249  2249 D SubscriptionController: [getActiveSubscriptionInfoForSimSlotIndex]+ slotIdx=1 subId={id=1, iccId=898600120917 simSlotIndex=1 displayName=China Mobile carrierName=CMCC nameSource=0 iconTint=-16746133 dataRoaming=0 iconBitmap=android.graphics.Bitmap@6866c44 mcc 460 mnc 2}
09-27 14:55:36.629   939   989 I RILQ    : (1/939):RIL[1][main] qcril_qmi_voice_request_dial: .. is_wps_call: 0
09-27 14:55:36.629   939   989 E RILQ    : (1/939): RIL[1][main] get_ecc_property_name: ecc list name : ril.ecclist1.
09-27 14:55:36.629   939   989 I RILQ    : (1/939):RIL[1][main] qmi_ril_phone_number_is_emergency: property ril.ecclist1 = "112,000,08,118,122,911,999,119,120,110,*911,#911"
09-27 14:55:36.631  2249  2249 D ImsPhoneCallTracker: [ImsPhoneCallTracker] updatePhoneState pendingMo = DIALING, fg= DIALING(1), bg= IDLE(0)
09-27 14:55:36.631  2249  2249 D ImsPhoneCallTracker: [ImsPhoneCallTracker] updatePhoneState oldState=IDLE, newState=OFFHOOK
09-27 14:55:36.640   939   989 I RILQ    : (1/939):RIL[1][main] qcril_qmi_nas_is_number_part_of_custom_mcc_emergency_numbers: completed with 0
09-27 14:55:36.640   939   989 I RILQ    : (1/939):RIL[1][main] qmi_ril_nwreg_is_designated_number_emergency_for_display_purposes_only: completed with 0
09-27 14:55:36.640   939   989 I RILQ    : (1/939):RIL[1][main] qcril_qmi_voice_request_dial: .. is_emergency 0
09-27 14:55:36.640   939   989 I RILQ    : (1/939):RIL[1][main] qcril_qmi_voice_request_dial: .. need_enforce_emergency_directly 0
09-27 14:55:36.640   939   989 I RILQ    : (1/939):RIL[1][main] qcril_qmi_voice_request_dial: .. is_emer_num_to_ims_addr 0
09-27 14:55:36.640   939   989 I RILQ    : (1/939):RIL[1][main] qcril_qmi_voice_voip_create_call_info_entry: Created call info entry 0x7f75057400 with call android id 1, qmi id 255, media id -1
09-27 14:55:36.641   939   989 I RILQ    : (1/939):RIL[1][main] qcril_qmi_voice_map_qmi_to_ril_last_call_failure_cause: map qmi reason: 16 to ril reason: 65535
09-27 14:55:36.641   939   989 I RILQ    : (1/939):RIL[1][main] qcril_qmi_voice_map_qmi_to_ril_last_call_failure_cause: ril reason str: Error unspecified
09-27 14:55:36.643  2249  2249 D PhoneNumberUtils: slotId:1 subId:1 country:null useExactMatch:true emergencyNumbers: 112,000,08,118,122,911,999,119,120,110,*911,#911
09-27 14:55:36.648   939  1023 I RILQ    : (1/939):RIL[1][event] qcril_qmi_voice_all_call_status_ind_hdlr: call state CC IN PROGRESS for conn id 1
09-27 14:55:36.649   939  1023 I RILQ    : (1/939):RIL[1][event] qcril_qmi_get_call_list_to_send: RILVI: calls rep:[qmi call id 1, android call id 1, qmi call state 4] reported/skipped 1/0 calls
09-27 14:55:36.654  2249  2249 D PhoneNumberUtils: slotId:1 subId:1 country:null useExactMatch:true emergencyNumbers: 112,000,08,118,122,911,999,119,120,110,*911,#911
09-27 14:55:36.664  2249  2312 D RILJ    : Unsol response received for UNSOL_OEM_HOOK_RAW Sending ack to ril.cpp [SUB1]
09-27 14:55:36.664  2249  2312 V RILJ    : [UNSL]< UNSOL_OEM_HOOK_RAW 514f454d484f4f4bf70308001b000000767369643d3239373831363036343b63616c6c5f73746174653d31 [SUB1]
