09-27 14:53:28.336   821   821 D RILD    : **RIL Daemon Started**
09-27 14:53:28.337   821   821 D RILD    : **RILd param count=1**
09-27 14:53:28.904   939   939 D RILD    : **RIL Daemon Started**
09-27 14:53:28.904   939   939 D RILD    : **RILd param count=3**
09-27 14:53:29.027   821   821 I chatty  : uid=1001(radio) /system/bin/rild expire 16 lines
09-27 14:53:29.297   939   939 I chatty  : uid=1001(radio) /system/bin/rild expire 17 lines
09-27 14:53:29.838   939   989 I chatty  : uid=1001(radio) /system/bin/rild expire 19 lines
09-27 14:53:29.845   939  1071 I chatty  : uid=1001(radio) /system/bin/rild expire 4 lines
09-27 14:53:30.259   821  1152 I chatty  : uid=1001(radio) /system/bin/rild expire 4 lines
09-27 14:53:30.261   821   965 I chatty  : uid=1001(radio) /system/bin/rild expire 18 lines
09-27 14:53:30.347   821  1185 I chatty  : uid=1001(radio) /system/bin/rild expire 130 lines
09-27 14:53:30.485   821  1012 I chatty  : uid=1001(radio) /system/bin/rild expire 14 lines
09-27 14:53:30.748   939  1023 I chatty  : uid=1001(radio) /system/bin/rild expire 15 lines
09-27 14:53:30.925   821  1186 I chatty  : uid=1001(radio) /system/bin/rild expire 2 lines
09-27 14:53:34.116   770   770 D TelephonyManager: No /proc/cmdline exception=java.io.FileNotFoundException: /proc/cmdline (Permission denied)
09-27 14:53:34.117   770   770 D TelephonyManager: /proc/cmdline=
09-27 14:53:34.328   771   771 D TelephonyManager: No /proc/cmdline exception=java.io.FileNotFoundException: /proc/cmdline (Permission denied)
09-27 14:53:34.328   771   771 D TelephonyManager: /proc/cmdline=
09-27 14:53:56.727  1774  1786 D TelephonyRegistry: listen oscl: hasNotifySubscriptionInfoChangedOccurred==false no callback
09-27 14:53:57.668  1774  1774 D TelephonyRegistry: listen oscl: hasNotifySubscriptionInfoChangedOccurred==false no callback
09-27 14:53:57.707  1774  1787 D TelephonyRegistry: listen oscl: hasNotifySubscriptionInfoChangedOccurred==false no callback
09-27 14:53:57.810  1774  1774 D TelephonyRegistry: systemRunning register for intents
09-27 14:53:58.243  1774  2279 D TelephonyRegistry: listen oscl: hasNotifySubscriptionInfoChangedOccurred==false no callback
09-27 14:53:58.340  2249  2249 I chatty  : uid=1001(radio) com.android.phone expire 11 lines
09-27 14:53:58.419   821   965 I chatty  : uid=1001(radio) /system/bin/rild expire 2 lines
09-27 14:53:58.420  2249  2308 I chatty  : uid=1001(radio) RILReceiver0 expire 27 lines
09-27 14:53:58.427  2249  2249 I chatty  : uid=1001(radio) com.android.phone expire 160 lines
09-27 14:53:58.433   939   989 I chatty  : uid=1001(radio) /system/bin/rild expire 2 lines
09-27 14:53:58.434  2249  2312 I chatty  : uid=1001(radio) RILReceiver1 expire 29 lines
09-27 14:53:58.473   821  1012 I chatty  : uid=1001(radio) /system/bin/rild expire 5 lines
09-27 14:53:58.477   939  1023 I chatty  : uid=1001(radio) /system/bin/rild expire 5 lines
09-27 14:53:58.645  2249  2325 I chatty  : uid=1001(radio) GsmInboundSmsHa expire 5 lines
09-27 14:53:58.645  2249  2328 I chatty  : uid=1001(radio) CdmaInboundSmsH expire 5 lines
09-27 14:53:58.667  2249  2261 I chatty  : uid=1001(radio) Binder:2249_1 expire 3 lines
09-27 14:53:58.670  2249  2262 I chatty  : uid=1001(radio) Binder:2249_2 expire 2 lines
09-27 14:53:58.713  1774  1785 D TelephonyRegistry: listen oscl: hasNotifySubscriptionInfoChangedOccurred==false no callback
09-27 14:53:58.781  1774  2279 D TelephonyRegistry: listen oscl: hasNotifySubscriptionInfoChangedOccurred==false no callback
09-27 14:53:58.797  2249  2331 I chatty  : uid=1001(radio) Binder:2249_3 expire 2 lines
09-27 14:53:58.797  1774  1981 D TelephonyRegistry: listen oscl: hasNotifySubscriptionInfoChangedOccurred==false no callback
09-27 14:53:58.807  2249  2335 I chatty  : uid=1001(radio) DcHandlerThread expire 3 lines
09-27 14:53:59.055  2249  2406 I chatty  : uid=1001(radio) GsmInboundSmsHa expire 5 lines
09-27 14:53:59.056  2249  2418 I chatty  : uid=1001(radio) CdmaInboundSmsH expire 5 lines
09-27 14:53:59.079  1774  2069 D TelephonyRegistry: listen oscl: hasNotifySubscriptionInfoChangedOccurred==false no callback
09-27 14:53:59.105  2249  2249 I chatty  : uid=1001(radio) com.android.phone expire 175 lines
09-27 14:53:59.127  1774  1886 D TelephonyRegistry: listen oscl: hasNotifySubscriptionInfoChangedOccurred==false no callback
09-27 14:53:59.133  2249  2434 I chatty  : uid=1001(radio) DcHandlerThread expire 3 lines
09-27 14:53:59.251  2249  2261 I chatty  : uid=1001(radio) Binder:2249_1 expire 4 lines
09-27 14:53:59.353  1774  1886 D TelephonyRegistry: listen oscl: hasNotifySubscriptionInfoChangedOccurred==false no callback
09-27 14:53:59.361  1774  1786 D TelephonyRegistry: listen oscl: hasNotifySubscriptionInfoChangedOccurred==false no callback
09-27 14:53:59.374  1774  1774 D TelephonyRegistry: notifyCellLocationForSubscriber: subId=0 cellLocation=Bundle[{cid=-1, lac=-1, psc=-1}]
09-27 14:53:59.376  2249  2262 I chatty  : uid=1001(radio) Binder:2249_2 expire 3 lines
09-27 14:53:59.382  1774  1774 D TelephonyRegistry: notifyCellLocationForSubscriber: subId=1 cellLocation=Bundle[{cid=-1, lac=-1, psc=-1}]
09-27 14:53:59.383  2249  2331 I chatty  : uid=1001(radio) Binder:2249_3 expire 3 lines
09-27 14:53:59.408  1774  1981 D TelephonyRegistry: listen oscl: hasNotifySubscriptionInfoChangedOccurred==false no callback
09-27 14:53:59.436  1774  2279 D TelephonyRegistry: listen oscl: hasNotifySubscriptionInfoChangedOccurred==false no callback
09-27 14:53:59.491  2249  2308 I chatty  : uid=1001(radio) RILReceiver0 expire 17 lines
09-27 14:53:59.493  1774  1786 D TelephonyRegistry: listen oscl: hasNotifySubscriptionInfoChangedOccurred==false no callback
09-27 14:53:59.496  2249  2312 I chatty  : uid=1001(radio) RILReceiver1 expire 8 lines
09-27 14:53:59.536   821  2484 I chatty  : uid=1001(radio) /system/bin/rild expire 1 line
09-27 14:53:59.539   821  2485 I chatty  : uid=1001(radio) /system/bin/rild expire 1 line
09-27 14:53:59.541   821  1012 I chatty  : uid=1001(radio) /system/bin/rild expire 12 lines
09-27 14:53:59.544   939  1023 I chatty  : uid=1001(radio) /system/bin/rild expire 23 lines
09-27 14:53:59.548   821  2488 I chatty  : uid=1001(radio) /system/bin/rild expire 1 line
09-27 14:53:59.553   821  2489 I chatty  : uid=1001(radio) /system/bin/rild expire 1 line
09-27 14:53:59.569  2249  2332 I chatty  : uid=1001(radio) Binder:2249_4 expire 6 lines
09-27 14:53:59.723  2249  2249 I chatty  : uid=1001(radio) com.android.phone expire 199 lines
09-27 14:53:59.772  2249  2262 I chatty  : uid=1001(radio) Binder:2249_2 expire 8 lines
09-27 14:53:59.775  2249  2261 I chatty  : uid=1001(radio) Binder:2249_1 expire 6 lines
09-27 14:53:59.778  2249  2331 I chatty  : uid=1001(radio) Binder:2249_3 expire 6 lines
09-27 14:53:59.934  2249  2312 I chatty  : uid=1001(radio) RILReceiver1 expire 22 lines
09-27 14:53:59.954  2249  2308 I chatty  : uid=1001(radio) RILReceiver0 expire 6 lines
09-27 14:53:59.960   939  2519 I chatty  : uid=1001(radio) /system/bin/rild expire 1 line
09-27 14:53:59.962   939  2518 I chatty  : uid=1001(radio) /system/bin/rild expire 1 line
09-27 14:53:59.973   939  2523 I chatty  : uid=1001(radio) /system/bin/rild expire 1 line
09-27 14:53:59.978   939  2524 I chatty  : uid=1001(radio) /system/bin/rild expire 1 line
09-27 14:54:00.130   939  1023 I chatty  : uid=1001(radio) /system/bin/rild expire 30 lines
09-27 14:54:00.148  2249  2249 I chatty  : uid=1001(radio) com.android.phone expire 172 lines
09-27 14:54:00.154  2249  2312 I chatty  : uid=1001(radio) RILReceiver1 expire 22 lines
09-27 14:54:00.156  2249  2262 I chatty  : uid=1001(radio) Binder:2249_2 expire 4 lines
09-27 14:54:00.162  2249  2331 I chatty  : uid=1001(radio) Binder:2249_3 expire 8 lines
09-27 14:54:00.201  2249  2261 I chatty  : uid=1001(radio) Binder:2249_1 expire 7 lines
09-27 14:54:00.207  2249  2332 I chatty  : uid=1001(radio) Binder:2249_4 expire 3 lines
09-27 14:54:00.377  2249  2308 I chatty  : uid=1001(radio) RILReceiver0 expire 1 line
09-27 14:54:00.497   939  1235 I chatty  : uid=1001(radio) /system/bin/rild expire 1 line
09-27 14:54:00.601   939  2561 I chatty  : uid=1001(radio) /system/bin/rild expire 1 line
09-27 14:54:00.606   939  2562 I chatty  : uid=1001(radio) /system/bin/rild expire 1 line
09-27 14:54:00.634  1774  1785 D TelephonyRegistry: notifySubscriptionInfoChanged: first invocation mRecords.size=22
09-27 14:54:00.646  2249  2565 I chatty  : uid=1001(radio) Binder:2249_6 expire 2 lines
09-27 14:54:00.653  2249  2564 I chatty  : uid=1001(radio) Binder:2249_5 expire 1 line
09-27 14:54:00.722   821  1012 I chatty  : uid=1001(radio) /system/bin/rild expire 3 lines
09-27 14:54:00.753   939  1023 I chatty  : uid=1001(radio) /system/bin/rild expire 10 lines
09-27 14:54:00.755  2249  2249 I chatty  : uid=1001(radio) com.android.phone expire 188 lines
09-27 14:54:00.755  2249  2312 I chatty  : uid=1001(radio) RILReceiver1 expire 25 lines
09-27 14:54:00.918   821  1226 I chatty  : uid=1001(radio) /system/bin/rild expire 6 lines
09-27 14:54:00.932   821  2601 I chatty  : uid=1001(radio) /system/bin/rild expire 1 line
09-27 14:54:00.936  2249  2308 I chatty  : uid=1001(radio) RILReceiver0 expire 8 lines
09-27 14:54:00.940   821  2602 I chatty  : uid=1001(radio) /system/bin/rild expire 1 line
09-27 14:54:00.949   821   965 I chatty  : uid=1001(radio) /system/bin/rild expire 1 line
09-27 14:54:00.954   821  2604 I chatty  : uid=1001(radio) /system/bin/rild expire 2 lines
09-27 14:54:00.999   939  1269 I chatty  : uid=1001(radio) /system/bin/rild expire 4 lines
09-27 14:54:01.611  2249  2324 I chatty  : uid=1001(radio) GsmCellBroadcas expire 1 line
09-27 14:54:01.631  2249  2327 I chatty  : uid=1001(radio) CellBroadcastHa expire 1 line
09-27 14:54:01.642  2249  2329 I chatty  : uid=1001(radio) CdmaServiceCate expire 1 line
09-27 14:54:02.019  2249  2403 I chatty  : uid=1001(radio) GsmCellBroadcas expire 1 line
09-27 14:54:02.043  2249  2413 I chatty  : uid=1001(radio) CellBroadcastHa expire 1 line
09-27 14:54:02.056  2249  2421 I chatty  : uid=1001(radio) CdmaServiceCate expire 1 line
09-27 14:54:02.609   939   989 I chatty  : uid=1001(radio) /system/bin/rild expire 1 line
09-27 14:54:02.824  2249  2332 I chatty  : uid=1001(radio) Binder:2249_4 expire 1 line
09-27 14:54:03.061  2249  2261 I chatty  : uid=1001(radio) Binder:2249_1 expire 10 lines
09-27 14:54:03.359  2249  2249 I chatty  : uid=1001(radio) com.android.phone expire 169 lines
09-27 14:54:03.383   821  1226 I chatty  : uid=1001(radio) /system/bin/rild expire 2 lines
09-27 14:54:03.434  2249  2262 I chatty  : uid=1001(radio) Binder:2249_2 expire 4 lines
09-27 14:54:03.442  2249  2564 I chatty  : uid=1001(radio) Binder:2249_5 expire 2 lines
09-27 14:54:03.447  2249  2332 I chatty  : uid=1001(radio) Binder:2249_4 expire 6 lines
09-27 14:54:03.463  2249  2331 I chatty  : uid=1001(radio) Binder:2249_3 expire 4 lines
09-27 14:54:03.465  2249  2565 I chatty  : uid=1001(radio) Binder:2249_6 expire 4 lines
09-27 14:54:03.991   939  1269 I chatty  : uid=1001(radio) /system/bin/rild expire 2 lines
09-27 14:54:04.660   939  1023 I chatty  : uid=1001(radio) /system/bin/rild expire 10 lines
09-27 14:54:04.662  2249  2312 I chatty  : uid=1001(radio) RILReceiver1 expire 61 lines
09-27 14:54:07.182  2249  2249 I chatty  : uid=1001(radio) com.android.phone expire 168 lines
09-27 14:54:07.351  2249  2261 I chatty  : uid=1001(radio) Binder:2249_1 expire 6 lines
09-27 14:54:07.354  2249  2262 I chatty  : uid=1001(radio) Binder:2249_2 expire 6 lines
09-27 14:54:07.356  2249  2564 I chatty  : uid=1001(radio) Binder:2249_5 expire 4 lines
09-27 14:54:07.356  2249  2565 I chatty  : uid=1001(radio) Binder:2249_6 expire 6 lines
09-27 14:54:07.359  2249  2332 I chatty  : uid=1001(radio) Binder:2249_4 expire 4 lines
09-27 14:54:07.381  2249  2331 I chatty  : uid=1001(radio) Binder:2249_3 expire 6 lines
09-27 14:54:07.572  2249  3108 I chatty  : uid=1001(radio) com.android.phone expire 2 lines
09-27 14:54:07.970  2249  2308 I chatty  : uid=1001(radio) RILReceiver0 expire 1 line
09-27 14:54:08.171   821  1012 I chatty  : uid=1001(radio) /system/bin/rild expire 4 lines
09-27 14:54:08.185  2249  3171 I chatty  : uid=1001(radio) com.android.phone expire 3 lines
09-27 14:54:08.197  2249  3172 I chatty  : uid=1001(radio) com.android.phone expire 3 lines
09-27 14:54:08.217  2249  2649 I chatty  : uid=1001(radio) org.codeaurora. expire 6 lines
09-27 14:54:08.242  2249  2249 I chatty  : uid=1001(radio) com.android.phone expire 177 lines
09-27 14:54:08.495  2249  2332 I chatty  : uid=1001(radio) Binder:2249_4 expire 6 lines
09-27 14:54:08.571  2249  3181 I chatty  : uid=1001(radio) Binder:2249_7 expire 11 lines
09-27 14:54:08.795  2249  2331 I chatty  : uid=1001(radio) Binder:2249_3 expire 6 lines
09-27 14:54:08.803  2249  2565 I chatty  : uid=1001(radio) Binder:2249_6 expire 2 lines
09-27 14:54:08.835  2249  2308 I chatty  : uid=1001(radio) RILReceiver0 expire 1 line
09-27 14:54:08.905  2249  2261 I chatty  : uid=1001(radio) Binder:2249_1 expire 7 lines
09-27 14:54:08.957  2249  2564 I chatty  : uid=1001(radio) Binder:2249_5 expire 5 lines
09-27 14:54:09.439  2249  3218 I chatty  : uid=1001(radio) Binder:2249_8 expire 3 lines
09-27 14:54:09.742  1774  2736 D TelephonyRegistry: notifyCellLocationForSubscriber: subId=1 cellLocation=Bundle[mParcelledData.dataSize=64]
09-27 14:54:09.804  2249  2262 I chatty  : uid=1001(radio) Binder:2249_2 expire 2 lines
09-27 14:54:09.805  1774  2983 D TelephonyManager: getCellLocation returning null because CellLocation is empty
09-27 14:54:09.814  2249  2312 I chatty  : uid=1001(radio) RILReceiver1 expire 3 lines
09-27 14:54:09.922   821  1174 I chatty  : uid=1001(radio) /system/bin/rild expire 1 line
09-27 14:54:09.979  1774  2069 D TelephonyRegistry: Notify data connection state changed on sub: 1
09-27 14:54:09.979  1774  2069 D TelephonyRegistry: Notify data connection state changed on sub: 1
09-27 14:54:10.144  2249  2249 I chatty  : uid=1001(radio) com.android.phone expire 175 lines
09-27 14:54:10.160  2249  2261 I chatty  : uid=1001(radio) Binder:2249_1 expire 8 lines
09-27 14:54:10.169  2249  3218 I chatty  : uid=1001(radio) Binder:2249_8 expire 7 lines
09-27 14:54:10.238   821  1226 I chatty  : uid=1001(radio) /system/bin/rild expire 2 lines
09-27 14:54:10.245   939  1269 I chatty  : uid=1001(radio) /system/bin/rild expire 2 lines
09-27 14:54:10.274   939   989 I chatty  : uid=1001(radio) /system/bin/rild expire 2 lines
09-27 14:54:10.275  2249  2312 I chatty  : uid=1001(radio) RILReceiver1 expire 4 lines
09-27 14:54:10.461  2249  2331 I chatty  : uid=1001(radio) Binder:2249_3 expire 6 lines
09-27 14:54:10.481  2249  2564 I chatty  : uid=1001(radio) Binder:2249_5 expire 7 lines
09-27 14:54:10.517  2249  2262 I chatty  : uid=1001(radio) Binder:2249_2 expire 4 lines
09-27 14:54:10.523  2249  2565 I chatty  : uid=1001(radio) Binder:2249_6 expire 5 lines
09-27 14:54:10.870  2249  2332 I chatty  : uid=1001(radio) Binder:2249_4 expire 2 lines
09-27 14:54:11.648  2249  2249 V PlmnActRecord: Creating PlmnActRecord 355
09-27 14:54:11.648  2249  2249 V PlmnActRecord: Creating PlmnActRecord 360
09-27 14:54:11.648  2249  2249 V PlmnActRecord: Creating PlmnActRecord 365
09-27 14:54:11.648  2249  2249 V PlmnActRecord: Creating PlmnActRecord 370
09-27 14:54:11.648  2249  2249 V PlmnActRecord: Creating PlmnActRecord 375
09-27 14:54:11.648  2249  2249 V PlmnActRecord: Creating PlmnActRecord 380
09-27 14:54:11.648  2249  2249 V PlmnActRecord: Creating PlmnActRecord 385
09-27 14:54:11.648  2249  2249 V PlmnActRecord: Creating PlmnActRecord 390
09-27 14:54:11.649  2249  2249 V PlmnActRecord: Creating PlmnActRecord 395
09-27 14:54:11.649  2249  2249 D SIMRecords: [SIMRecords] Received a PlmnActRecord, raw=64f000400064f000800064f000008054f421400054f421800054f421008014f040400014f040800014f0400080ffffff0000ffffff0000ffffff0000
09-27 14:54:11.649  2249  2249 V PlmnActRecord: Extracting Logs, count=12
09-27 14:54:11.649  2249  2249 V PlmnActRecord: Creating PlmnActRecord 0
09-27 14:54:11.649  2249  2249 V PlmnActRecord: Creating PlmnActRecord 5
09-27 14:54:11.649  2249  2249 V PlmnActRecord: Creating PlmnActRecord 10
09-27 14:54:11.649  2249  2249 V PlmnActRecord: Creating PlmnActRecord 15
09-27 14:54:11.649  2249  2249 V PlmnActRecord: Creating PlmnActRecord 20
09-27 14:54:11.649  2249  2249 V PlmnActRecord: Creating PlmnActRecord 25
09-27 14:54:11.649  2249  2249 V PlmnActRecord: Creating PlmnActRecord 30
09-27 14:54:11.649  2249  2249 V PlmnActRecord: Creating PlmnActRecord 35
09-27 14:54:11.649  2249  2249 V PlmnActRecord: Creating PlmnActRecord 40
09-27 14:54:11.649  2249  2249 V PlmnActRecord: Creating PlmnActRecord 45
09-27 14:54:11.649  2249  2249 V PlmnActRecord: Creating PlmnActRecord 50
09-27 14:54:11.649  2249  2249 V PlmnActRecord: Creating PlmnActRecord 55
09-27 14:54:11.650  2249  2249 D SIMRecords: [SIMRecords] Received a PlmnActRecord, raw=64f000400064f000800064f0000080
09-27 14:54:11.650  2249  2249 V PlmnActRecord: Extracting Logs, count=3
09-27 14:54:11.650  2249  2249 V PlmnActRecord: Creating PlmnActRecord 0
09-27 14:54:11.651  2249  2249 V PlmnActRecord: Creating PlmnActRecord 5
09-27 14:54:11.651  2249  2249 V PlmnActRecord: Creating PlmnActRecord 10
09-27 14:54:11.653  2249  2249 D SIMRecords: [SIMRecords] HplmnActRecord[]=[{PLMN=46000,AccessTechs=EUTRAN}, {PLMN=46000,AccessTechs=UTRAN}, {PLMN=46000,AccessTechs=UTRAN|EUTRAN|GSM|UNKNOWN:3f00}]
09-27 14:54:11.653  2249  2249 D SIMRecords: [SIMRecords] GID1: ffffffff
09-27 14:54:11.653  2249  2249 D SIMRecords: [SIMRecords] onRecordLoaded 6 requested: true
09-27 14:54:11.653  2249  2249 D SIMRecords: [SIMRecords] Received Forbidden PLMNs, raw=64f01064f03064f04064f002
09-27 14:54:11.653  2249  2249 D SIMRecords: [SIMRecords] onRecordLoaded 5 requested: true
09-27 14:54:11.653  2249  2249 D SIMRecords: [SIMRecords] EF_LI LOADED
09-27 14:54:11.653  2249  2249 D SIMRecords: [SIMRecords] EF_LI=6465656e69746672
09-27 14:54:11.654  2249  2249 D SIMRecords: [SIMRecords] onRecordLoaded 4 requested: true
09-27 14:54:11.654  2249  2249 D SIMRecords: [SIMRecords] EF_PL LOADED
09-27 14:54:11.654  2249  2249 D SIMRecords: [SIMRecords] EF_PL=ffffffffffffffff
09-27 14:54:11.654  2249  2249 D SIMRecords: [SIMRecords] onRecordLoaded 3 requested: true
09-27 14:54:11.654  2249  2249 D SIMRecords: [SIMRecords] GID2: ffffffff
09-27 14:54:11.654  2249  2249 D SIMRecords: [SIMRecords] onRecordLoaded 2 requested: true
09-27 14:54:11.654  2249  2249 D SIMRecords: [SIMRecords] Received Equivalent Home PLMNs, raw=64f00064f07064f02064f080
09-27 14:54:11.654  2249  2249 D PhoneSwitcher: handle event - 101
09-27 14:54:11.656  2249  2249 D PhoneSwitcher: isAnyVoiceCallActiveOnDevice: false
09-27 14:54:11.657  2249  2249 D SubscriptionController: [getSubId]- numSubIds == 0, return DummySubIds slotIdx=0
09-27 14:54:11.660  2249  2249 D Phone   : mImsIntentReceiver: action com.android.ims.IMS_SERVICE_DOWN
09-27 14:54:11.660  2249  2249 D Phone   : mImsIntentReceiver: extraPhoneId = 0
09-27 14:54:11.660  2249  2249 D Phone   : updateImsPhone mImsServiceReady=false
09-27 14:54:11.660  2249  2249 D CallManager: unregisterPhone(ImsPhone Handler (com.android.internal.telephony.imsphone.ImsPhone) {935a947})
09-27 14:54:11.661  2249  2249 D ImsPhone: dispose
09-27 14:54:11.661  2249  2249 D ImsPhoneCallTracker: [ImsPhoneCallTracker] dispose
09-27 14:54:11.661  2249  2249 D ImsPhoneCallTracker: [ImsPhoneCallTracker] hangup call
09-27 14:54:11.661  2249  2249 D ImsPhoneCallTracker: [ImsPhoneCallTracker] hangup call
09-27 14:54:11.661  2249  2249 D ImsPhoneCallTracker: [ImsPhoneCallTracker] hangup call
09-27 14:54:11.661  2249  2249 D ImsPhoneCallTracker: [ImsPhoneCallTracker] hangup call
09-27 14:54:11.661  2249  2249 D ImsPhoneCallTracker: [ImsPhoneCallTracker] clearDisconnected
09-27 14:54:11.662  2249  2249 D ImsPhoneCallTracker: [ImsPhoneCallTracker] updatePhoneState pendingMo = null, fg= IDLE(0), bg= IDLE(0)
09-27 14:54:11.662  2249  2249 D ImsPhoneCallTracker: [ImsPhoneCallTracker] updatePhoneState oldState=IDLE, newState=IDLE
09-27 14:54:11.665  2249  2249 D Phone   : mImsIntentReceiver: action com.android.ims.IMS_SERVICE_DOWN
09-27 14:54:11.665  2249  2249 D Phone   : mImsIntentReceiver: extraPhoneId = 0
09-27 14:54:11.665  2249  2249 D Phone   : mImsIntentReceiver: action com.android.ims.IMS_SERVICE_UP
09-27 14:54:11.665  2249  2249 D Phone   : mImsIntentReceiver: extraPhoneId = 1
09-27 14:54:11.665  2249  2249 D Phone   : mImsIntentReceiver: action com.android.ims.IMS_SERVICE_UP
09-27 14:54:11.665  2249  2249 D Phone   : mImsIntentReceiver: extraPhoneId = 1
09-27 14:54:11.666  2249  2249 D Phone   : updateImsPhone mImsServiceReady=true
09-27 14:54:11.666  2249  2249 D TelephonyTester: register for intent action=com.android.internal.telephony.imsphone.action_detached
09-27 14:54:11.666  2249  2249 D TelephonyTester: register for intent action=com.android.internal.telephony.imsphone.action_attached
09-27 14:54:11.666  2249  2249 D TelephonyTester: register for intent action=com.android.internal.telephony.TestConferenceEventPackage
09-27 14:54:11.670  2249  2249 D Phone   : mDoesRilSendMultipleCallRing=false
09-27 14:54:11.670  2249  2249 D Phone   : mCallRingDelay=3000
09-27 14:54:11.670  2249  2249 D QtiTelephonyComponentFactory: makeImsPhoneCallTracker
09-27 14:54:11.670  2249  2249 D TelephonyComponentFactory: makeImsPhoneCallTracker
09-27 14:54:11.678  2249  2249 D ImsPhoneCallTracker: [ImsPhoneCallTracker] No carrier ImsReasonInfo mappings defined.
09-27 14:54:11.678  2249  2249 D SST     : notifyDataRegStateRilRadioTechnologyChanged: drs=0 rat=14
09-27 14:54:11.678  2249  2249 D TelephonyManager: setTelephonyProperty: success phoneId=1 property=gsm.network.type value: LTE propVal=Unknown,LTE
09-27 14:54:11.680  2249  2249 D ImsPhone: updateDataServiceState: defSs = 0 0 voice home data home CMCC CMCC 46000 CMCC CMCC 46000  LTE LTE CSS not supported -1 -1 RoamInd=-1 DefRoamInd=-1 EmergOnly=false IsDataRoamingFromRegistration=false IsUsingCarrierAggregation=false mRilImsRadioTechnology=0 imsSs = 3 0 voice home data home null null null null null null  Unknown LTE CSS not supported -1 -1 RoamInd=-1 DefRoamInd=-1 EmergOnly=false IsDataRoamingFromRegistration=false IsUsingCarrierAggregation=false mRilImsRadioTechnology=0
09-27 14:54:11.680  2249  2249 D CallManager: registerPhone(ImsPhone Handler (com.android.internal.telephony.imsphone.ImsPhone) {ee41584})
09-27 14:54:11.692  2249  2249 D SubscriptionController: [getSubId]- numSubIds == 0, return DummySubIds slotIdx=0
09-27 14:54:11.693  2249  2249 D SubscriptionController: [getSubId]- numSubIds == 0, return DummySubIds slotIdx=0
09-27 14:54:11.694  2249  2249 D SubscriptionController: [getSubId]- numSubIds == 0, return DummySubIds slotIdx=0
09-27 14:54:11.695  2249  2249 D ImsManager: updateVolteFeatureValue: available = true, enabled = true, nonTTY = true
09-27 14:54:11.696  2249  2249 D ImsConfig: ImsConfig creates
09-27 14:54:11.696  2249  2249 D ImsManager: getConfigInterface(), mConfig= com.android.ims.ImsConfig@9e251a2
09-27 14:54:11.696  2249  2249 D ImsConfig: setFeatureValue: feature = 0, network =13, value =1, listener =null
09-27 14:54:11.700  2249  2249 D SubscriptionController: [getSubId]- numSubIds == 0, return DummySubIds slotIdx=0
09-27 14:54:11.706   939  1023 I RILQ    : (1/939):RIL[1][event] qcril_qmi_imss_set_qipcall_config_resp_hdlr: ril_err: 0, qmi res: 0
09-27 14:54:11.750  2249  2249 D ImsManager: getWfcMode - setting=2
09-27 14:54:11.751  2249  2249 D SubscriptionController: [getSubId]- numSubIds == 0, return DummySubIds slotIdx=0
09-27 14:54:11.752  2249  2249 D ImsManager: updateWfcFeatureAndProvisionedValues: available = true, enabled = false, mode = 2, roaming = false
09-27 14:54:11.752  2249  2249 D ImsManager: getConfigInterface(), mConfig= com.android.ims.ImsConfig@9e251a2
09-27 14:54:11.752  2249  2249 D ImsConfig: setFeatureValue: feature = 2, network =18, value =0, listener =null
09-27 14:54:11.757  2249  3309 D ImsManager: getConfigInterface(), mConfig= com.android.ims.ImsConfig@9e251a2
09-27 14:54:11.757  2249  3309 D ImsConfig: setProvisionedValue(): item = 27value = 1
09-27 14:54:11.758  2249  3310 D ImsManager: getConfigInterface(), mConfig= com.android.ims.ImsConfig@9e251a2
09-27 14:54:11.758  2249  3310 D ImsConfig: setProvisionedValue(): item = 26value = 0
09-27 14:54:11.758  2249  2249 D SubscriptionController: [getSubId]- numSubIds == 0, return DummySubIds slotIdx=0
09-27 14:54:11.759  2249  2249 D SubscriptionController: [getSubId]- numSubIds == 0, return DummySubIds slotIdx=0
09-27 14:54:11.760  2249  3310 D ImsConfig: setProvisionedValue(): item = 26 value = 0 ret = 1
09-27 14:54:11.760  2249  2249 D ImsManager: updateVideoCallFeatureValue: available = true, enabled = true, nonTTY = true, data enabled = true
09-27 14:54:11.760  2249  2249 D ImsManager: getConfigInterface(), mConfig= com.android.ims.ImsConfig@9e251a2
09-27 14:54:11.760  2249  2249 D ImsConfig: setFeatureValue: feature = 1, network =13, value =1, listener =null
09-27 14:54:11.760   939  1023 I RILQ    : (1/939):RIL[1][event] qcril_qmi_imss_set_client_provisioning_config_resp_hdlr: ril_err: 0, qmi res: 0
09-27 14:54:11.764  2249  2249 D ImsManager: updateImsServiceConfig: turnOnIms
09-27 14:54:11.784   939  1023 I RILQ    : (1/939):RIL[1][event] qcril_qmi_imss_set_qipcall_config_resp_hdlr: ril_err: 0, qmi res: 0
09-27 14:54:11.785  2249  3309 D ImsConfig: setProvisionedValue(): item = 27 value = 1 ret = 0
09-27 14:54:11.786   939  1023 I RILQ    : (1/939):RIL[1][event] qcril_qmi_imss_set_reg_mgr_config_resp_hdlr: ril_err: 0, qmi res: 0
09-27 14:54:11.808  2249  3181 D SST     : SST.getAllCellInfo(): return last, back to back calls
09-27 14:54:11.867  2249  2249 D PhoneSwitcher: handle event - 107
09-27 14:54:11.868  2249  2249 D PhoneSwitcher: Allow_data success on phoneId = 1
09-27 14:54:11.870  2249  2249 D TelephonyNetworkFactory[0]: got request NetworkRequest [ REQUEST id=8, [ Transports: CELLULAR Capabilities: IMS&TRUSTED&NOT_VPN Specifier: <1>] ] with score 0
09-27 14:54:11.871  2249  2249 D TelephonyNetworkFactory[1]: got request NetworkRequest [ REQUEST id=8, [ Transports: CELLULAR Capabilities: IMS&TRUSTED&NOT_VPN Specifier: <1>] ] with score 0
09-27 14:54:11.892  2249  2249 D CAT     : CatService: handleMessage[2]
09-27 14:54:11.892  2249  2249 D CAT     : CatService: ril message arrived,slotid:1
09-27 14:54:11.893  2249  2332 D SST     : SST.getAllCellInfo(): return last, back to back calls
09-27 14:54:11.899  2249  2556 D CAT     : CommandParamsFactory: process SelectItem
09-27 14:54:11.933  2249  2261 D SST     : SST.getAllCellInfo(): return last, back to back calls
09-27 14:54:11.933  2249  2261 D SST     : SST.getAllCellInfo(): X size=0 list=null
09-27 14:54:11.933  2249  2261 D SST     : SST.getAllCellInfo(): return last, back to back calls
09-27 14:54:11.933  2249  2261 D SST     : SST.getAllCellInfo(): return last, back to back calls
09-27 14:54:11.941  2249  2332 D SST     : getCellLocation(): X good mCellLoc=[6338,27521057,-1]
09-27 14:54:11.952  2249  2249 D SubscriptionController: [getActiveSubscriptionInfo]+ subId=1 subInfo={id=1, iccId=898600120917 simSlotIndex=1 displayName=CARD 2 carrierName=CMCC nameSource=0 iconTint=-16746133 dataRoaming=0 iconBitmap=android.graphics.Bitmap@d1a8125 mcc 460 mnc 2}
09-27 14:54:11.973  2249  2565 D SST     : SST.getAllCellInfo(): return last, back to back calls
09-27 14:54:11.973  2249  2565 D SST     : SST.getAllCellInfo(): X size=0 list=null
09-27 14:54:11.973  2249  2565 D SST     : SST.getAllCellInfo(): return last, back to back calls
09-27 14:54:11.973  2249  2565 D SST     : SST.getAllCellInfo(): return last, back to back calls
09-27 14:54:11.973  2249  2564 D SST     : SST.getAllCellInfo(): return last, back to back calls
09-27 14:54:11.973  2249  2564 D SST     : SST.getAllCellInfo(): X size=0 list=null
09-27 14:54:11.973  2249  2564 D SST     : SST.getAllCellInfo(): return last, back to back calls
09-27 14:54:11.974  2249  2564 D SST     : SST.getAllCellInfo(): return last, back to back calls
09-27 14:54:12.097  2249  2262 D SubscriptionController: [getPhoneId] asked for default subId=1
09-27 14:54:12.108  2249  2249 D SIMRecords: [SIMRecords] MSISDN: [Tyecnx4VyxrRlRmYjDe80cMFHu0]
09-27 14:54:12.108  2249  2249 D SIMRecords: [SIMRecords] onRecordLoaded 1 requested: true
09-27 14:54:12.108  2249  2249 D UiccPkcs15: handleMessage: 1
09-27 14:54:12.109  2249  2249 D UiccPkcs15: Creating FileHandler, pkcs15Path: null
09-27 14:54:12.109  2249  2249 D UiccPkcs15: loadFile: 4300
09-27 14:54:12.109  2249  2249 D RILJ    : [3832]> RIL_REQUEST_SIM_TRANSMIT_APDU_CHANNEL [SUB1]
09-27 14:54:12.130  2249  2312 D RILJ    : [3832]< RIL_REQUEST_SIM_TRANSMIT_APDU_CHANNEL  [SUB1]
09-27 14:54:12.134  2249  2249 D SubscriptionController: [getActiveSubscriptionInfo]+ subId=1 subInfo={id=1, iccId=898600120917 simSlotIndex=1 displayName=CARD 2 carrierName=CMCC nameSource=0 iconTint=-16746133 dataRoaming=0 iconBitmap=android.graphics.Bitmap@a9a308 mcc 460 mnc 2}
09-27 14:54:12.183  2249  2249 D ImsPhoneCallTracker: [ImsPhoneCallTracker] handleMessage what=23
09-27 14:54:12.183  2249  2249 D ImsPhoneCallTracker: [ImsPhoneCallTracker] onDataEnabledChanged: enabled=true, reason=0
09-27 14:54:12.183  2249  2249 D ImsManager: setDataEnabled: true
09-27 14:54:12.196  2249  2249 D SubscriptionController: [getSubId]- numSubIds == 0, return DummySubIds slotIdx=0
09-27 14:54:12.197  2249  2249 D SubscriptionController: [getSubId]- numSubIds == 0, return DummySubIds slotIdx=0
09-27 14:54:12.198  2249  2249 D SubscriptionController: [getSubId]- numSubIds == 0, return DummySubIds slotIdx=0
09-27 14:54:12.199  2249  2249 D ImsManager: updateVolteFeatureValue: available = true, enabled = true, nonTTY = true
09-27 14:54:12.199  2249  2249 D ImsManager: getConfigInterface(), mConfig= com.android.ims.ImsConfig@9e251a2
09-27 14:54:12.199  2249  2249 D ImsConfig: setFeatureValue: feature = 0, network =13, value =1, listener =null
09-27 14:54:12.203  2249  2249 D SubscriptionController: [getSubId]- numSubIds == 0, return DummySubIds slotIdx=0
09-27 14:54:12.206   939  1023 I RILQ    : (1/939):RIL[1][event] qcril_qmi_imss_set_qipcall_config_resp_hdlr: ril_err: 0, qmi res: 0
09-27 14:54:12.243  2249  2249 D ImsManager: getWfcMode - setting=2
09-27 14:54:12.244  2249  2249 D SubscriptionController: [getSubId]- numSubIds == 0, return DummySubIds slotIdx=0
09-27 14:54:12.245  2249  2249 D ImsManager: updateWfcFeatureAndProvisionedValues: available = true, enabled = false, mode = 2, roaming = false
09-27 14:54:12.245  2249  2249 D ImsManager: getConfigInterface(), mConfig= com.android.ims.ImsConfig@9e251a2
09-27 14:54:12.245  2249  2249 D ImsConfig: setFeatureValue: feature = 2, network =18, value =0, listener =null
09-27 14:54:12.261   939  1023 I RILQ    : (1/939):RIL[1][event] qcril_qmi_imss_set_client_provisioning_config_resp_hdlr: ril_err: 0, qmi res: 0
09-27 14:54:12.261  2249  3342 D ImsManager: getConfigInterface(), mConfig= com.android.ims.ImsConfig@9e251a2
09-27 14:54:12.261  2249  3342 D ImsConfig: setProvisionedValue(): item = 27value = 1
09-27 14:54:12.268  2249  2249 D SubscriptionController: [getSubId]- numSubIds == 0, return DummySubIds slotIdx=0
09-27 14:54:12.269  2249  2249 D SubscriptionController: [getSubId]- numSubIds == 0, return DummySubIds slotIdx=0
09-27 14:54:12.270  2249  3343 D ImsManager: getConfigInterface(), mConfig= com.android.ims.ImsConfig@9e251a2
09-27 14:54:12.270  2249  2249 D ImsManager: updateVideoCallFeatureValue: available = true, enabled = true, nonTTY = true, data enabled = true
09-27 14:54:12.270  2249  3343 D ImsConfig: setProvisionedValue(): item = 26value = 0
09-27 14:54:12.270  2249  2249 D ImsManager: getConfigInterface(), mConfig= com.android.ims.ImsConfig@9e251a2
09-27 14:54:12.270  2249  2249 D ImsConfig: setFeatureValue: feature = 1, network =13, value =1, listener =null
09-27 14:54:12.272  2249  3343 D ImsConfig: setProvisionedValue(): item = 26 value = 0 ret = 1
09-27 14:54:12.274  2249  2249 D ImsManager: updateImsServiceConfig: turnOnIms
09-27 14:54:12.279   939  1023 I RILQ    : (1/939):RIL[1][event] qcril_qmi_imss_set_qipcall_config_resp_hdlr: ril_err: 0, qmi res: 0
09-27 14:54:12.279  2249  3342 D ImsConfig: setProvisionedValue(): item = 27 value = 1 ret = 0
09-27 14:54:12.303   939  1023 I RILQ    : (1/939):RIL[1][event] qcril_qmi_imss_set_reg_mgr_config_resp_hdlr: ril_err: 0, qmi res: 0
09-27 14:54:12.306  2249  2249 D ImsPhoneCallTracker: [ImsPhoneCallTracker] handleMessage what=24
09-27 14:54:12.307  2249  2249 D ImsPhoneCallTracker: [ImsPhoneCallTracker] getImsService
09-27 14:54:12.317  2249  2649 D ImsManager: registrationFeatureCapabilityChanged :: serviceClass=1
09-27 14:54:12.317  2249  2649 D ImsPhoneCallTracker: [ImsPhoneCallTracker] onFeatureCapabilityChanged: VoLTE:false ViLTE:false VoWiFi:false ViWiFi:false UTLTE:true UTWiFi:false 
09-27 14:54:12.318  2249  2649 D ImsPhoneCallTracker: [ImsPhoneCallTracker] onFeatureCapabilityChanged: isVolteEnabled=false, isVideoCallEnabled=false, isVowifiEnabled=false, isUtEnabled=true
09-27 14:54:12.321  2249  2249 D ImsEcbm : ImsEcbm created
09-27 14:54:12.334  2249  2249 D QtiGsmDCT: [1]QtiDcTracker handleMessage msg={ when=-654ms what=270377 obj=android.os.AsyncResult@bf8afdd target=com.qualcomm.qti.internal.telephony.dataconnection.QtiDcTracker }
09-27 14:54:12.334  2249  2249 D QtiGsmDCT: [1]setupDataOnConnectableApns: nwTypeChanged emergency:[state=IDLE,enabled=false] mms:[state=IDLE,enabled=false] supl:[state=IDLE,enabled=false] hipri:[state=IDLE,enabled=false] dun:[state=IDLE,enabled=false] fota:[state=IDLE,enabled=false] ims:[state=IDLE,enabled=false] default:[state=IDLE,enabled=false] cbs:[state=IDLE,enabled=false] 
09-27 14:54:12.335  2249  2249 D ImsPhone: handleMessage what=51
09-27 14:54:12.335  2249  2249 D ImsPhone: EVENT_DEFAULT_PHONE_DATA_STATE_CHANGED
09-27 14:54:12.335  2249  2249 D ImsPhone: updateDataServiceState: defSs = 0 0 voice home data home CMCC CMCC 46000 CMCC CMCC 46000  LTE LTE CSS not supported -1 -1 RoamInd=-1 DefRoamInd=-1 EmergOnly=false IsDataRoamingFromRegistration=false IsUsingCarrierAggregation=false mRilImsRadioTechnology=0 imsSs = 3 0 voice home data home null null null null null null  Unknown LTE CSS not supported -1 -1 RoamInd=-1 DefRoamInd=-1 EmergOnly=false IsDataRoamingFromRegistration=false IsUsingCarrierAggregation=false mRilImsRadioTechnology=0
09-27 14:54:12.335  2249  2249 D PhoneSwitcher: handle event - 110
09-27 14:54:12.336  2249  2249 D PhoneSwitcher: handle event - 110
09-27 14:54:12.337  2249  2249 D TelephonyNetworkFactory[1]: onActivePhoneSwitch(true, true)
09-27 14:54:12.339  2249  2249 D PhoneSwitcher: handle event - 103
09-27 14:54:12.342  2249  2249 D SubscriptionController: [getSubId]- numSubIds == 0, return DummySubIds slotIdx=0
09-27 14:54:12.342  2249  2249 D PhoneSwitcher: evaluating due to netRequest
09-27 14:54:12.343  2249  2249 D PhoneSwitcher: default subId = 1
09-27 14:54:12.344  2249  2249 D PhoneSwitcher:  phone[0] using sub[2147483643]
09-27 14:54:12.344  2249  2249 D PhoneSwitcher:  phone[1] using sub[1]
09-27 14:54:12.345  2249  2249 D PhoneSwitcher:  newActivePhones:
09-27 14:54:12.346  2249  2249 D PhoneSwitcher:   1
09-27 14:54:12.347  2249  2249 D PhoneSwitcher: InformDdsToRil rild= 0, DDS=1
09-27 14:54:12.352   821  1226 E RILQ    : (0/821): RIL[0][oem_socket0] void qcril_qmi_generic_socket_agent::recv_thread_func(): read 4 bytes length message with length 32
09-27 14:54:12.352   821  1226 E RILQ    : (0/821): RIL[0][oem_socket0] qmi_ril_parse_oem_hook_header: Received un-handled/oem command id = 524327
09-27 14:54:12.357  2249  2249 D PhoneSwitcher: InformDdsToRil rild= 1, DDS=1
09-27 14:54:12.400   939  1269 E RILQ    : (1/939): RIL[1][oem_socket1] void qcril_qmi_generic_socket_agent::recv_thread_func(): read 4 bytes length message with length 32
09-27 14:54:12.401   939  1269 E RILQ    : (1/939): RIL[1][oem_socket1] qmi_ril_parse_oem_hook_header: Received un-handled/oem command id = 524327
09-27 14:54:12.404  2249  2249 D TelephonyNetworkFactory[1]: onNeedNetworkFor NetworkRequest [ REQUEST id=8, [ Transports: CELLULAR Capabilities: IMS&TRUSTED&NOT_VPN Specifier: <1>] ]
09-27 14:54:12.405  2249  2249 D CAT     : CatService: handleMessage[10]
09-27 14:54:12.405  2249  2249 D CAT     : CatService: SET_UP_MENU
09-27 14:54:12.408  2249  2249 D CAT     : CatService: encodeOptionalTags() Unsupported Cmd details=CmdDetails: compRequired=true commandNumber=1 typeOfCommand=37 commandQualifier=0
09-27 14:54:12.408  2249  2249 D RILJ    : [3833]> REQUEST_STK_SEND_TERMINAL_RESPONSE [SUB1]
09-27 14:54:12.415  2249  2249 D CAT     : CatService: Sending CmdMsg: com.android.internal.telephony.cat.CatCmdMessage@666752 on slotid:1
09-27 14:54:12.418  2249  2249 D SIMRecords: [SIMRecords] Invalid or missing EF[MAILBOX]
09-27 14:54:12.418  2249  2249 D SIMRecords: [SIMRecords] onRecordLoaded 0 requested: true
09-27 14:54:12.418  2249  2249 D SIMRecords: [SIMRecords] record load complete
09-27 14:54:12.418  2249  2249 D SIMRecords: [SIMRecords] Not using EF LI/EF PL
09-27 14:54:12.419  2249  2249 D SIMRecords: [SIMRecords] EF_CFIS and EF_CFF not valid. callForwardingEnabled=-1
09-27 14:54:12.419  2249  2249 D SIMRecords: [SIMRecords] onAllRecordsLoaded set 'gsm.sim.operator.numeric' to operator='46002'
09-27 14:54:12.419  2249  2249 D TelephonyManager: setTelephonyProperty: success phoneId=1 property=gsm.sim.operator.numeric value: 46002 propVal=,46002
09-27 14:54:12.421  2249  2249 D SubscriptionController: [setMccMnc]+ mcc/mnc:460/2 subId:1
09-27 14:54:12.423  2249  2312 D RILJ    : [3833]< REQUEST_STK_SEND_TERMINAL_RESPONSE  [SUB1]
09-27 14:54:12.476  2249  2249 D SubscriptionController: notifySubscriptionInfoChanged:
09-27 14:54:12.479  2249  2262 D SubscriptionController: [getSubId]- numSubIds == 0, return DummySubIds slotIdx=0
09-27 14:54:12.495  2249  2249 D SIMRecords: [SIMRecords] update icc_operator_numeric = 46002 subId = 1
09-27 14:54:12.495  2249  2249 D SIMRecords: [SIMRecords] onAllRecordsLoaded set mcc imsi
09-27 14:54:12.495  2249  2249 D TelephonyManager: setTelephonyProperty: success phoneId=1 property=gsm.sim.operator.iso-country value: cn propVal=,cn
09-27 14:54:12.545  2249  2249 D SST     : EVENT_IMS_CAPABILITY_CHANGED
09-27 14:54:12.551  2249  2249 D SIMRecords: [SIMRecords] getServiceProviderName: no brandOverride, providerName=CMCC
09-27 14:54:12.551  2249  2249 D SIMRecords: [SIMRecords] getServiceProviderName: no brandOverride, providerName=CMCC
09-27 14:54:12.555  2249  2249 D SST     : updateSpnDisplay: changed sending intent rule=3 showPlmn='true' plmn='CMCC' showSpn='false' spn='null' dataSpn='CMCC' subId='1'
09-27 14:54:12.564  2249  2249 D SubscriptionController: [setCarrierText]+ text:CMCC subId:1
09-27 14:54:12.594  2249  2249 D SubscriptionController: notifySubscriptionInfoChanged:
09-27 14:54:12.599  2249  2331 D SubscriptionController: [getSubId]- numSubIds == 0, return DummySubIds slotIdx=0
09-27 14:54:12.614  2249  2261 D SubscriptionController: [getActiveSubscriptionInfo]+ subId=1 subInfo={id=1, iccId=898600120917 simSlotIndex=1 displayName=CARD 2 carrierName=CMCC nameSource=0 iconTint=-16746133 dataRoaming=0 iconBitmap=android.graphics.Bitmap@5fbeb76 mcc 460 mnc 2}
09-27 14:54:12.621  2249  3218 D SubscriptionController: [getSubId]- numSubIds == 0, return DummySubIds slotIdx=0
09-27 14:54:12.659  2249  2249 D QtiGsmDCT: [1]QtiDcTracker handleMessage msg={ when=-320ms what=270349 arg2=1 target=com.qualcomm.qti.internal.telephony.dataconnection.QtiDcTracker }
09-27 14:54:12.659  2249  2649 D ImsManager: registrationDisconnected :: imsReasonInfoImsReasonInfo :: {1000, 0, null}
09-27 14:54:12.659  2249  2249 D QtiGsmDCT: [1]onEnableApn: apnContext={mApnType=default mState=IDLE mWaitingApns={null} mApnSetting={null} mReason=radioTurnedOff mDataEnabled=false mDependencyMet=true} call applyNewState
09-27 14:54:12.659  2249  2649 D ImsPhoneCallTracker: [ImsPhoneCallTracker] onImsDisconnected imsReasonInfo=ImsReasonInfo :: {1000, 0, null}
09-27 14:54:12.659  2249  2249 D QtiGsmDCT: [1]applyNewState(default, true(false), true(true))
09-27 14:54:12.659  2249  2649 D ImsPhone: updateDataServiceState: defSs = 0 0 voice home data home CMCC CMCC 46000 CMCC CMCC 46000  LTE LTE CSS not supported -1 -1 RoamInd=-1 DefRoamInd=-1 EmergOnly=false IsDataRoamingFromRegistration=false IsUsingCarrierAggregation=false mRilImsRadioTechnology=0 imsSs = 1 0 voice home data home null null null null null null  Unknown LTE CSS not supported -1 -1 RoamInd=-1 DefRoamInd=-1 EmergOnly=false IsDataRoamingFromRegistration=false IsUsingCarrierAggregation=false mRilImsRadioTechnology=0
09-27 14:54:12.666  2249  2249 D QtiGsmDCT: [1]trySetupData for type:default due to dataEnabled, mIsPsRestricted=false
09-27 14:54:12.674  2249  2249 D CdmaSSM : subscriptionSource from settings: 0
09-27 14:54:12.675  2249  2249 D QtiGsmDCT: [1]isEmergency: result=false
09-27 14:54:12.675  2249  2249 D QtiGsmDCT: [1]buildWaitingApns: E requestedApnType=default
09-27 14:54:12.676  2249  2249 D QtiGsmDCT: [1]getPreferredApn: mAllApnSettings is empty
09-27 14:54:12.676  2249  2249 D QtiGsmDCT: [1]buildWaitingApns: usePreferred=true canSetPreferApn=false mPreferredApn=null operator=46002 radioTech=14 IccRecords r=SimRecords: mDestroyed=false mContext=com.android.phone.PhoneGlobals@3323d6f mCi=com.android.internal.telephony.RIL@aaa61bc mFh=Handler (com.android.internal.telephony.uicc.UsimFileHandler) {df62a7c} mParentApp=com.android.internal.telephony.uicc.UiccCardApplication@aaa0f05 recordsLoadedRegistrants=android.os.RegistrantList@dda1b5a mImsiReadyRegistrants=android.os.RegistrantList@bcf418b mRecordsEventsRegistrants=android.os.RegistrantList@9b97268 mNewSmsRegistrants=android.os.RegistrantList@9419681 mNetworkSelectionModeAutomaticRegistrants=android.os.RegistrantList@58e9326 recordsToLoad=0 adnCache=Handler (com.android.internal.telephony.uicc.AdnRecordCache) {3ee6b67} recordsRequested=true iccid=898600120917f4003502 msisdnTag= voiceMailNum=null voiceMailTag=null voiceMailNum=null newVoiceMailTag=null isVoiceMailFixed=false mImsi=460028[vzM4Z8mTzRDE9Q9IftrTQpozr-g] mncLength=2 mailboxIndex=0 spn=CMCC mVmConfigcom.android.internal.telephony.uicc.VoiceMailConstants@9e74d14 mSpnOverride=mSpnOverride callForwardingEnabled=-1 spnState=IDLE mCphsInfo=null mCspPlmnEnabled=true efMWIS=null efCPHS_MWI=null mEfCff=null mEfCfis=null getOperatorNumeric=46002
09-27 14:54:12.677  2249  2249 D QtiGsmDCT: [1]buildWaitingApns: mAllApnSettings=[]
09-27 14:54:12.677  2249  2249 D QtiGsmDCT: [1]buildWaitingApns: 0 APNs in the list: []
09-27 14:54:12.677  2249  2249 D QtiGsmDCT: [1]notifyNoData: type=default
09-27 14:54:12.677  2249  2249 D CdmaSSM : subscriptionSource from settings: 0
09-27 14:54:12.679  2249  2331 D SubscriptionController: [getActiveSubscriptionInfo]+ subId=1 subInfo={id=1, iccId=898600120917 simSlotIndex=1 displayName=CARD 2 carrierName=CMCC nameSource=0 iconTint=-16746133 dataRoaming=0 iconBitmap=android.graphics.Bitmap@c943c50 mcc 460 mnc 2}
09-27 14:54:12.682  2249  2249 D CdmaSSM : subscriptionSource from settings: 0
09-27 14:54:12.687  2249  3181 D SubscriptionController: [getSubId]- numSubIds == 0, return DummySubIds slotIdx=0
09-27 14:54:12.700  2249  2249 D CdmaSSM : subscriptionSource from settings: 0
09-27 14:54:12.713  2249  2565 D SubscriptionController: [getActiveSubscriptionInfo]+ subId=1 subInfo={id=1, iccId=898600120917 simSlotIndex=1 displayName=CARD 2 carrierName=CMCC nameSource=0 iconTint=-16746133 dataRoaming=0 iconBitmap=android.graphics.Bitmap@b5e3e49 mcc 460 mnc 2}
09-27 14:54:12.716  2249  2249 D CdmaSSM : subscriptionSource from settings: 0
09-27 14:54:12.734  2249  2332 D SubscriptionController: [getActiveSubscriptionInfo]+ subId=1 subInfo={id=1, iccId=898600120917 simSlotIndex=1 displayName=CARD 2 carrierName=CMCC nameSource=0 iconTint=-16746133 dataRoaming=0 iconBitmap=android.graphics.Bitmap@8cd7c mcc 460 mnc 2}
09-27 14:54:12.737  2249  2249 D CdmaSSM : subscriptionSource from settings: 0
09-27 14:54:12.742  2249  2261 D SubscriptionController: [getSubId]- numSubIds == 0, return DummySubIds slotIdx=0
09-27 14:54:12.779  2249  2249 D CdmaSSM : subscriptionSource from settings: 0
09-27 14:54:12.792   939  1023 E RILQ    : (1/939): RIL[1][event] qcril_gstk_qmi_copy_and_save_proactive_cmd: Invalid ril_unsol_resp parameters, cannot save
09-27 14:54:12.792  2249  2249 D CdmaSSM : subscriptionSource from settings: 0
09-27 14:54:12.793  2249  2331 D SubscriptionController: [getActiveSubscriptionInfo]+ subId=1 subInfo={id=1, iccId=898600120917 simSlotIndex=1 displayName=CARD 2 carrierName=CMCC nameSource=0 iconTint=-16746133 dataRoaming=0 iconBitmap=android.graphics.Bitmap@dd34568 mcc 460 mnc 2}
09-27 14:54:12.796  2249  2312 D RILJ    : Unsol response received for UNSOL_STK_SESSION_END Sending ack to ril.cpp [SUB1]
09-27 14:54:12.796  2249  2312 D RILJ    : [UNSL]< UNSOL_STK_SESSION_END [SUB1]
09-27 14:54:12.801  2249  2261 D SubscriptionController: [getSubId]- numSubIds == 0, return DummySubIds slotIdx=0
09-27 14:54:12.828  2249  2249 D CdmaSSM : subscriptionSource from settings: 0
09-27 14:54:12.889  2249  2249 D QtiGsmDCT: [1]trySetupData: X No APN found retValue=false
09-27 14:54:12.892  2249  2249 D QtiGsmDCT: [1]QtiDcTracker handleMessage msg={ when=-487ms what=270349 arg1=5 arg2=1 target=com.qualcomm.qti.internal.telephony.dataconnection.QtiDcTracker }
09-27 14:54:12.892  2249  2249 D QtiGsmDCT: [1]onEnableApn: apnContext={mApnType=ims mState=IDLE mWaitingApns={null} mApnSetting={null} mReason=radioTurnedOff mDataEnabled=false mDependencyMet=true} call applyNewState
09-27 14:54:12.892  2249  2249 D QtiGsmDCT: [1]applyNewState(ims, true(false), true(true))
09-27 14:54:12.894  2249  2249 D QtiGsmDCT: [1]trySetupData for type:ims due to dataEnabled, mIsPsRestricted=false
09-27 14:54:12.908  2249  2249 D CdmaSSM : subscriptionSource from settings: 0
09-27 14:54:12.917  2249  2249 D QtiGsmDCT: [1]isEmergency: result=false
09-27 14:54:12.917  2249  2249 D QtiGsmDCT: [1]buildWaitingApns: E requestedApnType=ims
09-27 14:54:12.917  2249  2249 D QtiGsmDCT: [1]getPreferredApn: mAllApnSettings is empty
09-27 14:54:12.918  2249  2249 D QtiGsmDCT: [1]buildWaitingApns: usePreferred=true canSetPreferApn=false mPreferredApn=null operator=46002 radioTech=14 IccRecords r=SimRecords: mDestroyed=false mContext=com.android.phone.PhoneGlobals@3323d6f mCi=com.android.internal.telephony.RIL@aaa61bc mFh=Handler (com.android.internal.telephony.uicc.UsimFileHandler) {df62a7c} mParentApp=com.android.internal.telephony.uicc.UiccCardApplication@aaa0f05 recordsLoadedRegistrants=android.os.RegistrantList@dda1b5a mImsiReadyRegistrants=android.os.RegistrantList@bcf418b mRecordsEventsRegistrants=android.os.RegistrantList@9b97268 mNewSmsRegistrants=android.os.RegistrantList@9419681 mNetworkSelectionModeAutomaticRegistrants=android.os.RegistrantList@58e9326 recordsToLoad=0 adnCache=Handler (com.android.internal.telephony.uicc.AdnRecordCache) {3ee6b67} recordsRequested=true iccid=898600120917f4003502 msisdnTag= voiceMailNum=null voiceMailTag=null voiceMailNum=null newVoiceMailTag=null isVoiceMailFixed=false mImsi=460028[vzM4Z8mTzRDE9Q9IftrTQpozr-g] mncLength=2 mailboxIndex=0 spn=CMCC mVmConfigcom.android.internal.telephony.uicc.VoiceMailConstants@9e74d14 mSpnOverride=mSpnOverride callForwardingEnabled=-1 spnState=IDLE mCphsInfo=null mCspPlmnEnabled=true efMWIS=null efCPHS_MWI=null mEfCff=null mEfCfis=null getOperatorNumeric=46002
09-27 14:54:12.918  2249  2249 D QtiGsmDCT: [1]buildWaitingApns: mAllApnSettings=[]
09-27 14:54:12.918  2249  2249 D QtiGsmDCT: [1]buildWaitingApns: 0 APNs in the list: []
09-27 14:54:12.918  2249  2249 D QtiGsmDCT: [1]notifyNoData: type=ims
09-27 14:54:12.974  2249  2249 D CdmaSSM : subscriptionSource from settings: 0
09-27 14:54:12.976  2249  2249 D CdmaSSM : subscriptionSource from settings: 0
09-27 14:54:13.001  2249  2249 D CdmaSSM : subscriptionSource from settings: 0
09-27 14:54:13.050  2249  2249 D CdmaSSM : subscriptionSource from settings: 0
09-27 14:54:13.054  2249  2332 D SubscriptionController: [getActiveSubscriptionInfo]+ subId=1 subInfo={id=1, iccId=898600120917 simSlotIndex=1 displayName=CARD 2 carrierName=CMCC nameSource=0 iconTint=-16746133 dataRoaming=0 iconBitmap=android.graphics.Bitmap@9d67603 mcc 460 mnc 2}
09-27 14:54:13.060  2249  2261 D SubscriptionController: [getSubId]- numSubIds == 0, return DummySubIds slotIdx=0
09-27 14:54:13.093  2249  2249 D CdmaSSM : subscriptionSource from settings: 0
09-27 14:54:13.111  2249  3181 D SubscriptionController: [getActiveSubscriptionInfo]+ subId=1 subInfo={id=1, iccId=898600120917 simSlotIndex=1 displayName=CARD 2 carrierName=CMCC nameSource=0 iconTint=-16746133 dataRoaming=0 iconBitmap=android.graphics.Bitmap@9c6cbfe mcc 460 mnc 2}
09-27 14:54:13.118  2249  3218 D SubscriptionController: [getSubId]- numSubIds == 0, return DummySubIds slotIdx=0
09-27 14:54:13.144  2249  2249 D CdmaSSM : subscriptionSource from settings: 0
09-27 14:54:13.157  2249  2261 D SubscriptionController: [getActiveSubscriptionInfo]+ subId=1 subInfo={id=1, iccId=898600120917 simSlotIndex=1 displayName=CARD 2 carrierName=CMCC nameSource=0 iconTint=-16746133 dataRoaming=0 iconBitmap=android.graphics.Bitmap@966ea75 mcc 460 mnc 2}
09-27 14:54:13.166  2249  2331 D SubscriptionController: [getSubId]- numSubIds == 0, return DummySubIds slotIdx=0
09-27 14:54:13.174  2249  2249 D CdmaSSM : subscriptionSource from settings: 0
09-27 14:54:13.194  2249  2249 D QtiGsmDCT: [1]trySetupData: X No APN found retValue=false
09-27 14:54:13.196  2249  2249 D SST     : SubscriptionListener.onSubscriptionInfoChanged
09-27 14:54:13.196  2249  2249 D SubscriptionController: [getSubId]- numSubIds == 0, return DummySubIds slotIdx=0
