09-27 14:56:16.075  2249  2249 D PhoneNumberUtils: slotId:1 subId:1 country:CN useExactMatch:true emergencyNumbers: 112,000,08,118,122,911,999,119,120,110,*911,#911
09-27 14:56:16.081  2249  2249 D PhoneSwitcher: handle event - 108
09-27 14:56:16.083  2249  2249 D PhoneSwitcher: EVENT_VOICE_CALL_ENDED
09-27 14:56:16.083  2249  2249 D PhoneSwitcher: isAnyVoiceCallActiveOnDevice: false
09-27 14:56:16.109  2249  2312 D RILJ    : Unsol response received for UNSOL_OEM_HOOK_RAW Sending ack to ril.cpp [SUB1]
09-27 14:56:16.109  2249  2312 V RILJ    : [UNSL]< UNSOL_OEM_HOOK_RAW 514f454d484f4f4bf70308001b000000767369643d3239373831363036343b63616c6c5f73746174653d31 [SUB1]
09-27 14:56:16.110   939  1023 I RILQ    : (1/939):RIL[1][event] qcril_qmi_voice_all_call_status_ind_hdlr: RILVIMS: update 1 calls[a-c-id: 1, q-c-id 1, c-s 8 -> 9]
09-27 14:56:16.112  2249  2312 D RILJ    : Unsol response received for UNSOL_OEM_HOOK_RAW Sending ack to ril.cpp [SUB1]
09-27 14:56:16.112  2249  2312 V RILJ    : [UNSL]< UNSOL_OEM_HOOK_RAW 514f454d484f4f4bf70308001b000000767369643d3239373831363036343b63616c6c5f73746174653d31 [SUB1]
09-27 14:56:16.116  2249  2312 D RILJ    : Unsol response received for UNSOL_OEM_HOOK_RAW Sending ack to ril.cpp [SUB1]
09-27 14:56:16.117  2249  2312 V RILJ    : [UNSL]< UNSOL_OEM_HOOK_RAW 514f454d484f4f4bf70308001b000000767369643d3239373831363036343b63616c6c5f73746174653d31 [SUB1]
09-27 14:56:16.140  2249  2249 D QtiGsmCdmaPhone: handleMessage: Event: 34
09-27 14:56:16.141  2249  2249 D QtiGsmCdmaPhone: handleMessage: Event: 34
09-27 14:56:16.143  2249  2249 D QtiGsmCdmaPhone: handleMessage: Event: 34
09-27 14:56:18.421  2249  3181 D SubscriptionController: [getSubId]- numSubIds == 0, return DummySubIds slotIdx=0
09-27 14:56:18.423  2249  2262 D SubscriptionController: [getSubId]- numSubIds == 0, return DummySubIds slotIdx=0
09-27 14:56:18.566  2249  2332 D SubscriptionController: [getSubId]- numSubIds == 0, return DummySubIds slotIdx=0
09-27 14:56:18.834  6385  6385 D PhoneNumberUtils: slotId:1 subId:1 country:null useExactMatch:true emergencyNumbers: 112,000,08,118,122,911,999,119,120,110,*911,#911
09-27 14:56:18.881  6385  6385 D PhoneNumberUtils: slotId:1 subId:1 country:null useExactMatch:true emergencyNumbers: 112,000,08,118,122,911,999,119,120,110,*911,#911
09-27 14:56:18.900  6385  6385 D PhoneNumberUtils: slotId:1 subId:1 country:null useExactMatch:true emergencyNumbers: 112,000,08,118,122,911,999,119,120,110,*911,#911
09-27 14:56:18.916  6385  6385 D PhoneNumberUtils: slotId:1 subId:1 country:null useExactMatch:true emergencyNumbers: 112,000,08,118,122,911,999,119,120,110,*911,#911
09-27 14:56:18.972  6385  6385 D PhoneNumberUtils: slotId:1 subId:1 country:null useExactMatch:true emergencyNumbers: 112,000,08,118,122,911,999,119,120,110,*911,#911
09-27 14:56:19.114  6385  6385 D PhoneNumberUtils: slotId:1 subId:1 country:null useExactMatch:true emergencyNumbers: 112,000,08,118,122,911,999,119,120,110,*911,#911
09-27 14:56:19.132  6385  6385 D PhoneNumberUtils: slotId:1 subId:1 country:null useExactMatch:true emergencyNumbers: 112,000,08,118,122,911,999,119,120,110,*911,#911
09-27 14:56:19.148  6385  6385 D PhoneNumberUtils: slotId:1 subId:1 country:null useExactMatch:true emergencyNumbers: 112,000,08,118,122,911,999,119,120,110,*911,#911
09-27 14:56:19.163  6385  6385 D PhoneNumberUtils: slotId:1 subId:1 country:null useExactMatch:true emergencyNumbers: 112,000,08,118,122,911,999,119,120,110,*911,#911
09-27 14:56:19.177  6385  6385 D PhoneNumberUtils: slotId:1 subId:1 country:null useExactMatch:true emergencyNumbers: 112,000,08,118,122,911,999,119,120,110,*911,#911
09-27 14:56:19.397  6385  6385 D PhoneNumberUtils: slotId:1 subId:1 country:null useExactMatch:true emergencyNumbers: 112,000,08,118,122,911,999,119,120,110,*911,#911
09-27 14:56:19.412  6385  6385 D PhoneNumberUtils: slotId:1 subId:1 country:null useExactMatch:true emergencyNumbers: 112,000,08,118,122,911,999,119,120,110,*911,#911
09-27 14:56:19.427  6385  6385 D PhoneNumberUtils: slotId:1 subId:1 country:null useExactMatch:true emergencyNumbers: 112,000,08,118,122,911,999,119,120,110,*911,#911
09-27 14:56:19.439  6385  6385 D PhoneNumberUtils: slotId:1 subId:1 country:null useExactMatch:true emergencyNumbers: 112,000,08,118,122,911,999,119,120,110,*911,#911
09-27 14:56:19.451  6385  6385 D PhoneNumberUtils: slotId:1 subId:1 country:null useExactMatch:true emergencyNumbers: 112,000,08,118,122,911,999,119,120,110,*911,#911
09-27 14:56:25.404  2249  2565 D RILJ    : [3945]> RIL_REQUEST_GET_CELL_INFO_LIST [SUB0]
09-27 14:56:25.415  2249  2308 D RilRequest: [3945]< RIL_REQUEST_GET_CELL_INFO_LIST error: com.android.internal.telephony.CommandException: SYSTEM_ERR ret=
09-27 14:56:25.416  2249  2249 D SST     : EVENT_GET_CELL_INFO_LIST: error ret null, e=com.android.internal.telephony.CommandException: SYSTEM_ERR
09-27 14:56:25.417  2249  2565 D SST     : SST.getAllCellInfo(): X size=0 list=null
09-27 14:56:25.418  2249  2565 D RILJ    : [3946]> RIL_REQUEST_GET_CELL_INFO_LIST [SUB1]
09-27 14:56:25.425  2249  2312 D RILJ    : [3946]< RIL_REQUEST_GET_CELL_INFO_LIST [CellInfoLte:{mRegistered=YES mTimeStampType=oem_ril mTimeStamp=191904266539ns CellIdentityLte:{ mMcc=460 mMnc=0 mCi=27521057 mPci=429 mTac=6338 mEarfcn=38950} CellSignalStrengthLte: ss=23 rsrp=-92 rsrq=-3 rssnr=2147483647 cqi=2147483647 ta=20}] [SUB1]
09-27 14:56:25.426  2249  2565 D SST     : SST.getAllCellInfo(): return last, back to back calls
09-27 14:56:42.204  2249  2249 D SubscriptionController: [getActiveSubscriptionInfoForSimSlotIndex]+ slotIdx=1 subId={id=1, iccId=898600120917 simSlotIndex=1 displayName=China Mobile carrierName=CMCC  China Mobile nameSource=0 iconTint=-16746133 dataRoaming=0 iconBitmap=android.graphics.Bitmap@439898e mcc 460 mnc 2}
09-27 14:56:59.558  2249  2249 D QtiGsmDCT: [0]Data stall alarm
09-27 14:56:59.559  2249  2249 D QtiGsmDCT: [0]QtiDcTracker handleMessage msg={ when=0 what=270353 arg1=46853 obj=com.android.internal.telephony.data-stall target=com.qualcomm.qti.internal.telephony.dataconnection.QtiDcTracker }
09-27 14:56:59.559  2249  2249 D QtiGsmDCT: [0]onDataStallAlarm: ignore, tag=46853 expecting 46513
09-27 14:56:59.568  2249  2249 D QtiGsmDCT: [0]NETWORK_STATE_CHANGED_ACTION: mIsWifiConnected=false
09-27 14:56:59.568  2249  2249 D QtiGsmDCT: [1]NETWORK_STATE_CHANGED_ACTION: mIsWifiConnected=false
09-27 14:56:59.572  2249  2249 D QtiGsmDCT: [1]Data stall alarm
09-27 14:56:59.572  2249  2249 D QtiGsmDCT: [1]QtiDcTracker handleMessage msg={ when=-1ms what=270353 arg1=46853 obj=com.android.internal.telephony.data-stall target=com.qualcomm.qti.internal.telephony.dataconnection.QtiDcTracker }
09-27 14:57:00.097  6385  6385 D PhoneNumberUtils: slotId:1 subId:1 country:null useExactMatch:true emergencyNumbers: 112,000,08,118,122,911,999,119,120,110,*911,#911
09-27 14:57:00.112  6385  6385 D PhoneNumberUtils: slotId:1 subId:1 country:null useExactMatch:true emergencyNumbers: 112,000,08,118,122,911,999,119,120,110,*911,#911
09-27 14:57:00.126  6385  6385 D PhoneNumberUtils: slotId:1 subId:1 country:null useExactMatch:true emergencyNumbers: 112,000,08,118,122,911,999,119,120,110,*911,#911
09-27 14:57:00.140  6385  6385 D PhoneNumberUtils: slotId:1 subId:1 country:null useExactMatch:true emergencyNumbers: 112,000,08,118,122,911,999,119,120,110,*911,#911
09-27 14:57:00.149  6385  6385 D PhoneNumberUtils: slotId:1 subId:1 country:null useExactMatch:true emergencyNumbers: 112,000,08,118,122,911,999,119,120,110,*911,#911
09-27 14:57:00.368  2249  2249 D QtiGsmDCT: [0]NETWORK_STATE_CHANGED_ACTION: mIsWifiConnected=false
09-27 14:57:00.369  2249  2249 D QtiGsmDCT: [1]NETWORK_STATE_CHANGED_ACTION: mIsWifiConnected=false
09-27 14:57:04.537  2249  6709 D RILJ    : [3947]> RIL_REQUEST_GET_CELL_INFO_LIST [SUB0]
09-27 14:57:04.548  2249  2308 D RilRequest: [3947]< RIL_REQUEST_GET_CELL_INFO_LIST error: com.android.internal.telephony.CommandException: SYSTEM_ERR ret=
09-27 14:57:04.549  2249  2249 D SST     : EVENT_GET_CELL_INFO_LIST: error ret null, e=com.android.internal.telephony.CommandException: SYSTEM_ERR
09-27 14:57:04.550  2249  6709 D SST     : SST.getAllCellInfo(): X size=0 list=null
09-27 14:57:04.550  2249  6709 D RILJ    : [3948]> RIL_REQUEST_GET_CELL_INFO_LIST [SUB1]
09-27 14:57:04.560  2249  2312 D RILJ    : [3948]< RIL_REQUEST_GET_CELL_INFO_LIST [CellInfoLte:{mRegistered=YES mTimeStampType=oem_ril mTimeStamp=231038656472ns CellIdentityLte:{ mMcc=460 mMnc=0 mCi=27521057 mPci=429 mTac=6338 mEarfcn=38950} CellSignalStrengthLte: ss=21 rsrp=-96 rsrq=-3 rssnr=2147483647 cqi=2147483647 ta=20}] [SUB1]
09-27 14:57:04.561  2249  6709 D SST     : SST.getAllCellInfo(): return last, back to back calls
09-27 14:57:19.540  2249  2565 D SubscriptionController: [getActiveSubscriptionInfo]+ subId=1 subInfo={id=1, iccId=898600120917 simSlotIndex=1 displayName=China Mobile carrierName=CMCC  China Mobile nameSource=0 iconTint=-16746133 dataRoaming=0 iconBitmap=android.graphics.Bitmap@f0cb145 mcc 460 mnc 2}
09-27 14:57:19.547  2249  2331 D SubscriptionController: [getSubId]- numSubIds == 0, return DummySubIds slotIdx=0
09-27 14:57:19.582  2249  3218 D SubscriptionController: [getActiveSubscriptionInfo]+ subId=1 subInfo={id=1, iccId=898600120917 simSlotIndex=1 displayName=China Mobile carrierName=CMCC  China Mobile nameSource=0 iconTint=-16746133 dataRoaming=0 iconBitmap=android.graphics.Bitmap@bdd29a8 mcc 460 mnc 2}
09-27 14:57:19.588  2249  3181 D SubscriptionController: [getSubId]- numSubIds == 0, return DummySubIds slotIdx=0
09-27 14:57:19.613  2249  2261 D SubscriptionController: [getActiveSubscriptionInfo]+ subId=1 subInfo={id=1, iccId=898600120917 simSlotIndex=1 displayName=China Mobile carrierName=CMCC  China Mobile nameSource=0 iconTint=-16746133 dataRoaming=0 iconBitmap=android.graphics.Bitmap@c01fba7 mcc 460 mnc 2}
09-27 14:57:19.619  2249  2565 D SubscriptionController: [getSubId]- numSubIds == 0, return DummySubIds slotIdx=0
09-27 14:57:20.294  2249  2249 D QtiGsmDCT: [0]NETWORK_STATE_CHANGED_ACTION: mIsWifiConnected=false
09-27 14:57:20.294  2249  2249 D QtiGsmDCT: [1]NETWORK_STATE_CHANGED_ACTION: mIsWifiConnected=false
09-27 14:57:20.306  2249  2249 D QtiGsmDCT: [0]screen on
09-27 14:57:20.306  2249  2249 D QtiGsmDCT: [0]stopNetStatPoll
09-27 14:57:20.306  2249  2249 D SubscriptionController: [getSubId]- numSubIds == 0, return DummySubIds slotIdx=0
09-27 14:57:20.307  2249  2249 D QtiSubscriptionController: getPhoneId, received dummy subId 2147483643
09-27 14:57:20.308  2249  2249 D SubscriptionController: [getSubId]- numSubIds == 0, return DummySubIds slotIdx=0
09-27 14:57:20.310  2249  2249 D QtiSubscriptionController: getPhoneId, received dummy subId 2147483643
09-27 14:57:20.316  2249  2249 D QtiGsmDCT: [1]screen on
09-27 14:57:20.317  2249  2249 D QtiGsmDCT: [1]stopNetStatPoll
09-27 14:57:20.319  2249  2249 D QtiGsmDCT: [1]startNetStatPoll
09-27 14:57:20.616  2249  2249 D QtiGsmDCT: [0]screen off
09-27 14:57:20.616  2249  2249 D QtiGsmDCT: [0]stopNetStatPoll
09-27 14:57:20.617  2249  2249 D SubscriptionController: [getSubId]- numSubIds == 0, return DummySubIds slotIdx=0
09-27 14:57:20.618  2249  2249 D QtiSubscriptionController: getPhoneId, received dummy subId 2147483643
09-27 14:57:20.619  2249  2249 D SubscriptionController: [getSubId]- numSubIds == 0, return DummySubIds slotIdx=0
09-27 14:57:20.621  2249  2249 D QtiSubscriptionController: getPhoneId, received dummy subId 2147483643
09-27 14:57:20.625  2249  2249 D QtiGsmDCT: [1]screen off
09-27 14:57:20.626  2249  2249 D QtiGsmDCT: [1]stopNetStatPoll
09-27 14:57:20.629  2249  2249 D QtiGsmDCT: [1]startNetStatPoll
09-27 14:57:21.016  2249  2249 D QtiGsmDCT: [0]NETWORK_STATE_CHANGED_ACTION: mIsWifiConnected=false
09-27 14:57:21.019  2249  2249 D QtiGsmDCT: [1]NETWORK_STATE_CHANGED_ACTION: mIsWifiConnected=false
09-27 14:57:24.184  2249  6709 D SubscriptionController: [getActiveSubscriptionInfo]+ subId=1 subInfo={id=1, iccId=898600120917 simSlotIndex=1 displayName=China Mobile carrierName=CMCC  China Mobile nameSource=0 iconTint=-16746133 dataRoaming=0 iconBitmap=android.graphics.Bitmap@9c4b8f2 mcc 460 mnc 2}
09-27 14:57:24.207  2249  2564 D SubscriptionController: [getSubId]- numSubIds == 0, return DummySubIds slotIdx=0
09-27 14:57:24.867  2249  2564 D SubscriptionController: [getPhoneId]- subId=0 not found return default phoneId=0
09-27 14:57:24.870  2249  3218 D SubscriptionController: [getPhoneId]- subId=0 not found return default phoneId=0
09-27 14:57:24.888  2249  2332 D SubscriptionController: [getPhoneId]- subId=0 not found return default phoneId=0
09-27 14:57:24.891  2249  2261 D SubscriptionController: [getPhoneId]- subId=0 not found return default phoneId=0
09-27 14:57:32.352  2249  2249 D SubscriptionController: [getActiveSubscriptionInfoForSimSlotIndex]+ slotIdx=1 subId={id=1, iccId=898600120917 simSlotIndex=1 displayName=China Mobile carrierName=CMCC  China Mobile nameSource=0 iconTint=-16746133 dataRoaming=0 iconBitmap=android.graphics.Bitmap@516a2f9 mcc 460 mnc 2}
09-27 14:57:32.384  2249  2249 D SubscriptionController: [getActiveSubscriptionInfoForSimSlotIndex]+ slotIdx=1 subId={id=1, iccId=898600120917 simSlotIndex=1 displayName=China Mobile carrierName=CMCC  China Mobile nameSource=0 iconTint=-16746133 dataRoaming=0 iconBitmap=android.graphics.Bitmap@3493dec mcc 460 mnc 2}
09-27 14:57:42.354  2249  2249 D SubscriptionController: [getActiveSubscriptionInfoForSimSlotIndex]+ slotIdx=1 subId={id=1, iccId=898600120917 simSlotIndex=1 displayName=China Mobile carrierName=CMCC  China Mobile nameSource=0 iconTint=-16746133 dataRoaming=0 iconBitmap=android.graphics.Bitmap@f823fbb mcc 460 mnc 2}
09-27 14:57:49.065  2249  2249 D QtiGsmDCT: [0]NETWORK_STATE_CHANGED_ACTION: mIsWifiConnected=false
09-27 14:57:49.065  2249  2249 D QtiGsmDCT: [1]NETWORK_STATE_CHANGED_ACTION: mIsWifiConnected=false
09-27 14:57:49.088  2249  2249 D QtiGsmDCT: [0]screen on
09-27 14:57:49.088  2249  2249 D QtiGsmDCT: [0]stopNetStatPoll
09-27 14:57:49.088  2249  2249 D SubscriptionController: [getSubId]- numSubIds == 0, return DummySubIds slotIdx=0
09-27 14:57:49.089  2249  2249 D QtiSubscriptionController: getPhoneId, received dummy subId 2147483643
09-27 14:57:49.091  2249  2249 D SubscriptionController: [getSubId]- numSubIds == 0, return DummySubIds slotIdx=0
09-27 14:57:49.092  2249  2249 D QtiSubscriptionController: getPhoneId, received dummy subId 2147483643
09-27 14:57:49.103  2249  2249 D QtiGsmDCT: [1]screen on
09-27 14:57:49.103  2249  2249 D QtiGsmDCT: [1]stopNetStatPoll
09-27 14:57:49.111  2249  2249 D QtiGsmDCT: [1]startNetStatPoll
09-27 14:57:49.890  2249  2249 D QtiGsmDCT: [0]NETWORK_STATE_CHANGED_ACTION: mIsWifiConnected=false
09-27 14:57:49.891  2249  2249 D QtiGsmDCT: [1]NETWORK_STATE_CHANGED_ACTION: mIsWifiConnected=false
09-27 14:57:59.673  2249  2262 D RILJ    : [3949]> RIL_REQUEST_GET_CELL_INFO_LIST [SUB0]
09-27 14:57:59.688  2249  2308 D RilRequest: [3949]< RIL_REQUEST_GET_CELL_INFO_LIST error: com.android.internal.telephony.CommandException: SYSTEM_ERR ret=
09-27 14:57:59.688  2249  2249 D SST     : EVENT_GET_CELL_INFO_LIST: error ret null, e=com.android.internal.telephony.CommandException: SYSTEM_ERR
09-27 14:57:59.689  2249  2262 D SST     : SST.getAllCellInfo(): X size=0 list=null
09-27 14:57:59.690  2249  2262 D RILJ    : [3950]> RIL_REQUEST_GET_CELL_INFO_LIST [SUB1]
09-27 14:57:59.706  2249  2312 D RILJ    : [3950]< RIL_REQUEST_GET_CELL_INFO_LIST [CellInfoLte:{mRegistered=YES mTimeStampType=oem_ril mTimeStamp=286182986190ns CellIdentityLte:{ mMcc=460 mMnc=0 mCi=27521057 mPci=429 mTac=6338 mEarfcn=38950} CellSignalStrengthLte: ss=21 rsrp=-99 rsrq=-5 rssnr=2147483647 cqi=2147483647 ta=20}, CellInfoLte:{mRegistered=NO mTimeStampType=oem_ril mTimeStamp=286182986190ns CellIdentityLte:{ mMcc=2147483647 mMnc=2147483647 mCi=2147483647 mPci=2147483647 mTac=2147483647 mEarfcn=2147483647} CellSignalStrengthLte: ss=5 rsrp=-126 rsrq=-15 rssnr=2147483647 cqi=2147483647 ta=2147483647}] [SUB1]
09-27 14:57:59.707  2249  2262 D SST     : SST.getAllCellInfo(): return last, back to back calls
09-27 14:58:00.714  2249  3218 D SubscriptionController: [getActiveSubscriptionInfo]+ subId=1 subInfo={id=1, iccId=898600120917 simSlotIndex=1 displayName=China Mobile carrierName=CMCC  China Mobile nameSource=0 iconTint=-16746133 dataRoaming=0 iconBitmap=android.graphics.Bitmap@3378b16 mcc 460 mnc 2}
09-27 14:58:00.722  2249  2564 D SubscriptionController: [getSubId]- numSubIds == 0, return DummySubIds slotIdx=0
09-27 14:58:00.745  2249  3181 D SubscriptionController: [getActiveSubscriptionInfo]+ subId=1 subInfo={id=1, iccId=898600120917 simSlotIndex=1 displayName=China Mobile carrierName=CMCC  China Mobile nameSource=0 iconTint=-16746133 dataRoaming=0 iconBitmap=android.graphics.Bitmap@12ba66d mcc 460 mnc 2}
09-27 14:58:00.751  2249  2262 D SubscriptionController: [getSubId]- numSubIds == 0, return DummySubIds slotIdx=0
09-27 14:58:00.777  2249  2565 D SubscriptionController: [getActiveSubscriptionInfo]+ subId=1 subInfo={id=1, iccId=898600120917 simSlotIndex=1 displayName=China Mobile carrierName=CMCC  China Mobile nameSource=0 iconTint=-16746133 dataRoaming=0 iconBitmap=android.graphics.Bitmap@c51def0 mcc 460 mnc 2}
09-27 14:58:00.785  2249  3218 D SubscriptionController: [getSubId]- numSubIds == 0, return DummySubIds slotIdx=0
09-27 14:58:00.815  2249  2261 D SubscriptionController: [getActiveSubscriptionInfo]+ subId=1 subInfo={id=1, iccId=898600120917 simSlotIndex=1 displayName=China Mobile carrierName=CMCC  China Mobile nameSource=0 iconTint=-16746133 dataRoaming=0 iconBitmap=android.graphics.Bitmap@7cf078f mcc 460 mnc 2}
09-27 14:58:00.824  2249  3181 D SubscriptionController: [getSubId]- numSubIds == 0, return DummySubIds slotIdx=0
09-27 14:58:01.456  2249  3218 D SubscriptionController: [getPhoneId]- subId=0 not found return default phoneId=0
09-27 14:58:01.459  2249  2261 D SubscriptionController: [getPhoneId]- subId=0 not found return default phoneId=0
09-27 14:58:01.473  2249  2249 D QtiGsmDCT: [0]screen off
09-27 14:58:01.473  2249  2249 D QtiGsmDCT: [0]stopNetStatPoll
09-27 14:58:01.473  2249  2249 D SubscriptionController: [getSubId]- numSubIds == 0, return DummySubIds slotIdx=0
09-27 14:58:01.474  2249  2249 D QtiSubscriptionController: getPhoneId, received dummy subId 2147483643
09-27 14:58:01.475  2249  2249 D SubscriptionController: [getSubId]- numSubIds == 0, return DummySubIds slotIdx=0
09-27 14:58:01.479  2249  2249 D QtiSubscriptionController: getPhoneId, received dummy subId 2147483643
09-27 14:58:01.483  2249  2262 D SubscriptionController: [getPhoneId]- subId=0 not found return default phoneId=0
09-27 14:58:01.483  2249  2249 D QtiGsmDCT: [1]screen off
09-27 14:58:01.483  2249  2249 D QtiGsmDCT: [1]stopNetStatPoll
09-27 14:58:01.485  2249  6709 D SubscriptionController: [getPhoneId]- subId=0 not found return default phoneId=0
09-27 14:58:01.487  2249  2249 D QtiGsmDCT: [1]startNetStatPoll
09-27 14:58:02.968  2249  2249 D QtiGsmDCT: [0]screen on
09-27 14:58:02.968  2249  2249 D QtiGsmDCT: [0]stopNetStatPoll
09-27 14:58:02.968  2249  2249 D SubscriptionController: [getSubId]- numSubIds == 0, return DummySubIds slotIdx=0
09-27 14:58:02.972  2249  2249 D QtiSubscriptionController: getPhoneId, received dummy subId 2147483643
09-27 14:58:02.974  2249  2249 D SubscriptionController: [getSubId]- numSubIds == 0, return DummySubIds slotIdx=0
09-27 14:58:02.977  2249  2249 D QtiSubscriptionController: getPhoneId, received dummy subId 2147483643
09-27 14:58:02.983  2249  2249 D QtiGsmDCT: [1]screen on
09-27 14:58:02.983  2249  2249 D QtiGsmDCT: [1]stopNetStatPoll
09-27 14:58:02.986  2249  2249 D QtiGsmDCT: [1]startNetStatPoll
09-27 14:58:08.669  2249  2332 D SubscriptionController: [getPhoneId]- subId=0 not found return default phoneId=0
09-27 14:58:08.674  2249  2331 D SubscriptionController: [getPhoneId]- subId=0 not found return default phoneId=0
09-27 14:58:08.682  2249  2261 D SubscriptionController: [getSubId]- numSubIds == 0, return DummySubIds slotIdx=0
09-27 14:58:08.886  6385  6385 D PhoneNumberUtils: slotId:1 subId:1 country:null useExactMatch:true emergencyNumbers: 112,000,08,118,122,911,999,119,120,110,*911,#911
09-27 14:58:08.932  6385  6385 D PhoneNumberUtils: slotId:1 subId:1 country:null useExactMatch:true emergencyNumbers: 112,000,08,118,122,911,999,119,120,110,*911,#911
09-27 14:58:08.940  2249  2249 D QtiGsmDCT: [0]NETWORK_STATE_CHANGED_ACTION: mIsWifiConnected=false
09-27 14:58:08.940  2249  2249 D QtiGsmDCT: [1]NETWORK_STATE_CHANGED_ACTION: mIsWifiConnected=false
09-27 14:58:08.952  6385  6385 D PhoneNumberUtils: slotId:1 subId:1 country:null useExactMatch:true emergencyNumbers: 112,000,08,118,122,911,999,119,120,110,*911,#911
09-27 14:58:08.973  6385  6385 D PhoneNumberUtils: slotId:1 subId:1 country:null useExactMatch:true emergencyNumbers: 112,000,08,118,122,911,999,119,120,110,*911,#911
09-27 14:58:09.040  6385  6385 D PhoneNumberUtils: slotId:1 subId:1 country:null useExactMatch:true emergencyNumbers: 112,000,08,118,122,911,999,119,120,110,*911,#911
09-27 14:58:09.750  2249  2249 D QtiGsmDCT: [0]NETWORK_STATE_CHANGED_ACTION: mIsWifiConnected=false
09-27 14:58:09.750  2249  2249 D QtiGsmDCT: [1]NETWORK_STATE_CHANGED_ACTION: mIsWifiConnected=false
09-27 14:58:22.415  2249  2249 D SubscriptionController: [getActiveSubscriptionInfoForSimSlotIndex]+ slotIdx=1 subId={id=1, iccId=898600120917 simSlotIndex=1 displayName=China Mobile carrierName=CMCC  China Mobile nameSource=0 iconTint=-16746133 dataRoaming=0 iconBitmap=android.graphics.Bitmap@6c483fa mcc 460 mnc 2}
09-27 14:58:29.058  2249  2249 D QtiGsmDCT: [0]NETWORK_STATE_CHANGED_ACTION: mIsWifiConnected=false
09-27 14:58:29.058  2249  2249 D QtiGsmDCT: [1]NETWORK_STATE_CHANGED_ACTION: mIsWifiConnected=false
09-27 14:58:29.871  2249  2249 D QtiGsmDCT: [0]NETWORK_STATE_CHANGED_ACTION: mIsWifiConnected=false
09-27 14:58:29.872  2249  2249 D QtiGsmDCT: [1]NETWORK_STATE_CHANGED_ACTION: mIsWifiConnected=false
09-27 14:58:32.427  2249  2249 D SubscriptionController: [getActiveSubscriptionInfoForSimSlotIndex]+ slotIdx=1 subId={id=1, iccId=898600120917 simSlotIndex=1 displayName=China Mobile carrierName=CMCC  China Mobile nameSource=0 iconTint=-16746133 dataRoaming=0 iconBitmap=android.graphics.Bitmap@1f30fa1 mcc 460 mnc 2}
09-27 14:58:58.367  2249  2249 D QtiGsmDCT: [0]NETWORK_STATE_CHANGED_ACTION: mIsWifiConnected=false
09-27 14:58:58.369  2249  2249 D QtiGsmDCT: [1]NETWORK_STATE_CHANGED_ACTION: mIsWifiConnected=false
09-27 14:58:59.215  2249  2249 D QtiGsmDCT: [0]NETWORK_STATE_CHANGED_ACTION: mIsWifiConnected=false
09-27 14:58:59.217  2249  2249 D QtiGsmDCT: [1]NETWORK_STATE_CHANGED_ACTION: mIsWifiConnected=false
09-27 14:59:00.064  6385  6385 D PhoneNumberUtils: slotId:1 subId:1 country:null useExactMatch:true emergencyNumbers: 112,000,08,118,122,911,999,119,120,110,*911,#911
09-27 14:59:00.080  6385  6385 D PhoneNumberUtils: slotId:1 subId:1 country:null useExactMatch:true emergencyNumbers: 112,000,08,118,122,911,999,119,120,110,*911,#911
09-27 14:59:00.097  6385  6385 D PhoneNumberUtils: slotId:1 subId:1 country:null useExactMatch:true emergencyNumbers: 112,000,08,118,122,911,999,119,120,110,*911,#911
09-27 14:59:00.110  6385  6385 D PhoneNumberUtils: slotId:1 subId:1 country:null useExactMatch:true emergencyNumbers: 112,000,08,118,122,911,999,119,120,110,*911,#911
09-27 14:59:00.124  6385  6385 D PhoneNumberUtils: slotId:1 subId:1 country:null useExactMatch:true emergencyNumbers: 112,000,08,118,122,911,999,119,120,110,*911,#911
09-27 14:59:02.478  2249  2249 D SubscriptionController: [getActiveSubscriptionInfoForSimSlotIndex]+ slotIdx=1 subId={id=1, iccId=898600120917 simSlotIndex=1 displayName=China Mobile carrierName=CMCC  China Mobile nameSource=0 iconTint=-16746133 dataRoaming=0 iconBitmap=android.graphics.Bitmap@3b9852 mcc 460 mnc 2}
09-27 14:59:08.873  2249  2564 D SubscriptionController: [getActiveSubscriptionInfo]+ subId=1 subInfo={id=1, iccId=898600120917 simSlotIndex=1 displayName=China Mobile carrierName=CMCC  China Mobile nameSource=0 iconTint=-16746133 dataRoaming=0 iconBitmap=android.graphics.Bitmap@50d11d9 mcc 460 mnc 2}
09-27 14:59:08.879  2249  2262 D SubscriptionController: [getSubId]- numSubIds == 0, return DummySubIds slotIdx=0
09-27 14:59:08.916  2249  2261 D SubscriptionController: [getActiveSubscriptionInfo]+ subId=1 subInfo={id=1, iccId=898600120917 simSlotIndex=1 displayName=China Mobile carrierName=CMCC  China Mobile nameSource=0 iconTint=-16746133 dataRoaming=0 iconBitmap=android.graphics.Bitmap@952224c mcc 460 mnc 2}
09-27 14:59:08.926  2249  2331 D SubscriptionController: [getSubId]- numSubIds == 0, return DummySubIds slotIdx=0
09-27 14:59:08.949  2249  6709 D SubscriptionController: [getActiveSubscriptionInfo]+ subId=1 subInfo={id=1, iccId=898600120917 simSlotIndex=1 displayName=China Mobile carrierName=CMCC  China Mobile nameSource=0 iconTint=-16746133 dataRoaming=0 iconBitmap=android.graphics.Bitmap@e62379b mcc 460 mnc 2}
09-27 14:59:08.955  2249  2564 D SubscriptionController: [getSubId]- numSubIds == 0, return DummySubIds slotIdx=0
09-27 14:59:09.122  2249  2249 D QtiGsmDCT: [0]NETWORK_STATE_CHANGED_ACTION: mIsWifiConnected=false
09-27 14:59:09.125  2249  2249 D QtiGsmDCT: [1]NETWORK_STATE_CHANGED_ACTION: mIsWifiConnected=false
09-27 14:59:09.133  2249  2249 D QtiGsmDCT: [0]Data stall alarm
09-27 14:59:09.133  2249  2249 D QtiGsmDCT: [0]QtiDcTracker handleMessage msg={ when=0 what=270353 arg1=46864 obj=com.android.internal.telephony.data-stall target=com.qualcomm.qti.internal.telephony.dataconnection.QtiDcTracker }
09-27 14:59:09.133  2249  2249 D QtiGsmDCT: [0]onDataStallAlarm: ignore, tag=46864 expecting 46513
09-27 14:59:09.160  2249  2249 D QtiGsmDCT: [1]Data stall alarm
09-27 14:59:09.160  2249  2249 D QtiGsmDCT: [1]QtiDcTracker handleMessage msg={ when=0 what=270353 arg1=46864 obj=com.android.internal.telephony.data-stall target=com.qualcomm.qti.internal.telephony.dataconnection.QtiDcTracker }
09-27 14:59:09.520  2249  2249 D QtiGsmDCT: [0]screen off
09-27 14:59:09.520  2249  2249 D QtiGsmDCT: [0]stopNetStatPoll
09-27 14:59:09.520  2249  2249 D SubscriptionController: [getSubId]- numSubIds == 0, return DummySubIds slotIdx=0
09-27 14:59:09.522  2249  2249 D QtiSubscriptionController: getPhoneId, received dummy subId 2147483643
09-27 14:59:09.523  2249  2249 D SubscriptionController: [getSubId]- numSubIds == 0, return DummySubIds slotIdx=0
09-27 14:59:09.525  2249  2249 D QtiSubscriptionController: getPhoneId, received dummy subId 2147483643
09-27 14:59:09.528  2249  2249 D QtiGsmDCT: [1]screen off
09-27 14:59:09.528  2249  2249 D QtiGsmDCT: [1]stopNetStatPoll
09-27 14:59:09.531  2249  2249 D QtiGsmDCT: [1]startNetStatPoll
09-27 14:59:09.845  2249  2249 D QtiGsmDCT: [0]NETWORK_STATE_CHANGED_ACTION: mIsWifiConnected=false
09-27 14:59:09.848  2249  2249 D QtiGsmDCT: [1]NETWORK_STATE_CHANGED_ACTION: mIsWifiConnected=false
09-27 14:59:10.596  2249  2249 D QtiGsmDCT: [0]screen on
09-27 14:59:10.596  2249  2249 D QtiGsmDCT: [0]stopNetStatPoll
09-27 14:59:10.596  2249  2249 D SubscriptionController: [getSubId]- numSubIds == 0, return DummySubIds slotIdx=0
09-27 14:59:10.598  2249  2249 D QtiSubscriptionController: getPhoneId, received dummy subId 2147483643
09-27 14:59:10.599  2249  2249 D SubscriptionController: [getSubId]- numSubIds == 0, return DummySubIds slotIdx=0
09-27 14:59:10.604  2249  2249 D QtiSubscriptionController: getPhoneId, received dummy subId 2147483643
09-27 14:59:10.610  2249  2249 D QtiGsmDCT: [1]screen on
09-27 14:59:10.610  2249  2249 D QtiGsmDCT: [1]stopNetStatPoll
09-27 14:59:10.613  2249  2249 D QtiGsmDCT: [1]startNetStatPoll
09-27 14:59:10.646  2249  2331 D SubscriptionController: [getSubId]- numSubIds == 0, return DummySubIds slotIdx=0
09-27 14:59:10.789  6385  6385 D PhoneNumberUtils: slotId:1 subId:1 country:null useExactMatch:true emergencyNumbers: 112,000,08,118,122,911,999,119,120,110,*911,#911
09-27 14:59:10.827  6385  6385 D PhoneNumberUtils: slotId:1 subId:1 country:null useExactMatch:true emergencyNumbers: 112,000,08,118,122,911,999,119,120,110,*911,#911
09-27 14:59:10.838  6385  6385 D PhoneNumberUtils: slotId:1 subId:1 country:null useExactMatch:true emergencyNumbers: 112,000,08,118,122,911,999,119,120,110,*911,#911
09-27 14:59:10.851  6385  6385 D PhoneNumberUtils: slotId:1 subId:1 country:null useExactMatch:true emergencyNumbers: 112,000,08,118,122,911,999,119,120,110,*911,#911
09-27 14:59:10.906  6385  6385 D PhoneNumberUtils: slotId:1 subId:1 country:null useExactMatch:true emergencyNumbers: 112,000,08,118,122,911,999,119,120,110,*911,#911
09-27 14:59:12.525  2249  2249 D SubscriptionController: [getActiveSubscriptionInfoForSimSlotIndex]+ slotIdx=1 subId={id=1, iccId=898600120917 simSlotIndex=1 displayName=China Mobile carrierName=CMCC  China Mobile nameSource=0 iconTint=-16746133 dataRoaming=0 iconBitmap=android.graphics.Bitmap@c306ee4 mcc 460 mnc 2}
09-27 14:59:26.822  2249  3181 D RILJ    : [3951]> RIL_REQUEST_GET_CELL_INFO_LIST [SUB0]
09-27 14:59:26.830  2249  2308 D RilRequest: [3951]< RIL_REQUEST_GET_CELL_INFO_LIST error: com.android.internal.telephony.CommandException: SYSTEM_ERR ret=
09-27 14:59:26.830  2249  2249 D SST     : EVENT_GET_CELL_INFO_LIST: error ret null, e=com.android.internal.telephony.CommandException: SYSTEM_ERR
09-27 14:59:26.831  2249  3181 D SST     : SST.getAllCellInfo(): X size=0 list=null
09-27 14:59:26.831  2249  3181 D RILJ    : [3952]> RIL_REQUEST_GET_CELL_INFO_LIST [SUB1]
09-27 14:59:26.840  2249  2312 D RILJ    : [3952]< RIL_REQUEST_GET_CELL_INFO_LIST [CellInfoLte:{mRegistered=YES mTimeStampType=oem_ril mTimeStamp=373318718449ns CellIdentityLte:{ mMcc=460 mMnc=0 mCi=27521057 mPci=429 mTac=6338 mEarfcn=38950} CellSignalStrengthLte: ss=21 rsrp=-97 rsrq=-4 rssnr=2147483647 cqi=2147483647 ta=20}] [SUB1]
09-27 14:59:26.841  2249  3181 D SST     : SST.getAllCellInfo(): return last, back to back calls
09-27 14:59:29.113  2249  2249 D QtiGsmDCT: [0]NETWORK_STATE_CHANGED_ACTION: mIsWifiConnected=false
09-27 14:59:29.113  2249  2249 D QtiGsmDCT: [1]NETWORK_STATE_CHANGED_ACTION: mIsWifiConnected=false
09-27 14:59:29.916  2249  2249 D QtiGsmDCT: [0]NETWORK_STATE_CHANGED_ACTION: mIsWifiConnected=false
09-27 14:59:29.916  2249  2249 D QtiGsmDCT: [1]NETWORK_STATE_CHANGED_ACTION: mIsWifiConnected=false
09-27 14:59:42.572  2249  2249 D SubscriptionController: [getActiveSubscriptionInfoForSimSlotIndex]+ slotIdx=1 subId={id=1, iccId=898600120917 simSlotIndex=1 displayName=China Mobile carrierName=CMCC  China Mobile nameSource=0 iconTint=-16746133 dataRoaming=0 iconBitmap=android.graphics.Bitmap@c05ff13 mcc 460 mnc 2}
09-27 14:59:49.133  2249  2249 D QtiGsmDCT: [0]NETWORK_STATE_CHANGED_ACTION: mIsWifiConnected=false
09-27 14:59:49.135  2249  2249 D QtiGsmDCT: [1]NETWORK_STATE_CHANGED_ACTION: mIsWifiConnected=false
09-27 14:59:49.962  2249  2249 D QtiGsmDCT: [0]NETWORK_STATE_CHANGED_ACTION: mIsWifiConnected=false
09-27 14:59:49.962  2249  2249 D QtiGsmDCT: [1]NETWORK_STATE_CHANGED_ACTION: mIsWifiConnected=false
09-27 14:59:52.572  2249  2249 D SubscriptionController: [getActiveSubscriptionInfoForSimSlotIndex]+ slotIdx=1 subId={id=1, iccId=898600120917 simSlotIndex=1 displayName=China Mobile carrierName=CMCC  China Mobile nameSource=0 iconTint=-16746133 dataRoaming=0 iconBitmap=android.graphics.Bitmap@ada744e mcc 460 mnc 2}
09-27 15:00:00.068  6385  6385 D PhoneNumberUtils: slotId:1 subId:1 country:null useExactMatch:true emergencyNumbers: 112,000,08,118,122,911,999,119,120,110,*911,#911
09-27 15:00:00.084  6385  6385 D PhoneNumberUtils: slotId:1 subId:1 country:null useExactMatch:true emergencyNumbers: 112,000,08,118,122,911,999,119,120,110,*911,#911
09-27 15:00:00.097  6385  6385 D PhoneNumberUtils: slotId:1 subId:1 country:null useExactMatch:true emergencyNumbers: 112,000,08,118,122,911,999,119,120,110,*911,#911
09-27 15:00:00.110  6385  6385 D PhoneNumberUtils: slotId:1 subId:1 country:null useExactMatch:true emergencyNumbers: 112,000,08,118,122,911,999,119,120,110,*911,#911
09-27 15:00:00.124  6385  6385 D PhoneNumberUtils: slotId:1 subId:1 country:null useExactMatch:true emergencyNumbers: 112,000,08,118,122,911,999,119,120,110,*911,#911
09-27 15:00:02.607  2249  2249 D SubscriptionController: [getActiveSubscriptionInfoForSimSlotIndex]+ slotIdx=1 subId={id=1, iccId=898600120917 simSlotIndex=1 displayName=China Mobile carrierName=CMCC  China Mobile nameSource=0 iconTint=-16746133 dataRoaming=0 iconBitmap=android.graphics.Bitmap@af7ab05 mcc 460 mnc 2}
09-27 15:00:11.020  2249  3181 D SubscriptionController: [getActiveSubscriptionInfo]+ subId=1 subInfo={id=1, iccId=898600120917 simSlotIndex=1 displayName=China Mobile carrierName=CMCC  China Mobile nameSource=0 iconTint=-16746133 dataRoaming=0 iconBitmap=android.graphics.Bitmap@b28be68 mcc 460 mnc 2}
09-27 15:00:11.038  2249  2564 D SubscriptionController: [getSubId]- numSubIds == 0, return DummySubIds slotIdx=0
09-27 15:00:11.068  2249  2261 D SubscriptionController: [getActiveSubscriptionInfo]+ subId=1 subInfo={id=1, iccId=898600120917 simSlotIndex=1 displayName=China Mobile carrierName=CMCC  China Mobile nameSource=0 iconTint=-16746133 dataRoaming=0 iconBitmap=android.graphics.Bitmap@f6f2767 mcc 460 mnc 2}
09-27 15:00:11.074  2249  2331 D SubscriptionController: [getSubId]- numSubIds == 0, return DummySubIds slotIdx=0
09-27 15:00:11.098  2249  6709 D SubscriptionController: [getActiveSubscriptionInfo]+ subId=1 subInfo={id=1, iccId=898600120917 simSlotIndex=1 displayName=China Mobile carrierName=CMCC  China Mobile nameSource=0 iconTint=-16746133 dataRoaming=0 iconBitmap=android.graphics.Bitmap@ed5a7b2 mcc 460 mnc 2}
09-27 15:00:11.106  2249  3181 D SubscriptionController: [getSubId]- numSubIds == 0, return DummySubIds slotIdx=0
09-27 15:00:11.764  2249  2249 D QtiGsmDCT: [0]screen off
09-27 15:00:11.765  2249  2249 D QtiGsmDCT: [0]stopNetStatPoll
09-27 15:00:11.765  2249  2249 D SubscriptionController: [getSubId]- numSubIds == 0, return DummySubIds slotIdx=0
09-27 15:00:11.767  2249  2249 D QtiSubscriptionController: getPhoneId, received dummy subId 2147483643
09-27 15:00:11.768  2249  2249 D SubscriptionController: [getSubId]- numSubIds == 0, return DummySubIds slotIdx=0
09-27 15:00:11.770  2249  2249 D QtiSubscriptionController: getPhoneId, received dummy subId 2147483643
09-27 15:00:11.773  2249  2249 D QtiGsmDCT: [1]screen off
09-27 15:00:11.774  2249  2249 D QtiGsmDCT: [1]stopNetStatPoll
09-27 15:00:11.776  2249  2249 D QtiGsmDCT: [1]startNetStatPoll
09-27 15:00:12.655  2249  2249 D SubscriptionController: [getActiveSubscriptionInfoForSimSlotIndex]+ slotIdx=1 subId={id=1, iccId=898600120917 simSlotIndex=1 displayName=China Mobile carrierName=CMCC  China Mobile nameSource=0 iconTint=-16746133 dataRoaming=0 iconBitmap=android.graphics.Bitmap@d2470b9 mcc 460 mnc 2}
09-27 15:00:15.684  2249  3218 D SubscriptionController: [getActiveSubscriptionInfo]+ subId=1 subInfo={id=1, iccId=898600120917 simSlotIndex=1 displayName=China Mobile carrierName=CMCC  China Mobile nameSource=0 iconTint=-16746133 dataRoaming=0 iconBitmap=android.graphics.Bitmap@ee4b6ac mcc 460 mnc 2}
09-27 15:00:15.707  2249  2565 D SubscriptionController: [getSubId]- numSubIds == 0, return DummySubIds slotIdx=0
09-27 15:00:16.337  2249  6709 D SubscriptionController: [getPhoneId]- subId=0 not found return default phoneId=0
09-27 15:00:16.340  2249  2565 D SubscriptionController: [getPhoneId]- subId=0 not found return default phoneId=0
09-27 15:00:16.350  2249  3181 D SubscriptionController: [getPhoneId]- subId=0 not found return default phoneId=0
09-27 15:00:16.354  2249  2564 D SubscriptionController: [getPhoneId]- subId=0 not found return default phoneId=0
09-27 15:01:02.742  2249  2249 D SubscriptionController: [getActiveSubscriptionInfoForSimSlotIndex]+ slotIdx=1 subId={id=1, iccId=898600120917 simSlotIndex=1 displayName=China Mobile carrierName=CMCC  China Mobile nameSource=0 iconTint=-16746133 dataRoaming=0 iconBitmap=android.graphics.Bitmap@6db9f7b mcc 460 mnc 2}
09-27 15:01:22.799  2249  2249 D SubscriptionController: [getActiveSubscriptionInfoForSimSlotIndex]+ slotIdx=1 subId={id=1, iccId=898600120917 simSlotIndex=1 displayName=China Mobile carrierName=CMCC  China Mobile nameSource=0 iconTint=-16746133 dataRoaming=0 iconBitmap=android.graphics.Bitmap@8793dd6 mcc 460 mnc 2}
09-27 15:01:42.823  2249  2249 D SubscriptionController: [getActiveSubscriptionInfoForSimSlotIndex]+ slotIdx=1 subId={id=1, iccId=898600120917 simSlotIndex=1 displayName=China Mobile carrierName=CMCC  China Mobile nameSource=0 iconTint=-16746133 dataRoaming=0 iconBitmap=android.graphics.Bitmap@fa4082d mcc 460 mnc 2}
09-27 15:01:52.850  2249  2249 D SubscriptionController: [getActiveSubscriptionInfoForSimSlotIndex]+ slotIdx=1 subId={id=1, iccId=898600120917 simSlotIndex=1 displayName=China Mobile carrierName=CMCC  China Mobile nameSource=0 iconTint=-16746133 dataRoaming=0 iconBitmap=android.graphics.Bitmap@9f7fbb0 mcc 460 mnc 2}
09-27 15:01:58.044  2249  6709 D RILJ    : [3953]> RIL_REQUEST_GET_CELL_INFO_LIST [SUB0]
09-27 15:01:58.057  2249  2308 D RilRequest: [3953]< RIL_REQUEST_GET_CELL_INFO_LIST error: com.android.internal.telephony.CommandException: SYSTEM_ERR ret=
09-27 15:01:58.058  2249  2249 D SST     : EVENT_GET_CELL_INFO_LIST: error ret null, e=com.android.internal.telephony.CommandException: SYSTEM_ERR
09-27 15:01:58.059  2249  6709 D SST     : SST.getAllCellInfo(): X size=0 list=null
09-27 15:01:58.060  2249  6709 D RILJ    : [3954]> RIL_REQUEST_GET_CELL_INFO_LIST [SUB1]
09-27 15:01:58.073  2249  2312 D RILJ    : [3954]< RIL_REQUEST_GET_CELL_INFO_LIST [CellInfoLte:{mRegistered=YES mTimeStampType=oem_ril mTimeStamp=524550858391ns CellIdentityLte:{ mMcc=460 mMnc=0 mCi=27521057 mPci=429 mTac=6338 mEarfcn=38950} CellSignalStrengthLte: ss=21 rsrp=-95 rsrq=-3 rssnr=2147483647 cqi=2147483647 ta=20}] [SUB1]
09-27 15:01:58.075  2249  6709 D SST     : SST.getAllCellInfo(): return last, back to back calls
09-27 15:02:22.907  2249  2249 D SubscriptionController: [getActiveSubscriptionInfoForSimSlotIndex]+ slotIdx=1 subId={id=1, iccId=898600120917 simSlotIndex=1 displayName=China Mobile carrierName=CMCC  China Mobile nameSource=0 iconTint=-16746133 dataRoaming=0 iconBitmap=android.graphics.Bitmap@51e5b4f mcc 460 mnc 2}
09-27 15:02:32.921  2249  2249 D SubscriptionController: [getActiveSubscriptionInfoForSimSlotIndex]+ slotIdx=1 subId={id=1, iccId=898600120917 simSlotIndex=1 displayName=China Mobile carrierName=CMCC  China Mobile nameSource=0 iconTint=-16746133 dataRoaming=0 iconBitmap=android.graphics.Bitmap@61bbaba mcc 460 mnc 2}
09-27 15:02:32.928  2249  2249 D RILJ    : [3955]> RIL_REQUEST_GET_ACTIVITY_INFO [SUB0]
09-27 15:02:32.937  2249  2308 D RILJ    : Modem activity info received: sleepModeTimeMs=246335 idleModeTimeMs=-1550 txModeTimeMs[]=[9483, 4230, 8630, 606, 2325] rxModeTimeMs=214005 [SUB0]
09-27 15:02:32.937  2249  2308 D RILJ    : [3955]< RIL_REQUEST_GET_ACTIVITY_INFO ModemActivityInfo{ mTimestamp=559417 mSleepTimeMs=246335 mIdleTimeMs=-1550 mTxTimeMs[]=[9483, 4230, 8630, 606, 2325] mRxTimeMs=214005 mEnergyUsed=0} [SUB0]
09-27 15:03:02.984  2249  2249 D SubscriptionController: [getActiveSubscriptionInfoForSimSlotIndex]+ slotIdx=1 subId={id=1, iccId=898600120917 simSlotIndex=1 displayName=China Mobile carrierName=CMCC  China Mobile nameSource=0 iconTint=-16746133 dataRoaming=0 iconBitmap=android.graphics.Bitmap@291c561 mcc 460 mnc 2}
09-27 15:03:13.012  2249  2249 D SubscriptionController: [getActiveSubscriptionInfoForSimSlotIndex]+ slotIdx=1 subId={id=1, iccId=898600120917 simSlotIndex=1 displayName=China Mobile carrierName=CMCC  China Mobile nameSource=0 iconTint=-16746133 dataRoaming=0 iconBitmap=android.graphics.Bitmap@564f174 mcc 460 mnc 2}
09-27 15:03:27.264  2249  2249 D SubscriptionController: [getActiveSubscriptionInfoForSimSlotIndex]+ slotIdx=1 subId={id=1, iccId=898600120917 simSlotIndex=1 displayName=China Mobile carrierName=CMCC  China Mobile nameSource=0 iconTint=-16746133 dataRoaming=0 iconBitmap=android.graphics.Bitmap@699b0e0 mcc 460 mnc 2}
09-27 15:03:53.074  2249  2249 D SubscriptionController: [getActiveSubscriptionInfoForSimSlotIndex]+ slotIdx=1 subId={id=1, iccId=898600120917 simSlotIndex=1 displayName=China Mobile carrierName=CMCC  China Mobile nameSource=0 iconTint=-16746133 dataRoaming=0 iconBitmap=android.graphics.Bitmap@cf2b63f mcc 460 mnc 2}
09-27 15:03:58.478  2249  2249 D QtiGsmDCT: [0]NETWORK_STATE_CHANGED_ACTION: mIsWifiConnected=false
09-27 15:03:58.479  2249  2249 D QtiGsmDCT: [1]NETWORK_STATE_CHANGED_ACTION: mIsWifiConnected=false
09-27 15:03:59.336  2249  2249 D QtiGsmDCT: [0]NETWORK_STATE_CHANGED_ACTION: mIsWifiConnected=false
09-27 15:03:59.336  2249  2249 D QtiGsmDCT: [1]NETWORK_STATE_CHANGED_ACTION: mIsWifiConnected=false
09-27 15:04:03.100  2249  2249 D SubscriptionController: [getActiveSubscriptionInfoForSimSlotIndex]+ slotIdx=1 subId={id=1, iccId=898600120917 simSlotIndex=1 displayName=China Mobile carrierName=CMCC  China Mobile nameSource=0 iconTint=-16746133 dataRoaming=0 iconBitmap=android.graphics.Bitmap@938466a mcc 460 mnc 2}
09-27 15:05:24.450  2249  2249 D QtiGsmDCT: [0]NETWORK_STATE_CHANGED_ACTION: mIsWifiConnected=false
09-27 15:05:24.450  2249  2249 D QtiGsmDCT: [1]NETWORK_STATE_CHANGED_ACTION: mIsWifiConnected=false
09-27 15:05:24.492  2249  2249 D QtiGsmDCT: [0]screen on
09-27 15:05:24.492  2249  2249 D QtiGsmDCT: [0]stopNetStatPoll
09-27 15:05:24.492  2249  2249 D SubscriptionController: [getSubId]- numSubIds == 0, return DummySubIds slotIdx=0
09-27 15:05:24.494  2249  2249 D QtiSubscriptionController: getPhoneId, received dummy subId 2147483643
09-27 15:05:24.495  2249  2249 D SubscriptionController: [getSubId]- numSubIds == 0, return DummySubIds slotIdx=0
09-27 15:05:24.497  2249  2249 D QtiSubscriptionController: getPhoneId, received dummy subId 2147483643
09-27 15:05:24.503  2249  2249 D QtiGsmDCT: [1]screen on
09-27 15:05:24.503  2249  2249 D QtiGsmDCT: [1]stopNetStatPoll
09-27 15:05:24.506  2249  2249 D QtiGsmDCT: [1]startNetStatPoll
09-27 15:05:25.219  2249  2249 D QtiGsmDCT: [0]NETWORK_STATE_CHANGED_ACTION: mIsWifiConnected=false
09-27 15:05:25.221  2249  2249 D QtiGsmDCT: [1]NETWORK_STATE_CHANGED_ACTION: mIsWifiConnected=false
09-27 15:05:41.850  2249  2331 D SubscriptionController: [getActiveSubscriptionInfo]+ subId=1 subInfo={id=1, iccId=898600120917 simSlotIndex=1 displayName=China Mobile carrierName=CMCC  China Mobile nameSource=0 iconTint=-16746133 dataRoaming=0 iconBitmap=android.graphics.Bitmap@a8b2e37 mcc 460 mnc 2}
09-27 15:05:41.858  2249  2262 D SubscriptionController: [getSubId]- numSubIds == 0, return DummySubIds slotIdx=0
09-27 15:05:41.880  2249  2261 D SubscriptionController: [getActiveSubscriptionInfo]+ subId=1 subInfo={id=1, iccId=898600120917 simSlotIndex=1 displayName=China Mobile carrierName=CMCC  China Mobile nameSource=0 iconTint=-16746133 dataRoaming=0 iconBitmap=android.graphics.Bitmap@23738c2 mcc 460 mnc 2}
09-27 15:05:41.887  2249  3218 D SubscriptionController: [getSubId]- numSubIds == 0, return DummySubIds slotIdx=0
09-27 15:05:41.908  2249  3181 D SubscriptionController: [getActiveSubscriptionInfo]+ subId=1 subInfo={id=1, iccId=898600120917 simSlotIndex=1 displayName=China Mobile carrierName=CMCC  China Mobile nameSource=0 iconTint=-16746133 dataRoaming=0 iconBitmap=android.graphics.Bitmap@c77c109 mcc 460 mnc 2}
09-27 15:05:41.914  2249  2331 D SubscriptionController: [getSubId]- numSubIds == 0, return DummySubIds slotIdx=0
09-27 15:05:41.942  2249  6709 D SubscriptionController: [getActiveSubscriptionInfo]+ subId=1 subInfo={id=1, iccId=898600120917 simSlotIndex=1 displayName=China Mobile carrierName=CMCC  China Mobile nameSource=0 iconTint=-16746133 dataRoaming=0 iconBitmap=android.graphics.Bitmap@ad73f3c mcc 460 mnc 2}
09-27 15:05:41.951  2249  2261 D SubscriptionController: [getSubId]- numSubIds == 0, return DummySubIds slotIdx=0
09-27 15:05:42.550  2249  2332 D SubscriptionController: [getPhoneId]- subId=0 not found return default phoneId=0
09-27 15:05:42.552  2249  2565 D SubscriptionController: [getPhoneId]- subId=0 not found return default phoneId=0
09-27 15:05:42.563  2249  2249 D QtiGsmDCT: [0]screen off
09-27 15:05:42.563  2249  2249 D QtiGsmDCT: [0]stopNetStatPoll
09-27 15:05:42.563  2249  2249 D SubscriptionController: [getSubId]- numSubIds == 0, return DummySubIds slotIdx=0
09-27 15:05:42.567  2249  2249 D QtiSubscriptionController: getPhoneId, received dummy subId 2147483643
09-27 15:05:42.568  2249  2249 D SubscriptionController: [getSubId]- numSubIds == 0, return DummySubIds slotIdx=0
09-27 15:05:42.570  2249  2249 D QtiSubscriptionController: getPhoneId, received dummy subId 2147483643
09-27 15:05:42.574  2249  2249 D QtiGsmDCT: [1]screen off
09-27 15:05:42.574  2249  2249 D QtiGsmDCT: [1]stopNetStatPoll
09-27 15:05:42.574  2249  2331 D SubscriptionController: [getPhoneId]- subId=0 not found return default phoneId=0
09-27 15:05:42.576  2249  2261 D SubscriptionController: [getPhoneId]- subId=0 not found return default phoneId=0
09-27 15:05:42.580  2249  2249 D QtiGsmDCT: [1]startNetStatPoll
09-27 15:05:44.358  2249  2249 D QtiGsmDCT: [0]screen on
09-27 15:05:44.358  2249  2249 D QtiGsmDCT: [0]stopNetStatPoll
09-27 15:05:44.358  2249  2249 D SubscriptionController: [getSubId]- numSubIds == 0, return DummySubIds slotIdx=0
09-27 15:05:44.360  2249  2249 D QtiSubscriptionController: getPhoneId, received dummy subId 2147483643
09-27 15:05:44.361  2249  2249 D SubscriptionController: [getSubId]- numSubIds == 0, return DummySubIds slotIdx=0
09-27 15:05:44.362  2249  2249 D QtiSubscriptionController: getPhoneId, received dummy subId 2147483643
09-27 15:05:44.365  2249  2249 D QtiGsmDCT: [1]screen on
09-27 15:05:44.365  2249  2249 D QtiGsmDCT: [1]stopNetStatPoll
09-27 15:05:44.369  2249  2249 D QtiGsmDCT: [1]startNetStatPoll
09-27 15:05:44.479  2249  2249 D QtiGsmDCT: [0]NETWORK_STATE_CHANGED_ACTION: mIsWifiConnected=false
09-27 15:05:44.480  2249  2249 D QtiGsmDCT: [1]NETWORK_STATE_CHANGED_ACTION: mIsWifiConnected=false
09-27 15:05:45.226  2249  2249 D QtiGsmDCT: [0]NETWORK_STATE_CHANGED_ACTION: mIsWifiConnected=false
09-27 15:05:45.226  2249  2249 D QtiGsmDCT: [1]NETWORK_STATE_CHANGED_ACTION: mIsWifiConnected=false
09-27 15:05:47.370  2249  2261 D SubscriptionController: [getSubId]- numSubIds == 0, return DummySubIds slotIdx=0
09-27 15:05:47.394  2249  2332 D SubscriptionController: [getPhoneId]- subId=0 not found return default phoneId=0
09-27 15:05:47.399  2249  2332 D SubscriptionController: [getPhoneId]- subId=0 not found return default phoneId=0
09-27 15:05:47.506  2249  2249 D QtiGsmDCT: [0]NETWORK_STATE_CHANGED_ACTION: mIsWifiConnected=false
09-27 15:05:47.508  2249  2249 D QtiGsmDCT: [1]NETWORK_STATE_CHANGED_ACTION: mIsWifiConnected=false
09-27 15:05:47.570  6385  6385 D PhoneNumberUtils: slotId:1 subId:1 country:null useExactMatch:true emergencyNumbers: 112,000,08,118,122,911,999,119,120,110,*911,#911
09-27 15:05:47.609  6385  6385 D PhoneNumberUtils: slotId:1 subId:1 country:null useExactMatch:true emergencyNumbers: 112,000,08,118,122,911,999,119,120,110,*911,#911
09-27 15:05:47.621  6385  6385 D PhoneNumberUtils: slotId:1 subId:1 country:null useExactMatch:true emergencyNumbers: 112,000,08,118,122,911,999,119,120,110,*911,#911
09-27 15:05:47.631  6385  6385 D PhoneNumberUtils: slotId:1 subId:1 country:null useExactMatch:true emergencyNumbers: 112,000,08,118,122,911,999,119,120,110,*911,#911
09-27 15:05:47.689  6385  6385 D PhoneNumberUtils: slotId:1 subId:1 country:null useExactMatch:true emergencyNumbers: 112,000,08,118,122,911,999,119,120,110,*911,#911
09-27 15:05:48.236  2249  2249 D QtiGsmDCT: [0]NETWORK_STATE_CHANGED_ACTION: mIsWifiConnected=false
09-27 15:05:48.237  2249  2249 D QtiGsmDCT: [1]NETWORK_STATE_CHANGED_ACTION: mIsWifiConnected=false
09-27 15:05:53.306  2249  2249 D SubscriptionController: [getActiveSubscriptionInfoForSimSlotIndex]+ slotIdx=1 subId={id=1, iccId=898600120917 simSlotIndex=1 displayName=China Mobile carrierName=CMCC  China Mobile nameSource=0 iconTint=-16746133 dataRoaming=0 iconBitmap=android.graphics.Bitmap@3efed4b mcc 460 mnc 2}
09-27 15:05:59.775   939  1023 I RILQ    : (1/939):RIL[1][event] qcril_qmi_voice_all_call_status_ind_hdlr: call state INCOMING for conn id 1
09-27 15:05:59.776   939  1023 I RILQ    : (1/939):RIL[1][event] qcril_qmi_voice_voip_create_call_info_entry: Created call info entry 0x7f75057400 with call android id 1, qmi id 1, media id 5
09-27 15:05:59.779   939  1023 I RILQ    : (1/939):RIL[1][event] qcril_qmi_get_call_list_to_send: RILVI: calls rep:[qmi call id 1, android call id 1, qmi call state 2] reported/skipped 1/0 calls
09-27 15:05:59.790  2249  2312 D RILJ    : Unsol response received for UNSOL_OEM_HOOK_RAW Sending ack to ril.cpp [SUB1]
09-27 15:05:59.790  2249  2312 V RILJ    : [UNSL]< UNSOL_OEM_HOOK_RAW 514f454d484f4f4bf70308001b000000767369643d3239373831363036343b63616c6c5f73746174653d31 [SUB1]
09-27 15:05:59.793  2249  2312 D RILJ    : Unsol response received for UNSOL_OEM_HOOK_RAW Sending ack to ril.cpp [SUB1]
09-27 15:05:59.793  2249  2312 V RILJ    : [UNSL]< UNSOL_OEM_HOOK_RAW 514f454d484f4f4bf70308001b000000767369643d3239373831363036343b63616c6c5f73746174653d31 [SUB1]
09-27 15:05:59.795   939  1023 I RILQ    : (1/939):RIL[1][event] qcril_qmi_voice_all_call_status_ind_hdlr: RILVIMS: update 1 calls[uncached qmi call id 1, call state 2]
09-27 15:05:59.795   939  1023 I RILQ    : (1/939):RIL[1][event] qcril_qmi_voice_all_call_status_ind_hdlr: call state INCOMING for conn id 1
09-27 15:05:59.797   939  1023 E RILQ    : (1/939): RIL[1][event] qcril_cm_ss_convert_ucs2_to_utf8: Error in converting ucs2 string to utf8
09-27 15:05:59.798  2249  2312 D RILJ    : Unsol response received for UNSOL_OEM_HOOK_RAW Sending ack to ril.cpp [SUB1]
