09-27 15:05:59.798   939  1023 I RILQ    : (1/939):RIL[1][event] qcril_qmi_get_call_list_to_send: RILVI: calls rep:[qmi call id 1, android call id 1, qmi call state 2] reported/skipped 1/0 calls
09-27 15:05:59.798  2249  2312 V RILJ    : [UNSL]< UNSOL_OEM_HOOK_RAW 514f454d484f4f4bf70308001b000000767369643d3239373831363036343b63616c6c5f73746174653d31 [SUB1]
09-27 15:05:59.804  2249  2312 D RILJ    : Unsol response received for UNSOL_OEM_HOOK_RAW Sending ack to ril.cpp [SUB1]
09-27 15:05:59.805  2249  2312 V RILJ    : [UNSL]< UNSOL_OEM_HOOK_RAW 514f454d484f4f4bf70308001b000000767369643d3239373831363036343b63616c6c5f73746174653d31 [SUB1]
09-27 15:05:59.807  2249  2312 D RILJ    : Unsol response received for UNSOL_OEM_HOOK_RAW Sending ack to ril.cpp [SUB1]
09-27 15:05:59.807   939  1023 I RILQ    : (1/939):RIL[1][event] qcril_qmi_voice_all_call_status_ind_hdlr: RILVIMS: update 1 calls[a-c-id: 1, q-c-id 1, c-s 2 -> 2]
09-27 15:05:59.807  2249  2312 V RILJ    : [UNSL]< UNSOL_OEM_HOOK_RAW 514f454d484f4f4bf70308001b000000767369643d3239373831363036343b63616c6c5f73746174653d31 [SUB1]
09-27 15:05:59.807   939  1023 E RILQ    : (1/939): RIL[1][event] qcril_cm_ss_convert_ucs2_to_utf8: Error in converting ucs2 string to utf8
09-27 15:05:59.808   939  1023 I RILQ    : (1/939):RIL[1][event] qcril_qmi_get_call_list_to_send: RILVI: calls rep:[qmi call id 1, android call id 1, qmi call state 2] reported/skipped 1/0 calls
09-27 15:05:59.810  2249  2312 D RILJ    : Unsol response received for UNSOL_OEM_HOOK_RAW Sending ack to ril.cpp [SUB1]
09-27 15:05:59.810  2249  2312 V RILJ    : [UNSL]< UNSOL_OEM_HOOK_RAW 514f454d484f4f4bf70308001b000000767369643d3239373831363036343b63616c6c5f73746174653d31 [SUB1]
09-27 15:05:59.831  2249  2249 D SubscriptionController: [getActiveSubscriptionInfoForSimSlotIndex]+ slotIdx=1 subId={id=1, iccId=898600120917 simSlotIndex=1 displayName=China Mobile carrierName=CMCC  China Mobile nameSource=0 iconTint=-16746133 dataRoaming=0 iconBitmap=android.graphics.Bitmap@9ce1327 mcc 460 mnc 2}
09-27 15:05:59.857  2249  2249 D SubscriptionController: [getActiveSubscriptionInfoForSimSlotIndex]+ slotIdx=1 subId={id=1, iccId=898600120917 simSlotIndex=1 displayName=China Mobile carrierName=CMCC  China Mobile nameSource=0 iconTint=-16746133 dataRoaming=0 iconBitmap=android.graphics.Bitmap@5d35672 mcc 460 mnc 2}
09-27 15:05:59.880  2249  2249 D SubscriptionController: [getActiveSubscriptionInfoForSimSlotIndex]+ slotIdx=1 subId={id=1, iccId=898600120917 simSlotIndex=1 displayName=China Mobile carrierName=CMCC  China Mobile nameSource=0 iconTint=-16746133 dataRoaming=0 iconBitmap=android.graphics.Bitmap@e95fe79 mcc 460 mnc 2}
09-27 15:05:59.901  2249  2249 D SubscriptionController: [getActiveSubscriptionInfoForSimSlotIndex]+ slotIdx=1 subId={id=1, iccId=898600120917 simSlotIndex=1 displayName=China Mobile carrierName=CMCC  China Mobile nameSource=0 iconTint=-16746133 dataRoaming=0 iconBitmap=android.graphics.Bitmap@f06ef6c mcc 460 mnc 2}
09-27 15:05:59.922  2249  2249 D SubscriptionController: [getActiveSubscriptionInfoForSimSlotIndex]+ slotIdx=1 subId={id=1, iccId=898600120917 simSlotIndex=1 displayName=China Mobile carrierName=CMCC  China Mobile nameSource=0 iconTint=-16746133 dataRoaming=0 iconBitmap=android.graphics.Bitmap@67abf3b mcc 460 mnc 2}
09-27 15:06:00.135  2249  2249 D QtiGsmCdmaPhone: handleMessage: Event: 34
09-27 15:06:00.137  2249  2249 D QtiGsmCdmaPhone: handleMessage: Event: 34
09-27 15:06:00.138  2249  2249 D QtiGsmCdmaPhone: handleMessage: Event: 34
09-27 15:06:00.160  2249  2249 D SubscriptionController: [getActiveSubscriptionInfoForSimSlotIndex]+ slotIdx=1 subId={id=1, iccId=898600120917 simSlotIndex=1 displayName=China Mobile carrierName=CMCC  China Mobile nameSource=0 iconTint=-16746133 dataRoaming=0 iconBitmap=android.graphics.Bitmap@bb096 mcc 460 mnc 2}
09-27 15:06:00.183  2249  2249 D SubscriptionController: [getActiveSubscriptionInfoForSimSlotIndex]+ slotIdx=1 subId={id=1, iccId=898600120917 simSlotIndex=1 displayName=China Mobile carrierName=CMCC  China Mobile nameSource=0 iconTint=-16746133 dataRoaming=0 iconBitmap=android.graphics.Bitmap@e3429ed mcc 460 mnc 2}
09-27 15:06:00.204  2249  2249 D SubscriptionController: [getActiveSubscriptionInfoForSimSlotIndex]+ slotIdx=1 subId={id=1, iccId=898600120917 simSlotIndex=1 displayName=China Mobile carrierName=CMCC  China Mobile nameSource=0 iconTint=-16746133 dataRoaming=0 iconBitmap=android.graphics.Bitmap@968d870 mcc 460 mnc 2}
09-27 15:06:00.223  2249  2249 D SubscriptionController: [getActiveSubscriptionInfoForSimSlotIndex]+ slotIdx=1 subId={id=1, iccId=898600120917 simSlotIndex=1 displayName=China Mobile carrierName=CMCC  China Mobile nameSource=0 iconTint=-16746133 dataRoaming=0 iconBitmap=android.graphics.Bitmap@bc76f0f mcc 460 mnc 2}
09-27 15:06:00.257  2249  2249 D QtiGsmCdmaPhone: handleMessage: Event: 34
09-27 15:06:00.258  2249  2249 D QtiGsmCdmaPhone: handleMessage: Event: 34
09-27 15:06:00.259  2249  2249 D QtiGsmCdmaPhone: handleMessage: Event: 34
09-27 15:06:00.280  2249  2249 D SubscriptionController: [getActiveSubscriptionInfoForSimSlotIndex]+ slotIdx=1 subId={id=1, iccId=898600120917 simSlotIndex=1 displayName=China Mobile carrierName=CMCC  China Mobile nameSource=0 iconTint=-16746133 dataRoaming=0 iconBitmap=android.graphics.Bitmap@ae7b17a mcc 460 mnc 2}
09-27 15:06:00.301  2249  2249 D SubscriptionController: [getActiveSubscriptionInfoForSimSlotIndex]+ slotIdx=1 subId={id=1, iccId=898600120917 simSlotIndex=1 displayName=China Mobile carrierName=CMCC  China Mobile nameSource=0 iconTint=-16746133 dataRoaming=0 iconBitmap=android.graphics.Bitmap@bbc3b21 mcc 460 mnc 2}
09-27 15:06:00.324  2249  2249 D SubscriptionController: [getActiveSubscriptionInfoForSimSlotIndex]+ slotIdx=1 subId={id=1, iccId=898600120917 simSlotIndex=1 displayName=China Mobile carrierName=CMCC  China Mobile nameSource=0 iconTint=-16746133 dataRoaming=0 iconBitmap=android.graphics.Bitmap@da33234 mcc 460 mnc 2}
09-27 15:06:00.350  2249  2249 D SubscriptionController: [getActiveSubscriptionInfoForSimSlotIndex]+ slotIdx=1 subId={id=1, iccId=898600120917 simSlotIndex=1 displayName=China Mobile carrierName=CMCC  China Mobile nameSource=0 iconTint=-16746133 dataRoaming=0 iconBitmap=android.graphics.Bitmap@7a8d6a3 mcc 460 mnc 2}
09-27 15:06:00.354  2249  2249 D ImsPhoneCallTracker: [ImsPhoneCallTracker] onReceive : incoming call intent
09-27 15:06:00.355  2249  2249 D ImsPhoneCallTracker: [ImsPhoneCallTracker] onReceive : isUnknown = false fg = IDLE bg = IDLE
09-27 15:06:00.355  2249  2249 D ImsManager: takeCall :: serviceId=1, incomingCall=Intent { act=com.android.ims.IMS_INCOMING_CALL flg=0x10000010 (has extras) }
09-27 15:06:00.357  2249  2249 D ImsPhoneConnection: acquireWakeLock
09-27 15:06:00.361  2249  2249 V ImsPhoneConnection: update localCallProfile={ serviceType=1, callType=7, restrictCause=0, mediaProfile={ audioQuality=2, audioDirection=3, videoQuality=0, videoDirection=-1 } }
09-27 15:06:00.361  2249  2249 W ImsPhoneConnection: applyLocalCallCapabilities - localProfile = { serviceType=1, callType=7, restrictCause=0, mediaProfile={ audioQuality=2, audioDirection=3, videoQuality=0, videoDirection=-1 } }
09-27 15:06:00.361  2249  2249 V ImsPhoneConnection: update remoteCallProfile={ serviceType=1, callType=2, restrictCause=0, mediaProfile={ audioQuality=0, audioDirection=3, videoQuality=0, videoDirection=-1 } }
09-27 15:06:00.361  2249  2249 W ImsPhoneConnection: applyRemoteCallCapabilities - remoteProfile = { serviceType=1, callType=2, restrictCause=0, mediaProfile={ audioQuality=0, audioDirection=3, videoQuality=0, videoDirection=-1 } }
09-27 15:06:00.365  2249  2249 D ImsPhone: notifyIncomingRing
09-27 15:06:00.365  2249  2249 D ImsPhoneCallTracker: [ImsPhoneCallTracker] updatePhoneState pendingMo = null, fg= IDLE(0), bg= IDLE(0)
09-27 15:06:00.365  2249  2249 D ImsPhoneCallTracker: [ImsPhoneCallTracker] updatePhoneState oldState=IDLE, newState=RINGING
09-27 15:06:00.373  2249  2249 D SubscriptionController: [getSubId]- numSubIds == 0, return DummySubIds slotIdx=0
09-27 15:06:00.373  2249  2249 D SubscriptionController: [getSubId]- numSubIds == 0, return DummySubIds slotIdx=0
09-27 15:06:00.417  2249  2249 W PhoneNumberUtils: getCountryIso Country {ISO=CN, source=0, time=182434}
09-27 15:06:00.417  2249  2249 W PhoneNumberUtils: isLocalEmergencyNumberInternalCN
09-27 15:06:00.418  2249  2249 D PhoneNumberUtils: slotId:1 subId:1 country:CN useExactMatch:true emergencyNumbers: 112,000,08,118,122,911,999,119,120,110,*911,#911
09-27 15:06:00.462  2249  2249 D ImsPhone: handleMessage what=14
09-27 15:06:00.463  2249  2249 D Phone   : Event EVENT_CALL_RING Received state=RINGING
09-27 15:06:00.463  2249  2249 D Phone   : Sending notifyIncomingRing
09-27 15:06:00.471  1774  1774 W PhoneNumberUtils: getCountryIso Country {ISO=CN, source=0, time=138283}
09-27 15:06:00.471  1774  1774 W PhoneNumberUtils: isLocalEmergencyNumberInternalCN
09-27 15:06:00.473  1774  1774 D PhoneNumberUtils: slotId:1 subId:1 country:CN useExactMatch:true emergencyNumbers: 112,000,08,118,122,911,999,119,120,110,*911,#911
09-27 15:06:00.494  1774  2322 D CallerInfoAsyncQuery: Processing event: 1 token (arg1): 1 command: 0 query URI: content://com.android.contacts/phone_lookup_enterprise/xxxxxxx
09-27 15:06:00.531  2249  2249 D PhoneNumberUtils: slotId:1 subId:1 country:null useExactMatch:true emergencyNumbers: 112,000,08,118,122,911,999,119,120,110,*911,#911
09-27 15:06:00.532  1774  1774 D CallerInfoAsyncQuery: ##### onQueryComplete() #####   query complete for token: 0
09-27 15:06:00.538  2249  2249 D PhoneNumberUtils: slotId:1 subId:1 country:null useExactMatch:true emergencyNumbers: 112,000,08,118,122,911,999,119,120,110,*911,#911
09-27 15:06:00.551  2249  2249 D PhoneNumberUtils: slotId:1 subId:1 country:null useExactMatch:true emergencyNumbers: 112,000,08,118,122,911,999,119,120,110,*911,#911
09-27 15:06:00.552  2249  2249 W PhoneNumberUtils: getCountryIso Country {ISO=CN, source=0, time=182434}
09-27 15:06:00.552  2249  2249 W PhoneNumberUtils: isLocalEmergencyNumberInternalCN
09-27 15:06:00.553  2249  2249 D PhoneNumberUtils: slotId:1 subId:1 country:CN useExactMatch:true emergencyNumbers: 112,000,08,118,122,911,999,119,120,110,*911,#911
09-27 15:06:00.562  1774  2322 D CallerInfoAsyncQuery: Processing event: 3 token (arg1): 1 command: 0 query URI: 
09-27 15:06:00.562  1774  1774 D CallerInfoAsyncQuery: notifying listener: class com.android.server.telecom.CallerInfoLookupHelper$-com_android_internal_telephony_CallerInfoAsyncQuery$OnQueryCompleteListener_makeCallerInfoQueryListener_android_net_Uri_handle_LambdaImpl0 for token: 0com.android.internal.telephony.CallerInfo@cea3fce { name null, phoneNumber non-null }
09-27 15:06:00.568  2249  2249 D PhoneNumberUtils: slotId:1 subId:1 country:null useExactMatch:true emergencyNumbers: 112,000,08,118,122,911,999,119,120,110,*911,#911
09-27 15:06:00.576  1774  1774 D CallerInfoAsyncQuery: ##### onQueryComplete() #####   query complete for token: 0
09-27 15:06:00.607  1774  1774 W PhoneNumberUtils: getCountryIso Country {ISO=CN, source=0, time=138283}
09-27 15:06:00.607  1774  1774 W PhoneNumberUtils: isLocalEmergencyNumberInternalCN
09-27 15:06:00.608  1774  1774 D PhoneNumberUtils: slotId:1 subId:1 country:CN useExactMatch:true emergencyNumbers: 112,000,08,118,122,911,999,119,120,110,*911,#911
09-27 15:06:00.628  1774  2322 D CallerInfoAsyncQuery: Processing event: 1 token (arg1): 1 command: 0 query URI: content://com.android.contacts/phone_lookup_enterprise/xxxxxxx
09-27 15:06:00.657  1774  1774 D CallerInfoAsyncQuery: ##### onQueryComplete() #####   query complete for token: 0
09-27 15:06:00.683  1774  2322 D CallerInfoAsyncQuery: Processing event: 3 token (arg1): 1 command: 0 query URI: 
09-27 15:06:00.683  1774  1774 D CallerInfoAsyncQuery: notifying listener: class com.android.server.telecom.CallerInfoLookupHelper$-com_android_internal_telephony_CallerInfoAsyncQuery$OnQueryCompleteListener_makeCallerInfoQueryListener_android_net_Uri_handle_LambdaImpl0 for token: 0com.android.internal.telephony.CallerInfo@7148c85 { name null, phoneNumber non-null }
09-27 15:06:00.693  1774  1774 D CallerInfoAsyncQuery: ##### onQueryComplete() #####   query complete for token: 0
09-27 15:06:00.788  2249  2331 D SubscriptionController: [getActiveSubscriptionInfoForSimSlotIndex]+ slotIdx=1 subId={id=1, iccId=898600120917 simSlotIndex=1 displayName=China Mobile carrierName=CMCC  China Mobile nameSource=0 iconTint=-16746133 dataRoaming=0 iconBitmap=android.graphics.Bitmap@6919064 mcc 460 mnc 2}
09-27 15:06:00.807  2249  6709 D SubscriptionController: [getPhoneId] asked for default subId=1
09-27 15:06:00.834  6385  6385 D PhoneNumberUtils: slotId:1 subId:1 country:null useExactMatch:true emergencyNumbers: 112,000,08,118,122,911,999,119,120,110,*911,#911
09-27 15:06:00.837  2249  2565 D PhoneNumberUtils: slotId:1 subId:1 country:null useExactMatch:true emergencyNumbers: 112,000,08,118,122,911,999,119,120,110,*911,#911
09-27 15:06:00.888  2249  6709 W PhoneNumberUtils: getCountryIso Country {ISO=CN, source=0, time=182434}
09-27 15:06:00.888  2249  6709 W PhoneNumberUtils: isLocalEmergencyNumberInternalCN
09-27 15:06:00.889  2249  6709 D PhoneNumberUtils: slotId:1 subId:1 country:CN useExactMatch:true emergencyNumbers: 112,000,08,118,122,911,999,119,120,110,*911,#911
09-27 15:06:00.934  2249  2564 D SubscriptionController: [getActiveSubscriptionInfo]+ subId=1 subInfo={id=1, iccId=898600120917 simSlotIndex=1 displayName=China Mobile carrierName=CMCC  China Mobile nameSource=0 iconTint=-16746133 dataRoaming=0 iconBitmap=android.graphics.Bitmap@2ccae93 mcc 460 mnc 2}
09-27 15:06:01.081  2249  6709 D SubscriptionController: [getActiveSubscriptionInfo]+ subId=1 subInfo={id=1, iccId=898600120917 simSlotIndex=1 displayName=China Mobile carrierName=CMCC  China Mobile nameSource=0 iconTint=-16746133 dataRoaming=0 iconBitmap=android.graphics.Bitmap@fb689ce mcc 460 mnc 2}
09-27 15:06:03.465  2249  2249 D ImsPhone: handleMessage what=15
09-27 15:06:03.465  2249  2249 D Phone   : Event EVENT_CALL_RING_CONTINUE Received state=RINGING
09-27 15:06:03.465  2249  2249 D Phone   : Sending notifyIncomingRing
09-27 15:06:04.488  2249  2249 D QtiGsmDCT: [0]NETWORK_STATE_CHANGED_ACTION: mIsWifiConnected=false
09-27 15:06:04.488  2249  2249 D QtiGsmDCT: [1]NETWORK_STATE_CHANGED_ACTION: mIsWifiConnected=false
09-27 15:06:05.130  2249  2249 D ImsPhoneCallTracker: [ImsPhoneCallTracker] acceptCall
09-27 15:06:05.130  2249  2249 D ImsPhoneCallTracker: [ImsPhoneCallTracker] acceptCall: incoming...
09-27 15:06:05.151  2249  2312 D RILJ    : Unsol response received for UNSOL_OEM_HOOK_RAW Sending ack to ril.cpp [SUB1]
09-27 15:06:05.151  2249  2312 V RILJ    : [UNSL]< UNSOL_OEM_HOOK_RAW 514f454d484f4f4bf703080029000000767369643d3239373831363036343b63616c6c5f73746174653d323b63616c6c5f747970653d4c5445 [SUB1]
09-27 15:06:05.151  2249  2249 D QtiGsmCdmaPhone: handleMessage: Event: 34
09-27 15:06:05.169   939  1023 E RILQ    : (1/939): RIL[1][event] qcril_cm_ss_convert_ucs2_to_utf8: Error in converting ucs2 string to utf8
09-27 15:06:05.169   939  1023 I RILQ    : (1/939):RIL[1][event] qcril_qmi_get_call_list_to_send: RILVI: calls rep:[qmi call id 1, android call id 1, qmi call state 2] reported/skipped 1/0 calls
09-27 15:06:05.173   939  1023 I RILQ    : (1/939):RIL[1][event] qcril_qmi_voice_all_call_status_ind_hdlr: call state CONVERSATION for conn id 1
09-27 15:06:05.180   939  1023 E RILQ    : (1/939): RIL[1][event] qcril_cm_ss_convert_ucs2_to_utf8: Error in converting ucs2 string to utf8
09-27 15:06:05.181   939  1023 I RILQ    : (1/939):RIL[1][event] qcril_qmi_get_call_list_to_send: RILVI: calls rep:[qmi call id 1, android call id 1, qmi call state 3] reported/skipped 1/0 calls
09-27 15:06:05.185   939  1023 I RILQ    : (1/939):RIL[1][event] qcril_qmi_voice_all_call_status_ind_hdlr: RILVIMS: update 1 calls[a-c-id: 1, q-c-id 1, c-s 2 -> 3]
09-27 15:06:05.186  2249  2312 D RILJ    : Unsol response received for UNSOL_OEM_HOOK_RAW Sending ack to ril.cpp [SUB1]
09-27 15:06:05.186  2249  2312 V RILJ    : [UNSL]< UNSOL_OEM_HOOK_RAW 514f454d484f4f4bf703080029000000767369643d3239373831363036343b63616c6c5f73746174653d323b63616c6c5f747970653d4c5445 [SUB1]
09-27 15:06:05.235  2249  2249 D SubscriptionController: [getActiveSubscriptionInfoForSimSlotIndex]+ slotIdx=1 subId={id=1, iccId=898600120917 simSlotIndex=1 displayName=China Mobile carrierName=CMCC  China Mobile nameSource=0 iconTint=-16746133 dataRoaming=0 iconBitmap=android.graphics.Bitmap@9dcde85 mcc 460 mnc 2}
09-27 15:06:05.285  2249  2249 D SubscriptionController: [getActiveSubscriptionInfoForSimSlotIndex]+ slotIdx=1 subId={id=1, iccId=898600120917 simSlotIndex=1 displayName=China Mobile carrierName=CMCC  China Mobile nameSource=0 iconTint=-16746133 dataRoaming=0 iconBitmap=android.graphics.Bitmap@a8827e8 mcc 460 mnc 2}
09-27 15:06:05.325  2249  2249 D SubscriptionController: [getActiveSubscriptionInfoForSimSlotIndex]+ slotIdx=1 subId={id=1, iccId=898600120917 simSlotIndex=1 displayName=China Mobile carrierName=CMCC  China Mobile nameSource=0 iconTint=-16746133 dataRoaming=0 iconBitmap=android.graphics.Bitmap@2debee7 mcc 460 mnc 2}
09-27 15:06:05.349  2249  2249 D SubscriptionController: [getActiveSubscriptionInfoForSimSlotIndex]+ slotIdx=1 subId={id=1, iccId=898600120917 simSlotIndex=1 displayName=China Mobile carrierName=CMCC  China Mobile nameSource=0 iconTint=-16746133 dataRoaming=0 iconBitmap=android.graphics.Bitmap@97dc532 mcc 460 mnc 2}
09-27 15:06:05.353  2249  7570 D ImsPhoneCallTracker: [ImsPhoneCallTracker] onCallUpdated
09-27 15:06:05.353  2249  7570 D ImsPhoneCallTracker: [ImsPhoneCallTracker] processCallStateChange state=INCOMING cause=0 ignoreState=true
09-27 15:06:05.353  2249  7570 V ImsPhoneConnection: update localCallProfile={ serviceType=1, callType=7, restrictCause=0, mediaProfile={ audioQuality=2, audioDirection=3, videoQuality=0, videoDirection=-1 } }
09-27 15:06:05.353  2249  7570 W ImsPhoneConnection: applyLocalCallCapabilities - localProfile = { serviceType=1, callType=7, restrictCause=0, mediaProfile={ audioQuality=2, audioDirection=3, videoQuality=0, videoDirection=-1 } }
09-27 15:06:05.353  2249  7570 V ImsPhoneConnection: update remoteCallProfile={ serviceType=1, callType=2, restrictCause=0, mediaProfile={ audioQuality=0, audioDirection=3, videoQuality=0, videoDirection=-1 } }
09-27 15:06:05.353  2249  7570 W ImsPhoneConnection: applyRemoteCallCapabilities - remoteProfile = { serviceType=1, callType=2, restrictCause=0, mediaProfile={ audioQuality=0, audioDirection=3, videoQuality=0, videoDirection=-1 } }
09-27 15:06:05.354  2249  7570 D ImsPhoneConnection: address = [OdMSRv0jelB1Dnuz84C9J-rf23Q] name =  nump = 1 namep = 3
09-27 15:06:05.355  2249  2249 D QtiGsmCdmaPhone: handleMessage: Event: 34
09-27 15:06:05.382  2249  2249 D SubscriptionController: [getActiveSubscriptionInfoForSimSlotIndex]+ slotIdx=1 subId={id=1, iccId=898600120917 simSlotIndex=1 displayName=China Mobile carrierName=CMCC  China Mobile nameSource=0 iconTint=-16746133 dataRoaming=0 iconBitmap=android.graphics.Bitmap@32b4c39 mcc 460 mnc 2}
09-27 15:06:05.406  2249  2249 D SubscriptionController: [getActiveSubscriptionInfoForSimSlotIndex]+ slotIdx=1 subId={id=1, iccId=898600120917 simSlotIndex=1 displayName=China Mobile carrierName=CMCC  China Mobile nameSource=0 iconTint=-16746133 dataRoaming=0 iconBitmap=android.graphics.Bitmap@86fe82c mcc 460 mnc 2}
09-27 15:06:05.429  2249  2249 D SubscriptionController: [getActiveSubscriptionInfoForSimSlotIndex]+ slotIdx=1 subId={id=1, iccId=898600120917 simSlotIndex=1 displayName=China Mobile carrierName=CMCC  China Mobile nameSource=0 iconTint=-16746133 dataRoaming=0 iconBitmap=android.graphics.Bitmap@a1f9efb mcc 460 mnc 2}
09-27 15:06:05.453  2249  2249 D SubscriptionController: [getActiveSubscriptionInfoForSimSlotIndex]+ slotIdx=1 subId={id=1, iccId=898600120917 simSlotIndex=1 displayName=China Mobile carrierName=CMCC  China Mobile nameSource=0 iconTint=-16746133 dataRoaming=0 iconBitmap=android.graphics.Bitmap@8aee356 mcc 460 mnc 2}
09-27 15:06:05.456  2249  7570 D ImsPhoneCallTracker: [ImsPhoneCallTracker] onCallStarted
09-27 15:06:05.456  2249  7570 D ImsPhoneCallTracker: [ImsPhoneCallTracker] processCallStateChange [ImsCall objId:39857497 onHold:N mute:N tech:14 updateRequest:NONE merging:N merge action pending:N merged:N multiParty:N confHost:N buried term:N wasVideo: N session:[ImsCallSession objId:156974496 state:ESTABLISHED callId:1] transientSession:null] state=ACTIVE cause=0
09-27 15:06:05.456  2249  7570 D ImsPhoneCallTracker: [ImsPhoneCallTracker] processCallStateChange state=ACTIVE cause=0 ignoreState=false
09-27 15:06:05.456  2249  7570 V ImsPhoneConnection: update localCallProfile={ serviceType=1, callType=3, restrictCause=0, mediaProfile={ audioQuality=2, audioDirection=3, videoQuality=0, videoDirection=-1 } }
09-27 15:06:05.456  2249  7570 W ImsPhoneConnection: applyLocalCallCapabilities - localProfile = { serviceType=1, callType=3, restrictCause=0, mediaProfile={ audioQuality=2, audioDirection=3, videoQuality=0, videoDirection=-1 } }
09-27 15:06:05.456  2249  7570 V ImsPhoneConnection: update remoteCallProfile={ serviceType=1, callType=2, restrictCause=0, mediaProfile={ audioQuality=0, audioDirection=3, videoQuality=0, videoDirection=-1 } }
09-27 15:06:05.457  2249  7570 W ImsPhoneConnection: applyRemoteCallCapabilities - remoteProfile = { serviceType=1, callType=2, restrictCause=0, mediaProfile={ audioQuality=0, audioDirection=3, videoQuality=0, videoDirection=-1 } }
09-27 15:06:05.457  2249  7570 D ImsPhoneConnection: onConnectedInOrOut: connectTime=1506495965457
09-27 15:06:05.457  2249  7570 D ImsPhoneConnection: releaseWakeLock
09-27 15:06:05.459  2249  2249 D QtiGsmDCT: [0]NETWORK_STATE_CHANGED_ACTION: mIsWifiConnected=false
09-27 15:06:05.459  2249  2249 D QtiGsmDCT: [1]NETWORK_STATE_CHANGED_ACTION: mIsWifiConnected=false
09-27 15:06:05.462  2249  7570 D ImsPhoneConnection: address = [OdMSRv0jelB1Dnuz84C9J-rf23Q] name =  nump = 1 namep = 3
09-27 15:06:05.462  2249  7570 V ImsPhoneConnection: update localCallProfile={ serviceType=1, callType=3, restrictCause=0, mediaProfile={ audioQuality=2, audioDirection=3, videoQuality=0, videoDirection=-1 } }
09-27 15:06:05.462  2249  7570 W ImsPhoneConnection: applyLocalCallCapabilities - localProfile = { serviceType=1, callType=3, restrictCause=0, mediaProfile={ audioQuality=2, audioDirection=3, videoQuality=0, videoDirection=-1 } }
09-27 15:06:05.462  2249  7570 V ImsPhoneConnection: update remoteCallProfile={ serviceType=1, callType=2, restrictCause=0, mediaProfile={ audioQuality=0, audioDirection=3, videoQuality=0, videoDirection=-1 } }
09-27 15:06:05.462  2249  7570 W ImsPhoneConnection: applyRemoteCallCapabilities - remoteProfile = { serviceType=1, callType=2, restrictCause=0, mediaProfile={ audioQuality=0, audioDirection=3, videoQuality=0, videoDirection=-1 } }
09-27 15:06:05.462  2249  7570 D ImsPhoneCallTracker: [ImsPhoneCallTracker] updatePhoneState pendingMo = null, fg= ACTIVE(1), bg= IDLE(0)
09-27 15:06:05.462  2249  7570 D ImsPhoneCallTracker: [ImsPhoneCallTracker] updatePhoneState oldState=RINGING, newState=OFFHOOK
09-27 15:06:05.468  2249  2249 W PhoneNumberUtils: getCountryIso Country {ISO=CN, source=0, time=182434}
09-27 15:06:05.468  2249  2249 W PhoneNumberUtils: isLocalEmergencyNumberInternalCN
09-27 15:06:05.468  2249  2249 D PhoneNumberUtils: slotId:1 subId:1 country:CN useExactMatch:true emergencyNumbers: 112,000,08,118,122,911,999,119,120,110,*911,#911
09-27 15:06:05.469  2249  7570 D ImsPhoneCallTracker: [ImsPhoneCallTracker] onCallUpdated
09-27 15:06:05.469  2249  7570 D ImsPhoneCallTracker: [ImsPhoneCallTracker] processCallStateChange state=ACTIVE cause=0 ignoreState=true
09-27 15:06:05.470  2249  7570 V ImsPhoneConnection: update localCallProfile={ serviceType=1, callType=3, restrictCause=0, mediaProfile={ audioQuality=2, audioDirection=3, videoQuality=0, videoDirection=-1 } }
09-27 15:06:05.470  2249  7570 W ImsPhoneConnection: applyLocalCallCapabilities - localProfile = { serviceType=1, callType=3, restrictCause=0, mediaProfile={ audioQuality=2, audioDirection=3, videoQuality=0, videoDirection=-1 } }
09-27 15:06:05.470  2249  7570 V ImsPhoneConnection: update remoteCallProfile={ serviceType=1, callType=2, restrictCause=0, mediaProfile={ audioQuality=0, audioDirection=3, videoQuality=0, videoDirection=-1 } }
09-27 15:06:05.470  2249  7570 W ImsPhoneConnection: applyRemoteCallCapabilities - remoteProfile = { serviceType=1, callType=2, restrictCause=0, mediaProfile={ audioQuality=0, audioDirection=3, videoQuality=0, videoDirection=-1 } }
09-27 15:06:05.470  2249  7570 D ImsPhoneConnection: address = [OdMSRv0jelB1Dnuz84C9J-rf23Q] name =  nump = 1 namep = 3
09-27 15:06:05.496  2249  2249 D PhoneNumberUtils: slotId:1 subId:1 country:null useExactMatch:true emergencyNumbers: 112,000,08,118,122,911,999,119,120,110,*911,#911
09-27 15:06:05.925  2249  2565 D SubscriptionController: [getActiveSubscriptionInfo]+ subId=1 subInfo={id=1, iccId=898600120917 simSlotIndex=1 displayName=China Mobile carrierName=CMCC  China Mobile nameSource=0 iconTint=-16746133 dataRoaming=0 iconBitmap=android.graphics.Bitmap@a9c0bad mcc 460 mnc 2}
09-27 15:06:06.039  2249  6709 D SubscriptionController: [getSubId]- numSubIds == 0, return DummySubIds slotIdx=0
09-27 15:06:06.042  2249  2261 D SubscriptionController: [getSubId]- numSubIds == 0, return DummySubIds slotIdx=0
09-27 15:06:06.466  2249  2249 D ImsPhone: handleMessage what=15
09-27 15:06:06.466  2249  2249 D Phone   : Event EVENT_CALL_RING_CONTINUE Received state=OFFHOOK
09-27 15:06:06.487  2249  6709 D SubscriptionController: [getActiveSubscriptionInfo]+ subId=1 subInfo={id=1, iccId=898600120917 simSlotIndex=1 displayName=China Mobile carrierName=CMCC  China Mobile nameSource=0 iconTint=-16746133 dataRoaming=0 iconBitmap=android.graphics.Bitmap@3647530 mcc 460 mnc 2}
09-27 15:06:23.357  2249  2249 D SubscriptionController: [getActiveSubscriptionInfoForSimSlotIndex]+ slotIdx=1 subId={id=1, iccId=898600120917 simSlotIndex=1 displayName=China Mobile carrierName=CMCC  China Mobile nameSource=0 iconTint=-16746133 dataRoaming=0 iconBitmap=android.graphics.Bitmap@b8a42cf mcc 460 mnc 2}
09-27 15:06:26.143   939  1023 I RILQ    : (1/939):RIL[1][event] qcril_qmi_voice_all_call_status_ind_hdlr: call state END for conn id 1
09-27 15:06:26.143   939  1023 I RILQ    : (1/939):RIL[1][event] qcril_qmi_voice_map_qmi_to_ril_last_call_failure_cause: map qmi reason: 25 to ril reason: 16
09-27 15:06:26.143   939  1023 I RILQ    : (1/939):RIL[1][event] qcril_qmi_voice_map_qmi_to_ril_last_call_failure_cause: ril reason str: Normal call clearing
09-27 15:06:26.145   939  1023 E RILQ    : (1/939): RIL[1][event] qcril_cm_ss_convert_ucs2_to_utf8: Error in converting ucs2 string to utf8
09-27 15:06:26.145   939  1023 I RILQ    : (1/939):RIL[1][event] qcril_qmi_get_call_list_to_send: RILVI: calls rep:[qmi call id 255, android call id 1, qmi call state 9] reported/skipped 1/0 calls
09-27 15:06:26.185  2249  2249 D SubscriptionController: [getActiveSubscriptionInfoForSimSlotIndex]+ slotIdx=1 subId={id=1, iccId=898600120917 simSlotIndex=1 displayName=China Mobile carrierName=CMCC  China Mobile nameSource=0 iconTint=-16746133 dataRoaming=0 iconBitmap=android.graphics.Bitmap@7e8683a mcc 460 mnc 2}
09-27 15:06:26.213  2249  2249 D SubscriptionController: [getActiveSubscriptionInfoForSimSlotIndex]+ slotIdx=1 subId={id=1, iccId=898600120917 simSlotIndex=1 displayName=China Mobile carrierName=CMCC  China Mobile nameSource=0 iconTint=-16746133 dataRoaming=0 iconBitmap=android.graphics.Bitmap@f3270e1 mcc 460 mnc 2}
09-27 15:06:26.241  2249  2249 D SubscriptionController: [getActiveSubscriptionInfoForSimSlotIndex]+ slotIdx=1 subId={id=1, iccId=898600120917 simSlotIndex=1 displayName=China Mobile carrierName=CMCC  China Mobile nameSource=0 iconTint=-16746133 dataRoaming=0 iconBitmap=android.graphics.Bitmap@e7032f4 mcc 460 mnc 2}
09-27 15:06:26.246  2249  7570 D ImsPhoneCallTracker: [ImsPhoneCallTracker] onCallTerminated reasonCode=510
09-27 15:06:26.248  2249  7570 D ImsPhoneCallTracker: [ImsPhoneCallTracker] cause = 2 conn = [ImsPhoneConnection objId: 211459358 telecomCallID: TC@2_1 address: [OdMSRv0jelB1Dnuz84C9J-rf23Q] ImsCall: [ImsCall objId:39857497 onHold:N mute:N tech:14 updateRequest:NONE merging:N merge action pending:N merged:N multiParty:N confHost:N buried term:N wasVideo: N session:[ImsCallSession objId:156974496 state:TERMINATED callId:1] transientSession:null]]
09-27 15:06:26.250  2249  7570 D ImsPhoneCallTracker: [ImsPhoneCallTracker] processCallStateChange [ImsCall objId:39857497 onHold:N mute:N tech:14 updateRequest:NONE merging:N merge action pending:N merged:N multiParty:N confHost:N buried term:N wasVideo: N session:[ImsCallSession objId:156974496 state:TERMINATED callId:1] transientSession:null] state=DISCONNECTED cause=2
09-27 15:06:26.250  2249  7570 D ImsPhoneCallTracker: [ImsPhoneCallTracker] processCallStateChange state=DISCONNECTED cause=2 ignoreState=false
09-27 15:06:26.251  2249  7570 V ImsPhoneConnection: update localCallProfile={ serviceType=1, callType=3, restrictCause=0, mediaProfile={ audioQuality=2, audioDirection=3, videoQuality=0, videoDirection=-1 } }
09-27 15:06:26.251  2249  7570 W ImsPhoneConnection: applyLocalCallCapabilities - localProfile = { serviceType=1, callType=3, restrictCause=0, mediaProfile={ audioQuality=2, audioDirection=3, videoQuality=0, videoDirection=-1 } }
09-27 15:06:26.251  2249  7570 V ImsPhoneConnection: update remoteCallProfile={ serviceType=1, callType=2, restrictCause=0, mediaProfile={ audioQuality=0, audioDirection=3, videoQuality=0, videoDirection=-1 } }
09-27 15:06:26.251  2249  7570 W ImsPhoneConnection: applyRemoteCallCapabilities - remoteProfile = { serviceType=1, callType=2, restrictCause=0, mediaProfile={ audioQuality=0, audioDirection=3, videoQuality=0, videoDirection=-1 } }
09-27 15:06:26.254  2249  7570 D ImsPhoneConnection: address = [OdMSRv0jelB1Dnuz84C9J-rf23Q] name =  nump = 1 namep = 3
09-27 15:06:26.254  2249  7570 V ImsPhoneConnection: update localCallProfile={ serviceType=1, callType=3, restrictCause=0, mediaProfile={ audioQuality=2, audioDirection=3, videoQuality=0, videoDirection=-1 } }
09-27 15:06:26.254  2249  7570 W ImsPhoneConnection: applyLocalCallCapabilities - localProfile = { serviceType=1, callType=3, restrictCause=0, mediaProfile={ audioQuality=2, audioDirection=3, videoQuality=0, videoDirection=-1 } }
09-27 15:06:26.254  2249  7570 V ImsPhoneConnection: update remoteCallProfile={ serviceType=1, callType=2, restrictCause=0, mediaProfile={ audioQuality=0, audioDirection=3, videoQuality=0, videoDirection=-1 } }
09-27 15:06:26.254  2249  7570 W ImsPhoneConnection: applyRemoteCallCapabilities - remoteProfile = { serviceType=1, callType=2, restrictCause=0, mediaProfile={ audioQuality=0, audioDirection=3, videoQuality=0, videoDirection=-1 } }
09-27 15:06:26.255  2249  7570 D ImsPhoneConnection: onDisconnect: cause=2
09-27 15:06:26.255  2249  7570 D ImsPhoneCallTracker: [ImsPhoneCallTracker] updatePhoneState pendingMo = null, fg= IDLE(0), bg= IDLE(0)
09-27 15:06:26.255  2249  7570 D ImsPhoneCallTracker: [ImsPhoneCallTracker] updatePhoneState oldState=OFFHOOK, newState=IDLE
09-27 15:06:26.258  2249  2249 W PhoneNumberUtils: getCountryIso Country {ISO=CN, source=0, time=182434}
09-27 15:06:26.258  2249  2249 W PhoneNumberUtils: isLocalEmergencyNumberInternalCN
09-27 15:06:26.258  2249  2249 D PhoneNumberUtils: slotId:1 subId:1 country:CN useExactMatch:true emergencyNumbers: 112,000,08,118,122,911,999,119,120,110,*911,#911
09-27 15:06:26.294  2249  2249 D PhoneSwitcher: handle event - 108
09-27 15:06:26.295  2249  2249 D PhoneSwitcher: EVENT_VOICE_CALL_ENDED
09-27 15:06:26.296  2249  2249 D PhoneSwitcher: isAnyVoiceCallActiveOnDevice: false
09-27 15:06:26.472  2249  2312 D RILJ    : Unsol response received for UNSOL_OEM_HOOK_RAW Sending ack to ril.cpp [SUB1]
09-27 15:06:26.472  2249  2312 V RILJ    : [UNSL]< UNSOL_OEM_HOOK_RAW 514f454d484f4f4bf70308001b000000767369643d3239373831363036343b63616c6c5f73746174653d31 [SUB1]
09-27 15:06:26.472  2249  2249 D QtiGsmCdmaPhone: handleMessage: Event: 34
09-27 15:06:26.473   939  1023 I RILQ    : (1/939):RIL[1][event] qcril_qmi_voice_all_call_status_ind_hdlr: RILVIMS: update 1 calls[a-c-id: 1, q-c-id 1, c-s 3 -> 9]
09-27 15:06:26.474  2249  2312 D RILJ    : Unsol response received for UNSOL_OEM_HOOK_RAW Sending ack to ril.cpp [SUB1]
09-27 15:06:26.474  2249  2312 V RILJ    : [UNSL]< UNSOL_OEM_HOOK_RAW 514f454d484f4f4bf70308001b000000767369643d3239373831363036343b63616c6c5f73746174653d31 [SUB1]
09-27 15:06:26.474  2249  2249 D QtiGsmCdmaPhone: handleMessage: Event: 34
09-27 15:06:26.479  2249  2312 D RILJ    : Unsol response received for UNSOL_OEM_HOOK_RAW Sending ack to ril.cpp [SUB1]
09-27 15:06:26.480  2249  2312 V RILJ    : [UNSL]< UNSOL_OEM_HOOK_RAW 514f454d484f4f4bf70308001b000000767369643d3239373831363036343b63616c6c5f73746174653d31 [SUB1]
09-27 15:06:26.480  2249  2249 D QtiGsmCdmaPhone: handleMessage: Event: 34
09-27 15:06:28.760  2249  2564 D SubscriptionController: [getSubId]- numSubIds == 0, return DummySubIds slotIdx=0
09-27 15:06:28.762  2249  3181 D SubscriptionController: [getSubId]- numSubIds == 0, return DummySubIds slotIdx=0
