09-27 15:12:03.041  5503  8144 D AbstractMetricsFactoryImpl: Setting non-anonymous customer ID and session ID to null, and anonymous tag to true as the metric entry was not recorded in non-anonymous queue.
09-27 15:12:03.042  5503  8144 V MetricsServiceAdapter: record - [ com.amazon.widgets , FrescoDiskImageLoader ];
09-27 15:12:03.043  5503  5539 D OverridingDeviceInfoMan: getDeviceSerialNumber - Returning unique device id for non-anonymous metrics;
09-27 15:12:03.043  5503  5539 D OverridingDeviceInfoMan: getSessionID - Returning unique session id for non-anonymous metrics;
09-27 15:12:03.043  5503  5539 I OverridingDeviceInfoMan: getCustomerID - Inside get customer id for Overriding Device InfoManager;
09-27 15:12:03.043  5503  5539 I OverridingDeviceInfoMan: getCustomerId - Returning unique Customer id for non-anonymous metrics;
09-27 15:12:03.044  5503  5539 D Metrics:BatchCreator: addMetricEntry - Adding metric entry; metricEntry: 1506496323042 com.amazon.widgets FrescoDiskImageLoader  [LoadSuccess,1.0,1]  [anonymous,true,1]  [HTTP_USER_AGENT,AMZN(SmartPhone/G/A26P7JWNT6HZZG,Android/7.1.2,//,DCM),1] 
09-27 15:12:03.046  5503  8144 D AbstractMetricsFactoryImpl: Setting non-anonymous customer ID and session ID to null, and anonymous tag to true as the metric entry was not recorded in non-anonymous queue.
09-27 15:12:03.046  5503  8144 V MetricsServiceAdapter: record - [ com.amazon.widgets , CardLoader ];
09-27 15:12:03.047  5503  5539 D OverridingDeviceInfoMan: getDeviceSerialNumber - Returning unique device id for non-anonymous metrics;
09-27 15:12:03.047  5503  5539 D OverridingDeviceInfoMan: getSessionID - Returning unique session id for non-anonymous metrics;
09-27 15:12:03.047  5503  5539 I OverridingDeviceInfoMan: getCustomerID - Inside get customer id for Overriding Device InfoManager;
09-27 15:12:03.047  5503  5539 I OverridingDeviceInfoMan: getCustomerId - Returning unique Customer id for non-anonymous metrics;
09-27 15:12:03.048  5503  5539 D Metrics:BatchCreator: addMetricEntry - Adding metric entry; metricEntry: 1506496323046 com.amazon.widgets CardLoader  [buildRemoteViews:Success,1.0,1]  [anonymous,true,1]  [HTTP_USER_AGENT,AMZN(SmartPhone/G/A26P7JWNT6HZZG,Android/7.1.2,//,DCM),1] 
09-27 15:12:03.085  5503  8145 V BoundedNumberEvaluator: fieldName - value; 65536: greater than max value, 10000: using max value
09-27 15:12:03.085  5503  8145 V BoundedNumberEvaluator: fieldName - value; 65536: greater than max value, 10000: using max value
09-27 15:12:03.085  5503  8145 D AbstractMetricsFactoryImpl: Setting non-anonymous customer ID and session ID to null, and anonymous tag to true as the metric entry was not recorded in non-anonymous queue.
09-27 15:12:03.086  5503  8145 V MetricsServiceAdapter: record - [ com.amazon.widgets , CardLoader ];
09-27 15:12:03.086  5503  5539 D OverridingDeviceInfoMan: getDeviceSerialNumber - Returning unique device id for non-anonymous metrics;
09-27 15:12:03.086  5503  5539 D OverridingDeviceInfoMan: getSessionID - Returning unique session id for non-anonymous metrics;
09-27 15:12:03.086  5503  5539 I OverridingDeviceInfoMan: getCustomerID - Inside get customer id for Overriding Device InfoManager;
09-27 15:12:03.086  5503  5539 I OverridingDeviceInfoMan: getCustomerId - Returning unique Customer id for non-anonymous metrics;
09-27 15:12:03.087  5503  5539 D Metrics:BatchCreator: addMetricEntry - Adding metric entry; metricEntry: 1506496323086 com.amazon.widgets CardLoader  [buildRemoteViews:Success,1.0,1]  [anonymous,true,1]  [HTTP_USER_AGENT,AMZN(SmartPhone/G/A26P7JWNT6HZZG,Android/7.1.2,//,DCM),1] 
09-27 15:12:03.131  5503  8147 V BoundedNumberEvaluator: fieldName - value; 65536: greater than max value, 10000: using max value
09-27 15:12:03.131  5503  8147 V BoundedNumberEvaluator: fieldName - value; 65536: greater than max value, 10000: using max value
09-27 15:12:03.132  5503  8147 D AbstractMetricsFactoryImpl: Setting non-anonymous customer ID and session ID to null, and anonymous tag to true as the metric entry was not recorded in non-anonymous queue.
09-27 15:12:03.132  5503  8147 V MetricsServiceAdapter: record - [ com.amazon.widgets , NavigationHandler ];
09-27 15:12:03.133  5503  5539 D OverridingDeviceInfoMan: getDeviceSerialNumber - Returning unique device id for non-anonymous metrics;
09-27 15:12:03.133  5503  5539 D OverridingDeviceInfoMan: getSessionID - Returning unique session id for non-anonymous metrics;
09-27 15:12:03.133  5503  5539 I OverridingDeviceInfoMan: getCustomerID - Inside get customer id for Overriding Device InfoManager;
09-27 15:12:03.133  5503  5539 I OverridingDeviceInfoMan: getCustomerId - Returning unique Customer id for non-anonymous metrics;
09-27 15:12:03.133  5503  5539 D Metrics:BatchCreator: addMetricEntry - Adding metric entry; metricEntry: 1506496323132 com.amazon.widgets NavigationHandler  [AppWidgetManager:updateAppWidget:Success,1.0,1]  [anonymous,true,1]  [HTTP_USER_AGENT,AMZN(SmartPhone/G/A26P7JWNT6HZZG,Android/7.1.2,//,DCM),1] 
09-27 15:12:03.606  4576  4588 I Adreno  : QUALCOMM build                   : dd15ef5, Ic280a69317
09-27 15:12:03.606  4576  4588 I Adreno  : Build Date                       : 05/09/17
09-27 15:12:03.606  4576  4588 I Adreno  : OpenGL ES Shader Compiler Version: XE031.09.00.04
09-27 15:12:03.606  4576  4588 I Adreno  : Local Branch                     : 
09-27 15:12:03.606  4576  4588 I Adreno  : Remote Branch                    : quic/gfx-adreno.lnx.1.0.r5-rel
09-27 15:12:03.606  4576  4588 I Adreno  : Remote Branch                    : NONE
09-27 15:12:03.606  4576  4588 I Adreno  : Reconstruct Branch               : NOTHING
09-27 15:12:04.530  4923  4923 I qti-logkit.cActivity: Storage card details not available
09-27 15:12:05.711  1774  1883 D PowerManagerService: getScreenOffTimeoutLocked:  isTestFlag = false
09-27 15:12:05.722  1774  1897 D PowerManagerService: getScreenOffTimeoutLocked:  isTestFlag = false
09-27 15:12:05.731  1966  1966 D wpa_supplicant: wlan0: Control interface command 'SCAN TYPE=ONLY'
09-27 15:12:05.731  1966  1966 D wpa_supplicant: wlan0: Setting scan request: 0.000000 sec
09-27 15:12:05.731  1966  1966 D wpa_supplicant: CTRL-DEBUG: global_ctrl_sock-sendto: sock=8 sndbuf=212992 outq=0 send_len=3
09-27 15:12:05.731  1966  1966 D wpa_supplicant: wlan0: State: DISCONNECTED -> SCANNING
09-27 15:12:05.732  1966  1966 D wpa_supplicant: CTRL-DEBUG: ctrl_sock-sendmsg: sock=8 sndbuf=212992 outq=0 send_len=67
09-27 15:12:05.732  1966  1966 D wpa_supplicant: CTRL_IFACE monitor sent successfully to /data/misc/wifi/sockets/wpa_ctrl_1774-2\x00
09-27 15:12:05.732  1966  1966 D wpa_supplicant: wlan0: Determining shared radio frequencies (max len 2)
09-27 15:12:05.732  1966  1966 D wpa_supplicant: wlan0: Shared frequencies (len=0): completed iteration
09-27 15:12:05.732  1966  1966 D wpa_supplicant: P2P: Add operating class 81
09-27 15:12:05.732  1966  1966 D wpa_supplicant: P2P: Channels - hexdump(len=13): 01 02 03 04 05 06 07 08 09 0a 0b 0c 0d
09-27 15:12:05.732  1966  1966 D wpa_supplicant: P2P: Update channel list
09-27 15:12:05.732  1966  1966 D wpa_supplicant: P2P: channels: 81:1,2,3,4,5,6,7,8,9,10,11,12,13
09-27 15:12:05.732  1966  1966 D wpa_supplicant: P2P: cli_channels:
09-27 15:12:05.732  1966  1966 D wpa_supplicant: wlan0: Starting AP scan for wildcard SSID
09-27 15:12:05.733  1966  1966 D wpa_supplicant: wlan0: Add radio work 'scan'@0x7fa622e360
09-27 15:12:05.733  1966  1966 D wpa_supplicant: wlan0: First radio work item in the queue - schedule start immediately
09-27 15:12:05.733  1966  1966 D wpa_supplicant: wlan0: Starting radio work 'scan'@0x7fa622e360 after 0.000153 second wait
09-27 15:12:05.733  1966  1966 D wpa_supplicant: wlan0: nl80211: scan request
09-27 15:12:05.733  1966  1966 D wpa_supplicant: nl80211: Scan SSID - hexdump(len=0): [NULL]
09-27 15:12:05.733  1966  1966 D wpa_supplicant: nl80211: Scan extra IEs - hexdump(len=7): 7f 05 00 00 0a 02 01
09-27 15:12:05.735  1966  1966 D wpa_supplicant: Scan requested (ret=0) - scan timeout 30 seconds
09-27 15:12:05.735  1966  1966 D wpa_supplicant: nl80211: Event message available
09-27 15:12:05.735  1966  1966 D wpa_supplicant: nl80211: Drv Event 33 (NL80211_CMD_TRIGGER_SCAN) received for wlan0
09-27 15:12:05.735  1966  1966 D wpa_supplicant: wlan0: nl80211: Scan trigger
09-27 15:12:05.735  1966  1966 D wpa_supplicant: wlan0: Event SCAN_STARTED (47) received
09-27 15:12:05.736  1966  1966 D wpa_supplicant: wlan0: Own scan request started a scan in 0.000470 seconds
09-27 15:12:05.736  1966  1966 D wpa_supplicant: CTRL-DEBUG: ctrl_sock-sendmsg: sock=8 sndbuf=212992 outq=0 send_len=24
09-27 15:12:05.736  1966  1966 D wpa_supplicant: CTRL_IFACE monitor sent successfully to /data/misc/wifi/sockets/wpa_ctrl_1774-2\x00
09-27 15:12:05.751   752   752 E WLAN_PSA: NL MSG RCV err -1 105
09-27 15:12:05.765  1774  2983 I chatty  : uid=1000(system) IzatServiceBase expire 22 lines
09-27 15:12:06.439  1966  1966 D wpa_supplicant: nl80211: Event message available
09-27 15:12:06.440  1966  1966 D wpa_supplicant: nl80211: Drv Event 34 (NL80211_CMD_NEW_SCAN_RESULTS) received for wlan0
09-27 15:12:06.440  1966  1966 D wpa_supplicant: wlan0: nl80211: New scan results available
09-27 15:12:06.440  1966  1966 D wpa_supplicant: nl80211: Scan included frequencies: 2412 2417 2422 2427 2432 2437 2442 2447 2452 2457 2462 2467 2472
09-27 15:12:06.440  1966  1966 D wpa_supplicant: wlan0: Event SCAN_RESULTS (3) received
09-27 15:12:06.440  1966  1966 D wpa_supplicant: wlan0: Scan completed in 0.704585 seconds
09-27 15:12:06.441  1966  1966 D wpa_supplicant: nl80211: Received scan results (21 BSSes)
09-27 15:12:06.444  1966  1966 D wpa_supplicant: wlan0: BSS: Start scan result update 23
09-27 15:12:06.444  1966  1966 D wpa_supplicant: wlan0: BSS: Add new id 125 BSSID d4:ee:07:1e:35:38 SSID 'WiFi_WZSTEST' freq 2422
09-27 15:12:06.444  1966  1966 D wpa_supplicant: CTRL-DEBUG: ctrl_sock-sendmsg: sock=8 sndbuf=212992 outq=0 send_len=42
09-27 15:12:06.444  1966  1966 D wpa_supplicant: CTRL_IFACE monitor sent successfully to /data/misc/wifi/sockets/wpa_ctrl_1774-2\x00
09-27 15:12:06.445  1966  1966 D wpa_supplicant: BSS: last_scan_res_used=21/64
09-27 15:12:06.445  1966  1966 D wpa_supplicant: wlan0: Scan-only results received
09-27 15:12:06.445  1966  1966 D wpa_supplicant: CTRL-DEBUG: ctrl_sock-sendmsg: sock=8 sndbuf=212992 outq=0 send_len=24
09-27 15:12:06.445  1966  1966 D wpa_supplicant: CTRL_IFACE monitor sent successfully to /data/misc/wifi/sockets/wpa_ctrl_1774-2\x00
09-27 15:12:06.445  1966  1966 D wpa_supplicant: wlan0: Radio work 'scan'@0x7fa622e360 done in 0.712521 seconds
09-27 15:12:06.445  1966  1966 D wpa_supplicant: wlan0: radio_work_free('scan'@0x7fa622e360: num_active_works --> 0
09-27 15:12:06.446  1966  1966 D wpa_supplicant: wlan0: State: SCANNING -> DISCONNECTED
09-27 15:12:06.446  1966  1966 D wpa_supplicant: nl80211: Set wlan0 operstate 0->0 (DORMANT)
09-27 15:12:06.446  1966  1966 D wpa_supplicant: netlink: Operstate: ifindex=22 linkmode=-1 (no change), operstate=5 (IF_OPER_DORMANT)
09-27 15:12:06.446  1966  1966 D wpa_supplicant: CTRL-DEBUG: ctrl_sock-sendmsg: sock=8 sndbuf=212992 outq=0 send_len=67
09-27 15:12:06.446  1966  1966 D wpa_supplicant: CTRL_IFACE monitor sent successfully to /data/misc/wifi/sockets/wpa_ctrl_1774-2\x00
09-27 15:12:06.446  1966  1966 D wpa_supplicant: wlan0: Determining shared radio frequencies (max len 2)
09-27 15:12:06.446  1966  1966 D wpa_supplicant: wlan0: Shared frequencies (len=0): completed iteration
09-27 15:12:06.446  1966  1966 D wpa_supplicant: P2P: Add operating class 81
09-27 15:12:06.447  1966  1966 D wpa_supplicant: P2P: Channels - hexdump(len=13): 01 02 03 04 05 06 07 08 09 0a 0b 0c 0d
09-27 15:12:06.447  1966  1966 D wpa_supplicant: P2P: Update channel list
09-27 15:12:06.447  1966  1966 D wpa_supplicant: P2P: channels: 81:1,2,3,4,5,6,7,8,9,10,11,12,13
09-27 15:12:06.447  1966  1966 D wpa_supplicant: P2P: cli_channels:
09-27 15:12:06.458  1774  2226 I chatty  : uid=1000(system) FLP Service Cal expire 6 lines
09-27 15:12:06.460  1319  1382 W XTCC-5.1.0.23-d: [LOWIUtils] to_eScanTypeResponse - default case
09-27 15:12:06.462  1966  1966 D wpa_supplicant: CTRL-DEBUG: global_ctrl_sock-sendto: sock=8 sndbuf=212992 outq=0 send_len=3865
09-27 15:12:06.469  1319  1382 W XTCC-5.1.0.23-d: [LOWIUtils] to_eScanTypeResponse - default case
09-27 15:12:06.469  1319  1382 W XTCC-5.1.0.23-d: [WifiScanner] WiFi scan result : [12] AP's
09-27 15:12:06.471  1966  1966 D wpa_supplicant: CTRL-DEBUG: global_ctrl_sock-sendto: sock=8 sndbuf=212992 outq=0 send_len=3865
09-27 15:12:06.498  1966  1966 D wpa_supplicant: CTRL-DEBUG: global_ctrl_sock-sendto: sock=8 sndbuf=212992 outq=0 send_len=4083
09-27 15:12:06.504  1966  1966 D wpa_supplicant: CTRL-DEBUG: global_ctrl_sock-sendto: sock=8 sndbuf=212992 outq=0 send_len=4083
09-27 15:12:06.528  1966  1966 D wpa_supplicant: CTRL-DEBUG: global_ctrl_sock-sendto: sock=8 sndbuf=212992 outq=0 send_len=2023
09-27 15:12:06.534   920   920 I MSM-irqbalance: Decided to move IRQ5 from CPU3 [P:0] to CPU6 [P:1] (banned)
09-27 15:12:06.534  1966  1966 D wpa_supplicant: CTRL-DEBUG: global_ctrl_sock-sendto: sock=8 sndbuf=212992 outq=0 send_len=2023
09-27 15:12:06.535   920   920 I MSM-irqbalance: Decided to move IRQ3 from CPU3 [P:0] to CPU4 [P:1] (banned)
09-27 15:12:06.536   920   920 I MSM-irqbalance: Decided to move IRQ187 from CPU3 [P:0] to CPU7 [P:1] (banned)
09-27 15:12:06.538   920   920 I MSM-irqbalance: Decided to move IRQ164 from CPU3 [P:0] to CPU5 [P:1] (banned)
09-27 15:12:06.539   920   920 I MSM-irqbalance: Decided to move IRQ5 from CPU1 [P:0] to CPU6 [P:1] (banned)
09-27 15:12:06.540   920   920 I MSM-irqbalance: Decided to move IRQ3 from CPU1 [P:0] to CPU4 [P:1] (banned)
09-27 15:12:06.541   920   920 I MSM-irqbalance: Decided to move IRQ187 from CPU1 [P:0] to CPU7 [P:1] (banned)
09-27 15:12:06.541   920   920 I MSM-irqbalance: Decided to move IRQ164 from CPU1 [P:0] to CPU5 [P:1] (banned)
09-27 15:12:06.542   920   920 I MSM-irqbalance: Decided to move IRQ5 from CPU0 [P:0] to CPU6 [P:1] (banned)
09-27 15:12:06.543   920   920 I MSM-irqbalance: Decided to move IRQ187 from CPU0 [P:0] to CPU4 [P:1] (banned)
09-27 15:12:06.543   920   920 I MSM-irqbalance: Decided to move IRQ3 from CPU0 [P:0] to CPU7 [P:1] (banned)
09-27 15:12:06.544   920   920 I MSM-irqbalance: Decided to move IRQ5 from CPU2 [P:0] to CPU5 [P:1] (banned)
09-27 15:12:06.545   920   920 I MSM-irqbalance: Decided to move IRQ3 from CPU2 [P:0] to CPU6 [P:1] (banned)
09-27 15:12:06.545   920   920 I MSM-irqbalance: Decided to move IRQ187 from CPU2 [P:0] to CPU4 [P:1] (banned)
09-27 15:12:06.546   920   920 I MSM-irqbalance: Decided to move IRQ164 from CPU2 [P:0] to CPU7 [P:1] (banned)
09-27 15:12:06.550  1966  1966 D wpa_supplicant: CTRL-DEBUG: global_ctrl_sock-sendto: sock=8 sndbuf=212992 outq=0 send_len=0
09-27 15:12:06.554  1966  1966 D wpa_supplicant: CTRL-DEBUG: global_ctrl_sock-sendto: sock=8 sndbuf=212992 outq=0 send_len=0
09-27 15:12:06.568  4923  4923 I qti-logkit.cDropboxReceiver: onReceive() intent Intent { act=android.intent.action.DROPBOX_ENTRY_ADDED flg=0x10 (has extras) }
09-27 15:12:06.603  1774  1897 I chatty  : uid=1000(system) WifiStateMachin expire 11 lines
09-27 15:12:06.655  2651  2663 I art     : Background sticky concurrent mark sweep GC freed 83551(5MB) AllocSpace objects, 16(320KB) LOS objects, 39% free, 10MB/17MB, paused 5.955ms total 47.556ms
09-27 15:12:07.514  1774  1786 D PowerManagerService: getScreenOffTimeoutLocked:  isTestFlag = false
09-27 15:12:09.530  4923  4923 I qti-logkit.cActivity: Storage card details not available
09-27 15:12:09.578  4991  4991 I LKCore  : vendor/qcom/proprietary/qti-logkit/LKCore/SocketConnector.h:554: IsConnected true
09-27 15:12:09.783   758   843 D ThermalEngine: sensor_wait: case_therm Wait done.
09-27 15:12:09.785   758   843 D ThermalEngine: sensor_monitor: case_therm Reading 35000 .
09-27 15:12:09.785   758   843 I ThermalEngine: Sensor:case_therm:35000 mC
09-27 15:12:09.785   758   843 D ThermalEngine: update_active_thresh: case_therm Active(1), Hi(1) 38000, Lo(0) -2147483648, Interval(1) 10000
09-27 15:12:09.785   758   843 D ThermalEngine: sensor_monitor: case_therm Sensor wait.
09-27 15:12:09.785   758   843 D ThermalEngine: sensor_wait: case_therm Wait start. 10000ms
09-27 15:12:11.540   920   920 I MSM-irqbalance: Decided to move IRQ5 from CPU2 [P:0] to CPU6 [P:1] (banned)
09-27 15:12:11.542   920   920 I MSM-irqbalance: Decided to move IRQ187 from CPU2 [P:0] to CPU4 [P:1] (banned)
09-27 15:12:11.544   920   920 I MSM-irqbalance: Decided to move IRQ3 from CPU2 [P:0] to CPU7 [P:1] (banned)
09-27 15:12:11.545   920   920 I MSM-irqbalance: Decided to move IRQ164 from CPU2 [P:0] to CPU5 [P:1] (banned)
09-27 15:12:11.547   920   920 I MSM-irqbalance: Decided to move IRQ187 from CPU1 [P:0] to CPU6 [P:1] (banned)
09-27 15:12:11.549   920   920 I MSM-irqbalance: Decided to move IRQ5 from CPU1 [P:0] to CPU4 [P:1] (banned)
09-27 15:12:11.551   920   920 I MSM-irqbalance: Decided to move IRQ3 from CPU1 [P:0] to CPU7 [P:1] (banned)
09-27 15:12:11.552   920   920 I MSM-irqbalance: Decided to move IRQ164 from CPU1 [P:0] to CPU5 [P:1] (banned)
09-27 15:12:11.554   920   920 I MSM-irqbalance: Decided to move IRQ5 from CPU0 [P:0] to CPU6 [P:1] (banned)
09-27 15:12:11.556   920   920 I MSM-irqbalance: Decided to move IRQ187 from CPU0 [P:0] to CPU4 [P:1] (banned)
09-27 15:12:11.557   920   920 I MSM-irqbalance: Decided to move IRQ3 from CPU0 [P:0] to CPU7 [P:1] (banned)
09-27 15:12:11.559   920   920 I MSM-irqbalance: Decided to move IRQ164 from CPU0 [P:0] to CPU5 [P:1] (banned)
09-27 15:12:11.560   920   920 I MSM-irqbalance: Decided to move IRQ5 from CPU3 [P:0] to CPU6 [P:1] (banned)
09-27 15:12:11.561   920   920 I MSM-irqbalance: Decided to move IRQ3 from CPU3 [P:0] to CPU4 [P:1] (banned)
09-27 15:12:11.562   920   920 I MSM-irqbalance: Decided to move IRQ187 from CPU3 [P:0] to CPU7 [P:1] (banned)
09-27 15:12:11.564   920   920 I MSM-irqbalance: Decided to move IRQ164 from CPU3 [P:0] to CPU5 [P:1] (banned)
09-27 15:12:11.592  4923  4923 I qti-logkit.cDropboxReceiver: onReceive() intent Intent { act=android.intent.action.DROPBOX_ENTRY_ADDED flg=0x10 (has extras) }
09-27 15:12:14.035  2235  2287 W QCNEJ   : |CORE| CNE received unexpected action: android.intent.action.BATTERY_CHANGED
09-27 15:12:14.530  4923  4923 I qti-logkit.cActivity: Storage card details not available
09-27 15:12:15.058  1940  2334 I chatty  : uid=10032(com.android.systemui) PhoneStatusBar expire 53 lines
09-27 15:12:16.484  1774  1884 D PowerManagerService: getScreenOffTimeoutLocked:  isTestFlag = false
09-27 15:12:16.493  2887  2887 D InputEventConsistencyVerifier: TouchEvent: ACTION_DOWN but pointers are already down.  Probably missing ACTION_UP from previous gesture.
09-27 15:12:16.493  2887  2887 D InputEventConsistencyVerifier:   in android.view.ScaleGestureDetector@13d93d8
09-27 15:12:16.493  2887  2887 D InputEventConsistencyVerifier:   0: sent at 1142961479000, MotionEvent { action=ACTION_DOWN, actionButton=0, id[0]=0, x[0]=1076.0037, y[0]=732.6184, toolType[0]=TOOL_TYPE_FINGER, buttonState=0, metaState=0, flags=0x0, edgeFlags=0x0, pointerCount=1, historySize=0, eventTime=1142961, downTime=1142961, deviceId=6, source=0x1002 }
09-27 15:12:16.493  2887  2887 D InputEventConsistencyVerifier:   -- recent events --
09-27 15:12:16.493  2887  2887 D InputEventConsistencyVerifier:   1: sent at 1117383925000, MotionEvent { action=ACTION_DOWN, actionButton=0, id[0]=0, x[0]=522.5162, y[0]=1505.216, toolType[0]=TOOL_TYPE_FINGER, buttonState=0, metaState=0, flags=0x0, edgeFlags=0x0, pointerCount=1, historySize=0, eventTime=1117383, downTime=1117383, deviceId=6, source=0x1002 }
09-27 15:12:16.493  2887  2887 D InputEventConsistencyVerifier:   2: sent at 128601281000, MotionEvent { action=ACTION_UP, actionButton=0, id[0]=0, x[0]=121.887146, y[0]=1685.1223, toolType[0]=TOOL_TYPE_FINGER, buttonState=0, metaState=0, flags=0x0, edgeFlags=0x0, pointerCount=1, historySize=0, eventTime=128601, downTime=128540, deviceId=6, source=0x1002 }
09-27 15:12:16.493  2887  2887 D InputEventConsistencyVerifier:   3: sent at 128540180000, MotionEvent { action=ACTION_DOWN, actionButton=0, id[0]=0, x[0]=121.887146, y[0]=1685.1223, toolType[0]=TOOL_TYPE_FINGER, buttonState=0, metaState=0, flags=0x0, edgeFlags=0x0, pointerCount=1, historySize=0, eventTime=128540, downTime=128540, deviceId=6, source=0x1002 }
09-27 15:12:16.493  2887  2887 D InputEventConsistencyVerifier:   4: sent at 72396189000, MotionEvent { action=ACTION_UP, actionButton=0, id[0]=0, x[0]=170.84181, y[0]=1279.3336, toolType[0]=TOOL_TYPE_FINGER, buttonState=0, metaState=0, flags=0x0, edgeFlags=0x0, pointerCount=1, historySize=0, eventTime=72396, downTime=72281, deviceId=6, source=0x1002 }
09-27 15:12:16.493  2887  2887 D InputEventConsistencyVerifier:   5: sent at 72281833000, MotionEvent { action=ACTION_DOWN, actionButton=0, id[0]=0, x[0]=170.84181, y[0]=1279.3336, toolType[0]=TOOL_TYPE_FINGER, buttonState=0, metaState=0, flags=0x80000000, edgeFlags=0x0, pointerCount=1, historySize=0, eventTime=72281, downTime=72281, deviceId=6, source=0x1002 }
09-27 15:12:16.540   920   920 I MSM-irqbalance: Decided to move IRQ5 from CPU1 [P:0] to CPU6 [P:1] (banned)
09-27 15:12:16.542   920   920 I MSM-irqbalance: Decided to move IRQ187 from CPU1 [P:0] to CPU4 [P:1] (banned)
09-27 15:12:16.543   920   920 I MSM-irqbalance: Decided to move IRQ3 from CPU1 [P:0] to CPU7 [P:1] (banned)
09-27 15:12:16.545   920   920 I MSM-irqbalance: Decided to move IRQ164 from CPU1 [P:0] to CPU5 [P:1] (banned)
09-27 15:12:16.546   920   920 I MSM-irqbalance: Decided to move IRQ5 from CPU3 [P:0] to CPU6 [P:1] (banned)
09-27 15:12:16.548   920   920 I MSM-irqbalance: Decided to move IRQ187 from CPU3 [P:0] to CPU4 [P:1] (banned)
09-27 15:12:16.550   920   920 I MSM-irqbalance: Decided to move IRQ3 from CPU3 [P:0] to CPU7 [P:1] (banned)
09-27 15:12:16.551   920   920 I MSM-irqbalance: Decided to move IRQ3 from CPU0 [P:0] to CPU5 [P:1] (banned)
09-27 15:12:16.553   920   920 I MSM-irqbalance: Decided to move IRQ5 from CPU0 [P:0] to CPU6 [P:1] (banned)
09-27 15:12:16.554   920   920 I MSM-irqbalance: Decided to move IRQ187 from CPU0 [P:0] to CPU4 [P:1] (banned)
09-27 15:12:16.556   920   920 I MSM-irqbalance: Decided to move IRQ164 from CPU0 [P:0] to CPU7 [P:1] (banned)
09-27 15:12:16.557   920   920 I MSM-irqbalance: Decided to move IRQ5 from CPU2 [P:0] to CPU5 [P:1] (banned)
09-27 15:12:16.559   920   920 I MSM-irqbalance: Decided to move IRQ187 from CPU2 [P:0] to CPU6 [P:1] (banned)
09-27 15:12:16.560   920   920 I MSM-irqbalance: Decided to move IRQ3 from CPU2 [P:0] to CPU4 [P:1] (banned)
09-27 15:12:16.561   920   920 I MSM-irqbalance: Decided to move IRQ164 from CPU2 [P:0] to CPU7 [P:1] (banned)
09-27 15:12:16.569  1966  2108 D wpa_supplicant: eap_proxy: wpa_qmi_client_indication_cb: msg_id=0x32
09-27 15:12:16.569  1966  2107 D wpa_supplicant: eap_proxy: wpa_qmi_client_indication_cb: msg_id=0x32
09-27 15:12:16.569  1966  2107 D wpa_supplicant: eap_proxy: wpa_qmi_client_indication_cb SIM card removed. flush pmksa entries.
09-27 15:12:16.569  1966  2108 D wpa_supplicant: eap_proxy: wpa_qmi_client_indication_cb SIM card removed. flush pmksa entries.
09-27 15:12:16.569  1966  2107 D wpa_supplicant: eap_proxy: SIM card status 0
09-27 15:12:16.569  1966  2108 D wpa_supplicant: eap_proxy: SIM card status 0
09-27 15:12:16.570  1966  2100 D wpa_supplicant: eap_proxy: wpa_qmi_client_indication_cb: msg_id=0x32
09-27 15:12:16.570  1966  2101 D wpa_supplicant: eap_proxy: wpa_qmi_client_indication_cb: msg_id=0x32
09-27 15:12:16.570  1966  2101 D wpa_supplicant: eap_proxy: wpa_qmi_client_indication_cb SIM card removed. flush pmksa entries.
09-27 15:12:16.570  1966  2100 D wpa_supplicant: eap_proxy: wpa_qmi_client_indication_cb SIM card removed. flush pmksa entries.
09-27 15:12:16.570  1966  2101 D wpa_supplicant: eap_proxy: SIM card status 0
09-27 15:12:16.570  1966  2100 D wpa_supplicant: eap_proxy: SIM card status 0
09-27 15:12:16.579  1966  2108 D wpa_supplicant: eap_proxy: wpa_qmi_client_indication_cb: msg_id=0x32
09-27 15:12:16.579  1966  2100 D wpa_supplicant: eap_proxy: wpa_qmi_client_indication_cb: msg_id=0x32
09-27 15:12:16.579  1966  2101 D wpa_supplicant: eap_proxy: wpa_qmi_client_indication_cb: msg_id=0x32
09-27 15:12:16.579  1966  2108 D wpa_supplicant: eap_proxy: wpa_qmi_client_indication_cb SIM card removed. flush pmksa entries.
09-27 15:12:16.579  1966  2100 D wpa_supplicant: eap_proxy: wpa_qmi_client_indication_cb SIM card removed. flush pmksa entries.
09-27 15:12:16.579  1966  2108 D wpa_supplicant: eap_proxy: SIM card status 0
09-27 15:12:16.579  1966  2101 D wpa_supplicant: eap_proxy: wpa_qmi_client_indication_cb SIM card removed. flush pmksa entries.
09-27 15:12:16.579  1966  2101 D wpa_supplicant: eap_proxy: SIM card status 0
09-27 15:12:16.579  1966  2100 D wpa_supplicant: eap_proxy: SIM card status 0
09-27 15:12:16.579  1966  2107 D wpa_supplicant: eap_proxy: wpa_qmi_client_indication_cb: msg_id=0x32
09-27 15:12:16.579  1966  2107 D wpa_supplicant: eap_proxy: wpa_qmi_client_indication_cb SIM card removed. flush pmksa entries.
09-27 15:12:16.579  1966  2107 D wpa_supplicant: eap_proxy: SIM card status 0
09-27 15:12:16.583  1774  2746 D PowerManagerService: getScreenOffTimeoutLocked:  isTestFlag = false
09-27 15:12:16.588  1774  2822 D PowerManagerService: getScreenOffTimeoutLocked:  isTestFlag = false
09-27 15:12:16.591  1774  2280 D PowerManagerService: getScreenOffTimeoutLocked:  isTestFlag = false
09-27 15:12:16.592  1774  2902 D PowerManagerService: getScreenOffTimeoutLocked:  isTestFlag = false
09-27 15:12:16.594  4923  4923 I qti-logkit.cDropboxReceiver: onReceive() intent Intent { act=android.intent.action.DROPBOX_ENTRY_ADDED flg=0x10 (has extras) }
09-27 15:12:16.594  1774  2901 D PowerManagerService: getScreenOffTimeoutLocked:  isTestFlag = false
09-27 15:12:16.595  2364  2364 I chatty  : uid=1001(radio) com.qualcomm.qcrilmsgtunnel expire 20 lines
09-27 15:12:16.597  1774  2069 D PowerManagerService: getScreenOffTimeoutLocked:  isTestFlag = false
09-27 15:12:16.602  1774  1786 D PowerManagerService: getScreenOffTimeoutLocked:  isTestFlag = false
09-27 15:12:16.602  1774  2737 D PowerManagerService: getScreenOffTimeoutLocked:  isTestFlag = false
09-27 15:12:16.604  1774  2746 D PowerManagerService: getScreenOffTimeoutLocked:  isTestFlag = false
09-27 15:12:16.606  2249  2648 I chatty  : uid=1001(radio) IFMsg_Rxr expire 120 lines
09-27 15:12:16.618  4942  4942 D QC_RIL_OEM_HOOK: Received Broadcast Intent ACTION_UNSOL_RESPONSE_OEM_HOOK_RAW
09-27 15:12:16.619  4942  4942 D QC_RIL_OEM_HOOK: Oem ID in QCRILHOOK UNSOL RESP is QOEMHOOK
09-27 15:12:16.681  4942  4942 D QC_RIL_OEM_HOOK: Received Broadcast Intent ACTION_UNSOL_RESPONSE_OEM_HOOK_RAW
09-27 15:12:16.681  4942  4942 D QC_RIL_OEM_HOOK: Oem ID in QCRILHOOK UNSOL RESP is QOEMHOOK
09-27 15:12:16.737  4923  4923 I qti-logkit.cDropboxReceiver: onReceive() intent Intent { act=android.intent.action.DROPBOX_ENTRY_ADDED flg=0x10 (has extras) }
09-27 15:12:16.759  1774  2902 D PowerManagerService: getScreenOffTimeoutLocked:  isTestFlag = false
09-27 15:12:16.762  1774  1901 D ConnectivityService: NetworkAgentInfo [MOBILE (LTE) - 102] EVENT_NETWORK_INFO_CHANGED, going from CONNECTED to DISCONNECTED
09-27 15:12:16.762  1774  1901 D ConnectivityService: NetworkAgentInfo [MOBILE (LTE) - 102] got DISCONNECTED, was satisfying 6
09-27 15:12:16.763  1774  1901 D PowerManagerService: getScreenOffTimeoutLocked:  isTestFlag = false
09-27 15:12:16.780  1774  1897 I chatty  : uid=1000(system) WifiStateMachin expire 1 line
09-27 15:12:16.782  1774  2279 D PowerManagerService: getScreenOffTimeoutLocked:  isTestFlag = false
09-27 15:12:16.791  1774  1886 D PowerManagerService: getScreenOffTimeoutLocked:  isTestFlag = false
09-27 15:12:16.798  2249  2249 I chatty  : uid=1001(radio) com.android.phone expire 509 lines
09-27 15:12:16.801  2249  2331 I chatty  : uid=1001(radio) Binder:2249_3 expire 8 lines
09-27 15:12:16.802  2235  2247 D QtiTetherService/IpaWrapper: getStats(false)
09-27 15:12:16.807  1774  2797 D PowerManagerService: getScreenOffTimeoutLocked:  isTestFlag = false
09-27 15:12:16.830  6722  6722 D CellBroadcastReceiver: onReceive Intent { act=android.intent.action.SIM_STATE_CHANGED flg=0x4000010 cmp=com.android.cellbroadcastreceiver/.CellBroadcastReceiver (has extras) }
09-27 15:12:16.833   818  1751 I Netd    : Destroyed 5 sockets on 10.17.228.219 in 0.9 ms
09-27 15:12:16.834  1774  1901 D PowerManagerService: getScreenOffTimeoutLocked:  isTestFlag = false
09-27 15:12:16.867  1774  7878 D PowerManagerService: getScreenOffTimeoutLocked:  isTestFlag = false
09-27 15:12:16.876  1774  2280 D PowerManagerService: getScreenOffTimeoutLocked:  isTestFlag = false
09-27 15:12:16.876  1774  1785 D PowerManagerService: getScreenOffTimeoutLocked:  isTestFlag = false
09-27 15:12:16.898  1774  2746 D PowerManagerService: getScreenOffTimeoutLocked:  isTestFlag = false
09-27 15:12:16.901   825   825 I cnss-daemon: RTM_NEWROUTE Indication
09-27 15:12:16.902  1774  2795 D PowerManagerService: getScreenOffTimeoutLocked:  isTestFlag = false
09-27 15:12:16.907  1774  2822 D PowerManagerService: getScreenOffTimeoutLocked:  isTestFlag = false
09-27 15:12:16.925   818  1758 V IdletimerController: runCmd(/system/bin/ip6tables -w -W 10000 -t raw -D idletimer_raw_PREROUTING -i rmnet_data0 -j IDLETIMER --timeout 10 --label 0 --send_nl_msg 1) res_ipv4=0, res_ipv6=0
09-27 15:12:16.931  2235  2288 I QCNEJ   : |CORE| received protobuf msg: 
09-27 15:12:16.931  2235  2288 I QCNEJ   : |CORE| REQUEST_BRING_RAT_DOWN received
09-27 15:12:16.932  2235  2288 I QCNEJ   : |CORE| handleRatRequest net Type: 4 slotidx: 2
09-27 15:12:16.932  2235  2288 I QCNEJ   : |CORE| removing netType:4on receiving teardown
09-27 15:12:16.932  2235  2288 I QCNEJ   : |CORE| Tear down network: 4
09-27 15:12:16.939  1774  2835 D PowerManagerService: getScreenOffTimeoutLocked:  isTestFlag = false
09-27 15:12:16.940  1774  2279 D PowerManagerService: getScreenOffTimeoutLocked:  isTestFlag = false
09-27 15:12:16.945  4942  4942 D QC_RIL_OEM_HOOK: Received Broadcast Intent ACTION_UNSOL_RESPONSE_OEM_HOOK_RAW
09-27 15:12:16.950  4942  4942 D QC_RIL_OEM_HOOK: Oem ID in QCRILHOOK UNSOL RESP is QOEMHOOK
09-27 15:12:16.951  1774  2069 D PowerManagerService: getScreenOffTimeoutLocked:  isTestFlag = false
09-27 15:12:16.952  1774  2902 D PowerManagerService: getScreenOffTimeoutLocked:  isTestFlag = false
09-27 15:12:16.961  1774  1981 D PowerManagerService: getScreenOffTimeoutLocked:  isTestFlag = false
09-27 15:12:16.963  1774  2279 D PowerManagerService: getScreenOffTimeoutLocked:  isTestFlag = false
09-27 15:12:16.964  4942  4942 D QC_RIL_OEM_HOOK: Received Broadcast Intent ACTION_UNSOL_RESPONSE_OEM_HOOK_RAW
09-27 15:12:16.964  4942  4942 D QC_RIL_OEM_HOOK: Oem ID in QCRILHOOK UNSOL RESP is QOEMHOOK
09-27 15:12:16.968  2651  3234 W DpmTcmClient: read failed bytes countRead: -1
09-27 15:12:16.968  3194  6659 W DpmTcmClient: read failed bytes countRead: -1
09-27 15:12:16.969  4576  4647 W DpmTcmClient: read failed bytes countRead: -1
09-27 15:12:16.969  5699  5729 W DpmTcmClient: read failed bytes countRead: -1
09-27 15:12:16.970  2906  2956 W DpmTcmClient: read failed bytes countRead: -1
09-27 15:12:16.970  5809  5962 W DpmTcmClient: read failed bytes countRead: -1
09-27 15:12:16.970  5503  5545 W DpmTcmClient: read failed bytes countRead: -1
09-27 15:12:16.971  1774  2069 D PowerManagerService: getScreenOffTimeoutLocked:  isTestFlag = false
09-27 15:12:16.971  6480  6503 W DpmTcmClient: read failed bytes countRead: -1
09-27 15:12:16.973  5699  6839 W DpmTcmClient: read failed bytes countRead: -1
09-27 15:12:16.974  4942  4942 D QC_RIL_OEM_HOOK: Received Broadcast Intent ACTION_UNSOL_RESPONSE_OEM_HOOK_RAW
09-27 15:12:16.975  4942  4942 D QC_RIL_OEM_HOOK: Oem ID in QCRILHOOK UNSOL RESP is QOEMHOOK
09-27 15:12:16.975  6480  6523 W DpmTcmClient: read failed bytes countRead: -1
09-27 15:12:16.977  4942  4942 D QC_RIL_OEM_HOOK: Received Broadcast Intent ACTION_UNSOL_RESPONSE_OEM_HOOK_RAW
09-27 15:12:16.977  4942  4942 D QC_RIL_OEM_HOOK: Oem ID in QCRILHOOK UNSOL RESP is QOEMHOOK
09-27 15:12:16.979  5809  5981 W DpmTcmClient: read failed bytes countRead: -1
09-27 15:12:16.984  2249  8171 I chatty  : uid=1001(radio) com.android.phone expire 2 lines
09-27 15:12:16.992   818  1758 V IdletimerController: runCmd(/system/bin/ip6tables -w -W 10000 -t mangle -D idletimer_mangle_POSTROUTING -o rmnet_data0 -j IDLETIMER --timeout 10 --label 0 --send_nl_msg 1) res_ipv4=0, res_ipv6=0
09-27 15:12:16.995  3194  7919 E CheckinTask: Checkin failed: https://android.clients.google.com/checkin (request #0): java.net.ConnectException: Network is unreachable
09-27 15:12:16.996  1774  1901 D PowerManagerService: getScreenOffTimeoutLocked:  isTestFlag = false
09-27 15:12:16.997  1774  1901 D ConnectivityService: Sending DISCONNECTED broadcast for type 0 NetworkAgentInfo [MOBILE (LTE) - 102] isDefaultNetwork=true
09-27 15:12:17.001  2235  2235 W DPMJ    : |SERVICE| DPM received ACTION_ANY_DATA_CONNECTION_STATE_CHANGEDims
09-27 15:12:17.012  1966  1966 D wpa_supplicant: RTM_NEWLINK: ifi_index=5 ifname=rmnet_data0 operstate=2 linkmode=0 ifi_family=0 ifi_flags=0x0 ()
09-27 15:12:17.022  1774  7878 D PowerManagerService: getScreenOffTimeoutLocked:  isTestFlag = false
09-27 15:12:17.026  6283  6283 D MusicLifecycle: com.google.android.music.net.NetworkConnectivityMonitor$NetworkChangedReceiver generated event: Broadcast received with context com.google.android.music.ui.PhoneMusicApplication@27dd3e7 and intent Intent { act=android.net.conn.CONNECTIVITY_CHANGE flg=0x4000010 (has extras) }
09-27 15:12:17.029   818  1751 I Netd    : Destroyed 1 sockets on 2409:8894:a000:b8ae:ff3d:89a3:f712:3399 in 0.4 ms
09-27 15:12:17.037  5699  5699 W Finsky  : [1] com.google.android.finsky.application.FinskyAppImpl.bw(1162): No account configured on this device.
09-27 15:12:17.038  6283  6283 I NetworkConnectivity: Network state changed: null
09-27 15:12:17.051  1774  2069 D PowerManagerService: getScreenOffTimeoutLocked:  isTestFlag = false
09-27 15:12:17.061  6283  6283 I NetworkPolicyMonitor: Stream-ability status changed to (false) unmetered wifi/eth: false mobileOrMetered: false
09-27 15:12:17.081  1774  2822 D PowerManagerService: getScreenOffTimeoutLocked:  isTestFlag = false
09-27 15:12:17.091  1774  1774 D PowerManagerService: getScreenOffTimeoutLocked:  isTestFlag = false
09-27 15:12:17.098  2249  2565 I chatty  : uid=1001(radio) Binder:2249_6 expire 2 lines
09-27 15:12:17.099  1774  1774 D PowerManagerService: getScreenOffTimeoutLocked:  isTestFlag = false
09-27 15:12:17.099  4923  4923 I qti-logkit.cDropboxReceiver: onReceive() intent Intent { act=android.intent.action.DROPBOX_ENTRY_ADDED flg=0x10 (has extras) }
09-27 15:12:17.115  1966  1966 D wpa_supplicant: RTM_NEWLINK: ifi_index=12 ifname=rmnet_data7 operstate=2 linkmode=0 ifi_family=0 ifi_flags=0x0 ()
09-27 15:12:17.119  4024  4024 D SimSelectNotification:  no of slots 2 provision = true
09-27 15:12:17.127  3194  7919 I CheckinChimeraService: Checking schedule, now: 1506496337127 next: 1506496396996
09-27 15:12:17.127  3194  7919 I CheckinChimeraService: active receiver: disabled
09-27 15:12:17.157  6283  6283 D MusicLifecycle: com.google.android.music.download.EncapsulatedBroadcastReceiver$1 generated event: Broadcast received with context com.google.android.music.ui.PhoneMusicApplication@27dd3e7 and intent Intent { act=com.google.android.music.download.keepon.KeeponSchedulingService.START_DOWNLOAD flg=0x10 }
09-27 15:12:17.169   818  1758 E Netd    : netlink response contains error (No such file or directory)
09-27 15:12:17.173  1774  1901 D ConnectivityService: NetworkAgentInfo [MOBILE (LTE) - 100] EVENT_NETWORK_INFO_CHANGED, going from CONNECTED to DISCONNECTED
09-27 15:12:17.174  1774  1901 D ConnectivityService: releasing NetworkRequest [ REQUEST id=8, [ Transports: CELLULAR Capabilities: IMS&TRUSTED&NOT_VPN Specifier: <1>] ]
09-27 15:12:17.177  1774  1901 D ConnectivityService: no live requests for NetworkAgentInfo [MOBILE (LTE) - 100]; disconnecting
09-27 15:12:17.180  1774  1901 D ConnectivityService: NetworkAgentInfo [MOBILE (LTE) - 100] got DISCONNECTED, was satisfying 3
09-27 15:12:17.181  1774  1901 D PowerManagerService: getScreenOffTimeoutLocked:  isTestFlag = false
09-27 15:12:17.195  1774  2797 D PowerManagerService: getScreenOffTimeoutLocked:  isTestFlag = false
09-27 15:12:17.220  5503  5545 W DpmTcmClient: read failed bytes countRead: -1
09-27 15:12:17.220  5699  5729 W DpmTcmClient: read failed bytes countRead: -1
09-27 15:12:17.220  2906  2956 W DpmTcmClient: read failed bytes countRead: -1
09-27 15:12:17.220  6480  6523 W DpmTcmClient: read failed bytes countRead: -1
09-27 15:12:17.221  5699  6839 W DpmTcmClient: read failed bytes countRead: -1
09-27 15:12:17.221  5809  5962 W DpmTcmClient: read failed bytes countRead: -1
09-27 15:12:17.221  2651  3234 W DpmTcmClient: read failed bytes countRead: -1
09-27 15:12:17.221  5809  5981 W DpmTcmClient: read failed bytes countRead: -1
09-27 15:12:17.221  4576  4647 W DpmTcmClient: read failed bytes countRead: -1
09-27 15:12:17.221  3194  6659 W DpmTcmClient: read failed bytes countRead: -1
09-27 15:12:17.221  6480  6503 W DpmTcmClient: read failed bytes countRead: -1
09-27 15:12:17.233  1774  2746 D PowerManagerService: getScreenOffTimeoutLocked:  isTestFlag = false
09-27 15:12:17.235  1774  2797 D PowerManagerService: getScreenOffTimeoutLocked:  isTestFlag = false
09-27 15:12:17.263  1774  2069 D PowerManagerService: getScreenOffTimeoutLocked:  isTestFlag = false
09-27 15:12:17.266  1774  2883 D PowerManagerService: getScreenOffTimeoutLocked:  isTestFlag = false
09-27 15:12:17.268  1774  2822 D PowerManagerService: getScreenOffTimeoutLocked:  isTestFlag = false
09-27 15:12:17.270  1774  2736 D PowerManagerService: getScreenOffTimeoutLocked:  isTestFlag = false
09-27 15:12:17.271  1774  1981 D PowerManagerService: getScreenOffTimeoutLocked:  isTestFlag = false
09-27 15:12:17.272  1774  2746 D PowerManagerService: getScreenOffTimeoutLocked:  isTestFlag = false
09-27 15:12:17.282  1774  2280 D PowerManagerService: getScreenOffTimeoutLocked:  isTestFlag = false
09-27 15:12:17.284  1774  2835 D PowerManagerService: getScreenOffTimeoutLocked:  isTestFlag = false
09-27 15:12:17.315  1774  1886 I Telecom : PhoneAccountRegistrar: [ComponentInfo{com.android.phone/com.android.services.telephony.TelephonyConnectionService}, [356a192b7913b04c54574d18c28d46e6395428ab], UserHandle{0}(addr: tel: -> tel:**************)(cap: 54 -> 62)(icon: Icon(typ=BITMAP size=72x72) -> Icon(typ=BITMAP size=72x72))(subAddr: tel: -> tel:**************)]: TSI.rPA@BDU
09-27 15:12:17.325  1774  1886 I Telecom : : Sending phone-account registered intent as user: TSI.rPA@BDU
09-27 15:12:17.362  1774  1774 D PowerManagerService: getScreenOffTimeoutLocked:  isTestFlag = false
09-27 15:12:17.362  1940  1940 I chatty  : uid=10032(com.android.systemui) expire 93 lines
09-27 15:12:17.374  2249  6709 I chatty  : uid=1001(radio) Binder:2249_9 expire 5 lines
09-27 15:12:17.418  2249  2261 I chatty  : uid=1001(radio) Binder:2249_1 expire 6 lines
09-27 15:12:17.424  1774  1787 D PowerManagerService: getScreenOffTimeoutLocked:  isTestFlag = false
09-27 15:12:17.424  1774  1787 I chatty  : uid=1000(system) android.bg expire 11 lines
09-27 15:12:17.427  2249  2564 I chatty  : uid=1001(radio) Binder:2249_5 expire 6 lines
09-27 15:12:17.430  1774  2823 D PowerManagerService: getScreenOffTimeoutLocked:  isTestFlag = false
09-27 15:12:17.432  1774  2795 D PowerManagerService: getScreenOffTimeoutLocked:  isTestFlag = false
09-27 15:12:17.434  1774  2822 D PowerManagerService: getScreenOffTimeoutLocked:  isTestFlag = false
09-27 15:12:17.435  1774  2797 D PowerManagerService: getScreenOffTimeoutLocked:  isTestFlag = false
09-27 15:12:17.437  1774  2069 D PowerManagerService: getScreenOffTimeoutLocked:  isTestFlag = false
09-27 15:12:17.438  2249  8205 I chatty  : uid=1001(radio) Binder:2249_A expire 1 line
09-27 15:12:17.439  1774  1981 D PowerManagerService: getScreenOffTimeoutLocked:  isTestFlag = false
09-27 15:12:17.442  1774  2746 D PowerManagerService: getScreenOffTimeoutLocked:  isTestFlag = false
09-27 15:12:17.450  1774  2069 D PowerManagerService: getScreenOffTimeoutLocked:  isTestFlag = false
09-27 15:12:17.471  2249  2332 I chatty  : uid=1001(radio) Binder:2249_4 expire 4 lines
09-27 15:12:17.503  1774  1774 I Telecom : CallLogManager: Country ISO changed. Retrieving new ISO...: CLM.oCD@BDY
09-27 15:12:17.539  1774  1901 I chatty  : uid=1000(system) ConnectivitySer expire 2 lines
09-27 15:12:17.540  2235  2248 D QtiTetherService/IpaWrapper: getStats(false)
09-27 15:12:17.558  1774  1774 D PowerManagerService: getScreenOffTimeoutLocked:  isTestFlag = false
09-27 15:12:17.563  1774  1901 D PowerManagerService: getScreenOffTimeoutLocked:  isTestFlag = false
09-27 15:12:17.566  1774  1901 I Nat464Xlat: Stopping clatd
09-27 15:12:17.570   818  1758 D ClatdController: Stopping clatd pid=3457 on rmnet_data7
09-27 15:12:17.585  2249  2249 D MccTable: updateMccMncConfiguration mccmnc='' fromServiceState=false
09-27 15:12:17.588  2235  2287 W QCNEJ   : |CORE| Phone id invalid or Service State available
09-27 15:12:17.605  1774  1787 D PowerManagerService: getScreenOffTimeoutLocked:  isTestFlag = false
09-27 15:12:17.640  1774  2280 D PowerManagerService: getScreenOffTimeoutLocked:  isTestFlag = false
09-27 15:12:17.642  1774  1785 D PowerManagerService: getScreenOffTimeoutLocked:  isTestFlag = false
09-27 15:12:17.643  1774  2883 D PowerManagerService: getScreenOffTimeoutLocked:  isTestFlag = false
09-27 15:12:17.645  1774  2736 D PowerManagerService: getScreenOffTimeoutLocked:  isTestFlag = false
09-27 15:12:17.654  1319  1380 E XTCC-5.1.0.23-d: [CS-RIL-LISTENER] handleRilCellUpdate failed, result = -1
09-27 15:12:17.660  1774  2797 D PowerManagerService: getScreenOffTimeoutLocked:  isTestFlag = false
09-27 15:12:17.665  1774  1774 D PowerManagerService: getScreenOffTimeoutLocked:  isTestFlag = false
09-27 15:12:17.676  1319  1380 E XTCC-5.1.0.23-d: [CS-RIL-LISTENER] handleRilCellUpdate failed, result = -1
09-27 15:12:17.730  4024  4024 D SimSelectNotification:  no of slots 2 provision = false
09-27 15:12:17.735  2235  2235 W DPMJ    : |SERVICE| DPM received ACTION_ANY_DATA_CONNECTION_STATE_CHANGEDdefault
09-27 15:12:17.735  2235  2235 W DPMJ    : |SERVICE| If apn type is default ->default
09-27 15:12:17.745  1774  1787 D PowerManagerService: getScreenOffTimeoutLocked:  isTestFlag = false
09-27 15:12:17.748  4752  4752 D SimStateReceiver: received broadcast android.intent.action.SIM_STATE_CHANGED
09-27 15:12:17.757  4752  4752 D SimStateReceiver: ACTION_SIM_STATE_CHANGED intent received on sub = 1SIM STATE IS ABSENT
09-27 15:12:17.758  4752  4752 W ContextImpl: Calling a method in the system process without a qualified user: android.app.ContextImpl.startService:1357 android.content.ContextWrapper.startService:613 android.content.ContextWrapper.startService:613 com.qualcomm.simcontacts.SimStateReceiver.sendSimState:83 com.qualcomm.simcontacts.SimStateReceiver.onReceive:53 
09-27 15:12:17.762  4752  4752 D SimContactsService: service onStart!
09-27 15:12:17.767  4752  4752 D SimContactsService: on sim state changed event, state:3, slot:1
09-27 15:12:17.771   818  1758 D ClatdController: clatd on rmnet_data7 stopped
09-27 15:12:17.777  1774  2835 D PowerManagerService: getScreenOffTimeoutLocked:  isTestFlag = false
09-27 15:12:17.783  1774  1786 D PowerManagerService: getScreenOffTimeoutLocked:  isTestFlag = false
09-27 15:12:17.797  1774  2883 I ActivityManager: Start proc 8222:org.codeaurora.ims/1001 for broadcast org.codeaurora.ims/.ImsServiceAutoboot
09-27 15:12:17.804  1774  1886 D PowerManagerService: getScreenOffTimeoutLocked:  isTestFlag = false
09-27 15:12:17.808  1774  2822 D PowerManagerService: getScreenOffTimeoutLocked:  isTestFlag = false
09-27 15:12:17.813  4942  4942 D QC_RIL_OEM_HOOK: Received Broadcast Intent ACTION_UNSOL_RESPONSE_OEM_HOOK_RAW
09-27 15:12:17.813  4942  4942 D QC_RIL_OEM_HOOK: Oem ID in QCRILHOOK UNSOL RESP is QOEMHOOK
09-27 15:12:17.819  4942  4942 D QC_RIL_OEM_HOOK: Received Broadcast Intent ACTION_UNSOL_RESPONSE_OEM_HOOK_RAW
09-27 15:12:17.827  4942  4942 D QC_RIL_OEM_HOOK: Oem ID in QCRILHOOK UNSOL RESP is QOEMHOOK
09-27 15:12:17.849  1774  2822 I Telecom : PhoneAccountRegistrar: New phone account registered: [[ ] PhoneAccount: ComponentInfo{com.android.phone/com.android.services.telephony.TelephonyConnectionService}, [e0184adedf913b076626646d3f52c3b49c39ad6d], UserHandle{0} Capabilities: CallProvider MultiUser PlaceEmerg SimSub  Audio Routes: BESW Schemes: tel voicemail  Extras: null GroupId: [da39a3ee5e6b4b0d3255bfef95601890afd80709]]: TSI.rPA@BDk
09-27 15:12:17.861  1774  2822 I Telecom : : Sending phone-account registered intent as user: TSI.rPA@BDk
09-27 15:12:17.886  1774  2737 E Telecom : : Could not parse subId1 E: TSI.gCCPA@BDo
09-27 15:12:17.886  1774  2737 E Telecom : java.lang.NumberFormatException: For input string: "E"
09-27 15:12:17.886  1774  2737 E Telecom : 	at java.lang.Integer.parseInt(Integer.java:521)
09-27 15:12:17.886  1774  2737 E Telecom : 	at java.lang.Integer.parseInt(Integer.java:556)
09-27 15:12:17.886  1774  2737 E Telecom : 	at com.android.server.telecom.PhoneAccountRegistrar$6.compare(PhoneAccountRegistrar.java:896)
09-27 15:12:17.886  1774  2737 E Telecom : 	at com.android.server.telecom.PhoneAccountRegistrar$6.compare(PhoneAccountRegistrar.java:887)
09-27 15:12:17.886  1774  2737 E Telecom : 	at java.util.TimSort.countRunAndMakeAscending(TimSort.java:351)
09-27 15:12:17.886  1774  2737 E Telecom : 	at java.util.TimSort.sort(TimSort.java:216)
09-27 15:12:17.886  1774  2737 E Telecom : 	at java.util.Arrays.sort(Arrays.java:1523)
09-27 15:12:17.886  1774  2737 E Telecom : 	at java.util.Collections.sort(Collections.java:238)
09-27 15:12:17.886  1774  2737 E Telecom : 	at com.android.server.telecom.PhoneAccountRegistrar.getPhoneAccountHandles(PhoneAccountRegistrar.java:886)
09-27 15:12:17.886  1774  2737 E Telecom : 	at com.android.server.telecom.PhoneAccountRegistrar.getCallCapablePhoneAccounts(PhoneAccountRegistrar.java:565)
09-27 15:12:17.886  1774  2737 E Telecom : 	at com.android.server.telecom.TelecomServiceImpl$1.getCallCapablePhoneAccounts(TelecomServiceImpl.java:190)
09-27 15:12:17.886  1774  2737 E Telecom : 	at com.android.internal.telecom.ITelecomService$Stub.onTransact(ITelecomService.java:114)
09-27 15:12:17.886  1774  2737 E Telecom : 	at android.os.Binder.execTransact(Binder.java:565)
09-27 15:12:17.898  1774  2746 I Telecom : : Sending phone-account unregistered intent as user: TSI.uPA@BDs
09-27 15:12:17.902   818  1758 E Netd    : netlink response contains error (No such file or directory)
09-27 15:12:17.904  2249  8241 I chatty  : uid=1001(radio) com.android.phone expire 2 lines
09-27 15:12:17.913  1774  2901 I chatty  : uid=1000(system) Binder:1774_11 expire 1 line
09-27 15:12:17.957  4923  4923 I qti-logkit.cDropboxReceiver: onReceive() intent Intent { act=android.intent.action.DROPBOX_ENTRY_ADDED flg=0x10 (has extras) }
09-27 15:12:17.972  1774  1774 I Telecom : ViceNotificationImpl: mImsIntentReceiver: action com.android.ims.IMS_SERVICE_UP
09-27 15:12:17.975  1774  1886 D PowerManagerService: getScreenOffTimeoutLocked:  isTestFlag = false
09-27 15:12:17.977  1774  1883 D PowerManagerService: getScreenOffTimeoutLocked:  isTestFlag = false
09-27 15:12:17.981  1774  2901 D PowerManagerService: getScreenOffTimeoutLocked:  isTestFlag = false
09-27 15:12:17.981  4942  4942 D QC_RIL_OEM_HOOK: Received Broadcast Intent ACTION_UNSOL_RESPONSE_OEM_HOOK_RAW
09-27 15:12:17.982  4942  4942 D QC_RIL_OEM_HOOK: Oem ID in QCRILHOOK UNSOL RESP is QOEMHOOK
09-27 15:12:17.983  1774  2280 D PowerManagerService: getScreenOffTimeoutLocked:  isTestFlag = false
09-27 15:12:17.986  8222  8222 I chatty  : uid=1001(radio) org.codeaurora.ims expire 1 line
09-27 15:12:17.997  1774  2835 D PowerManagerService: getScreenOffTimeoutLocked:  isTestFlag = false
09-27 15:12:18.000  1774  1886 D PowerManagerService: getScreenOffTimeoutLocked:  isTestFlag = false
09-27 15:12:18.003  1774  2883 D PowerManagerService: getScreenOffTimeoutLocked:  isTestFlag = false
09-27 15:12:18.019  1774  2835 I Telecom : PhoneAccountRegistrar: [ComponentInfo{com.android.phone/com.android.services.telephony.TelephonyConnectionService}, [e0184adedf913b076626646d3f52c3b49c39ad6d], UserHandle{0}(icon: Icon(typ=BITMAP size=57x72) -> Icon(typ=BITMAP size=57x72))]: TSI.rPA@BD0
09-27 15:12:18.023  1774  2797 I ActivityManager: Start proc 8243:org.simalliance.openmobileapi.service/1000 for broadcast org.simalliance.openmobileapi.service/.SmartcardServiceBootCompletedBroadcastReceiver
09-27 15:12:18.025  1774  2835 I Telecom : : Sending phone-account registered intent as user: TSI.rPA@BD0
09-27 15:12:18.029  1774  2797 I ActivityManager: Killing 6022:com.android.email/u0a49 (adj 906): empty #17
09-27 15:12:18.037  4942  4942 D QC_RIL_OEM_HOOK: Received Broadcast Intent ACTION_UNSOL_RESPONSE_OEM_HOOK_RAW
09-27 15:12:18.039  4942  4942 D QC_RIL_OEM_HOOK: Oem ID in QCRILHOOK UNSOL RESP is QOEMHOOK
09-27 15:12:18.058  4752  4752 D SimContactsService: deleteDatabaseSimContacts
09-27 15:12:18.073  2249  8258 I chatty  : uid=1001(radio) com.android.phone expire 2 lines
09-27 15:12:18.074  1774  2823 D ActivityManager: cleanUpApplicationRecord -- 6022
09-27 15:12:18.093  1774  2234 D PowerManagerService: getScreenOffTimeoutLocked:  isTestFlag = false
09-27 15:12:18.101  1774  2234 D PowerManagerService: getScreenOffTimeoutLocked:  isTestFlag = false
09-27 15:12:18.103  1774  1785 D PowerManagerService: getScreenOffTimeoutLocked:  isTestFlag = false
