09-27 15:12:27.948  1774  1774 D PowerManagerService: getScreenOffTimeoutLocked:  isTestFlag = false
09-27 15:12:27.953  1774  2280 D PowerManagerService: getScreenOffTimeoutLocked:  isTestFlag = false
09-27 15:12:28.051  1966  2107 D wpa_supplicant: eap_proxy: wpa_qmi_client_indication_cb: msg_id=0x32
09-27 15:12:28.051  1966  2100 D wpa_supplicant: eap_proxy: wpa_qmi_client_indication_cb: msg_id=0x32
09-27 15:12:28.051  1966  2108 D wpa_supplicant: eap_proxy: wpa_qmi_client_indication_cb: msg_id=0x32
09-27 15:12:28.051  1966  2101 D wpa_supplicant: eap_proxy: wpa_qmi_client_indication_cb: msg_id=0x32
09-27 15:12:28.054  2364  2364 I chatty  : uid=1001(radio) com.qualcomm.qcrilmsgtunnel expire 27 lines
09-27 15:12:28.056  1774  2737 D PowerManagerService: getScreenOffTimeoutLocked:  isTestFlag = false
09-27 15:12:28.058  1774  2835 D PowerManagerService: getScreenOffTimeoutLocked:  isTestFlag = false
09-27 15:12:28.060  1774  2822 D PowerManagerService: getScreenOffTimeoutLocked:  isTestFlag = false
09-27 15:12:28.061  1774  2883 D PowerManagerService: getScreenOffTimeoutLocked:  isTestFlag = false
09-27 15:12:28.061  1774  1785 D PowerManagerService: getScreenOffTimeoutLocked:  isTestFlag = false
09-27 15:12:28.064  4942  4942 D QC_RIL_OEM_HOOK: Received Broadcast Intent ACTION_UNSOL_RESPONSE_OEM_HOOK_RAW
09-27 15:12:28.064  4942  4942 D QC_RIL_OEM_HOOK: Oem ID in QCRILHOOK UNSOL RESP is QOEMHOOK
09-27 15:12:28.066  4942  4942 D QC_RIL_OEM_HOOK: Received Broadcast Intent ACTION_UNSOL_RESPONSE_OEM_HOOK_RAW
09-27 15:12:28.066  4942  4942 D QC_RIL_OEM_HOOK: Oem ID in QCRILHOOK UNSOL RESP is QOEMHOOK
09-27 15:12:28.068  1774  2279 D PowerManagerService: getScreenOffTimeoutLocked:  isTestFlag = false
09-27 15:12:28.070  1774  2902 D PowerManagerService: getScreenOffTimeoutLocked:  isTestFlag = false
09-27 15:12:28.072  1774  2280 D PowerManagerService: getScreenOffTimeoutLocked:  isTestFlag = false
09-27 15:12:28.113  1774  2835 D PowerManagerService: getScreenOffTimeoutLocked:  isTestFlag = false
09-27 15:12:28.269  1774  2279 D PowerManagerService: getScreenOffTimeoutLocked:  isTestFlag = false
09-27 15:12:28.270  1774  2902 D PowerManagerService: getScreenOffTimeoutLocked:  isTestFlag = false
09-27 15:12:28.356   554   554 I rmt_storage: rmt_storage_connect_cb: clnt_h=0xc conn_h=0x7f9022a000
09-27 15:12:28.356   554   554 I rmt_storage: rmt_storage_rw_iovec_cb: /boot/modem_fs2: req_h=0xc msg_id=3: R/W request received
09-27 15:12:28.356   554   554 I rmt_storage: wakelock acquired: 1, error no: 42
09-27 15:12:28.356   554   736 I rmt_storage: rmt_storage_client_thread: /boot/modem_fs2: Unblock worker thread (th_id: 547877692496)
09-27 15:12:28.358  1774  2737 D PowerManagerService: getScreenOffTimeoutLocked:  isTestFlag = false
09-27 15:12:28.370  1940  1940 I chatty  : uid=10032(com.android.systemui) expire 16 lines
09-27 15:12:28.373  1774  2835 D PowerManagerService: getScreenOffTimeoutLocked:  isTestFlag = false
09-27 15:12:28.380  1774  1785 D PowerManagerService: getScreenOffTimeoutLocked:  isTestFlag = false
09-27 15:12:28.383  1774  2797 D PowerManagerService: getScreenOffTimeoutLocked:  isTestFlag = false
09-27 15:12:28.386  1774  1981 D PowerManagerService: getScreenOffTimeoutLocked:  isTestFlag = false
09-27 15:12:28.389  1774  2280 D PowerManagerService: getScreenOffTimeoutLocked:  isTestFlag = false
09-27 15:12:28.391  6722  6722 D CellBroadcastReceiver: onReceive Intent { act=android.intent.action.SIM_STATE_CHANGED flg=0x4000010 cmp=com.android.cellbroadcastreceiver/.CellBroadcastReceiver (has extras) }
09-27 15:12:28.400  2249  8614 I chatty  : uid=1001(radio) com.android.phone expire 2 lines
09-27 15:12:28.420   554   736 I rmt_storage: rmt_storage_client_thread: /boot/modem_fs2: req_h=0xc msg_id=3: Bytes written = 1572864
09-27 15:12:28.420   554   736 I rmt_storage: rmt_storage_client_thread: /boot/modem_fs2: req_h=0xc msg_id=3: Send response: res=0 err=0
09-27 15:12:28.420   554   736 I rmt_storage: rmt_storage_client_thread: /boot/modem_fs2: About to block rmt_storage client thread (th_id: 547877692496) wakelock released: 1, error no: 0
09-27 15:12:28.420   554   736 I rmt_storage: 
09-27 15:12:28.421   554   554 I rmt_storage: rmt_storage_disconnect_cb: clnt_h=0xc conn_h=0x7f9022a000
09-27 15:12:28.467  1774  2902 D PowerManagerService: getScreenOffTimeoutLocked:  isTestFlag = false
09-27 15:12:28.472  4942  4942 D QC_RIL_OEM_HOOK: Received Broadcast Intent ACTION_UNSOL_RESPONSE_OEM_HOOK_RAW
09-27 15:12:28.472  4942  4942 D QC_RIL_OEM_HOOK: Oem ID in QCRILHOOK UNSOL RESP is QOEMHOOK
09-27 15:12:28.473  1966  2100 D wpa_supplicant: eap_proxy: wpa_qmi_client_indication_cb: msg_id=0x32
09-27 15:12:28.474  1966  2107 D wpa_supplicant: eap_proxy: wpa_qmi_client_indication_cb: msg_id=0x32
09-27 15:12:28.474  1966  2108 D wpa_supplicant: eap_proxy: wpa_qmi_client_indication_cb: msg_id=0x32
09-27 15:12:28.474  1966  2101 D wpa_supplicant: eap_proxy: wpa_qmi_client_indication_cb: msg_id=0x32
09-27 15:12:28.476  1774  1786 D PowerManagerService: getScreenOffTimeoutLocked:  isTestFlag = false
09-27 15:12:28.478  2249  2249 D MccTable: updateMccMncConfiguration mccmnc='' fromServiceState=false
09-27 15:12:28.486  2493  2547 E         : qvp_rtp_task_ctx.qvp_rtp_message_queue = 0x7f7896d230
09-27 15:12:28.486  2493  2547 E         : qvp_rtp_task_ctx.qvp_rtp_free_msg_queue = 0x7f7896d248
09-27 15:12:28.486  2493  2547 E         : qvp_rtp_task_ctx.qvp_rtp_free_msg_queue = 0x7f7896d248
09-27 15:12:28.486  2493  2547 E         : qvp_rtp_task_ctx.qvp_rtp_free_msg_queue = 0x7f7896d248
09-27 15:12:28.486  2493  2547 E         : qvp_rtp_task_ctx.qvp_rtp_message_queue = 0x7f7896d230
09-27 15:12:28.486  2493  2547 E         : qvp_rtp_task_ctx.qvp_rtp_message_queue = 0x7f7896d230
09-27 15:12:28.489  2493  2548 E Diag_Lib: rtp_disconnect_cb killing pid 2493
09-27 15:12:28.498  1774  2983 D PowerManagerService: getScreenOffTimeoutLocked:  isTestFlag = false
09-27 15:12:28.505  1774  2797 D PowerManagerService: getScreenOffTimeoutLocked:  isTestFlag = false
09-27 15:12:28.518  1774  2795 D PowerManagerService: getScreenOffTimeoutLocked:  isTestFlag = false
09-27 15:12:28.524  1774  2746 I chatty  : uid=1000(system) Binder:1774_A expire 1 line
09-27 15:12:28.576  1966  1966 D wpa_supplicant: RTM_NEWLINK: ifi_index=11 ifname=rmnet_data6 operstate=2 linkmode=0 ifi_family=0 ifi_flags=0x0 ()
09-27 15:12:28.580  8620  8620 E Diag_Lib: qpLogDiagInit <== result : 1
09-27 15:12:28.581  8620  8620 E Diag_Lib: DATAD : gIsQXDMDisabled 0, gIsADBDisabled 1, gIsDebugDisabled 0, gIsIMSLogsDisabled 0
09-27 15:12:28.581  8620  8620 E Diag_Lib: [IMS_DataD] imsdatad.c | 5236 | | 8620 |DATAD#$$#0#DATAD STARTED
09-27 15:12:28.581  1966  1966 D wpa_supplicant: RTM_NEWLINK: ifi_index=11 ifname=rmnet_data6 operstate=2 linkmode=0 ifi_family=0 ifi_flags=0x0 ()
09-27 15:12:28.569  8620  8620 W imsdatadaemon: type=1400 audit(0.0:42): avc: denied { net_raw } for capability=13 scontext=u:r:ims:s0 tcontext=u:r:ims:s0 tclass=capability permissive=0
09-27 15:12:28.584  1966  1966 D wpa_supplicant: RTM_NEWLINK: ifi_index=11 ifname=rmnet_data6 operstate=2 linkmode=0 ifi_family=0 ifi_flags=0x0 ()
09-27 15:12:28.600  1774  1774 D PowerManagerService: getScreenOffTimeoutLocked:  isTestFlag = false
09-27 15:12:28.640  1774  1787 D PowerManagerService: getScreenOffTimeoutLocked:  isTestFlag = false
09-27 15:12:28.642  1966  2100 D wpa_supplicant: eap_proxy: wpa_qmi_client_indication_cb: msg_id=0x32
09-27 15:12:28.642  1966  2101 D wpa_supplicant: eap_proxy: wpa_qmi_client_indication_cb: msg_id=0x32
09-27 15:12:28.642  1966  2107 D wpa_supplicant: eap_proxy: wpa_qmi_client_indication_cb: msg_id=0x32
09-27 15:12:28.642  1966  2100 D wpa_supplicant: eap_proxy: wpa_qmi_client_indication_cb: msg_id=0x32
09-27 15:12:28.642  1966  2108 D wpa_supplicant: eap_proxy: wpa_qmi_client_indication_cb: msg_id=0x32
09-27 15:12:28.642  1966  2107 D wpa_supplicant: eap_proxy: wpa_qmi_client_indication_cb: msg_id=0x32
09-27 15:12:28.642  1966  2108 D wpa_supplicant: eap_proxy: wpa_qmi_client_indication_cb: msg_id=0x32
09-27 15:12:28.642  1966  2101 D wpa_supplicant: eap_proxy: wpa_qmi_client_indication_cb: msg_id=0x32
09-27 15:12:28.644  1774  2795 D PowerManagerService: getScreenOffTimeoutLocked:  isTestFlag = false
09-27 15:12:28.649  1774  1886 D PowerManagerService: getScreenOffTimeoutLocked:  isTestFlag = false
09-27 15:12:28.713  1940  2334 I chatty  : uid=10032(com.android.systemui) PhoneStatusBar expire 59 lines
09-27 15:12:28.810  2249  2262 I chatty  : uid=1001(radio) Binder:2249_2 expire 4 lines
09-27 15:12:28.840  1966  2100 D wpa_supplicant: eap_proxy: wpa_qmi_client_indication_cb: msg_id=0x32
09-27 15:12:28.841  1966  2107 D wpa_supplicant: eap_proxy: wpa_qmi_client_indication_cb: msg_id=0x32
09-27 15:12:28.841  1966  2108 D wpa_supplicant: eap_proxy: wpa_qmi_client_indication_cb: msg_id=0x32
09-27 15:12:28.841  1966  2101 D wpa_supplicant: eap_proxy: wpa_qmi_client_indication_cb: msg_id=0x32
09-27 15:12:28.843  1774  2901 D PowerManagerService: getScreenOffTimeoutLocked:  isTestFlag = false
09-27 15:12:28.850   818  1758 E Netd    : netlink response contains error (No such file or directory)
09-27 15:12:28.876  2249  3181 I chatty  : uid=1001(radio) Binder:2249_7 expire 5 lines
09-27 15:12:28.932  1774  1981 D PowerManagerService: getScreenOffTimeoutLocked:  isTestFlag = false
09-27 15:12:28.938  1774  2795 D PowerManagerService: getScreenOffTimeoutLocked:  isTestFlag = false
09-27 15:12:28.942  1774  2902 D PowerManagerService: getScreenOffTimeoutLocked:  isTestFlag = false
09-27 15:12:28.942  1319  1380 E XTCC-5.1.0.23-d: [CS-RIL-LISTENER] handleRilCellUpdate failed, result = -1
09-27 15:12:28.952  1774  1981 D PowerManagerService: getScreenOffTimeoutLocked:  isTestFlag = false
09-27 15:12:28.958  4024  4024 D SimSelectNotification:  no of slots 2 provision = true
09-27 15:12:28.965  1940  1940 I chatty  : uid=10032(com.android.systemui) expire 3 lines
09-27 15:12:28.970  2249  2565 I chatty  : uid=1001(radio) Binder:2249_6 expire 3 lines
09-27 15:12:28.983  1774  1886 D PowerManagerService: getScreenOffTimeoutLocked:  isTestFlag = false
09-27 15:12:29.005  1774  1774 D PowerManagerService: getScreenOffTimeoutLocked:  isTestFlag = false
09-27 15:12:29.035  1940  2334 I chatty  : uid=10032(com.android.systemui) PhoneStatusBar expire 8 lines
09-27 15:12:29.046  1774  1787 D PowerManagerService: getScreenOffTimeoutLocked:  isTestFlag = false
09-27 15:12:29.057  1940  1940 I chatty  : uid=10032(com.android.systemui) expire 7 lines
09-27 15:12:29.080  1774  2737 D PowerManagerService: getScreenOffTimeoutLocked:  isTestFlag = false
09-27 15:12:29.093  2249  3218 I chatty  : uid=1001(radio) Binder:2249_8 expire 1 line
09-27 15:12:29.128  2235  2235 I chatty  : uid=1000(system) .dataservices expire 22 lines
09-27 15:12:29.140  8618  8618 E Diag_Lib: bLogRTPMsgs 1, bLogRTPDataMsgs 1,bLogAdbMsgs 0
09-27 15:12:29.140  8618  8618 E         : qvp_rtp_task_init
09-27 15:12:29.140  8618  8618 E         : qvp_rtp_task_ctx.qvp_rtp_message_queue = 0x7fa3c40230
09-27 15:12:29.140  8618  8618 E         : qvp_rtp_task_ctx.qvp_rtp_message_queue = 0x7fa3c40248
09-27 15:12:29.142  8618  8638 E         : qvp_rtp_handle_signals
09-27 15:12:29.144  8618  8638 E Diag_Lib: [IMS_FATAL]| 1226 | 8638 |qpNetSetReadFds - DataD IPC socket not available
09-27 15:12:29.144  8618  8638 D Diag_Lib: [IMS_DEBUG]| 1286 | 8638 |qpNetSelect :Setting sel timeout of 2 seconds for recovery
09-27 15:12:29.145  8618  8638 E Diag_Lib: [IMS_FATAL]| 1025 | 8638 |qpCheckSockEventsOnNetConnProfiles : pNetConnProfileArray NULL
09-27 15:12:29.145  8618  8638 D Diag_Lib: [IMS_DEBUG]| 1376 | 8638 |qpNetSelect : Data Daemon Handle NULL, Init again
09-27 15:12:29.145  8618  8638 D Diag_Lib: [IMS_DEBUG]| 793 | 8638 |qpDataDaemon_ipc_init: IsServiceUp Ind sent:0
09-27 15:12:29.145  8618  8638 E         : qvp_rtp_task_ctx.qvp_rtp_message_queue = 0x7fa3c40230
09-27 15:12:29.146  8618  8638 E         : qvp_rtp_h264_profile_init rateadaptEnabled =15
09-27 15:12:29.146  8618  8638 E         : qvp_rtp_task_ctx.qvp_rtp_free_msg_queue = 0x7fa3c40248
09-27 15:12:29.129  8618  8618 W ims_rtp_daemon: type=1400 audit(0.0:43): avc: denied { net_raw } for capability=13 scontext=u:r:ims:s0 tcontext=u:r:ims:s0 tclass=capability permissive=0
09-27 15:12:29.207  1774  2280 D PowerManagerService: getScreenOffTimeoutLocked:  isTestFlag = false
09-27 15:12:29.210  1774  2835 D PowerManagerService: getScreenOffTimeoutLocked:  isTestFlag = false
09-27 15:12:29.217  1774  2823 D PowerManagerService: getScreenOffTimeoutLocked:  isTestFlag = false
09-27 15:12:29.218  4942  4942 D QC_RIL_OEM_HOOK: Received Broadcast Intent ACTION_UNSOL_RESPONSE_OEM_HOOK_RAW
09-27 15:12:29.219  4942  4942 D QC_RIL_OEM_HOOK: Oem ID in QCRILHOOK UNSOL RESP is QOEMHOOK
09-27 15:12:29.222  1774  2822 D PowerManagerService: getScreenOffTimeoutLocked:  isTestFlag = false
09-27 15:12:29.228  4942  4942 D QC_RIL_OEM_HOOK: Received Broadcast Intent ACTION_UNSOL_RESPONSE_OEM_HOOK_RAW
09-27 15:12:29.228  4942  4942 D QC_RIL_OEM_HOOK: Oem ID in QCRILHOOK UNSOL RESP is QOEMHOOK
09-27 15:12:29.282  1774  2883 D PowerManagerService: getScreenOffTimeoutLocked:  isTestFlag = false
09-27 15:12:29.318  1774  1886 I Telecom : PhoneAccountRegistrar: [ComponentInfo{com.android.phone/com.android.services.telephony.TelephonyConnectionService}, [e0184adedf913b076626646d3f52c3b49c39ad6d], UserHandle{0}(icon: Icon(typ=BITMAP size=57x72) -> Icon(typ=BITMAP size=57x72))]: TSI.rPA@BGU
09-27 15:12:29.326  1774  1886 I Telecom : : Sending phone-account registered intent as user: TSI.rPA@BGU
09-27 15:12:29.402  2249  8640 I chatty  : uid=1001(radio) com.android.phone expire 2 lines
09-27 15:12:29.402  1774  1786 D PowerManagerService: getScreenOffTimeoutLocked:  isTestFlag = false
09-27 15:12:29.405  1774  2746 D PowerManagerService: getScreenOffTimeoutLocked:  isTestFlag = false
09-27 15:12:29.408  1774  2280 D PowerManagerService: getScreenOffTimeoutLocked:  isTestFlag = false
09-27 15:12:29.413  1774  2835 D PowerManagerService: getScreenOffTimeoutLocked:  isTestFlag = false
09-27 15:12:29.417  1774  1886 D PowerManagerService: getScreenOffTimeoutLocked:  isTestFlag = false
09-27 15:12:29.474  1940  2334 I chatty  : uid=10032(com.android.systemui) PhoneStatusBar expire 9 lines
09-27 15:12:29.525  1774  1774 D PowerManagerService: getScreenOffTimeoutLocked:  isTestFlag = false
09-27 15:12:29.528  1940  1940 I chatty  : uid=10032(com.android.systemui) expire 3 lines
09-27 15:12:29.529  3564  3564 W Settings: Setting airplane_mode_on has moved from android.provider.Settings.System to android.provider.Settings.Global, returning read-only value.
09-27 15:12:29.534  3564  3564 W ContextImpl: Calling a method in the system process without a qualified user: android.app.ContextImpl.sendBroadcast:877 android.content.ContextWrapper.sendBroadcast:421 com.qualcomm.qti.qs.tiles.ApnTile.handleUpdateState:94 com.qualcomm.qti.qs.tiles.ApnTile$ApnObserver.onChange:210 android.database.ContentObserver.onChange:145 
09-27 15:12:29.538  1774  2823 I chatty  : uid=1000(system) Binder:1774_E expire 3 lines
09-27 15:12:29.544  1774  2737 D PowerManagerService: getScreenOffTimeoutLocked:  isTestFlag = false
09-27 15:12:29.545  1966  2100 D wpa_supplicant: eap_proxy: wpa_qmi_client_indication_cb: msg_id=0x32
09-27 15:12:29.545  1966  2107 D wpa_supplicant: eap_proxy: wpa_qmi_client_indication_cb: msg_id=0x32
09-27 15:12:29.545  1966  2101 D wpa_supplicant: eap_proxy: wpa_qmi_client_indication_cb: msg_id=0x32
09-27 15:12:29.545  1966  2108 D wpa_supplicant: eap_proxy: wpa_qmi_client_indication_cb: msg_id=0x32
09-27 15:12:29.553  1774  1787 D PowerManagerService: getScreenOffTimeoutLocked:  isTestFlag = false
09-27 15:12:29.555  1774  2069 D PowerManagerService: getScreenOffTimeoutLocked:  isTestFlag = false
09-27 15:12:29.557  1774  1785 D PowerManagerService: getScreenOffTimeoutLocked:  isTestFlag = false
09-27 15:12:29.579  4991  4991 I LKCore  : vendor/qcom/proprietary/qti-logkit/LKCore/SocketConnector.h:554: IsConnected true
09-27 15:12:29.586  4942  4942 D QC_RIL_OEM_HOOK: Received Broadcast Intent ACTION_UNSOL_RESPONSE_OEM_HOOK_RAW
09-27 15:12:29.587  4942  4942 D QC_RIL_OEM_HOOK: Oem ID in QCRILHOOK UNSOL RESP is QOEMHOOK
09-27 15:12:29.589  4942  4942 D QC_RIL_OEM_HOOK: Received Broadcast Intent ACTION_UNSOL_RESPONSE_OEM_HOOK_RAW
09-27 15:12:29.590  4942  4942 D QC_RIL_OEM_HOOK: Oem ID in QCRILHOOK UNSOL RESP is QOEMHOOK
09-27 15:12:29.719  1774  1886 D PowerManagerService: getScreenOffTimeoutLocked:  isTestFlag = false
09-27 15:12:29.720  1774  1785 D PowerManagerService: getScreenOffTimeoutLocked:  isTestFlag = false
09-27 15:12:29.722  1774  2797 D PowerManagerService: getScreenOffTimeoutLocked:  isTestFlag = false
09-27 15:12:29.724  1774  2069 D PowerManagerService: getScreenOffTimeoutLocked:  isTestFlag = false
09-27 15:12:29.737  1940  1940 D CarrierText: Handling (subId=2): NOT_READY No service
09-27 15:12:29.741  4024  4024 D SimSelectNotification:  no of slots 2 provision = false
09-27 15:12:29.742  1940  1940 D CarrierText: updateCarrierText(): 1
09-27 15:12:29.759  1774  2822 D PowerManagerService: getScreenOffTimeoutLocked:  isTestFlag = false
09-27 15:12:29.761  3564  3564 W Settings: Setting airplane_mode_on has moved from android.provider.Settings.System to android.provider.Settings.Global, returning read-only value.
09-27 15:12:29.761  1774  2835 D PowerManagerService: getScreenOffTimeoutLocked:  isTestFlag = false
09-27 15:12:29.762  4752  4752 D SimStateReceiver: received broadcast android.intent.action.SIM_STATE_CHANGED
09-27 15:12:29.765  4752  4752 D SimStateReceiver: ACTION_SIM_STATE_CHANGED intent received on sub = 1SIM STATE IS NOT_READY
09-27 15:12:29.766  4752  4752 W ContextImpl: Calling a method in the system process without a qualified user: android.app.ContextImpl.startService:1357 android.content.ContextWrapper.startService:613 android.content.ContextWrapper.startService:613 com.qualcomm.simcontacts.SimStateReceiver.sendSimState:83 com.qualcomm.simcontacts.SimStateReceiver.onReceive:53 
09-27 15:12:29.768  1774  2795 I chatty  : uid=1000(system) Binder:1774_B expire 5 lines
09-27 15:12:29.771  3564  3564 W ContextImpl: Calling a method in the system process without a qualified user: android.app.ContextImpl.sendBroadcast:877 android.content.ContextWrapper.sendBroadcast:421 com.qualcomm.qti.qs.tiles.RoamingTile.handleUpdateState:75 com.qualcomm.qti.qs.tiles.RoamingTile$RoamingObserver.onChange:109 android.database.ContentObserver.onChange:130 
09-27 15:12:29.778  1940  1940 D CarrierText: Handling (subId=2): NOT_READY No service
09-27 15:12:29.781  1940  1940 D CarrierText: updateCarrierText(): 1
09-27 15:12:29.783  4752  4752 D SimContactsService: service onStart!
09-27 15:12:29.787   758   843 D ThermalEngine: sensor_wait: case_therm Wait done.
09-27 15:12:29.788  1774  2737 D PowerManagerService: getScreenOffTimeoutLocked:  isTestFlag = false
09-27 15:12:29.788   758   843 D ThermalEngine: sensor_monitor: case_therm Reading 36000 .
09-27 15:12:29.788   758   843 I ThermalEngine: Sensor:case_therm:36000 mC
09-27 15:12:29.789   758   843 D ThermalEngine: update_active_thresh: case_therm Active(1), Hi(1) 38000, Lo(0) -2147483648, Interval(1) 10000
09-27 15:12:29.789   758   843 D ThermalEngine: sensor_monitor: case_therm Sensor wait.
09-27 15:12:29.789   758   843 D ThermalEngine: sensor_wait: case_therm Wait start. 10000ms
09-27 15:12:29.792  4752  4752 D SimContactsService: on sim state changed event, state:2, slot:1
09-27 15:12:29.793  1774  2835 D PowerManagerService: getScreenOffTimeoutLocked:  isTestFlag = false
09-27 15:12:29.793  3564  3564 W Settings: Setting airplane_mode_on has moved from android.provider.Settings.System to android.provider.Settings.Global, returning read-only value.
09-27 15:12:29.795  1774  2280 D PowerManagerService: getScreenOffTimeoutLocked:  isTestFlag = false
09-27 15:12:29.801  1774  1786 D PowerManagerService: getScreenOffTimeoutLocked:  isTestFlag = false
09-27 15:12:29.802  2249  8205 I chatty  : uid=1001(radio) Binder:2249_A expire 7 lines
09-27 15:12:29.804  3564  3564 W ContextImpl: Calling a method in the system process without a qualified user: android.app.ContextImpl.sendBroadcast:877 android.content.ContextWrapper.sendBroadcast:421 com.qualcomm.qti.qs.tiles.DataTile.handleUpdateState:77 com.qualcomm.qti.qs.tiles.DataTile$DataObserver.onChange:99 android.database.ContentObserver.onChange:130 
09-27 15:12:29.811  1940  1940 D CarrierText: Handling (subId=2): NOT_READY No service
09-27 15:12:29.817  1774  2797 I chatty  : uid=1000(system) Binder:1774_C expire 1 line
09-27 15:12:29.823  4942  4942 D QC_RIL_OEM_HOOK: Received Broadcast Intent ACTION_UNSOL_RESPONSE_OEM_HOOK_RAW
09-27 15:12:29.823  4942  4942 D QC_RIL_OEM_HOOK: Oem ID in QCRILHOOK UNSOL RESP is QOEMHOOK
09-27 15:12:29.826  1774  2736 D PowerManagerService: getScreenOffTimeoutLocked:  isTestFlag = false
09-27 15:12:29.826  4942  4942 D QC_RIL_OEM_HOOK: Received Broadcast Intent ACTION_UNSOL_RESPONSE_OEM_HOOK_RAW
09-27 15:12:29.826  8222  8222 I chatty  : uid=1001(radio) org.codeaurora.ims expire 1 line
09-27 15:12:29.832  4942  4942 D QC_RIL_OEM_HOOK: Oem ID in QCRILHOOK UNSOL RESP is QOEMHOOK
09-27 15:12:29.835  3564  3564 W Settings: Setting airplane_mode_on has moved from android.provider.Settings.System to android.provider.Settings.Global, returning read-only value.
09-27 15:12:29.847  3564  3564 W ContextImpl: Calling a method in the system process without a qualified user: android.app.ContextImpl.sendBroadcast:877 android.content.ContextWrapper.sendBroadcast:421 com.qualcomm.qti.qs.tiles.DdsTile.handleUpdateState:102 com.qualcomm.qti.qs.tiles.DdsTile$DdsObserver.onChange:154 android.database.ContentObserver.onChange:130 
09-27 15:12:29.859  1774  2901 I chatty  : uid=1000(system) Binder:1774_11 expire 3 lines
09-27 15:12:29.902  5041  5041 I SmartcardService: sim_state changed : NOT_READY on sub 1
09-27 15:12:29.936  4752  4752 D SimContactsService: deleteDatabaseSimContacts
09-27 15:12:29.986  1774  1786 D PowerManagerService: getScreenOffTimeoutLocked:  isTestFlag = false
09-27 15:12:30.002  1774  2280 D PowerManagerService: getScreenOffTimeoutLocked:  isTestFlag = false
09-27 15:12:30.006  1774  2902 D PowerManagerService: getScreenOffTimeoutLocked:  isTestFlag = false
09-27 15:12:30.007  1774  2835 I Telecom : PhoneAccountRegistrar: New phone account registered: [[ ] PhoneAccount: ComponentInfo{com.android.phone/com.android.services.telephony.TelephonyConnectionService}, [da4b9237bacccdf19c0760cab7aec4a8359010b0], UserHandle{0} Capabilities: CallProvider MultiUser PlaceEmerg SimSub  Audio Routes: BESW Schemes: tel voicemail  Extras: null GroupId: [da39a3ee5e6b4b0d3255bfef95601890afd80709]]: TSI.rPA@BGo
09-27 15:12:30.013  4942  4942 D QC_RIL_OEM_HOOK: Received Broadcast Intent ACTION_UNSOL_RESPONSE_OEM_HOOK_RAW
09-27 15:12:30.013  4942  4942 D QC_RIL_OEM_HOOK: Oem ID in QCRILHOOK UNSOL RESP is QOEMHOOK
09-27 15:12:30.021  1774  2835 I Telecom : : Sending phone-account registered intent as user: TSI.rPA@BGo
09-27 15:12:30.051  1774  1785 E Telecom : : Could not parse subId2 E: TSI.gCCPA@BGs
09-27 15:12:30.051  1774  1785 E Telecom : java.lang.NumberFormatException: For input string: "E"
09-27 15:12:30.051  1774  1785 E Telecom : 	at java.lang.Integer.parseInt(Integer.java:521)
09-27 15:12:30.051  1774  1785 E Telecom : 	at java.lang.Integer.parseInt(Integer.java:556)
09-27 15:12:30.051  1774  1785 E Telecom : 	at com.android.server.telecom.PhoneAccountRegistrar$6.compare(PhoneAccountRegistrar.java:902)
09-27 15:12:30.051  1774  1785 E Telecom : 	at com.android.server.telecom.PhoneAccountRegistrar$6.compare(PhoneAccountRegistrar.java:887)
09-27 15:12:30.051  1774  1785 E Telecom : 	at java.util.TimSort.countRunAndMakeAscending(TimSort.java:351)
09-27 15:12:30.051  1774  1785 E Telecom : 	at java.util.TimSort.sort(TimSort.java:216)
09-27 15:12:30.051  1774  1785 E Telecom : 	at java.util.Arrays.sort(Arrays.java:1523)
09-27 15:12:30.051  1774  1785 E Telecom : 	at java.util.Collections.sort(Collections.java:238)
09-27 15:12:30.051  1774  1785 E Telecom : 	at com.android.server.telecom.PhoneAccountRegistrar.getPhoneAccountHandles(PhoneAccountRegistrar.java:886)
09-27 15:12:30.051  1774  1785 E Telecom : 	at com.android.server.telecom.PhoneAccountRegistrar.getCallCapablePhoneAccounts(PhoneAccountRegistrar.java:565)
09-27 15:12:30.051  1774  1785 E Telecom : 	at com.android.server.telecom.TelecomServiceImpl$1.getCallCapablePhoneAccounts(TelecomServiceImpl.java:190)
09-27 15:12:30.051  1774  1785 E Telecom : 	at com.android.internal.telecom.ITelecomService$Stub.onTransact(ITelecomService.java:114)
09-27 15:12:30.051  1774  1785 E Telecom : 	at android.os.Binder.execTransact(Binder.java:565)
09-27 15:12:30.052  2249  2249 I chatty  : uid=1001(radio) com.android.phone expire 254 lines
09-27 15:12:30.064  1774  2737 I Telecom : : Sending phone-account unregistered intent as user: TSI.uPA@BGw
09-27 15:12:30.098  1774  2883 D PowerManagerService: getScreenOffTimeoutLocked:  isTestFlag = false
09-27 15:12:30.114  1774  2736 D PowerManagerService: getScreenOffTimeoutLocked:  isTestFlag = false
09-27 15:12:30.119  4942  4942 D QC_RIL_OEM_HOOK: Received Broadcast Intent ACTION_UNSOL_RESPONSE_OEM_HOOK_RAW
09-27 15:12:30.120  4942  4942 D QC_RIL_OEM_HOOK: Oem ID in QCRILHOOK UNSOL RESP is QOEMHOOK
09-27 15:12:30.144  1774  2795 W ContextImpl: Calling a method in the system process without a qualified user: android.app.ContextImpl.sendBroadcast:877 android.content.ContextWrapper.sendBroadcast:421 com.android.server.telecom.PhoneAccountRegistrar.fireDefaultOutgoingChanged:714 com.android.server.telecom.PhoneAccountRegistrar.setUserSelectedOutgoingPhoneAccount:330 com.android.server.telecom.TelecomServiceImpl$1.setUserSelectedOutgoingPhoneAccount:164 
09-27 15:12:30.155  2249  8653 I chatty  : uid=1001(radio) com.android.phone expire 2 lines
09-27 15:12:30.158  1774  2280 D PowerManagerService: getScreenOffTimeoutLocked:  isTestFlag = false
09-27 15:12:30.160  1774  2883 D PowerManagerService: getScreenOffTimeoutLocked:  isTestFlag = false
09-27 15:12:30.162  1774  1981 D PowerManagerService: getScreenOffTimeoutLocked:  isTestFlag = false
09-27 15:12:30.164  1774  2901 D PowerManagerService: getScreenOffTimeoutLocked:  isTestFlag = false
09-27 15:12:30.195  2249  2648 I chatty  : uid=1001(radio) IFMsg_Rxr expire 36 lines
09-27 15:12:30.200  1774  1774 I Telecom : ViceNotificationImpl: mImsIntentReceiver: action com.android.ims.IMS_SERVICE_UP
09-27 15:12:30.218  1774  1981 I chatty  : uid=1000(system) Binder:1774_4 expire 3 lines
09-27 15:12:30.318  1774  1886 D PowerManagerService: getScreenOffTimeoutLocked:  isTestFlag = false
09-27 15:12:30.335  1774  1981 I Telecom : PhoneAccountRegistrar: [ComponentInfo{com.android.phone/com.android.services.telephony.TelephonyConnectionService}, [da4b9237bacccdf19c0760cab7aec4a8359010b0], UserHandle{0}(icon: Icon(typ=BITMAP size=72x72) -> Icon(typ=BITMAP size=72x72))]: TSI.rPA@BHQ
09-27 15:12:30.348  1774  1981 I Telecom : : Sending phone-account registered intent as user: TSI.rPA@BHQ
09-27 15:12:30.381  2249  8658 I chatty  : uid=1001(radio) com.android.phone expire 2 lines
09-27 15:12:30.382  1774  2069 D PowerManagerService: getScreenOffTimeoutLocked:  isTestFlag = false
09-27 15:12:30.466  1940  1940 D KeyguardUpdateMonitor: received broadcast android.intent.action.SIM_STATE_CHANGED
09-27 15:12:30.466  1940  1940 V KeyguardUpdateMonitor: action android.intent.action.SIM_STATE_CHANGED state: UNKNOWN slotId: 1 subid: 2
09-27 15:12:30.466  1940  1940 D KeyguardUpdateMonitor: handleSimStateChange(subId=2, slotId=1, state=UNKNOWN)
09-27 15:12:30.511  1774  2795 D PowerManagerService: getScreenOffTimeoutLocked:  isTestFlag = false
09-27 15:12:30.513  1774  2797 D PowerManagerService: getScreenOffTimeoutLocked:  isTestFlag = false
09-27 15:12:30.515  1774  2902 D PowerManagerService: getScreenOffTimeoutLocked:  isTestFlag = false
09-27 15:12:30.517  1774  2280 D PowerManagerService: getScreenOffTimeoutLocked:  isTestFlag = false
09-27 15:12:30.526  1774  2737 D PowerManagerService: getScreenOffTimeoutLocked:  isTestFlag = false
09-27 15:12:30.529  1774  2069 D PowerManagerService: getScreenOffTimeoutLocked:  isTestFlag = false
09-27 15:12:30.532  1774  2835 D PowerManagerService: getScreenOffTimeoutLocked:  isTestFlag = false
09-27 15:12:30.533  1940  2334 D TelephonyIcons: updateDataType slot=1, type=0, inetCondition=1 showAtLeast3G=false show4GforLte=true hspaDistinguishable=true
09-27 15:12:30.534  1774  2822 D PowerManagerService: getScreenOffTimeoutLocked:  isTestFlag = false
09-27 15:12:30.535  1940  2334 D TelephonyIcons: data type item name: array/telephony_data_type_sim1 id:2131427376
09-27 15:12:30.535  1940  2334 D TelephonyIcons: updateDataType mSelectedDataTypeIcon[1]=0, mSelectedDataActivityIndex=0
09-27 15:12:30.536  1940  2334 D TelephonyIcons: getSignalStrengthIcon: slot=1, inetCondition=1, level=0, roaming=false
09-27 15:12:30.536  1940  2334 D TelephonyIcons: signalStrengthArray.length=9
09-27 15:12:30.540  1940  2334 D TelephonyIcons: selectedTypeArray.length=2
09-27 15:12:30.541  1940  2334 D TelephonyIcons: inetArray.length=5
09-27 15:12:30.543  1940  2334 D TelephonyIcons: null signal icon name: drawable/stat_sys_signal_null
09-27 15:12:30.544  1940  2334 D TelephonyIcons: getDataTypeIcon sub=1
09-27 15:12:30.646  1774  2835 I Telecom : PhoneAccountRegistrar: [ComponentInfo{com.android.phone/com.android.services.telephony.TelephonyConnectionService}, [da4b9237bacccdf19c0760cab7aec4a8359010b0], UserHandle{0}(icon: Icon(typ=BITMAP size=72x72) -> Icon(typ=BITMAP size=72x72))]: TSI.rPA@BHc
09-27 15:12:30.657  1774  2835 I Telecom : : Sending phone-account registered intent as user: TSI.rPA@BHc
09-27 15:12:30.663  1774  2736 D PowerManagerService: getScreenOffTimeoutLocked:  isTestFlag = false
09-27 15:12:30.665  1774  1786 D PowerManagerService: getScreenOffTimeoutLocked:  isTestFlag = false
09-27 15:12:30.867  1774  2901 D PowerManagerService: getScreenOffTimeoutLocked:  isTestFlag = false
09-27 15:12:30.869  1774  2883 D PowerManagerService: getScreenOffTimeoutLocked:  isTestFlag = false
09-27 15:12:30.871  4923  4923 I qti-logkit.cDropboxReceiver: onReceive() intent Intent { act=android.intent.action.DROPBOX_ENTRY_ADDED flg=0x10 (has extras) }
09-27 15:12:30.872  1774  2901 D PowerManagerService: getScreenOffTimeoutLocked:  isTestFlag = false
09-27 15:12:30.875  1774  2069 D PowerManagerService: getScreenOffTimeoutLocked:  isTestFlag = false
09-27 15:12:30.890  1774  2835 D PowerManagerService: getScreenOffTimeoutLocked:  isTestFlag = false
09-27 15:12:30.901  1774  2823 D PowerManagerService: getScreenOffTimeoutLocked:  isTestFlag = false
09-27 15:12:30.904  1774  2746 D PowerManagerService: getScreenOffTimeoutLocked:  isTestFlag = false
09-27 15:12:30.909  4942  4942 D QC_RIL_OEM_HOOK: Received Broadcast Intent ACTION_UNSOL_RESPONSE_OEM_HOOK_RAW
09-27 15:12:30.909  4942  4942 D QC_RIL_OEM_HOOK: Oem ID in QCRILHOOK UNSOL RESP is QOEMHOOK
09-27 15:12:30.911  2249  8669 I chatty  : uid=1001(radio) com.android.phone expire 2 lines
09-27 15:12:30.914  4942  4942 D QC_RIL_OEM_HOOK: Received Broadcast Intent ACTION_UNSOL_RESPONSE_OEM_HOOK_RAW
09-27 15:12:30.915  4942  4942 D QC_RIL_OEM_HOOK: Oem ID in QCRILHOOK UNSOL RESP is QOEMHOOK
09-27 15:12:30.966  6722  6722 D CellBroadcastReceiver: onReceive Intent { act=android.intent.action.ACTION_DEFAULT_SMS_SUBSCRIPTION_CHANGED flg=0x20000010 cmp=com.android.cellbroadcastreceiver/.CellBroadcastReceiver (has extras) }
09-27 15:12:30.967  6722  6722 D CellBroadcastReceiver: Start Cell Broadcast configuration.
09-27 15:12:30.986  6722  8670 D CellBroadcastConfigService: Enable CellBroadcast on sub 2
09-27 15:12:31.011  1774  2737 I ActivityManager: Start proc 8671:com.google.android.apps.messaging/u0a86 for broadcast com.google.android.apps.messaging/.shared.receiver.DefaultSmsSubscriptionChangeReceiver
09-27 15:12:31.021  1774  2902 I Telecom : PhoneAccountRegistrar: [ComponentInfo{com.android.phone/com.android.services.telephony.TelephonyConnectionService}, [da4b9237bacccdf19c0760cab7aec4a8359010b0], UserHandle{0}(icon: Icon(typ=BITMAP size=72x72) -> Icon(typ=BITMAP size=72x72))]: TSI.rPA@BHk
09-27 15:12:31.031  1774  2902 I Telecom : : Sending phone-account registered intent as user: TSI.rPA@BHk
09-27 15:12:31.035  1774  2736 D PowerManagerService: getScreenOffTimeoutLocked:  isTestFlag = false
09-27 15:12:31.049  1774  2823 D PowerManagerService: getScreenOffTimeoutLocked:  isTestFlag = false
09-27 15:12:31.062  2249  2650 I chatty  : uid=1001(radio) ImsConfigImplHa expire 5 lines
09-27 15:12:31.063  1774  2069 D PowerManagerService: getScreenOffTimeoutLocked:  isTestFlag = false
09-27 15:12:31.098  1774  2069 D PowerManagerService: getScreenOffTimeoutLocked:  isTestFlag = false
09-27 15:12:31.104  1774  2901 D PowerManagerService: getScreenOffTimeoutLocked:  isTestFlag = false
09-27 15:12:31.104  2249  8685 I chatty  : uid=1001(radio) com.android.phone expire 2 lines
09-27 15:12:31.106  1774  2902 D PowerManagerService: getScreenOffTimeoutLocked:  isTestFlag = false
09-27 15:12:31.106  1774  1786 D PowerManagerService: getScreenOffTimeoutLocked:  isTestFlag = false
09-27 15:12:31.108  2249  8686 I chatty  : uid=1001(radio) com.android.phone expire 1 line
09-27 15:12:31.112  8671  8671 I art     : Starting a blocking GC AddRemoveAppImageSpace
09-27 15:12:31.114  1774  2736 D PowerManagerService: getScreenOffTimeoutLocked:  isTestFlag = false
09-27 15:12:31.117  1774  2737 D PowerManagerService: getScreenOffTimeoutLocked:  isTestFlag = false
09-27 15:12:31.120  8671  8671 W System  : ClassLoader referenced unknown path: /system/app/Messages/lib/arm64
09-27 15:12:31.121  1774  2280 D PowerManagerService: getScreenOffTimeoutLocked:  isTestFlag = false
09-27 15:12:31.123  1774  1886 D PowerManagerService: getScreenOffTimeoutLocked:  isTestFlag = false
09-27 15:12:31.126  1774  2069 D PowerManagerService: getScreenOffTimeoutLocked:  isTestFlag = false
09-27 15:12:31.128  1774  2901 D PowerManagerService: getScreenOffTimeoutLocked:  isTestFlag = false
09-27 15:12:31.130  1774  2822 D PowerManagerService: getScreenOffTimeoutLocked:  isTestFlag = false
09-27 15:12:31.131  1774  2902 D PowerManagerService: getScreenOffTimeoutLocked:  isTestFlag = false
09-27 15:12:31.132  1774  1786 D PowerManagerService: getScreenOffTimeoutLocked:  isTestFlag = false
09-27 15:12:31.133  1774  1981 D PowerManagerService: getScreenOffTimeoutLocked:  isTestFlag = false
09-27 15:12:31.135  1774  2746 D PowerManagerService: getScreenOffTimeoutLocked:  isTestFlag = false
09-27 15:12:31.136  1774  2736 D PowerManagerService: getScreenOffTimeoutLocked:  isTestFlag = false
09-27 15:12:31.137  1774  2279 D PowerManagerService: getScreenOffTimeoutLocked:  isTestFlag = false
09-27 15:12:31.138  1774  2737 D PowerManagerService: getScreenOffTimeoutLocked:  isTestFlag = false
09-27 15:12:31.140  1774  2797 D PowerManagerService: getScreenOffTimeoutLocked:  isTestFlag = false
09-27 15:12:31.141  1774  2280 D PowerManagerService: getScreenOffTimeoutLocked:  isTestFlag = false
09-27 15:12:31.143  1774  1886 D PowerManagerService: getScreenOffTimeoutLocked:  isTestFlag = false
09-27 15:12:31.144  1774  2835 D PowerManagerService: getScreenOffTimeoutLocked:  isTestFlag = false
09-27 15:12:31.146  1774  2069 D PowerManagerService: getScreenOffTimeoutLocked:  isTestFlag = false
09-27 15:12:31.147  1774  2901 D PowerManagerService: getScreenOffTimeoutLocked:  isTestFlag = false
09-27 15:12:31.149  1774  2822 D PowerManagerService: getScreenOffTimeoutLocked:  isTestFlag = false
09-27 15:12:31.150  1774  2902 D PowerManagerService: getScreenOffTimeoutLocked:  isTestFlag = false
09-27 15:12:31.151  1774  1786 D PowerManagerService: getScreenOffTimeoutLocked:  isTestFlag = false
09-27 15:12:31.153  1774  1981 D PowerManagerService: getScreenOffTimeoutLocked:  isTestFlag = false
09-27 15:12:31.154  1774  2746 D PowerManagerService: getScreenOffTimeoutLocked:  isTestFlag = false
09-27 15:12:31.155  1774  2736 D PowerManagerService: getScreenOffTimeoutLocked:  isTestFlag = false
09-27 15:12:31.156  1774  1785 D PowerManagerService: getScreenOffTimeoutLocked:  isTestFlag = false
09-27 15:12:31.158  1774  2797 D PowerManagerService: getScreenOffTimeoutLocked:  isTestFlag = false
09-27 15:12:31.159  1774  2823 D PowerManagerService: getScreenOffTimeoutLocked:  isTestFlag = false
09-27 15:12:31.161  1774  2280 D PowerManagerService: getScreenOffTimeoutLocked:  isTestFlag = false
09-27 15:12:31.163  1774  2883 D PowerManagerService: getScreenOffTimeoutLocked:  isTestFlag = false
09-27 15:12:31.169  8671  8671 I MultiDex: VM with version 2.1.0 has multidex support
09-27 15:12:31.169  8671  8671 I MultiDex: install
09-27 15:12:31.169  8671  8671 I MultiDex: VM has multidex support, MultiDex support library is disabled.
09-27 15:12:31.176  1774  2901 D PowerManagerService: getScreenOffTimeoutLocked:  isTestFlag = false
09-27 15:12:31.177  8671  8671 D FirebaseApp: com.google.firebase.auth.FirebaseAuth is not linked. Skipping initialization.
09-27 15:12:31.178  8671  8671 D FirebaseApp: com.google.firebase.iid.FirebaseInstanceId is not linked. Skipping initialization.
09-27 15:12:31.178  1774  2822 D PowerManagerService: getScreenOffTimeoutLocked:  isTestFlag = false
09-27 15:12:31.178  8671  8671 D FirebaseApp: com.google.firebase.crash.FirebaseCrash is not linked. Skipping initialization.
09-27 15:12:31.178  1940  1940 D KeyguardUpdateMonitor: received broadcast android.intent.action.SIM_STATE_CHANGED
09-27 15:12:31.179  1940  1940 V KeyguardUpdateMonitor: action android.intent.action.SIM_STATE_CHANGED state: READY slotId: 1 subid: 2
09-27 15:12:31.179  1940  1940 D KeyguardUpdateMonitor: handleSimStateChange(subId=2, slotId=1, state=READY)
09-27 15:12:31.179  1940  1940 D KeyguardViewMediator: onSimStateChanged(subId=2, slotId=1,state=READY)
09-27 15:12:31.179  8671  8671 D FirebaseApp: com.google.android.gms.measurement.AppMeasurement is not linked. Skipping initialization.
09-27 15:12:31.179  8671  8671 I FirebaseInitProvider: FirebaseApp initialization successful
09-27 15:12:31.182  1940  1940 D CarrierText: onSimStateChanged: Normal
09-27 15:12:31.182  1940  1940 D CarrierText: onSimStateChanged: Normal
09-27 15:12:31.182  1940  1940 D CarrierText: onSimStateChanged: Normal
09-27 15:12:31.182  1774  2737 D PowerManagerService: getScreenOffTimeoutLocked:  isTestFlag = false
09-27 15:12:31.188  1774  2823 D PowerManagerService: getScreenOffTimeoutLocked:  isTestFlag = false
09-27 15:12:31.195  1774  2822 D PowerManagerService: getScreenOffTimeoutLocked:  isTestFlag = false
09-27 15:12:31.197  1774  2883 I chatty  : uid=1000(system) Binder:1774_10 expire 3 lines
09-27 15:12:31.215  1774  2835 D PowerManagerService: getScreenOffTimeoutLocked:  isTestFlag = false
09-27 15:12:31.217  1774  2901 D PowerManagerService: getScreenOffTimeoutLocked:  isTestFlag = false
09-27 15:12:31.217  8671  8671 I BugleBackup: Registering preference change listener for "bugle".
09-27 15:12:31.220  1774  2883 D PowerManagerService: getScreenOffTimeoutLocked:  isTestFlag = false
09-27 15:12:31.224  1774  2069 D PowerManagerService: getScreenOffTimeoutLocked:  isTestFlag = false
09-27 15:12:31.228  1774  2737 D PowerManagerService: getScreenOffTimeoutLocked:  isTestFlag = false
09-27 15:12:31.229  1774  1785 D PowerManagerService: getScreenOffTimeoutLocked:  isTestFlag = false
09-27 15:12:31.231  1774  2736 D PowerManagerService: getScreenOffTimeoutLocked:  isTestFlag = false
09-27 15:12:31.232  1774  1981 D PowerManagerService: getScreenOffTimeoutLocked:  isTestFlag = false
09-27 15:12:31.234  1774  2835 D PowerManagerService: getScreenOffTimeoutLocked:  isTestFlag = false
09-27 15:12:31.236  1774  2902 D PowerManagerService: getScreenOffTimeoutLocked:  isTestFlag = false
09-27 15:12:31.238  1774  2822 D PowerManagerService: getScreenOffTimeoutLocked:  isTestFlag = false
09-27 15:12:31.240  1774  2737 D PowerManagerService: getScreenOffTimeoutLocked:  isTestFlag = false
09-27 15:12:31.251  1774  2883 D PowerManagerService: getScreenOffTimeoutLocked:  isTestFlag = false
09-27 15:12:31.253  1774  1886 D PowerManagerService: getScreenOffTimeoutLocked:  isTestFlag = false
09-27 15:12:31.257  1774  1785 D PowerManagerService: getScreenOffTimeoutLocked:  isTestFlag = false
09-27 15:12:31.258  8671  8693 I Bugle   : GServicesValues:
09-27 15:12:31.258  8671  8693 I Bugle   : No bugle gservices keys/values
09-27 15:12:31.260  1774  2737 D PowerManagerService: getScreenOffTimeoutLocked:  isTestFlag = false
09-27 15:12:31.268  1774  2901 D PowerManagerService: getScreenOffTimeoutLocked:  isTestFlag = false
09-27 15:12:31.271  1774  2795 D PowerManagerService: getScreenOffTimeoutLocked:  isTestFlag = false
09-27 15:12:31.273  1774  2797 D PowerManagerService: getScreenOffTimeoutLocked:  isTestFlag = false
09-27 15:12:31.275  1774  1981 D PowerManagerService: getScreenOffTimeoutLocked:  isTestFlag = false
09-27 15:12:31.399  1774  2901 D PowerManagerService: getScreenOffTimeoutLocked:  isTestFlag = false
09-27 15:12:31.407  2249  3181 I chatty  : uid=1001(radio) Binder:2249_7 expire 6 lines
09-27 15:12:31.423  2249  2262 I chatty  : uid=1001(radio) Binder:2249_2 expire 8 lines
09-27 15:12:31.435  2249  2261 I chatty  : uid=1001(radio) Binder:2249_1 expire 11 lines
09-27 15:12:31.436  1774  2822 D PowerManagerService: getScreenOffTimeoutLocked:  isTestFlag = false
09-27 15:12:31.451  1940  1940 V KeyguardUpdateMonitor: onSubscriptionInfoChanged()
09-27 15:12:31.452  1774  1774 D PowerManagerService: getScreenOffTimeoutLocked:  isTestFlag = false
09-27 15:12:31.452  1774  1774 I chatty  : uid=1000 system_server expire 4 lines
09-27 15:12:31.475  2249  2564 I chatty  : uid=1001(radio) Binder:2249_5 expire 7 lines
09-27 15:12:31.479  2249  8718 I chatty  : uid=1001(radio) com.android.phone expire 2 lines
09-27 15:12:31.484  1774  2280 D PowerManagerService: getScreenOffTimeoutLocked:  isTestFlag = false
09-27 15:12:31.485  1940  2334 D NetworkController.MobileSignalController(2): networkClass= showRat=true slot=1
09-27 15:12:31.487  1774  2797 D PowerManagerService: getScreenOffTimeoutLocked:  isTestFlag = false
09-27 15:12:31.489  1774  2736 D PowerManagerService: getScreenOffTimeoutLocked:  isTestFlag = false
09-27 15:12:31.489  2249  8717 I chatty  : uid=1001(radio) Binder:2249_B expire 6 lines
09-27 15:12:31.490  1774  2746 D PowerManagerService: getScreenOffTimeoutLocked:  isTestFlag = false
09-27 15:12:31.501  1940  1940 V KeyguardUpdateMonitor: SubInfo:{id=2, iccId=89860116831014056097 simSlotIndex=1 displayName=CARD 2 carrierName=No service nameSource=0 iconTint=-16746133 dataRoaming=0 iconBitmap=android.graphics.Bitmap@2fc6699 mcc 0 mnc 0}
09-27 15:12:31.502  2249  6709 I chatty  : uid=1001(radio) Binder:2249_9 expire 4 lines
09-27 15:12:31.505  1774  1787 D PowerManagerService: getScreenOffTimeoutLocked:  isTestFlag = false
09-27 15:12:31.505  1774  1787 I chatty  : uid=1000(system) android.bg expire 4 lines
09-27 15:12:31.507  1774  2069 D PowerManagerService: getScreenOffTimeoutLocked:  isTestFlag = false
09-27 15:12:31.513  1774  2901 D PowerManagerService: getScreenOffTimeoutLocked:  isTestFlag = false
09-27 15:12:31.516  1774  2736 D PowerManagerService: getScreenOffTimeoutLocked:  isTestFlag = false
09-27 15:12:31.523  2249  3218 I chatty  : uid=1001(radio) Binder:2249_8 expire 6 lines
09-27 15:12:31.525  1774  2983 I chatty  : uid=1000(system) IzatServiceBase expire 12 lines
09-27 15:12:31.533   920   920 I MSM-irqbalance: Decided to move IRQ3 from CPU3 [P:0] to CPU6 [P:1] (banned)
09-27 15:12:31.533   920   920 I MSM-irqbalance: Decided to move IRQ5 from CPU3 [P:0] to CPU4 [P:1] (banned)
09-27 15:12:31.534   920   920 I MSM-irqbalance: Decided to move IRQ164 from CPU3 [P:0] to CPU7 [P:1] (banned)
09-27 15:12:31.535   920   920 I MSM-irqbalance: Decided to move IRQ187 from CPU3 [P:0] to CPU5 [P:1] (banned)
09-27 15:12:31.535   920   920 I MSM-irqbalance: Decided to move IRQ3 from CPU0 [P:0] to CPU6 [P:1] (banned)
09-27 15:12:31.536   920   920 I MSM-irqbalance: Decided to move IRQ5 from CPU0 [P:0] to CPU4 [P:1] (banned)
09-27 15:12:31.537   920   920 I MSM-irqbalance: Decided to move IRQ187 from CPU0 [P:0] to CPU7 [P:1] (banned)
09-27 15:12:31.537   920   920 I MSM-irqbalance: Decided to move IRQ164 from CPU0 [P:0] to CPU5 [P:1] (banned)
09-27 15:12:31.538   920   920 I MSM-irqbalance: Decided to move IRQ187 from CPU1 [P:0] to CPU6 [P:1] (banned)
09-27 15:12:31.539   920   920 I MSM-irqbalance: Decided to move IRQ3 from CPU1 [P:0] to CPU4 [P:1] (banned)
09-27 15:12:31.539   920   920 I MSM-irqbalance: Decided to move IRQ5 from CPU1 [P:0] to CPU7 [P:1] (banned)
09-27 15:12:31.540   920   920 I MSM-irqbalance: Decided to move IRQ164 from CPU1 [P:0] to CPU5 [P:1] (banned)
09-27 15:12:31.541   920   920 I MSM-irqbalance: Decided to move IRQ3 from CPU2 [P:0] to CPU6 [P:1] (banned)
09-27 15:12:31.541   920   920 I MSM-irqbalance: Decided to move IRQ5 from CPU2 [P:0] to CPU4 [P:1] (banned)
09-27 15:12:31.542   920   920 I MSM-irqbalance: Decided to move IRQ187 from CPU2 [P:0] to CPU7 [P:1] (banned)
09-27 15:12:31.555  1940  1940 D CarrierText: updateCarrierText(): 1
09-27 15:12:31.562  1774  2883 D PowerManagerService: getScreenOffTimeoutLocked:  isTestFlag = false
09-27 15:12:31.574  2249  2332 I chatty  : uid=1001(radio) Binder:2249_4 expire 3 lines
09-27 15:12:31.592  1774  2883 D PowerManagerService: getScreenOffTimeoutLocked:  isTestFlag = false
09-27 15:12:31.594  1940  1940 D CarrierText: Handling (subId=2): READY No service
09-27 15:12:31.601  1940  1940 D CarrierText: updateCarrierText(): 1
09-27 15:12:31.605  1774  2279 D PowerManagerService: getScreenOffTimeoutLocked:  isTestFlag = false
09-27 15:12:31.621  2249  2331 I chatty  : uid=1001(radio) Binder:2249_3 expire 3 lines
09-27 15:12:31.631  1940  1940 D CarrierText: Handling (subId=2): READY No service
09-27 15:12:31.634  1940  1940 D CarrierText: updateCarrierText(): 1
09-27 15:12:31.645  8671  8698 I BugleDataModel: Fixup: Send failed - 0 Download failed - 0
09-27 15:12:31.712  4923  4923 I qti-logkit.cDropboxReceiver: onReceive() intent Intent { act=android.intent.action.DROPBOX_ENTRY_ADDED flg=0x10 (has extras) }
09-27 15:12:31.716  4923  4923 I qti-logkit.cDropboxReceiver: onReceive() intent Intent { act=android.intent.action.DROPBOX_ENTRY_ADDED flg=0x10 (has extras) }
09-27 15:12:31.733  1940  1940 D CarrierText: Handling (subId=2): READY No service
09-27 15:12:31.755  8671  8698 W BugleDataModel: tried to cancel job 100 that can't be found. already finished?
09-27 15:12:31.787  8671  8671 I Bugle   : ApnsOta: OTA version -1
09-27 15:12:31.789  8671  8671 I CarrierServices: [1] a.a: Initializing Carrier Services Library.
09-27 15:12:31.790  8671  8671 W CarrierServices: Trying to log through cs.apk when it has not been initialized yet
09-27 15:12:31.792  8671  8698 I BugleDataModel: ProcessPendingMessagesAction: process from cu due to scheduled processing with 0 earliest sending messages, and 0 earliest downloading messages
09-27 15:12:31.818  1774  2795 I Telecom : PhoneAccountRegistrar: [ComponentInfo{com.android.phone/com.android.services.telephony.TelephonyConnectionService}, [da4b9237bacccdf19c0760cab7aec4a8359010b0], UserHandle{0}(icon: Icon(typ=BITMAP size=72x72) -> Icon(typ=BITMAP size=72x72))]: TSI.rPA@BHw
09-27 15:12:31.828  1774  2795 I Telecom : : Sending phone-account registered intent as user: TSI.rPA@BHw
09-27 15:12:31.852  1774  2746 D PowerManagerService: getScreenOffTimeoutLocked:  isTestFlag = false
09-27 15:12:31.855  2249  8725 I chatty  : uid=1001(radio) com.android.phone expire 2 lines
09-27 15:12:31.855  1774  1786 W ActivityManager: Unable to start service Intent { act=com.google.android.gms.analytics.service.START cmp=com.google.android.gms/.analytics.service.AnalyticsService (has extras) } U=0: not found
09-27 15:12:31.859  8408  8608 W GAV2    : Thread[Service Reconnect,5,main]: Service unavailable (code=1), using local store.
09-27 15:12:31.863  1940  1940 D KeyguardUpdateMonitor: received broadcast android.intent.action.SIM_STATE_CHANGED
09-27 15:12:31.863  1940  1940 V KeyguardUpdateMonitor: action android.intent.action.SIM_STATE_CHANGED state: IMSI slotId: 1 subid: 2
09-27 15:12:31.863  1940  1940 D KeyguardUpdateMonitor: handleSimStateChange(subId=2, slotId=1, state=READY)
09-27 15:12:31.872  8671  8671 I BugleRcs: updating RCS availability
09-27 15:12:31.906  8671  8698 V Bugle   : Executing sticker action: com.google.android.apps.messaging.shared.datamodel.c.c
09-27 15:12:31.908  2249  2565 I chatty  : uid=1001(radio) Binder:2249_6 expire 2 lines
09-27 15:12:31.919  8671  8698 V Bugle   : Executing sticker action: com.google.android.apps.messaging.shared.datamodel.c.ah
09-27 15:12:31.935  1940  1940 V KeyguardUpdateMonitor: onSubscriptionInfoChanged()
09-27 15:12:31.936  1774  1774 D PowerManagerService: getScreenOffTimeoutLocked:  isTestFlag = false
09-27 15:12:31.938  2249  2254 I chatty  : uid=1001(radio) Jit thread pool expire 1 line
09-27 15:12:31.952  2249  2249 D MccTable: updateMccMncConfiguration mccmnc='46001' fromServiceState=true
09-27 15:12:31.954  2249  2249 D MccTable: updateMccMncConfiguration defaultMccMnc=
09-27 15:12:31.954  2249  2249 D MccTable: updateMccMncConfiguration: mcc=460, mnc=1
09-27 15:12:31.955  2249  2249 D MccTable: WIFI_COUNTRY_CODE set to cn
09-27 15:12:31.955  1774  2280 I WifiService: WifiService trying to set country code to cn with persist set to false
09-27 15:12:31.956  1966  1966 D wpa_supplicant: wlan0: Control interface command 'DRIVER COUNTRY CN'
