09-27 15:12:31.956  1966  1966 D wpa_supplicant: wpa_driver_nl80211_driver_cmd COUNTRY CN len = 0, 4096
09-27 15:12:31.957  1966  1966 D wpa_supplicant: wlan0: Event CHANNEL_LIST_CHANGED (28) received
09-27 15:12:31.957  1966  1966 I wpa_supplicant: wlan0: CTRL-EVENT-REGDOM-CHANGE init=USER type=COUNTRY alpha2=CN
09-27 15:12:31.957  1966  1966 D wpa_supplicant: CTRL-DEBUG: ctrl_sock-sendmsg: sock=8 sndbuf=212992 outq=0 send_len=57
09-27 15:12:31.957  1966  1966 D wpa_supplicant: CTRL_IFACE monitor sent successfully to /data/misc/wifi/sockets/wpa_ctrl_1774-2\x00
09-27 15:12:31.957  1966  1966 D wpa_supplicant: wlan0: Updating hw mode
09-27 15:12:31.957  1966  1966 D wpa_supplicant: nl80211: Regulatory information - country=CN (DFS-FCC)
09-27 15:12:31.957  1966  1966 D wpa_supplicant: nl80211: 2402-2482 @ 40 MHz 20 mBm
09-27 15:12:31.957  1966  1966 D wpa_supplicant: nl80211: 5170-5250 @ 80 MHz 23 mBm
09-27 15:12:31.957  1966  1966 D wpa_supplicant: nl80211: 5250-5330 @ 80 MHz 23 mBm (DFS)
09-27 15:12:31.957  1966  1966 D wpa_supplicant: nl80211: 5735-5835 @ 80 MHz 30 mBm
09-27 15:12:31.957  1966  1966 D wpa_supplicant: nl80211: 57240-59400 @ 2160 MHz 28 mBm
09-27 15:12:31.957  1966  1966 D wpa_supplicant: nl80211: 59400-63720 @ 2160 MHz 44 mBm
09-27 15:12:31.957  1966  1966 D wpa_supplicant: nl80211: 63720-65880 @ 2160 MHz 28 mBm
09-27 15:12:31.957  1966  1966 D wpa_supplicant: nl80211: Added 802.11b mode based on 802.11g information
09-27 15:12:31.957  1966  1966 D wpa_supplicant: p2p0: Updating hw mode
09-27 15:12:31.958  1966  1966 D wpa_supplicant: nl80211: Regulatory information - country=CN (DFS-FCC)
09-27 15:12:31.958  1966  1966 D wpa_supplicant: nl80211: 2402-2482 @ 40 MHz 20 mBm
09-27 15:12:31.958  1966  1966 D wpa_supplicant: nl80211: 5170-5250 @ 80 MHz 23 mBm
09-27 15:12:31.958  1966  1966 D wpa_supplicant: nl80211: 5250-5330 @ 80 MHz 23 mBm (DFS)
09-27 15:12:31.958  1966  1966 D wpa_supplicant: nl80211: 5735-5835 @ 80 MHz 30 mBm
09-27 15:12:31.958  1966  1966 D wpa_supplicant: nl80211: 57240-59400 @ 2160 MHz 28 mBm
09-27 15:12:31.958  1966  1966 D wpa_supplicant: nl80211: 59400-63720 @ 2160 MHz 44 mBm
09-27 15:12:31.958  1966  1966 D wpa_supplicant: nl80211: 63720-65880 @ 2160 MHz 28 mBm
09-27 15:12:31.958  1966  1966 D wpa_supplicant: nl80211: Added 802.11b mode based on 802.11g information
09-27 15:12:31.958  1966  1966 D wpa_supplicant: wlan0: Determining shared radio frequencies (max len 2)
09-27 15:12:31.958  1966  1966 D wpa_supplicant: wlan0: Shared frequencies (len=0): completed iteration
09-27 15:12:31.958  1966  1966 D wpa_supplicant: P2P: Add operating class 81
09-27 15:12:31.958  1966  1966 D wpa_supplicant: P2P: Channels - hexdump(len=13): 01 02 03 04 05 06 07 08 09 0a 0b 0c 0d
09-27 15:12:31.958  1966  1966 D wpa_supplicant: P2P: Update channel list
09-27 15:12:31.958  1966  1966 D wpa_supplicant: P2P: channels: 81:1,2,3,4,5,6,7,8,9,10,11,12,13
09-27 15:12:31.958  1966  1966 D wpa_supplicant: P2P: cli_channels:
09-27 15:12:31.958  1966  1966 D wpa_supplicant: CTRL-DEBUG: global_ctrl_sock-sendto: sock=8 sndbuf=212992 outq=0 send_len=3
09-27 15:12:31.962  1774  2280 I chatty  : uid=1000(system) Binder:1774_7 expire 1 line
09-27 15:12:31.979  1774  1787 D PowerManagerService: getScreenOffTimeoutLocked:  isTestFlag = false
09-27 15:12:31.990  1940  1940 V KeyguardUpdateMonitor: SubInfo:{id=2, iccId=89860116831014056097 simSlotIndex=1 displayName=CARD 2 carrierName=CHN-UNICOM nameSource=0 iconTint=-16746133 dataRoaming=0 iconBitmap=android.graphics.Bitmap@6f8e65b mcc 0 mnc 0}
09-27 15:12:31.995  8671  8727 I BugleBackup: Registering preference change listener for "buglesub_2".
09-27 15:12:32.002  8671  8727 I BugleRcs: RcsAvailability updated: RCS is disabled because the device has multiple SIM slots
09-27 15:12:32.007  8671  8671 V BugleThrottledAction: SelfParticipantsRefreshAction scheduled to run now.
09-27 15:12:32.060  1774  1774 I Telecom : CallLogManager: Country ISO changed. Retrieving new ISO...: CLM.oCD@BH8
09-27 15:12:32.062  8671  8671 V BugleThrottledAction: CountryCodeDetectorAction scheduled to run now.
09-27 15:12:32.063  8671  8671 D BugleThrottledAction: CountryCodeDetectorAction already scheduled in 0ms, not scheduling it again.
09-27 15:12:32.108  8671  8671 D BugleThrottledAction: SelfParticipantsRefreshAction scheduled in 119954ms, so not scheduled again.
09-27 15:12:32.108  8671  8671 I Bugle   : Carrier config changed. Reloading MMS config.
09-27 15:12:32.118  1940  2334 D NetworkController.MobileSignalController(2): networkClass= showRat=true slot=1
09-27 15:12:32.118  1940  2334 D TelephonyIcons: updateDataType slot=1, type=0, inetCondition=1 showAtLeast3G=false show4GforLte=true hspaDistinguishable=true
09-27 15:12:32.119  1940  2334 D TelephonyIcons: data type item name: array/telephony_data_type_sim1 id:2131427376
09-27 15:12:32.119  1940  2334 D TelephonyIcons: updateDataType mSelectedDataTypeIcon[1]=0, mSelectedDataActivityIndex=0
09-27 15:12:32.120  1940  2334 D TelephonyIcons: getSignalStrengthIcon: slot=1, inetCondition=1, level=0, roaming=false
09-27 15:12:32.120  1774  2901 D PowerManagerService: getScreenOffTimeoutLocked:  isTestFlag = false
09-27 15:12:32.120  1940  2334 D TelephonyIcons: signalStrengthArray.length=9
09-27 15:12:32.121  1940  2334 D TelephonyIcons: selectedTypeArray.length=2
09-27 15:12:32.121  1940  2334 D TelephonyIcons: inetArray.length=5
09-27 15:12:32.123  1940  2334 D TelephonyIcons: null signal icon name: drawable/stat_sys_signal_null
09-27 15:12:32.123  1940  2334 D TelephonyIcons: getDataTypeIcon sub=1
09-27 15:12:32.133  1940  1940 D CarrierText: updateCarrierText(): 1
09-27 15:12:32.138  1774  2280 D PowerManagerService: getScreenOffTimeoutLocked:  isTestFlag = false
09-27 15:12:32.140  8671  8671 D BugleThrottledAction: CountryCodeDetectorAction scheduled in 119936ms, so not scheduled again.
09-27 15:12:32.141  8671  8671 D BugleThrottledAction: SelfParticipantsRefreshAction already scheduled in 119880ms, not scheduling it again.
09-27 15:12:32.145  1774  2983 D PowerManagerService: getScreenOffTimeoutLocked:  isTestFlag = false
09-27 15:12:32.148  1774  2797 D PowerManagerService: getScreenOffTimeoutLocked:  isTestFlag = false
09-27 15:12:32.153  8671  8671 I BugleRcs: Broadcast disable RCS for availability (11)
09-27 15:12:32.154  1774  2737 D PowerManagerService: getScreenOffTimeoutLocked:  isTestFlag = false
09-27 15:12:32.155  1774  2795 D PowerManagerService: getScreenOffTimeoutLocked:  isTestFlag = false
09-27 15:12:32.160  1774  2736 D PowerManagerService: getScreenOffTimeoutLocked:  isTestFlag = false
09-27 15:12:32.164  1774  2746 D PowerManagerService: getScreenOffTimeoutLocked:  isTestFlag = false
09-27 15:12:32.165  1774  1886 D PowerManagerService: getScreenOffTimeoutLocked:  isTestFlag = false
09-27 15:12:32.167  1774  2795 D PowerManagerService: getScreenOffTimeoutLocked:  isTestFlag = false
09-27 15:12:32.168  1774  2835 D PowerManagerService: getScreenOffTimeoutLocked:  isTestFlag = false
09-27 15:12:32.174  1940  2334 D NetworkController.MobileSignalController(2): onServiceStateChanged mIsCarrierOneNetwork =false
09-27 15:12:32.184  8671  8728 W Bugle   : canonicalizeMccMnc: invalid mccmnc:null ,null
09-27 15:12:32.210  1940  1940 D CarrierText: Handling (subId=2): READY China Unicom
09-27 15:12:32.218  1940  1940 D CarrierText: updateCarrierText(): 1
09-27 15:12:32.221  8671  8729 D Primes  : Crash metric disabled - not registering for startup notifications.
09-27 15:12:32.221  8671  8729 D Primes  : Package metric disabled.
09-27 15:12:32.221  8671  8729 D Primes  : Battery metric disabled
09-27 15:12:32.221  8671  8729 D Primes  : MagicEye logging metric disabled
09-27 15:12:32.229  1774  2737 D PowerManagerService: getScreenOffTimeoutLocked:  isTestFlag = false
09-27 15:12:32.239  1774  2069 D CryptdConnector: SND -> {10 cryptfs getpwtype}
09-27 15:12:32.242   444   454 D VoldCryptCmdListener: cryptfs getpwtype
09-27 15:12:32.243  1774  1889 D CryptdConnector: RCV <- {213 10 default}
09-27 15:12:32.250  1940  2334 D NetworkController.MobileSignalController(2): networkClass=4G showRat=true slot=1
09-27 15:12:32.260  1774  2823 I Telecom : PhoneAccountRegistrar: [ComponentInfo{com.android.phone/com.android.services.telephony.TelephonyConnectionService}, [da4b9237bacccdf19c0760cab7aec4a8359010b0], UserHandle{0}(icon: Icon(typ=BITMAP size=72x72) -> Icon(typ=BITMAP size=72x72))]: TSI.rPA@BIA
09-27 15:12:32.261  1940  2334 D TelephonyIcons: updateDataType slot=1, type=13, inetCondition=1 showAtLeast3G=false show4GforLte=true hspaDistinguishable=true
09-27 15:12:32.261  1940  2334 D TelephonyIcons: data type item name: array/telephony_data_type_sim1 id:2131427376
09-27 15:12:32.261  1774  2822 D MmsServiceBroker: getCarrierConfigValues() by com.google.android.apps.messaging
09-27 15:12:32.262  1940  2334 D TelephonyIcons: updateDataType mSelectedDataTypeIcon[1]=2130838270, mSelectedDataActivityIndex=5
09-27 15:12:32.262  1940  2334 D TelephonyIcons: getSignalStrengthIcon: slot=1, inetCondition=1, level=2, roaming=false
09-27 15:12:32.263  1940  2334 D TelephonyIcons: signalStrengthArray.length=9
09-27 15:12:32.263  1940  2334 D TelephonyIcons: selectedTypeArray.length=2
09-27 15:12:32.264  1940  2334 D TelephonyIcons: inetArray.length=5
09-27 15:12:32.265  1940  2334 D TelephonyIcons: null signal icon name: drawable/stat_sys_signal_null
09-27 15:12:32.266  1940  2334 D TelephonyIcons: getDataTypeIcon sub=1
09-27 15:12:32.268  1940  1940 D CarrierText: Handling (subId=2): READY China Unicom
09-27 15:12:32.269  1774  2823 I Telecom : : Sending phone-account registered intent as user: TSI.rPA@BIA
09-27 15:12:32.271  8671  8728 I Bugle   : Carrier configs loaded: Bundle[{httpSocketTimeout=60000, aliasMinChars=2, smsToMmsTextThreshold=-1, enableSMSDeliveryReports=true, maxMessageTextSize=-1, supportMmsContentDisposition=true, enabledTransID=false, aliasEnabled=false, supportHttpCharsetHeader=false, allowAttachAudio=true, smsToMmsTextLengthThreshold=-1, recipientLimit=2147483647, uaProfTagName=x-wap-profile, aliasMaxChars=48, maxImageHeight=480, enableMMSDeliveryReports=false, userAgent=, mmsCloseConnection=false, config_cellBroadcastAppLinks=true, maxSubjectLength=40, httpParams=, enableGroupMms=true, emailGatewayNumber=, maxMessageSize=307200, naiSuffix=, enableMMSReadReports=false, maxImageWidth=640, uaProfUrl=, enabledMMS=true, enabledNotifyWapMMSC=false, sendMultipartSmsAsSeparateMessages=false, enableMultipartSMS=true}] from resources+system for subId=2
09-27 15:12:32.273  8671  8728 V BugleThrottledAction: UpdateUnreadCounterAction scheduled to run now.
09-27 15:12:32.274  8671  8728 D BugleThrottledAction: UpdateUnreadCounterAction already scheduled in 0ms, not scheduling it again.
09-27 15:12:32.274  1940  1940 D CarrierText: updateCarrierText(): 1
09-27 15:12:32.278  2249  8737 I chatty  : uid=1001(radio) com.android.phone expire 2 lines
09-27 15:12:32.301  1940  1940 D CarrierText: Handling (subId=2): READY China Unicom
09-27 15:12:32.305  1774  2736 I chatty  : uid=1000(system) Binder:1774_8 expire 2 lines
09-27 15:12:32.308  1940  1940 D KeyguardUpdateMonitor: received broadcast android.intent.action.SERVICE_STATE
09-27 15:12:32.309  1940  1940 V KeyguardUpdateMonitor: action android.intent.action.SERVICE_STATE serviceState=0 0 voice home data home CHN-UNICOM UNICOM 46001 CHN-UNICOM UNICOM 46001  LTE LTE CSS not supported -1 -1 RoamInd=-1 DefRoamInd=-1 EmergOnly=false IsDataRoamingFromRegistration=false IsUsingCarrierAggregation=false mRilImsRadioTechnology=0 subId=2 phoneId=1
09-27 15:12:32.374  1774  2280 D PowerManagerService: getScreenOffTimeoutLocked:  isTestFlag = false
09-27 15:12:32.397  4923  4923 I qti-logkit.cDropboxReceiver: onReceive() intent Intent { act=android.intent.action.DROPBOX_ENTRY_ADDED flg=0x10 (has extras) }
09-27 15:12:32.398  1940  1940 D KeyguardUpdateMonitor: handleServiceStateChange(subId=2, phoneId=1, serviceState=0 0 voice home data home CHN-UNICOM UNICOM 46001 CHN-UNICOM UNICOM 46001  LTE LTE CSS not supported -1 -1 RoamInd=-1 DefRoamInd=-1 EmergOnly=false IsDataRoamingFromRegistration=false IsUsingCarrierAggregation=false mRilImsRadioTechnology=0
09-27 15:12:32.398  4923  4923 I qti-logkit.cDropboxReceiver: onReceive() intent Intent { act=android.intent.action.DROPBOX_ENTRY_ADDED flg=0x10 (has extras) }
09-27 15:12:32.398  1940  1940 D CarrierText: updateCarrierText(): 1
09-27 15:12:32.407  8671  8732 W Bugle   : canonicalizeMccMnc: invalid mccmnc:null ,null
09-27 15:12:32.423  1940  1940 D CarrierText: Handling (subId=2): READY China Unicom 4G
09-27 15:12:32.423  1940  1940 D CarrierText: SIM ready and in service: subId=2, ss=0 0 voice home data home CHN-UNICOM UNICOM 46001 CHN-UNICOM UNICOM 46001  LTE LTE CSS not supported -1 -1 RoamInd=-1 DefRoamInd=-1 EmergOnly=false IsDataRoamingFromRegistration=false IsUsingCarrierAggregation=false mRilImsRadioTechnology=0
09-27 15:12:32.425  1774  2746 D MmsServiceBroker: getCarrierConfigValues() by com.google.android.apps.messaging
09-27 15:12:32.426  1940  1940 D CarrierText: updateCarrierText(): 1
09-27 15:12:32.430  8671  8732 I Bugle   : Carrier configs loaded: Bundle[{httpSocketTimeout=60000, aliasMinChars=2, smsToMmsTextThreshold=-1, enableSMSDeliveryReports=true, maxMessageTextSize=-1, supportMmsContentDisposition=true, enabledTransID=false, aliasEnabled=false, supportHttpCharsetHeader=false, allowAttachAudio=true, smsToMmsTextLengthThreshold=-1, recipientLimit=2147483647, uaProfTagName=x-wap-profile, aliasMaxChars=48, maxImageHeight=480, enableMMSDeliveryReports=false, userAgent=, mmsCloseConnection=false, config_cellBroadcastAppLinks=true, maxSubjectLength=40, httpParams=, enableGroupMms=true, emailGatewayNumber=, maxMessageSize=307200, naiSuffix=, enableMMSReadReports=false, maxImageWidth=640, uaProfUrl=, enabledMMS=true, enabledNotifyWapMMSC=false, sendMultipartSmsAsSeparateMessages=false, enableMultipartSMS=true}] from resources+system for subId=2
09-27 15:12:32.449  1940  1940 D CarrierText: Handling (subId=2): READY China Unicom 4G
09-27 15:12:32.449  1940  1940 D CarrierText: SIM ready and in service: subId=2, ss=0 0 voice home data home CHN-UNICOM UNICOM 46001 CHN-UNICOM UNICOM 46001  LTE LTE CSS not supported -1 -1 RoamInd=-1 DefRoamInd=-1 EmergOnly=false IsDataRoamingFromRegistration=false IsUsingCarrierAggregation=false mRilImsRadioTechnology=0
09-27 15:12:32.452  1940  1940 D CarrierText: updateCarrierText(): 1
09-27 15:12:32.477  1940  1940 D CarrierText: Handling (subId=2): READY China Unicom 4G
09-27 15:12:32.477  1940  1940 D CarrierText: SIM ready and in service: subId=2, ss=0 0 voice home data home CHN-UNICOM UNICOM 46001 CHN-UNICOM UNICOM 46001  LTE LTE CSS not supported -1 -1 RoamInd=-1 DefRoamInd=-1 EmergOnly=false IsDataRoamingFromRegistration=false IsUsingCarrierAggregation=false mRilImsRadioTechnology=0
09-27 15:12:32.492  1774  1886 W ActivityManager: Unable to start service Intent { act=com.google.android.gms.analytics.service.START cmp=com.google.android.gms/.analytics.service.AnalyticsService (has extras) } U=0: not found
09-27 15:12:32.495  1774  1785 I Telecom : PhoneAccountRegistrar: [ComponentInfo{com.android.phone/com.android.services.telephony.TelephonyConnectionService}, [da4b9237bacccdf19c0760cab7aec4a8359010b0], UserHandle{0}(icon: Icon(typ=BITMAP size=72x72) -> Icon(typ=BITMAP size=72x72))]: TSI.rPA@BII
09-27 15:12:32.498  8456  8610 W GAV2    : Thread[Service Reconnect,5,main]: Service unavailable (code=1), using local store.
09-27 15:12:32.501  8671  8693 W Bugle   : canonicalizeMccMnc: invalid mccmnc:null ,null
09-27 15:12:32.505  1774  1785 I Telecom : : Sending phone-account registered intent as user: TSI.rPA@BII
09-27 15:12:32.523  1774  2795 D MmsServiceBroker: getCarrierConfigValues() by com.google.android.apps.messaging
09-27 15:12:32.526  8671  8693 I Bugle   : Carrier configs loaded: Bundle[{httpSocketTimeout=60000, aliasMinChars=2, smsToMmsTextThreshold=-1, enableSMSDeliveryReports=true, maxMessageTextSize=-1, supportMmsContentDisposition=true, enabledTransID=false, aliasEnabled=false, supportHttpCharsetHeader=false, allowAttachAudio=true, smsToMmsTextLengthThreshold=-1, recipientLimit=2147483647, uaProfTagName=x-wap-profile, aliasMaxChars=48, maxImageHeight=480, enableMMSDeliveryReports=false, userAgent=, mmsCloseConnection=false, config_cellBroadcastAppLinks=true, maxSubjectLength=40, httpParams=, enableGroupMms=true, emailGatewayNumber=, maxMessageSize=307200, naiSuffix=, enableMMSReadReports=false, maxImageWidth=640, uaProfUrl=, enabledMMS=true, enabledNotifyWapMMSC=false, sendMultipartSmsAsSeparateMessages=false, enableMultipartSMS=true}] from resources+system for subId=2
09-27 15:12:32.535  2249  8739 I chatty  : uid=1001(radio) com.android.phone expire 2 lines
09-27 15:12:32.535  1774  2279 D PowerManagerService: getScreenOffTimeoutLocked:  isTestFlag = false
09-27 15:12:32.541  1774  2822 D PowerManagerService: getScreenOffTimeoutLocked:  isTestFlag = false
09-27 15:12:32.582  1774  2902 I ActivityManager: Killing 6283:com.google.android.music:main/u0a70 (adj 906): empty #17
09-27 15:12:32.586  1774  1785 I Telecom : PhoneAccountRegistrar: [ComponentInfo{com.android.phone/com.android.services.telephony.TelephonyConnectionService}, [da4b9237bacccdf19c0760cab7aec4a8359010b0], UserHandle{0}(icon: Icon(typ=BITMAP size=72x72) -> Icon(typ=BITMAP size=72x72))]: TSI.rPA@BIY
09-27 15:12:32.596  1774  1785 I Telecom : : Sending phone-account registered intent as user: TSI.rPA@BIY
09-27 15:12:32.599  8671  8727 W Bugle   : canonicalizeMccMnc: invalid mccmnc:null ,null
09-27 15:12:32.620  1774  2069 D PowerManagerService: getScreenOffTimeoutLocked:  isTestFlag = false
09-27 15:12:32.622  1774  2823 D MmsServiceBroker: getCarrierConfigValues() by com.google.android.apps.messaging
09-27 15:12:32.627  1774  2835 D PowerManagerService: getScreenOffTimeoutLocked:  isTestFlag = false
09-27 15:12:32.628  1774  2069 D ActivityManager: cleanUpApplicationRecord -- 6283
09-27 15:12:32.628  8671  8727 I Bugle   : Carrier configs loaded: Bundle[{httpSocketTimeout=60000, aliasMinChars=2, smsToMmsTextThreshold=-1, enableSMSDeliveryReports=true, maxMessageTextSize=-1, supportMmsContentDisposition=true, enabledTransID=false, aliasEnabled=false, supportHttpCharsetHeader=false, allowAttachAudio=true, smsToMmsTextLengthThreshold=-1, recipientLimit=2147483647, uaProfTagName=x-wap-profile, aliasMaxChars=48, maxImageHeight=480, enableMMSDeliveryReports=false, userAgent=, mmsCloseConnection=false, config_cellBroadcastAppLinks=true, maxSubjectLength=40, httpParams=, enableGroupMms=true, emailGatewayNumber=, maxMessageSize=307200, naiSuffix=, enableMMSReadReports=false, maxImageWidth=640, uaProfUrl=, enabledMMS=true, enabledNotifyWapMMSC=false, sendMultipartSmsAsSeparateMessages=false, enableMultipartSMS=true}] from resources+system for subId=2
09-27 15:12:32.641  1774  2883 D PowerManagerService: getScreenOffTimeoutLocked:  isTestFlag = false
09-27 15:12:32.649  1774  2797 D PowerManagerService: getScreenOffTimeoutLocked:  isTestFlag = false
09-27 15:12:32.683  8671  8698 W BugleDataModel: Used 505ms for bp#executeAction
09-27 15:12:32.690  8671  8701 I ShortcutBadger: Checking if platform supports badge counters, attempt 1/3.
09-27 15:12:32.705  8671  8701 I ShortcutBadger: Checking if platform supports badge counters, attempt 2/3.
09-27 15:12:32.705  2235  2235 W DPMJ    : |SERVICE| DPM received ACTION_ANY_DATA_CONNECTION_STATE_CHANGEDdun
09-27 15:12:32.719  8671  8701 I ShortcutBadger: Checking if platform supports badge counters, attempt 3/3.
09-27 15:12:32.721  2235  2235 W DPMJ    : |SERVICE| DPM received ACTION_ANY_DATA_CONNECTION_STATE_CHANGEDhipri
09-27 15:12:32.736  8671  8701 W ShortcutBadger: Badge counter seems not supported in this platform: unable to resolve intent: Intent { act=android.intent.action.BADGE_COUNT_UPDATE (has extras) }
09-27 15:12:32.737  2235  2235 W DPMJ    : |SERVICE| DPM received ACTION_ANY_DATA_CONNECTION_STATE_CHANGEDims
09-27 15:12:32.742  2249  6709 I chatty  : uid=1001(radio) Binder:2249_9 expire 1 line
09-27 15:12:32.763  2235  2235 W DPMJ    : |SERVICE| DPM received ACTION_ANY_DATA_CONNECTION_STATE_CHANGEDmms
09-27 15:12:32.774  2235  2235 W DPMJ    : |SERVICE| DPM received ACTION_ANY_DATA_CONNECTION_STATE_CHANGEDcbs
09-27 15:12:32.785  2235  2235 W DPMJ    : |SERVICE| DPM received ACTION_ANY_DATA_CONNECTION_STATE_CHANGEDfota
09-27 15:12:32.795  2235  2235 W DPMJ    : |SERVICE| DPM received ACTION_ANY_DATA_CONNECTION_STATE_CHANGEDsupl
09-27 15:12:32.804  2235  2235 W DPMJ    : |SERVICE| DPM received ACTION_ANY_DATA_CONNECTION_STATE_CHANGEDemergency
09-27 15:12:32.811  8671  8731 I BugleBackup: Registering preference change listener for "buglesub_1".
09-27 15:12:32.817  2235  2235 W DPMJ    : |SERVICE| DPM received ACTION_ANY_DATA_CONNECTION_STATE_CHANGEDdun
09-27 15:12:32.831  2235  2235 W DPMJ    : |SERVICE| DPM received ACTION_ANY_DATA_CONNECTION_STATE_CHANGEDhipri
09-27 15:12:32.834  8671  8731 W Bugle   : PhoneUtils.getSelfRawNumber: subInfo is null for 1
09-27 15:12:32.841  2235  2235 W DPMJ    : |SERVICE| DPM received ACTION_ANY_DATA_CONNECTION_STATE_CHANGEDims
09-27 15:12:32.847  2249  3181 I chatty  : uid=1001(radio) Binder:2249_7 expire 4 lines
09-27 15:12:32.857  2235  2235 W DPMJ    : |SERVICE| DPM received ACTION_ANY_DATA_CONNECTION_STATE_CHANGEDmms
09-27 15:12:32.866  2235  2235 W DPMJ    : |SERVICE| DPM received ACTION_ANY_DATA_CONNECTION_STATE_CHANGEDcbs
09-27 15:12:32.875  2235  2235 W DPMJ    : |SERVICE| DPM received ACTION_ANY_DATA_CONNECTION_STATE_CHANGEDfota
09-27 15:12:32.880  2364  2364 I chatty  : uid=1001(radio) com.qualcomm.qcrilmsgtunnel expire 1 line
09-27 15:12:32.882  1774  1886 D PowerManagerService: getScreenOffTimeoutLocked:  isTestFlag = false
09-27 15:12:32.886  4942  4942 D QC_RIL_OEM_HOOK: Received Broadcast Intent ACTION_UNSOL_RESPONSE_OEM_HOOK_RAW
09-27 15:12:32.887  4942  4942 D QC_RIL_OEM_HOOK: Oem ID in QCRILHOOK UNSOL RESP is QOEMHOOK
09-27 15:12:32.890  2235  2235 W DPMJ    : |SERVICE| DPM received ACTION_ANY_DATA_CONNECTION_STATE_CHANGEDsupl
09-27 15:12:32.898  2235  2235 W DPMJ    : |SERVICE| DPM received ACTION_ANY_DATA_CONNECTION_STATE_CHANGEDemergency
09-27 15:12:32.911  2235  2235 W DPMJ    : |SERVICE| DPM received ACTION_ANY_DATA_CONNECTION_STATE_CHANGEDdun
09-27 15:12:32.919  2235  2235 W DPMJ    : |SERVICE| DPM received ACTION_ANY_DATA_CONNECTION_STATE_CHANGEDhipri
09-27 15:12:32.925  2249  8205 I chatty  : uid=1001(radio) Binder:2249_A expire 5 lines
09-27 15:12:32.929  2235  2235 W DPMJ    : |SERVICE| DPM received ACTION_ANY_DATA_CONNECTION_STATE_CHANGEDims
09-27 15:12:32.933  1774  2736 D PowerManagerService: getScreenOffTimeoutLocked:  isTestFlag = false
09-27 15:12:32.939  1774  1981 D PowerManagerService: getScreenOffTimeoutLocked:  isTestFlag = false
09-27 15:12:32.962  2249  2249 D MccTable: updateMccMncConfiguration mccmnc='46001' fromServiceState=false
09-27 15:12:32.963  1774  2983 D PowerManagerService: getScreenOffTimeoutLocked:  isTestFlag = false
09-27 15:12:32.963  2249  2249 D MccTable: updateMccMncConfiguration defaultMccMnc=
09-27 15:12:32.963  2249  2249 D MccTable: updateMccMncConfiguration: mcc=460, mnc=1
09-27 15:12:32.963  2249  2249 D MccTable: updateMccMncConfiguration updateConfig config={1.0 460mcc1mnc ?localeList ?layoutDir ?swdp ?wdp ?hdp ?density ?lsize ?long ?orien ?uimode ?night ?touch ?keyb/?/? ?nav/?}
09-27 15:12:32.969  1774  2822 D PowerManagerService: getScreenOffTimeoutLocked:  isTestFlag = false
09-27 15:12:32.972  1774  1786 I ActivityManager: Config changes=2 {1.0 460mcc1mnc [en_IN] ldltr sw360dp w360dp h568dp 480dpi nrml port finger -keyb/v/h -nav/h s.6}
09-27 15:12:33.074  1774  1786 W WindowManager:  SLCODE computeScreenConfigurationLocked, the hard device name is: msm8953-snd-card-mtp Button Jack
09-27 15:12:33.075  1774  1786 W WindowManager:  SLCODE computeScreenConfigurationLocked, the hard device name is: msm8953-snd-card-mtp Headset Jack
09-27 15:12:33.075  1774  1786 W WindowManager:  SLCODE computeScreenConfigurationLocked, the hard device name is: hbtp_vm
09-27 15:12:33.075  1774  1786 W WindowManager:  SLCODE computeScreenConfigurationLocked, the hard device name is: qpnp_pon
09-27 15:12:33.075  1774  1786 W WindowManager:  SLCODE computeScreenConfigurationLocked, the hard device name is: gpio-keys
09-27 15:12:33.075  1774  1786 W WindowManager:  SLCODE computeScreenConfigurationLocked, the hard device name is: ft5435_ts
09-27 15:12:33.080  1774  1786 D PowerManagerService: getScreenOffTimeoutLocked:  isTestFlag = false
09-27 15:12:33.087  1774  1981 D PowerManagerService: getScreenOffTimeoutLocked:  isTestFlag = false
09-27 15:12:33.099  1774  2737 D PowerManagerService: getScreenOffTimeoutLocked:  isTestFlag = false
09-27 15:12:33.102  1774  2069 D PowerManagerService: getScreenOffTimeoutLocked:  isTestFlag = false
09-27 15:12:33.117  1774  2279 I chatty  : uid=1000(system) Binder:1774_6 expire 3 lines
09-27 15:12:33.128  1774  2746 D PowerManagerService: getScreenOffTimeoutLocked:  isTestFlag = false
09-27 15:12:33.129  2249  2331 I chatty  : uid=1001(radio) Binder:2249_3 expire 1 line
09-27 15:12:33.187  1774  2901 D PowerManagerService: getScreenOffTimeoutLocked:  isTestFlag = false
09-27 15:12:33.216  1774  1981 D PowerManagerService: getScreenOffTimeoutLocked:  isTestFlag = false
09-27 15:12:33.223  1774  2835 D PowerManagerService: getScreenOffTimeoutLocked:  isTestFlag = false
09-27 15:12:33.234  6722  6722 D CellBroadcastReceiver: onReceive Intent { act=android.intent.action.SIM_STATE_CHANGED flg=0x4000010 cmp=com.android.cellbroadcastreceiver/.CellBroadcastReceiver (has extras) }
09-27 15:12:33.237  1774  2883 I Telecom : PhoneAccountRegistrar: [ComponentInfo{com.android.phone/com.android.services.telephony.TelephonyConnectionService}, [da4b9237bacccdf19c0760cab7aec4a8359010b0], UserHandle{0}(icon: Icon(typ=BITMAP size=72x72) -> Icon(typ=BITMAP size=72x72))]: TSI.rPA@BIo
09-27 15:12:33.247  1774  2883 I Telecom : : Sending phone-account registered intent as user: TSI.rPA@BIo
09-27 15:12:33.266  1774  2736 D PowerManagerService: getScreenOffTimeoutLocked:  isTestFlag = false
09-27 15:12:33.280  1774  2797 D PowerManagerService: getScreenOffTimeoutLocked:  isTestFlag = false
09-27 15:12:33.308  1774  2835 D PowerManagerService: getScreenOffTimeoutLocked:  isTestFlag = false
09-27 15:12:33.326  1774  1886 D PowerManagerService: getScreenOffTimeoutLocked:  isTestFlag = false
09-27 15:12:33.337  1774  2883 D PowerManagerService: getScreenOffTimeoutLocked:  isTestFlag = false
09-27 15:12:33.362  1774  2279 D PowerManagerService: getScreenOffTimeoutLocked:  isTestFlag = false
09-27 15:12:33.377  1774  1886 D PowerManagerService: getScreenOffTimeoutLocked:  isTestFlag = false
09-27 15:12:33.380  1774  2901 D PowerManagerService: getScreenOffTimeoutLocked:  isTestFlag = false
09-27 15:12:33.382  1774  2795 D PowerManagerService: getScreenOffTimeoutLocked:  isTestFlag = false
09-27 15:12:33.384  1774  2736 D PowerManagerService: getScreenOffTimeoutLocked:  isTestFlag = false
09-27 15:12:33.385  1774  2822 D PowerManagerService: getScreenOffTimeoutLocked:  isTestFlag = false
09-27 15:12:33.406  1774  1886 D PowerManagerService: getScreenOffTimeoutLocked:  isTestFlag = false
09-27 15:12:33.409  1774  1786 D PowerManagerService: getScreenOffTimeoutLocked:  isTestFlag = false
09-27 15:12:33.413  1774  2902 D PowerManagerService: getScreenOffTimeoutLocked:  isTestFlag = false
09-27 15:12:33.417  2887  2887 V BoostFramework: BoostFramework() : mPerf = com.qualcomm.qti.Performance@bfe020f
09-27 15:12:33.417  2887  2887 V BoostFramework: BoostFramework() : mPerf = com.qualcomm.qti.Performance@661a29c
09-27 15:12:33.438  4024  4024 D SimSelectNotification:  no of slots 2 provision = true
09-27 15:12:33.454  1774  2883 D PowerManagerService: getScreenOffTimeoutLocked:  isTestFlag = false
09-27 15:12:33.480  1940  1940 V KeyguardUpdateMonitor: onSubscriptionInfoChanged()
09-27 15:12:33.481  1774  1774 D PowerManagerService: getScreenOffTimeoutLocked:  isTestFlag = false
09-27 15:12:33.502  8671  8671 D BugleThrottledAction: CountryCodeDetectorAction already scheduled in 118566ms, not scheduling it again.
09-27 15:12:33.503  1774  2280 D PowerManagerService: getScreenOffTimeoutLocked:  isTestFlag = false
09-27 15:12:33.503  8671  8671 D BugleThrottledAction: SelfParticipantsRefreshAction already scheduled in 118518ms, not scheduling it again.
09-27 15:12:33.508  1774  2746 D PowerManagerService: getScreenOffTimeoutLocked:  isTestFlag = false
09-27 15:12:33.530  3194  3752 I Icing   : Usage reports 0 indexed 0 rejected 0 imm upload false
09-27 15:12:33.545  2887  2887 V BoostFramework: BoostFramework() : mPerf = com.qualcomm.qti.Performance@b2f135d
09-27 15:12:33.545  2887  2887 V BoostFramework: BoostFramework() : mPerf = com.qualcomm.qti.Performance@1dfc4d2
09-27 15:12:33.551  1940  1940 V KeyguardUpdateMonitor: SubInfo:{id=2, iccId=89860116831014056097 simSlotIndex=1 displayName=CARD 2 carrierName=CHN-UNICOM nameSource=0 iconTint=-16746133 dataRoaming=0 iconBitmap=android.graphics.Bitmap@6f0ae3b mcc 0 mnc 0}
09-27 15:12:33.560  8671  8671 D BugleThrottledAction: CountryCodeDetectorAction already scheduled in 118507ms, not scheduling it again.
09-27 15:12:33.562  8671  8671 D BugleThrottledAction: SelfParticipantsRefreshAction already scheduled in 118459ms, not scheduling it again.
09-27 15:12:33.567  1774  2823 D PowerManagerService: getScreenOffTimeoutLocked:  isTestFlag = false
09-27 15:12:33.571  3194  3752 I Icing   : Usage reports 0 indexed 0 rejected 0 imm upload false
09-27 15:12:33.580  1774  2822 D PowerManagerService: getScreenOffTimeoutLocked:  isTestFlag = false
09-27 15:12:33.609  1774  1787 D PowerManagerService: getScreenOffTimeoutLocked:  isTestFlag = false
09-27 15:12:33.615  1940  1940 D CarrierText: updateCarrierText(): 1
09-27 15:12:33.623  1774  1981 D PowerManagerService: getScreenOffTimeoutLocked:  isTestFlag = false
09-27 15:12:33.636  2887  2887 D Launcher.Model: bound all 33 apps from cache in 9ms
09-27 15:12:33.642  1774  1981 D PowerManagerService: getScreenOffTimeoutLocked:  isTestFlag = false
09-27 15:12:33.646  1774  1886 D PowerManagerService: getScreenOffTimeoutLocked:  isTestFlag = false
09-27 15:12:33.649  1774  2822 W WindowManager:  SLCODE computeScreenConfigurationLocked, the hard device name is: msm8953-snd-card-mtp Button Jack
09-27 15:12:33.649  1774  2822 W WindowManager:  SLCODE computeScreenConfigurationLocked, the hard device name is: msm8953-snd-card-mtp Headset Jack
09-27 15:12:33.649  1774  2822 W WindowManager:  SLCODE computeScreenConfigurationLocked, the hard device name is: hbtp_vm
09-27 15:12:33.649  1774  2822 W WindowManager:  SLCODE computeScreenConfigurationLocked, the hard device name is: qpnp_pon
09-27 15:12:33.649  1774  2822 W WindowManager:  SLCODE computeScreenConfigurationLocked, the hard device name is: gpio-keys
09-27 15:12:33.650  1774  2822 W WindowManager:  SLCODE computeScreenConfigurationLocked, the hard device name is: ft5435_ts
09-27 15:12:33.655  1774  2797 D PowerManagerService: getScreenOffTimeoutLocked:  isTestFlag = false
09-27 15:12:33.682  4923  4923 I qti-logkit.cDropboxReceiver: onReceive() intent Intent { act=android.intent.action.DROPBOX_ENTRY_ADDED flg=0x10 (has extras) }
09-27 15:12:33.684  1774  2795 D PowerManagerService: getScreenOffTimeoutLocked:  isTestFlag = false
09-27 15:12:33.694  1940  1940 D CarrierText: Handling (subId=2): READY China Unicom 4G
09-27 15:12:33.694  1940  1940 D CarrierText: SIM ready and in service: subId=2, ss=0 0 voice home data home CHN-UNICOM UNICOM 46001 CHN-UNICOM UNICOM 46001  LTE LTE CSS not supported -1 -1 RoamInd=-1 DefRoamInd=-1 EmergOnly=false IsDataRoamingFromRegistration=false IsUsingCarrierAggregation=false mRilImsRadioTechnology=0
09-27 15:12:33.698  1940  1940 D CarrierText: updateCarrierText(): 1
09-27 15:12:33.727  8671  8732 W Bugle   : canonicalizeMccMnc: invalid mccmnc:null ,null
09-27 15:12:33.738  3194  3752 I Icing   : Usage reports 0 indexed 0 rejected 0 imm upload false
09-27 15:12:33.738  4923  4923 I qti-logkit.cDropboxReceiver: onReceive() intent Intent { act=android.intent.action.DROPBOX_ENTRY_ADDED flg=0x10 (has extras) }
09-27 15:12:33.745  2887  2887 I Choreographer: Skipped 34 frames!  The application may be doing too much work on its main thread.
09-27 15:12:33.745  1774  2883 D PowerManagerService: getScreenOffTimeoutLocked:  isTestFlag = false
09-27 15:12:33.752  1940  1940 D CarrierText: Handling (subId=2): READY China Unicom 4G
09-27 15:12:33.753  1940  1940 D CarrierText: SIM ready and in service: subId=2, ss=0 0 voice home data home CHN-UNICOM UNICOM 46001 CHN-UNICOM UNICOM 46001  LTE LTE CSS not supported -1 -1 RoamInd=-1 DefRoamInd=-1 EmergOnly=false IsDataRoamingFromRegistration=false IsUsingCarrierAggregation=false mRilImsRadioTechnology=0
09-27 15:12:33.764  1940  1940 D CarrierText: updateCarrierText(): 1
09-27 15:12:33.778  1774  2069 D MmsServiceBroker: getCarrierConfigValues() by com.google.android.apps.messaging
09-27 15:12:33.788  8671  8732 I Bugle   : Carrier configs loaded: Bundle[{httpSocketTimeout=60000, aliasMinChars=2, smsToMmsTextThreshold=-1, enableSMSDeliveryReports=true, maxMessageTextSize=-1, supportMmsContentDisposition=true, enabledTransID=false, aliasEnabled=false, supportHttpCharsetHeader=false, allowAttachAudio=true, smsToMmsTextLengthThreshold=-1, recipientLimit=2147483647, uaProfTagName=x-wap-profile, aliasMaxChars=48, maxImageHeight=480, enableMMSDeliveryReports=false, userAgent=, mmsCloseConnection=false, config_cellBroadcastAppLinks=true, maxSubjectLength=40, httpParams=, enableGroupMms=true, emailGatewayNumber=, maxMessageSize=307200, naiSuffix=, enableMMSReadReports=false, maxImageWidth=640, uaProfUrl=, enabledMMS=true, enabledNotifyWapMMSC=false, sendMultipartSmsAsSeparateMessages=false, enableMultipartSMS=true}] from resources+system for subId=2
09-27 15:12:33.798  1940  1940 D CarrierText: Handling (subId=2): READY China Unicom 4G
09-27 15:12:33.798  1940  1940 D CarrierText: SIM ready and in service: subId=2, ss=0 0 voice home data home CHN-UNICOM UNICOM 46001 CHN-UNICOM UNICOM 46001  LTE LTE CSS not supported -1 -1 RoamInd=-1 DefRoamInd=-1 EmergOnly=false IsDataRoamingFromRegistration=false IsUsingCarrierAggregation=false mRilImsRadioTechnology=0
09-27 15:12:33.817  1940  1940 D KeyguardUpdateMonitor: received broadcast android.intent.action.SERVICE_STATE
09-27 15:12:33.817  1940  1940 V KeyguardUpdateMonitor: action android.intent.action.SERVICE_STATE serviceState=1 1 voice home data home null null null null null null  Unknown Unknown CSS not supported -1 -1 RoamInd=-1 DefRoamInd=-1 EmergOnly=false IsDataRoamingFromRegistration=false IsUsingCarrierAggregation=false mRilImsRadioTechnology=0 subId=2147483643 phoneId=0
09-27 15:12:33.818  2249  2249 I chatty  : uid=1001(radio) com.android.phone expire 2 lines
09-27 15:12:33.818  1940  1940 V KeyguardUpdateMonitor: onSubscriptionInfoChanged()
09-27 15:12:33.853  1940  1940 V KeyguardUpdateMonitor: SubInfo:{id=2, iccId=89860116831014056097 simSlotIndex=1 displayName=CARD 2 carrierName=CHN-UNICOM nameSource=0 iconTint=-16746133 dataRoaming=0 iconBitmap=android.graphics.Bitmap@922a0ed mcc 0 mnc 0}
09-27 15:12:33.881  8671  8693 W Bugle   : canonicalizeMccMnc: invalid mccmnc:null ,null
09-27 15:12:33.884  1940  1940 D CarrierText: updateCarrierText(): 1
09-27 15:12:33.886  1774  2280 D PowerManagerService: getScreenOffTimeoutLocked:  isTestFlag = false
09-27 15:12:33.900  1774  2746 I Telecom : PhoneAccountRegistrar: [ComponentInfo{com.android.phone/com.android.services.telephony.TelephonyConnectionService}, [da4b9237bacccdf19c0760cab7aec4a8359010b0], UserHandle{0}(addr: tel:************** -> tel:)(icon: Icon(typ=BITMAP size=72x72) -> Icon(typ=BITMAP size=72x72))(subAddr: tel:************** -> tel:)]: TSI.rPA@BIw
09-27 15:12:33.907  1774  2797 D MmsServiceBroker: getCarrierConfigValues() by com.google.android.apps.messaging
09-27 15:12:33.907  2249  2565 I chatty  : uid=1001(radio) Binder:2249_6 expire 2 lines
09-27 15:12:33.910  8671  8693 I Bugle   : Carrier configs loaded: Bundle[{httpSocketTimeout=60000, aliasMinChars=2, smsToMmsTextThreshold=-1, enableSMSDeliveryReports=true, maxMessageTextSize=-1, supportMmsContentDisposition=true, enabledTransID=false, aliasEnabled=false, supportHttpCharsetHeader=false, allowAttachAudio=true, smsToMmsTextLengthThreshold=-1, recipientLimit=2147483647, uaProfTagName=x-wap-profile, aliasMaxChars=48, maxImageHeight=480, enableMMSDeliveryReports=false, userAgent=, mmsCloseConnection=false, config_cellBroadcastAppLinks=true, maxSubjectLength=40, httpParams=, enableGroupMms=true, emailGatewayNumber=, maxMessageSize=307200, naiSuffix=, enableMMSReadReports=false, maxImageWidth=640, uaProfUrl=, enabledMMS=true, enabledNotifyWapMMSC=false, sendMultipartSmsAsSeparateMessages=false, enableMultipartSMS=true}] from resources+system for subId=2
09-27 15:12:33.914  1774  2746 I Telecom : : Sending phone-account registered intent as user: TSI.rPA@BIw
09-27 15:12:33.917  2249  2249 I chatty  : uid=1001(radio) com.android.phone expire 3 lines
09-27 15:12:33.929  1940  1940 D CarrierText: Handling (subId=2): READY China Unicom 4G
09-27 15:12:33.929  1940  1940 D CarrierText: SIM ready and in service: subId=2, ss=0 0 voice home data home CHN-UNICOM UNICOM 46001 CHN-UNICOM UNICOM 46001  LTE LTE CSS not supported -1 -1 RoamInd=-1 DefRoamInd=-1 EmergOnly=false IsDataRoamingFromRegistration=false IsUsingCarrierAggregation=false mRilImsRadioTechnology=0
09-27 15:12:33.932  1940  1940 D CarrierText: updateCarrierText(): 1
09-27 15:12:33.951  2249  8752 I chatty  : uid=1001(radio) com.android.phone expire 1 line
09-27 15:12:33.957  1940  1940 D CarrierText: Handling (subId=2): READY China Unicom 4G
09-27 15:12:33.957  1940  1940 D CarrierText: SIM ready and in service: subId=2, ss=0 0 voice home data home CHN-UNICOM UNICOM 46001 CHN-UNICOM UNICOM 46001  LTE LTE CSS not supported -1 -1 RoamInd=-1 DefRoamInd=-1 EmergOnly=false IsDataRoamingFromRegistration=false IsUsingCarrierAggregation=false mRilImsRadioTechnology=0
09-27 15:12:33.962  4024  4024 D SimSelectNotification:  no of slots 2 provision = false
09-27 15:12:33.970  1940  1940 D CarrierText: updateCarrierText(): 1
09-27 15:12:33.982  1774  1796 I WindowManager: Screen frozen for +901ms due to Window{1cd202d u0 com.android.launcher3/com.android.launcher3.Launcher}
09-27 15:12:33.981  4752  4752 D SimStateReceiver: received broadcast android.intent.action.SIM_STATE_CHANGED
09-27 15:12:34.007  1774  2901 I chatty  : uid=1000(system) Binder:1774_11 expire 1 line
09-27 15:12:34.020  4752  4752 D SimStateReceiver: ACTION_SIM_STATE_CHANGED intent received on sub = 1SIM STATE IS UNKNOWN
09-27 15:12:34.021  4752  4752 W ContextImpl: Calling a method in the system process without a qualified user: android.app.ContextImpl.startService:1357 android.content.ContextWrapper.startService:613 android.content.ContextWrapper.startService:613 com.qualcomm.simcontacts.SimStateReceiver.sendSimState:83 com.qualcomm.simcontacts.SimStateReceiver.onReceive:53 
09-27 15:12:34.029  4752  4752 D SimContactsService: service onStart!
09-27 15:12:34.029  1774  1796 D PowerManagerService: getScreenOffTimeoutLocked:  isTestFlag = false
09-27 15:12:34.033  2249  8205 I chatty  : uid=1001(radio) Binder:2249_A expire 1 line
09-27 15:12:34.040  1940  1940 D CarrierText: Handling (subId=2): READY China Unicom 4G
09-27 15:12:34.041  1940  1940 D CarrierText: SIM ready and in service: subId=2, ss=0 0 voice home data home CHN-UNICOM UNICOM 46001 CHN-UNICOM UNICOM 46001  LTE LTE CSS not supported -1 -1 RoamInd=-1 DefRoamInd=-1 EmergOnly=false IsDataRoamingFromRegistration=false IsUsingCarrierAggregation=false mRilImsRadioTechnology=0
09-27 15:12:34.044  4752  4752 D SimContactsService: on sim state changed event, state:3, slot:1
09-27 15:12:34.046  1940  1940 D KeyguardUpdateMonitor: handleServiceStateChange(subId=2147483643, phoneId=0, serviceState=1 1 voice home data home null null null null null null  Unknown Unknown CSS not supported -1 -1 RoamInd=-1 DefRoamInd=-1 EmergOnly=false IsDataRoamingFromRegistration=false IsUsingCarrierAggregation=false mRilImsRadioTechnology=0
09-27 15:12:34.047  1940  1940 D CarrierText: updateCarrierText(): 1
09-27 15:12:34.060  8222  8222 I chatty  : uid=1001(radio) org.codeaurora.ims expire 1 line
09-27 15:12:34.064  2235  2287 W QCNEJ   : |CORE| CNE received unexpected action: android.intent.action.BATTERY_CHANGED
09-27 15:12:34.084  2249  2565 I chatty  : uid=1001(radio) Binder:2249_6 expire 2 lines
09-27 15:12:34.085  1774  2902 D PowerManagerService: getScreenOffTimeoutLocked:  isTestFlag = false
09-27 15:12:34.091  1774  2822 D PowerManagerService: getScreenOffTimeoutLocked:  isTestFlag = false
09-27 15:12:34.094  1774  2823 D PowerManagerService: getScreenOffTimeoutLocked:  isTestFlag = false
09-27 15:12:34.110  1774  2795 I chatty  : uid=1000(system) Binder:1774_B expire 2 lines
09-27 15:12:34.114  2887  2887 D Launcher.Model: bound workspace in 546ms
09-27 15:12:34.114  1940  1940 D CarrierText: Handling (subId=2): READY China Unicom 4G
09-27 15:12:34.114  1940  1940 D CarrierText: SIM ready and in service: subId=2, ss=0 0 voice home data home CHN-UNICOM UNICOM 46001 CHN-UNICOM UNICOM 46001  LTE LTE CSS not supported -1 -1 RoamInd=-1 DefRoamInd=-1 EmergOnly=false IsDataRoamingFromRegistration=false IsUsingCarrierAggregation=false mRilImsRadioTechnology=0
09-27 15:12:34.117  2249  2249 I chatty  : uid=1001(radio) com.android.phone expire 6 lines
09-27 15:12:34.128  1940  1940 D CarrierText: updateCarrierText(): 1
09-27 15:12:34.135  5041  5041 I SmartcardService: sim_state changed : UNKNOWN on sub 1
09-27 15:12:34.153  4752  4752 D SimContactsService: deleteDatabaseSimContacts
09-27 15:12:34.174  1940  1940 D CarrierText: Handling (subId=2): READY China Unicom 4G
09-27 15:12:34.175  1940  1940 D CarrierText: SIM ready and in service: subId=2, ss=0 0 voice home data home CHN-UNICOM UNICOM 46001 CHN-UNICOM UNICOM 46001  LTE LTE CSS not supported -1 -1 RoamInd=-1 DefRoamInd=-1 EmergOnly=false IsDataRoamingFromRegistration=false IsUsingCarrierAggregation=false mRilImsRadioTechnology=0
09-27 15:12:34.179  1940  1940 D CarrierText: updateCarrierText(): 1
09-27 15:12:34.209  1774  2069 I Telecom : PhoneAccountRegistrar: [ComponentInfo{com.android.phone/com.android.services.telephony.TelephonyConnectionService}, [da4b9237bacccdf19c0760cab7aec4a8359010b0], UserHandle{0}(icon: Icon(typ=BITMAP size=72x72) -> Icon(typ=BITMAP size=72x72))]: TSI.rPA@BI8
09-27 15:12:34.218  1940  1940 D CarrierText: Handling (subId=2): READY China Unicom 4G
09-27 15:12:34.218  1940  1940 D CarrierText: SIM ready and in service: subId=2, ss=0 0 voice home data home CHN-UNICOM UNICOM 46001 CHN-UNICOM UNICOM 46001  LTE LTE CSS not supported -1 -1 RoamInd=-1 DefRoamInd=-1 EmergOnly=false IsDataRoamingFromRegistration=false IsUsingCarrierAggregation=false mRilImsRadioTechnology=0
09-27 15:12:34.223  1774  2069 I Telecom : : Sending phone-account registered intent as user: TSI.rPA@BI8
09-27 15:12:34.265  2249  8755 I chatty  : uid=1001(radio) com.android.phone expire 1 line
09-27 15:12:34.289  1940  1940 D KeyguardUpdateMonitor: received broadcast android.intent.action.BATTERY_CHANGED
09-27 15:12:34.295  6722  6722 D CellBroadcastReceiver: onReceive Intent { act=android.intent.action.SIM_STATE_CHANGED flg=0x4000010 cmp=com.android.cellbroadcastreceiver/.CellBroadcastReceiver (has extras) }
09-27 15:12:34.297  1774  2883 D PowerManagerService: getScreenOffTimeoutLocked:  isTestFlag = false
09-27 15:12:34.311  1940  1940 D KeyguardUpdateMonitor: handleBatteryUpdate
09-27 15:12:34.313  1940  1940 V KeyguardUpdateMonitor: onSubscriptionInfoChanged()
09-27 15:12:34.313  1774  1774 D PowerManagerService: getScreenOffTimeoutLocked:  isTestFlag = false
09-27 15:12:34.314  1774  1774 I chatty  : uid=1000 system_server expire 4 lines
09-27 15:12:34.326  8671  8671 D BugleThrottledAction: CountryCodeDetectorAction already scheduled in 117741ms, not scheduling it again.
09-27 15:12:34.327  8671  8671 D BugleThrottledAction: SelfParticipantsRefreshAction already scheduled in 117693ms, not scheduling it again.
09-27 15:12:34.341  2249  2249 I chatty  : uid=1001(radio) com.android.phone expire 8 lines
09-27 15:12:34.359  1940  1940 V KeyguardUpdateMonitor: SubInfo:{id=2, iccId=89860116831014056097 simSlotIndex=1 displayName=CARD 2 carrierName=CHN-UNICOM nameSource=0 iconTint=-16746133 dataRoaming=0 iconBitmap=android.graphics.Bitmap@d1ac888 mcc 460 mnc 1}
09-27 15:12:34.381  1774  2983 I chatty  : uid=1000(system) IzatServiceBase expire 4 lines
09-27 15:12:34.382  1774  1787 I chatty  : uid=1000(system) android.bg expire 11 lines
09-27 15:12:34.382  1774  2226 I chatty  : uid=1000(system) FLP Service Cal expire 5 lines
09-27 15:12:34.387  1774  2232 I chatty  : uid=1000(system) FLP Service Cal expire 5 lines
09-27 15:12:34.388  1774  1787 D PowerManagerService: getScreenOffTimeoutLocked:  isTestFlag = false
09-27 15:12:34.424  1940  1940 D CarrierText: updateCarrierText(): 1
09-27 15:12:34.451  1774  2795 D PowerManagerService: getScreenOffTimeoutLocked:  isTestFlag = false
09-27 15:12:34.453  1774  2069 D PowerManagerService: getScreenOffTimeoutLocked:  isTestFlag = false
09-27 15:12:34.455  1774  2279 D PowerManagerService: getScreenOffTimeoutLocked:  isTestFlag = false
09-27 15:12:34.459  1774  2746 D PowerManagerService: getScreenOffTimeoutLocked:  isTestFlag = false
09-27 15:12:34.464  1940  1940 D CarrierText: Handling (subId=2): READY China Unicom 4G
09-27 15:12:34.464  1940  1940 D CarrierText: SIM ready and in service: subId=2, ss=0 0 voice home data home CHN-UNICOM UNICOM 46001 CHN-UNICOM UNICOM 46001  LTE LTE CSS not supported -1 -1 RoamInd=-1 DefRoamInd=-1 EmergOnly=false IsDataRoamingFromRegistration=false IsUsingCarrierAggregation=false mRilImsRadioTechnology=0
09-27 15:12:34.469  1940  1940 D CarrierText: updateCarrierText(): 1
09-27 15:12:34.472  8671  8727 W Bugle   : canonicalizeMccMnc: invalid mccmnc:null ,null
09-27 15:12:34.476  1774  1981 D PowerManagerService: getScreenOffTimeoutLocked:  isTestFlag = false
09-27 15:12:34.483  2249  8717 I chatty  : uid=1001(radio) Binder:2249_B expire 2 lines
09-27 15:12:34.484  1774  2736 D PowerManagerService: getScreenOffTimeoutLocked:  isTestFlag = false
09-27 15:12:34.489  1774  2823 D PowerManagerService: getScreenOffTimeoutLocked:  isTestFlag = false
09-27 15:12:34.507  1940  1940 D CarrierText: Handling (subId=2): READY China Unicom 4G
09-27 15:12:34.508  1940  1940 D CarrierText: SIM ready and in service: subId=2, ss=0 0 voice home data home CHN-UNICOM UNICOM 46001 CHN-UNICOM UNICOM 46001  LTE LTE CSS not supported -1 -1 RoamInd=-1 DefRoamInd=-1 EmergOnly=false IsDataRoamingFromRegistration=false IsUsingCarrierAggregation=false mRilImsRadioTechnology=0
09-27 15:12:34.511  1940  1940 D CarrierText: updateCarrierText(): 1
09-27 15:12:34.521  1774  2883 D MmsServiceBroker: getCarrierConfigValues() by com.google.android.apps.messaging
09-27 15:12:34.522  2249  3218 I chatty  : uid=1001(radio) Binder:2249_8 expire 2 lines
09-27 15:12:34.523  4923  4923 I qti-logkit.cActivity: Storage card details not available
09-27 15:12:34.527  1774  2736 I Telecom : PhoneAccountRegistrar: [ComponentInfo{com.android.phone/com.android.services.telephony.TelephonyConnectionService}, [da4b9237bacccdf19c0760cab7aec4a8359010b0], UserHandle{0}(icon: Icon(typ=BITMAP size=72x72) -> Icon(typ=BITMAP size=72x72))]: TSI.rPA@BJY
09-27 15:12:34.534  8671  8727 I Bugle   : Carrier configs loaded: Bundle[{httpSocketTimeout=60000, aliasMinChars=2, smsToMmsTextThreshold=-1, enableSMSDeliveryReports=true, maxMessageTextSize=-1, supportMmsContentDisposition=true, enabledTransID=false, aliasEnabled=false, supportHttpCharsetHeader=false, allowAttachAudio=true, smsToMmsTextLengthThreshold=-1, recipientLimit=2147483647, uaProfTagName=x-wap-profile, aliasMaxChars=48, maxImageHeight=480, enableMMSDeliveryReports=false, userAgent=, mmsCloseConnection=false, config_cellBroadcastAppLinks=true, maxSubjectLength=40, httpParams=, enableGroupMms=true, emailGatewayNumber=, maxMessageSize=307200, naiSuffix=, enableMMSReadReports=false, maxImageWidth=640, uaProfUrl=, enabledMMS=true, enabledNotifyWapMMSC=false, sendMultipartSmsAsSeparateMessages=false, enableMultipartSMS=true}] from resources+system for subId=2
09-27 15:12:34.536  1774  2736 I Telecom : : Sending phone-account registered intent as user: TSI.rPA@BJY
09-27 15:12:34.554  1940  1940 D CarrierText: Handling (subId=2): READY China Unicom 4G
09-27 15:12:34.554  1940  1940 D CarrierText: SIM ready and in service: subId=2, ss=0 0 voice home data home CHN-UNICOM UNICOM 46001 CHN-UNICOM UNICOM 46001  LTE LTE CSS not supported -1 -1 RoamInd=-1 DefRoamInd=-1 EmergOnly=false IsDataRoamingFromRegistration=false IsUsingCarrierAggregation=false mRilImsRadioTechnology=0
09-27 15:12:34.560  4024  4024 D SimSelectNotification:  no of slots 2 provision = true
09-27 15:12:34.599  1774  2280 I chatty  : uid=1000(system) Binder:1774_7 expire 2 lines
09-27 15:12:34.642  2249  2249 I chatty  : uid=1001(radio) com.android.phone expire 7 lines
09-27 15:12:34.702  1774  2279 I Telecom : PhoneAccountRegistrar: [ComponentInfo{com.android.phone/com.android.services.telephony.TelephonyConnectionService}, [da4b9237bacccdf19c0760cab7aec4a8359010b0], UserHandle{0}(icon: Icon(typ=BITMAP size=72x72) -> Icon(typ=BITMAP size=72x72))]: TSI.rPA@BJc
09-27 15:12:34.713  1774  2279 I Telecom : : Sending phone-account registered intent as user: TSI.rPA@BJc
09-27 15:12:34.738  2249  8763 I chatty  : uid=1001(radio) com.android.phone expire 1 line
09-27 15:12:34.860  1774  2797 D PowerManagerService: getScreenOffTimeoutLocked:  isTestFlag = false
