09-27 15:12:18.114  8243  8243 I art     : Starting a blocking GC AddRemoveAppImageSpace
09-27 15:12:18.121  8243  8243 W System  : ClassLoader referenced unknown path: /system/vendor/app/SmartcardService/lib/arm64
09-27 15:12:18.140  1774  1774 I Telecom : PhoneAccountRegistrar: SimCallManager queried, returning: null: TSI.gSCMFU@BEA
09-27 15:12:18.141  1774  1774 D PowerManagerService: getScreenOffTimeoutLocked:  isTestFlag = false
09-27 15:12:18.148  4752  4752 D AuthenticateService: Service bind. Action: android.accounts.AccountAuthenticator
09-27 15:12:18.155  2249  2249 D MccTable: updateMccMncConfiguration mccmnc='null' fromServiceState=true
09-27 15:12:18.155  2249  2249 D MccTable: WIFI_COUNTRY_CODE set to 
09-27 15:12:18.156  1774  2835 I WifiService: WifiService trying to set country code to  with persist set to false
09-27 15:12:18.188  1774  2883 I chatty  : uid=1000(system) Binder:1774_10 expire 2 lines
09-27 15:12:18.194  1774  1787 D PowerManagerService: getScreenOffTimeoutLocked:  isTestFlag = false
09-27 15:12:18.200  2235  2235 W DPMJ    : |SERVICE| DPM received ACTION_ANY_DATA_CONNECTION_STATE_CHANGEDdefault
09-27 15:12:18.200  2235  2235 W DPMJ    : |SERVICE| If apn type is default ->default
09-27 15:12:18.202  1774  1886 D PowerManagerService: getScreenOffTimeoutLocked:  isTestFlag = false
09-27 15:12:18.214  5041  5041 I SmartcardService: sim_state changed : ABSENT on sub 1
09-27 15:12:18.223  2235  2235 W DPMJ    : |SERVICE| DPM received ACTION_ANY_DATA_CONNECTION_STATE_CHANGEDims
09-27 15:12:18.232  5055  5055 I System.out: *******************************************Sim State absent******************************
09-27 15:12:18.232  2651  2651 I Backup  : [GmsBackupAccountManager] Backup account not found in gmscore.
09-27 15:12:18.235  1774  1787 D PowerManagerService: getScreenOffTimeoutLocked:  isTestFlag = false
09-27 15:12:18.242  6283  6283 D MusicLifecycle: com.google.android.music.eventlog.MusicEventLogger$1 generated event: Broadcast received with context com.google.android.music.ui.PhoneMusicApplication@27dd3e7 and intent Intent { act=android.accounts.LOGIN_ACCOUNTS_CHANGED flg=0x4000010 }
09-27 15:12:18.258  1774  1786 I ActivityManager: Killing 5872:com.android.providers.calendar/u0a2 (adj 906): empty #17
09-27 15:12:18.291  3428  3463 I ContactsProvider: Accounts changed
09-27 15:12:18.298  1774  2901 D PowerManagerService: getScreenOffTimeoutLocked:  isTestFlag = false
09-27 15:12:18.305  3194  3752 I Icing   : updateResources: need to parse tmm{com.google.android.gm}
09-27 15:12:18.323  1774  2069 D ActivityManager: cleanUpApplicationRecord -- 5872
09-27 15:12:18.324  1774  1786 D PowerManagerService: getScreenOffTimeoutLocked:  isTestFlag = false
09-27 15:12:18.332  1774  1886 D PowerManagerService: getScreenOffTimeoutLocked:  isTestFlag = false
09-27 15:12:18.334  1774  2736 D PowerManagerService: getScreenOffTimeoutLocked:  isTestFlag = false
09-27 15:12:18.343  6283  6283 D MusicLifecycle: com.google.android.music.awareness.AwarenessRouter$2 generated event: Broadcast received with context com.google.android.music.ui.PhoneMusicApplication@27dd3e7 and intent Intent { act=android.accounts.LOGIN_ACCOUNTS_CHANGED flg=0x4000010 }
09-27 15:12:18.355  3194  3752 I Icing   : Removing corpus key 0B29EA4A14E533E90EB9229A2A3C4F9EFB46CA6D for package com.google.android.gm
09-27 15:12:18.381  1774  1787 D PowerManagerService: getScreenOffTimeoutLocked:  isTestFlag = false
09-27 15:12:18.383  3194  8263 I CheckinChimeraService: Checking schedule, now: 1506496338383 next: 1506496396996
09-27 15:12:18.383  3194  8263 I CheckinChimeraService: active receiver: disabled
09-27 15:12:18.406  2235  2235 W DPMJ    : |SERVICE| DPM received ACTION_ANY_DATA_CONNECTION_STATE_CHANGEDdefault
09-27 15:12:18.406  2235  2235 W DPMJ    : |SERVICE| If apn type is default ->default
09-27 15:12:18.409  1774  1981 D PowerManagerService: getScreenOffTimeoutLocked:  isTestFlag = false
09-27 15:12:18.417  6283  6317 D AwarenessRouter: Successfully removed previous context fences
09-27 15:12:18.418  1774  2736 D PowerManagerService: getScreenOffTimeoutLocked:  isTestFlag = false
09-27 15:12:18.426  1774  2883 D PowerManagerService: getScreenOffTimeoutLocked:  isTestFlag = false
09-27 15:12:18.442  2235  2235 W DPMJ    : |SERVICE| DPM received ACTION_ANY_DATA_CONNECTION_STATE_CHANGEDims
09-27 15:12:18.459  3428  3463 I ContactsProvider: Accounts changed
09-27 15:12:18.477  3194  3752 I Icing   : Flash index sort hb 24 prefix-hits 36 -> 34 at 6.125ms
09-27 15:12:18.497  1774  2883 I Telecom : PhoneAccountRegistrar: [ComponentInfo{com.android.phone/com.android.services.telephony.TelephonyConnectionService}, [e0184adedf913b076626646d3f52c3b49c39ad6d], UserHandle{0}(icon: Icon(typ=BITMAP size=57x72) -> Icon(typ=BITMAP size=57x72))]: TSI.rPA@BEM
09-27 15:12:18.503  1774  2883 I Telecom : : Sending phone-account registered intent as user: TSI.rPA@BEM
09-27 15:12:18.535  2249  8268 I chatty  : uid=1001(radio) com.android.phone expire 2 lines
09-27 15:12:18.589  1774  2822 I Telecom : PhoneAccountRegistrar: [ComponentInfo{com.android.phone/com.android.services.telephony.TelephonyConnectionService}, [e0184adedf913b076626646d3f52c3b49c39ad6d], UserHandle{0}(icon: Icon(typ=BITMAP size=57x72) -> Icon(typ=BITMAP size=57x72))]: TSI.rPA@BEY
09-27 15:12:18.595  1774  2822 I Telecom : : Sending phone-account registered intent as user: TSI.rPA@BEY
09-27 15:12:18.638  2249  8271 I chatty  : uid=1001(radio) com.android.phone expire 2 lines
09-27 15:12:18.805  1774  1798 D LuxLevels: bright hysteresis constant= 0.1, threshold=151.32974, lux=137.5725
09-27 15:12:18.805  1774  1798 D LuxLevels: dark hysteresis constant= 0.2, threshold=110.058, lux=137.5725
09-27 15:12:18.887  1774  2835 I chatty  : uid=1000(system) Binder:1774_F expire 1 line
09-27 15:12:18.887  1774  1785 D PowerManagerService: getScreenOffTimeoutLocked:  isTestFlag = false
09-27 15:12:18.893  1774  2746 D PowerManagerService: getScreenOffTimeoutLocked:  isTestFlag = false
09-27 15:12:18.895  1774  2823 D PowerManagerService: getScreenOffTimeoutLocked:  isTestFlag = false
09-27 15:12:18.898  1774  2901 D PowerManagerService: getScreenOffTimeoutLocked:  isTestFlag = false
09-27 15:12:18.902  4942  4942 D QC_RIL_OEM_HOOK: Received Broadcast Intent ACTION_UNSOL_RESPONSE_OEM_HOOK_RAW
09-27 15:12:18.902  4942  4942 D QC_RIL_OEM_HOOK: Oem ID in QCRILHOOK UNSOL RESP is QOEMHOOK
09-27 15:12:18.906  4942  4942 D QC_RIL_OEM_HOOK: Received Broadcast Intent ACTION_UNSOL_RESPONSE_OEM_HOOK_RAW
09-27 15:12:18.907  4942  4942 D QC_RIL_OEM_HOOK: Oem ID in QCRILHOOK UNSOL RESP is QOEMHOOK
09-27 15:12:18.952  1774  2737 D PowerManagerService: getScreenOffTimeoutLocked:  isTestFlag = false
09-27 15:12:18.953  3194  3752 I Icing   : updateResources: need to parse tmm{com.google.android.gms}
09-27 15:12:18.955  1774  2280 D PowerManagerService: getScreenOffTimeoutLocked:  isTestFlag = false
09-27 15:12:18.956  1774  2797 D PowerManagerService: getScreenOffTimeoutLocked:  isTestFlag = false
09-27 15:12:18.960  1774  2835 D PowerManagerService: getScreenOffTimeoutLocked:  isTestFlag = false
09-27 15:12:18.967  1774  1886 D PowerManagerService: getScreenOffTimeoutLocked:  isTestFlag = false
09-27 15:12:18.968  1774  2069 D PowerManagerService: getScreenOffTimeoutLocked:  isTestFlag = false
09-27 15:12:18.969  1774  1786 D PowerManagerService: getScreenOffTimeoutLocked:  isTestFlag = false
09-27 15:12:18.977  1774  2823 D PowerManagerService: getScreenOffTimeoutLocked:  isTestFlag = false
09-27 15:12:18.980  1774  1981 D PowerManagerService: getScreenOffTimeoutLocked:  isTestFlag = false
09-27 15:12:18.986  1774  2797 D PowerManagerService: getScreenOffTimeoutLocked:  isTestFlag = false
09-27 15:12:18.998  3428  3463 D ContactDirectoryManager: Found com.google.android.gm.exchange.bundled.directory.provider
09-27 15:12:18.999  3428  3463 D ContactDirectoryManager: Found com.google.contacts.gal.provider
09-27 15:12:19.002  3428  3463 D ContactDirectoryManager: Found com.android.exchange.directory.provider
09-27 15:12:19.014  2249  8281 I chatty  : uid=1001(radio) com.android.phone expire 2 lines
09-27 15:12:19.045  1774  2746 I ActivityManager: Start proc 8282:com.android.exchange/u0a50 for content provider com.android.exchange/.provider.ExchangeDirectoryProvider
09-27 15:12:19.052  1774  1785 I Telecom : PhoneAccountRegistrar: [ComponentInfo{com.android.phone/com.android.services.telephony.TelephonyConnectionService}, [e0184adedf913b076626646d3f52c3b49c39ad6d], UserHandle{0}(icon: Icon(typ=BITMAP size=57x72) -> Icon(typ=BITMAP size=57x72))]: TSI.rPA@BEk
09-27 15:12:19.057  1774  1785 I Telecom : : Sending phone-account registered intent as user: TSI.rPA@BEk
09-27 15:12:19.087  2249  8296 I chatty  : uid=1001(radio) com.android.phone expire 2 lines
09-27 15:12:19.116  8282  8282 I art     : Starting a blocking GC AddRemoveAppImageSpace
09-27 15:12:19.119  8282  8282 W System  : ClassLoader referenced unknown path: /system/app/Exchange2/lib/arm64
09-27 15:12:19.131  1774  2795 I Telecom : PhoneAccountRegistrar: [ComponentInfo{com.android.phone/com.android.services.telephony.TelephonyConnectionService}, [e0184adedf913b076626646d3f52c3b49c39ad6d], UserHandle{0}(icon: Icon(typ=BITMAP size=57x72) -> Icon(typ=BITMAP size=57x72))]: TSI.rPA@BEw
09-27 15:12:19.137  1774  2795 I Telecom : : Sending phone-account registered intent as user: TSI.rPA@BEw
09-27 15:12:19.160  2249  8299 I chatty  : uid=1001(radio) com.android.phone expire 2 lines
09-27 15:12:19.185  1774  2280 D PowerManagerService: getScreenOffTimeoutLocked:  isTestFlag = false
09-27 15:12:19.198  1774  2797 I ActivityManager: Start proc 8300:com.android.email/u0a49 for content provider com.android.email/.provider.EmailProvider
09-27 15:12:19.206  2235  2235 I chatty  : uid=1000(system) .dataservices expire 23 lines
09-27 15:12:19.288  1774  2737 I ActivityManager: Killing 5795:com.google.android.gm/u0a59 (adj 906): empty #17
09-27 15:12:19.289  8300  8300 I art     : Starting a blocking GC AddRemoveAppImageSpace
09-27 15:12:19.293  8300  8300 W System  : ClassLoader referenced unknown path: /system/app/Email/lib/arm64
09-27 15:12:19.305  1774  1786 D PowerManagerService: getScreenOffTimeoutLocked:  isTestFlag = false
09-27 15:12:19.332  1774  1981 I ActivityManager: Start proc 8315:com.google.process.gapps/u0a56 for content provider com.google.android.syncadapters.contacts/.ProxyGalProvider
09-27 15:12:19.338  1774  2736 D ActivityManager: cleanUpApplicationRecord -- 5795
09-27 15:12:19.399  8315  8315 I art     : Starting a blocking GC AddRemoveAppImageSpace
09-27 15:12:19.402  8315  8315 W System  : ClassLoader referenced unknown path: /system/app/GoogleContactsSyncAdapter/lib/arm64
09-27 15:12:19.406  8300  8331 D ActivityThread: Loading provider com.android.email.provider;com.android.email.notifier: com.android.email.provider.EmailProvider
09-27 15:12:19.503  1774  2822 W ActivityManager: Unable to start service Intent { cmp=com.android.email/.service.AttachmentService } U=0: not found
09-27 15:12:19.511  1774  2069 W ActivityManager: Unable to start service Intent { cmp=com.android.email/.service.AttachmentService } U=0: not found
09-27 15:12:19.521  8315  8315 I DpmTcmClient: RegisterTcmMonitor from: org.apache.http.impl.conn.TcmIdleTimerMonitor
09-27 15:12:19.524  4923  4923 I chatty  : uid=1000(system) com.qualcomm.qti.logkit expire 10 lines
09-27 15:12:19.526  8282  8282 I Exchange: EasService.onCreate
09-27 15:12:19.537  8300  8341 I Email   : Observing account changes for notifications
09-27 15:12:19.576  6722  6722 D CellBroadcastReceiver: onReceive Intent { act=android.intent.action.SERVICE_STATE flg=0x10 cmp=com.android.cellbroadcastreceiver/.CellBroadcastReceiver (has extras) }
09-27 15:12:19.576  6722  6722 D CellBroadcastReceiver: Intent: android.intent.action.SERVICE_STATE
09-27 15:12:19.578  1774  2835 D PowerManagerService: getScreenOffTimeoutLocked:  isTestFlag = false
09-27 15:12:19.579  4991  4991 I LKCore  : vendor/qcom/proprietary/qti-logkit/LKCore/SocketConnector.h:554: IsConnected true
09-27 15:12:19.582  1774  2822 D PowerManagerService: getScreenOffTimeoutLocked:  isTestFlag = false
09-27 15:12:19.586  1774  2279 D PowerManagerService: getScreenOffTimeoutLocked:  isTestFlag = false
09-27 15:12:19.594  1774  1786 D PowerManagerService: getScreenOffTimeoutLocked:  isTestFlag = false
09-27 15:12:19.595  3428  3463 I ContactDirectoryManager: deleted 0 stale rows which don't have any relevant directory
09-27 15:12:19.600  8282  8345 I Exchange: RestartPingTask
09-27 15:12:19.623  1774  1774 D PowerManagerService: getScreenOffTimeoutLocked:  isTestFlag = false
09-27 15:12:19.625  3428  3463 I ContactDirectoryManager: Discovered 0 contact directories in 1015ms
09-27 15:12:19.640  1774  2279 D PowerManagerService: getScreenOffTimeoutLocked:  isTestFlag = false
09-27 15:12:19.660  1774  1774 I chatty  : uid=1000 system_server expire 44 lines
09-27 15:12:19.661  1774  2983 I chatty  : uid=1000(system) IzatServiceBase expire 14 lines
09-27 15:12:19.663  8282  8282 I Exchange: RestartPingsTask did not start any pings.
09-27 15:12:19.663  8282  8282 I Exchange: PSS stopIfIdle
09-27 15:12:19.664  8282  8282 I Exchange: PSS has no active accounts; stopping service.
09-27 15:12:19.674  8282  8282 I Exchange: onDestroy
09-27 15:12:19.696  1774  2736 D PowerManagerService: getScreenOffTimeoutLocked:  isTestFlag = false
09-27 15:12:19.722  1774  1787 D PowerManagerService: getScreenOffTimeoutLocked:  isTestFlag = false
09-27 15:12:19.727  1774  2883 D PowerManagerService: getScreenOffTimeoutLocked:  isTestFlag = false
09-27 15:12:19.728  1774  2983 D PowerManagerService: getScreenOffTimeoutLocked:  isTestFlag = false
09-27 15:12:19.733  1774  2797 D PowerManagerService: getScreenOffTimeoutLocked:  isTestFlag = false
09-27 15:12:19.743  1774  1981 D PowerManagerService: getScreenOffTimeoutLocked:  isTestFlag = false
09-27 15:12:19.751  1774  2835 D PowerManagerService: getScreenOffTimeoutLocked:  isTestFlag = false
09-27 15:12:19.762  2249  2650 I chatty  : uid=1001(radio) ImsConfigImplHa expire 5 lines
09-27 15:12:19.763  1774  2737 D PowerManagerService: getScreenOffTimeoutLocked:  isTestFlag = false
09-27 15:12:19.770  1774  2822 D PowerManagerService: getScreenOffTimeoutLocked:  isTestFlag = false
09-27 15:12:19.777  2249  8351 I chatty  : uid=1001(radio) com.android.phone expire 2 lines
09-27 15:12:19.778  2249  8352 I chatty  : uid=1001(radio) com.android.phone expire 1 line
09-27 15:12:19.781  1774  2902 D PowerManagerService: getScreenOffTimeoutLocked:  isTestFlag = false
09-27 15:12:19.782  1774  1785 D PowerManagerService: getScreenOffTimeoutLocked:  isTestFlag = false
09-27 15:12:19.784  1774  2279 D PowerManagerService: getScreenOffTimeoutLocked:  isTestFlag = false
09-27 15:12:19.785   758   843 D ThermalEngine: sensor_wait: case_therm Wait done.
09-27 15:12:19.787   758   843 D ThermalEngine: sensor_monitor: case_therm Reading 35000 .
09-27 15:12:19.787   758   843 I ThermalEngine: Sensor:case_therm:35000 mC
09-27 15:12:19.787   758   843 D ThermalEngine: update_active_thresh: case_therm Active(1), Hi(1) 38000, Lo(0) -2147483648, Interval(1) 10000
09-27 15:12:19.787   758   843 D ThermalEngine: sensor_monitor: case_therm Sensor wait.
09-27 15:12:19.787   758   843 D ThermalEngine: sensor_wait: case_therm Wait start. 10000ms
09-27 15:12:19.805  1774  2795 D PowerManagerService: getScreenOffTimeoutLocked:  isTestFlag = false
09-27 15:12:19.828  1774  1786 I Telecom : PhoneAccountRegistrar: [ComponentInfo{com.android.phone/com.android.services.telephony.TelephonyConnectionService}, [e0184adedf913b076626646d3f52c3b49c39ad6d], UserHandle{0}(icon: Icon(typ=BITMAP size=57x72) -> Icon(typ=BITMAP size=57x72))]: TSI.rPA@BFE
09-27 15:12:19.834  1774  1786 I Telecom : : Sending phone-account registered intent as user: TSI.rPA@BFE
09-27 15:12:19.881  1774  2902 I chatty  : uid=1000(system) Binder:1774_12 expire 3 lines
09-27 15:12:19.925  1774  1786 I Telecom : PhoneAccountRegistrar: [ComponentInfo{com.android.phone/com.android.services.telephony.TelephonyConnectionService}, [e0184adedf913b076626646d3f52c3b49c39ad6d], UserHandle{0}(icon: Icon(typ=BITMAP size=57x72) -> Icon(typ=BITMAP size=57x72))]: TSI.rPA@BFI
09-27 15:12:19.930  1774  1786 I Telecom : : Sending phone-account registered intent as user: TSI.rPA@BFI
09-27 15:12:19.950  2249  8353 I chatty  : uid=1001(radio) com.android.phone expire 2 lines
09-27 15:12:19.991  1774  1981 I Telecom : PhoneAccountRegistrar: [ComponentInfo{com.android.phone/com.android.services.telephony.TelephonyConnectionService}, [e0184adedf913b076626646d3f52c3b49c39ad6d], UserHandle{0}(icon: Icon(typ=BITMAP size=57x72) -> Icon(typ=BITMAP size=57x72))]: TSI.rPA@BFU
09-27 15:12:19.998  1774  1981 I Telecom : : Sending phone-account registered intent as user: TSI.rPA@BFU
09-27 15:12:20.019  2249  8354 I chatty  : uid=1001(radio) com.android.phone expire 2 lines
09-27 15:12:20.026  1319  1380 E XTCC-5.1.0.23-d: [CS-RIL-LISTENER] handleRilCellUpdate failed, result = -1
09-27 15:12:20.059  1774  2883 I Telecom : PhoneAccountRegistrar: [ComponentInfo{com.android.phone/com.android.services.telephony.TelephonyConnectionService}, [e0184adedf913b076626646d3f52c3b49c39ad6d], UserHandle{0}(icon: Icon(typ=BITMAP size=57x72) -> Icon(typ=BITMAP size=57x72))]: TSI.rPA@BFg
09-27 15:12:20.067  1774  2883 I Telecom : : Sending phone-account registered intent as user: TSI.rPA@BFg
09-27 15:12:20.181  1774  1774 D PowerManagerService: getScreenOffTimeoutLocked:  isTestFlag = false
09-27 15:12:20.235  5503  8357 V BoundedNumberEvaluator: fieldName - value; 65536: greater than max value, 10000: using max value
09-27 15:12:20.235  5503  8357 V BoundedNumberEvaluator: fieldName - value; 65536: greater than max value, 10000: using max value
09-27 15:12:20.236  5503  8357 D AbstractMetricsFactoryImpl: Setting non-anonymous customer ID and session ID to null, and anonymous tag to true as the metric entry was not recorded in non-anonymous queue.
09-27 15:12:20.236  5503  8357 V MetricsServiceAdapter: record - [ com.amazon.widgets , CardLoader ];
09-27 15:12:20.238  5503  5539 D OverridingDeviceInfoMan: getDeviceSerialNumber - Returning unique device id for non-anonymous metrics;
09-27 15:12:20.238  5503  5539 D OverridingDeviceInfoMan: getSessionID - Returning unique session id for non-anonymous metrics;
09-27 15:12:20.238  5503  5539 I OverridingDeviceInfoMan: getCustomerID - Inside get customer id for Overriding Device InfoManager;
09-27 15:12:20.238  5503  5539 I OverridingDeviceInfoMan: getCustomerId - Returning unique Customer id for non-anonymous metrics;
09-27 15:12:20.242  5503  5539 D Metrics:BatchCreator: addMetricEntry - Adding metric entry; metricEntry: 1506496340236 com.amazon.widgets CardLoader  [buildRemoteViews:Success,1.0,1]  [anonymous,true,1]  [HTTP_USER_AGENT,AMZN(SmartPhone/G/A26P7JWNT6HZZG,Android/7.1.2,//,DCM),1] 
09-27 15:12:20.254  6722  6722 D CellBroadcastReceiver: onReceive Intent { act=android.intent.action.SERVICE_STATE flg=0x10 cmp=com.android.cellbroadcastreceiver/.CellBroadcastReceiver (has extras) }
09-27 15:12:20.254  6722  6722 D CellBroadcastReceiver: Intent: android.intent.action.SERVICE_STATE
09-27 15:12:20.255  6722  6722 D CellBroadcastReceiver: Service state changed! 1 Full: 1 1 voice home data home null null null null null null  Unknown Unknown CSS not supported -1 -1 RoamInd=-1 DefRoamInd=-1 EmergOnly=false IsDataRoamingFromRegistration=false IsUsingCarrierAggregation=false mRilImsRadioTechnology=0 Current state=0
09-27 15:12:20.278  5503  8358 V BoundedNumberEvaluator: fieldName - value; 65536: greater than max value, 10000: using max value
09-27 15:12:20.278  5503  8358 V BoundedNumberEvaluator: fieldName - value; 65536: greater than max value, 10000: using max value
09-27 15:12:20.279  5503  8358 D AbstractMetricsFactoryImpl: Setting non-anonymous customer ID and session ID to null, and anonymous tag to true as the metric entry was not recorded in non-anonymous queue.
09-27 15:12:20.279  5503  8358 V MetricsServiceAdapter: record - [ com.amazon.widgets , CardLoader ];
09-27 15:12:20.280  5503  5539 D OverridingDeviceInfoMan: getDeviceSerialNumber - Returning unique device id for non-anonymous metrics;
09-27 15:12:20.280  5503  5539 D OverridingDeviceInfoMan: getSessionID - Returning unique session id for non-anonymous metrics;
09-27 15:12:20.280  5503  5539 I OverridingDeviceInfoMan: getCustomerID - Inside get customer id for Overriding Device InfoManager;
09-27 15:12:20.280  5503  5539 I OverridingDeviceInfoMan: getCustomerId - Returning unique Customer id for non-anonymous metrics;
09-27 15:12:20.281  5503  5539 D Metrics:BatchCreator: addMetricEntry - Adding metric entry; metricEntry: 1506496340279 com.amazon.widgets CardLoader  [buildRemoteViews:Success,1.0,1]  [anonymous,true,1]  [HTTP_USER_AGENT,AMZN(SmartPhone/G/A26P7JWNT6HZZG,Android/7.1.2,//,DCM),1] 
09-27 15:12:20.283  6283  6283 D MusicLifecycle: com.google.android.music.AccountsBroadcastReceiver generated event: Broadcast received with context android.app.ReceiverRestrictedContext@87ae0fe and intent Intent { act=android.accounts.LOGIN_ACCOUNTS_CHANGED flg=0x4000010 cmp=com.google.android.music/.AccountsBroadcastReceiver }
09-27 15:12:20.306  6283  6300 W SignupStatus: No connection available, not continuing signup check
09-27 15:12:20.340  1774  2822 I ActivityManager: Start proc 8359:com.android.chrome/u0a52 for broadcast com.android.chrome/org.chromium.chrome.browser.services.AccountsChangedReceiver
09-27 15:12:20.378  5503  8373 V BoundedNumberEvaluator: fieldName - value; 65536: greater than max value, 10000: using max value
09-27 15:12:20.378  5503  8373 V BoundedNumberEvaluator: fieldName - value; 65536: greater than max value, 10000: using max value
09-27 15:12:20.379  5503  8373 D AbstractMetricsFactoryImpl: Setting non-anonymous customer ID and session ID to null, and anonymous tag to true as the metric entry was not recorded in non-anonymous queue.
09-27 15:12:20.379  5503  8373 V MetricsServiceAdapter: record - [ com.amazon.widgets , NavigationHandler ];
09-27 15:12:20.380  5503  5539 D OverridingDeviceInfoMan: getDeviceSerialNumber - Returning unique device id for non-anonymous metrics;
09-27 15:12:20.380  5503  5539 D OverridingDeviceInfoMan: getSessionID - Returning unique session id for non-anonymous metrics;
09-27 15:12:20.380  5503  5539 I OverridingDeviceInfoMan: getCustomerID - Inside get customer id for Overriding Device InfoManager;
09-27 15:12:20.380  5503  5539 I OverridingDeviceInfoMan: getCustomerId - Returning unique Customer id for non-anonymous metrics;
09-27 15:12:20.381  5503  5539 D Metrics:BatchCreator: addMetricEntry - Adding metric entry; metricEntry: 1506496340379 com.amazon.widgets NavigationHandler  [AppWidgetManager:updateAppWidget:Success,1.0,1]  [anonymous,true,1]  [HTTP_USER_AGENT,AMZN(SmartPhone/G/A26P7JWNT6HZZG,Android/7.1.2,//,DCM),1] 
09-27 15:12:20.404  8359  8359 W System  : ClassLoader referenced unknown path: /system/app/Chrome/lib/arm
09-27 15:12:20.477  8359  8359 W DynamiteModule: Local module descriptor class for com.google.android.gms.googlecertificates not found.
09-27 15:12:20.515  8359  8359 I DynamiteModule: Considering local module com.google.android.gms.googlecertificates:0 and remote module com.google.android.gms.googlecertificates:4
09-27 15:12:20.515  8359  8359 I DynamiteModule: Selected remote version of com.google.android.gms.googlecertificates, version >= 4
09-27 15:12:20.566  8359  8359 W System  : ClassLoader referenced unknown path: 
09-27 15:12:20.567  8359  8359 W System  : ClassLoader referenced unknown path: /system/priv-app/GmsCore/lib/arm
09-27 15:12:20.572  8359  8359 D ApplicationLoaders: ignored Vulkan layer search path /system/priv-app/GmsCore/lib/arm:/system/fake-libs:/system/priv-app/GmsCore/GmsCore.apk!/lib/armeabi-v7a:/system/lib:/vendor/lib for namespace 0xf1d01090
09-27 15:12:20.637  8359  8359 W System  : ClassLoader referenced unknown path: /data/user_de/0/com.google.android.gms/app_chimera/m/00000001/n/armeabi-v7a
09-27 15:12:20.637  8359  8359 W System  : ClassLoader referenced unknown path: /data/user_de/0/com.google.android.gms/app_chimera/m/00000001/n/armeabi
09-27 15:12:20.777  8359  8359 W art     : Verification of void j.<clinit>() took 109.907ms
09-27 15:12:20.886  1774  2279 I ActivityManager: Killing 6661:com.qualcomm.qti.RIDL/1000 (adj 906): empty #17
09-27 15:12:20.921  1774  1785 D ActivityManager: cleanUpApplicationRecord -- 6661
09-27 15:12:20.926  8300  8379 I Email   : System accounts updated.
09-27 15:12:20.934  8300  8300 D BluetoothEmailBroadcastReceiver: Received android.accounts.LOGIN_ACCOUNTS_CHANGED
09-27 15:12:20.951  8282  8282 I Exchange: Accounts changed - requesting FolderSync for unsynced accounts
09-27 15:12:20.962  8282  8282 I Exchange: EasService.onCreate
09-27 15:12:20.971  8300  8379 I NotifActionUtils: resendNotifications account: null, folder: null
09-27 15:12:20.975  5699  5699 W Finsky  : [1] com.google.android.finsky.application.FinskyAppImpl.bw(1162): No account configured on this device.
09-27 15:12:20.983  5699  5699 W Finsky  : [1] com.google.android.finsky.application.FinskyAppImpl.bw(1162): No account configured on this device.
09-27 15:12:20.992  5699  5699 W Finsky  : [1] com.google.android.finsky.application.FinskyAppImpl.bw(1162): No account configured on this device.
09-27 15:12:20.992  8300  8379 I Email   : System accounts updated.
09-27 15:12:20.995  8282  8380 I Exchange: RestartPingTask
09-27 15:12:21.004  5699  5699 W Finsky  : [1] com.google.android.finsky.application.FinskyAppImpl.bw(1162): No account configured on this device.
09-27 15:12:21.007  8300  8381 I NotifUtils: resendNotifications cancelExisting: false, account: null, folder: null
09-27 15:12:21.027  8300  8379 I NotifActionUtils: resendNotifications account: null, folder: null
09-27 15:12:21.030  5699  5699 W Finsky  : [1] com.google.android.finsky.application.FinskyAppImpl.bw(1162): No account configured on this device.
09-27 15:12:21.034  5699  5699 W Finsky  : [1] com.google.android.finsky.application.FinskyAppImpl.bw(1162): No account configured on this device.
09-27 15:12:21.042  8300  8383 I NotifUtils: resendNotifications cancelExisting: false, account: null, folder: null
09-27 15:12:21.043  5699  5699 W Finsky  : [1] com.google.android.finsky.application.FinskyAppImpl.bw(1162): No account configured on this device.
09-27 15:12:21.044  8282  8282 I Exchange: RestartPingsTask did not start any pings.
09-27 15:12:21.045  8282  8282 I Exchange: PSS stopIfIdle
09-27 15:12:21.045  5699  5750 D Volley  : [382] a.b: Cache cleared.
09-27 15:12:21.046  8282  8282 I Exchange: PSS has no active accounts; stopping service.
09-27 15:12:21.050  5699  5737 D Volley  : [374] a.b: Cache cleared.
09-27 15:12:21.050  8282  8282 I Exchange: onDestroy
09-27 15:12:21.081  5699  5699 W Finsky  : [1] com.google.android.finsky.application.FinskyAppImpl.bw(1162): No account configured on this device.
09-27 15:12:21.083  5699  5699 D Volley  : [1] a.b: Cache cleared.
09-27 15:12:21.116  5699  5699 W Finsky  : [1] com.google.android.finsky.application.FinskyAppImpl.bw(1162): No account configured on this device.
09-27 15:12:21.151  1774  2822 I ActivityManager: Start proc 8384:com.google.android.apps.photos/u0a94 for broadcast com.google.android.apps.photos/com.google.android.libraries.social.account.refresh.receiver.AccountsChangedReceiver
09-27 15:12:21.260  8384  8384 I art     : Starting a blocking GC AddRemoveAppImageSpace
09-27 15:12:21.271  8384  8384 W System  : ClassLoader referenced unknown path: /system/app/Photos/lib/arm64
09-27 15:12:21.534   920   920 I MSM-irqbalance: Decided to move IRQ3 from CPU1 [P:0] to CPU6 [P:1] (banned)
09-27 15:12:21.535   920   920 I MSM-irqbalance: Decided to move IRQ5 from CPU1 [P:0] to CPU4 [P:1] (banned)
09-27 15:12:21.535   920   920 I MSM-irqbalance: Decided to move IRQ3 from CPU3 [P:0] to CPU7 [P:1] (banned)
09-27 15:12:21.536   920   920 I MSM-irqbalance: Decided to move IRQ5 from CPU3 [P:0] to CPU5 [P:1] (banned)
09-27 15:12:21.536   920   920 I MSM-irqbalance: Decided to move IRQ3 from CPU0 [P:0] to CPU6 [P:1] (banned)
09-27 15:12:21.537   920   920 I MSM-irqbalance: Decided to move IRQ5 from CPU0 [P:0] to CPU4 [P:1] (banned)
09-27 15:12:21.537   920   920 I MSM-irqbalance: Decided to move IRQ3 from CPU2 [P:0] to CPU7 [P:1] (banned)
09-27 15:12:21.538  1774  2901 D PowerManagerService: getScreenOffTimeoutLocked:  isTestFlag = false
09-27 15:12:21.538   920   920 I MSM-irqbalance: Decided to move IRQ5 from CPU2 [P:0] to CPU5 [P:1] (banned)
09-27 15:12:21.541  1774  2736 D PowerManagerService: getScreenOffTimeoutLocked:  isTestFlag = false
09-27 15:12:21.543  1774  1785 D PowerManagerService: getScreenOffTimeoutLocked:  isTestFlag = false
09-27 15:12:21.545  1774  2795 D PowerManagerService: getScreenOffTimeoutLocked:  isTestFlag = false
09-27 15:12:21.547  1774  2797 D PowerManagerService: getScreenOffTimeoutLocked:  isTestFlag = false
09-27 15:12:21.561  1774  2280 D PowerManagerService: getScreenOffTimeoutLocked:  isTestFlag = false
09-27 15:12:21.574  1774  2835 I ActivityManager: Start proc 8408:com.google.android.calendar/u0a47 for broadcast com.google.android.calendar/.timely.settings.RecentAndDefaultNotificationsFactory$AccountRemovedBroadcastReceiver
09-27 15:12:21.578  1774  1981 I chatty  : uid=1000(system) Binder:1774_4 expire 1 line
09-27 15:12:21.611  2249  2254 I chatty  : uid=1001(radio) Jit thread pool expire 2 lines
09-27 15:12:21.674  8408  8408 I art     : Starting a blocking GC AddRemoveAppImageSpace
09-27 15:12:21.679  8408  8408 W System  : ClassLoader referenced unknown path: /system/app/CalendarGoogle/lib/arm64
09-27 15:12:21.741  1774  2279 D PowerManagerService: getScreenOffTimeoutLocked:  isTestFlag = false
09-27 15:12:21.808  1774  2795 I ActivityManager: Start proc 8427:com.android.providers.calendar/u0a2 for content provider com.android.providers.calendar/.CalendarProvider2
09-27 15:12:21.876  8427  8427 I art     : Starting a blocking GC AddRemoveAppImageSpace
09-27 15:12:21.878  8427  8427 W System  : ClassLoader referenced unknown path: /system/priv-app/CalendarProvider/lib/arm64
09-27 15:12:21.926  8408  8408 E PrefServiceImpl: Primary account is null
09-27 15:12:21.945  8427  8427 I CalendarProvider2: Created com.android.providers.calendar.CalendarAlarmManager@ce57fb3(com.android.providers.calendar.CalendarProvider2@2121970)
09-27 15:12:22.040  1774  1785 I ActivityManager: Start proc 8456:com.google.android.gm/u0a59 for broadcast com.google.android.gm/.AccountsChangedReceiver
09-27 15:12:22.065  1774  1883 D PowerManagerService: getScreenOffTimeoutLocked:  isTestFlag = false
09-27 15:12:22.066  1774  1774 D PowerManagerService: getScreenOffTimeoutLocked:  isTestFlag = false
09-27 15:12:22.076  5699  5699 W Finsky  : [1] com.google.android.finsky.application.FinskyAppImpl.bw(1162): No account configured on this device.
09-27 15:12:22.083  5699  5699 W Finsky  : [1] com.google.android.finsky.application.FinskyAppImpl.bw(1162): No account configured on this device.
09-27 15:12:22.091  5699  5699 W Finsky  : [1] com.google.android.finsky.application.FinskyAppImpl.bw(1162): No account configured on this device.
09-27 15:12:22.093  5699  5699 I Finsky  : [1] com.google.android.finsky.hygiene.DailyHygiene$DailyHygieneService.onStartCommand(27): Beginning daily hygiene, foreground = false, reason = 2
09-27 15:12:22.098  5699  5699 W Finsky  : [1] com.google.android.finsky.application.FinskyAppImpl.bw(1162): No account configured on this device.
09-27 15:12:22.099  5699  5699 W Finsky  : [1] com.google.android.finsky.application.FinskyAppImpl.a(887): No account configured on this device.
09-27 15:12:22.099  5699  5699 I Finsky  : [1] com.google.android.finsky.hygiene.DailyHygiene.a(162): Probe unauthenticated for daily hygiene pass
09-27 15:12:22.154  8456  8456 I art     : Starting a blocking GC AddRemoveAppImageSpace
09-27 15:12:22.161  8456  8456 W System  : ClassLoader referenced unknown path: /system/app/Gmail2/lib/arm64
09-27 15:12:22.189  5699  5699 W Finsky  : [1] com.google.android.finsky.hygiene.d.a(35): Self-update check failed with error: com.android.volley.NoConnectionError: java.net.UnknownHostException: Unable to resolve host "android.clients.google.com": No address associated with hostname
09-27 15:12:22.214  5699  5699 W Finsky  : [1] com.google.android.finsky.application.FinskyAppImpl.bw(1162): No account configured on this device.
09-27 15:12:22.219  5699  5699 W Finsky  : [1] com.google.android.finsky.application.FinskyAppImpl.bw(1162): No account configured on this device.
09-27 15:12:22.224  5699  5699 W Finsky  : [1] com.google.android.finsky.application.FinskyAppImpl.bw(1162): No account configured on this device.
09-27 15:12:22.228  8456  8456 W EasBundling: in EasBundling.init, isBundlingEnabled=true
09-27 15:12:22.228  5699  5699 W Finsky  : [1] com.google.android.finsky.application.FinskyAppImpl.bw(1162): No account configured on this device.
09-27 15:12:22.242  5699  5699 W Finsky  : [1] com.google.android.finsky.application.FinskyAppImpl.bw(1162): No account configured on this device.
09-27 15:12:22.243  5699  5699 I Finsky  : [1] com.google.android.finsky.hygiene.DailyHygiene.c(270): Logging device features
09-27 15:12:22.256  1774  1883 D PowerManagerService: getScreenOffTimeoutLocked:  isTestFlag = false
09-27 15:12:22.262  8456  8481 D ActivityThread: Loading provider com.google.android.gmail.provider;com.android.mail.notifier;com.google.android.gm.email.provider;com.google.android.gm.tasks.provider;com.google.android.gm.email.notifier: com.android.email.provider.EmailProvider
09-27 15:12:22.269  5699  5699 W Finsky  : [1] com.google.android.finsky.application.FinskyAppImpl.bw(1162): No account configured on this device.
09-27 15:12:22.281  5699  5699 I Finsky  : [1] com.google.android.finsky.datasync.CacheAndSyncScheduler.a(7): [Cache and Sync] mode not available for any accounts.
09-27 15:12:22.319  5699  5699 W Finsky  : [1] com.google.android.finsky.application.FinskyAppImpl.bw(1162): No account configured on this device.
09-27 15:12:22.321  5699  5699 D Volley  : [1] a.b: Cache cleared.
09-27 15:12:22.387  5699  5699 W Finsky  : [1] com.google.android.finsky.application.FinskyAppImpl.bw(1162): No account configured on this device.
09-27 15:12:22.415  5699  5699 W Finsky  : [1] com.google.android.finsky.application.FinskyAppImpl.bw(1162): No account configured on this device.
09-27 15:12:22.417  5699  5699 W Finsky  : [1] com.google.android.finsky.application.FinskyAppImpl.a(887): No account configured on this device.
09-27 15:12:22.436  5699  5699 W Finsky  : [1] com.google.android.finsky.application.FinskyAppImpl.bw(1162): No account configured on this device.
09-27 15:12:22.436  5699  5699 W Settings: Setting install_non_market_apps has moved from android.provider.Settings.Global to android.provider.Settings.Secure, returning read-only value.
09-27 15:12:22.437  5699  5699 W Settings: Setting download_manager_max_bytes_over_mobile has moved from android.provider.Settings.Secure to android.provider.Settings.Global.
09-27 15:12:22.445  5699  5699 W Finsky  : [1] com.google.android.finsky.application.FinskyAppImpl.bw(1162): No account configured on this device.
09-27 15:12:22.446  5699  8488 W Finsky  : [409] com.google.android.finsky.application.FinskyAppImpl.bw(1162): No account configured on this device.
09-27 15:12:22.446  5699  5699 I Finsky  : [1] com.google.android.finsky.hygiene.DailyHygiene.a(704): Scheduling new run in 847 minutes (failures=5)
09-27 15:12:22.458  5699  8488 W Finsky  : [409] com.google.android.finsky.application.FinskyAppImpl.bw(1162): No account configured on this device.
09-27 15:12:22.466  1774  1981 W ActivityManager: Unable to start service Intent { cmp=com.google.android.gm/com.android.email.service.AttachmentService } U=0: not found
09-27 15:12:22.480  5699  5985 W WearSignatureVerifier: No package com.google.android.wearable.app.cn
09-27 15:12:22.490  8456  8456 W GAV2    : Thread[main,5,main]: Need to call initialize() and be in fallback mode to start dispatch.
09-27 15:12:22.498  5699  5985 W WearSignatureVerifier: No package com.google.android.wearable.app.cn
09-27 15:12:22.502  5699  5985 W WearSignatureVerifier: No package com.google.android.wearable.app.cn
09-27 15:12:22.504  5699  5985 W WearSignatureVerifier: No package com.google.android.wearable.app.cn
09-27 15:12:22.539  2651  2651 I WearableService: Wearable Services not starting - Wear is not available on this device.
09-27 15:12:22.551  2651  2665 D WearableService: onGetService - Wear is not available on this device.
09-27 15:12:22.558  5699  5699 W WearSignatureVerifier: No package com.google.android.wearable.app.cn
09-27 15:12:22.559  5699  5699 E Finsky  : [1] com.google.android.finsky.wear.bl.a(3): onConnectionFailed: ConnectionResult{statusCode=API_UNAVAILABLE, resolution=null, message=null}
09-27 15:12:22.560  5699  5699 W Finsky  : [1] com.google.android.finsky.wear.aj.run(9): Dropping command=hygiene due to Gms not connected
09-27 15:12:22.571  1774  2883 I ActivityManager: Killing 6480:com.google.android.videos/u0a91 (adj 906): empty #17
09-27 15:12:22.601  1774  2797 D ActivityManager: cleanUpApplicationRecord -- 6480
09-27 15:12:22.657  1774  2901 W ActivityManager: Unable to start service Intent { cmp=com.google.android.gm.exchange/com.android.exchange.service.EasService } U=0: not found
09-27 15:12:22.659  4137  4137 W highpool[3]: type=1400 audit(0.0:41): avc: denied { getattr } for path="/system/rfs" dev="mmcblk0p24" ino=3050 scontext=u:r:priv_app:s0:c512,c768 tcontext=u:object_r:rfs_system_file:s0 tclass=dir permissive=0
09-27 15:12:22.681  2651  8497 I CheckinUtil: Classify the device as Phone.
09-27 15:12:22.716  2651  8497 I DpmTcmClient: RegisterTcmMonitor from: com.android.okhttp.TcmIdleTimerMonitor
09-27 15:12:22.722  2651  8497 W FetchTask: exception on config fetch: java.net.UnknownHostException: Unable to resolve host "cloudconfig.googleapis.com": No address associated with hostname
09-27 15:12:22.776  4576  4588 I DpmTcmClient: RegisterTcmMonitor from: com.android.okhttp.TcmIdleTimerMonitor
09-27 15:12:22.784  8456  8456 E Gmail   : ExperimentSnapshot: Failed to fetch updated remote config
09-27 15:12:22.815  4576  4588 I Adreno  : QUALCOMM build                   : dd15ef5, Ic280a69317
09-27 15:12:22.815  4576  4588 I Adreno  : Build Date                       : 05/09/17
09-27 15:12:22.815  4576  4588 I Adreno  : OpenGL ES Shader Compiler Version: XE031.09.00.04
09-27 15:12:22.815  4576  4588 I Adreno  : Local Branch                     : 
09-27 15:12:22.815  4576  4588 I Adreno  : Remote Branch                    : quic/gfx-adreno.lnx.1.0.r5-rel
09-27 15:12:22.815  4576  4588 I Adreno  : Remote Branch                    : NONE
09-27 15:12:22.815  4576  4588 I Adreno  : Reconstruct Branch               : NOTHING
09-27 15:12:22.830  1774  2737 D PowerManagerService: getScreenOffTimeoutLocked:  isTestFlag = false
09-27 15:12:22.844  2651  8507 W WakefulBroadcastReceiver: No active wake lock id #3
09-27 15:12:22.889  1774  1886 D PowerManagerService: getScreenOffTimeoutLocked:  isTestFlag = false
09-27 15:12:22.897  1774  2069 W ActivityManager: Unable to start service Intent { cmp=com.google.android.gm.exchange/com.android.exchange.service.EasService } U=0: not found
09-27 15:12:22.898  1774  2795 D PowerManagerService: getScreenOffTimeoutLocked:  isTestFlag = false
09-27 15:12:22.921  3194  8511 I GCM-GMS : Scheduling task to register GMS
09-27 15:12:22.921  3194  8267 I PmtsSwAccountIntentOp: Processing intent action=android.accounts.LOGIN_ACCOUNTS_CHANGED
09-27 15:12:22.924  1774  2823 D PowerManagerService: getScreenOffTimeoutLocked:  isTestFlag = false
09-27 15:12:22.932  3194  8267 I PmtsSwAccountIntentOp: Sw accountsLength=0
09-27 15:12:22.936  1774  2736 D PowerManagerService: getScreenOffTimeoutLocked:  isTestFlag = false
09-27 15:12:22.940  1774  2823 D PowerManagerService: getScreenOffTimeoutLocked:  isTestFlag = false
09-27 15:12:22.941  1774  2746 D PowerManagerService: getScreenOffTimeoutLocked:  isTestFlag = false
09-27 15:12:22.968  1774  2737 I ActivityManager: Start proc 8514:com.google.android.googlequicksearchbox:search/u0a37 for broadcast com.google.android.googlequicksearchbox/com.google.android.apps.gsa.search.core.google.gaia.changed.AccountsChangedReceiver
09-27 15:12:22.980  8427  8427 I CalendarProvider2: Sending notification intent: Intent { act=android.intent.action.PROVIDER_CHANGED dat=content://com.android.calendar flg=0x20000000 }
09-27 15:12:22.981  8427  8427 W ContentResolver: Failed to get type for: content://com.android.calendar (Unknown URL content://com.android.calendar)
09-27 15:12:23.095  8514  8514 I art     : Starting a blocking GC AddRemoveAppImageSpace
09-27 15:12:23.112  8514  8514 W System  : ClassLoader referenced unknown path: /system/priv-app/Velvet/lib/arm64
09-27 15:12:23.351  1774  2795 D PowerManagerService: getScreenOffTimeoutLocked:  isTestFlag = false
09-27 15:12:23.412  1774  2746 I ActivityManager: Start proc 8541:com.google.android.videos/u0a91 for broadcast com.google.android.videos/.service.accounts.AccountsChangedTaskService$AccountsChangedReceiver
09-27 15:12:23.436  8315  8539 I DpmTcmClient: RegisterTcmMonitor from: org.apache.http.impl.conn.TcmIdleTimerMonitor
09-27 15:12:23.476  8514  8531 W com.google.protobuf.fi: copyMemory is missing from platform - proto runtime falling back to safer methods.
09-27 15:12:23.492  8541  8541 I art     : Starting a blocking GC AddRemoveAppImageSpace
09-27 15:12:23.496  8541  8541 W System  : ClassLoader referenced unknown path: /system/app/Videos/lib/arm
09-27 15:12:23.529  1774  2883 D PowerManagerService: getScreenOffTimeoutLocked:  isTestFlag = false
09-27 15:12:23.541  1774  2902 I ActivityManager: Killing 6795:com.google.android.gms:car/u0a14 (adj 906): empty #17
09-27 15:12:23.584  1774  2736 D ActivityManager: cleanUpApplicationRecord -- 6795
09-27 15:12:23.657  8541  8541 I DpmTcmClient: RegisterTcmMonitor from: org.apache.http.impl.conn.TcmIdleTimerMonitor
09-27 15:12:23.687  8541  8541 I DpmTcmClient: RegisterTcmMonitor from: org.apache.http.impl.conn.TcmIdleTimerMonitor
09-27 15:12:24.055  2235  2287 I chatty  : uid=1000(system) MainEventThread expire 2 lines
09-27 15:12:24.083  8541  8580 D NetworkSecurityConfig: No Network Security Config specified, using platform default
09-27 15:12:24.085  8541  8580 I DpmTcmClient: RegisterTcmMonitor from: com.android.okhttp.TcmIdleTimerMonitor
09-27 15:12:24.228  1774  2279 I ActivityManager: Killing 6602:com.android.calllogbackup/u0a0 (adj 906): empty #17
09-27 15:12:24.257  1774  2797 D ActivityManager: cleanUpApplicationRecord -- 6602
09-27 15:12:24.261  5699  6056 W Finsky  : [397] com.google.android.finsky.application.FinskyAppImpl.bw(1162): No account configured on this device.
09-27 15:12:24.265  5699  6056 I Finsky  : [397] com.google.android.finsky.contentfilter.impl.q.a(8): Received content filters request from com.google.android.videos
09-27 15:12:24.288  1774  2883 D PowerManagerService: getScreenOffTimeoutLocked:  isTestFlag = false
09-27 15:12:24.303  5699  6056 W Finsky  : [397] com.google.android.finsky.application.FinskyAppImpl.bw(1162): No account configured on this device.
09-27 15:12:24.305  1774  2822 D PowerManagerService: getScreenOffTimeoutLocked:  isTestFlag = false
09-27 15:12:24.540  6722  6722 D CellBroadcastReceiver: onReceive Intent { act=android.intent.action.SERVICE_STATE flg=0x10 cmp=com.android.cellbroadcastreceiver/.CellBroadcastReceiver (has extras) }
09-27 15:12:24.540  6722  6722 D CellBroadcastReceiver: Intent: android.intent.action.SERVICE_STATE
09-27 15:12:24.631  1774  1785 D PowerManagerService: getScreenOffTimeoutLocked:  isTestFlag = false
09-27 15:12:24.689  1774  2883 D PowerManagerService: getScreenOffTimeoutLocked:  isTestFlag = false
09-27 15:12:24.713  1774  2280 D PowerManagerService: getScreenOffTimeoutLocked:  isTestFlag = false
09-27 15:12:24.716  1774  1774 D PowerManagerService: getScreenOffTimeoutLocked:  isTestFlag = false
09-27 15:12:24.722  5699  5723 I PlayCommon: [369] com.google.android.play.a.g.e(222): Preparing logs for uploading
09-27 15:12:24.725  5699  5699 I Finsky  : [1] com.google.android.finsky.verifier.impl.VerifyInstalledPackagesReceiver.a(31): Skipping verification because network inactive
09-27 15:12:24.728  5699  5723 W PlayCommon: [369] com.google.android.play.a.g.a(589): No account for auth token provided
09-27 15:12:24.729  5699  5723 I PlayCommon: [369] com.google.android.play.a.g.a(436): Connecting to server: https://play.googleapis.com/play/log?format=raw&proto_v2=true
09-27 15:12:24.731  5699  5723 I DpmTcmClient: RegisterTcmMonitor from: com.android.okhttp.TcmIdleTimerMonitor
09-27 15:12:24.737  5699  5723 E PlayCommon: [369] com.google.android.play.a.g.a(466): Failed to connect to server: java.net.UnknownHostException: Unable to resolve host "play.googleapis.com": No address associated with hostname
09-27 15:12:24.742  1774  2902 D PowerManagerService: getScreenOffTimeoutLocked:  isTestFlag = false
09-27 15:12:24.839  1774  2823 D PowerManagerService: getScreenOffTimeoutLocked:  isTestFlag = false
09-27 15:12:24.940  1774  2822 D PowerManagerService: getScreenOffTimeoutLocked:  isTestFlag = false
09-27 15:12:24.942  1774  2883 D PowerManagerService: getScreenOffTimeoutLocked:  isTestFlag = false
09-27 15:12:24.943  1774  2736 D PowerManagerService: getScreenOffTimeoutLocked:  isTestFlag = false
09-27 15:12:24.987  1774  2736 D PowerManagerService: getScreenOffTimeoutLocked:  isTestFlag = false
09-27 15:12:25.038  1774  1785 D PowerManagerService: getScreenOffTimeoutLocked:  isTestFlag = false
09-27 15:12:25.075  1774  2883 D PowerManagerService: getScreenOffTimeoutLocked:  isTestFlag = false
09-27 15:12:26.312   554   554 I rmt_storage: rmt_storage_connect_cb: clnt_h=0xb conn_h=0x7f9022a000
09-27 15:12:26.312   554   554 I rmt_storage: rmt_storage_rw_iovec_cb: /boot/modem_fs1: req_h=0xb msg_id=3: R/W request received
09-27 15:12:26.312   554   554 I rmt_storage: wakelock acquired: 1, error no: 42
09-27 15:12:26.312   554   735 I rmt_storage: rmt_storage_client_thread: /boot/modem_fs1: Unblock worker thread (th_id: 547878728784)
09-27 15:12:26.392   554   735 I rmt_storage: rmt_storage_client_thread: /boot/modem_fs1: req_h=0xb msg_id=3: Bytes written = 1572864
09-27 15:12:26.392   554   735 I rmt_storage: rmt_storage_client_thread: /boot/modem_fs1: req_h=0xb msg_id=3: Send response: res=0 err=0
09-27 15:12:26.393   554   735 I rmt_storage: rmt_storage_client_thread: /boot/modem_fs1: About to block rmt_storage client thread (th_id: 547878728784) wakelock released: 1, error no: 0
09-27 15:12:26.393   554   735 I rmt_storage: 
09-27 15:12:26.395   554   554 I rmt_storage: rmt_storage_disconnect_cb: clnt_h=0xb conn_h=0x7f9022a000
09-27 15:12:26.540   920   920 I MSM-irqbalance: Decided to move IRQ3 from CPU3 [P:0] to CPU6 [P:1] (banned)
09-27 15:12:26.543   920   920 I MSM-irqbalance: Decided to move IRQ5 from CPU3 [P:0] to CPU4 [P:1] (banned)
09-27 15:12:26.545   920   920 I MSM-irqbalance: Decided to move IRQ3 from CPU1 [P:0] to CPU7 [P:1] (banned)
09-27 15:12:26.547   920   920 I MSM-irqbalance: Decided to move IRQ5 from CPU1 [P:0] to CPU5 [P:1] (banned)
09-27 15:12:26.548   920   920 I MSM-irqbalance: Decided to move IRQ187 from CPU1 [P:0] to CPU6 [P:1] (banned)
09-27 15:12:26.550   920   920 I MSM-irqbalance: Decided to move IRQ164 from CPU1 [P:0] to CPU4 [P:1] (banned)
09-27 15:12:26.551   920   920 I MSM-irqbalance: Decided to move IRQ3 from CPU0 [P:0] to CPU7 [P:1] (banned)
09-27 15:12:26.553   920   920 I MSM-irqbalance: Decided to move IRQ5 from CPU0 [P:0] to CPU5 [P:1] (banned)
09-27 15:12:26.554   920   920 I MSM-irqbalance: Decided to move IRQ187 from CPU0 [P:0] to CPU6 [P:1] (banned)
09-27 15:12:26.556   920   920 I MSM-irqbalance: Decided to move IRQ164 from CPU0 [P:0] to CPU4 [P:1] (banned)
09-27 15:12:26.557   920   920 I MSM-irqbalance: Decided to move IRQ3 from CPU2 [P:0] to CPU7 [P:1] (banned)
09-27 15:12:26.558   920   920 I MSM-irqbalance: Decided to move IRQ5 from CPU2 [P:0] to CPU5 [P:1] (banned)
09-27 15:12:26.560   920   920 I MSM-irqbalance: Decided to move IRQ187 from CPU2 [P:0] to CPU6 [P:1] (banned)
09-27 15:12:26.561   920   920 I MSM-irqbalance: Decided to move IRQ164 from CPU2 [P:0] to CPU4 [P:1] (banned)
09-27 15:12:26.568  1774  1886 I chatty  : uid=1000(system) Binder:1774_3 expire 2 lines
09-27 15:12:26.615  1774  2883 D PowerManagerService: getScreenOffTimeoutLocked:  isTestFlag = false
09-27 15:12:26.821  1774  2736 D PowerManagerService: getScreenOffTimeoutLocked:  isTestFlag = false
09-27 15:12:26.845  1774  2835 W ActivityManager: Unable to start service Intent { act=com.google.android.gms.analytics.service.START cmp=com.google.android.gms/.analytics.service.AnalyticsService (has extras) } U=0: not found
09-27 15:12:26.848  8408  8440 W GAV2    : Thread[GAThread,5,main]: Service unavailable (code=1), will retry.
09-27 15:12:27.328  1774  1885 I chatty  : uid=1000(system) InputReader expire 2 lines
09-27 15:12:27.480  1774  1785 W ActivityManager: Unable to start service Intent { act=com.google.android.gms.analytics.service.START cmp=com.google.android.gms/.analytics.service.AnalyticsService (has extras) } U=0: not found
09-27 15:12:27.481  8456  8491 W GAV2    : Thread[GAThread,5,main]: Service unavailable (code=1), will retry.
09-27 15:12:27.567  2651  2651 I WearableService: Wearable Services stopping
09-27 15:12:27.587  2887  2957 D Launcher.Model: mAllAppsList.updatePackage com.android.stk
09-27 15:12:27.944  2887  2957 D Launcher.Model: mAllAppsList.updatePackage com.google.android.gms
