09-27 15:12:32.221  2249  2249 D SubscriptionController: [getActiveSubscriptionInfo]+ subId=2 subInfo={id=2, iccId=89860116831014056097 simSlotIndex=1 displayName=CARD 2 carrierName=CHN-UNICOM nameSource=0 iconTint=-16746133 dataRoaming=0 iconBitmap=android.graphics.Bitmap@3af0d0f mcc 0 mnc 0}
09-27 15:12:32.229  2249  2331 D RILJ    : [4193]> RIL_REQUEST_CDMA_SET_BROADCAST_CONFIG with 1 configs :  [SUB1]
09-27 15:12:32.229  2249  2331 D RILJ    : CdmaSmsBroadcastConfigInfo: Id [4099, 4099] ENABLED [SUB1]
09-27 15:12:32.232  2249  2312 D RilRequest: [4193]< RIL_REQUEST_CDMA_SET_BROADCAST_CONFIG error: com.android.internal.telephony.CommandException: INVALID_STATE ret=
09-27 15:12:32.244  2249  3181 D SubscriptionController: [getActiveSubscriptionInfo]+ subId=2 subInfo={id=2, iccId=89860116831014056097 simSlotIndex=1 displayName=CARD 2 carrierName=CHN-UNICOM nameSource=0 iconTint=-16746133 dataRoaming=0 iconBitmap=android.graphics.Bitmap@60177a5 mcc 0 mnc 0}
09-27 15:12:32.264  2249  8205 D SubscriptionController: [getActiveSubscriptionInfo]+ subId=2 subInfo={id=2, iccId=89860116831014056097 simSlotIndex=1 displayName=CARD 2 carrierName=CHN-UNICOM nameSource=0 iconTint=-16746133 dataRoaming=0 iconBitmap=android.graphics.Bitmap@57beb88 mcc 0 mnc 0}
09-27 15:12:32.269  2249  6709 D SubscriptionController: [getSubId]- numSubIds == 0, return DummySubIds slotIdx=0
09-27 15:12:32.272  2249  2249 D SIMRecords: [SIMRecords] onRecordLoaded 14 requested: true
09-27 15:12:32.272  2249  2249 D SubscriptionInfoUpdater: [Receiver]+
09-27 15:12:32.272  2249  2249 D SubscriptionInfoUpdater: Action: android.intent.action.SIM_STATE_CHANGED
09-27 15:12:32.273  2249  2249 D SubscriptionInfoUpdater: slotId: 1
09-27 15:12:32.273  2249  2249 D SubscriptionInfoUpdater: simStatus: IMSI
09-27 15:12:32.273  2249  2249 D SubscriptionInfoUpdater: Ignoring simStatus: IMSI
09-27 15:12:32.273  2249  2249 D SubscriptionInfoUpdater: [Receiver]-
09-27 15:12:32.274  2249  2249 D QtiGsmCdmaPhone: handleMessage: Event: 19
09-27 15:12:32.274  2249  2249 D GsmCdmaPhone: [GsmCdmaPhone] Event EVENT_REGISTERED_TO_NETWORK Received
09-27 15:12:32.274  2249  2249 D PhoneSwitcher: mSimStateIntentReceiver: phoneId = 1 value = IMSI
09-27 15:12:32.275  2249  2249 D PhoneSwitcher: SIM READY for phoneId: 1
09-27 15:12:32.277  2249  2249 D SST     : SubscriptionListener.onSubscriptionInfoChanged
09-27 15:12:32.277  2249  2249 D SubscriptionController: [getSubId]- numSubIds == 0, return DummySubIds slotIdx=0
09-27 15:12:32.277  2249  2249 D QtiGsmDCT: [0]SubscriptionListener.onSubscriptionInfoChanged
09-27 15:12:32.277  2249  2249 D SubscriptionController: [getSubId]- numSubIds == 0, return DummySubIds slotIdx=0
09-27 15:12:32.279  2249  2249 D SST     : SubscriptionListener.onSubscriptionInfoChanged
09-27 15:12:32.281  2249  2249 D QtiGsmDCT: [1]SubscriptionListener.onSubscriptionInfoChanged
09-27 15:12:32.289  2249  2312 D RilRequest: [4183]< SIM_IO error: com.android.internal.telephony.CommandException: SIM_ERR ret=IccIoResult sw1:0x6a sw2:0x82 Error: File not found
09-27 15:12:32.291  2249  2312 D RILJ    : [4184]< SIM_IO IccIoResult sw1:0x90 sw2:0x0 [SUB1]
09-27 15:12:32.295  2249  3218 D SubscriptionController: [getActiveSubscriptionInfo]+ subId=2 subInfo={id=2, iccId=89860116831014056097 simSlotIndex=1 displayName=CARD 2 carrierName=CHN-UNICOM nameSource=0 iconTint=-16746133 dataRoaming=0 iconBitmap=android.graphics.Bitmap@2a83834 mcc 0 mnc 0}
09-27 15:12:32.299  2249  2249 D PhoneSwitcher: handle event - 102
09-27 15:12:32.299  2249  2249 D SubscriptionController: [getSubId]- numSubIds == 0, return DummySubIds slotIdx=0
09-27 15:12:32.300  2249  2249 D PhoneSwitcher: isUiccProvisioned = true
09-27 15:12:32.300  2249  2249 D PhoneSwitcher: Broadcast network specifier set intent
09-27 15:12:32.306  2249  8205 D SubscriptionController: [getSubId]- numSubIds == 0, return DummySubIds slotIdx=0
09-27 15:12:32.319  2249  2312 D RILJ    : [4187]< SIM_IO IccIoResult sw1:0x90 sw2:0x0 [SUB1]
09-27 15:12:32.343  2249  2312 D RILJ    : [4188]< SIM_IO IccIoResult sw1:0x90 sw2:0x0 [SUB1]
09-27 15:12:32.372  2249  2312 D RILJ    : [4192]< SIM_IO IccIoResult sw1:0x90 sw2:0x0 [SUB1]
09-27 15:12:32.392  2249  2249 D SubscriptionController: [getSubId]- numSubIds == 0, return DummySubIds slotIdx=0
09-27 15:12:32.405  2249  3218 D SubscriptionController: [getActiveSubscriptionInfo]+ subId=2 subInfo={id=2, iccId=89860116831014056097 simSlotIndex=1 displayName=CARD 2 carrierName=CHN-UNICOM nameSource=0 iconTint=-16746133 dataRoaming=0 iconBitmap=android.graphics.Bitmap@b87731e mcc 0 mnc 0}
09-27 15:12:32.418  2249  2332 D SubscriptionController: [getActiveSubscriptionInfo]+ subId=2 subInfo={id=2, iccId=89860116831014056097 simSlotIndex=1 displayName=CARD 2 carrierName=CHN-UNICOM nameSource=0 iconTint=-16746133 dataRoaming=0 iconBitmap=android.graphics.Bitmap@52f751b mcc 0 mnc 0}
09-27 15:12:32.424  2249  2564 D SubscriptionController: [getSubId]- numSubIds == 0, return DummySubIds slotIdx=0
09-27 15:12:32.433  2249  2249 D SubscriptionController: [getSubId]- numSubIds == 0, return DummySubIds slotIdx=0
09-27 15:12:32.445  2249  3181 D SubscriptionController: [getActiveSubscriptionInfo]+ subId=2 subInfo={id=2, iccId=89860116831014056097 simSlotIndex=1 displayName=CARD 2 carrierName=CHN-UNICOM nameSource=0 iconTint=-16746133 dataRoaming=0 iconBitmap=android.graphics.Bitmap@1e41664 mcc 0 mnc 0}
09-27 15:12:32.450  2249  6709 D SubscriptionController: [getSubId]- numSubIds == 0, return DummySubIds slotIdx=0
09-27 15:12:32.468  2249  2249 D SubscriptionController: [getActiveSubscriptionInfo]+ subId=2 subInfo={id=2, iccId=89860116831014056097 simSlotIndex=1 displayName=CARD 2 carrierName=CHN-UNICOM nameSource=0 iconTint=-16746133 dataRoaming=0 iconBitmap=android.graphics.Bitmap@684dfce mcc 0 mnc 0}
09-27 15:12:32.473  2249  2261 D SubscriptionController: [getActiveSubscriptionInfo]+ subId=2 subInfo={id=2, iccId=89860116831014056097 simSlotIndex=1 displayName=CARD 2 carrierName=CHN-UNICOM nameSource=0 iconTint=-16746133 dataRoaming=0 iconBitmap=android.graphics.Bitmap@a183eef mcc 0 mnc 0}
09-27 15:12:32.478  2249  2564 D SubscriptionController: [getSubId]- numSubIds == 0, return DummySubIds slotIdx=0
09-27 15:12:32.497  2249  3218 D SubscriptionController: [getActiveSubscriptionInfo]+ subId=2 subInfo={id=2, iccId=89860116831014056097 simSlotIndex=1 displayName=CARD 2 carrierName=CHN-UNICOM nameSource=0 iconTint=-16746133 dataRoaming=0 iconBitmap=android.graphics.Bitmap@ee7ac85 mcc 0 mnc 0}
09-27 15:12:32.535  2249  2249 D RILJ    : [4194]> iccIO: SIM_IO 0xb0 0x6f7b  path: 3F007FFF,0,0,30 aid: a0000000871002ff86ffff89ffffffff [SUB1]
09-27 15:12:32.536  2249  2249 D ImsPhone: handleMessage what=52
09-27 15:12:32.537  2249  2249 D SubscriptionController: [getSubId]- numSubIds == 0, return DummySubIds slotIdx=0
09-27 15:12:32.540  2249  2312 D RILJ    : [4194]< SIM_IO IccIoResult sw1:0x90 sw2:0x0 [SUB1]
09-27 15:12:32.567  2249  2249 D SubscriptionController: [getActiveSubscriptionInfo]+ subId=2 subInfo={id=2, iccId=89860116831014056097 simSlotIndex=1 displayName=CARD 2 carrierName=CHN-UNICOM nameSource=0 iconTint=-16746133 dataRoaming=0 iconBitmap=android.graphics.Bitmap@e631ce7 mcc 0 mnc 0}
09-27 15:12:32.596  2249  2262 D SubscriptionController: [getActiveSubscriptionInfo]+ subId=2 subInfo={id=2, iccId=89860116831014056097 simSlotIndex=1 displayName=CARD 2 carrierName=CHN-UNICOM nameSource=0 iconTint=-16746133 dataRoaming=0 iconBitmap=android.graphics.Bitmap@213e73d mcc 0 mnc 0}
09-27 15:12:32.619  2249  2249 D RILJ    : [4195]> iccIO: SIM_IO 0xb0 0x6f05  path: 3F007FFF,0,0,4 aid: a0000000871002ff86ffff89ffffffff [SUB1]
09-27 15:12:32.622  2249  2249 D SubscriptionController: [getSubId]- numSubIds == 0, return DummySubIds slotIdx=0
09-27 15:12:32.623  2249  2249 D QtiGsmDCT: [1]QtiDcTracker handleMessage msg={ when=-612ms what=270352 obj=android.os.AsyncResult@5baa083 target=com.qualcomm.qti.internal.telephony.dataconnection.QtiDcTracker }
09-27 15:12:32.623  2249  2249 D QtiGsmDCT: [1]onDataConnectionAttached
09-27 15:12:32.623  2249  2249 D CdmaSSM : subscriptionSource from settings: 0
09-27 15:12:32.623  2249  2249 D QtiGsmDCT: [1]isDataAllowed getRecordsLoaded=false
09-27 15:12:32.624  2249  2249 D QtiGsmDCT: [1]isDataAllowed: No - SIM not loaded
09-27 15:12:32.625  2249  2312 D RILJ    : [4195]< SIM_IO IccIoResult sw1:0x90 sw2:0x0 [SUB1]
09-27 15:12:32.625  2249  2249 D CdmaSSM : subscriptionSource from settings: 0
09-27 15:12:32.625  2249  2249 D QtiGsmDCT: [1]isDataAllowed getRecordsLoaded=false
09-27 15:12:32.632  1774  1886 D TelephonyRegistry: Notify data connection state changed on sub: 2
09-27 15:12:32.632  1774  1886 D TelephonyRegistry: Notify data connection state changed on sub: 2
09-27 15:12:32.632  1774  1886 D TelephonyRegistry: Notify data connection state changed on sub: 2
09-27 15:12:32.640  2249  2332 D RILJ    : [4196]> RIL_REQUEST_GET_CELL_INFO_LIST [SUB0]
09-27 15:12:32.648  2249  2249 D CdmaSSM : subscriptionSource from settings: 0
09-27 15:12:32.648  2249  2308 D RILJ    : [4196]< RIL_REQUEST_GET_CELL_INFO_LIST [CellInfoWcdma:{mRegistered=NO mTimeStampType=oem_ril mTimeStamp=1159126402368ns CellIdentityWcdma:{ mMcc=460 mMnc=1 mLac=43052 mCid=11743467 mPsc=391 mUarfcn=10713} CellSignalStrengthWcdma: ss=11 ber=99}, CellInfoWcdma:{mRegistered=NO mTimeStampType=oem_ril mTimeStamp=1159126402368ns CellIdentityWcdma:{ mMcc=2147483647 mMnc=2147483647 mLac=2147483647 mCid=2147483647 mPsc=396 mUarfcn=10713} CellSignalStrengthWcdma: ss=9 ber=99}] [SUB0]
09-27 15:12:32.648  2249  2249 D QtiGsmDCT: [1]isDataAllowed getRecordsLoaded=false
09-27 15:12:32.658  2249  2249 D CdmaSSM : subscriptionSource from settings: 0
09-27 15:12:32.658  2249  2249 D QtiGsmDCT: [1]isDataAllowed getRecordsLoaded=false
09-27 15:12:32.667  2249  2249 D CdmaSSM : subscriptionSource from settings: 0
09-27 15:12:32.667  2249  2249 D QtiGsmDCT: [1]isDataAllowed getRecordsLoaded=false
09-27 15:12:32.688  2249  2249 D CdmaSSM : subscriptionSource from settings: 0
09-27 15:12:32.688  2249  2249 D QtiGsmDCT: [1]isDataAllowed getRecordsLoaded=false
09-27 15:12:32.707  2249  2249 D CdmaSSM : subscriptionSource from settings: 0
09-27 15:12:32.707  2249  2249 D QtiGsmDCT: [1]isDataAllowed getRecordsLoaded=false
09-27 15:12:32.720  2249  2564 D SubscriptionController: [getActiveSubscriptionInfo]+ subId=2 subInfo={id=2, iccId=89860116831014056097 simSlotIndex=1 displayName=CARD 2 carrierName=CHN-UNICOM nameSource=0 iconTint=-16746133 dataRoaming=0 iconBitmap=android.graphics.Bitmap@adcba39 mcc 0 mnc 0}
09-27 15:12:32.722  2249  2249 D CdmaSSM : subscriptionSource from settings: 0
09-27 15:12:32.722  2249  2249 D QtiGsmDCT: [1]isDataAllowed getRecordsLoaded=false
09-27 15:12:32.749  2249  6709 D SubscriptionController: [getActiveSubscriptionInfo]+ subId=2 subInfo={id=2, iccId=89860116831014056097 simSlotIndex=1 displayName=CARD 2 carrierName=CHN-UNICOM nameSource=0 iconTint=-16746133 dataRoaming=0 iconBitmap=android.graphics.Bitmap@a7cc1df mcc 0 mnc 0}
09-27 15:12:32.749  2249  2249 D QtiGsmDCT: [1]setupDataOnConnectableApns: dataAttached emergency:[state=IDLE,enabled=false] mms:[state=IDLE,enabled=false] supl:[state=IDLE,enabled=false] hipri:[state=IDLE,enabled=false] dun:[state=IDLE,enabled=false] fota:[state=IDLE,enabled=false] ims:[state=IDLE,enabled=false] default:[state=IDLE,enabled=true] cbs:[state=IDLE,enabled=false] 
09-27 15:12:32.749  2249  2249 D QtiGsmDCT: [1]isConnectable() call trySetupData
09-27 15:12:32.750  2249  2249 D QtiGsmDCT: [1]trySetupData for type:default due to dataAttached, mIsPsRestricted=false
09-27 15:12:32.753  2249  2249 D CdmaSSM : subscriptionSource from settings: 0
09-27 15:12:32.753  2249  2249 D QtiGsmDCT: [1]isDataAllowed getRecordsLoaded=false
09-27 15:12:32.753  2249  2249 D CdmaSSM : subscriptionSource from settings: 0
09-27 15:12:32.753  2249  2249 D QtiGsmDCT: [1]isDataAllowed getRecordsLoaded=false
09-27 15:12:32.755  2249  2249 D QtiGsmDCT: [1]isDataAllowed: No - SIM not loaded
09-27 15:12:32.756  2249  2249 D CdmaSSM : subscriptionSource from settings: 0
09-27 15:12:32.756  2249  2249 D QtiGsmDCT: [1]isDataAllowed getRecordsLoaded=false
09-27 15:12:32.765  2249  2249 D CdmaSSM : subscriptionSource from settings: 0
09-27 15:12:32.765  2249  2249 D QtiGsmDCT: [1]isDataAllowed getRecordsLoaded=false
09-27 15:12:32.775  2249  2249 D CdmaSSM : subscriptionSource from settings: 0
09-27 15:12:32.775  2249  2249 D QtiGsmDCT: [1]isDataAllowed getRecordsLoaded=false
09-27 15:12:32.783  2249  2249 D CdmaSSM : subscriptionSource from settings: 0
09-27 15:12:32.783  2249  2249 D QtiGsmDCT: [1]isDataAllowed getRecordsLoaded=false
09-27 15:12:32.806  2249  2249 D CdmaSSM : subscriptionSource from settings: 0
09-27 15:12:32.806  2249  2249 D QtiGsmDCT: [1]isDataAllowed getRecordsLoaded=false
09-27 15:12:32.818  2249  2249 D CdmaSSM : subscriptionSource from settings: 0
09-27 15:12:32.819  2249  2249 D QtiGsmDCT: [1]isDataAllowed getRecordsLoaded=false
09-27 15:12:32.832  2249  2249 D CdmaSSM : subscriptionSource from settings: 0
09-27 15:12:32.832  2249  2249 D QtiGsmDCT: [1]isDataAllowed getRecordsLoaded=false
09-27 15:12:32.833  2249  2261 D SubscriptionController: [getActiveSubInfoForSubscriber]- subId=1 subList=[{id=2, iccId=89860116831014056097 simSlotIndex=1 displayName=CARD 2 carrierName=CHN-UNICOM nameSource=0 iconTint=-16746133 dataRoaming=0 iconBitmap=android.graphics.Bitmap@97bfe8a mcc 0 mnc 0}] subInfo=null
09-27 15:12:32.841  2249  2249 D QtiGsmDCT: [1]isEmergency: result=false
09-27 15:12:32.841  2249  2249 D QtiGsmDCT: [1]trySetupData failed. apnContext = [type=default, mState=IDLE, mDataEnabled=true, mDependencyMet=true] data not allowed: isDataAllowed: No - SIM not loaded. 
09-27 15:12:32.842  2249  2249 D QtiGsmDCT: [1]QtiDcTracker handleMessage msg={ when=-829ms what=270377 obj=android.os.AsyncResult@a159cfb target=com.qualcomm.qti.internal.telephony.dataconnection.QtiDcTracker }
09-27 15:12:32.842  2249  2249 D QtiGsmDCT: [1]setupDataOnConnectableApns: nwTypeChanged emergency:[state=IDLE,enabled=false] mms:[state=IDLE,enabled=false] supl:[state=IDLE,enabled=false] hipri:[state=IDLE,enabled=false] dun:[state=IDLE,enabled=false] fota:[state=IDLE,enabled=false] ims:[state=IDLE,enabled=false] default:[state=IDLE,enabled=true] cbs:[state=IDLE,enabled=false] 
09-27 15:12:32.843  2249  2249 D QtiGsmDCT: [1]isConnectable() call trySetupData
09-27 15:12:32.843  2249  2249 D QtiGsmDCT: [1]trySetupData for type:default due to nwTypeChanged, mIsPsRestricted=false
09-27 15:12:32.846  2249  2249 D CdmaSSM : subscriptionSource from settings: 0
09-27 15:12:32.846  2249  2249 D QtiGsmDCT: [1]isDataAllowed getRecordsLoaded=false
09-27 15:12:32.847  2249  2249 D CdmaSSM : subscriptionSource from settings: 0
09-27 15:12:32.847  2249  2249 D QtiGsmDCT: [1]isDataAllowed getRecordsLoaded=false
09-27 15:12:32.848  2249  2249 D QtiGsmDCT: [1]isDataAllowed: No - SIM not loaded
09-27 15:12:32.849  2249  2249 D CdmaSSM : subscriptionSource from settings: 0
09-27 15:12:32.849  2249  2249 D QtiGsmDCT: [1]isDataAllowed getRecordsLoaded=false
09-27 15:12:32.853  2249  3181 D SubscriptionController: [getActiveSubInfoForSubscriber]- subId=1 subList=[{id=2, iccId=89860116831014056097 simSlotIndex=1 displayName=CARD 2 carrierName=CHN-UNICOM nameSource=0 iconTint=-16746133 dataRoaming=0 iconBitmap=android.graphics.Bitmap@3fe7771 mcc 0 mnc 0}] subInfo=null
09-27 15:12:32.858  2249  2249 D CdmaSSM : subscriptionSource from settings: 0
09-27 15:12:32.858  2249  2249 D QtiGsmDCT: [1]isDataAllowed getRecordsLoaded=false
09-27 15:12:32.868  2249  2249 D CdmaSSM : subscriptionSource from settings: 0
09-27 15:12:32.868  2249  2249 D QtiGsmDCT: [1]isDataAllowed getRecordsLoaded=false
09-27 15:12:32.878  2249  2249 D CdmaSSM : subscriptionSource from settings: 0
09-27 15:12:32.878  2249  2249 D QtiGsmDCT: [1]isDataAllowed getRecordsLoaded=false
09-27 15:12:32.883  2249  2312 D RILJ    : Unsol response received for UNSOL_OEM_HOOK_RAW Sending ack to ril.cpp [SUB1]
09-27 15:12:32.884  2249  2312 V RILJ    : [UNSL]< UNSOL_OEM_HOOK_RAW 514f454d484f4f4bf10308000100000001 [SUB1]
09-27 15:12:32.900  2249  2249 D CdmaSSM : subscriptionSource from settings: 0
09-27 15:12:32.900  2249  2249 D QtiGsmDCT: [1]isDataAllowed getRecordsLoaded=false
09-27 15:12:32.910  2249  2249 D CdmaSSM : subscriptionSource from settings: 0
09-27 15:12:32.910  2249  2249 D QtiGsmDCT: [1]isDataAllowed getRecordsLoaded=false
09-27 15:12:32.921  2249  2249 D CdmaSSM : subscriptionSource from settings: 0
09-27 15:12:32.921  2249  2249 D QtiGsmDCT: [1]isDataAllowed getRecordsLoaded=false
09-27 15:12:32.930  2249  2249 D QtiGsmDCT: [1]isEmergency: result=false
09-27 15:12:32.930  2249  2249 D QtiGsmDCT: [1]trySetupData failed. apnContext = [type=default, mState=IDLE, mDataEnabled=true, mDependencyMet=true] data not allowed: isDataAllowed: No - SIM not loaded. 
09-27 15:12:32.931  2249  8205 D SubscriptionController: [getActiveSubscriptionInfo]+ subId=2 subInfo={id=2, iccId=89860116831014056097 simSlotIndex=1 displayName=CARD 2 carrierName=CHN-UNICOM nameSource=0 iconTint=-16746133 dataRoaming=0 iconBitmap=android.graphics.Bitmap@2970dd7 mcc 0 mnc 0}
09-27 15:12:32.931  2249  2249 D ImsPhone: handleMessage what=51
09-27 15:12:32.931  2249  2249 D ImsPhone: EVENT_DEFAULT_PHONE_DATA_STATE_CHANGED
09-27 15:12:32.931  2249  2249 D ImsPhone: updateDataServiceState: defSs = 0 0 voice home data home CHN-UNICOM UNICOM 46001 CHN-UNICOM UNICOM 46001  LTE LTE CSS not supported -1 -1 RoamInd=-1 DefRoamInd=-1 EmergOnly=false IsDataRoamingFromRegistration=false IsUsingCarrierAggregation=false mRilImsRadioTechnology=0 imsSs = 1 0 voice home data home null null null null null null  Unknown LTE CSS not supported -1 -1 RoamInd=-1 DefRoamInd=-1 EmergOnly=false IsDataRoamingFromRegistration=false IsUsingCarrierAggregation=false mRilImsRadioTechnology=0
09-27 15:12:32.932  2249  2249 D RILJ    : [4198]> iccIO: SIM_IO 0xb0 0x2f05  path: 3F00,0,0,4 aid: a0000000871002ff86ffff89ffffffff [SUB1]
09-27 15:12:32.938  2249  2312 D RILJ    : [4198]< SIM_IO IccIoResult sw1:0x90 sw2:0x0 [SUB1]
09-27 15:12:32.951  2249  3181 D SubscriptionController: [getActiveSubscriptionInfo]+ subId=2 subInfo={id=2, iccId=89860116831014056097 simSlotIndex=1 displayName=CARD 2 carrierName=CHN-UNICOM nameSource=0 iconTint=-16746133 dataRoaming=0 iconBitmap=android.graphics.Bitmap@754b073 mcc 0 mnc 0}
09-27 15:12:32.961  2249  2249 D UiccCard: Error in SIM access with exceptioncom.android.internal.telephony.CommandException: NO_SUCH_ELEMENT
09-27 15:12:32.961  2249  2249 D SIMRecords: [SIMRecords] onRecordLoaded 13 requested: true
09-27 15:12:32.961  2249  2249 E SIMRecords: [SIMRecords] Exception in fetching EF_CSP data com.android.internal.telephony.CommandException: SIM_ERR
09-27 15:12:32.961  2249  2249 D SIMRecords: [SIMRecords] onRecordLoaded 12 requested: true
09-27 15:12:32.961  2249  2249 D SIMRecords: [SIMRecords] iccid: 89860116831014056097
09-27 15:12:32.961  2249  2249 D SIMRecords: [SIMRecords] onRecordLoaded 11 requested: true
09-27 15:12:32.961  2249  2565 D SST     : SST.getAllCellInfo(): return last, back to back calls
09-27 15:12:32.962  2249  2249 D SIMRecords: [SIMRecords] EF_AD: 00000002
09-27 15:12:32.962  2249  2249 D SIMRecords: [SIMRecords] setting4 mMncLength=2
09-27 15:12:32.962  2249  2249 D SIMRecords: [SIMRecords] mccmncCode=460016
09-27 15:12:32.962  2249  2249 D SIMRecords: [SIMRecords] update mccmnc=46001
09-27 15:12:32.962  2249  2565 D RILJ    : [4199]> RIL_REQUEST_GET_CELL_INFO_LIST [SUB1]
09-27 15:12:32.967  2249  2312 D RILJ    : [4199]< RIL_REQUEST_GET_CELL_INFO_LIST [CellInfoLte:{mRegistered=YES mTimeStampType=oem_ril mTimeStamp=1159446057576ns CellIdentityLte:{ mMcc=460 mMnc=1 mCi=10525727 mPci=476 mTac=6265 mEarfcn=1650} CellSignalStrengthLte: ss=27 rsrp=-87 rsrq=-5 rssnr=2147483647 cqi=2147483647 ta=0}, CellInfoLte:{mRegistered=NO mTimeStampType=oem_ril mTimeStamp=1159446057576ns CellIdentityLte:{ mMcc=2147483647 mMnc=2147483647 mCi=2147483647 mPci=127 mTac=2147483647 mEarfcn=1650} CellSignalStrengthLte: ss=21 rsrp=-94 rsrq=-14 rssnr=2147483647 cqi=2147483647 ta=2147483647}, CellInfoLte:{mRegistered=NO mTimeStampType=oem_ril mTimeStamp=1159446057576ns CellIdentityLte:{ mMcc=2147483647 mMnc=2147483647 mCi=2147483647 mPci=73 mTac=2147483647 mEarfcn=1650} CellSignalStrengthLte: ss=21 rsrp=-105 rsrq=-20 rssnr=2147483647 cqi=2147483647 ta=2147483647}, CellInfoLte:{mRegistered=NO mTimeStampType=oem_ril mTimeStamp=1159446057576ns CellIdentityLte:{ mMcc=2147483647 mMnc=2147483647 mCi=2147483647 mPci=100 mTac=2147483647 mEarfcn=1650} CellSignalStrengthLte: ss=22 rsrp=-103 rsrq=-20 rssnr=2147483647 cqi=2147483647 ta=2147483647}, CellInfoLte:{mRegistered=NO mTimeStampType=oem_ril mTimeStamp=1159446057576ns CellIdentityLte:{ mMcc=2147483647 mMnc=2147483647 mCi=2147483647 mPci=439 mTac=2147483647 mEarfcn=1650} CellSignalStrengthLte: ss=21 rsrp=-106 rsrq=-20 rssnr=2147483647 cqi=2147483647 ta=2147483647}, CellInfoLte:{mRegistered=NO mTimeStampType=oem_ril mTimeStamp=1159446057576ns CellIdentityLte:{ mMcc=2147483647 mMnc=2147483647 mCi=2147483647 mPci=109 mTac=2147483647 mEarfcn=1650} CellSignalStrengthLte: ss=20 rsrp=-98 rsrq=-16 rssnr=2147483647 cqi=2147483647 ta=2147483647}, CellInfoLte:{mRegistered=NO mTimeStampType=oem_ril mTimeStamp=1159446057576ns CellIdentityLte:{ mMcc=2147483647 mMnc=2147483647 mCi=2147483647 mPci=176 mTac=2147483647 mEarfcn=1650} CellSignalStrengthLte: ss=22 rsrp=-103 rsrq=-20 rssnr=2147483647 cqi=2147483647 ta=2147483647}, CellInfoLte:{mRegistered=NO mTimeStampType=oem_ril mTimeStamp=1159446057576ns CellIdentityLte:{ mMcc=2147483647 mMnc=2147483647 mCi=2147483647 mPci=21 mTac=2147483647 mEarfcn=1650} CellSignalStrengthLte: ss=21 rsrp=-104 rsrq=-20 rssnr=2147483647 cqi=2147483647 ta=2147483647}] [SUB1]
09-27 15:12:33.089   821  1012 I RILQ    : (0/821):RIL[0][event] qcril_qmi_nas_reset_data_snapshot_cache_and_timer: Resetting snapshot timer
09-27 15:12:33.093   821  1012 I RILQ    : (0/821):RIL[0][event] qcril_qmi_nas_reset_data_snapshot_cache_and_timer: Resetting snapshot timer
09-27 15:12:33.094   821  1012 I RILQ    : (0/821):RIL[0][event] qcril_qmi_nas_reset_data_snapshot_cache_and_timer: Resetting snapshot timer
09-27 15:12:33.095   821  1012 E RILQ    : (0/821): RIL[0][event] qcril_qmi_nas_report_restricted_details: .. reporting 0
09-27 15:12:33.097   821  1012 I RILQ    : (0/821):RIL[0][event] qcril_qmi_nas_evaluate_custom_emergency_numbers_for_card: cur_status 0, card_state 9
09-27 15:12:33.097   821  1012 E RILQ    : (0/821): RIL[0][event] get_ecc_property_name: ecc list name : ril.ecclist.
09-27 15:12:33.100  2249  2308 D RILJ    : Unsol response received for UNSOL_RESTRICTED_STATE_CHANGED Sending ack to ril.cpp [SUB0]
09-27 15:12:33.100  2249  2308 V RILJ    : [UNSL]< UNSOL_RESTRICTED_STATE_CHANGED {0} [SUB0]
09-27 15:12:33.103  2249  2308 D RILJ    : Unsol response received for UNSOL_RESPONSE_VOICE_NETWORK_STATE_CHANGED Sending ack to ril.cpp [SUB0]
09-27 15:12:33.103  2249  2308 D RILJ    : [UNSL]< UNSOL_RESPONSE_VOICE_NETWORK_STATE_CHANGED [SUB0]
09-27 15:12:33.103   821  1012 I RILQ    : (0/821):RIL[0][event] qcril_qmi_nas_evaluate_custom_emergency_numbers_for_card: cur_status 0, card_state 9
09-27 15:12:33.103   821  1012 E RILQ    : (0/821): RIL[0][event] get_ecc_property_name: ecc list name : ril.ecclist.
09-27 15:12:33.104   821  1012 I RILQ    : (0/821):RIL[0][event] qcril_qmi_nas_evaluate_custom_emergency_numbers_for_card: cur_status 0, card_state 9
09-27 15:12:33.104   821  1012 E RILQ    : (0/821): RIL[0][event] get_ecc_property_name: ecc list name : ril.ecclist.
09-27 15:12:33.116  2249  2249 D SIMRecords: [SIMRecords] onRecordLoaded 10 requested: true
09-27 15:12:33.117  2249  2249 D SIMRecords: [SIMRecords] getServiceProviderName: no brandOverride, providerName=
09-27 15:12:33.117  2249  2249 D RILJ    : [4202]> iccIO: SIM_IO 0xc0 0x6f14  path: 3F007FFF,0,0,15 aid: a0000000871002ff86ffff89ffffffff [SUB1]
09-27 15:12:33.129  2249  2249 D SIMRecords: [SIMRecords] onRecordLoaded 10 requested: true
09-27 15:12:33.142  2249  2261 D QtiGsmDCT: [0]hasMatchedTetherApnSetting: APN=null
09-27 15:12:33.186  2249  2312 D RilRequest: [4202]< SIM_IO error: com.android.internal.telephony.CommandException: SIM_ERR ret=IccIoResult sw1:0x6a sw2:0x82 Error: File not found
09-27 15:12:33.188  2249  2249 D SubscriptionController: [getActiveSubscriptionInfo]+ subId=2 subInfo={id=2, iccId=89860116831014056097 simSlotIndex=1 displayName=CARD 2 carrierName=CHN-UNICOM nameSource=0 iconTint=-16746133 dataRoaming=0 iconBitmap=android.graphics.Bitmap@33fe0cf mcc 0 mnc 0}
09-27 15:12:33.215  2249  8205 D RILJ    : [4203]> RIL_REQUEST_GSM_BROADCAST_ACTIVATION [SUB1]
09-27 15:12:33.221  2249  2312 D RILJ    : [4203]< RIL_REQUEST_GSM_BROADCAST_ACTIVATION  [SUB1]
09-27 15:12:33.258  2249  2332 D SST     : SST.getAllCellInfo(): return last, back to back calls
09-27 15:12:33.259  2249  2332 D RILJ    : [4204]> RIL_REQUEST_GET_CELL_INFO_LIST [SUB1]
09-27 15:12:33.274  2249  2312 D RILJ    : [4204]< RIL_REQUEST_GET_CELL_INFO_LIST [CellInfoLte:{mRegistered=YES mTimeStampType=oem_ril mTimeStamp=1159753214138ns CellIdentityLte:{ mMcc=460 mMnc=1 mCi=10525727 mPci=476 mTac=6265 mEarfcn=1650} CellSignalStrengthLte: ss=28 rsrp=-87 rsrq=-5 rssnr=2147483647 cqi=2147483647 ta=0}, CellInfoLte:{mRegistered=NO mTimeStampType=oem_ril mTimeStamp=1159753214138ns CellIdentityLte:{ mMcc=2147483647 mMnc=2147483647 mCi=2147483647 mPci=127 mTac=2147483647 mEarfcn=1650} CellSignalStrengthLte: ss=21 rsrp=-95 rsrq=-14 rssnr=2147483647 cqi=2147483647 ta=2147483647}, CellInfoLte:{mRegistered=NO mTimeStampType=oem_ril mTimeStamp=1159753214138ns CellIdentityLte:{ mMcc=2147483647 mMnc=2147483647 mCi=2147483647 mPci=73 mTac=2147483647 mEarfcn=1650} CellSignalStrengthLte: ss=21 rsrp=-105 rsrq=-20 rssnr=2147483647 cqi=2147483647 ta=2147483647}, CellInfoLte:{mRegistered=NO mTimeStampType=oem_ril mTimeStamp=1159753214138ns CellIdentityLte:{ mMcc=2147483647 mMnc=2147483647 mCi=2147483647 mPci=100 mTac=2147483647 mEarfcn=1650} CellSignalStrengthLte: ss=21 rsrp=-103 rsrq=-20 rssnr=2147483647 cqi=2147483647 ta=2147483647}, CellInfoLte:{mRegistered=NO mTimeStampType=oem_ril mTimeStamp=1159753214138ns CellIdentityLte:{ mMcc=2147483647 mMnc=2147483647 mCi=2147483647 mPci=221 mTac=2147483647 mEarfcn=1650} CellSignalStrengthLte: ss=20 rsrp=-103 rsrq=-20 rssnr=2147483647 cqi=2147483647 ta=2147483647}, CellInfoLte:{mRegistered=NO mTimeStampType=oem_ril mTimeStamp=1159753214138ns CellIdentityLte:{ mMcc=2147483647 mMnc=2147483647 mCi=2147483647 mPci=109 mTac=2147483647 mEarfcn=1650} CellSignalStrengthLte: ss=20 rsrp=-98 rsrq=-16 rssnr=2147483647 cqi=2147483647 ta=2147483647}] [SUB1]
09-27 15:12:33.327  2249  2249 D QtiGsmCdmaPhone: handleMessage: Event: 34
09-27 15:12:33.346  2249  2249 D SIMRecords: [SIMRecords] EVENT_GET_SMS_RECORD_SIZE_DONE Size 176 total 8800 record 50
09-27 15:12:33.347  2249  2249 D UiccPkcs15: handleMessage: 201
09-27 15:12:33.347  2249  2249 D UiccPkcs15: error: com.android.internal.telephony.CommandException: NO_SUCH_ELEMENT
09-27 15:12:33.347  2249  2249 D SIMRecords: [SIMRecords] SST: UsimServiceTable[80]={ FDN, FDN_EXTENSION, SDN, SDN_EXTENSION, OUTGOING_CALL_INFO, INCOMING_CALL_INFO, SM_STORAGE, SM_STATUS_REPORTS, SM_SERVICE_PARAMS, ADVICE_OF_CHARGE, CAP_CONFIG_PARAMS_2, CB_MESSAGE_ID, CB_MESSAGE_ID_RANGES, GROUP_ID_LEVEL_1, GROUP_ID_LEVEL_2, SPN, USER_PLMN_SELECT, MSISDN, IMAGE, EMLPP, EMLPP_AUTO_ANSWER, GSM_ACCESS, DATA_DL_VIA_SMS_PP, DATA_DL_VIA_SMS_CB, CALL_CONTROL_BY_USIM, MO_SMS_CONTROL_BY_USIM, RUN_AT_COMMAND, IGNORED_1, ENABLED_SERVICES_TABLE, APN_CONTROL_LIST, DEPERSONALISATION_CONTROL_KEYS, COOPERATIVE_NETWORK_LIST, GSM_SECURITY_CONTEXT, CPBCCH_INFO, INVESTIGATION_SCAN, OPERATOR_PLMN_SELECT, HPLMN_SELECT, EXTENSION_5, PLMN_NETWORK_NAME, OPERATOR_PLMN_LIST, SERVICE_PROVIDER_DISPLAY_INFO, MMS_NOTIFICATION, MMS_NOTIFICATION_EXTENSION, MMS_CONNECTIVITY_PARAMS, NETWORK_INDICATION_OF_ALERTING, VGCS_GROUP_ID_LIST, VBS_GROUP_ID_LIST, EQUIVALENT_HPLMN, EQUIVALENT_HPLMN_PRESENTATION }
09-27 15:12:33.347  2249  2249 D SIMRecords: [SIMRecords] onRecordLoaded 9 requested: true
09-27 15:12:33.348  2249  2565 D SST     : SST.getAllCellInfo(): return last, back to back calls
09-27 15:12:33.362  2249  2312 D RILJ    : Unsol response received for UNSOL_STK_PROACTIVE_COMMAND Sending ack to ril.cpp [SUB1]
09-27 15:12:33.363  2249  2312 D RILJ    : [UNSL]< UNSOL_STK_PROACTIVE_COMMAND [SUB1]
09-27 15:12:33.370  2249  2249 D SST     : EVENT_RESTRICTED_STATE_CHANGED
09-27 15:12:33.370  2249  2249 D SST     : onRestrictedStateChanged: E rs Restricted State CS: none PS:false
09-27 15:12:33.371  2249  2249 D SST     : onRestrictedStateChanged: new rs Restricted State CS: none PS:false
09-27 15:12:33.371  2249  2249 D SST     : onRestrictedStateChanged: X rs Restricted State CS: none PS:false
09-27 15:12:33.371  2249  2249 D RILJ    : [4206]> OPERATOR [SUB0]
09-27 15:12:33.382  2249  2249 D RILJ    : [4207]> DATA_REGISTRATION_STATE [SUB0]
09-27 15:12:33.383  2249  2249 D RILJ    : [4208]> VOICE_REGISTRATION_STATE [SUB0]
09-27 15:12:33.384  2249  2308 D RILJ    : [4206]< OPERATOR {null, null, null} [SUB0]
09-27 15:12:33.384  2249  2249 D RILJ    : [4209]> QUERY_NETWORK_SELECTION_MODE [SUB0]
09-27 15:12:33.385  2249  2331 D SST     : getCellLocation(): X good mCellLoc=[6265,10525727,-1]
09-27 15:12:33.387  2249  2249 D SIMRecords: [SIMRecords] Received a PlmnActRecord, raw=64f010400064f090400064f010800064f0908000ffffff0000ffffff0000ffffff0000ffffff0000
09-27 15:12:33.387  2249  2249 V PlmnActRecord: Extracting Logs, count=8
09-27 15:12:33.387  2249  2249 V PlmnActRecord: Creating PlmnActRecord 0
09-27 15:12:33.387  2249  2249 V PlmnActRecord: Creating PlmnActRecord 5
09-27 15:12:33.387  2249  2249 V PlmnActRecord: Creating PlmnActRecord 10
09-27 15:12:33.387  2249  2249 V PlmnActRecord: Creating PlmnActRecord 15
09-27 15:12:33.387  2249  2249 V PlmnActRecord: Creating PlmnActRecord 20
09-27 15:12:33.387  2249  2249 V PlmnActRecord: Creating PlmnActRecord 25
09-27 15:12:33.387  2249  2249 V PlmnActRecord: Creating PlmnActRecord 30
09-27 15:12:33.387  2249  2249 V PlmnActRecord: Creating PlmnActRecord 35
09-27 15:12:33.387  2249  2249 D SIMRecords: [SIMRecords] Received a PlmnActRecord, raw=64f010400064f090400064f010800064f0908000ffffff0000ffffff0000ffffff0000ffffff0000ffffff0000ffffff0000ffffff0000ffffff0000ffffff0000ffffff0000ffffff0000ffffff0000ffffff0000ffffff0000ffffff0000ffffff0000ffffff0000ffffff0000ffffff0000ffffff0000ffffff0000ffffff0000ffffff0000ffffff0000ffffff0000ffffff0000ffffff0000ffffff0000ffffff0000ffffff0000ffffff0000ffffff0000ffffff0000ffffff0000ffffff0000ffffff0000ffffff0000ffffff0000ffffff0000ffffff0000ffffff0000ffffff0000ffffff0000ffffff0000ffffff0000ffffff0000ffffff0000ffffff0000ffffff0000ffffff0000ffffff0000ffffff0000ffffff0000ffffff0000ffffff0000ffffff0000ffffff0000ffffff0000ffffff0000ffffff0000ffffff0000ffffff0000ffffff0000ffffff0000ffffff0000ffffff0000ffffff0000ffffff0000ffffff0000ffffff0000ffffff0000ffffff0000ffffff0000ffffff0000ffffff0000ffffff0000ffffff0000ffffff0000ffffff0000ffffff0000ffffff0000ffffff0000ffffff0000ffffff0000ffffff0000ffffff0000ffffff0000ffffff0000ffffff0000ffffff0000ffffff0000ffffff0000ffffff0000ffffff0000ffffff0000ffffff0000
09-27 15:12:33.387  2249  2249 V PlmnActRecord: Extracting Logs, count=100
09-27 15:12:33.387  2249  2249 V PlmnActRecord: Creating PlmnActRecord 0
09-27 15:12:33.387  2249  2249 V PlmnActRecord: Creating PlmnActRecord 5
09-27 15:12:33.387  2249  2249 V PlmnActRecord: Creating PlmnActRecord 10
09-27 15:12:33.387  2249  2249 V PlmnActRecord: Creating PlmnActRecord 15
09-27 15:12:33.387  2249  2249 V PlmnActRecord: Creating PlmnActRecord 20
09-27 15:12:33.387  2249  2249 V PlmnActRecord: Creating PlmnActRecord 25
09-27 15:12:33.387  2249  2249 V PlmnActRecord: Creating PlmnActRecord 30
09-27 15:12:33.387  2249  2249 V PlmnActRecord: Creating PlmnActRecord 35
09-27 15:12:33.387  2249  2249 V PlmnActRecord: Creating PlmnActRecord 40
09-27 15:12:33.387  2249  2249 V PlmnActRecord: Creating PlmnActRecord 45
09-27 15:12:33.388  2249  2249 V PlmnActRecord: Creating PlmnActRecord 50
09-27 15:12:33.388  2249  2249 V PlmnActRecord: Creating PlmnActRecord 55
09-27 15:12:33.388  2249  2249 V PlmnActRecord: Creating PlmnActRecord 60
09-27 15:12:33.388  2249  2249 V PlmnActRecord: Creating PlmnActRecord 65
09-27 15:12:33.388  2249  2249 V PlmnActRecord: Creating PlmnActRecord 70
09-27 15:12:33.388  2249  2249 V PlmnActRecord: Creating PlmnActRecord 75
09-27 15:12:33.388  2249  2249 V PlmnActRecord: Creating PlmnActRecord 80
09-27 15:12:33.388  2249  2249 V PlmnActRecord: Creating PlmnActRecord 85
09-27 15:12:33.388  2249  2249 V PlmnActRecord: Creating PlmnActRecord 90
09-27 15:12:33.388  2249  2249 V PlmnActRecord: Creating PlmnActRecord 95
09-27 15:12:33.388  2249  2249 V PlmnActRecord: Creating PlmnActRecord 100
09-27 15:12:33.388  2249  2249 V PlmnActRecord: Creating PlmnActRecord 105
09-27 15:12:33.388  2249  2249 V PlmnActRecord: Creating PlmnActRecord 110
09-27 15:12:33.388  2249  2249 V PlmnActRecord: Creating PlmnActRecord 115
09-27 15:12:33.388  2249  2249 V PlmnActRecord: Creating PlmnActRecord 120
09-27 15:12:33.388  2249  2249 V PlmnActRecord: Creating PlmnActRecord 125
09-27 15:12:33.388  2249  2249 V PlmnActRecord: Creating PlmnActRecord 130
09-27 15:12:33.388  2249  2249 V PlmnActRecord: Creating PlmnActRecord 135
09-27 15:12:33.388  2249  2249 V PlmnActRecord: Creating PlmnActRecord 140
09-27 15:12:33.388  2249  2249 V PlmnActRecord: Creating PlmnActRecord 145
09-27 15:12:33.388  2249  2249 V PlmnActRecord: Creating PlmnActRecord 150
09-27 15:12:33.388  2249  2249 V PlmnActRecord: Creating PlmnActRecord 155
09-27 15:12:33.388  2249  2249 V PlmnActRecord: Creating PlmnActRecord 160
09-27 15:12:33.388  2249  2249 V PlmnActRecord: Creating PlmnActRecord 165
09-27 15:12:33.388  2249  2249 V PlmnActRecord: Creating PlmnActRecord 170
09-27 15:12:33.388  2249  2249 V PlmnActRecord: Creating PlmnActRecord 175
09-27 15:12:33.388  2249  2249 V PlmnActRecord: Creating PlmnActRecord 180
09-27 15:12:33.388  2249  2249 V PlmnActRecord: Creating PlmnActRecord 185
09-27 15:12:33.388  2249  2249 V PlmnActRecord: Creating PlmnActRecord 190
09-27 15:12:33.389  2249  2249 V PlmnActRecord: Creating PlmnActRecord 195
09-27 15:12:33.389  2249  2249 V PlmnActRecord: Creating PlmnActRecord 200
09-27 15:12:33.389  2249  2249 V PlmnActRecord: Creating PlmnActRecord 205
09-27 15:12:33.389  2249  2249 V PlmnActRecord: Creating PlmnActRecord 210
09-27 15:12:33.389  2249  2249 V PlmnActRecord: Creating PlmnActRecord 215
09-27 15:12:33.389  2249  2249 V PlmnActRecord: Creating PlmnActRecord 220
09-27 15:12:33.389  2249  2249 V PlmnActRecord: Creating PlmnActRecord 225
09-27 15:12:33.389  2249  2249 V PlmnActRecord: Creating PlmnActRecord 230
09-27 15:12:33.389  2249  2249 V PlmnActRecord: Creating PlmnActRecord 235
09-27 15:12:33.389  2249  2249 V PlmnActRecord: Creating PlmnActRecord 240
09-27 15:12:33.389  2249  2249 V PlmnActRecord: Creating PlmnActRecord 245
09-27 15:12:33.389  2249  2249 V PlmnActRecord: Creating PlmnActRecord 250
09-27 15:12:33.389  2249  2249 V PlmnActRecord: Creating PlmnActRecord 255
09-27 15:12:33.389  2249  2249 V PlmnActRecord: Creating PlmnActRecord 260
09-27 15:12:33.389  2249  2249 V PlmnActRecord: Creating PlmnActRecord 265
09-27 15:12:33.389  2249  2249 V PlmnActRecord: Creating PlmnActRecord 270
09-27 15:12:33.389  2249  2249 V PlmnActRecord: Creating PlmnActRecord 275
09-27 15:12:33.389  2249  2249 V PlmnActRecord: Creating PlmnActRecord 280
09-27 15:12:33.389  2249  2249 V PlmnActRecord: Creating PlmnActRecord 285
09-27 15:12:33.389  2249  2249 V PlmnActRecord: Creating PlmnActRecord 290
09-27 15:12:33.389  2249  2249 V PlmnActRecord: Creating PlmnActRecord 295
09-27 15:12:33.389  2249  2249 V PlmnActRecord: Creating PlmnActRecord 300
09-27 15:12:33.389  2249  2249 V PlmnActRecord: Creating PlmnActRecord 305
09-27 15:12:33.389  2249  2249 V PlmnActRecord: Creating PlmnActRecord 310
09-27 15:12:33.389  2249  2249 V PlmnActRecord: Creating PlmnActRecord 315
09-27 15:12:33.389  2249  2249 V PlmnActRecord: Creating PlmnActRecord 320
09-27 15:12:33.389  2249  2249 V PlmnActRecord: Creating PlmnActRecord 325
09-27 15:12:33.390  2249  2249 V PlmnActRecord: Creating PlmnActRecord 330
09-27 15:12:33.390  2249  2249 V PlmnActRecord: Creating PlmnActRecord 335
09-27 15:12:33.390  2249  2249 V PlmnActRecord: Creating PlmnActRecord 340
09-27 15:12:33.390  2249  2249 V PlmnActRecord: Creating PlmnActRecord 345
09-27 15:12:33.390  2249  2249 V PlmnActRecord: Creating PlmnActRecord 350
09-27 15:12:33.390  2249  2249 V PlmnActRecord: Creating PlmnActRecord 355
09-27 15:12:33.390  2249  2249 V PlmnActRecord: Creating PlmnActRecord 360
09-27 15:12:33.390  2249  2249 V PlmnActRecord: Creating PlmnActRecord 365
09-27 15:12:33.390  2249  2249 V PlmnActRecord: Creating PlmnActRecord 370
09-27 15:12:33.390  2249  2249 V PlmnActRecord: Creating PlmnActRecord 375
09-27 15:12:33.390  2249  2249 V PlmnActRecord: Creating PlmnActRecord 380
09-27 15:12:33.390  2249  2249 V PlmnActRecord: Creating PlmnActRecord 385
09-27 15:12:33.390  2249  2249 V PlmnActRecord: Creating PlmnActRecord 390
09-27 15:12:33.390  2249  2249 V PlmnActRecord: Creating PlmnActRecord 395
09-27 15:12:33.390  2249  2249 V PlmnActRecord: Creating PlmnActRecord 400
09-27 15:12:33.390  2249  2249 V PlmnActRecord: Creating PlmnActRecord 405
09-27 15:12:33.390  2249  2249 V PlmnActRecord: Creating PlmnActRecord 410
09-27 15:12:33.390  2249  2249 V PlmnActRecord: Creating PlmnActRecord 415
09-27 15:12:33.390  2249  2249 V PlmnActRecord: Creating PlmnActRecord 420
09-27 15:12:33.390  2249  2249 V PlmnActRecord: Creating PlmnActRecord 425
09-27 15:12:33.390  2249  2249 V PlmnActRecord: Creating PlmnActRecord 430
09-27 15:12:33.390  2249  2249 V PlmnActRecord: Creating PlmnActRecord 435
09-27 15:12:33.390  2249  2249 V PlmnActRecord: Creating PlmnActRecord 440
09-27 15:12:33.390  2249  2249 V PlmnActRecord: Creating PlmnActRecord 445
09-27 15:12:33.390  2249  2249 V PlmnActRecord: Creating PlmnActRecord 450
09-27 15:12:33.390  2249  2249 V PlmnActRecord: Creating PlmnActRecord 455
09-27 15:12:33.390  2249  2249 V PlmnActRecord: Creating PlmnActRecord 460
09-27 15:12:33.390  2249  2249 V PlmnActRecord: Creating PlmnActRecord 465
09-27 15:12:33.390  2249  2249 V PlmnActRecord: Creating PlmnActRecord 470
09-27 15:12:33.391  2249  2249 V PlmnActRecord: Creating PlmnActRecord 475
09-27 15:12:33.391  2249  2249 V PlmnActRecord: Creating PlmnActRecord 480
09-27 15:12:33.391  2249  2249 V PlmnActRecord: Creating PlmnActRecord 485
09-27 15:12:33.391  2249  2249 V PlmnActRecord: Creating PlmnActRecord 490
09-27 15:12:33.391  2249  2249 V PlmnActRecord: Creating PlmnActRecord 495
09-27 15:12:33.391  2249  2249 D SIMRecords: [SIMRecords] Received a PlmnActRecord, raw=64f010400064f090400064f010800064f0908000ffffff0000ffffff0000ffffff0000ffffff0000
09-27 15:12:33.391  2249  2249 V PlmnActRecord: Extracting Logs, count=8
09-27 15:12:33.391   821  8750 I RILQ    : (0/821):RIL[0][cmd-20(552)] qcril_qmi_nas_reset_data_snapshot_cache_and_timer: Resetting snapshot timer
09-27 15:12:33.391  2249  2249 V PlmnActRecord: Creating PlmnActRecord 0
09-27 15:12:33.391  2249  2249 V PlmnActRecord: Creating PlmnActRecord 5
09-27 15:12:33.391  2249  2249 V PlmnActRecord: Creating PlmnActRecord 10
09-27 15:12:33.391  2249  2249 V PlmnActRecord: Creating PlmnActRecord 15
09-27 15:12:33.391  2249  2249 V PlmnActRecord: Creating PlmnActRecord 20
09-27 15:12:33.391  2249  2249 V PlmnActRecord: Creating PlmnActRecord 25
09-27 15:12:33.391  2249  2249 V PlmnActRecord: Creating PlmnActRecord 30
09-27 15:12:33.391  2249  2249 V PlmnActRecord: Creating PlmnActRecord 35
09-27 15:12:33.392  2249  2249 D SIMRecords: [SIMRecords] HplmnActRecord[]=[{PLMN=46001,AccessTechs=EUTRAN}, {PLMN=46009,AccessTechs=EUTRAN}, {PLMN=46001,AccessTechs=UTRAN}, {PLMN=46009,AccessTechs=UTRAN}, {PLMN=fffff,AccessTechs=NONE}, {PLMN=fffff,AccessTechs=NONE}, {PLMN=fffff,AccessTechs=NONE}, {PLMN=fffff,AccessTechs=NONE}]
09-27 15:12:33.392  2249  2249 D SIMRecords: [SIMRecords] onRecordLoaded 8 requested: true
09-27 15:12:33.393  2249  2249 D SIMRecords: [SIMRecords] GID1: ff
09-27 15:12:33.393  2249  2249 D SIMRecords: [SIMRecords] onRecordLoaded 7 requested: true
09-27 15:12:33.393  2249  2249 D SIMRecords: [SIMRecords] GID2: ff
09-27 15:12:33.393  2249  2249 D SIMRecords: [SIMRecords] onRecordLoaded 6 requested: true
09-27 15:12:33.393  2249  2249 D SIMRecords: [SIMRecords] Received Equivalent Home PLMNs, raw=64f010ffffffffffffffffff
09-27 15:12:33.393  2249  2249 D SIMRecords: [SIMRecords] Received Forbidden PLMNs, raw=64f00064f02064f04064f07064f08064f03064f011ffffffffffffffffff
09-27 15:12:33.393  2249  2249 D SIMRecords: [SIMRecords] onRecordLoaded 5 requested: true
09-27 15:12:33.393  2249  2308 D RILJ    : [4209]< QUERY_NETWORK_SELECTION_MODE {0} [SUB0]
09-27 15:12:33.393   821  8749 I RILQ    : (0/821):RIL[0][cmd-21(840)] qcril_qmi_nas_reset_data_snapshot_cache_and_timer: Resetting snapshot timer
09-27 15:12:33.397  2249  2308 D RILJ    : [4208]< VOICE_REGISTRATION_STATE {0, null, null, 0, null, null, null, 0, null, null, null, null, null, 0, null} [SUB0]
09-27 15:12:33.404   821   965 E RILQ    : (0/821): RIL[0][main] qcril_qmi_nas_report_restricted_details: .. reporting 0
09-27 15:12:33.405  2249  2308 D RILJ    : [4207]< DATA_REGISTRATION_STATE {0, null, null, null, 0, 20, null, null, null, null, null} [SUB0]
09-27 15:12:33.406  2249  2249 D SIMRecords: [SIMRecords] EF_LI LOADED
09-27 15:12:33.406  2249  2249 D SIMRecords: [SIMRecords] EF_LI=6465656e
09-27 15:12:33.406  2249  2249 D SIMRecords: [SIMRecords] onRecordLoaded 4 requested: true
09-27 15:12:33.406  2249  2249 D PhoneSwitcher: handle event - 110
09-27 15:12:33.407  2249  2249 D SIMRecords: [SIMRecords] EF_PL LOADED
09-27 15:12:33.407  2249  2249 D SIMRecords: [SIMRecords] EF_PL=ffffffff
09-27 15:12:33.407  2249  2249 D SIMRecords: [SIMRecords] onRecordLoaded 3 requested: true
09-27 15:12:33.407  2249  2249 D SIMRecords: [SIMRecords] MSISDN: [iS4ySf46sTbLP-6TQAdCImRmoL8]
09-27 15:12:33.407  2249  2249 D SIMRecords: [SIMRecords] onRecordLoaded 2 requested: true
09-27 15:12:33.408  2249  2249 D UiccPkcs15: handleMessage: 1
09-27 15:12:33.408  2249  2249 D UiccPkcs15: select pkcs15 failed: com.android.internal.telephony.CommandException: NO_SUCH_ELEMENT
09-27 15:12:33.408  2249  2249 D CAT     : CatService: handleMessage[2]
09-27 15:12:33.408  2249  2249 D CAT     : CatService: ril message arrived,slotid:1
09-27 15:12:33.408  2249  2249 D SIMRecords: [SIMRecords] Invalid or missing EF[MAILBOX]
09-27 15:12:33.408  2249  2249 D SIMRecords: [SIMRecords] onRecordLoaded 1 requested: true
09-27 15:12:33.408  2249  2249 D RILJ    : [4210]> iccIO: SIM_IO 0xc0 0x6f18  path: 3F007FFF,0,0,15 aid: a0000000871002ff86ffff89ffffffff [SUB1]
09-27 15:12:33.408  2249  8612 D CAT     : CommandParamsFactory: process SelectItem
09-27 15:12:33.409  2249  2332 D SST     : SST.getAllCellInfo(): return last, back to back calls
09-27 15:12:33.412  2249  2249 D SIMRecords: [SIMRecords] onRecordLoaded 1 requested: true
09-27 15:12:33.412  2249  2249 D SST     : EVENT_POLL_STATE_NETWORK_SELECTION_MODE
09-27 15:12:33.415  2249  2249 D SST     : handlPollStateResultMessage: GsmSST setDataRegState=1 regState=0 dataRadioTechnology=0
09-27 15:12:33.415  2249  2249 D SubscriptionController: [getSubId]- numSubIds == 0, return DummySubIds slotIdx=0
09-27 15:12:33.419  2249  2308 D RILJ    : Unsol response received for UNSOL_RESTRICTED_STATE_CHANGED Sending ack to ril.cpp [SUB0]
09-27 15:12:33.419  2249  2308 V RILJ    : [UNSL]< UNSOL_RESTRICTED_STATE_CHANGED {0} [SUB0]
09-27 15:12:33.420  2249  2249 D QtiSubscriptionController: getPhoneId, received dummy subId 2147483643
09-27 15:12:33.420  2249  2249 D SST     : Poll ServiceState done:  oldSS=[1 1 voice home data home null null null null null null  Unknown Unknown CSS not supported -1 -1 RoamInd=-1 DefRoamInd=-1 EmergOnly=true IsDataRoamingFromRegistration=false IsUsingCarrierAggregation=false mRilImsRadioTechnology=0] newSS=[1 1 voice home data home null null null null null null  Unknown Unknown CSS not supported -1 -1 RoamInd=-1 DefRoamInd=-1 EmergOnly=false IsDataRoamingFromRegistration=false IsUsingCarrierAggregation=false mRilImsRadioTechnology=0] oldMaxDataCalls=20 mNewMaxDataCalls=20 oldReasonDataDenied=-1 mNewReasonDataDenied=-1
09-27 15:12:33.421  2249  2249 D SST     : updateSpnDisplay: radio is on but out of service, set plmn='No service'
09-27 15:12:33.421  2249  2249 D SubscriptionController: [getSubId]- numSubIds == 0, return DummySubIds slotIdx=0
09-27 15:12:33.422  2249  2249 D SST     : updateSpnDisplay: changed sending intent rule=0 showPlmn='true' plmn='No service' showSpn='false' spn='' dataSpn='' subId='2147483643'
09-27 15:12:33.423  2249  2249 D SubscriptionController: [getSubId]- numSubIds == 0, return DummySubIds slotIdx=0
09-27 15:12:33.432  2249  2249 D SubscriptionController: [getSubId]- numSubIds == 0, return DummySubIds slotIdx=0
09-27 15:12:33.432  2249  2331 D SST     : SST.getAllCellInfo(): return last, back to back calls
09-27 15:12:33.432  2249  2331 D SST     : SST.getAllCellInfo(): return last, back to back calls
09-27 15:12:33.433  2249  2331 D SST     : SST.getAllCellInfo(): return last, back to back calls
09-27 15:12:33.433  2249  2331 D SST     : SST.getAllCellInfo(): return last, back to back calls
09-27 15:12:33.435  2249  2249 D SubscriptionController: [setCarrierText]+ text:No service subId:2147483643
09-27 15:12:33.452  2249  2312 D RilRequest: [4210]< SIM_IO error: com.android.internal.telephony.CommandException: SIM_ERR ret=IccIoResult sw1:0x6a sw2:0x82 Error: File not found
09-27 15:12:33.480  2249  2249 D SubscriptionController: notifySubscriptionInfoChanged:
09-27 15:12:33.481  2249  2332 D SubscriptionController: [getSubId]- numSubIds == 0, return DummySubIds slotIdx=0
09-27 15:12:33.502  2249  8205 D RILJ    : [4212]> RIL_REQUEST_GSM_BROADCAST_ACTIVATION [SUB1]
09-27 15:12:33.506  2249  2312 D RILJ    : [4212]< RIL_REQUEST_GSM_BROADCAST_ACTIVATION  [SUB1]
09-27 15:12:33.515  2249  2249 D SubscriptionController: [setCarrierText]+ text:No service subId:2147483643
09-27 15:12:33.543  2249  2249 D SubscriptionController: notifySubscriptionInfoChanged:
09-27 15:12:33.548  2249  6709 D SubscriptionController: [getSubId]- numSubIds == 0, return DummySubIds slotIdx=0
09-27 15:12:33.562  2249  2249 D TelephonyManager: setTelephonyProperty: success phoneId=0 property=gsm.operator.alpha value:  propVal=,CHN-UNICOM
09-27 15:12:33.563  2249  2249 D TelephonyManager: setTelephonyProperty: success phoneId=0 property=gsm.operator.numeric value:  propVal=,46001
09-27 15:12:33.564  2249  2249 D SST     : operatorNumeric is null
09-27 15:12:33.564  2249  2249 D TelephonyManager: setTelephonyProperty: success phoneId=0 property=gsm.operator.iso-country value:  propVal=,cn
09-27 15:12:33.565  2249  2249 D TelephonyManager: setTelephonyProperty: success phoneId=0 property=gsm.operator.isroaming value: false propVal=false,false
09-27 15:12:33.570  2249  2249 D SST     : Broadcasting ServiceState : 1 1 voice home data home null null null null null null  Unknown Unknown CSS not supported -1 -1 RoamInd=-1 DefRoamInd=-1 EmergOnly=false IsDataRoamingFromRegistration=false IsUsingCarrierAggregation=false mRilImsRadioTechnology=0
09-27 15:12:33.570  2249  2249 D SubscriptionController: [getSubId]- numSubIds == 0, return DummySubIds slotIdx=0
09-27 15:12:33.570  2249  2249 D DefaultPhoneNotifier: nofityServiceState: mRegistry=com.android.internal.telephony.ITelephonyRegistry$Stub$Proxy@f25c375 ss=1 1 voice home data home null null null null null null  Unknown Unknown CSS not supported -1 -1 RoamInd=-1 DefRoamInd=-1 EmergOnly=false IsDataRoamingFromRegistration=false IsUsingCarrierAggregation=false mRilImsRadioTechnology=0 sender=Handler (com.qualcomm.qti.internal.telephony.QtiGsmCdmaPhone) {2438a6d} phondId=0 subId=2147483643
09-27 15:12:33.608  2249  2249 D SubscriptionController: [getSubId]- numSubIds == 0, return DummySubIds slotIdx=0
09-27 15:12:33.608  2249  2249 D SST     : SST.getAllCellInfo(): return last, same thread can't block
09-27 15:12:33.608  2249  2249 D SST     : getCellLocation(): X ret WCDMA info=[43052,11743467,391]
09-27 15:12:33.610  1774  2280 D TelephonyRegistry: notifyCellLocationForSubscriber: subId=2147483643 cellLocation=Bundle[mParcelledData.dataSize=64]
09-27 15:12:33.617  2249  2249 D QtiSubscriptionController: getPhoneId, received dummy subId 2147483643
09-27 15:12:33.644  2249  2249 D CAT     : CatService: handleMessage[10]
09-27 15:12:33.644  2249  2249 D CAT     : CatService: SET_UP_MENU
09-27 15:12:33.645  2249  2249 D CAT     : CatService: encodeOptionalTags() Unsupported Cmd details=CmdDetails: compRequired=true commandNumber=1 typeOfCommand=37 commandQualifier=0
09-27 15:12:33.645  2249  2249 D RILJ    : [4213]> REQUEST_STK_SEND_TERMINAL_RESPONSE [SUB1]
09-27 15:12:33.648  2249  2249 D CAT     : CatService: Sending CmdMsg: com.android.internal.telephony.cat.CatCmdMessage@76d34db on slotid:1
09-27 15:12:33.654  2249  2312 D RILJ    : [4213]< REQUEST_STK_SEND_TERMINAL_RESPONSE  [SUB1]
09-27 15:12:33.654  2249  2249 D SST     : EVENT_RESTRICTED_STATE_CHANGED
09-27 15:12:33.654  2249  2249 D SST     : onRestrictedStateChanged: E rs Restricted State CS: none PS:false
09-27 15:12:33.654  2249  2249 D SST     : onRestrictedStateChanged: new rs Restricted State CS: none PS:false
09-27 15:12:33.654  2249  2249 D SST     : onRestrictedStateChanged: X rs Restricted State CS: none PS:false
09-27 15:12:33.654  2249  2249 D SST     : SubscriptionListener.onSubscriptionInfoChanged
