09-27 15:12:39.073  2249  2434 D DC-2    : DcActiveState not handled msg.what=REQ_GET_LINK_PROPERTIES
09-27 15:12:39.073  2249  2434 D DC-2    : DcDefault msg=REQ_GET_LINK_PROPERTIES RefCount=1
09-27 15:12:39.074  2249  2434 D DC-2    : REQ_GET_LINK_PROPERTIES linkProperties{InterfaceName: rmnet_data0 LinkAddresses: [172.24.46.230/30,]  Routes: [0.0.0.0/0 -> 172.24.46.229 rmnet_data0,] DnsAddresses: [112.65.184.255,210.22.84.3,] Domains: null MTU: 1500 TcpBufferSizes: 2097152,4194304,8388608,262144,524288,1048576}
09-27 15:12:39.074  2249  2249 D QtiGsmDCT: [1]get active pdp is not null, return NetworkCapabilities for default
09-27 15:12:39.074  2249  2434 D DC-2    : DcActiveState not handled msg.what=REQ_GET_NETWORK_CAPABILITIES
09-27 15:12:39.074  2249  2434 D DC-2    : DcDefault msg=REQ_GET_NETWORK_CAPABILITIES RefCount=1
09-27 15:12:39.076  2249  2434 D DC-2    : REQ_GET_NETWORK_CAPABILITIES networkCapabilities[ Transports: CELLULAR Capabilities: SUPL&INTERNET&NOT_RESTRICTED&TRUSTED&NOT_VPN LinkUpBandwidth>=51200Kbps LinkDnBandwidth>=102400Kbps Specifier: <2>]
09-27 15:12:39.076  2249  2249 D CdmaSSM : subscriptionSource from settings: 0
09-27 15:12:39.093  1774  1786 D TelephonyRegistry: Notify data connection state changed on sub: 2
09-27 15:12:39.094  1774  1786 D TelephonyRegistry: Notify data connection state changed on sub: 2
09-27 15:12:39.094  1774  1786 D TelephonyRegistry: Notify data connection state changed on sub: 2
09-27 15:12:39.100  2249  2249 D QtiGsmDCT: [1]startNetStatPoll
09-27 15:12:39.129  2249  2332 D RILJ    : [4296]> RIL_REQUEST_GET_CELL_INFO_LIST [SUB0]
09-27 15:12:39.137  2249  2308 D RilRequest: [4296]< RIL_REQUEST_GET_CELL_INFO_LIST error: com.android.internal.telephony.CommandException: SYSTEM_ERR ret=
09-27 15:12:39.139  2249  2249 D QtiGsmDCT: [1]onDataSetupComplete: SETUP complete type=default, reason:connected
09-27 15:12:39.139  2249  2249 D SST     : handlPollStateResultMessage: GsmSST setDataRegState=0 regState=1 dataRadioTechnology=14
09-27 15:12:39.139  2249  2249 D SST     : EVENT_POLL_STATE_NETWORK_SELECTION_MODE
09-27 15:12:39.153  2249  2249 D SST     : Poll ServiceState done:  oldSS=[0 0 voice home data home CHN-UNICOM UNICOM 46001 CHN-UNICOM UNICOM 46001  LTE LTE CSS not supported -1 -1 RoamInd=-1 DefRoamInd=-1 EmergOnly=false IsDataRoamingFromRegistration=false IsUsingCarrierAggregation=false mRilImsRadioTechnology=0] newSS=[0 0 voice home data home CHN-UNICOM UNICOM 46001 CHN-UNICOM UNICOM 46001  LTE LTE CSS not supported -1 -1 RoamInd=-1 DefRoamInd=-1 EmergOnly=false IsDataRoamingFromRegistration=false IsUsingCarrierAggregation=false mRilImsRadioTechnology=0] oldMaxDataCalls=20 mNewMaxDataCalls=20 oldReasonDataDenied=-1 mNewReasonDataDenied=-1
09-27 15:12:39.154  2249  2249 D QtiGsmDCT: [1]QtiDcTracker handleMessage msg={ when=-101ms what=270376 arg1=1 obj=NONE target=com.qualcomm.qti.internal.telephony.dataconnection.QtiDcTracker }
09-27 15:12:39.167  2249  2249 D QtiGsmDCT: [1]setActivity = NONE
09-27 15:12:39.213  2249  2249 D SST     : EVENT_GET_CELL_INFO_LIST: error ret null, e=com.android.internal.telephony.CommandException: SYSTEM_ERR
09-27 15:12:39.215  2249  2332 D SST     : SST.getAllCellInfo(): X size=0 list=null
09-27 15:12:39.215  2249  2332 D RILJ    : [4297]> RIL_REQUEST_GET_CELL_INFO_LIST [SUB1]
09-27 15:12:39.221  2249  2312 D RILJ    : [4297]< RIL_REQUEST_GET_CELL_INFO_LIST [CellInfoLte:{mRegistered=YES mTimeStampType=oem_ril mTimeStamp=1165699590230ns CellIdentityLte:{ mMcc=460 mMnc=1 mCi=10525727 mPci=476 mTac=6265 mEarfcn=1650} CellSignalStrengthLte: ss=27 rsrp=-85 rsrq=-6 rssnr=2147483647 cqi=2147483647 ta=0}, CellInfoLte:{mRegistered=NO mTimeStampType=oem_ril mTimeStamp=1165699590230ns CellIdentityLte:{ mMcc=2147483647 mMnc=2147483647 mCi=2147483647 mPci=127 mTac=2147483647 mEarfcn=1650} CellSignalStrengthLte: ss=21 rsrp=-100 rsrq=-19 rssnr=2147483647 cqi=2147483647 ta=2147483647}, CellInfoLte:{mRegistered=NO mTimeStampType=oem_ril mTimeStamp=1165699590230ns CellIdentityLte:{ mMcc=2147483647 mMnc=2147483647 mCi=2147483647 mPci=100 mTac=2147483647 mEarfcn=1650} CellSignalStrengthLte: ss=21 rsrp=-103 rsrq=-20 rssnr=2147483647 cqi=2147483647 ta=2147483647}, CellInfoLte:{mRegistered=NO mTimeStampType=oem_ril mTimeStamp=1165699590230ns CellIdentityLte:{ mMcc=2147483647 mMnc=2147483647 mCi=2147483647 mPci=109 mTac=2147483647 mEarfcn=1650} CellSignalStrengthLte: ss=19 rsrp=-100 rsrq=-18 rssnr=2147483647 cqi=2147483647 ta=2147483647}, CellInfoLte:{mRegistered=NO mTimeStampType=oem_ril mTimeStamp=1165699590230ns CellIdentityLte:{ mMcc=2147483647 mMnc=2147483647 mCi=2147483647 mPci=21 mTac=2147483647 mEarfcn=1650} CellSignalStrengthLte: ss=20 rsrp=-102 rsrq=-20 rssnr=2147483647 cqi=2147483647 ta=2147483647}, CellInfoLte:{mRegistered=NO mTimeStampType=oem_ril mTimeStamp=1165699590230ns CellIdentityLte:{ mMcc=2147483647 mMnc=2147483647 mCi=2147483647 mPci=165 mTac=2147483647 mEarfcn=1650} CellSignalStrengthLte: ss=20 rsrp=-101 rsrq=-20 rssnr=2147483647 cqi=2147483647 ta=2147483647}, CellInfoLte:{mRegistered=NO mTimeStampType=oem_ril mTimeStamp=1165699590230ns CellIdentityLte:{ mMcc=2147483647 mMnc=2147483647 mCi=2147483647 mPci=221 mTac=2147483647 mEarfcn=1650} CellSignalStrengthLte: ss=20 rsrp=-103 rsrq=-20 rssnr=2147483647 cqi=2147483647 ta=2147483647}, CellInfoLte:{mRegistered=NO mTimeStampType=oem_ril mTimeStamp=1165699590230ns CellIdentityLte:{ mMcc=2147483647 mMnc=2147483647 mCi=2147483647 mPci=73 mTac=2147483647 mEarfcn=1650} CellSignalStrengthLte: ss=20 rsrp=-106 rsrq=-20 rssnr=2147483647 cqi=2147483647 ta=2147483647}] [SUB1]
09-27 15:12:39.222  2249  2332 D SST     : SST.getAllCellInfo(): return last, back to back calls
09-27 15:12:39.245  2249  2564 D RILJ    : [4298]> RIL_REQUEST_GSM_BROADCAST_ACTIVATION [SUB1]
09-27 15:12:39.249  2249  2312 D RILJ    : [4298]< RIL_REQUEST_GSM_BROADCAST_ACTIVATION  [SUB1]
09-27 15:12:39.272  2249  2261 D RILJ    : [4299]> RIL_REQUEST_GSM_BROADCAST_ACTIVATION [SUB1]
09-27 15:12:39.276  2249  2312 D RILJ    : [4299]< RIL_REQUEST_GSM_BROADCAST_ACTIVATION  [SUB1]
09-27 15:12:39.323  2249  2261 D RILJ    : [4300]> RIL_REQUEST_GSM_BROADCAST_ACTIVATION [SUB1]
09-27 15:12:39.331  2249  2312 D RILJ    : [4300]< RIL_REQUEST_GSM_BROADCAST_ACTIVATION  [SUB1]
09-27 15:12:39.334  2249  2249 D SubscriptionController: [getActiveSubscriptionInfoForSimSlotIndex]+ slotIdx=1 subId={id=2, iccId=89860116831014056097 simSlotIndex=1 displayName=UNICOM carrierName=UNICOM nameSource=0 iconTint=-16746133 dataRoaming=0 iconBitmap=android.graphics.Bitmap@ed68ae3 mcc 460 mnc 1}
09-27 15:12:39.356  2249  2249 D SubscriptionController: [getActiveSubscriptionInfoForSimSlotIndex]+ slotIdx=0 subId=null
09-27 15:12:39.364  2249  6709 D SubscriptionController: [getPhoneId]- subId=1 not found return default phoneId=0
09-27 15:12:39.384  2249  2249 D SubscriptionController: [getActiveSubscriptionInfoForSimSlotIndex]+ slotIdx=1 subId={id=2, iccId=89860116831014056097 simSlotIndex=1 displayName=UNICOM carrierName=UNICOM nameSource=0 iconTint=-16746133 dataRoaming=0 iconBitmap=android.graphics.Bitmap@79c870c mcc 460 mnc 1}
09-27 15:12:39.409  2249  8717 D RILJ    : [4301]> RIL_REQUEST_GSM_BROADCAST_ACTIVATION [SUB1]
09-27 15:12:39.413  2249  2312 D RILJ    : [4301]< RIL_REQUEST_GSM_BROADCAST_ACTIVATION  [SUB1]
09-27 15:12:39.457  2249  2249 D QtiSubscriptionController: getPhoneId, received dummy subId 2147483643
09-27 15:12:39.458  2249  2249 D RILJ    : [4302]> RIL_REQUEST_CAF_SIM_OPEN_CHANNEL_WITH_P2 [SUB0]
09-27 15:12:39.467   821  1201 E RILQ    : (0/821): RIL[0] qcril_uim_qmi_conv_open_logical_channel_resp: response error: 0x3
09-27 15:12:39.469  2249  2308 D RilRequest: [4302]< RIL_REQUEST_CAF_SIM_OPEN_CHANNEL_WITH_P2 error: com.android.internal.telephony.CommandException: INTERNAL_ERR ret=
09-27 15:12:39.470  2249  2249 D UiccCard: Error in SIM access with exceptioncom.android.internal.telephony.CommandException: INTERNAL_ERR
09-27 15:12:39.473  2249  8717 D QtiGsmDCT: [1]setPolicyDataEnabled: true
09-27 15:12:39.473  2249  2249 D QtiGsmDCT: [1]QtiDcTracker handleMessage msg={ when=0 what=270368 arg1=1 target=com.qualcomm.qti.internal.telephony.dataconnection.QtiDcTracker }
09-27 15:12:39.473  2249  2249 D CdmaSSM : subscriptionSource from settings: 0
09-27 15:12:39.488  2249  2249 D QtiSubscriptionController: getPhoneId, received dummy subId 2147483643
09-27 15:12:39.489  2249  2249 D RILJ    : [4303]> RIL_REQUEST_CAF_SIM_OPEN_CHANNEL_WITH_P2 [SUB0]
09-27 15:12:39.492   821  1201 E RILQ    : (0/821): RIL[0] qcril_uim_qmi_conv_open_logical_channel_resp: response error: 0x3
09-27 15:12:39.493  2249  2308 D RilRequest: [4303]< RIL_REQUEST_CAF_SIM_OPEN_CHANNEL_WITH_P2 error: com.android.internal.telephony.CommandException: INTERNAL_ERR ret=
09-27 15:12:39.494  2249  2249 D UiccCard: Error in SIM access with exceptioncom.android.internal.telephony.CommandException: INTERNAL_ERR
09-27 15:12:39.503  2249  2249 D QtiSubscriptionController: getPhoneId, received dummy subId 2147483643
09-27 15:12:39.504  2249  2249 D RILJ    : [4304]> RIL_REQUEST_CAF_SIM_OPEN_CHANNEL_WITH_P2 [SUB0]
09-27 15:12:39.507   821  1201 E RILQ    : (0/821): RIL[0] qcril_uim_qmi_conv_open_logical_channel_resp: response error: 0x3
09-27 15:12:39.509  2249  2308 D RilRequest: [4304]< RIL_REQUEST_CAF_SIM_OPEN_CHANNEL_WITH_P2 error: com.android.internal.telephony.CommandException: INTERNAL_ERR ret=
09-27 15:12:39.510  2249  2249 D UiccCard: Error in SIM access with exceptioncom.android.internal.telephony.CommandException: INTERNAL_ERR
09-27 15:12:39.514  2249  2249 D QtiSubscriptionController: getPhoneId, received dummy subId 2147483643
09-27 15:12:39.515  2249  2249 D RILJ    : [4305]> RIL_REQUEST_CAF_SIM_OPEN_CHANNEL_WITH_P2 [SUB0]
09-27 15:12:39.519   821  1201 E RILQ    : (0/821): RIL[0] qcril_uim_qmi_conv_open_logical_channel_resp: response error: 0x3
09-27 15:12:39.520  2249  2308 D RilRequest: [4305]< RIL_REQUEST_CAF_SIM_OPEN_CHANNEL_WITH_P2 error: com.android.internal.telephony.CommandException: INTERNAL_ERR ret=
09-27 15:12:39.521  2249  2249 D UiccCard: Error in SIM access with exceptioncom.android.internal.telephony.CommandException: INTERNAL_ERR
09-27 15:12:39.523  2249  2262 D RILJ    : [4306]> RIL_REQUEST_GSM_BROADCAST_ACTIVATION [SUB1]
09-27 15:12:39.526  2249  2249 D QtiSubscriptionController: getPhoneId, received dummy subId 2147483643
09-27 15:12:39.526  2249  2249 D RILJ    : [4307]> iccIO: SIM_IO 0xc0 0x2f00  path: 3f00,0,0,15 aid: null [SUB0]
09-27 15:12:39.528   821   965 E RILQ    : (0/821): RIL[0][main] qcril_uim_extract_session_type: Card is not present
09-27 15:12:39.529  2249  2308 D RilRequest: [4307]< SIM_IO error: com.android.internal.telephony.CommandException: REQUEST_NOT_SUPPORTED ret=
09-27 15:12:39.531  2249  2312 D RILJ    : [4306]< RIL_REQUEST_GSM_BROADCAST_ACTIVATION  [SUB1]
09-27 15:12:39.531  2249  2249 D UiccCard: Error in SIM access with exceptioncom.android.internal.telephony.CommandException: REQUEST_NOT_SUPPORTED
09-27 15:12:39.551  2249  8717 D SubscriptionController: [getActiveSubInfoCount]+
09-27 15:12:39.554  2249  2331 D QtiGsmDCT: [1]setPolicyDataEnabled: true
09-27 15:12:39.554  2249  2249 D QtiGsmDCT: [1]QtiDcTracker handleMessage msg={ when=0 what=270368 arg1=1 target=com.qualcomm.qti.internal.telephony.dataconnection.QtiDcTracker }
09-27 15:12:39.554  2249  2249 D CdmaSSM : subscriptionSource from settings: 0
09-27 15:12:39.556  2249  2249 D CAT     : StkCmdReceiver: handleAction, op: 1args: Bundle[{SLOT_ID=1, cmd message=com.android.internal.telephony.cat.CatCmdMessage@67e24d1, op=1}], slot id: 1
09-27 15:12:39.561  2249  2249 D CAT     : com.android.stk.StkAppService: onStart sim id: 1, op: 1, *****
09-27 15:12:39.562  2249  8780 D CAT     : com.android.stk.StkAppService: handleMessage opcode[1], sim id[1]
09-27 15:12:39.562  2249  8780 D CAT     : com.android.stk.StkAppService: cmdName[DISPLAY_TEXT]
09-27 15:12:39.562  2249  8780 D CAT     : com.android.stk.StkAppService: [OP_CMD]
09-27 15:12:39.562  2249  8780 D CAT     : com.android.stk.StkAppService: [handleCmd]DISPLAY_TEXT
09-27 15:12:39.562  2249  8780 D CAT     : com.android.stk.StkAppService: launchTextDialog, slotId: 1
09-27 15:12:39.581  2249  2565 D RILJ    : [4308]> RIL_REQUEST_GSM_BROADCAST_ACTIVATION [SUB1]
09-27 15:12:39.597  2249  2312 D RILJ    : [4308]< RIL_REQUEST_GSM_BROADCAST_ACTIVATION  [SUB1]
09-27 15:12:39.639  2249  8717 D SubscriptionController: [getActiveSubInfoCount]- count: 1
09-27 15:12:39.677  2249  2249 D CAT     : StkDialogActivity: onCreate, sim id: -1
09-27 15:12:39.682  2249  3181 D RILJ    : [4309]> RIL_REQUEST_GSM_BROADCAST_ACTIVATION [SUB1]
09-27 15:12:39.690  2249  2312 D RILJ    : [4309]< RIL_REQUEST_GSM_BROADCAST_ACTIVATION  [SUB1]
09-27 15:12:39.744  2249  2249 D CAT     : StkDialogActivity: onStart, sim id: -1
09-27 15:12:39.746  2249  2249 D CAT     : StkDialogActivity: onResume - mIsResponseSent[false], sim id: -1
09-27 15:12:39.746  2249  2249 D CAT     : StkDialogActivity: initFromIntent - [title=USIM text= icon=null iconSelfExplanatory=false isHighPriority=true responseNeeded=true userClear=false duration=null], sim id: 1
09-27 15:12:39.748  2249  2249 D CAT     : StkDialogActivity: No Pending Alarm! OK to start timer...
09-27 15:12:39.748  2249  2249 D CAT     : StkDialogActivity: cancelTimeOut: 1
09-27 15:12:39.748  2249  2249 D CAT     : StkDialogActivity: startTimeOut: 1
09-27 15:12:39.967  2249  8205 D RILJ    : [4310]> RIL_REQUEST_GSM_BROADCAST_ACTIVATION [SUB1]
09-27 15:12:39.972  2249  2312 D RILJ    : [4310]< RIL_REQUEST_GSM_BROADCAST_ACTIVATION  [SUB1]
09-27 15:12:40.162  2249  8778 D RILJ    : [4311]> RIL_REQUEST_GSM_BROADCAST_ACTIVATION [SUB1]
09-27 15:12:40.167  2249  2312 D RILJ    : [4311]< RIL_REQUEST_GSM_BROADCAST_ACTIVATION  [SUB1]
09-27 15:12:40.215  2249  6709 D RILJ    : [4312]> RIL_REQUEST_CDMA_SET_BROADCAST_CONFIG with 1 configs :  [SUB1]
09-27 15:12:40.215  2249  6709 D RILJ    : CdmaSmsBroadcastConfigInfo: Id [4096, 4096] ENABLED [SUB1]
09-27 15:12:40.218  2249  2312 D RilRequest: [4312]< RIL_REQUEST_CDMA_SET_BROADCAST_CONFIG error: com.android.internal.telephony.CommandException: INVALID_STATE ret=
09-27 15:12:40.234  2249  2261 D RILJ    : [4313]> RIL_REQUEST_CDMA_SET_BROADCAST_CONFIG with 1 configs :  [SUB1]
09-27 15:12:40.234  2249  2261 D RILJ    : CdmaSmsBroadcastConfigInfo: Id [4097, 4097] ENABLED [SUB1]
09-27 15:12:40.236  2249  2312 D RilRequest: [4313]< RIL_REQUEST_CDMA_SET_BROADCAST_CONFIG error: com.android.internal.telephony.CommandException: INVALID_STATE ret=
09-27 15:12:40.253  2249  2332 D RILJ    : [4314]> RIL_REQUEST_CDMA_SET_BROADCAST_CONFIG with 1 configs :  [SUB1]
09-27 15:12:40.253  2249  2332 D RILJ    : CdmaSmsBroadcastConfigInfo: Id [4098, 4098] ENABLED [SUB1]
09-27 15:12:40.255  2249  2312 D RilRequest: [4314]< RIL_REQUEST_CDMA_SET_BROADCAST_CONFIG error: com.android.internal.telephony.CommandException: INVALID_STATE ret=
09-27 15:12:40.272  2249  3181 D RILJ    : [4315]> RIL_REQUEST_CDMA_SET_BROADCAST_CONFIG with 1 configs :  [SUB1]
09-27 15:12:40.272  2249  3181 D RILJ    : CdmaSmsBroadcastConfigInfo: Id [4099, 4099] ENABLED [SUB1]
09-27 15:12:40.276  2249  2312 D RilRequest: [4315]< RIL_REQUEST_CDMA_SET_BROADCAST_CONFIG error: com.android.internal.telephony.CommandException: INVALID_STATE ret=
09-27 15:12:40.308  2249  8778 D RILJ    : [4316]> RIL_REQUEST_GSM_BROADCAST_ACTIVATION [SUB1]
09-27 15:12:40.312  2249  2312 D RILJ    : [4316]< RIL_REQUEST_GSM_BROADCAST_ACTIVATION  [SUB1]
09-27 15:12:40.328  2249  6709 D RILJ    : [4317]> RIL_REQUEST_GSM_BROADCAST_ACTIVATION [SUB1]
09-27 15:12:40.331  2249  2312 D RILJ    : [4317]< RIL_REQUEST_GSM_BROADCAST_ACTIVATION  [SUB1]
09-27 15:12:40.364  2249  2332 D RILJ    : [4318]> RIL_REQUEST_GSM_BROADCAST_ACTIVATION [SUB1]
09-27 15:12:40.368  2249  2312 D RILJ    : [4318]< RIL_REQUEST_GSM_BROADCAST_ACTIVATION  [SUB1]
09-27 15:12:40.387  2249  3181 D RILJ    : [4319]> RIL_REQUEST_GSM_BROADCAST_ACTIVATION [SUB1]
09-27 15:12:40.391  2249  2312 D RILJ    : [4319]< RIL_REQUEST_GSM_BROADCAST_ACTIVATION  [SUB1]
09-27 15:12:40.408  2249  2564 D RILJ    : [4320]> RIL_REQUEST_GSM_BROADCAST_ACTIVATION [SUB1]
09-27 15:12:40.412  2249  2312 D RILJ    : [4320]< RIL_REQUEST_GSM_BROADCAST_ACTIVATION  [SUB1]
09-27 15:12:40.431  2249  8205 D RILJ    : [4321]> RIL_REQUEST_GSM_BROADCAST_ACTIVATION [SUB1]
09-27 15:12:40.435  2249  2312 D RILJ    : [4321]< RIL_REQUEST_GSM_BROADCAST_ACTIVATION  [SUB1]
09-27 15:12:40.465  2249  3218 D RILJ    : [4322]> RIL_REQUEST_GSM_BROADCAST_ACTIVATION [SUB1]
09-27 15:12:40.468  2249  2312 D RILJ    : [4322]< RIL_REQUEST_GSM_BROADCAST_ACTIVATION  [SUB1]
09-27 15:12:40.484  2249  2565 D RILJ    : [4323]> RIL_REQUEST_GSM_BROADCAST_ACTIVATION [SUB1]
09-27 15:12:40.488  2249  2312 D RILJ    : [4323]< RIL_REQUEST_GSM_BROADCAST_ACTIVATION  [SUB1]
09-27 15:12:40.505  2249  2564 D RILJ    : [4324]> RIL_REQUEST_GSM_BROADCAST_ACTIVATION [SUB1]
09-27 15:12:40.513  2249  2312 D RILJ    : [4324]< RIL_REQUEST_GSM_BROADCAST_ACTIVATION  [SUB1]
09-27 15:12:40.528  2249  8205 D RILJ    : [4325]> RIL_REQUEST_GSM_BROADCAST_ACTIVATION [SUB1]
09-27 15:12:40.531  2249  2312 D RILJ    : [4325]< RIL_REQUEST_GSM_BROADCAST_ACTIVATION  [SUB1]
09-27 15:12:40.559  2249  2331 D RILJ    : [4326]> RIL_REQUEST_GSM_BROADCAST_ACTIVATION [SUB1]
09-27 15:12:40.563  2249  2312 D RILJ    : [4326]< RIL_REQUEST_GSM_BROADCAST_ACTIVATION  [SUB1]
09-27 15:12:42.003  2249  2249 D CAT     : StkDialogActivity: Cancel Clicked!, mSlotId: 1
09-27 15:12:42.003  2249  2249 D CAT     : StkDialogActivity: cancelTimeOut: 1
09-27 15:12:42.009  2249  2249 D CAT     : StkDialogActivity: sendResponse resID[13] confirmed[false]
09-27 15:12:42.033  2249  2249 D CAT     : com.android.stk.StkAppService: onStart sim id: 1, op: 2, *****
09-27 15:12:42.033  2249  8780 D CAT     : com.android.stk.StkAppService: handleMessage opcode[2], sim id[1]
09-27 15:12:42.033  2249  8780 D CAT     : com.android.stk.StkAppService: handleCmdResponse, sim id: 1
09-27 15:12:42.033  2249  2249 D CAT     : StkDialogActivity: onPause, sim id: 1
09-27 15:12:42.033  2249  8780 D CAT     : StkAppService: RES_ID_CONFIRM
09-27 15:12:42.033  2249  8780 D CAT     : com.android.stk.StkAppService: handleCmdResponse- cmdName[DISPLAY_TEXT]
09-27 15:12:42.155  2249  2249 D CAT     : CatService: handleMessage[6]
09-27 15:12:42.155  2249  2249 D CAT     : CatService: isResponse for last valid cmd: true
09-27 15:12:42.156  2249  2249 D CAT     : CatService: encodeOptionalTags() Unsupported Cmd details=CmdDetails: compRequired=true commandNumber=1 typeOfCommand=33 commandQualifier=1
09-27 15:12:42.156  2249  2249 D RILJ    : [4327]> REQUEST_STK_SEND_TERMINAL_RESPONSE [SUB1]
09-27 15:12:42.183  2249  2249 D CAT     : StkDialogActivity: onStop - before Send CONFIRM false mIsResponseSent[true], sim id: 1
09-27 15:12:42.183  2249  2249 D CAT     : StkDialogActivity: finish.
09-27 15:12:42.183  2249  2249 D CAT     : StkAppService$StkContext: setPendingDialogInstance act : 1, null
09-27 15:12:42.183  2249  2249 D CAT     : StkDialogActivity: cancelTimeOut: 1
09-27 15:12:42.184  2249  8780 D CAT     : com.android.stk.StkAppService: handleMessage opcode[9], sim id[1]
09-27 15:12:42.184  2249  8780 D CAT     : com.android.stk.StkAppService: Set dialog instance. android.app.Activity@ee25df6
09-27 15:12:42.185  2249  2312 D RILJ    : [4327]< REQUEST_STK_SEND_TERMINAL_RESPONSE  [SUB1]
09-27 15:12:42.187  2249  2249 D CAT     : StkDialogActivity: onDestroy - mIsResponseSent[true], sim id: 1
09-27 15:12:42.187  2249  2249 D CAT     : StkDialogActivity: cancelTimeOut: 1
09-27 15:12:42.194   939  1023 E RILQ    : (1/939): RIL[1][event] qcril_gstk_qmi_copy_and_save_proactive_cmd: Invalid ril_unsol_resp parameters, cannot save
09-27 15:12:42.197  2249  2312 D RILJ    : Unsol response received for UNSOL_STK_SESSION_END Sending ack to ril.cpp [SUB1]
09-27 15:12:42.197  2249  2312 D RILJ    : [UNSL]< UNSOL_STK_SESSION_END [SUB1]
09-27 15:12:42.217  2249  2249 D CAT     : CatService: handleMessage[1]
09-27 15:12:42.217  2249  2249 D CAT     : CatService: ril message arrived,slotid:1
09-27 15:12:42.218  2249  2249 D CAT     : CatService: handleMessage[10]
09-27 15:12:42.218  2249  2249 D CAT     : CatService: SESSION END on 1
09-27 15:12:42.230  2249  2249 D CAT     : StkCmdReceiver: handleAction, op: 4args: Bundle[{SLOT_ID=1, op=4}], slot id: 1
09-27 15:12:42.233  2249  2249 D CAT     : com.android.stk.StkAppService: onStart sim id: 1, op: 4, *****
09-27 15:12:42.233  2249  8780 D CAT     : com.android.stk.StkAppService: handleMessage opcode[4], sim id[1]
09-27 15:12:42.233  2249  8780 D CAT     : StkAppService$StkContext: getPendingActivityInstance act : 1, null
09-27 15:12:42.233  2249  8780 D CAT     : StkAppService$StkContext: getPendingPrevActivityInstance act : 1, null
09-27 15:12:42.233  2249  8780 D CAT     : StkAppService$StkContext: getPendingDialogInstance act : 1, null
09-27 15:12:42.233  2249  8780 D CAT     : com.android.stk.StkAppService: cleanUpInstanceStackBySlot slotId: 1
09-27 15:12:42.233  2249  8780 D CAT     : com.android.stk.StkAppService: [handleSessionEnd] - mCurrentCmd changed to mMainCmd!.
09-27 15:12:42.233  2249  8780 D CAT     : com.android.stk.StkAppService: slotId: 1, mMenuState: 0
09-27 15:12:42.233  2249  8780 D CAT     : com.android.stk.StkAppService: [handleSessionEnd][mMenuState]false
09-27 15:12:43.125  2249  2262 D SubscriptionController: [getPhoneId]- subId=0 not found return default phoneId=0
09-27 15:12:43.127  2249  6709 D SubscriptionController: [getPhoneId]- subId=0 not found return default phoneId=0
09-27 15:12:43.203  2249  2332 D SubscriptionController: [getPhoneId]- subId=0 not found return default phoneId=0
09-27 15:12:43.205  2249  3218 D SubscriptionController: [getPhoneId]- subId=0 not found return default phoneId=0
09-27 15:12:43.683  2249  2262 D IccProvider: [IccProvider] query
09-27 15:12:43.684  2249  2262 D IccProvider: [IccProvider] getRequestSubId url: content://icc/adn/subId/2
09-27 15:12:43.684  2249  2262 D IccProvider: [IccProvider] loadFromEf: efType=0x6F3A, subscription=2
09-27 15:12:43.685  2249  2262 D IccPhoneBookIM: [IccPbInterfaceManager] getAdnRecordsInEF: efid=0x4F30
09-27 15:12:43.685  2249  2262 D SimPhoneBookAdnRecordCache: start to queryAdnRecord
09-27 15:12:43.685  2249  2262 D RILJ    : [4329]> RIL_REQUEST_GET_ADN_RECORD [SUB1]
09-27 15:12:43.694  2249  2312 D RILJ    : [4329]< RIL_REQUEST_GET_ADN_RECORD {500, 2, 200, 1, 500, 1} [SUB1]
09-27 15:12:43.698  2249  2312 D RILJ    : Unsol response received for RIL_UNSOL_RESPONSE_ADN_RECORDS Sending ack to ril.cpp [SUB1]
09-27 15:12:43.698  2249  2312 D RILJ    : [SimPhoneBookAdnRecord{index =2, name = Aaaaaaaaasss, number = 147258369, email count = 1, email = [shiguibiao@huaqin.com], ad number count = 1, ad number = [123456789]}, SimPhoneBookAdnRecord{index =3, name = Self, number = 18516617376, email count = 0, email = null, ad number count = 0, ad number = null}] [SUB1]
09-27 15:12:43.698  2249  2312 D RILJ    : [UNSL]< RIL_UNSOL_RESPONSE_ADN_RECORDS [SUB1]
09-27 15:12:43.706  2249  2249 D SimPhoneBookAdnRecordCache: Querying ADN record done
09-27 15:12:43.706  2249  2249 D SimPhoneBookAdnRecordCache: Max ADN count is: 500, Valid ADN count is: 2, Email count is: 200, Valid Email count is: 1, Add number count is: 500, Valid Add number count is: 1
09-27 15:12:43.726  2249  2249 D SimPhoneBookAdnRecordCache: Loading ADN record done
09-27 15:12:43.726  2249  2249 D SimPhoneBookAdnRecordCache: Loading all ADN records done
09-27 15:12:43.730  2249  2323 D IccPhoneBookIM: [IccPbInterfaceManager] Load ADN records done
09-27 15:12:43.730  2249  2262 D IccProvider: [IccProvider] adnRecords.size=2
09-27 15:12:43.731  2249  2262 D IccProvider: [IccProvider] loadRecord: Aaaaaaaaasss, [NFEgQmKF_4sdQ2U6TQeBcLR2H3U]
09-27 15:12:43.731  2249  2262 D IccProvider: [IccProvider] Adding email:[caL_lblGoASizwPxqebkUVL4xUM]
09-27 15:12:43.731  2249  2262 D IccProvider: [IccProvider] Adding anr:123456789
09-27 15:12:43.732  2249  2262 D IccProvider: [IccProvider] loadRecord: Self, [BrOE_m3FZU-lZEvrBEb8ZUtKjI8]
09-27 15:12:52.326  2249  2565 D RILJ    : [4331]> RIL_REQUEST_GET_CELL_INFO_LIST [SUB0]
09-27 15:12:52.333  2249  2308 D RilRequest: [4331]< RIL_REQUEST_GET_CELL_INFO_LIST error: com.android.internal.telephony.CommandException: SYSTEM_ERR ret=
09-27 15:12:52.334  2249  2249 D SST     : EVENT_GET_CELL_INFO_LIST: error ret null, e=com.android.internal.telephony.CommandException: SYSTEM_ERR
09-27 15:12:52.334  2249  2565 D SST     : SST.getAllCellInfo(): X size=0 list=null
09-27 15:12:52.335  2249  2565 D RILJ    : [4332]> RIL_REQUEST_GET_CELL_INFO_LIST [SUB1]
09-27 15:12:52.343  2249  2312 D RILJ    : [4332]< RIL_REQUEST_GET_CELL_INFO_LIST [CellInfoLte:{mRegistered=YES mTimeStampType=oem_ril mTimeStamp=1178820890798ns CellIdentityLte:{ mMcc=460 mMnc=1 mCi=10525727 mPci=476 mTac=6265 mEarfcn=1650} CellSignalStrengthLte: ss=29 rsrp=-87 rsrq=-6 rssnr=2147483647 cqi=2147483647 ta=0}, CellInfoLte:{mRegistered=NO mTimeStampType=oem_ril mTimeStamp=1178820890798ns CellIdentityLte:{ mMcc=2147483647 mMnc=2147483647 mCi=2147483647 mPci=127 mTac=2147483647 mEarfcn=1650} CellSignalStrengthLte: ss=20 rsrp=-107 rsrq=-20 rssnr=2147483647 cqi=2147483647 ta=2147483647}, CellInfoLte:{mRegistered=NO mTimeStampType=oem_ril mTimeStamp=1178820890798ns CellIdentityLte:{ mMcc=2147483647 mMnc=2147483647 mCi=2147483647 mPci=100 mTac=2147483647 mEarfcn=1650} CellSignalStrengthLte: ss=21 rsrp=-105 rsrq=-20 rssnr=2147483647 cqi=2147483647 ta=2147483647}, CellInfoLte:{mRegistered=NO mTimeStampType=oem_ril mTimeStamp=1178820890798ns CellIdentityLte:{ mMcc=2147483647 mMnc=2147483647 mCi=2147483647 mPci=109 mTac=2147483647 mEarfcn=1650} CellSignalStrengthLte: ss=21 rsrp=-100 rsrq=-15 rssnr=2147483647 cqi=2147483647 ta=2147483647}, CellInfoLte:{mRegistered=NO mTimeStampType=oem_ril mTimeStamp=1178820890798ns CellIdentityLte:{ mMcc=2147483647 mMnc=2147483647 mCi=2147483647 mPci=221 mTac=2147483647 mEarfcn=1650} CellSignalStrengthLte: ss=21 rsrp=-104 rsrq=-20 rssnr=2147483647 cqi=2147483647 ta=2147483647}, CellInfoLte:{mRegistered=NO mTimeStampType=oem_ril mTimeStamp=1178820890798ns CellIdentityLte:{ mMcc=2147483647 mMnc=2147483647 mCi=2147483647 mPci=21 mTac=2147483647 mEarfcn=1650} CellSignalStrengthLte: ss=20 rsrp=-106 rsrq=-20 rssnr=2147483647 cqi=2147483647 ta=2147483647}] [SUB1]
09-27 15:12:52.347  2249  2565 D SST     : SST.getAllCellInfo(): return last, back to back calls
09-27 15:12:55.339  2249  2249 D QtiGsmDCT: [0]Reconnect alarm. Previous state was IDLE
09-27 15:12:55.340  2249  2249 D SubscriptionController: [getSubId]- numSubIds == 0, return DummySubIds slotIdx=0
09-27 15:12:55.341  2249  2249 D QtiGsmDCT: [0]onActionIntentReconnectAlarm: currSubId = 2 phoneSubId=2147483643
09-27 15:12:55.346  2249  2249 D QtiGsmDCT: [0]receive ReconnectAlarm but subId incorrect, ignore
09-27 15:12:55.353  2249  2249 D QtiGsmDCT: [1]Reconnect alarm. Previous state was IDLE
09-27 15:12:55.354  2249  2249 D QtiGsmDCT: [1]onActionIntentReconnectAlarm: currSubId = 2 phoneSubId=2
09-27 15:12:55.356  2249  2249 D QtiGsmDCT: [1]onActionIntentReconnectAlarm: mState=IDLE reason=simLoaded apnType=default apnContext={mApnType=default mState=CONNECTED mWaitingApns={[[ApnSettingV3] , 413, 46001, 3gnet, , , , , , -1, default | supl, IPV4V6, IPV4V6, true, 0, 0, 0, false, 0, 0, 0, 0, , , false, [ApnSettingV3] , 414, 46001, 3gwap, 10.0.0.172, http://mmsc.myuni.com.cn, 10.0.0.172, 80, 80, -1, default | supl | mms, IPV4V6, IPV4V6, true, 0, 0, 0, false, 0, 0, 0, 0, , , false]} mApnSetting={[ApnSettingV3] , 413, 46001, 3gnet, , , , , , -1, default | supl, IPV4V6, IPV4V6, true, 0, 0, 0, false, 0, 0, 0, 0, , , false} mReason=connected mDataEnabled=true mDependencyMet=true} mDataConnectionAsyncChannels={1=DC-2, 0=DC-1}
09-27 15:12:55.356  2249  2249 D QtiGsmDCT: [1]onActionIntentReconnectAlarm: apnContext state=CONNECTED
09-27 15:12:55.356  2249  2249 D QtiGsmDCT: [1]onActionIntentReconnectAlarm: keep associated
09-27 15:12:55.359  2249  2249 D QtiGsmDCT: [1]QtiDcTracker handleMessage msg={ when=-1ms what=270339 obj={mApnType=default mState=CONNECTED mWaitingApns={[[ApnSettingV3] , 413, 46001, 3gnet, , , , , , -1, default | supl, IPV4V6, IPV4V6, true, 0, 0, 0, false, 0, 0, 0, 0, , , false, [ApnSettingV3] , 414, 46001, 3gwap, 10.0.0.172, http://mmsc.myuni.com.cn, 10.0.0.172, 80, 80, -1, default | supl | mms, IPV4V6, IPV4V6, true, 0, 0, 0, false, 0, 0, 0, 0, , , false]} mApnSetting={[ApnSettingV3] , 413, 46001, 3gnet, , , , , , -1, default | supl, IPV4V6, IPV4V6, true, 0, 0, 0, false, 0, 0, 0, 0, , , false} mReason=simLoaded mDataEnabled=true mDependencyMet=true} target=com.qualcomm.qti.internal.telephony.dataconnection.QtiDcTracker }
09-27 15:12:55.360  2249  2249 D QtiGsmDCT: [1]onTrySetupData: apnContext={mApnType=default mState=CONNECTED mWaitingApns={[[ApnSettingV3] , 413, 46001, 3gnet, , , , , , -1, default | supl, IPV4V6, IPV4V6, true, 0, 0, 0, false, 0, 0, 0, 0, , , false, [ApnSettingV3] , 414, 46001, 3gwap, 10.0.0.172, http://mmsc.myuni.com.cn, 10.0.0.172, 80, 80, -1, default | supl | mms, IPV4V6, IPV4V6, true, 0, 0, 0, false, 0, 0, 0, 0, , , false]} mApnSetting={[ApnSettingV3] , 413, 46001, 3gnet, , , , , , -1, default | supl, IPV4V6, IPV4V6, true, 0, 0, 0, false, 0, 0, 0, 0, , , false} mReason=simLoaded mDataEnabled=true mDependencyMet=true}
09-27 15:12:55.360  2249  2249 D QtiGsmDCT: [1]trySetupData for type:default due to simLoaded, mIsPsRestricted=false
09-27 15:12:55.366  2249  2249 D CdmaSSM : subscriptionSource from settings: 0
09-27 15:12:55.367  2249  2249 D CdmaSSM : subscriptionSource from settings: 0
09-27 15:12:55.369  2249  2249 D CdmaSSM : subscriptionSource from settings: 0
09-27 15:12:55.385  2249  2249 D CdmaSSM : subscriptionSource from settings: 0
09-27 15:12:55.398  2249  2249 D CdmaSSM : subscriptionSource from settings: 0
09-27 15:12:55.410  2249  2249 D CdmaSSM : subscriptionSource from settings: 0
09-27 15:12:55.440  2249  2249 D CdmaSSM : subscriptionSource from settings: 0
09-27 15:12:55.454  2249  2249 D CdmaSSM : subscriptionSource from settings: 0
09-27 15:12:55.467  2249  2249 D CdmaSSM : subscriptionSource from settings: 0
09-27 15:12:55.481  2249  2249 D QtiGsmDCT: [1]isEmergency: result=false
09-27 15:12:55.481  2249  2249 D QtiGsmDCT: [1]trySetupData failed. apnContext = [type=default, mState=CONNECTED, mDataEnabled=true, mDependencyMet=true] isConnectable = false. 
09-27 15:12:57.230  2249  2249 D QtiGsmDCT: [0]NETWORK_STATE_CHANGED_ACTION: mIsWifiConnected=false
09-27 15:12:57.231  2249  2249 D QtiGsmDCT: [1]NETWORK_STATE_CHANGED_ACTION: mIsWifiConnected=false
09-27 15:12:58.003  2249  2249 D QtiGsmDCT: [0]NETWORK_STATE_CHANGED_ACTION: mIsWifiConnected=false
09-27 15:12:58.003  2249  2249 D QtiGsmDCT: [1]NETWORK_STATE_CHANGED_ACTION: mIsWifiConnected=false
09-27 15:12:59.091  2249  2564 D SubscriptionController: [getSubId]- numSubIds == 0, return DummySubIds slotIdx=0
09-27 15:12:59.282  2249  2565 D SubscriptionController: [getSubId]- numSubIds == 0, return DummySubIds slotIdx=0
09-27 15:12:59.295  2249  3181 D SubscriptionController: [getSubId]- numSubIds == 0, return DummySubIds slotIdx=0
09-27 15:12:59.742  6385  6385 D PhoneNumberUtils: slotId:1 subId:2 country:null useExactMatch:true emergencyNumbers: 112,000,08,118,122,911,999,119,120,110,*911,#911
09-27 15:12:59.790  6385  6385 D PhoneNumberUtils: slotId:1 subId:2 country:null useExactMatch:true emergencyNumbers: 112,000,08,118,122,911,999,119,120,110,*911,#911
09-27 15:12:59.815  6385  6385 D PhoneNumberUtils: slotId:1 subId:2 country:null useExactMatch:true emergencyNumbers: 112,000,08,118,122,911,999,119,120,110,*911,#911
09-27 15:12:59.833  6385  6385 D PhoneNumberUtils: slotId:1 subId:2 country:null useExactMatch:true emergencyNumbers: 112,000,08,118,122,911,999,119,120,110,*911,#911
09-27 15:12:59.850  6385  6385 D PhoneNumberUtils: slotId:1 subId:2 country:null useExactMatch:true emergencyNumbers: 112,000,08,118,122,911,999,119,120,110,*911,#911
09-27 15:12:59.909  6385  6385 D PhoneNumberUtils: slotId:1 subId:2 country:null useExactMatch:true emergencyNumbers: 112,000,08,118,122,911,999,119,120,110,*911,#911
09-27 15:13:00.292  6385  6385 D PhoneNumberUtils: slotId:1 subId:2 country:null useExactMatch:true emergencyNumbers: 112,000,08,118,122,911,999,119,120,110,*911,#911
09-27 15:13:00.306  6385  6385 D PhoneNumberUtils: slotId:1 subId:2 country:null useExactMatch:true emergencyNumbers: 112,000,08,118,122,911,999,119,120,110,*911,#911
09-27 15:13:00.316  6385  6385 D PhoneNumberUtils: slotId:1 subId:2 country:null useExactMatch:true emergencyNumbers: 112,000,08,118,122,911,999,119,120,110,*911,#911
09-27 15:13:00.327  6385  6385 D PhoneNumberUtils: slotId:1 subId:2 country:null useExactMatch:true emergencyNumbers: 112,000,08,118,122,911,999,119,120,110,*911,#911
09-27 15:13:00.340  6385  6385 D PhoneNumberUtils: slotId:1 subId:2 country:null useExactMatch:true emergencyNumbers: 112,000,08,118,122,911,999,119,120,110,*911,#911
09-27 15:13:00.353  6385  6385 D PhoneNumberUtils: slotId:1 subId:2 country:null useExactMatch:true emergencyNumbers: 112,000,08,118,122,911,999,119,120,110,*911,#911
09-27 15:13:00.435  6385  6385 D PhoneNumberUtils: slotId:1 subId:2 country:null useExactMatch:true emergencyNumbers: 112,000,08,118,122,911,999,119,120,110,*911,#911
09-27 15:13:00.443  6385  6385 D PhoneNumberUtils: slotId:1 subId:2 country:null useExactMatch:true emergencyNumbers: 112,000,08,118,122,911,999,119,120,110,*911,#911
09-27 15:13:00.452  6385  6385 D PhoneNumberUtils: slotId:1 subId:2 country:null useExactMatch:true emergencyNumbers: 112,000,08,118,122,911,999,119,120,110,*911,#911
09-27 15:13:00.462  6385  6385 D PhoneNumberUtils: slotId:1 subId:2 country:null useExactMatch:true emergencyNumbers: 112,000,08,118,122,911,999,119,120,110,*911,#911
09-27 15:13:00.471  6385  6385 D PhoneNumberUtils: slotId:1 subId:2 country:null useExactMatch:true emergencyNumbers: 112,000,08,118,122,911,999,119,120,110,*911,#911
09-27 15:13:00.487  6385  6385 D PhoneNumberUtils: slotId:1 subId:2 country:null useExactMatch:true emergencyNumbers: 112,000,08,118,122,911,999,119,120,110,*911,#911
09-27 15:13:01.869  2249  2261 W PhoneNumberUtils: getCountryIso Country {ISO=CN, source=0, time=182434}
09-27 15:13:01.869  2249  2261 W PhoneNumberUtils: isLocalEmergencyNumberInternalCN
09-27 15:13:01.871  2249  2261 D PhoneNumberUtils: slotId:1 subId:2 country:CN useExactMatch:true emergencyNumbers: 112,000,08,118,122,911,999,119,120,110,*911,#911
09-27 15:13:01.924  2249  6709 W PhoneNumberUtils: getCountryIso Country {ISO=CN, source=0, time=182434}
09-27 15:13:01.924  2249  6709 W PhoneNumberUtils: isLocalEmergencyNumberInternalCN
09-27 15:13:01.925  2249  6709 D PhoneNumberUtils: slotId:1 subId:2 country:CN useExactMatch:true emergencyNumbers: 112,000,08,118,122,911,999,119,120,110,*911,#911
09-27 15:13:01.978  2249  2331 W PhoneNumberUtils: getCountryIso Country {ISO=CN, source=0, time=182434}
09-27 15:13:01.978  2249  2331 W PhoneNumberUtils: isLocalEmergencyNumberInternalCN
09-27 15:13:01.979  2249  2331 D PhoneNumberUtils: slotId:1 subId:2 country:CN useExactMatch:false emergencyNumbers: 112,000,08,118,122,911,999,119,120,110,*911,#911
09-27 15:13:02.002  1774  1774 W PhoneNumberUtils: getCountryIso Country {ISO=CN, source=0, time=138283}
09-27 15:13:02.002  1774  1774 W PhoneNumberUtils: isLocalEmergencyNumberInternalCN
09-27 15:13:02.004  1774  1774 D PhoneNumberUtils: slotId:1 subId:2 country:CN useExactMatch:true emergencyNumbers: 112,000,08,118,122,911,999,119,120,110,*911,#911
09-27 15:13:02.010  2249  2564 D SubscriptionController: [getActiveSubscriptionInfoForSimSlotIndex]+ slotIdx=1 subId={id=2, iccId=89860116831014056097 simSlotIndex=1 displayName=UNICOM carrierName=UNICOM nameSource=0 iconTint=-16746133 dataRoaming=0 iconBitmap=android.graphics.Bitmap@76713fc mcc 460 mnc 1}
09-27 15:13:02.030  1774  2322 D CallerInfoAsyncQuery: Processing event: 1 token (arg1): 1 command: 0 query URI: content://com.android.contacts/phone_lookup_enterprise/xxxxxxx
09-27 15:13:02.033  1774  1774 D PhoneNumberUtils: slotId:1 subId:2 country:null useExactMatch:true emergencyNumbers: 112,000,08,118,122,911,999,119,120,110,*911,#911
09-27 15:13:02.034  2249  3181 D SubscriptionController: [getPhoneId] asked for default subId=2
09-27 15:13:02.114  1774  1774 D CallerInfoAsyncQuery: ##### onQueryComplete() #####   query complete for token: 0
09-27 15:13:02.179  1774  1774 D CallerInfoAsyncQuery: notifying listener: class com.android.server.telecom.CallerInfoLookupHelper$-com_android_internal_telephony_CallerInfoAsyncQuery$OnQueryCompleteListener_makeCallerInfoQueryListener_android_net_Uri_handle_LambdaImpl0 for token: 0com.android.internal.telephony.CallerInfo@df755a1 { name null, phoneNumber non-null }
09-27 15:13:02.179  1774  2322 D CallerInfoAsyncQuery: Processing event: 3 token (arg1): 1 command: 0 query URI: 
09-27 15:13:02.229  2249  8717 D PhoneNumberUtils: slotId:1 subId:2 country:null useExactMatch:true emergencyNumbers: 112,000,08,118,122,911,999,119,120,110,*911,#911
09-27 15:13:02.246  1774  1774 D PhoneNumberUtils: slotId:1 subId:2 country:null useExactMatch:true emergencyNumbers: 112,000,08,118,122,911,999,119,120,110,*911,#911
09-27 15:13:02.292  1774  1774 D CallerInfoAsyncQuery: ##### onQueryComplete() #####   query complete for token: 0
09-27 15:13:02.394  2249  2565 D SubscriptionController: [getSubId]- numSubIds == 0, return DummySubIds slotIdx=0
09-27 15:13:02.395  2249  8205 D SubscriptionController: [getSubId]- numSubIds == 0, return DummySubIds slotIdx=0
09-27 15:13:02.704  2249  8778 W PhoneNumberUtils: getCountryIso Country {ISO=CN, source=0, time=182434}
09-27 15:13:02.704  2249  8778 W PhoneNumberUtils: isLocalEmergencyNumberInternalCN
09-27 15:13:02.705  2249  8778 D PhoneNumberUtils: slotId:1 subId:2 country:CN useExactMatch:false emergencyNumbers: 112,000,08,118,122,911,999,119,120,110,*911,#911
09-27 15:13:02.708  2249  3218 W PhoneNumberUtils: getCountryIso Country {ISO=CN, source=0, time=182434}
09-27 15:13:02.708  2249  3218 W PhoneNumberUtils: isLocalEmergencyNumberInternalCN
09-27 15:13:02.709  2249  3218 D PhoneNumberUtils: slotId:1 subId:2 country:CN useExactMatch:true emergencyNumbers: 112,000,08,118,122,911,999,119,120,110,*911,#911
09-27 15:13:02.803  2249  3181 W PhoneNumberUtils: getCountryIso Country {ISO=CN, source=0, time=182434}
09-27 15:13:02.803  2249  3181 W PhoneNumberUtils: isLocalEmergencyNumberInternalCN
09-27 15:13:02.804  2249  3181 D PhoneNumberUtils: slotId:1 subId:2 country:CN useExactMatch:true emergencyNumbers: 112,000,08,118,122,911,999,119,120,110,*911,#911
09-27 15:13:02.816  1774  1774 W PhoneNumberUtils: getCountryIso Country {ISO=CN, source=0, time=138283}
09-27 15:13:02.816  1774  1774 W PhoneNumberUtils: isLocalEmergencyNumberInternalCN
09-27 15:13:02.817  1774  1774 D PhoneNumberUtils: slotId:1 subId:2 country:CN useExactMatch:true emergencyNumbers: 112,000,08,118,122,911,999,119,120,110,*911,#911
09-27 15:13:02.845  1774  2322 D CallerInfoAsyncQuery: Processing event: 1 token (arg1): 1 command: 0 query URI: content://com.android.contacts/phone_lookup_enterprise/xxxxxxx
09-27 15:13:02.881  1774  1774 D CallerInfoAsyncQuery: ##### onQueryComplete() #####   query complete for token: 0
09-27 15:13:02.885  2249  2249 W PhoneNumberUtils: getCountryIso Country {ISO=CN, source=0, time=182434}
09-27 15:13:02.885  2249  2249 W PhoneNumberUtils: isLocalEmergencyNumberInternalCN
09-27 15:13:02.885  2249  2249 D PhoneNumberUtils: slotId:1 subId:2 country:CN useExactMatch:true emergencyNumbers: 112,000,08,118,122,911,999,119,120,110,*911,#911
09-27 15:13:02.886  2249  2249 W PhoneNumberUtils: getCountryIso Country {ISO=CN, source=0, time=182434}
09-27 15:13:02.886  2249  2249 W PhoneNumberUtils: isLocalEmergencyNumberInternalCN
09-27 15:13:02.887  2249  2249 D PhoneNumberUtils: slotId:1 subId:2 country:CN useExactMatch:true emergencyNumbers: 112,000,08,118,122,911,999,119,120,110,*911,#911
09-27 15:13:02.893  2249  2249 D PhoneNumberUtils: slotId:1 subId:2 country:null useExactMatch:true emergencyNumbers: 112,000,08,118,122,911,999,119,120,110,*911,#911
09-27 15:13:02.900  2249  2249 D GsmCdmaPhone: [GsmCdmaPhone] imsUseEnabled=false, useImsForEmergency=false, useImsForUt=false, isUt=false, imsPhone=Handler (com.android.internal.telephony.imsphone.ImsPhone) {4e86468}, imsPhone.isVolteEnabled()=false, imsPhone.isVowifiEnabled()=false, imsPhone.isVideoEnabled()=false, imsPhone.getServiceState().getState()=1, useImsPrefer=false
09-27 15:13:02.906  1774  1774 D CallerInfoAsyncQuery: notifying listener: class com.android.server.telecom.CallerInfoLookupHelper$-com_android_internal_telephony_CallerInfoAsyncQuery$OnQueryCompleteListener_makeCallerInfoQueryListener_android_net_Uri_handle_LambdaImpl0 for token: 0com.android.internal.telephony.CallerInfo@811e90a { name null, phoneNumber non-null }
09-27 15:13:02.906  2249  2249 D GsmCdmaPhone: [GsmCdmaPhone] Trying (non-IMS) CS call
09-27 15:13:02.906  1774  2322 D CallerInfoAsyncQuery: Processing event: 3 token (arg1): 1 command: 0 query URI: 
09-27 15:13:02.914  2249  2249 D GsmMmiCode: isTwoDigitShortCode
09-27 15:13:02.915  2249  2249 W PhoneNumberUtils: getCountryIso Country {ISO=CN, source=0, time=182434}
09-27 15:13:02.915  2249  2249 W PhoneNumberUtils: isLocalEmergencyNumberInternalCN
09-27 15:13:02.916  1774  1774 D CallerInfoAsyncQuery: ##### onQueryComplete() #####   query complete for token: 0
09-27 15:13:02.916  2249  2249 D PhoneNumberUtils: slotId:1 subId:2 country:CN useExactMatch:true emergencyNumbers: 112,000,08,118,122,911,999,119,120,110,*911,#911
09-27 15:13:02.916  2249  2249 D GsmCdmaPhone: [GsmCdmaPhone] dialing w/ mmi 'null'...
09-27 15:13:02.916  2249  2249 D GsmCdmaCallTracker: [GsmCdmaCallTracker] update phone state, old=IDLE new=IDLE
09-27 15:13:02.918  2249  2249 D GsmCdmaCallTracker: [GsmCdmaCallTracker] convertNumberIfNecessary Roaming convertMaps.length 0 dialNumber.length() 11
09-27 15:13:02.919  2249  2249 W PhoneNumberUtils: getCountryIso Country {ISO=CN, source=0, time=182434}
09-27 15:13:02.919  2249  2249 W PhoneNumberUtils: isLocalEmergencyNumberInternalCN
09-27 15:13:02.920  2249  2249 D PhoneNumberUtils: slotId:1 subId:2 country:CN useExactMatch:true emergencyNumbers: 112,000,08,118,122,911,999,119,120,110,*911,#911
09-27 15:13:02.923  2249  2249 D GsmCdmaConnection: [GsmCdmaConn] acquireWakeLock
09-27 15:13:02.929  2249  2249 D RILJ    : [4333]> SET_MUTE false [SUB1]
09-27 15:13:02.932  2249  2249 D RILJ    : [4334]> DIAL [SUB1]
09-27 15:13:02.933  2249  2249 D GsmCdmaCallTracker: [GsmCdmaCallTracker] update phone state, old=IDLE new=OFFHOOK
09-27 15:13:02.938   939   989 D RILC    : dispatchDial
09-27 15:13:02.938   939   989 I RILQ    : (1/939):RIL[1][main] qcril_qmi_voice_request_dial: .. is_wps_call: 0
09-27 15:13:02.938   939   989 E RILQ    : (1/939): RIL[1][main] get_ecc_property_name: ecc list name : ril.ecclist1.
09-27 15:13:02.938   939   989 I RILQ    : (1/939):RIL[1][main] qmi_ril_phone_number_is_emergency: property ril.ecclist1 = "112,000,08,118,122,911,999,119,120,110,*911,#911"
09-27 15:13:02.940  2249  2312 D RILJ    : [4333]< SET_MUTE  [SUB1]
09-27 15:13:02.941   939   989 I RILQ    : (1/939):RIL[1][main] qcril_qmi_nas_is_number_part_of_custom_mcc_emergency_numbers: completed with 0
09-27 15:13:02.941   939   989 I RILQ    : (1/939):RIL[1][main] qmi_ril_nwreg_is_designated_number_emergency_for_display_purposes_only: completed with 0
09-27 15:13:02.941   939   989 I RILQ    : (1/939):RIL[1][main] qcril_qmi_voice_request_dial: .. is_emergency 0
09-27 15:13:02.941   939   989 I RILQ    : (1/939):RIL[1][main] qcril_qmi_voice_request_dial: .. need_enforce_emergency_directly 0
09-27 15:13:02.941   939   989 I RILQ    : (1/939):RIL[1][main] qcril_qmi_voice_request_dial: .. is_emer_num_to_ims_addr 0
09-27 15:13:02.944  2249  2249 D RILJ    : [4335]> SET_SUPP_SVC_NOTIFICATION [SUB1]
09-27 15:13:02.947   939   989 I RILQ    : (1/939):RIL[1][main] qcril_qmi_voice_voip_create_call_info_entry: Created call info entry 0x7f75059c00 with call android id 1, qmi id 255, media id -1
09-27 15:13:02.948   939   989 I RILQ    : (1/939):RIL[1][main] qcril_qmi_voice_map_qmi_to_ril_last_call_failure_cause: map qmi reason: 16 to ril reason: 65535
09-27 15:13:02.948   939   989 I RILQ    : (1/939):RIL[1][main] qcril_qmi_voice_map_qmi_to_ril_last_call_failure_cause: ril reason str: Error unspecified
09-27 15:13:02.949  2249  2249 D PhoneNumberUtils: slotId:1 subId:2 country:null useExactMatch:true emergencyNumbers: 112,000,08,118,122,911,999,119,120,110,*911,#911
09-27 15:13:02.953   939  1023 I RILQ    : (1/939):RIL[1][event] qcril_qmi_voice_all_call_status_ind_hdlr: call state CC IN PROGRESS for conn id 1
09-27 15:13:02.954  2249  2312 D RILJ    : [4335]< SET_SUPP_SVC_NOTIFICATION  [SUB1]
09-27 15:13:02.957  2249  2249 D PhoneNumberUtils: slotId:1 subId:2 country:null useExactMatch:true emergencyNumbers: 112,000,08,118,122,911,999,119,120,110,*911,#911
09-27 15:13:02.959  2249  2249 D PhoneNumberUtils: slotId:1 subId:2 country:null useExactMatch:true emergencyNumbers: 112,000,08,118,122,911,999,119,120,110,*911,#911
09-27 15:13:02.960  2249  2312 D RILJ    : Unsol response received for UNSOL_RESPONSE_CALL_STATE_CHANGED Sending ack to ril.cpp [SUB1]
09-27 15:13:02.960  2249  2312 D RILJ    : [UNSL]< UNSOL_RESPONSE_CALL_STATE_CHANGED [SUB1]
09-27 15:13:02.961   939  1023 I RILQ    : (1/939):RIL[1][event] qcril_qmi_voice_all_call_status_ind_hdlr: RILVIMS: update 1 calls[uncached qmi call id 1, call state 4]
09-27 15:13:02.961  2249  2312 D RILJ    : Unsol response received for UNSOL_OEM_HOOK_RAW Sending ack to ril.cpp [SUB1]
09-27 15:13:02.961  2249  2312 V RILJ    : [UNSL]< UNSOL_OEM_HOOK_RAW 514f454d484f4f4bf70308001b000000767369643d3239373831363036343b63616c6c5f73746174653d31 [SUB1]
09-27 15:13:02.963  2249  2249 W PhoneNumberUtils: getCountryIso Country {ISO=CN, source=0, time=182434}
09-27 15:13:02.963  2249  2249 W PhoneNumberUtils: isLocalEmergencyNumberInternalCN
09-27 15:13:02.963  2249  2312 D RILJ    : Unsol response received for UNSOL_OEM_HOOK_RAW Sending ack to ril.cpp [SUB1]
09-27 15:13:02.964  2249  2312 V RILJ    : [UNSL]< UNSOL_OEM_HOOK_RAW 514f454d484f4f4bf70308001b000000767369643d3239373831363036343b63616c6c5f73746174653d31 [SUB1]
09-27 15:13:02.964  2249  2249 D PhoneNumberUtils: slotId:1 subId:2 country:CN useExactMatch:true emergencyNumbers: 112,000,08,118,122,911,999,119,120,110,*911,#911
09-27 15:13:02.965  2249  2312 D RILJ    : Unsol response received for UNSOL_OEM_HOOK_RAW Sending ack to ril.cpp [SUB1]
09-27 15:13:02.965  2249  2312 V RILJ    : [UNSL]< UNSOL_OEM_HOOK_RAW 514f454d484f4f4bf70308001b000000767369643d3239373831363036343b63616c6c5f73746174653d31 [SUB1]
09-27 15:13:02.968  2249  2249 D PhoneNumberUtils: slotId:1 subId:2 country:null useExactMatch:true emergencyNumbers: 112,000,08,118,122,911,999,119,120,110,*911,#911
09-27 15:13:02.971  2249  2249 D QtiGsmDCT: [1]QtiDcTracker handleMessage msg={ when=-38ms what=270343 obj=android.os.AsyncResult@6577ae7 target=com.qualcomm.qti.internal.telephony.dataconnection.QtiDcTracker }
09-27 15:13:02.971  2249  2249 D QtiGsmDCT: [1]onVoiceCallStarted
09-27 15:13:02.971  2249  2249 D QtiGsmCdmaPhone: handleMessage: Event: 34
09-27 15:13:02.972  2249  2249 D QtiGsmCdmaPhone: handleMessage: Event: 34
09-27 15:13:02.973  2249  2249 D QtiGsmCdmaPhone: handleMessage: Event: 34
09-27 15:13:02.983   939  1023 I RILQ    : (1/939):RIL[1][event] qcril_qmi_voice_map_ril_reason_to_str: ril reason str: Error unspecified
09-27 15:13:02.983   939  1023 I RILQ    : (1/939):RIL[1][event] qcril_qmi_voice_all_call_status_ind_hdlr: call state ORIGINATING for conn id 1
09-27 15:13:02.985  2249  2312 D RILJ    : [4334]< DIAL  [SUB1]
09-27 15:13:02.988  2249  2249 D RILJ    : [4340]> GET_CURRENT_CALLS [SUB1]
09-27 15:13:02.992   939   989 I RILQ    : (1/939):RIL[1][main] qcril_qmi_get_call_list_to_send: RILVI: calls rep:[qmi call id 1, android call id 1, qmi call state 1] reported/skipped 1/0 calls
09-27 15:13:02.992  2249  2312 D RILJ    : Unsol response received for UNSOL_RESPONSE_CALL_STATE_CHANGED Sending ack to ril.cpp [SUB1]
09-27 15:13:02.992  2249  2312 D RILJ    : [UNSL]< UNSOL_RESPONSE_CALL_STATE_CHANGED [SUB1]
09-27 15:13:02.993  2249  2249 D RILJ    : [4342]> GET_CURRENT_CALLS [SUB1]
09-27 15:13:02.993  2249  2312 V RILJ    : Incoming UUS : NOT present! [SUB1]
09-27 15:13:02.993  2249  2312 D RILJ    : InCall VoicePrivacy is disabled [SUB1]
09-27 15:13:02.993  2249  2312 D RILJ    : [4340]< GET_CURRENT_CALLS {[id=1,DIALING,toa=129,norm,mo,0,voc,noevp,,cli=1,,3] } [SUB1]
09-27 15:13:02.995  2249  2249 D GsmCdmaCallTracker: Event EVENT_POLL_CALLS_RESULT Received
09-27 15:13:02.995   939   989 I RILQ    : (1/939):RIL[1][main] qcril_qmi_get_call_list_to_send: RILVI: calls rep:[qmi call id 1, android call id 1, qmi call state 1] reported/skipped 1/0 calls
09-27 15:13:02.996  2249  2312 V RILJ    : Incoming UUS : NOT present! [SUB1]
09-27 15:13:02.996  2249  2312 D RILJ    : InCall VoicePrivacy is disabled [SUB1]
09-27 15:13:02.996  2249  2312 D RILJ    : [4342]< GET_CURRENT_CALLS {[id=1,DIALING,toa=129,norm,mo,0,voc,noevp,,cli=1,,3] } [SUB1]
09-27 15:13:02.997  2249  2249 D GsmCdmaCallTracker: Event EVENT_POLL_CALLS_RESULT Received
09-27 15:13:02.997  2249  2249 D GsmCdmaConnection: [GsmCdmaConn] parent= DIALING, newParent= DIALING
09-27 15:13:02.997  2249  2249 D GsmCdmaConnection: [GsmCdmaConn]  mNumberConverted false
09-27 15:13:02.997  2249  2249 D GsmCdmaConnection: [GsmCdmaConn] --dssds----null
09-27 15:13:02.997  2249  2249 D GsmCdmaConnection: [GsmCdmaConn] update: parent=DIALING, hasNewParent=false, wasConnectingInOrOut=true, wasHolding=false, isConnectingInOrOut=true, changed=false
