09-27 14:53:28.336   821   821 D RILD    : **RIL Daemon Started**
09-27 14:53:28.337   821   821 D RILD    : **RILd param count=1**
09-27 14:53:28.904   939   939 D RILD    : **RIL Daemon Started**
09-27 14:53:28.904   939   939 D RILD    : **RILd param count=3**
09-27 14:53:29.027   821   821 I chatty  : uid=1001(radio) /system/bin/rild expire 16 lines
09-27 14:53:29.297   939   939 I chatty  : uid=1001(radio) /system/bin/rild expire 17 lines
09-27 14:53:29.838   939   989 I chatty  : uid=1001(radio) /system/bin/rild expire 19 lines
09-27 14:53:29.845   939  1071 I chatty  : uid=1001(radio) /system/bin/rild expire 4 lines
09-27 14:53:30.259   821  1152 I chatty  : uid=1001(radio) /system/bin/rild expire 4 lines
09-27 14:53:30.261   821   965 I chatty  : uid=1001(radio) /system/bin/rild expire 18 lines
09-27 14:53:30.347   821  1185 I chatty  : uid=1001(radio) /system/bin/rild expire 130 lines
09-27 14:53:30.485   821  1012 I chatty  : uid=1001(radio) /system/bin/rild expire 14 lines
09-27 14:53:30.748   939  1023 I chatty  : uid=1001(radio) /system/bin/rild expire 15 lines
09-27 14:53:30.925   821  1186 I chatty  : uid=1001(radio) /system/bin/rild expire 2 lines
09-27 14:53:34.116   770   770 D TelephonyManager: No /proc/cmdline exception=java.io.FileNotFoundException: /proc/cmdline (Permission denied)
09-27 14:53:34.117   770   770 D TelephonyManager: /proc/cmdline=
09-27 14:53:34.328   771   771 D TelephonyManager: No /proc/cmdline exception=java.io.FileNotFoundException: /proc/cmdline (Permission denied)
09-27 14:53:34.328   771   771 D TelephonyManager: /proc/cmdline=
09-27 14:53:56.727  1774  1786 D TelephonyRegistry: listen oscl: hasNotifySubscriptionInfoChangedOccurred==false no callback
09-27 14:53:57.668  1774  1774 D TelephonyRegistry: listen oscl: hasNotifySubscriptionInfoChangedOccurred==false no callback
09-27 14:53:57.707  1774  1787 D TelephonyRegistry: listen oscl: hasNotifySubscriptionInfoChangedOccurred==false no callback
09-27 14:53:57.810  1774  1774 D TelephonyRegistry: systemRunning register for intents
09-27 14:53:58.243  1774  2279 D TelephonyRegistry: listen oscl: hasNotifySubscriptionInfoChangedOccurred==false no callback
09-27 14:53:58.340  2249  2249 I chatty  : uid=1001(radio) com.android.phone expire 11 lines
09-27 14:53:58.419   821   965 I chatty  : uid=1001(radio) /system/bin/rild expire 2 lines
09-27 14:53:58.420  2249  2308 I chatty  : uid=1001(radio) RILReceiver0 expire 27 lines
09-27 14:53:58.427  2249  2249 I chatty  : uid=1001(radio) com.android.phone expire 160 lines
09-27 14:53:58.433   939   989 I chatty  : uid=1001(radio) /system/bin/rild expire 2 lines
09-27 14:53:58.434  2249  2312 I chatty  : uid=1001(radio) RILReceiver1 expire 29 lines
09-27 14:53:58.473   821  1012 I chatty  : uid=1001(radio) /system/bin/rild expire 5 lines
09-27 14:53:58.477   939  1023 I chatty  : uid=1001(radio) /system/bin/rild expire 5 lines
09-27 14:53:58.645  2249  2325 I chatty  : uid=1001(radio) GsmInboundSmsHa expire 5 lines
09-27 14:53:58.645  2249  2328 I chatty  : uid=1001(radio) CdmaInboundSmsH expire 5 lines
09-27 14:53:58.667  2249  2261 I chatty  : uid=1001(radio) Binder:2249_1 expire 3 lines
09-27 14:53:58.670  2249  2262 I chatty  : uid=1001(radio) Binder:2249_2 expire 2 lines
09-27 14:53:58.713  1774  1785 D TelephonyRegistry: listen oscl: hasNotifySubscriptionInfoChangedOccurred==false no callback
09-27 14:53:58.781  1774  2279 D TelephonyRegistry: listen oscl: hasNotifySubscriptionInfoChangedOccurred==false no callback
09-27 14:53:58.797  2249  2331 I chatty  : uid=1001(radio) Binder:2249_3 expire 2 lines
09-27 14:53:58.797  1774  1981 D TelephonyRegistry: listen oscl: hasNotifySubscriptionInfoChangedOccurred==false no callback
09-27 14:53:58.807  2249  2335 I chatty  : uid=1001(radio) DcHandlerThread expire 3 lines
09-27 14:53:59.055  2249  2406 I chatty  : uid=1001(radio) GsmInboundSmsHa expire 5 lines
09-27 14:53:59.056  2249  2418 I chatty  : uid=1001(radio) CdmaInboundSmsH expire 5 lines
09-27 14:53:59.079  1774  2069 D TelephonyRegistry: listen oscl: hasNotifySubscriptionInfoChangedOccurred==false no callback
09-27 14:53:59.105  2249  2249 I chatty  : uid=1001(radio) com.android.phone expire 175 lines
09-27 14:53:59.127  1774  1886 D TelephonyRegistry: listen oscl: hasNotifySubscriptionInfoChangedOccurred==false no callback
09-27 14:53:59.133  2249  2434 I chatty  : uid=1001(radio) DcHandlerThread expire 3 lines
09-27 14:53:59.251  2249  2261 I chatty  : uid=1001(radio) Binder:2249_1 expire 4 lines
09-27 14:53:59.353  1774  1886 D TelephonyRegistry: listen oscl: hasNotifySubscriptionInfoChangedOccurred==false no callback
09-27 14:53:59.361  1774  1786 D TelephonyRegistry: listen oscl: hasNotifySubscriptionInfoChangedOccurred==false no callback
09-27 14:53:59.374  1774  1774 D TelephonyRegistry: notifyCellLocationForSubscriber: subId=0 cellLocation=Bundle[{cid=-1, lac=-1, psc=-1}]
09-27 14:53:59.376  2249  2262 I chatty  : uid=1001(radio) Binder:2249_2 expire 3 lines
09-27 14:53:59.382  1774  1774 D TelephonyRegistry: notifyCellLocationForSubscriber: subId=1 cellLocation=Bundle[{cid=-1, lac=-1, psc=-1}]
09-27 14:53:59.383  2249  2331 I chatty  : uid=1001(radio) Binder:2249_3 expire 3 lines
09-27 14:53:59.408  1774  1981 D TelephonyRegistry: listen oscl: hasNotifySubscriptionInfoChangedOccurred==false no callback
09-27 14:53:59.436  1774  2279 D TelephonyRegistry: listen oscl: hasNotifySubscriptionInfoChangedOccurred==false no callback
09-27 14:53:59.491  2249  2308 I chatty  : uid=1001(radio) RILReceiver0 expire 17 lines
09-27 14:53:59.493  1774  1786 D TelephonyRegistry: listen oscl: hasNotifySubscriptionInfoChangedOccurred==false no callback
09-27 14:53:59.496  2249  2312 I chatty  : uid=1001(radio) RILReceiver1 expire 8 lines
09-27 14:53:59.536   821  2484 I chatty  : uid=1001(radio) /system/bin/rild expire 1 line
09-27 14:53:59.539   821  2485 I chatty  : uid=1001(radio) /system/bin/rild expire 1 line
09-27 14:53:59.541   821  1012 I chatty  : uid=1001(radio) /system/bin/rild expire 12 lines
09-27 14:53:59.544   939  1023 I chatty  : uid=1001(radio) /system/bin/rild expire 23 lines
09-27 14:53:59.548   821  2488 I chatty  : uid=1001(radio) /system/bin/rild expire 1 line
09-27 14:53:59.553   821  2489 I chatty  : uid=1001(radio) /system/bin/rild expire 1 line
09-27 14:53:59.569  2249  2332 I chatty  : uid=1001(radio) Binder:2249_4 expire 6 lines
09-27 14:53:59.723  2249  2249 I chatty  : uid=1001(radio) com.android.phone expire 199 lines
09-27 14:53:59.772  2249  2262 I chatty  : uid=1001(radio) Binder:2249_2 expire 8 lines
09-27 14:53:59.775  2249  2261 I chatty  : uid=1001(radio) Binder:2249_1 expire 6 lines
09-27 14:53:59.778  2249  2331 I chatty  : uid=1001(radio) Binder:2249_3 expire 6 lines
09-27 14:53:59.934  2249  2312 I chatty  : uid=1001(radio) RILReceiver1 expire 22 lines
09-27 14:53:59.954  2249  2308 I chatty  : uid=1001(radio) RILReceiver0 expire 6 lines
09-27 14:53:59.960   939  2519 I chatty  : uid=1001(radio) /system/bin/rild expire 1 line
09-27 14:53:59.962   939  2518 I chatty  : uid=1001(radio) /system/bin/rild expire 1 line
09-27 14:53:59.973   939  2523 I chatty  : uid=1001(radio) /system/bin/rild expire 1 line
09-27 14:53:59.978   939  2524 I chatty  : uid=1001(radio) /system/bin/rild expire 1 line
09-27 14:54:00.130   939  1023 I chatty  : uid=1001(radio) /system/bin/rild expire 30 lines
09-27 14:54:00.148  2249  2249 I chatty  : uid=1001(radio) com.android.phone expire 172 lines
09-27 14:54:00.154  2249  2312 I chatty  : uid=1001(radio) RILReceiver1 expire 22 lines
09-27 14:54:00.156  2249  2262 I chatty  : uid=1001(radio) Binder:2249_2 expire 4 lines
09-27 14:54:00.162  2249  2331 I chatty  : uid=1001(radio) Binder:2249_3 expire 8 lines
09-27 14:54:00.201  2249  2261 I chatty  : uid=1001(radio) Binder:2249_1 expire 7 lines
09-27 14:54:00.207  2249  2332 I chatty  : uid=1001(radio) Binder:2249_4 expire 3 lines
09-27 14:54:00.377  2249  2308 I chatty  : uid=1001(radio) RILReceiver0 expire 1 line
09-27 14:54:00.497   939  1235 I chatty  : uid=1001(radio) /system/bin/rild expire 1 line
09-27 14:54:00.601   939  2561 I chatty  : uid=1001(radio) /system/bin/rild expire 1 line
09-27 14:54:00.606   939  2562 I chatty  : uid=1001(radio) /system/bin/rild expire 1 line
09-27 14:54:00.634  1774  1785 D TelephonyRegistry: notifySubscriptionInfoChanged: first invocation mRecords.size=22
09-27 14:54:00.646  2249  2565 I chatty  : uid=1001(radio) Binder:2249_6 expire 2 lines
09-27 14:54:00.653  2249  2564 I chatty  : uid=1001(radio) Binder:2249_5 expire 1 line
09-27 14:54:00.722   821  1012 I chatty  : uid=1001(radio) /system/bin/rild expire 3 lines
09-27 14:54:00.753   939  1023 I chatty  : uid=1001(radio) /system/bin/rild expire 10 lines
09-27 14:54:00.755  2249  2249 I chatty  : uid=1001(radio) com.android.phone expire 188 lines
09-27 14:54:00.755  2249  2312 I chatty  : uid=1001(radio) RILReceiver1 expire 25 lines
09-27 14:54:00.918   821  1226 I chatty  : uid=1001(radio) /system/bin/rild expire 6 lines
09-27 14:54:00.932   821  2601 I chatty  : uid=1001(radio) /system/bin/rild expire 1 line
09-27 14:54:00.936  2249  2308 I chatty  : uid=1001(radio) RILReceiver0 expire 8 lines
09-27 14:54:00.940   821  2602 I chatty  : uid=1001(radio) /system/bin/rild expire 1 line
09-27 14:54:00.949   821   965 I chatty  : uid=1001(radio) /system/bin/rild expire 1 line
09-27 14:54:00.954   821  2604 I chatty  : uid=1001(radio) /system/bin/rild expire 2 lines
09-27 14:54:00.999   939  1269 I chatty  : uid=1001(radio) /system/bin/rild expire 4 lines
09-27 14:54:01.611  2249  2324 I chatty  : uid=1001(radio) GsmCellBroadcas expire 1 line
09-27 14:54:01.631  2249  2327 I chatty  : uid=1001(radio) CellBroadcastHa expire 1 line
09-27 14:54:01.642  2249  2329 I chatty  : uid=1001(radio) CdmaServiceCate expire 1 line
09-27 14:54:02.019  2249  2403 I chatty  : uid=1001(radio) GsmCellBroadcas expire 1 line
09-27 14:54:02.043  2249  2413 I chatty  : uid=1001(radio) CellBroadcastHa expire 1 line
09-27 14:54:02.056  2249  2421 I chatty  : uid=1001(radio) CdmaServiceCate expire 1 line
09-27 14:54:02.609   939   989 I chatty  : uid=1001(radio) /system/bin/rild expire 1 line
09-27 14:54:02.824  2249  2332 I chatty  : uid=1001(radio) Binder:2249_4 expire 1 line
09-27 14:54:03.061  2249  2261 I chatty  : uid=1001(radio) Binder:2249_1 expire 10 lines
09-27 14:54:03.359  2249  2249 I chatty  : uid=1001(radio) com.android.phone expire 169 lines
09-27 14:54:03.383   821  1226 I chatty  : uid=1001(radio) /system/bin/rild expire 2 lines
09-27 14:54:03.434  2249  2262 I chatty  : uid=1001(radio) Binder:2249_2 expire 4 lines
09-27 14:54:03.442  2249  2564 I chatty  : uid=1001(radio) Binder:2249_5 expire 2 lines
09-27 14:54:03.447  2249  2332 I chatty  : uid=1001(radio) Binder:2249_4 expire 6 lines
09-27 14:54:03.463  2249  2331 I chatty  : uid=1001(radio) Binder:2249_3 expire 4 lines
09-27 14:54:03.465  2249  2565 I chatty  : uid=1001(radio) Binder:2249_6 expire 4 lines
09-27 14:54:03.991   939  1269 I chatty  : uid=1001(radio) /system/bin/rild expire 2 lines
09-27 14:54:04.660   939  1023 I chatty  : uid=1001(radio) /system/bin/rild expire 10 lines
09-27 14:54:04.662  2249  2312 I chatty  : uid=1001(radio) RILReceiver1 expire 61 lines
09-27 14:54:07.182  2249  2249 I chatty  : uid=1001(radio) com.android.phone expire 168 lines
09-27 14:54:07.351  2249  2261 I chatty  : uid=1001(radio) Binder:2249_1 expire 6 lines
09-27 14:54:07.354  2249  2262 I chatty  : uid=1001(radio) Binder:2249_2 expire 6 lines
09-27 14:54:07.356  2249  2564 I chatty  : uid=1001(radio) Binder:2249_5 expire 4 lines
09-27 14:54:07.356  2249  2565 I chatty  : uid=1001(radio) Binder:2249_6 expire 6 lines
09-27 14:54:07.359  2249  2332 I chatty  : uid=1001(radio) Binder:2249_4 expire 4 lines
09-27 14:54:07.381  2249  2331 I chatty  : uid=1001(radio) Binder:2249_3 expire 6 lines
09-27 14:54:07.572  2249  3108 I chatty  : uid=1001(radio) com.android.phone expire 2 lines
09-27 14:54:07.970  2249  2308 I chatty  : uid=1001(radio) RILReceiver0 expire 1 line
09-27 14:54:08.171   821  1012 I chatty  : uid=1001(radio) /system/bin/rild expire 4 lines
09-27 14:54:08.185  2249  3171 I chatty  : uid=1001(radio) com.android.phone expire 3 lines
09-27 14:54:08.197  2249  3172 I chatty  : uid=1001(radio) com.android.phone expire 3 lines
09-27 14:54:08.217  2249  2649 I chatty  : uid=1001(radio) org.codeaurora. expire 6 lines
09-27 14:54:08.242  2249  2249 I chatty  : uid=1001(radio) com.android.phone expire 177 lines
09-27 14:54:08.495  2249  2332 I chatty  : uid=1001(radio) Binder:2249_4 expire 6 lines
09-27 14:54:08.571  2249  3181 I chatty  : uid=1001(radio) Binder:2249_7 expire 11 lines
09-27 14:54:08.795  2249  2331 I chatty  : uid=1001(radio) Binder:2249_3 expire 6 lines
09-27 14:54:08.803  2249  2565 I chatty  : uid=1001(radio) Binder:2249_6 expire 2 lines
09-27 14:54:08.835  2249  2308 I chatty  : uid=1001(radio) RILReceiver0 expire 1 line
09-27 14:54:08.905  2249  2261 I chatty  : uid=1001(radio) Binder:2249_1 expire 7 lines
09-27 14:54:08.957  2249  2564 I chatty  : uid=1001(radio) Binder:2249_5 expire 5 lines
09-27 14:54:09.439  2249  3218 I chatty  : uid=1001(radio) Binder:2249_8 expire 3 lines
09-27 14:54:09.742  1774  2736 D TelephonyRegistry: notifyCellLocationForSubscriber: subId=1 cellLocation=Bundle[mParcelledData.dataSize=64]
09-27 14:54:09.804  2249  2262 I chatty  : uid=1001(radio) Binder:2249_2 expire 2 lines
09-27 14:54:09.805  1774  2983 D TelephonyManager: getCellLocation returning null because CellLocation is empty
09-27 14:54:09.814  2249  2312 I chatty  : uid=1001(radio) RILReceiver1 expire 3 lines
09-27 14:54:09.922   821  1174 I chatty  : uid=1001(radio) /system/bin/rild expire 1 line
09-27 14:54:09.979  1774  2069 D TelephonyRegistry: Notify data connection state changed on sub: 1
09-27 14:54:09.979  1774  2069 D TelephonyRegistry: Notify data connection state changed on sub: 1
09-27 14:54:10.144  2249  2249 I chatty  : uid=1001(radio) com.android.phone expire 175 lines
09-27 14:54:10.160  2249  2261 I chatty  : uid=1001(radio) Binder:2249_1 expire 8 lines
09-27 14:54:10.169  2249  3218 I chatty  : uid=1001(radio) Binder:2249_8 expire 7 lines
09-27 14:54:10.238   821  1226 I chatty  : uid=1001(radio) /system/bin/rild expire 2 lines
09-27 14:54:10.245   939  1269 I chatty  : uid=1001(radio) /system/bin/rild expire 2 lines
09-27 14:54:10.274   939   989 I chatty  : uid=1001(radio) /system/bin/rild expire 2 lines
09-27 14:54:10.275  2249  2312 I chatty  : uid=1001(radio) RILReceiver1 expire 4 lines
09-27 14:54:10.461  2249  2331 I chatty  : uid=1001(radio) Binder:2249_3 expire 6 lines
09-27 14:54:10.481  2249  2564 I chatty  : uid=1001(radio) Binder:2249_5 expire 7 lines
09-27 14:54:10.517  2249  2262 I chatty  : uid=1001(radio) Binder:2249_2 expire 4 lines
09-27 14:54:10.523  2249  2565 I chatty  : uid=1001(radio) Binder:2249_6 expire 5 lines
09-27 14:54:10.870  2249  2332 I chatty  : uid=1001(radio) Binder:2249_4 expire 4 lines
09-27 14:54:11.648  2249  2249 I chatty  : uid=1001(radio) com.android.phone expire 172 lines
09-27 14:54:11.706   939  1023 I chatty  : uid=1001(radio) /system/bin/rild expire 8 lines
09-27 14:54:11.757  2249  3309 I chatty  : uid=1001(radio) com.android.phone expire 3 lines
09-27 14:54:11.758  2249  3310 I chatty  : uid=1001(radio) com.android.phone expire 3 lines
09-27 14:54:11.808  2249  3181 I chatty  : uid=1001(radio) Binder:2249_7 expire 1 line
09-27 14:54:11.899  2249  2556 I chatty  : uid=1001(radio) com.android.phone expire 1 line
09-27 14:54:11.933  2249  2261 I chatty  : uid=1001(radio) Binder:2249_1 expire 4 lines
09-27 14:54:11.973  2249  2565 I chatty  : uid=1001(radio) Binder:2249_6 expire 4 lines
09-27 14:54:11.973  2249  2564 I chatty  : uid=1001(radio) Binder:2249_5 expire 4 lines
09-27 14:54:12.097  2249  2262 I chatty  : uid=1001(radio) Binder:2249_2 expire 2 lines
09-27 14:54:12.130  2249  2312 I chatty  : uid=1001(radio) RILReceiver1 expire 2 lines
09-27 14:54:12.261  2249  3342 I chatty  : uid=1001(radio) com.android.phone expire 3 lines
09-27 14:54:12.270  2249  3343 I chatty  : uid=1001(radio) com.android.phone expire 3 lines
09-27 14:54:12.317  2249  2649 I chatty  : uid=1001(radio) org.codeaurora. expire 3 lines
09-27 14:54:12.352   821  1226 I chatty  : uid=1001(radio) /system/bin/rild expire 2 lines
09-27 14:54:12.400   939  1269 I chatty  : uid=1001(radio) /system/bin/rild expire 2 lines
09-27 14:54:12.551  2249  2249 I chatty  : uid=1001(radio) com.android.phone expire 151 lines
09-27 14:54:12.599  2249  2331 I chatty  : uid=1001(radio) Binder:2249_3 expire 5 lines
09-27 14:54:12.614  2249  2261 I chatty  : uid=1001(radio) Binder:2249_1 expire 5 lines
09-27 14:54:12.621  2249  3218 I chatty  : uid=1001(radio) Binder:2249_8 expire 2 lines
09-27 14:54:12.659  2249  2649 I chatty  : uid=1001(radio) org.codeaurora. expire 3 lines
09-27 14:54:12.687  2249  3181 I chatty  : uid=1001(radio) Binder:2249_7 expire 2 lines
09-27 14:54:12.713  2249  2565 I chatty  : uid=1001(radio) Binder:2249_6 expire 1 line
09-27 14:54:12.734  2249  2332 I chatty  : uid=1001(radio) Binder:2249_4 expire 2 lines
09-27 14:54:12.792   939  1023 I chatty  : uid=1001(radio) /system/bin/rild expire 3 lines
09-27 14:54:12.796  2249  2312 I chatty  : uid=1001(radio) RILReceiver1 expire 7 lines
09-27 14:54:13.202  2249  2564 I chatty  : uid=1001(radio) Binder:2249_5 expire 2 lines
09-27 14:54:13.538  2249  2308 I chatty  : uid=1001(radio) RILReceiver0 expire 1 line
09-27 14:54:13.654  2249  2434 I chatty  : uid=1001(radio) DcHandlerThread expire 105 lines
09-27 14:54:13.830  2249  2249 I chatty  : uid=1001(radio) com.android.phone expire 93 lines
09-27 14:54:13.968  2249  2261 I chatty  : uid=1001(radio) Binder:2249_1 expire 2 lines
09-27 14:54:14.007  2249  2332 I chatty  : uid=1001(radio) Binder:2249_4 expire 1 line
09-27 14:54:14.044  2249  2308 I chatty  : uid=1001(radio) RILReceiver0 expire 4 lines
09-27 14:54:14.044  2249  2312 I chatty  : uid=1001(radio) RILReceiver1 expire 13 lines
09-27 14:54:14.478  2249  2564 I chatty  : uid=1001(radio) Binder:2249_5 expire 3 lines
09-27 14:54:14.660   939  1023 I chatty  : uid=1001(radio) /system/bin/rild expire 2 lines
09-27 14:54:14.722   821  3503 I chatty  : uid=1001(radio) /system/bin/rild expire 2 lines
09-27 14:54:14.765  2249  2649 I chatty  : uid=1001(radio) org.codeaurora. expire 6 lines
09-27 14:54:14.897  2249  2565 I chatty  : uid=1001(radio) Binder:2249_6 expire 1 line
09-27 14:54:14.983  1774  1886 D TelephonyRegistry: Notify data connection state changed on sub: 1
09-27 14:54:14.984  1774  1886 D TelephonyRegistry: Notify data connection state changed on sub: 1
09-27 14:54:14.984  1774  1886 D TelephonyRegistry: Notify data connection state changed on sub: 1
09-27 14:54:14.996  2249  3181 I chatty  : uid=1001(radio) Binder:2249_7 expire 8 lines
09-27 14:54:15.158  2249  2434 I chatty  : uid=1001(radio) DcHandlerThread expire 17 lines
09-27 14:54:15.190  2249  2249 I chatty  : uid=1001(radio) com.android.phone expire 106 lines
09-27 14:54:15.237   821  1012 I chatty  : uid=1001(radio) /system/bin/rild expire 9 lines
09-27 14:54:15.237   939  1023 I chatty  : uid=1001(radio) /system/bin/rild expire 9 lines
09-27 14:54:15.243  2249  2564 I chatty  : uid=1001(radio) Binder:2249_5 expire 3 lines
09-27 14:54:15.245  2249  2312 I chatty  : uid=1001(radio) RILReceiver1 expire 15 lines
09-27 14:54:15.253  2249  2261 I chatty  : uid=1001(radio) Binder:2249_1 expire 4 lines
09-27 14:54:15.303  2249  2565 I chatty  : uid=1001(radio) Binder:2249_6 expire 2 lines
09-27 14:54:15.369  2249  2649 I chatty  : uid=1001(radio) org.codeaurora. expire 17 lines
09-27 14:54:15.779  2249  3557 I chatty  : uid=1001(radio) com.android.phone expire 10 lines
09-27 14:54:15.919  2249  3218 I chatty  : uid=1001(radio) Binder:2249_8 expire 3 lines
09-27 14:54:15.946  2249  2332 I chatty  : uid=1001(radio) Binder:2249_4 expire 5 lines
09-27 14:54:15.946  2249  2331 I chatty  : uid=1001(radio) Binder:2249_3 expire 2 lines
09-27 14:54:15.953  2249  2262 I chatty  : uid=1001(radio) Binder:2249_2 expire 7 lines
09-27 14:54:16.500  2249  2261 I chatty  : uid=1001(radio) Binder:2249_1 expire 2 lines
09-27 14:54:16.639  2249  2565 I chatty  : uid=1001(radio) Binder:2249_6 expire 6 lines
09-27 14:54:16.646  2249  2249 I chatty  : uid=1001(radio) com.android.phone expire 149 lines
09-27 14:54:16.649  2249  3181 I chatty  : uid=1001(radio) Binder:2249_7 expire 5 lines
09-27 14:54:16.707  2249  2564 I chatty  : uid=1001(radio) Binder:2249_5 expire 3 lines
09-27 14:54:16.714  2249  3218 I chatty  : uid=1001(radio) Binder:2249_8 expire 2 lines
09-27 14:54:16.826  2249  2332 I chatty  : uid=1001(radio) Binder:2249_4 expire 2 lines
09-27 14:54:17.015  2249  2331 I chatty  : uid=1001(radio) Binder:2249_3 expire 4 lines
09-27 14:54:17.550  2249  2312 I chatty  : uid=1001(radio) RILReceiver1 expire 2 lines
09-27 14:54:17.594   939  1023 I chatty  : uid=1001(radio) /system/bin/rild expire 8 lines
09-27 14:54:17.668  2249  3728 I chatty  : uid=1001(radio) com.android.phone expire 3 lines
09-27 14:54:17.673  2249  3727 I chatty  : uid=1001(radio) com.android.phone expire 3 lines
09-27 14:54:18.774  2249  2308 I chatty  : uid=1001(radio) RILReceiver0 expire 1 line
09-27 14:54:18.837  2249  3771 I chatty  : uid=1001(radio) com.android.phone expire 3 lines
09-27 14:54:18.838  2249  3772 I chatty  : uid=1001(radio) com.android.phone expire 3 lines
09-27 14:54:19.298   939  1023 I chatty  : uid=1001(radio) /system/bin/rild expire 4 lines
09-27 14:54:19.324  2249  2249 I chatty  : uid=1001(radio) com.android.phone expire 70 lines
09-27 14:54:19.339  2249  3780 I chatty  : uid=1001(radio) com.android.phone expire 3 lines
09-27 14:54:19.340  2249  3779 I chatty  : uid=1001(radio) com.android.phone expire 3 lines
09-27 14:54:19.432  2249  3557 I chatty  : uid=1001(radio) com.android.phone expire 5 lines
09-27 14:54:21.237  2249  2312 I chatty  : uid=1001(radio) RILReceiver1 expire 10 lines
09-27 14:54:22.723  2249  2565 I chatty  : uid=1001(radio) Binder:2249_6 expire 18 lines
09-27 14:54:23.033  2249  2332 I chatty  : uid=1001(radio) Binder:2249_4 expire 3 lines
09-27 14:54:23.155  2249  2331 I chatty  : uid=1001(radio) Binder:2249_3 expire 6 lines
09-27 14:54:23.335  2249  3181 I chatty  : uid=1001(radio) Binder:2249_7 expire 4 lines
09-27 14:54:23.412  2249  2262 I chatty  : uid=1001(radio) Binder:2249_2 expire 5 lines
09-27 14:54:23.878  2249  2564 I chatty  : uid=1001(radio) Binder:2249_5 expire 6 lines
09-27 14:54:24.366  2249  3218 I chatty  : uid=1001(radio) Binder:2249_8 expire 2 lines
09-27 14:54:28.873  2249  2308 I chatty  : uid=1001(radio) RILReceiver0 expire 10 lines
09-27 14:54:30.944  2249  2261 I chatty  : uid=1001(radio) Binder:2249_1 expire 11 lines
09-27 14:54:36.990   821  1226 I chatty  : uid=1001(radio) /system/bin/rild expire 12 lines
09-27 14:54:37.153   939  1269 I chatty  : uid=1001(radio) /system/bin/rild expire 14 lines
09-27 14:54:39.384   821  1012 I chatty  : uid=1001(radio) /system/bin/rild expire 1 line
09-27 14:54:41.307   821  1201 I chatty  : uid=1001(radio) /system/bin/rild expire 4 lines
09-27 14:54:41.419   821   965 I chatty  : uid=1001(radio) /system/bin/rild expire 1 line
09-27 14:54:43.042  2249  2249 I chatty  : uid=1001(radio) com.android.phone expire 29 lines
09-27 14:54:43.054  2249  2323 I chatty  : uid=1001(radio) IccPbHandlerLoa expire 2 lines
09-27 14:54:43.054  2249  2565 I chatty  : uid=1001(radio) Binder:2249_6 expire 17 lines
09-27 14:54:51.973  2249  2331 I chatty  : uid=1001(radio) Binder:2249_3 expire 9 lines
09-27 14:54:52.013  2249  2564 I chatty  : uid=1001(radio) Binder:2249_5 expire 13 lines
09-27 14:54:54.865  2249  2261 I chatty  : uid=1001(radio) Binder:2249_1 expire 10 lines
09-27 14:54:55.425  2249  2312 I chatty  : uid=1001(radio) RILReceiver1 expire 27 lines
09-27 14:54:55.470  2249  2262 I chatty  : uid=1001(radio) Binder:2249_2 expire 20 lines
09-27 14:54:55.664  2249  3181 I chatty  : uid=1001(radio) Binder:2249_7 expire 11 lines
09-27 14:54:56.173  2249  3218 I chatty  : uid=1001(radio) Binder:2249_8 expire 10 lines
09-27 14:54:57.048  2249  2332 I chatty  : uid=1001(radio) Binder:2249_4 expire 16 lines
09-27 14:54:58.465  2249  3557 I chatty  : uid=1001(radio) com.android.phone expire 9 lines
09-27 14:55:02.115  2249  2308 I chatty  : uid=1001(radio) RILReceiver0 expire 2 lines
09-27 14:55:23.903  6385  6385 D PhoneNumberUtils: slotId:1 subId:1 country:null useExactMatch:true emergencyNumbers: 112,000,08,118,122,911,999,119,120,110,*911,#911
09-27 14:55:24.218  6385  6385 D PhoneNumberUtils: slotId:1 subId:1 country:null useExactMatch:true emergencyNumbers: 112,000,08,118,122,911,999,119,120,110,*911,#911
09-27 14:55:24.252  6385  6385 D PhoneNumberUtils: slotId:1 subId:1 country:null useExactMatch:true emergencyNumbers: 112,000,08,118,122,911,999,119,120,110,*911,#911
09-27 14:55:24.334  6385  6385 D PhoneNumberUtils: slotId:1 subId:1 country:null useExactMatch:true emergencyNumbers: 112,000,08,118,122,911,999,119,120,110,*911,#911
09-27 14:55:24.548  6385  6385 D PhoneNumberUtils: slotId:1 subId:1 country:null useExactMatch:true emergencyNumbers: 112,000,08,118,122,911,999,119,120,110,*911,#911
09-27 14:55:24.576  6385  6385 D PhoneNumberUtils: slotId:1 subId:1 country:null useExactMatch:true emergencyNumbers: 112,000,08,118,122,911,999,119,120,110,*911,#911
09-27 14:55:24.596  6385  6385 D PhoneNumberUtils: slotId:1 subId:1 country:null useExactMatch:true emergencyNumbers: 112,000,08,118,122,911,999,119,120,110,*911,#911
09-27 14:55:24.615  6385  6385 D PhoneNumberUtils: slotId:1 subId:1 country:null useExactMatch:true emergencyNumbers: 112,000,08,118,122,911,999,119,120,110,*911,#911
09-27 14:55:24.878  6385  6385 D PhoneNumberUtils: slotId:1 subId:1 country:null useExactMatch:true emergencyNumbers: 112,000,08,118,122,911,999,119,120,110,*911,#911
09-27 14:55:24.917  6385  6385 D PhoneNumberUtils: slotId:1 subId:1 country:null useExactMatch:true emergencyNumbers: 112,000,08,118,122,911,999,119,120,110,*911,#911
09-27 14:55:24.936  6385  6385 D PhoneNumberUtils: slotId:1 subId:1 country:null useExactMatch:true emergencyNumbers: 112,000,08,118,122,911,999,119,120,110,*911,#911
09-27 14:55:24.953  6385  6385 D PhoneNumberUtils: slotId:1 subId:1 country:null useExactMatch:true emergencyNumbers: 112,000,08,118,122,911,999,119,120,110,*911,#911
09-27 14:55:25.943  2249  2565 I chatty  : uid=1001(radio) Binder:2249_6 expire 1 line
09-27 14:55:26.176  2249  2249 I chatty  : uid=1001(radio) com.android.phone expire 6 lines
09-27 14:55:26.213  6385  6385 D PhoneNumberUtils: slotId:1 subId:1 country:null useExactMatch:true emergencyNumbers: 112,000,08,118,122,911,999,119,120,110,*911,#911
09-27 14:55:26.238  6385  6385 D PhoneNumberUtils: slotId:1 subId:1 country:null useExactMatch:true emergencyNumbers: 112,000,08,118,122,911,999,119,120,110,*911,#911
09-27 14:55:26.254  6385  6385 D PhoneNumberUtils: slotId:1 subId:1 country:null useExactMatch:true emergencyNumbers: 112,000,08,118,122,911,999,119,120,110,*911,#911
09-27 14:55:26.271  6385  6385 D PhoneNumberUtils: slotId:1 subId:1 country:null useExactMatch:true emergencyNumbers: 112,000,08,118,122,911,999,119,120,110,*911,#911
09-27 14:55:27.086  2249  2564 I chatty  : uid=1001(radio) Binder:2249_5 expire 1 line
09-27 14:55:27.194  2249  3181 I chatty  : uid=1001(radio) Binder:2249_7 expire 7 lines
09-27 14:55:27.220  2249  2312 I chatty  : uid=1001(radio) RILReceiver1 expire 17 lines
09-27 14:55:31.624  2249  2261 I chatty  : uid=1001(radio) Binder:2249_1 expire 6 lines
09-27 14:55:31.711  2249  3218 I chatty  : uid=1001(radio) Binder:2249_8 expire 10 lines
09-27 14:55:31.774  2249  2564 I chatty  : uid=1001(radio) Binder:2249_5 expire 8 lines
09-27 14:55:31.798  1774  1774 W PhoneNumberUtils: getCountryIso null
09-27 14:55:31.803  1774  1774 W PhoneNumberUtils: isLocalEmergencyNumberInternalCN
09-27 14:55:31.804  1774  1774 D PhoneNumberUtils: slotId:1 subId:1 country:CN useExactMatch:true emergencyNumbers: 112,000,08,118,122,911,999,119,120,110,*911,#911
09-27 14:55:31.829  1774  2322 D CallerInfoAsyncQuery: Processing event: 1 token (arg1): 1 command: 0 query URI: content://com.android.contacts/phone_lookup_enterprise/xxxxxxx
09-27 14:55:31.855  1774  1774 D PhoneNumberUtils: slotId:1 subId:1 country:null useExactMatch:true emergencyNumbers: 112,000,08,118,122,911,999,119,120,110,*911,#911
09-27 14:55:31.886  1774  1774 D CallerInfoAsyncQuery: ##### onQueryComplete() #####   query complete for token: 0
09-27 14:55:31.919  2249  2332 I chatty  : uid=1001(radio) Binder:2249_4 expire 6 lines
09-27 14:55:35.856  1774  2322 D CallerInfoAsyncQuery: Processing event: 3 token (arg1): 1 command: 0 query URI: 
09-27 14:55:35.856  1774  1774 D CallerInfoAsyncQuery: notifying listener: class com.android.server.telecom.CallerInfoLookupHelper$-com_android_internal_telephony_CallerInfoAsyncQuery$OnQueryCompleteListener_makeCallerInfoQueryListener_android_net_Uri_handle_LambdaImpl0 for token: 0com.android.internal.telephony.CallerInfo@4042bfe { name null, phoneNumber non-null }
09-27 14:55:35.876  2249  2331 I chatty  : uid=1001(radio) Binder:2249_3 expire 3 lines
09-27 14:55:35.882  2249  2565 I chatty  : uid=1001(radio) Binder:2249_6 expire 1 line
09-27 14:55:35.883  1774  1774 D PhoneNumberUtils: slotId:1 subId:1 country:null useExactMatch:true emergencyNumbers: 112,000,08,118,122,911,999,119,120,110,*911,#911
09-27 14:55:35.949  2249  2249 I chatty  : uid=1001(radio) com.android.phone expire 80 lines
09-27 14:55:36.089  1774  1774 D CallerInfoAsyncQuery: ##### onQueryComplete() #####   query complete for token: 0
09-27 14:55:36.266  1774  1774 W PhoneNumberUtils: getCountryIso Country {ISO=CN, source=0, time=138283}
09-27 14:55:36.266  1774  1774 W PhoneNumberUtils: isLocalEmergencyNumberInternalCN
09-27 14:55:36.268  1774  1774 D PhoneNumberUtils: slotId:1 subId:1 country:CN useExactMatch:true emergencyNumbers: 112,000,08,118,122,911,999,119,120,110,*911,#911
09-27 14:55:36.288  1774  2322 D CallerInfoAsyncQuery: Processing event: 1 token (arg1): 1 command: 0 query URI: content://com.android.contacts/phone_lookup_enterprise/xxxxxxx
09-27 14:55:36.329  1774  1774 D CallerInfoAsyncQuery: ##### onQueryComplete() #####   query complete for token: 0
09-27 14:55:36.363  1774  2322 D CallerInfoAsyncQuery: Processing event: 3 token (arg1): 1 command: 0 query URI: 
09-27 14:55:36.363  1774  1774 D CallerInfoAsyncQuery: notifying listener: class com.android.server.telecom.CallerInfoLookupHelper$-com_android_internal_telephony_CallerInfoAsyncQuery$OnQueryCompleteListener_makeCallerInfoQueryListener_android_net_Uri_handle_LambdaImpl0 for token: 0com.android.internal.telephony.CallerInfo@e1f0786 { name null, phoneNumber non-null }
09-27 14:55:36.399  1774  1774 D CallerInfoAsyncQuery: ##### onQueryComplete() #####   query complete for token: 0
09-27 14:55:36.629   939   989 I chatty  : uid=1001(radio) /system/bin/rild expire 11 lines
09-27 14:55:36.648   939  1023 I chatty  : uid=1001(radio) /system/bin/rild expire 13 lines
09-27 14:55:36.846  2249  6685 I chatty  : uid=1001(radio) com.android.phone expire 21 lines
09-27 14:55:37.440  2249  2262 I chatty  : uid=1001(radio) Binder:2249_2 expire 2 lines
09-27 14:55:37.618  2249  2564 I chatty  : uid=1001(radio) Binder:2249_5 expire 5 lines
09-27 14:55:37.627  2249  2565 I chatty  : uid=1001(radio) Binder:2249_6 expire 2 lines
09-27 14:55:37.639  2249  2249 I chatty  : uid=1001(radio) com.android.phone expire 51 lines
09-27 14:55:37.686  2249  3218 I chatty  : uid=1001(radio) Binder:2249_8 expire 4 lines
09-27 14:55:37.699  2249  2331 I chatty  : uid=1001(radio) Binder:2249_3 expire 9 lines
09-27 14:55:37.763  2249  6685 I chatty  : uid=1001(radio) com.android.phone expire 67 lines
09-27 14:55:37.973  2249  3181 I chatty  : uid=1001(radio) Binder:2249_7 expire 3 lines
09-27 14:55:37.983  2249  2312 I chatty  : uid=1001(radio) RILReceiver1 expire 28 lines
09-27 14:55:38.055  2249  2332 I chatty  : uid=1001(radio) Binder:2249_4 expire 4 lines
09-27 14:55:38.271  2249  6709 I chatty  : uid=1001(radio) Binder:2249_9 expire 1 line
09-27 14:55:38.299  2249  2261 I chatty  : uid=1001(radio) Binder:2249_1 expire 3 lines
09-27 14:55:45.914   939  1023 I chatty  : uid=1001(radio) /system/bin/rild expire 13 lines
09-27 14:55:54.301  2249  2308 I chatty  : uid=1001(radio) RILReceiver0 expire 6 lines
09-27 14:56:18.834  6385  6385 D PhoneNumberUtils: slotId:1 subId:1 country:null useExactMatch:true emergencyNumbers: 112,000,08,118,122,911,999,119,120,110,*911,#911
09-27 14:56:18.881  6385  6385 D PhoneNumberUtils: slotId:1 subId:1 country:null useExactMatch:true emergencyNumbers: 112,000,08,118,122,911,999,119,120,110,*911,#911
09-27 14:56:18.900  6385  6385 D PhoneNumberUtils: slotId:1 subId:1 country:null useExactMatch:true emergencyNumbers: 112,000,08,118,122,911,999,119,120,110,*911,#911
09-27 14:56:18.916  6385  6385 D PhoneNumberUtils: slotId:1 subId:1 country:null useExactMatch:true emergencyNumbers: 112,000,08,118,122,911,999,119,120,110,*911,#911
09-27 14:56:18.972  6385  6385 D PhoneNumberUtils: slotId:1 subId:1 country:null useExactMatch:true emergencyNumbers: 112,000,08,118,122,911,999,119,120,110,*911,#911
09-27 14:56:19.114  6385  6385 D PhoneNumberUtils: slotId:1 subId:1 country:null useExactMatch:true emergencyNumbers: 112,000,08,118,122,911,999,119,120,110,*911,#911
09-27 14:56:19.132  6385  6385 D PhoneNumberUtils: slotId:1 subId:1 country:null useExactMatch:true emergencyNumbers: 112,000,08,118,122,911,999,119,120,110,*911,#911
09-27 14:56:19.148  6385  6385 D PhoneNumberUtils: slotId:1 subId:1 country:null useExactMatch:true emergencyNumbers: 112,000,08,118,122,911,999,119,120,110,*911,#911
09-27 14:56:19.163  6385  6385 D PhoneNumberUtils: slotId:1 subId:1 country:null useExactMatch:true emergencyNumbers: 112,000,08,118,122,911,999,119,120,110,*911,#911
09-27 14:56:19.177  6385  6385 D PhoneNumberUtils: slotId:1 subId:1 country:null useExactMatch:true emergencyNumbers: 112,000,08,118,122,911,999,119,120,110,*911,#911
09-27 14:56:19.397  6385  6385 D PhoneNumberUtils: slotId:1 subId:1 country:null useExactMatch:true emergencyNumbers: 112,000,08,118,122,911,999,119,120,110,*911,#911
09-27 14:56:19.412  6385  6385 D PhoneNumberUtils: slotId:1 subId:1 country:null useExactMatch:true emergencyNumbers: 112,000,08,118,122,911,999,119,120,110,*911,#911
09-27 14:56:19.427  6385  6385 D PhoneNumberUtils: slotId:1 subId:1 country:null useExactMatch:true emergencyNumbers: 112,000,08,118,122,911,999,119,120,110,*911,#911
09-27 14:56:19.439  6385  6385 D PhoneNumberUtils: slotId:1 subId:1 country:null useExactMatch:true emergencyNumbers: 112,000,08,118,122,911,999,119,120,110,*911,#911
09-27 14:56:19.451  6385  6385 D PhoneNumberUtils: slotId:1 subId:1 country:null useExactMatch:true emergencyNumbers: 112,000,08,118,122,911,999,119,120,110,*911,#911
09-27 14:56:25.416  2249  2249 I chatty  : uid=1001(radio) com.android.phone expire 69 lines
09-27 14:56:25.417  2249  2565 I chatty  : uid=1001(radio) Binder:2249_6 expire 8 lines
09-27 14:56:25.425  2249  2312 I chatty  : uid=1001(radio) RILReceiver1 expire 4 lines
09-27 14:57:00.097  6385  6385 D PhoneNumberUtils: slotId:1 subId:1 country:null useExactMatch:true emergencyNumbers: 112,000,08,118,122,911,999,119,120,110,*911,#911
09-27 14:57:00.112  6385  6385 D PhoneNumberUtils: slotId:1 subId:1 country:null useExactMatch:true emergencyNumbers: 112,000,08,118,122,911,999,119,120,110,*911,#911
09-27 14:57:00.126  6385  6385 D PhoneNumberUtils: slotId:1 subId:1 country:null useExactMatch:true emergencyNumbers: 112,000,08,118,122,911,999,119,120,110,*911,#911
09-27 14:57:00.140  6385  6385 D PhoneNumberUtils: slotId:1 subId:1 country:null useExactMatch:true emergencyNumbers: 112,000,08,118,122,911,999,119,120,110,*911,#911
09-27 14:57:00.149  6385  6385 D PhoneNumberUtils: slotId:1 subId:1 country:null useExactMatch:true emergencyNumbers: 112,000,08,118,122,911,999,119,120,110,*911,#911
09-27 14:57:04.537  2249  6709 I chatty  : uid=1001(radio) Binder:2249_9 expire 10 lines
09-27 14:57:19.547  2249  2331 I chatty  : uid=1001(radio) Binder:2249_3 expire 5 lines
09-27 14:57:19.582  2249  3218 I chatty  : uid=1001(radio) Binder:2249_8 expire 6 lines
09-27 14:57:19.588  2249  3181 I chatty  : uid=1001(radio) Binder:2249_7 expire 10 lines
09-27 14:57:19.613  2249  2261 I chatty  : uid=1001(radio) Binder:2249_1 expire 7 lines
09-27 14:57:24.207  2249  2564 I chatty  : uid=1001(radio) Binder:2249_5 expire 7 lines
09-27 14:57:24.888  2249  2332 I chatty  : uid=1001(radio) Binder:2249_4 expire 2 lines
09-27 14:57:59.673  2249  2262 I chatty  : uid=1001(radio) Binder:2249_2 expire 7 lines
09-27 14:58:08.886  6385  6385 D PhoneNumberUtils: slotId:1 subId:1 country:null useExactMatch:true emergencyNumbers: 112,000,08,118,122,911,999,119,120,110,*911,#911
09-27 14:58:08.932  6385  6385 D PhoneNumberUtils: slotId:1 subId:1 country:null useExactMatch:true emergencyNumbers: 112,000,08,118,122,911,999,119,120,110,*911,#911
09-27 14:58:08.940  2249  2249 I chatty  : uid=1001(radio) com.android.phone expire 14 lines
09-27 14:58:08.952  6385  6385 D PhoneNumberUtils: slotId:1 subId:1 country:null useExactMatch:true emergencyNumbers: 112,000,08,118,122,911,999,119,120,110,*911,#911
09-27 14:58:08.973  6385  6385 D PhoneNumberUtils: slotId:1 subId:1 country:null useExactMatch:true emergencyNumbers: 112,000,08,118,122,911,999,119,120,110,*911,#911
09-27 14:58:09.040  6385  6385 D PhoneNumberUtils: slotId:1 subId:1 country:null useExactMatch:true emergencyNumbers: 112,000,08,118,122,911,999,119,120,110,*911,#911
09-27 14:59:00.064  6385  6385 D PhoneNumberUtils: slotId:1 subId:1 country:null useExactMatch:true emergencyNumbers: 112,000,08,118,122,911,999,119,120,110,*911,#911
09-27 14:59:00.080  6385  6385 D PhoneNumberUtils: slotId:1 subId:1 country:null useExactMatch:true emergencyNumbers: 112,000,08,118,122,911,999,119,120,110,*911,#911
09-27 14:59:00.097  6385  6385 D PhoneNumberUtils: slotId:1 subId:1 country:null useExactMatch:true emergencyNumbers: 112,000,08,118,122,911,999,119,120,110,*911,#911
09-27 14:59:00.110  6385  6385 D PhoneNumberUtils: slotId:1 subId:1 country:null useExactMatch:true emergencyNumbers: 112,000,08,118,122,911,999,119,120,110,*911,#911
09-27 14:59:00.124  6385  6385 D PhoneNumberUtils: slotId:1 subId:1 country:null useExactMatch:true emergencyNumbers: 112,000,08,118,122,911,999,119,120,110,*911,#911
09-27 14:59:02.478  2249  2249 I chatty  : uid=1001(radio) com.android.phone expire 40 lines
09-27 14:59:10.789  6385  6385 D PhoneNumberUtils: slotId:1 subId:1 country:null useExactMatch:true emergencyNumbers: 112,000,08,118,122,911,999,119,120,110,*911,#911
09-27 14:59:10.827  6385  6385 D PhoneNumberUtils: slotId:1 subId:1 country:null useExactMatch:true emergencyNumbers: 112,000,08,118,122,911,999,119,120,110,*911,#911
09-27 14:59:10.838  6385  6385 D PhoneNumberUtils: slotId:1 subId:1 country:null useExactMatch:true emergencyNumbers: 112,000,08,118,122,911,999,119,120,110,*911,#911
09-27 14:59:10.851  6385  6385 D PhoneNumberUtils: slotId:1 subId:1 country:null useExactMatch:true emergencyNumbers: 112,000,08,118,122,911,999,119,120,110,*911,#911
09-27 14:59:10.906  6385  6385 D PhoneNumberUtils: slotId:1 subId:1 country:null useExactMatch:true emergencyNumbers: 112,000,08,118,122,911,999,119,120,110,*911,#911
09-27 15:00:00.068  6385  6385 D PhoneNumberUtils: slotId:1 subId:1 country:null useExactMatch:true emergencyNumbers: 112,000,08,118,122,911,999,119,120,110,*911,#911
09-27 15:00:00.084  6385  6385 D PhoneNumberUtils: slotId:1 subId:1 country:null useExactMatch:true emergencyNumbers: 112,000,08,118,122,911,999,119,120,110,*911,#911
09-27 15:00:00.097  6385  6385 D PhoneNumberUtils: slotId:1 subId:1 country:null useExactMatch:true emergencyNumbers: 112,000,08,118,122,911,999,119,120,110,*911,#911
09-27 15:00:00.110  6385  6385 D PhoneNumberUtils: slotId:1 subId:1 country:null useExactMatch:true emergencyNumbers: 112,000,08,118,122,911,999,119,120,110,*911,#911
09-27 15:00:00.124  6385  6385 D PhoneNumberUtils: slotId:1 subId:1 country:null useExactMatch:true emergencyNumbers: 112,000,08,118,122,911,999,119,120,110,*911,#911
09-27 15:00:02.607  2249  2249 I chatty  : uid=1001(radio) com.android.phone expire 65 lines
09-27 15:01:58.059  2249  6709 I chatty  : uid=1001(radio) Binder:2249_9 expire 9 lines
09-27 15:01:58.073  2249  2312 I chatty  : uid=1001(radio) RILReceiver1 expire 13 lines
09-27 15:02:32.937  2249  2308 I chatty  : uid=1001(radio) RILReceiver0 expire 2 lines
09-27 15:05:41.850  2249  2331 I chatty  : uid=1001(radio) Binder:2249_3 expire 4 lines
09-27 15:05:41.858  2249  2262 I chatty  : uid=1001(radio) Binder:2249_2 expire 1 line
09-27 15:05:41.880  2249  2261 I chatty  : uid=1001(radio) Binder:2249_1 expire 4 lines
09-27 15:05:41.887  2249  3218 I chatty  : uid=1001(radio) Binder:2249_8 expire 1 line
09-27 15:05:41.908  2249  3181 I chatty  : uid=1001(radio) Binder:2249_7 expire 1 line
09-27 15:05:42.550  2249  2332 I chatty  : uid=1001(radio) Binder:2249_4 expire 3 lines
09-27 15:05:42.552  2249  2565 I chatty  : uid=1001(radio) Binder:2249_6 expire 2 lines
09-27 15:05:47.570  6385  6385 D PhoneNumberUtils: slotId:1 subId:1 country:null useExactMatch:true emergencyNumbers: 112,000,08,118,122,911,999,119,120,110,*911,#911
09-27 15:05:47.609  6385  6385 D PhoneNumberUtils: slotId:1 subId:1 country:null useExactMatch:true emergencyNumbers: 112,000,08,118,122,911,999,119,120,110,*911,#911
09-27 15:05:47.621  6385  6385 D PhoneNumberUtils: slotId:1 subId:1 country:null useExactMatch:true emergencyNumbers: 112,000,08,118,122,911,999,119,120,110,*911,#911
09-27 15:05:47.631  6385  6385 D PhoneNumberUtils: slotId:1 subId:1 country:null useExactMatch:true emergencyNumbers: 112,000,08,118,122,911,999,119,120,110,*911,#911
09-27 15:05:47.689  6385  6385 D PhoneNumberUtils: slotId:1 subId:1 country:null useExactMatch:true emergencyNumbers: 112,000,08,118,122,911,999,119,120,110,*911,#911
09-27 15:05:48.236  2249  2249 I chatty  : uid=1001(radio) com.android.phone expire 41 lines
09-27 15:05:59.775   939  1023 I chatty  : uid=1001(radio) /system/bin/rild expire 16 lines
09-27 15:06:00.471  1774  1774 W PhoneNumberUtils: getCountryIso Country {ISO=CN, source=0, time=138283}
09-27 15:06:00.471  1774  1774 W PhoneNumberUtils: isLocalEmergencyNumberInternalCN
09-27 15:06:00.473  1774  1774 D PhoneNumberUtils: slotId:1 subId:1 country:CN useExactMatch:true emergencyNumbers: 112,000,08,118,122,911,999,119,120,110,*911,#911
09-27 15:06:00.494  1774  2322 D CallerInfoAsyncQuery: Processing event: 1 token (arg1): 1 command: 0 query URI: content://com.android.contacts/phone_lookup_enterprise/xxxxxxx
09-27 15:06:00.531  2249  2249 I chatty  : uid=1001(radio) com.android.phone expire 30 lines
09-27 15:06:00.532  1774  1774 D CallerInfoAsyncQuery: ##### onQueryComplete() #####   query complete for token: 0
09-27 15:06:00.562  1774  2322 D CallerInfoAsyncQuery: Processing event: 3 token (arg1): 1 command: 0 query URI: 
09-27 15:06:00.562  1774  1774 D CallerInfoAsyncQuery: notifying listener: class com.android.server.telecom.CallerInfoLookupHelper$-com_android_internal_telephony_CallerInfoAsyncQuery$OnQueryCompleteListener_makeCallerInfoQueryListener_android_net_Uri_handle_LambdaImpl0 for token: 0com.android.internal.telephony.CallerInfo@cea3fce { name null, phoneNumber non-null }
09-27 15:06:00.576  1774  1774 D CallerInfoAsyncQuery: ##### onQueryComplete() #####   query complete for token: 0
09-27 15:06:00.607  1774  1774 W PhoneNumberUtils: getCountryIso Country {ISO=CN, source=0, time=138283}
09-27 15:06:00.607  1774  1774 W PhoneNumberUtils: isLocalEmergencyNumberInternalCN
09-27 15:06:00.608  1774  1774 D PhoneNumberUtils: slotId:1 subId:1 country:CN useExactMatch:true emergencyNumbers: 112,000,08,118,122,911,999,119,120,110,*911,#911
09-27 15:06:00.628  1774  2322 D CallerInfoAsyncQuery: Processing event: 1 token (arg1): 1 command: 0 query URI: content://com.android.contacts/phone_lookup_enterprise/xxxxxxx
09-27 15:06:00.657  1774  1774 D CallerInfoAsyncQuery: ##### onQueryComplete() #####   query complete for token: 0
09-27 15:06:00.683  1774  2322 D CallerInfoAsyncQuery: Processing event: 3 token (arg1): 1 command: 0 query URI: 
09-27 15:06:00.683  1774  1774 D CallerInfoAsyncQuery: notifying listener: class com.android.server.telecom.CallerInfoLookupHelper$-com_android_internal_telephony_CallerInfoAsyncQuery$OnQueryCompleteListener_makeCallerInfoQueryListener_android_net_Uri_handle_LambdaImpl0 for token: 0com.android.internal.telephony.CallerInfo@7148c85 { name null, phoneNumber non-null }
09-27 15:06:00.693  1774  1774 D CallerInfoAsyncQuery: ##### onQueryComplete() #####   query complete for token: 0
09-27 15:06:00.834  6385  6385 D PhoneNumberUtils: slotId:1 subId:1 country:null useExactMatch:true emergencyNumbers: 112,000,08,118,122,911,999,119,120,110,*911,#911
09-27 15:06:00.934  2249  2564 I chatty  : uid=1001(radio) Binder:2249_5 expire 1 line
09-27 15:06:05.151  2249  2312 I chatty  : uid=1001(radio) RILReceiver1 expire 4 lines
09-27 15:06:05.353  2249  7570 I chatty  : uid=1001(radio) com.android.phone expire 46 lines
09-27 15:06:05.925  2249  2565 I chatty  : uid=1001(radio) Binder:2249_6 expire 3 lines
09-27 15:06:06.039  2249  6709 I chatty  : uid=1001(radio) Binder:2249_9 expire 4 lines
09-27 15:06:06.042  2249  2261 I chatty  : uid=1001(radio) Binder:2249_1 expire 6 lines
09-27 15:06:06.466  2249  2249 I chatty  : uid=1001(radio) com.android.phone expire 87 lines
09-27 15:06:26.143   939  1023 I chatty  : uid=1001(radio) /system/bin/rild expire 11 lines
09-27 15:06:26.472  2249  2312 I chatty  : uid=1001(radio) RILReceiver1 expire 16 lines
09-27 15:06:28.760  2249  2564 I chatty  : uid=1001(radio) Binder:2249_5 expire 2 lines
09-27 15:06:28.762  2249  3181 I chatty  : uid=1001(radio) Binder:2249_7 expire 3 lines
09-27 15:06:37.273  2249  2308 I chatty  : uid=1001(radio) RILReceiver0 expire 2 lines
09-27 15:07:57.274  2249  2262 I chatty  : uid=1001(radio) Binder:2249_2 expire 6 lines
09-27 15:07:57.293  2249  2332 I chatty  : uid=1001(radio) Binder:2249_4 expire 2 lines
09-27 15:08:02.701  2249  3218 I chatty  : uid=1001(radio) Binder:2249_8 expire 1 line
09-27 15:09:10.386  2249  2434 I chatty  : uid=1001(radio) DcHandlerThread expire 42 lines
09-27 15:09:10.537  2249  2331 I chatty  : uid=1001(radio) Binder:2249_3 expire 1 line
09-27 15:09:10.967  1774  1786 D TelephonyRegistry: Notify data connection state changed on sub: 1
09-27 15:09:10.968  1774  1786 D TelephonyRegistry: Notify data connection state changed on sub: 1
09-27 15:09:10.968  1774  1786 D TelephonyRegistry: Notify data connection state changed on sub: 1
09-27 15:09:10.972  2249  2249 I chatty  : uid=1001(radio) com.android.phone expire 14 lines
09-27 15:09:11.016  2249  2312 I chatty  : uid=1001(radio) RILReceiver1 expire 13 lines
09-27 15:09:30.992  2249  2249 I chatty  : uid=1001(radio) com.android.phone expire 110 lines
09-27 15:09:31.025  2249  2434 I chatty  : uid=1001(radio) DcHandlerThread expire 67 lines
09-27 15:09:31.866   939  1023 I chatty  : uid=1001(radio) /system/bin/rild expire 2 lines
09-27 15:09:31.910  1774  2901 D TelephonyRegistry: Notify data connection state changed on sub: 1
09-27 15:09:31.911  1774  2901 D TelephonyRegistry: Notify data connection state changed on sub: 1
09-27 15:09:31.911  1774  2901 D TelephonyRegistry: Notify data connection state changed on sub: 1
09-27 15:09:31.926  2249  3181 I chatty  : uid=1001(radio) Binder:2249_7 expire 9 lines
09-27 15:09:31.940  2249  2308 I chatty  : uid=1001(radio) RILReceiver0 expire 6 lines
09-27 15:09:31.955  2249  2312 I chatty  : uid=1001(radio) RILReceiver1 expire 13 lines
09-27 15:09:32.025  2249  2332 I chatty  : uid=1001(radio) Binder:2249_4 expire 9 lines
09-27 15:09:32.064  2249  3218 I chatty  : uid=1001(radio) Binder:2249_8 expire 1 line
09-27 15:09:32.072  2249  2564 I chatty  : uid=1001(radio) Binder:2249_5 expire 6 lines
09-27 15:09:32.077  2249  2565 I chatty  : uid=1001(radio) Binder:2249_6 expire 2 lines
09-27 15:09:32.102  2249  2261 I chatty  : uid=1001(radio) Binder:2249_1 expire 2 lines
09-27 15:09:32.132  2249  2331 I chatty  : uid=1001(radio) Binder:2249_3 expire 5 lines
09-27 15:10:44.615  2249  6709 I chatty  : uid=1001(radio) Binder:2249_9 expire 4 lines
09-27 15:11:45.782  2249  2249 I chatty  : uid=1001(radio) com.android.phone expire 112 lines
09-27 15:11:49.597  2249  2332 I chatty  : uid=1001(radio) Binder:2249_4 expire 2 lines
09-27 15:11:49.601  2249  2262 I chatty  : uid=1001(radio) Binder:2249_2 expire 1 line
09-27 15:12:16.576   821  1012 I chatty  : uid=1001(radio) /system/bin/rild expire 22 lines
09-27 15:12:16.576   939  1023 I chatty  : uid=1001(radio) /system/bin/rild expire 37 lines
09-27 15:12:16.584  2249  2308 I chatty  : uid=1001(radio) RILReceiver0 expire 10 lines
09-27 15:12:16.589  2249  2312 I chatty  : uid=1001(radio) RILReceiver1 expire 28 lines
09-27 15:12:16.670  2249  2649 I chatty  : uid=1001(radio) org.codeaurora. expire 6 lines
09-27 15:12:16.757  2249  2434 I chatty  : uid=1001(radio) DcHandlerThread expire 36 lines
09-27 15:12:16.863  2249  3218 I chatty  : uid=1001(radio) Binder:2249_8 expire 4 lines
09-27 15:12:16.969  2249  2249 I chatty  : uid=1001(radio) com.android.phone expire 116 lines
09-27 15:12:16.971  2249  2312 I chatty  : uid=1001(radio) RILReceiver1 expire 22 lines
09-27 15:12:16.977   939  1023 I chatty  : uid=1001(radio) /system/bin/rild expire 12 lines
09-27 15:12:16.983   821  1012 I chatty  : uid=1001(radio) /system/bin/rild expire 3 lines
09-27 15:12:17.062  2249  2564 I chatty  : uid=1001(radio) Binder:2249_5 expire 6 lines
09-27 15:12:17.081  2249  2308 I chatty  : uid=1001(radio) RILReceiver0 expire 2 lines
