09-27 15:12:17.093  2249  2649 I chatty  : uid=1001(radio) org.codeaurora. expire 15 lines
09-27 15:12:17.232  2249  2434 I chatty  : uid=1001(radio) DcHandlerThread expire 12 lines
09-27 15:12:17.363  2249  2262 I chatty  : uid=1001(radio) Binder:2249_2 expire 11 lines
09-27 15:12:17.377  2249  2332 I chatty  : uid=1001(radio) Binder:2249_4 expire 13 lines
09-27 15:12:17.391  2249  6709 I chatty  : uid=1001(radio) Binder:2249_9 expire 6 lines
09-27 15:12:17.434   939  8208 I chatty  : uid=1001(radio) /system/bin/rild expire 1 line
09-27 15:12:17.440   939  8209 I chatty  : uid=1001(radio) /system/bin/rild expire 1 line
09-27 15:12:17.444  2249  3557 I chatty  : uid=1001(radio) com.android.phone expire 11 lines
09-27 15:12:17.454  2249  2261 I chatty  : uid=1001(radio) Binder:2249_1 expire 6 lines
09-27 15:12:17.464  2249  2565 I chatty  : uid=1001(radio) Binder:2249_6 expire 5 lines
09-27 15:12:17.473  2249  8205 I chatty  : uid=1001(radio) Binder:2249_A expire 4 lines
09-27 15:12:17.511  2249  3181 I chatty  : uid=1001(radio) Binder:2249_7 expire 4 lines
09-27 15:12:17.564  2249  2331 I chatty  : uid=1001(radio) Binder:2249_3 expire 10 lines
09-27 15:12:17.644  2249  2262 I chatty  : uid=1001(radio) Binder:2249_2 expire 12 lines
09-27 15:12:17.644  2249  2249 I chatty  : uid=1001(radio) com.android.phone expire 130 lines
09-27 15:12:17.645  2249  2565 I chatty  : uid=1001(radio) Binder:2249_6 expire 10 lines
09-27 15:12:17.645   939  8218 I chatty  : uid=1001(radio) /system/bin/rild expire 1 line
09-27 15:12:17.646  2249  3181 I chatty  : uid=1001(radio) Binder:2249_7 expire 10 lines
09-27 15:12:17.649  1774  2983 D TelephonyManager: getCellLocation returning null because CellLocation is empty
09-27 15:12:17.654  2249  2312 I chatty  : uid=1001(radio) RILReceiver1 expire 3 lines
09-27 15:12:17.655   939  8219 I chatty  : uid=1001(radio) /system/bin/rild expire 1 line
09-27 15:12:17.659  2249  2332 I chatty  : uid=1001(radio) Binder:2249_4 expire 9 lines
09-27 15:12:17.668  2249  2261 I chatty  : uid=1001(radio) Binder:2249_1 expire 12 lines
09-27 15:12:17.674  2249  3218 I chatty  : uid=1001(radio) Binder:2249_8 expire 9 lines
09-27 15:12:17.674  1774  2983 D TelephonyManager: getCellLocation returning null because CellLocation is empty
09-27 15:12:17.697  2249  2564 I chatty  : uid=1001(radio) Binder:2249_5 expire 7 lines
09-27 15:12:17.705  2249  6709 I chatty  : uid=1001(radio) Binder:2249_9 expire 5 lines
09-27 15:12:17.781   821  1226 I chatty  : uid=1001(radio) /system/bin/rild expire 2 lines
09-27 15:12:17.806   939  1269 I chatty  : uid=1001(radio) /system/bin/rild expire 2 lines
09-27 15:12:17.906  2249  8241 I chatty  : uid=1001(radio) com.android.phone expire 1 line
09-27 15:12:17.955  2249  2649 I chatty  : uid=1001(radio) org.codeaurora. expire 3 lines
09-27 15:12:17.965   939  1098 I chatty  : uid=1001(radio) /system/bin/rild expire 1 line
09-27 15:12:17.969   821  1012 I chatty  : uid=1001(radio) /system/bin/rild expire 11 lines
09-27 15:12:17.976  2249  2308 I chatty  : uid=1001(radio) RILReceiver0 expire 10 lines
09-27 15:12:18.075  2249  8258 I chatty  : uid=1001(radio) com.android.phone expire 1 line
09-27 15:12:18.144  2249  8205 I chatty  : uid=1001(radio) Binder:2249_A expire 1 line
09-27 15:12:18.179  2249  2434 I chatty  : uid=1001(radio) DcHandlerThread expire 9 lines
09-27 15:12:18.224  1774  2835 D TelephonyRegistry: notifyCellLocationForSubscriber: subId=2147483644 cellLocation=Bundle[mParcelledData.dataSize=64]
09-27 15:12:18.400  2249  2249 I chatty  : uid=1001(radio) com.android.phone expire 211 lines
09-27 15:12:18.410  2249  2331 I chatty  : uid=1001(radio) Binder:2249_3 expire 1 line
09-27 15:12:18.412  2249  8205 I chatty  : uid=1001(radio) Binder:2249_A expire 5 lines
09-27 15:12:18.415  2249  2564 I chatty  : uid=1001(radio) Binder:2249_5 expire 2 lines
09-27 15:12:18.422  2249  2262 I chatty  : uid=1001(radio) Binder:2249_2 expire 3 lines
09-27 15:12:18.428  2249  3218 I chatty  : uid=1001(radio) Binder:2249_8 expire 2 lines
09-27 15:12:18.429  2249  3181 I chatty  : uid=1001(radio) Binder:2249_7 expire 1 line
09-27 15:12:18.430  2249  2332 I chatty  : uid=1001(radio) Binder:2249_4 expire 2 lines
09-27 15:12:18.433  2249  2261 I chatty  : uid=1001(radio) Binder:2249_1 expire 1 line
09-27 15:12:18.542  2249  8268 I chatty  : uid=1001(radio) com.android.phone expire 1 line
09-27 15:12:18.640  2249  8271 I chatty  : uid=1001(radio) com.android.phone expire 1 line
09-27 15:12:18.889   821  1226 I chatty  : uid=1001(radio) /system/bin/rild expire 2 lines
09-27 15:12:18.896   939  1269 I chatty  : uid=1001(radio) /system/bin/rild expire 2 lines
09-27 15:12:18.956  2249  2308 I chatty  : uid=1001(radio) RILReceiver0 expire 10 lines
09-27 15:12:18.956   821  8274 I chatty  : uid=1001(radio) /system/bin/rild expire 1 line
09-27 15:12:18.964   821   965 I chatty  : uid=1001(radio) /system/bin/rild expire 1 line
09-27 15:12:18.972   821  8278 I chatty  : uid=1001(radio) /system/bin/rild expire 1 line
09-27 15:12:19.016  2249  8281 I chatty  : uid=1001(radio) com.android.phone expire 1 line
09-27 15:12:19.090  2249  8296 I chatty  : uid=1001(radio) com.android.phone expire 1 line
09-27 15:12:19.163  2249  8299 I chatty  : uid=1001(radio) com.android.phone expire 1 line
09-27 15:12:19.241  2249  2565 I chatty  : uid=1001(radio) Binder:2249_6 expire 1 line
09-27 15:12:19.244  2249  6709 I chatty  : uid=1001(radio) Binder:2249_9 expire 6 lines
09-27 15:12:19.443  2249  3218 I chatty  : uid=1001(radio) Binder:2249_8 expire 4 lines
09-27 15:12:19.447  2249  2331 I chatty  : uid=1001(radio) Binder:2249_3 expire 2 lines
09-27 15:12:19.447  2249  3181 I chatty  : uid=1001(radio) Binder:2249_7 expire 6 lines
09-27 15:12:19.450  2249  2564 I chatty  : uid=1001(radio) Binder:2249_5 expire 2 lines
09-27 15:12:19.454  2249  2249 I chatty  : uid=1001(radio) com.android.phone expire 198 lines
09-27 15:12:19.454  2249  2262 I chatty  : uid=1001(radio) Binder:2249_2 expire 5 lines
09-27 15:12:19.564  2249  2434 I chatty  : uid=1001(radio) DcHandlerThread expire 3 lines
09-27 15:12:19.577  2249  2649 I chatty  : uid=1001(radio) org.codeaurora. expire 6 lines
09-27 15:12:19.629  2249  2261 I chatty  : uid=1001(radio) Binder:2249_1 expire 2 lines
09-27 15:12:19.639  2249  8205 I chatty  : uid=1001(radio) Binder:2249_A expire 3 lines
09-27 15:12:19.639  2249  2565 I chatty  : uid=1001(radio) Binder:2249_6 expire 3 lines
09-27 15:12:19.673  2249  2332 I chatty  : uid=1001(radio) Binder:2249_4 expire 3 lines
09-27 15:12:19.705  1774  2901 D TelephonyRegistry: notifyCellLocationForSubscriber: subId=2147483643 cellLocation=Bundle[mParcelledData.dataSize=64]
09-27 15:12:19.732  2249  2312 I chatty  : uid=1001(radio) RILReceiver1 expire 1 line
09-27 15:12:19.742  2249  2308 I chatty  : uid=1001(radio) RILReceiver0 expire 1 line
09-27 15:12:19.761   821  1012 I chatty  : uid=1001(radio) /system/bin/rild expire 4 lines
09-27 15:12:19.775  2249  8351 I chatty  : uid=1001(radio) com.android.phone expire 3 lines
09-27 15:12:19.777  2249  8352 I chatty  : uid=1001(radio) com.android.phone expire 3 lines
09-27 15:12:19.953  2249  8353 I chatty  : uid=1001(radio) com.android.phone expire 1 line
09-27 15:12:19.982  2249  2249 I chatty  : uid=1001(radio) com.android.phone expire 171 lines
09-27 15:12:20.020  2249  2262 I chatty  : uid=1001(radio) Binder:2249_2 expire 2 lines
09-27 15:12:20.021  2249  8354 I chatty  : uid=1001(radio) com.android.phone expire 1 line
09-27 15:12:20.028  2249  8205 I chatty  : uid=1001(radio) Binder:2249_A expire 3 lines
09-27 15:12:21.526   939  1023 I chatty  : uid=1001(radio) /system/bin/rild expire 23 lines
09-27 15:12:21.540  2249  2312 I chatty  : uid=1001(radio) RILReceiver1 expire 17 lines
09-27 15:12:21.547   939  8405 I chatty  : uid=1001(radio) /system/bin/rild expire 1 line
09-27 15:12:21.555   939  8406 I chatty  : uid=1001(radio) /system/bin/rild expire 1 line
09-27 15:12:26.560   821  1012 I chatty  : uid=1001(radio) /system/bin/rild expire 9 lines
09-27 15:12:28.059  2249  2308 I chatty  : uid=1001(radio) RILReceiver0 expire 9 lines
09-27 15:12:28.376  2249  3181 I chatty  : uid=1001(radio) Binder:2249_7 expire 1 line
09-27 15:12:28.378  2249  2331 I chatty  : uid=1001(radio) Binder:2249_3 expire 3 lines
09-27 15:12:28.378   939  1269 I chatty  : uid=1001(radio) /system/bin/rild expire 4 lines
09-27 15:12:28.381  2249  2261 I chatty  : uid=1001(radio) Binder:2249_1 expire 1 line
09-27 15:12:28.384  2249  2565 I chatty  : uid=1001(radio) Binder:2249_6 expire 3 lines
09-27 15:12:28.385  2249  6709 I chatty  : uid=1001(radio) Binder:2249_9 expire 2 lines
09-27 15:12:28.401  2249  8614 I chatty  : uid=1001(radio) com.android.phone expire 1 line
09-27 15:12:28.484  2249  2332 I chatty  : uid=1001(radio) Binder:2249_4 expire 1 line
09-27 15:12:28.620  2249  3218 I chatty  : uid=1001(radio) Binder:2249_8 expire 5 lines
09-27 15:12:28.631  2249  6709 I chatty  : uid=1001(radio) Binder:2249_9 expire 4 lines
09-27 15:12:28.642   821  1012 I chatty  : uid=1001(radio) /system/bin/rild expire 6 lines
09-27 15:12:28.642   939  1023 I chatty  : uid=1001(radio) /system/bin/rild expire 14 lines
09-27 15:12:28.645  2249  2312 I chatty  : uid=1001(radio) RILReceiver1 expire 25 lines
09-27 15:12:28.690  2249  3181 I chatty  : uid=1001(radio) Binder:2249_7 expire 3 lines
09-27 15:12:28.816  2249  2332 I chatty  : uid=1001(radio) Binder:2249_4 expire 7 lines
09-27 15:12:28.914  2249  2331 I chatty  : uid=1001(radio) Binder:2249_3 expire 3 lines
09-27 15:12:28.918  2249  2261 I chatty  : uid=1001(radio) Binder:2249_1 expire 6 lines
09-27 15:12:28.931  2249  2249 I chatty  : uid=1001(radio) com.android.phone expire 146 lines
09-27 15:12:28.939  2249  2565 I chatty  : uid=1001(radio) Binder:2249_6 expire 2 lines
09-27 15:12:28.940  2249  8205 I chatty  : uid=1001(radio) Binder:2249_A expire 3 lines
09-27 15:12:29.104  2249  2564 I chatty  : uid=1001(radio) Binder:2249_5 expire 3 lines
09-27 15:12:29.112  2249  2262 I chatty  : uid=1001(radio) Binder:2249_2 expire 6 lines
09-27 15:12:29.208   821  1226 I chatty  : uid=1001(radio) /system/bin/rild expire 2 lines
09-27 15:12:29.219   939  1269 I chatty  : uid=1001(radio) /system/bin/rild expire 4 lines
09-27 15:12:29.556  2249  2308 I chatty  : uid=1001(radio) RILReceiver0 expire 2 lines
09-27 15:12:29.725   939  8647 I chatty  : uid=1001(radio) /system/bin/rild expire 1 line
09-27 15:12:29.731   939  8648 I chatty  : uid=1001(radio) /system/bin/rild expire 1 line
09-27 15:12:29.751  2249  2249 D SST     : SubscriptionListener.onSubscriptionInfoChanged
09-27 15:12:29.752  2249  2249 D PhoneSwitcher: handle event - 102
09-27 15:12:29.752  2249  2249 D SubscriptionController: [getSubId]- numSubIds == 0, return DummySubIds slotIdx=0
09-27 15:12:29.753  2249  2249 D PhoneSwitcher: isUiccProvisioned = true
09-27 15:12:29.753  2249  2249 D PhoneSwitcher: Broadcast network specifier set intent
09-27 15:12:29.775  2249  2331 D SubscriptionController: [getActiveSubscriptionInfo]+ subId=2 subInfo={id=2, iccId=89860116831014056097 simSlotIndex=1 displayName=CARD 2 carrierName=No service nameSource=0 iconTint=-16746133 dataRoaming=0 iconBitmap=android.graphics.Bitmap@80be631 mcc 0 mnc 0}
09-27 15:12:29.779  2249  3181 D SubscriptionController: [getSubId]- numSubIds == 0, return DummySubIds slotIdx=0
09-27 15:12:29.779  2249  2249 D SubscriptionController: [getSubId]- numSubIds == 0, return DummySubIds slotIdx=0
09-27 15:12:29.779  2249  2249 D PhoneSwitcher: evaluating due to subChanged default 1->2
09-27 15:12:29.780  2249  2249 D PhoneSwitcher: default subId = 2
09-27 15:12:29.781  2249  2249 D PhoneSwitcher:  phone[0] using sub[2147483643]
09-27 15:12:29.782  2249  2249 D PhoneSwitcher:  phone[1] using sub[2]
09-27 15:12:29.782  2249  2249 D PhoneSwitcher:  newActivePhones:
09-27 15:12:29.783  2249  2249 D PhoneSwitcher:   1
09-27 15:12:29.784  2249  2249 D PhoneSwitcher: InformDdsToRil rild= 0, DDS=1
09-27 15:12:29.790   821  1226 E RILQ    : (0/821): RIL[0][oem_socket0] void qcril_qmi_generic_socket_agent::recv_thread_func(): read 4 bytes length message with length 32
09-27 15:12:29.791   821  1226 E RILQ    : (0/821): RIL[0][oem_socket0] qmi_ril_parse_oem_hook_header: Received un-handled/oem command id = 524327
09-27 15:12:29.791  2249  3181 D SubscriptionController: [getPhoneId]- subId=1 not found return default phoneId=0
09-27 15:12:29.792  2249  2249 D PhoneSwitcher: InformDdsToRil rild= 1, DDS=1
09-27 15:12:29.798   939  1269 E RILQ    : (1/939): RIL[1][oem_socket1] void qcril_qmi_generic_socket_agent::recv_thread_func(): read 4 bytes length message with length 32
09-27 15:12:29.798   939  1269 E RILQ    : (1/939): RIL[1][oem_socket1] qmi_ril_parse_oem_hook_header: Received un-handled/oem command id = 524327
09-27 15:12:29.808  2249  8205 D SubscriptionController: [getActiveSubscriptionInfo]+ subId=2 subInfo={id=2, iccId=89860116831014056097 simSlotIndex=1 displayName=CARD 2 carrierName=No service nameSource=0 iconTint=-16746133 dataRoaming=0 iconBitmap=android.graphics.Bitmap@a66e484 mcc 0 mnc 0}
09-27 15:12:29.820  2249  2261 D SubscriptionController: [getSubId]- numSubIds == 0, return DummySubIds slotIdx=0
09-27 15:12:29.824  2249  2249 D PhoneSwitcher: activate 1
09-27 15:12:29.825  2249  2249 D RILJ    : [4093]> RIL_REQUEST_ALLOW_DATA allowed: true [SUB1]
09-27 15:12:29.833   939   989 I RILQ    : (1/939):RIL[1][main] qcril_qmi_nas_request_allow_data: Already PS attached!
09-27 15:12:29.833   939   989 I RILQ    : (1/939):RIL[1][main] qcril_qmi_nas_request_allow_data: PS ATTACH/DETACH resp 0
09-27 15:12:29.833  2249  2312 D RILJ    : [4093]< RIL_REQUEST_ALLOW_DATA  [SUB1]
09-27 15:12:29.925  2249  2249 D SubscriptionController: [getSubId]- numSubIds == 0, return DummySubIds slotIdx=0
09-27 15:12:29.979  2249  2249 D SubscriptionController: [getActiveSubscriptionInfo]+ subId=2 subInfo={id=2, iccId=89860116831014056097 simSlotIndex=1 displayName=CARD 2 carrierName=No service nameSource=0 iconTint=-16746133 dataRoaming=0 iconBitmap=android.graphics.Bitmap@da60bab mcc 0 mnc 0}
09-27 15:12:29.983   939  1023 I RILQ    : (1/939):RIL[1][event] qcril_qmi_nas_reset_data_snapshot_cache_and_timer: Resetting snapshot timer
09-27 15:12:29.987  2249  2312 D RILJ    : Unsol response received for UNSOL_RESPONSE_VOICE_NETWORK_STATE_CHANGED Sending ack to ril.cpp [SUB1]
09-27 15:12:29.987  2249  2312 D RILJ    : [UNSL]< UNSOL_RESPONSE_VOICE_NETWORK_STATE_CHANGED [SUB1]
09-27 15:12:29.998   939  1023 I RILQ    : (1/939):RIL[1][event] qcril_arb_set_dsd_sys_status: old_pref_data 1966186088 - new_data_pref 1966186032
09-27 15:12:29.998   939  1023 I RILQ    : (1/939):RIL[1][event] qcril_arb_set_dsd_sys_status: preferred dsd_sys_status nw=0x0, rat_value=0x0, so_mask=0x0000000000000000
09-27 15:12:29.999   939  1023 I RILQ    : (1/939):RIL[1][event] qcril_arb_set_dsd_sys_status: old_pref_data 1966186088 - new_data_pref 1966186032
09-27 15:12:29.999   939  1023 I RILQ    : (1/939):RIL[1][event] qcril_arb_set_dsd_sys_status: preferred dsd_sys_status nw=0x0, rat_value=0x0, so_mask=0x0000000000000800
09-27 15:12:29.999   939  1023 I RILQ    : (1/939):RIL[1][event] qcril_arb_set_dsd_sys_status: preferred 1 - dsd_sys_status nw=0x0, rat_value=0x0, so_mask=0x0000000000000800
09-27 15:12:29.999   939  1023 I RILQ    : (1/939):RIL[1][event] qcril_arb_set_dsd_sys_status: is_wwan_available 0
09-27 15:12:29.999   939  1023 I RILQ    : (1/939):RIL[1][event] qcril_qmi_nas_reset_data_snapshot_cache_and_timer: Resetting snapshot timer
09-27 15:12:30.005  2249  2312 D RILJ    : Unsol response received for UNSOL_OEM_HOOK_RAW Sending ack to ril.cpp [SUB1]
09-27 15:12:30.005  2249  2312 V RILJ    : [UNSL]< UNSOL_OEM_HOOK_RAW 514f454d484f4f4bfa0308000100000000 [SUB1]
09-27 15:12:30.007  2249  2312 D RILJ    : Unsol response received for UNSOL_RESPONSE_VOICE_NETWORK_STATE_CHANGED Sending ack to ril.cpp [SUB1]
09-27 15:12:30.007  2249  2312 D RILJ    : [UNSL]< UNSOL_RESPONSE_VOICE_NETWORK_STATE_CHANGED [SUB1]
09-27 15:12:30.116  2249  2312 D RILJ    : Unsol response received for UNSOL_OEM_HOOK_RAW Sending ack to ril.cpp [SUB1]
09-27 15:12:30.116  2249  2312 V RILJ    : [UNSL]< UNSOL_OEM_HOOK_RAW 514f454d484f4f4bf10308000100000004 [SUB1]
09-27 15:12:30.130  2249  2249 D SubscriptionController: [setDefaultVoiceSubId] subId=2
09-27 15:12:30.132  2249  2249 D SubscriptionController: [broadcastDefaultVoiceSubIdChanged] subId=2
09-27 15:12:30.155  2249  2249 D PhoneSwitcher: handle event - 101
09-27 15:12:30.156  2249  2249 D PhoneSwitcher: isAnyVoiceCallActiveOnDevice: false
09-27 15:12:30.157  2249  2249 D SubscriptionController: [getSubId]- numSubIds == 0, return DummySubIds slotIdx=0
09-27 15:12:30.157  2249  2249 D RILJ    : [4098]> OPERATOR [SUB1]
09-27 15:12:30.159  2249  2249 D RILJ    : [4099]> DATA_REGISTRATION_STATE [SUB1]
09-27 15:12:30.161  2249  2312 D RILJ    : [4098]< OPERATOR {null, null, null} [SUB1]
09-27 15:12:30.161  2249  2249 D RILJ    : [4100]> VOICE_REGISTRATION_STATE [SUB1]
09-27 15:12:30.163   939  8655 I RILQ    : (1/939):RIL[1][cmd-21(152)] qcril_qmi_nas_reset_data_snapshot_cache_and_timer: Resetting snapshot timer
09-27 15:12:30.163  2249  2249 D RILJ    : [4101]> QUERY_NETWORK_SELECTION_MODE [SUB1]
09-27 15:12:30.166  2249  2312 D RILJ    : [4099]< DATA_REGISTRATION_STATE {0, null, null, null, 0, 20, null, 476, 10525727, null, null} [SUB1]
09-27 15:12:30.168   939  8656 I RILQ    : (1/939):RIL[1][cmd-20(136)] qcril_qmi_nas_reset_data_snapshot_cache_and_timer: Resetting snapshot timer
09-27 15:12:30.170  2249  2312 D RILJ    : [4100]< VOICE_REGISTRATION_STATE {2, null, null, 0, null, null, null, 0, null, null, null, null, null, 0, null} [SUB1]
09-27 15:12:30.171  2249  2312 D RILJ    : [4101]< QUERY_NETWORK_SELECTION_MODE {0} [SUB1]
09-27 15:12:30.188  2249  2249 D UiccController: Received EVENT_GET_ICC_STATUS_DONE
09-27 15:12:30.188  2249  2249 D UiccCard: 1 applications
09-27 15:12:30.188  2249  2249 D UiccCardApplication: APPTYPE_USIM update. New {APPTYPE_USIM,APPSTATE_SUBSCRIPTION_PERSO,PERSOSUBSTATE_READY,pin1=PINSTATE_DISABLED,pin2=PINSTATE_ENABLED_NOT_VERIFIED}
09-27 15:12:30.188  2249  2249 D UiccCard: Before privilege rules: Handler (com.android.internal.telephony.uicc.UiccCarrierPrivilegeRules) {4c8d69f} : CARDSTATE_PRESENT
09-27 15:12:30.189  2249  2249 D UiccCard: update: radioState=RADIO_ON mLastRadioState=RADIO_ON
09-27 15:12:30.189  2249  2249 D UiccController: Notifying IccChangedRegistrants
09-27 15:12:30.189  2249  2249 D UiccController: Received EVENT_GET_ICC_STATUS_DONE
09-27 15:12:30.189  2249  2249 D UiccCard: 1 applications
09-27 15:12:30.189  2249  2249 D UiccCardApplication: APPTYPE_USIM update. New {APPTYPE_USIM,APPSTATE_SUBSCRIPTION_PERSO,PERSOSUBSTATE_READY,pin1=PINSTATE_DISABLED,pin2=PINSTATE_ENABLED_NOT_VERIFIED}
09-27 15:12:30.189  2249  2249 D UiccCard: Before privilege rules: Handler (com.android.internal.telephony.uicc.UiccCarrierPrivilegeRules) {4c8d69f} : CARDSTATE_PRESENT
09-27 15:12:30.189  2249  2249 D UiccCard: update: radioState=RADIO_ON mLastRadioState=RADIO_ON
09-27 15:12:30.189  2249  2249 D UiccController: Notifying IccChangedRegistrants
09-27 15:12:30.189  2249  2249 D UiccController: Received EVENT_GET_ICC_STATUS_DONE
09-27 15:12:30.189  2249  2249 D UiccCard: 1 applications
09-27 15:12:30.189  2249  2249 D UiccCardApplication: APPTYPE_USIM update. New {APPTYPE_USIM,APPSTATE_SUBSCRIPTION_PERSO,PERSOSUBSTATE_READY,pin1=PINSTATE_DISABLED,pin2=PINSTATE_ENABLED_NOT_VERIFIED}
09-27 15:12:30.190  2249  2249 D UiccCard: Before privilege rules: Handler (com.android.internal.telephony.uicc.UiccCarrierPrivilegeRules) {4c8d69f} : CARDSTATE_PRESENT
09-27 15:12:30.190  2249  2249 D UiccCard: update: radioState=RADIO_ON mLastRadioState=RADIO_ON
09-27 15:12:30.190  2249  2249 D UiccController: Notifying IccChangedRegistrants
09-27 15:12:30.190  2249  2249 D SubscriptionMonitor: Default changed 1->2
09-27 15:12:30.191  2249  2249 D SubscriptionController: [getPhoneId]- invalid subId return=-1
09-27 15:12:30.191  2249  2249 D SubscriptionMonitor: newDefaultDataPhoneId=1
09-27 15:12:30.192  2249  2249 D SubscriptionMonitor: Default phoneId changed -1->1, 0,1 registrants
09-27 15:12:30.195   821  1174 E RILQ    : (0/821): RIL[0][ims_socket0] void qcril_qmi_ims_socket_agent::recv_thread_handler(): recv failed. recv_byte_num: 0. closing the socket.
09-27 15:12:30.200  2249  2249 D QtiGsmDCT: [1]QtiDcTracker handleMessage msg={ when=-703ms what=270347 target=com.qualcomm.qti.internal.telephony.dataconnection.QtiDcTracker }
09-27 15:12:30.200  2249  2249 D QtiGsmDCT: [1]onRoamingOn
09-27 15:12:30.200  2249  2249 D QtiGsmDCT: [1]device is not roaming. ignored the request.
09-27 15:12:30.200  2249  2249 D SST     : SubscriptionListener.onSubscriptionInfoChanged
09-27 15:12:30.200  2249  2249 D SubscriptionController: [getSubId]- numSubIds == 0, return DummySubIds slotIdx=0
09-27 15:12:30.200  2249  2249 D QtiGsmDCT: [0]SubscriptionListener.onSubscriptionInfoChanged
09-27 15:12:30.200  2249  2249 D SubscriptionController: [getSubId]- numSubIds == 0, return DummySubIds slotIdx=0
09-27 15:12:30.201  2249  2249 D SST     : SubscriptionListener.onSubscriptionInfoChanged
09-27 15:12:30.201  2249  2249 D QtiGsmDCT: [1]SubscriptionListener.onSubscriptionInfoChanged
09-27 15:12:30.212  2249  2249 D PhoneSwitcher: handle event - 102
09-27 15:12:30.213  2249  2249 D SubscriptionController: [getSubId]- numSubIds == 0, return DummySubIds slotIdx=0
09-27 15:12:30.213  2249  2249 D PhoneSwitcher: isUiccProvisioned = true
09-27 15:12:30.213  2249  2249 D PhoneSwitcher: Broadcast network specifier set intent
09-27 15:12:30.227  2249  2249 D SubscriptionController: [getSubId]- numSubIds == 0, return DummySubIds slotIdx=0
09-27 15:12:30.272  2249  2249 D SubscriptionController: [getSubId]- numSubIds == 0, return DummySubIds slotIdx=0
09-27 15:12:30.305  2249  2249 D SubscriptionController: [getActiveSubscriptionInfo]+ subId=2 subInfo={id=2, iccId=89860116831014056097 simSlotIndex=1 displayName=CARD 2 carrierName=No service nameSource=0 iconTint=-16746133 dataRoaming=0 iconBitmap=android.graphics.Bitmap@237bd9e mcc 0 mnc 0}
09-27 15:12:30.380  2249  2249 D UiccController: Received EVENT_ICC_STATUS_CHANGED, calling getIccCardStatus
09-27 15:12:30.381  2249  2249 D RILJ    : [4102]> GET_SIM_STATUS [SUB1]
09-27 15:12:30.383  2249  2249 D QtiGsmCdmaPhone: handleMessage: Event: 34
09-27 15:12:30.383  2249  2249 D SubscriptionController: [getSubId]- numSubIds == 0, return DummySubIds slotIdx=0
09-27 15:12:30.387  2249  2249 D QtiGsmCdmaPhone: handleMessage: Event: 34
09-27 15:12:30.389  2249  2312 D RILJ    : [4102]< GET_SIM_STATUS IccCardState {CARDSTATE_PRESENT,PINSTATE_UNKNOWN,num_apps=1,gsm_id=0{APPTYPE_USIM,APPSTATE_READY,pin1=PINSTATE_DISABLED,pin2=PINSTATE_ENABLED_NOT_VERIFIED},cdma_id=-1,ims_id=-1} [SUB1]
09-27 15:12:30.423  2249  2249 D SubscriptionController: [getActiveSubscriptionInfoForSimSlotIndex]+ slotIdx=0 subId=null
09-27 15:12:30.446  2249  2249 D SubscriptionController: [getActiveSubscriptionInfoForSimSlotIndex]+ slotIdx=1 subId={id=2, iccId=89860116831014056097 simSlotIndex=1 displayName=CARD 2 carrierName=No service nameSource=0 iconTint=-16746133 dataRoaming=0 iconBitmap=android.graphics.Bitmap@98f3d38 mcc 0 mnc 0}
09-27 15:12:30.448  2249  2249 D QtiGsmCdmaPhone: handleMessage: Event: 30
09-27 15:12:30.448  2249  2249 D SubscriptionController: [getSubId]- numSubIds == 0, return DummySubIds slotIdx=0
09-27 15:12:30.448  2249  2249 D GsmSMSDispatcher: GsmSMSDispatcher: subId = 2147483643 slotId = 0
09-27 15:12:30.448  2249  2249 E IccCardProxy: setExternalState: !override and newstate unchanged from ABSENT
09-27 15:12:30.449  2249  2249 D QtiGsmDCT: [0]QtiDcTracker handleMessage msg={ when=-734ms what=270369 obj=android.os.AsyncResult@7f45111 target=com.qualcomm.qti.internal.telephony.dataconnection.QtiDcTracker }
09-27 15:12:30.449  2249  2249 D QtiGsmCdmaPhone: handleMessage: Event: 30
09-27 15:12:30.449  2249  2249 D GsmCdmaPhone: [GsmCdmaPhone] New Uicc application found. type = APPTYPE_USIM
09-27 15:12:30.450  2249  2249 D SIMRecords: [SIMRecords] getOperatorNumeric: IMSI == null
09-27 15:12:30.450  2249  2249 D GsmCdmaPhone: [GsmCdmaPhone] mIccRecords = SimRecords: mDestroyed=false mContext=com.android.phone.PhoneGlobals@3323d6f mCi=com.android.internal.telephony.RIL@aaa61bc mFh=Handler (com.android.internal.telephony.uicc.UsimFileHandler) {34b081e} mParentApp=com.android.internal.telephony.uicc.UiccCardApplication@89fc8ff recordsLoadedRegistrants=android.os.RegistrantList@f8076cc mImsiReadyRegistrants=android.os.RegistrantList@baced15 mRecordsEventsRegistrants=android.os.RegistrantList@c1b882a mNewSmsRegistrants=android.os.RegistrantList@5b1f61b mNetworkSelectionModeAutomaticRegistrants=android.os.RegistrantList@9a433b8 recordsToLoad=0 adnCache=Handler (com.android.internal.telephony.uicc.AdnRecordCache) {afc4591} recordsRequested=false iccid=null msisdnTag=null voiceMailNum=null voiceMailTag=null voiceMailNum=null newVoiceMailTag=null isVoiceMailFixed=false mImsi=null mncLength=-1 mailboxIndex=0 spn=null mVmConfigcom.android.internal.telephony.uicc.VoiceMailConstants@9c1fcf6 mSpnOverride=mSpnOverride callForwardingEnabled=0 spnState=null mCphsInfo=null mCspPlmnEnabled=true efMWIS=null efCPHS_MWI=null mEfCff=null mEfCfis=null getOperatorNumeric=null
09-27 15:12:30.450  2249  2249 D GsmSMSDispatcher: GsmSMSDispatcher: subId = 2 slotId = 1
09-27 15:12:30.450  2249  2249 D GsmSMSDispatcher: New Uicc application found
09-27 15:12:30.451  2249  2249 D IccCardProxy: Icc changed. Reregestering.
09-27 15:12:30.451  2249  2249 E IccCardProxy: setExternalState: set mPhoneId=1 mExternalState=UNKNOWN
09-27 15:12:30.451  2249  2249 D TelephonyManager: setTelephonyProperty: success phoneId=1 property=gsm.sim.state value: UNKNOWN propVal=ABSENT,UNKNOWN
09-27 15:12:30.454  2249  2249 D IccCardProxy: broadcastIccStateChangedIntent intent ACTION_SIM_STATE_CHANGED value=UNKNOWN reason=null for mPhoneId=1
09-27 15:12:30.463  2249  2249 D SST     : New card found
09-27 15:12:30.463  2249  2249 D QtiGsmDCT: [1]QtiDcTracker handleMessage msg={ when=-748ms what=270369 obj=android.os.AsyncResult@7dfe276 target=com.qualcomm.qti.internal.telephony.dataconnection.QtiDcTracker }
09-27 15:12:30.464  2249  2249 D QtiGsmDCT: [1]New records found.
09-27 15:12:30.464  2249  2249 D SST     : mDeviceShuttingDown=false, mDesiredPowerState=true, getRadioState=RADIO_ON, mPowerOffDelayNeed=true, mAlarmSwitch=false, mRadioDisabledByCarrier=false
09-27 15:12:30.467  2249  2249 D QtiUiccCardProvisioner: updateIccAvailability, card state[1] = CARDSTATE_PRESENT
09-27 15:12:30.468  2249  2249 D CAT     : CatService: handleMessage[8]
09-27 15:12:30.468  2249  2249 D CAT     : CatService: MSG_ID_ICC_CHANGED
09-27 15:12:30.468  2249  2249 D CAT     : CatService: New Card State = CARDSTATE_PRESENT Old Card State = CARDSTATE_PRESENT
09-27 15:12:30.502  2249  2249 D SubscriptionController: [getActiveSubscriptionInfoForSimSlotIndex]+ slotIdx=1 subId={id=2, iccId=89860116831014056097 simSlotIndex=1 displayName=CARD 2 carrierName=No service nameSource=0 iconTint=-16746133 dataRoaming=0 iconBitmap=android.graphics.Bitmap@5fb002 mcc 0 mnc 0}
09-27 15:12:30.504  2249  2249 D SST     : EVENT_POLL_STATE_NETWORK_SELECTION_MODE
09-27 15:12:30.508  2249  2249 D PhoneSwitcher: handle event - 107
09-27 15:12:30.508  2249  2249 D PhoneSwitcher: Allow_data success on phoneId = 1
09-27 15:12:30.509  2249  2249 D RILJ    : [4103]> OPERATOR [SUB1]
09-27 15:12:30.512  2249  2249 D RILJ    : [4104]> DATA_REGISTRATION_STATE [SUB1]
09-27 15:12:30.514  2249  2249 D RILJ    : [4105]> VOICE_REGISTRATION_STATE [SUB1]
09-27 15:12:30.515  2249  2312 D RILJ    : [4103]< OPERATOR {null, null, null} [SUB1]
09-27 15:12:30.516   939  8660 I RILQ    : (1/939):RIL[1][cmd-21(152)] qcril_qmi_nas_reset_data_snapshot_cache_and_timer: Resetting snapshot timer
09-27 15:12:30.516  2249  2249 D RILJ    : [4106]> QUERY_NETWORK_SELECTION_MODE [SUB1]
09-27 15:12:30.518  2249  2249 D QtiGsmCdmaPhone: handleMessage: Event: 34
09-27 15:12:30.520  2249  2312 D RILJ    : [4104]< DATA_REGISTRATION_STATE {0, null, null, null, 0, 20, null, 476, 10525727, null, null} [SUB1]
09-27 15:12:30.521   939  8661 I RILQ    : (1/939):RIL[1][cmd-20(136)] qcril_qmi_nas_reset_data_snapshot_cache_and_timer: Resetting snapshot timer
09-27 15:12:30.525  2249  2312 D RILJ    : [4106]< QUERY_NETWORK_SELECTION_MODE {0} [SUB1]
09-27 15:12:30.525  2249  2249 D RILJ    : [4107]> OPERATOR [SUB1]
09-27 15:12:30.526  2249  2312 D RILJ    : [4105]< VOICE_REGISTRATION_STATE {2, null, null, 0, null, null, null, 0, null, null, null, null, null, 0, null} [SUB1]
09-27 15:12:30.528  2249  2249 D RILJ    : [4108]> DATA_REGISTRATION_STATE [SUB1]
09-27 15:12:30.529  2249  2312 D RILJ    : [4107]< OPERATOR {null, null, null} [SUB1]
09-27 15:12:30.530  2249  2249 D RILJ    : [4109]> VOICE_REGISTRATION_STATE [SUB1]
09-27 15:12:30.532   939  8664 I RILQ    : (1/939):RIL[1][cmd-21(152)] qcril_qmi_nas_reset_data_snapshot_cache_and_timer: Resetting snapshot timer
09-27 15:12:30.533  2249  2249 D RILJ    : [4110]> QUERY_NETWORK_SELECTION_MODE [SUB1]
09-27 15:12:30.536  2249  2312 D RILJ    : [4108]< DATA_REGISTRATION_STATE {0, null, null, null, 0, 20, null, 476, 10525727, null, null} [SUB1]
09-27 15:12:30.543   939  8665 I RILQ    : (1/939):RIL[1][cmd-20(136)] qcril_qmi_nas_reset_data_snapshot_cache_and_timer: Resetting snapshot timer
09-27 15:12:30.546  2249  2312 D RILJ    : [4110]< QUERY_NETWORK_SELECTION_MODE {0} [SUB1]
09-27 15:12:30.547  2249  2312 D RILJ    : [4109]< VOICE_REGISTRATION_STATE {2, null, null, 0, null, null, null, 0, null, null, null, null, null, 0, null} [SUB1]
09-27 15:12:30.563  2249  2249 D QtiGsmCdmaPhone: handleMessage: Event: 34
09-27 15:12:30.566  2249  2249 D SST     : EVENT_POLL_STATE_NETWORK_SELECTION_MODE
09-27 15:12:30.566  2249  2249 D PhoneSwitcher: handle event - 110
09-27 15:12:30.567  2249  2249 D PhoneSwitcher: handle event - 110
09-27 15:12:30.567  2249  2249 D QtiGsmCdmaPhone: handleMessage: Event: 30
09-27 15:12:30.568  2249  2249 D SubscriptionController: [getSubId]- numSubIds == 0, return DummySubIds slotIdx=0
09-27 15:12:30.568  2249  2249 D GsmSMSDispatcher: GsmSMSDispatcher: subId = 2147483643 slotId = 0
09-27 15:12:30.568  2249  2249 E IccCardProxy: setExternalState: !override and newstate unchanged from ABSENT
09-27 15:12:30.568  2249  2249 D QtiGsmDCT: [0]QtiDcTracker handleMessage msg={ when=-379ms what=270369 obj=android.os.AsyncResult@e71149 target=com.qualcomm.qti.internal.telephony.dataconnection.QtiDcTracker }
09-27 15:12:30.568  2249  2249 D QtiGsmCdmaPhone: handleMessage: Event: 30
09-27 15:12:30.568  2249  2249 D GsmSMSDispatcher: GsmSMSDispatcher: subId = 2 slotId = 1
09-27 15:12:30.568  2249  2249 E IccCardProxy: setExternalState: !override and newstate unchanged from UNKNOWN
09-27 15:12:30.569  2249  2249 D QtiGsmDCT: [1]QtiDcTracker handleMessage msg={ when=-380ms what=270369 obj=android.os.AsyncResult@11cca4e target=com.qualcomm.qti.internal.telephony.dataconnection.QtiDcTracker }
09-27 15:12:30.569  2249  2249 D QtiUiccCardProvisioner: updateIccAvailability, card state[1] = CARDSTATE_PRESENT
09-27 15:12:30.569  2249  2249 D CAT     : CatService: handleMessage[8]
09-27 15:12:30.570  2249  2249 D CAT     : CatService: MSG_ID_ICC_CHANGED
09-27 15:12:30.570  2249  2249 D CAT     : CatService: New Card State = CARDSTATE_PRESENT Old Card State = CARDSTATE_PRESENT
09-27 15:12:30.570  2249  2249 D QtiGsmCdmaPhone: handleMessage: Event: 30
09-27 15:12:30.570  2249  2249 D SubscriptionController: [getSubId]- numSubIds == 0, return DummySubIds slotIdx=0
09-27 15:12:30.570  2249  2249 D GsmSMSDispatcher: GsmSMSDispatcher: subId = 2147483643 slotId = 0
09-27 15:12:30.570  2249  2249 E IccCardProxy: setExternalState: !override and newstate unchanged from ABSENT
09-27 15:12:30.570  2249  2249 D QtiGsmDCT: [0]QtiDcTracker handleMessage msg={ when=-382ms what=270369 obj=android.os.AsyncResult@53a176f target=com.qualcomm.qti.internal.telephony.dataconnection.QtiDcTracker }
09-27 15:12:30.571  2249  2249 D QtiGsmCdmaPhone: handleMessage: Event: 30
09-27 15:12:30.571  2249  2249 D GsmSMSDispatcher: GsmSMSDispatcher: subId = 2 slotId = 1
09-27 15:12:30.571  2249  2249 E IccCardProxy: setExternalState: !override and newstate unchanged from UNKNOWN
09-27 15:12:30.571  2249  2249 D QtiGsmDCT: [1]QtiDcTracker handleMessage msg={ when=-382ms what=270369 obj=android.os.AsyncResult@bb9fc7c target=com.qualcomm.qti.internal.telephony.dataconnection.QtiDcTracker }
09-27 15:12:30.571  2249  2249 D QtiUiccCardProvisioner: updateIccAvailability, card state[1] = CARDSTATE_PRESENT
09-27 15:12:30.572  2249  2249 D CAT     : CatService: handleMessage[8]
09-27 15:12:30.572  2249  2249 D CAT     : CatService: MSG_ID_ICC_CHANGED
09-27 15:12:30.572  2249  2249 D CAT     : CatService: New Card State = CARDSTATE_PRESENT Old Card State = CARDSTATE_PRESENT
09-27 15:12:30.572  2249  2249 D QtiGsmCdmaPhone: handleMessage: Event: 30
09-27 15:12:30.572  2249  2249 D SubscriptionController: [getSubId]- numSubIds == 0, return DummySubIds slotIdx=0
09-27 15:12:30.572  2249  2249 D GsmSMSDispatcher: GsmSMSDispatcher: subId = 2147483643 slotId = 0
09-27 15:12:30.573  2249  2249 E IccCardProxy: setExternalState: !override and newstate unchanged from ABSENT
09-27 15:12:30.573  2249  2249 D QtiGsmDCT: [0]QtiDcTracker handleMessage msg={ when=-383ms what=270369 obj=android.os.AsyncResult@d067905 target=com.qualcomm.qti.internal.telephony.dataconnection.QtiDcTracker }
09-27 15:12:30.573  2249  2249 D QtiGsmCdmaPhone: handleMessage: Event: 30
09-27 15:12:30.573  2249  2249 D GsmSMSDispatcher: GsmSMSDispatcher: subId = 2 slotId = 1
09-27 15:12:30.574  2249  2249 E IccCardProxy: setExternalState: !override and newstate unchanged from UNKNOWN
09-27 15:12:30.574  2249  2249 D QtiGsmDCT: [1]QtiDcTracker handleMessage msg={ when=-384ms what=270369 obj=android.os.AsyncResult@37f3d5a target=com.qualcomm.qti.internal.telephony.dataconnection.QtiDcTracker }
09-27 15:12:30.574  2249  2249 D QtiUiccCardProvisioner: updateIccAvailability, card state[1] = CARDSTATE_PRESENT
09-27 15:12:30.575  2249  2249 D CAT     : CatService: handleMessage[8]
09-27 15:12:30.575  2249  2249 D CAT     : CatService: MSG_ID_ICC_CHANGED
09-27 15:12:30.575  2249  2249 D CAT     : CatService: New Card State = CARDSTATE_PRESENT Old Card State = CARDSTATE_PRESENT
09-27 15:12:30.576  2249  2249 D TelephonyNetworkFactory[1]: onDefaultChange(false,true)
09-27 15:12:30.576  2249  2249 D PhoneSwitcher: handle event - 101
09-27 15:12:30.577  2249  2249 D PhoneSwitcher: isAnyVoiceCallActiveOnDevice: false
09-27 15:12:30.577  2249  2249 D SubscriptionController: [getSubId]- numSubIds == 0, return DummySubIds slotIdx=0
09-27 15:12:30.578  2249  2249 D Phone   : mImsIntentReceiver: action com.android.ims.IMS_SERVICE_DOWN
09-27 15:12:30.578  2249  2249 D Phone   : mImsIntentReceiver: extraPhoneId = 0
09-27 15:12:30.578  2249  2249 D Phone   : updateImsPhone mImsServiceReady=false
09-27 15:12:30.578  2249  2249 D CallManager: unregisterPhone(ImsPhone Handler (com.android.internal.telephony.imsphone.ImsPhone) {c6230ed})
09-27 15:12:30.579  2249  2249 D ImsPhone: dispose
09-27 15:12:30.579  2249  2249 D ImsPhoneCallTracker: [ImsPhoneCallTracker] dispose
09-27 15:12:30.579  2249  2249 D ImsPhoneCallTracker: [ImsPhoneCallTracker] hangup call
09-27 15:12:30.579  2249  2249 D ImsPhoneCallTracker: [ImsPhoneCallTracker] hangup call
09-27 15:12:30.579  2249  2249 D ImsPhoneCallTracker: [ImsPhoneCallTracker] hangup call
09-27 15:12:30.579  2249  2249 D ImsPhoneCallTracker: [ImsPhoneCallTracker] hangup call
09-27 15:12:30.579  2249  2249 D ImsPhoneCallTracker: [ImsPhoneCallTracker] clearDisconnected
09-27 15:12:30.580  2249  2249 D ImsPhoneCallTracker: [ImsPhoneCallTracker] updatePhoneState pendingMo = null, fg= IDLE(0), bg= IDLE(0)
09-27 15:12:30.580  2249  2249 D ImsPhoneCallTracker: [ImsPhoneCallTracker] updatePhoneState oldState=IDLE, newState=IDLE
09-27 15:12:30.584  2249  2249 D Phone   : mImsIntentReceiver: action com.android.ims.IMS_SERVICE_DOWN
09-27 15:12:30.584  2249  2249 D Phone   : mImsIntentReceiver: extraPhoneId = 0
09-27 15:12:30.584  2249  2249 D Phone   : mImsIntentReceiver: action com.android.ims.IMS_SERVICE_UP
09-27 15:12:30.584  2249  2249 D Phone   : mImsIntentReceiver: extraPhoneId = 1
09-27 15:12:30.584  2249  2249 D Phone   : mImsIntentReceiver: action com.android.ims.IMS_SERVICE_UP
09-27 15:12:30.584  2249  2249 D Phone   : mImsIntentReceiver: extraPhoneId = 1
09-27 15:12:30.584  2249  2249 D Phone   : updateImsPhone mImsServiceReady=true
09-27 15:12:30.585  2249  2249 D TelephonyTester: register for intent action=com.android.internal.telephony.imsphone.action_detached
09-27 15:12:30.585  2249  2249 D TelephonyTester: register for intent action=com.android.internal.telephony.imsphone.action_attached
09-27 15:12:30.585  2249  2249 D TelephonyTester: register for intent action=com.android.internal.telephony.TestConferenceEventPackage
09-27 15:12:30.589  2249  2249 D Phone   : mDoesRilSendMultipleCallRing=false
09-27 15:12:30.589  2249  2249 D Phone   : mCallRingDelay=3000
09-27 15:12:30.589  2249  2249 D QtiTelephonyComponentFactory: makeImsPhoneCallTracker
09-27 15:12:30.589  2249  2249 D TelephonyComponentFactory: makeImsPhoneCallTracker
09-27 15:12:30.595  2249  2249 D ImsPhoneCallTracker: [ImsPhoneCallTracker] No carrier ImsReasonInfo mappings defined.
09-27 15:12:30.595  2249  2249 D SST     : notifyDataRegStateRilRadioTechnologyChanged: drs=1 rat=0
09-27 15:12:30.596  2249  2249 D TelephonyManager: setTelephonyProperty: success phoneId=1 property=gsm.network.type value: Unknown propVal=Unknown,Unknown
09-27 15:12:30.597  2249  2249 D ImsPhone: updateDataServiceState: defSs = 1 1 voice home data home null null null null null null  Unknown Unknown CSS not supported -1 -1 RoamInd=-1 DefRoamInd=-1 EmergOnly=false IsDataRoamingFromRegistration=false IsUsingCarrierAggregation=false mRilImsRadioTechnology=0 imsSs = 3 1 voice home data home null null null null null null  Unknown Unknown CSS not supported -1 -1 RoamInd=-1 DefRoamInd=-1 EmergOnly=false IsDataRoamingFromRegistration=false IsUsingCarrierAggregation=false mRilImsRadioTechnology=0
09-27 15:12:30.597  2249  2434 D DC-1    : DcInactiveState nothandled msg.what=EVENT_DATA_CONNECTION_DRS_OR_RAT_CHANGED
09-27 15:12:30.597  2249  2434 D DC-1    : DcDefault msg=EVENT_DATA_CONNECTION_DRS_OR_RAT_CHANGED RefCount=0
09-27 15:12:30.597  2249  2249 D CallManager: registerPhone(ImsPhone Handler (com.android.internal.telephony.imsphone.ImsPhone) {4e86468})
09-27 15:12:30.597  2249  2434 D DC-1    : DcDefaultState: EVENT_DATA_CONNECTION_DRS_OR_RAT_CHANGED drs=1 mRilRat=0
09-27 15:12:30.597  2249  2434 D DC-2    : DcInactiveState nothandled msg.what=EVENT_DATA_CONNECTION_DRS_OR_RAT_CHANGED
09-27 15:12:30.597  2249  2434 D DC-2    : DcDefault msg=EVENT_DATA_CONNECTION_DRS_OR_RAT_CHANGED RefCount=0
09-27 15:12:30.597  2249  2434 D DC-2    : DcDefaultState: EVENT_DATA_CONNECTION_DRS_OR_RAT_CHANGED drs=1 mRilRat=0
09-27 15:12:30.599  2249  2249 D ImsManager: updateImsServiceConfig: SIM not ready
09-27 15:12:30.622  2249  2249 D SubscriptionController: [getActiveSubscriptionInfo]+ subId=2 subInfo={id=2, iccId=89860116831014056097 simSlotIndex=1 displayName=CARD 2 carrierName=No service nameSource=0 iconTint=-16746133 dataRoaming=0 iconBitmap=android.graphics.Bitmap@e135f14 mcc 0 mnc 0}
09-27 15:12:30.661  2249  2249 D UiccController: Received EVENT_GET_ICC_STATUS_DONE
09-27 15:12:30.661  2249  2249 D UiccCard: 1 applications
09-27 15:12:30.662  2249  2249 D UiccCardApplication: APPTYPE_USIM update. New {APPTYPE_USIM,APPSTATE_READY,pin1=PINSTATE_DISABLED,pin2=PINSTATE_ENABLED_NOT_VERIFIED}
09-27 15:12:30.662  2249  2249 D UiccCardApplication: APPTYPE_USIM changed state: APPSTATE_SUBSCRIPTION_PERSO -> APPSTATE_READY
09-27 15:12:30.662  2249  2249 D RILJ    : [4111]> QUERY_FACILITY_LOCK [FD 7 a0000000871002ff86ffff89ffffffff] [SUB1]
09-27 15:12:30.664  2249  2249 D RILJ    : [4112]> QUERY_FACILITY_LOCK [SC 7 a0000000871002ff86ffff89ffffffff] [SUB1]
09-27 15:12:30.666  2249  2249 D UiccCardApplication: Notifying registrants: READY
09-27 15:12:30.667  2249  2249 D UiccCard: Before privilege rules: Handler (com.android.internal.telephony.uicc.UiccCarrierPrivilegeRules) {4c8d69f} : CARDSTATE_PRESENT
09-27 15:12:30.667  2249  2249 D UiccCard: update: radioState=RADIO_ON mLastRadioState=RADIO_ON
09-27 15:12:30.667  2249  2249 D UiccController: Notifying IccChangedRegistrants
09-27 15:12:30.667  2249  2249 D PhoneSwitcher: handle event - 110
09-27 15:12:30.668  2249  2249 D PhoneSwitcher: handle event - 110
09-27 15:12:30.669  2249  2312 D RILJ    : [4112]< QUERY_FACILITY_LOCK {0} [SUB1]
09-27 15:12:30.669  2249  2312 D RILJ    : [4111]< QUERY_FACILITY_LOCK {0} [SUB1]
09-27 15:12:30.843   939  1023 I RILQ    : (1/939):RIL[1][event] qcril_qmi_nas_reset_data_snapshot_cache_and_timer: Resetting snapshot timer
09-27 15:12:30.847   939  1023 I RILQ    : (1/939):RIL[1][event] qcril_qmi_nas_reset_data_snapshot_cache_and_timer: Resetting snapshot timer
09-27 15:12:30.850   939  1023 I RILQ    : (1/939):RIL[1][event] qcril_qmi_nas_reset_data_snapshot_cache_and_timer: Resetting snapshot timer
09-27 15:12:30.853   939  1023 I RILQ    : (1/939):RIL[1][event] qcril_qmi_nas_reset_data_snapshot_cache_and_timer: Resetting snapshot timer
09-27 15:12:30.856   939  1023 I RILQ    : (1/939):RIL[1][event] qcril_qmi_nas_evaluate_custom_emergency_numbers_for_card: cur_status 19712, card_state 3
09-27 15:12:30.856   939  1023 I RILQ    : (1/939):RIL[1][event] qcril_qmi_nas_evaluate_custom_emergency_numbers_for_card: card_mcc 460, card_mnc 01
09-27 15:12:30.858   939  1023 I RILQ    : (1/939):RIL[1][event] qcril_qmi_nas_add_emergency_numbers: matched with source mcc table using IMSI MCC
09-27 15:12:30.858   939  1023 I RILQ    : (1/939):RIL[1][event] qcril_qmi_nas_add_emergency_numbers: matched with source voice table using IMSI MCC
09-27 15:12:30.859   939  1023 I RILQ    : (1/939):RIL[1][event] qcril_qmi_nas_add_emergency_numbers: Update ril ecclist
09-27 15:12:30.859   939  1023 E RILQ    : (1/939): RIL[1][event] get_ecc_property_name: ecc list name : ril.ecclist1.
09-27 15:12:30.860   939  1023 E RILQ    : (1/939): RIL[1][event] get_ecc_property_name: ecc list name : ril.ecclist1.
09-27 15:12:30.861   939  1023 I RILQ    : (1/939):RIL[1][event] qcril_qmi_nas_evaluate_custom_emergency_numbers_for_card: cur_status 7424, card_state 3
09-27 15:12:30.861   939  1023 I RILQ    : (1/939):RIL[1][event] qcril_qmi_nas_evaluate_custom_emergency_numbers_for_card: card_mcc 460, card_mnc 01
09-27 15:12:30.862   939  1023 I RILQ    : (1/939):RIL[1][event] qcril_qmi_nas_add_emergency_numbers: matched with source mcc table using IMSI MCC
09-27 15:12:30.863   939  1023 I RILQ    : (1/939):RIL[1][event] qcril_qmi_nas_add_emergency_numbers: matched with source voice table using IMSI MCC
09-27 15:12:30.863   939  1023 I RILQ    : (1/939):RIL[1][event] qcril_qmi_nas_add_emergency_numbers: Update ril ecclist
09-27 15:12:30.863   939  1023 E RILQ    : (1/939): RIL[1][event] get_ecc_property_name: ecc list name : ril.ecclist1.
09-27 15:12:30.863   939  1023 E RILQ    : (1/939): RIL[1][event] get_ecc_property_name: ecc list name : ril.ecclist1.
09-27 15:12:30.865   939  1023 I RILQ    : (1/939):RIL[1][event] qcril_qmi_nas_evaluate_custom_emergency_numbers_for_card: cur_status 7424, card_state 3
09-27 15:12:30.865   939  1023 I RILQ    : (1/939):RIL[1][event] qcril_qmi_nas_evaluate_custom_emergency_numbers_for_card: card_mcc 460, card_mnc 01
09-27 15:12:30.866   939  1023 I RILQ    : (1/939):RIL[1][event] qcril_qmi_nas_add_emergency_numbers: matched with source mcc table using IMSI MCC
09-27 15:12:30.867   939  1023 I RILQ    : (1/939):RIL[1][event] qcril_qmi_nas_add_emergency_numbers: matched with source voice table using IMSI MCC
09-27 15:12:30.867   939  1023 I RILQ    : (1/939):RIL[1][event] qcril_qmi_nas_add_emergency_numbers: Update ril ecclist
09-27 15:12:30.867   939  1023 E RILQ    : (1/939): RIL[1][event] get_ecc_property_name: ecc list name : ril.ecclist1.
09-27 15:12:30.868  2249  2312 D RILJ    : Unsol response received for UNSOL_RESPONSE_VOICE_NETWORK_STATE_CHANGED Sending ack to ril.cpp [SUB1]
09-27 15:12:30.868  2249  2312 D RILJ    : [UNSL]< UNSOL_RESPONSE_VOICE_NETWORK_STATE_CHANGED [SUB1]
09-27 15:12:30.869   939  1023 E RILQ    : (1/939): RIL[1][event] get_ecc_property_name: ecc list name : ril.ecclist1.
09-27 15:12:30.870  2249  2312 D RILJ    : Unsol response received for UNSOL_RESPONSE_VOICE_NETWORK_STATE_CHANGED Sending ack to ril.cpp [SUB1]
09-27 15:12:30.870  2249  2312 D RILJ    : [UNSL]< UNSOL_RESPONSE_VOICE_NETWORK_STATE_CHANGED [SUB1]
09-27 15:12:30.872   939  1023 I RILQ    : (1/939):RIL[1][event] qcril_arb_set_dsd_sys_status: old_pref_data 1966186088 - new_data_pref 1966186032
09-27 15:12:30.872   939  1023 I RILQ    : (1/939):RIL[1][event] qcril_arb_set_dsd_sys_status: preferred dsd_sys_status nw=0x0, rat_value=0x0, so_mask=0x0000000000000000
09-27 15:12:30.872   939  1023 I RILQ    : (1/939):RIL[1][event] qcril_arb_set_dsd_sys_status: preferred 1 - dsd_sys_status nw=0x0, rat_value=0x0, so_mask=0x0000000000000000
09-27 15:12:30.872   939  1023 I RILQ    : (1/939):RIL[1][event] qcril_arb_set_dsd_sys_status: is_wwan_available 0
09-27 15:12:30.872   939  1023 I RILQ    : (1/939):RIL[1][event] qcril_qmi_nas_reset_data_snapshot_cache_and_timer: Resetting snapshot timer
09-27 15:12:30.873  2249  2312 D RILJ    : Unsol response received for UNSOL_RESPONSE_VOICE_NETWORK_STATE_CHANGED Sending ack to ril.cpp [SUB1]
09-27 15:12:30.873  2249  2312 D RILJ    : [UNSL]< UNSOL_RESPONSE_VOICE_NETWORK_STATE_CHANGED [SUB1]
09-27 15:12:30.874   939  1023 I RILQ    : (1/939):RIL[1][event] qcril_arb_set_dsd_sys_status: old_pref_data 1966186088 - new_data_pref 1966186032
09-27 15:12:30.874   939  1023 I RILQ    : (1/939):RIL[1][event] qcril_arb_set_dsd_sys_status: preferred dsd_sys_status nw=0x0, rat_value=0x3, so_mask=0x0000000000001000
09-27 15:12:30.874   939  1023 I RILQ    : (1/939):RIL[1][event] qcril_arb_set_dsd_sys_status: preferred 1 - dsd_sys_status nw=0x0, rat_value=0x3, so_mask=0x0000000000001000
09-27 15:12:30.875   939  1023 I RILQ    : (1/939):RIL[1][event] qcril_arb_set_dsd_sys_status: is_wwan_available 0
09-27 15:12:30.875  2249  2312 D RILJ    : Unsol response received for UNSOL_OEM_HOOK_RAW Sending ack to ril.cpp [SUB1]
09-27 15:12:30.876  2249  2312 V RILJ    : [UNSL]< UNSOL_OEM_HOOK_RAW 514f454d484f4f4bfa0308000100000000 [SUB1]
09-27 15:12:30.890  2249  2312 D RILJ    : Unsol response received for UNSOL_RESPONSE_VOICE_NETWORK_STATE_CHANGED Sending ack to ril.cpp [SUB1]
09-27 15:12:30.890  2249  2312 D RILJ    : [UNSL]< UNSOL_RESPONSE_VOICE_NETWORK_STATE_CHANGED [SUB1]
09-27 15:12:30.900  2249  2249 D QtiGsmCdmaPhone: handleMessage: Event: 29
09-27 15:12:30.900  2249  2249 D QtiGsmCdmaPhone: handleMessage: Event: 29
09-27 15:12:30.900  2249  2249 D QtiGsmCdmaPhone: ProvisionStatus: 1 phone id:1
09-27 15:12:30.901  2249  2249 D Phone   : Get video call forwarding info from preferences
09-27 15:12:30.902  2249  2312 D RILJ    : Unsol response received for UNSOL_OEM_HOOK_RAW Sending ack to ril.cpp [SUB1]
09-27 15:12:30.903  2249  2312 V RILJ    : [UNSL]< UNSOL_OEM_HOOK_RAW 514f454d484f4f4bfa0308000100000000 [SUB1]
09-27 15:12:30.905  2249  2312 D RILJ    : Unsol response received for UNSOL_RESPONSE_VOICE_NETWORK_STATE_CHANGED Sending ack to ril.cpp [SUB1]
09-27 15:12:30.905  2249  2312 D RILJ    : [UNSL]< UNSOL_RESPONSE_VOICE_NETWORK_STATE_CHANGED [SUB1]
09-27 15:12:30.907  2249  2249 D SubscriptionInfoUpdater: [Receiver]+
09-27 15:12:30.907  2249  2249 D SubscriptionInfoUpdater: Action: android.intent.action.SIM_STATE_CHANGED
09-27 15:12:30.907  2249  2249 D SubscriptionInfoUpdater: slotId: 1
09-27 15:12:30.907  2249  2249 D SubscriptionInfoUpdater: simStatus: UNKNOWN
09-27 15:12:30.908  2249  2249 D SubscriptionInfoUpdater: [Receiver]-
09-27 15:12:30.908  2249  2249 D PhoneSwitcher: mSimStateIntentReceiver: phoneId = 1 value = UNKNOWN
09-27 15:12:30.910  2249  2249 D PhoneSwitcher: handle event - 110
09-27 15:12:30.911  2249  2249 D PhoneSwitcher: handle event - 110
09-27 15:12:30.912  2249  2249 D TelephonyNetworkFactory[1]: onActivePhoneSwitch(true, true)
09-27 15:12:30.914  2249  2249 D SST     : EVENT_POLL_STATE_NETWORK_SELECTION_MODE
09-27 15:12:30.914  2249  2249 D PhoneSwitcher: handle event - 110
09-27 15:12:30.915  2249  2249 D SIMRecords: [SIMRecords] getOperatorNumeric: IMSI == null
09-27 15:12:30.915  2249  2249 D SST     : handlPollStateResultMessage: GsmSST setDataRegState=1 regState=0 dataRadioTechnology=0
09-27 15:12:30.916  2249  2249 D SST     : EVENT_POLL_STATE_NETWORK_SELECTION_MODE
09-27 15:12:30.916  2249  2249 D SIMRecords: [SIMRecords] getOperatorNumeric: IMSI == null
09-27 15:12:30.918  2249  2249 D SST     : Poll ServiceState done:  oldSS=[1 1 voice home data home null null null null null null  Unknown Unknown CSS not supported -1 -1 RoamInd=-1 DefRoamInd=-1 EmergOnly=false IsDataRoamingFromRegistration=false IsUsingCarrierAggregation=false mRilImsRadioTechnology=0] newSS=[1 1 voice home data home null null null null null null  Unknown Unknown CSS not supported -1 -1 RoamInd=-1 DefRoamInd=-1 EmergOnly=false IsDataRoamingFromRegistration=false IsUsingCarrierAggregation=false mRilImsRadioTechnology=0] oldMaxDataCalls=20 mNewMaxDataCalls=20 oldReasonDataDenied=-1 mNewReasonDataDenied=-1
09-27 15:12:30.919  2249  2249 D PhoneSwitcher: handle event - 110
