09-27 15:12:29.318  1774  1886 I Telecom : PhoneAccountRegistrar: [ComponentInfo{com.android.phone/com.android.services.telephony.TelephonyConnectionService}, [e0184adedf913b076626646d3f52c3b49c39ad6d], UserHandle{0}(icon: Icon(typ=BITMAP size=57x72) -> Icon(typ=BITMAP size=57x72))]: TSI.rPA@BGU
09-27 15:12:29.326  1774  1886 I Telecom : : Sending phone-account registered intent as user: TSI.rPA@BGU
09-27 15:12:29.402  1774  1786 D PowerManagerService: getScreenOffTimeoutLocked:  isTestFlag = false
09-27 15:12:29.405  1774  2746 D PowerManagerService: getScreenOffTimeoutLocked:  isTestFlag = false
09-27 15:12:29.408  1774  2280 D PowerManagerService: getScreenOffTimeoutLocked:  isTestFlag = false
09-27 15:12:29.413  1774  2835 D PowerManagerService: getScreenOffTimeoutLocked:  isTestFlag = false
09-27 15:12:29.417  1774  1886 D PowerManagerService: getScreenOffTimeoutLocked:  isTestFlag = false
09-27 15:12:29.525  1774  1774 D PowerManagerService: getScreenOffTimeoutLocked:  isTestFlag = false
09-27 15:12:29.534  3564  3564 W ContextImpl: Calling a method in the system process without a qualified user: android.app.ContextImpl.sendBroadcast:877 android.content.ContextWrapper.sendBroadcast:421 com.qualcomm.qti.qs.tiles.ApnTile.handleUpdateState:94 com.qualcomm.qti.qs.tiles.ApnTile$ApnObserver.onChange:210 android.database.ContentObserver.onChange:145 
09-27 15:12:29.544  1774  2737 D PowerManagerService: getScreenOffTimeoutLocked:  isTestFlag = false
09-27 15:12:29.553  1774  1787 D PowerManagerService: getScreenOffTimeoutLocked:  isTestFlag = false
09-27 15:12:29.555  1774  2069 D PowerManagerService: getScreenOffTimeoutLocked:  isTestFlag = false
09-27 15:12:29.557  1774  1785 D PowerManagerService: getScreenOffTimeoutLocked:  isTestFlag = false
09-27 15:12:29.719  1774  1886 D PowerManagerService: getScreenOffTimeoutLocked:  isTestFlag = false
09-27 15:12:29.720  1774  1785 D PowerManagerService: getScreenOffTimeoutLocked:  isTestFlag = false
09-27 15:12:29.722  1774  2797 D PowerManagerService: getScreenOffTimeoutLocked:  isTestFlag = false
09-27 15:12:29.724  1774  2069 D PowerManagerService: getScreenOffTimeoutLocked:  isTestFlag = false
09-27 15:12:29.759  1774  2822 D PowerManagerService: getScreenOffTimeoutLocked:  isTestFlag = false
09-27 15:12:29.761  1774  2835 D PowerManagerService: getScreenOffTimeoutLocked:  isTestFlag = false
09-27 15:12:29.766  4752  4752 W ContextImpl: Calling a method in the system process without a qualified user: android.app.ContextImpl.startService:1357 android.content.ContextWrapper.startService:613 android.content.ContextWrapper.startService:613 com.qualcomm.simcontacts.SimStateReceiver.sendSimState:83 com.qualcomm.simcontacts.SimStateReceiver.onReceive:53 
09-27 15:12:29.771  3564  3564 W ContextImpl: Calling a method in the system process without a qualified user: android.app.ContextImpl.sendBroadcast:877 android.content.ContextWrapper.sendBroadcast:421 com.qualcomm.qti.qs.tiles.RoamingTile.handleUpdateState:75 com.qualcomm.qti.qs.tiles.RoamingTile$RoamingObserver.onChange:109 android.database.ContentObserver.onChange:130 
09-27 15:12:29.788  1774  2737 D PowerManagerService: getScreenOffTimeoutLocked:  isTestFlag = false
09-27 15:12:29.793  1774  2835 D PowerManagerService: getScreenOffTimeoutLocked:  isTestFlag = false
09-27 15:12:29.795  1774  2280 D PowerManagerService: getScreenOffTimeoutLocked:  isTestFlag = false
09-27 15:12:29.801  1774  1786 D PowerManagerService: getScreenOffTimeoutLocked:  isTestFlag = false
09-27 15:12:29.804  3564  3564 W ContextImpl: Calling a method in the system process without a qualified user: android.app.ContextImpl.sendBroadcast:877 android.content.ContextWrapper.sendBroadcast:421 com.qualcomm.qti.qs.tiles.DataTile.handleUpdateState:77 com.qualcomm.qti.qs.tiles.DataTile$DataObserver.onChange:99 android.database.ContentObserver.onChange:130 
09-27 15:12:29.826  1774  2736 D PowerManagerService: getScreenOffTimeoutLocked:  isTestFlag = false
09-27 15:12:29.847  3564  3564 W ContextImpl: Calling a method in the system process without a qualified user: android.app.ContextImpl.sendBroadcast:877 android.content.ContextWrapper.sendBroadcast:421 com.qualcomm.qti.qs.tiles.DdsTile.handleUpdateState:102 com.qualcomm.qti.qs.tiles.DdsTile$DdsObserver.onChange:154 android.database.ContentObserver.onChange:130 
09-27 15:12:29.986  1774  1786 D PowerManagerService: getScreenOffTimeoutLocked:  isTestFlag = false
09-27 15:12:30.002  1774  2280 D PowerManagerService: getScreenOffTimeoutLocked:  isTestFlag = false
09-27 15:12:30.006  1774  2902 D PowerManagerService: getScreenOffTimeoutLocked:  isTestFlag = false
09-27 15:12:30.007  1774  2835 I Telecom : PhoneAccountRegistrar: New phone account registered: [[ ] PhoneAccount: ComponentInfo{com.android.phone/com.android.services.telephony.TelephonyConnectionService}, [da4b9237bacccdf19c0760cab7aec4a8359010b0], UserHandle{0} Capabilities: CallProvider MultiUser PlaceEmerg SimSub  Audio Routes: BESW Schemes: tel voicemail  Extras: null GroupId: [da39a3ee5e6b4b0d3255bfef95601890afd80709]]: TSI.rPA@BGo
09-27 15:12:30.021  1774  2835 I Telecom : : Sending phone-account registered intent as user: TSI.rPA@BGo
09-27 15:12:30.051  1774  1785 E Telecom : : Could not parse subId2 E: TSI.gCCPA@BGs
09-27 15:12:30.051  1774  1785 E Telecom : java.lang.NumberFormatException: For input string: "E"
09-27 15:12:30.051  1774  1785 E Telecom : 	at java.lang.Integer.parseInt(Integer.java:521)
09-27 15:12:30.051  1774  1785 E Telecom : 	at java.lang.Integer.parseInt(Integer.java:556)
09-27 15:12:30.051  1774  1785 E Telecom : 	at com.android.server.telecom.PhoneAccountRegistrar$6.compare(PhoneAccountRegistrar.java:902)
09-27 15:12:30.051  1774  1785 E Telecom : 	at com.android.server.telecom.PhoneAccountRegistrar$6.compare(PhoneAccountRegistrar.java:887)
09-27 15:12:30.051  1774  1785 E Telecom : 	at java.util.TimSort.countRunAndMakeAscending(TimSort.java:351)
09-27 15:12:30.051  1774  1785 E Telecom : 	at java.util.TimSort.sort(TimSort.java:216)
09-27 15:12:30.051  1774  1785 E Telecom : 	at java.util.Arrays.sort(Arrays.java:1523)
09-27 15:12:30.051  1774  1785 E Telecom : 	at java.util.Collections.sort(Collections.java:238)
09-27 15:12:30.051  1774  1785 E Telecom : 	at com.android.server.telecom.PhoneAccountRegistrar.getPhoneAccountHandles(PhoneAccountRegistrar.java:886)
09-27 15:12:30.051  1774  1785 E Telecom : 	at com.android.server.telecom.PhoneAccountRegistrar.getCallCapablePhoneAccounts(PhoneAccountRegistrar.java:565)
09-27 15:12:30.051  1774  1785 E Telecom : 	at com.android.server.telecom.TelecomServiceImpl$1.getCallCapablePhoneAccounts(TelecomServiceImpl.java:190)
09-27 15:12:30.051  1774  1785 E Telecom : 	at com.android.internal.telecom.ITelecomService$Stub.onTransact(ITelecomService.java:114)
09-27 15:12:30.051  1774  1785 E Telecom : 	at android.os.Binder.execTransact(Binder.java:565)
09-27 15:12:30.064  1774  2737 I Telecom : : Sending phone-account unregistered intent as user: TSI.uPA@BGw
09-27 15:12:30.098  1774  2883 D PowerManagerService: getScreenOffTimeoutLocked:  isTestFlag = false
09-27 15:12:30.114  1774  2736 D PowerManagerService: getScreenOffTimeoutLocked:  isTestFlag = false
09-27 15:12:30.144  1774  2795 W ContextImpl: Calling a method in the system process without a qualified user: android.app.ContextImpl.sendBroadcast:877 android.content.ContextWrapper.sendBroadcast:421 com.android.server.telecom.PhoneAccountRegistrar.fireDefaultOutgoingChanged:714 com.android.server.telecom.PhoneAccountRegistrar.setUserSelectedOutgoingPhoneAccount:330 com.android.server.telecom.TelecomServiceImpl$1.setUserSelectedOutgoingPhoneAccount:164 
09-27 15:12:30.158  1774  2280 D PowerManagerService: getScreenOffTimeoutLocked:  isTestFlag = false
09-27 15:12:30.160  1774  2883 D PowerManagerService: getScreenOffTimeoutLocked:  isTestFlag = false
09-27 15:12:30.162  1774  1981 D PowerManagerService: getScreenOffTimeoutLocked:  isTestFlag = false
09-27 15:12:30.164  1774  2901 D PowerManagerService: getScreenOffTimeoutLocked:  isTestFlag = false
09-27 15:12:30.200  1774  1774 I Telecom : ViceNotificationImpl: mImsIntentReceiver: action com.android.ims.IMS_SERVICE_UP
09-27 15:12:30.318  1774  1886 D PowerManagerService: getScreenOffTimeoutLocked:  isTestFlag = false
09-27 15:12:30.335  1774  1981 I Telecom : PhoneAccountRegistrar: [ComponentInfo{com.android.phone/com.android.services.telephony.TelephonyConnectionService}, [da4b9237bacccdf19c0760cab7aec4a8359010b0], UserHandle{0}(icon: Icon(typ=BITMAP size=72x72) -> Icon(typ=BITMAP size=72x72))]: TSI.rPA@BHQ
09-27 15:12:30.348  1774  1981 I Telecom : : Sending phone-account registered intent as user: TSI.rPA@BHQ
09-27 15:12:30.382  1774  2069 D PowerManagerService: getScreenOffTimeoutLocked:  isTestFlag = false
09-27 15:12:30.511  1774  2795 D PowerManagerService: getScreenOffTimeoutLocked:  isTestFlag = false
09-27 15:12:30.513  1774  2797 D PowerManagerService: getScreenOffTimeoutLocked:  isTestFlag = false
09-27 15:12:30.515  1774  2902 D PowerManagerService: getScreenOffTimeoutLocked:  isTestFlag = false
09-27 15:12:30.517  1774  2280 D PowerManagerService: getScreenOffTimeoutLocked:  isTestFlag = false
09-27 15:12:30.526  1774  2737 D PowerManagerService: getScreenOffTimeoutLocked:  isTestFlag = false
09-27 15:12:30.529  1774  2069 D PowerManagerService: getScreenOffTimeoutLocked:  isTestFlag = false
09-27 15:12:30.532  1774  2835 D PowerManagerService: getScreenOffTimeoutLocked:  isTestFlag = false
09-27 15:12:30.534  1774  2822 D PowerManagerService: getScreenOffTimeoutLocked:  isTestFlag = false
09-27 15:12:30.646  1774  2835 I Telecom : PhoneAccountRegistrar: [ComponentInfo{com.android.phone/com.android.services.telephony.TelephonyConnectionService}, [da4b9237bacccdf19c0760cab7aec4a8359010b0], UserHandle{0}(icon: Icon(typ=BITMAP size=72x72) -> Icon(typ=BITMAP size=72x72))]: TSI.rPA@BHc
09-27 15:12:30.657  1774  2835 I Telecom : : Sending phone-account registered intent as user: TSI.rPA@BHc
09-27 15:12:30.663  1774  2736 D PowerManagerService: getScreenOffTimeoutLocked:  isTestFlag = false
09-27 15:12:30.665  1774  1786 D PowerManagerService: getScreenOffTimeoutLocked:  isTestFlag = false
09-27 15:12:30.867  1774  2901 D PowerManagerService: getScreenOffTimeoutLocked:  isTestFlag = false
09-27 15:12:30.869  1774  2883 D PowerManagerService: getScreenOffTimeoutLocked:  isTestFlag = false
09-27 15:12:30.872  1774  2901 D PowerManagerService: getScreenOffTimeoutLocked:  isTestFlag = false
09-27 15:12:30.875  1774  2069 D PowerManagerService: getScreenOffTimeoutLocked:  isTestFlag = false
09-27 15:12:30.890  1774  2835 D PowerManagerService: getScreenOffTimeoutLocked:  isTestFlag = false
09-27 15:12:30.901  1774  2823 D PowerManagerService: getScreenOffTimeoutLocked:  isTestFlag = false
09-27 15:12:30.904  1774  2746 D PowerManagerService: getScreenOffTimeoutLocked:  isTestFlag = false
09-27 15:12:31.011  1774  2737 I ActivityManager: Start proc 8671:com.google.android.apps.messaging/u0a86 for broadcast com.google.android.apps.messaging/.shared.receiver.DefaultSmsSubscriptionChangeReceiver
09-27 15:12:31.021  1774  2902 I Telecom : PhoneAccountRegistrar: [ComponentInfo{com.android.phone/com.android.services.telephony.TelephonyConnectionService}, [da4b9237bacccdf19c0760cab7aec4a8359010b0], UserHandle{0}(icon: Icon(typ=BITMAP size=72x72) -> Icon(typ=BITMAP size=72x72))]: TSI.rPA@BHk
09-27 15:12:31.031  1774  2902 I Telecom : : Sending phone-account registered intent as user: TSI.rPA@BHk
09-27 15:12:31.035  1774  2736 D PowerManagerService: getScreenOffTimeoutLocked:  isTestFlag = false
09-27 15:12:31.049  1774  2823 D PowerManagerService: getScreenOffTimeoutLocked:  isTestFlag = false
09-27 15:12:31.063  1774  2069 D PowerManagerService: getScreenOffTimeoutLocked:  isTestFlag = false
09-27 15:12:31.098  1774  2069 D PowerManagerService: getScreenOffTimeoutLocked:  isTestFlag = false
09-27 15:12:31.104  1774  2901 D PowerManagerService: getScreenOffTimeoutLocked:  isTestFlag = false
09-27 15:12:31.106  1774  2902 D PowerManagerService: getScreenOffTimeoutLocked:  isTestFlag = false
09-27 15:12:31.106  1774  1786 D PowerManagerService: getScreenOffTimeoutLocked:  isTestFlag = false
09-27 15:12:31.114  1774  2736 D PowerManagerService: getScreenOffTimeoutLocked:  isTestFlag = false
09-27 15:12:31.117  1774  2737 D PowerManagerService: getScreenOffTimeoutLocked:  isTestFlag = false
09-27 15:12:31.121  1774  2280 D PowerManagerService: getScreenOffTimeoutLocked:  isTestFlag = false
09-27 15:12:31.123  1774  1886 D PowerManagerService: getScreenOffTimeoutLocked:  isTestFlag = false
09-27 15:12:31.126  1774  2069 D PowerManagerService: getScreenOffTimeoutLocked:  isTestFlag = false
09-27 15:12:31.128  1774  2901 D PowerManagerService: getScreenOffTimeoutLocked:  isTestFlag = false
09-27 15:12:31.130  1774  2822 D PowerManagerService: getScreenOffTimeoutLocked:  isTestFlag = false
09-27 15:12:31.131  1774  2902 D PowerManagerService: getScreenOffTimeoutLocked:  isTestFlag = false
09-27 15:12:31.132  1774  1786 D PowerManagerService: getScreenOffTimeoutLocked:  isTestFlag = false
09-27 15:12:31.133  1774  1981 D PowerManagerService: getScreenOffTimeoutLocked:  isTestFlag = false
09-27 15:12:31.135  1774  2746 D PowerManagerService: getScreenOffTimeoutLocked:  isTestFlag = false
09-27 15:12:31.136  1774  2736 D PowerManagerService: getScreenOffTimeoutLocked:  isTestFlag = false
09-27 15:12:31.137  1774  2279 D PowerManagerService: getScreenOffTimeoutLocked:  isTestFlag = false
09-27 15:12:31.138  1774  2737 D PowerManagerService: getScreenOffTimeoutLocked:  isTestFlag = false
09-27 15:12:31.140  1774  2797 D PowerManagerService: getScreenOffTimeoutLocked:  isTestFlag = false
09-27 15:12:31.141  1774  2280 D PowerManagerService: getScreenOffTimeoutLocked:  isTestFlag = false
09-27 15:12:31.143  1774  1886 D PowerManagerService: getScreenOffTimeoutLocked:  isTestFlag = false
09-27 15:12:31.144  1774  2835 D PowerManagerService: getScreenOffTimeoutLocked:  isTestFlag = false
09-27 15:12:31.146  1774  2069 D PowerManagerService: getScreenOffTimeoutLocked:  isTestFlag = false
09-27 15:12:31.147  1774  2901 D PowerManagerService: getScreenOffTimeoutLocked:  isTestFlag = false
09-27 15:12:31.149  1774  2822 D PowerManagerService: getScreenOffTimeoutLocked:  isTestFlag = false
09-27 15:12:31.150  1774  2902 D PowerManagerService: getScreenOffTimeoutLocked:  isTestFlag = false
09-27 15:12:31.151  1774  1786 D PowerManagerService: getScreenOffTimeoutLocked:  isTestFlag = false
09-27 15:12:31.153  1774  1981 D PowerManagerService: getScreenOffTimeoutLocked:  isTestFlag = false
09-27 15:12:31.154  1774  2746 D PowerManagerService: getScreenOffTimeoutLocked:  isTestFlag = false
09-27 15:12:31.155  1774  2736 D PowerManagerService: getScreenOffTimeoutLocked:  isTestFlag = false
09-27 15:12:31.156  1774  1785 D PowerManagerService: getScreenOffTimeoutLocked:  isTestFlag = false
09-27 15:12:31.158  1774  2797 D PowerManagerService: getScreenOffTimeoutLocked:  isTestFlag = false
09-27 15:12:31.159  1774  2823 D PowerManagerService: getScreenOffTimeoutLocked:  isTestFlag = false
09-27 15:12:31.161  1774  2280 D PowerManagerService: getScreenOffTimeoutLocked:  isTestFlag = false
09-27 15:12:31.163  1774  2883 D PowerManagerService: getScreenOffTimeoutLocked:  isTestFlag = false
09-27 15:12:31.176  1774  2901 D PowerManagerService: getScreenOffTimeoutLocked:  isTestFlag = false
09-27 15:12:31.178  1774  2822 D PowerManagerService: getScreenOffTimeoutLocked:  isTestFlag = false
09-27 15:12:31.182  1774  2737 D PowerManagerService: getScreenOffTimeoutLocked:  isTestFlag = false
09-27 15:12:31.188  1774  2823 D PowerManagerService: getScreenOffTimeoutLocked:  isTestFlag = false
09-27 15:12:31.195  1774  2822 D PowerManagerService: getScreenOffTimeoutLocked:  isTestFlag = false
09-27 15:12:31.215  1774  2835 D PowerManagerService: getScreenOffTimeoutLocked:  isTestFlag = false
09-27 15:12:31.217  1774  2901 D PowerManagerService: getScreenOffTimeoutLocked:  isTestFlag = false
09-27 15:12:31.220  1774  2883 D PowerManagerService: getScreenOffTimeoutLocked:  isTestFlag = false
09-27 15:12:31.224  1774  2069 D PowerManagerService: getScreenOffTimeoutLocked:  isTestFlag = false
09-27 15:12:31.228  1774  2737 D PowerManagerService: getScreenOffTimeoutLocked:  isTestFlag = false
09-27 15:12:31.229  1774  1785 D PowerManagerService: getScreenOffTimeoutLocked:  isTestFlag = false
09-27 15:12:31.231  1774  2736 D PowerManagerService: getScreenOffTimeoutLocked:  isTestFlag = false
09-27 15:12:31.232  1774  1981 D PowerManagerService: getScreenOffTimeoutLocked:  isTestFlag = false
09-27 15:12:31.234  1774  2835 D PowerManagerService: getScreenOffTimeoutLocked:  isTestFlag = false
09-27 15:12:31.236  1774  2902 D PowerManagerService: getScreenOffTimeoutLocked:  isTestFlag = false
09-27 15:12:31.238  1774  2822 D PowerManagerService: getScreenOffTimeoutLocked:  isTestFlag = false
09-27 15:12:31.240  1774  2737 D PowerManagerService: getScreenOffTimeoutLocked:  isTestFlag = false
09-27 15:12:31.251  1774  2883 D PowerManagerService: getScreenOffTimeoutLocked:  isTestFlag = false
09-27 15:12:31.253  1774  1886 D PowerManagerService: getScreenOffTimeoutLocked:  isTestFlag = false
09-27 15:12:31.257  1774  1785 D PowerManagerService: getScreenOffTimeoutLocked:  isTestFlag = false
09-27 15:12:31.260  1774  2737 D PowerManagerService: getScreenOffTimeoutLocked:  isTestFlag = false
09-27 15:12:31.268  1774  2901 D PowerManagerService: getScreenOffTimeoutLocked:  isTestFlag = false
09-27 15:12:31.271  1774  2795 D PowerManagerService: getScreenOffTimeoutLocked:  isTestFlag = false
09-27 15:12:31.273  1774  2797 D PowerManagerService: getScreenOffTimeoutLocked:  isTestFlag = false
09-27 15:12:31.275  1774  1981 D PowerManagerService: getScreenOffTimeoutLocked:  isTestFlag = false
09-27 15:12:31.399  1774  2901 D PowerManagerService: getScreenOffTimeoutLocked:  isTestFlag = false
09-27 15:12:31.436  1774  2822 D PowerManagerService: getScreenOffTimeoutLocked:  isTestFlag = false
09-27 15:12:31.452  1774  1774 D PowerManagerService: getScreenOffTimeoutLocked:  isTestFlag = false
09-27 15:12:31.484  1774  2280 D PowerManagerService: getScreenOffTimeoutLocked:  isTestFlag = false
09-27 15:12:31.487  1774  2797 D PowerManagerService: getScreenOffTimeoutLocked:  isTestFlag = false
09-27 15:12:31.489  1774  2736 D PowerManagerService: getScreenOffTimeoutLocked:  isTestFlag = false
09-27 15:12:31.490  1774  2746 D PowerManagerService: getScreenOffTimeoutLocked:  isTestFlag = false
09-27 15:12:31.505  1774  1787 D PowerManagerService: getScreenOffTimeoutLocked:  isTestFlag = false
09-27 15:12:31.507  1774  2069 D PowerManagerService: getScreenOffTimeoutLocked:  isTestFlag = false
09-27 15:12:31.513  1774  2901 D PowerManagerService: getScreenOffTimeoutLocked:  isTestFlag = false
09-27 15:12:31.516  1774  2736 D PowerManagerService: getScreenOffTimeoutLocked:  isTestFlag = false
09-27 15:12:31.562  1774  2883 D PowerManagerService: getScreenOffTimeoutLocked:  isTestFlag = false
09-27 15:12:31.592  1774  2883 D PowerManagerService: getScreenOffTimeoutLocked:  isTestFlag = false
09-27 15:12:31.605  1774  2279 D PowerManagerService: getScreenOffTimeoutLocked:  isTestFlag = false
09-27 15:12:31.818  1774  2795 I Telecom : PhoneAccountRegistrar: [ComponentInfo{com.android.phone/com.android.services.telephony.TelephonyConnectionService}, [da4b9237bacccdf19c0760cab7aec4a8359010b0], UserHandle{0}(icon: Icon(typ=BITMAP size=72x72) -> Icon(typ=BITMAP size=72x72))]: TSI.rPA@BHw
09-27 15:12:31.828  1774  2795 I Telecom : : Sending phone-account registered intent as user: TSI.rPA@BHw
09-27 15:12:31.852  1774  2746 D PowerManagerService: getScreenOffTimeoutLocked:  isTestFlag = false
09-27 15:12:31.855  1774  1786 W ActivityManager: Unable to start service Intent { act=com.google.android.gms.analytics.service.START cmp=com.google.android.gms/.analytics.service.AnalyticsService (has extras) } U=0: not found
09-27 15:12:31.936  1774  1774 D PowerManagerService: getScreenOffTimeoutLocked:  isTestFlag = false
09-27 15:12:31.952  2249  2249 D MccTable: updateMccMncConfiguration mccmnc='46001' fromServiceState=true
09-27 15:12:31.954  2249  2249 D MccTable: updateMccMncConfiguration defaultMccMnc=
09-27 15:12:31.954  2249  2249 D MccTable: updateMccMncConfiguration: mcc=460, mnc=1
09-27 15:12:31.955  2249  2249 D MccTable: WIFI_COUNTRY_CODE set to cn
09-27 15:12:31.955  1774  2280 I WifiService: WifiService trying to set country code to cn with persist set to false
--------- beginning of main
09-27 15:12:31.958  1966  1966 D wpa_supplicant: nl80211: Regulatory information - country=CN (DFS-FCC)
09-27 15:12:31.958  1966  1966 D wpa_supplicant: nl80211: 2402-2482 @ 40 MHz 20 mBm
09-27 15:12:31.958  1966  1966 D wpa_supplicant: nl80211: 5170-5250 @ 80 MHz 23 mBm
09-27 15:12:31.958  1966  1966 D wpa_supplicant: nl80211: 5250-5330 @ 80 MHz 23 mBm (DFS)
09-27 15:12:31.958  1966  1966 D wpa_supplicant: nl80211: 5735-5835 @ 80 MHz 30 mBm
09-27 15:12:31.958  1966  1966 D wpa_supplicant: nl80211: 57240-59400 @ 2160 MHz 28 mBm
09-27 15:12:31.958  1966  1966 D wpa_supplicant: nl80211: 59400-63720 @ 2160 MHz 44 mBm
09-27 15:12:31.958  1966  1966 D wpa_supplicant: nl80211: 63720-65880 @ 2160 MHz 28 mBm
09-27 15:12:31.958  1966  1966 D wpa_supplicant: nl80211: Added 802.11b mode based on 802.11g information
09-27 15:12:31.958  1966  1966 D wpa_supplicant: wlan0: Determining shared radio frequencies (max len 2)
09-27 15:12:31.958  1966  1966 D wpa_supplicant: wlan0: Shared frequencies (len=0): completed iteration
09-27 15:12:31.958  1966  1966 D wpa_supplicant: P2P: Add operating class 81
09-27 15:12:31.958  1966  1966 D wpa_supplicant: P2P: Channels - hexdump(len=13): 01 02 03 04 05 06 07 08 09 0a 0b 0c 0d
09-27 15:12:31.958  1966  1966 D wpa_supplicant: P2P: Update channel list
09-27 15:12:31.958  1966  1966 D wpa_supplicant: P2P: channels: 81:1,2,3,4,5,6,7,8,9,10,11,12,13
09-27 15:12:31.958  1966  1966 D wpa_supplicant: P2P: cli_channels:
09-27 15:12:31.958  1966  1966 D wpa_supplicant: CTRL-DEBUG: global_ctrl_sock-sendto: sock=8 sndbuf=212992 outq=0 send_len=3
09-27 15:12:31.962  1774  2280 I chatty  : uid=1000(system) Binder:1774_7 expire 7 lines
09-27 15:12:31.979  1774  1787 D PowerManagerService: getScreenOffTimeoutLocked:  isTestFlag = false
09-27 15:12:31.995  8671  8727 I BugleBackup: Registering preference change listener for "buglesub_2".
09-27 15:12:32.002  8671  8727 I BugleRcs: RcsAvailability updated: RCS is disabled because the device has multiple SIM slots
09-27 15:12:32.007  8671  8671 V BugleThrottledAction: SelfParticipantsRefreshAction scheduled to run now.
09-27 15:12:32.060  1774  1774 I Telecom : CallLogManager: Country ISO changed. Retrieving new ISO...: CLM.oCD@BH8
09-27 15:12:32.062  8671  8671 V BugleThrottledAction: CountryCodeDetectorAction scheduled to run now.
09-27 15:12:32.063  8671  8671 D BugleThrottledAction: CountryCodeDetectorAction already scheduled in 0ms, not scheduling it again.
09-27 15:12:32.108  8671  8671 D BugleThrottledAction: SelfParticipantsRefreshAction scheduled in 119954ms, so not scheduled again.
09-27 15:12:32.108  8671  8671 I Bugle   : Carrier config changed. Reloading MMS config.
09-27 15:12:32.120  1774  2901 D PowerManagerService: getScreenOffTimeoutLocked:  isTestFlag = false
09-27 15:12:32.138  1774  2280 D PowerManagerService: getScreenOffTimeoutLocked:  isTestFlag = false
09-27 15:12:32.140  8671  8671 D BugleThrottledAction: CountryCodeDetectorAction scheduled in 119936ms, so not scheduled again.
09-27 15:12:32.141  8671  8671 D BugleThrottledAction: SelfParticipantsRefreshAction already scheduled in 119880ms, not scheduling it again.
09-27 15:12:32.145  1774  2983 D PowerManagerService: getScreenOffTimeoutLocked:  isTestFlag = false
09-27 15:12:32.148  1774  2797 D PowerManagerService: getScreenOffTimeoutLocked:  isTestFlag = false
09-27 15:12:32.153  8671  8671 I BugleRcs: Broadcast disable RCS for availability (11)
09-27 15:12:32.154  1774  2737 D PowerManagerService: getScreenOffTimeoutLocked:  isTestFlag = false
09-27 15:12:32.155  1774  2795 D PowerManagerService: getScreenOffTimeoutLocked:  isTestFlag = false
09-27 15:12:32.160  1774  2736 D PowerManagerService: getScreenOffTimeoutLocked:  isTestFlag = false
09-27 15:12:32.164  1774  2746 D PowerManagerService: getScreenOffTimeoutLocked:  isTestFlag = false
09-27 15:12:32.165  1774  1886 D PowerManagerService: getScreenOffTimeoutLocked:  isTestFlag = false
09-27 15:12:32.167  1774  2795 D PowerManagerService: getScreenOffTimeoutLocked:  isTestFlag = false
09-27 15:12:32.168  1774  2835 D PowerManagerService: getScreenOffTimeoutLocked:  isTestFlag = false
09-27 15:12:32.184  8671  8728 W Bugle   : canonicalizeMccMnc: invalid mccmnc:null ,null
09-27 15:12:32.221  8671  8729 D Primes  : Crash metric disabled - not registering for startup notifications.
09-27 15:12:32.221  8671  8729 D Primes  : Package metric disabled.
09-27 15:12:32.221  8671  8729 D Primes  : Battery metric disabled
09-27 15:12:32.221  8671  8729 D Primes  : MagicEye logging metric disabled
09-27 15:12:32.229  1774  2737 D PowerManagerService: getScreenOffTimeoutLocked:  isTestFlag = false
09-27 15:12:32.239  1774  2069 D CryptdConnector: SND -> {10 cryptfs getpwtype}
09-27 15:12:32.242   444   454 D VoldCryptCmdListener: cryptfs getpwtype
09-27 15:12:32.243  1774  1889 D CryptdConnector: RCV <- {213 10 default}
09-27 15:12:32.260  1774  2823 I Telecom : PhoneAccountRegistrar: [ComponentInfo{com.android.phone/com.android.services.telephony.TelephonyConnectionService}, [da4b9237bacccdf19c0760cab7aec4a8359010b0], UserHandle{0}(icon: Icon(typ=BITMAP size=72x72) -> Icon(typ=BITMAP size=72x72))]: TSI.rPA@BIA
09-27 15:12:32.261  1774  2822 D MmsServiceBroker: getCarrierConfigValues() by com.google.android.apps.messaging
09-27 15:12:32.269  1774  2823 I Telecom : : Sending phone-account registered intent as user: TSI.rPA@BIA
09-27 15:12:32.271  8671  8728 I Bugle   : Carrier configs loaded: Bundle[{httpSocketTimeout=60000, aliasMinChars=2, smsToMmsTextThreshold=-1, enableSMSDeliveryReports=true, maxMessageTextSize=-1, supportMmsContentDisposition=true, enabledTransID=false, aliasEnabled=false, supportHttpCharsetHeader=false, allowAttachAudio=true, smsToMmsTextLengthThreshold=-1, recipientLimit=2147483647, uaProfTagName=x-wap-profile, aliasMaxChars=48, maxImageHeight=480, enableMMSDeliveryReports=false, userAgent=, mmsCloseConnection=false, config_cellBroadcastAppLinks=true, maxSubjectLength=40, httpParams=, enableGroupMms=true, emailGatewayNumber=, maxMessageSize=307200, naiSuffix=, enableMMSReadReports=false, maxImageWidth=640, uaProfUrl=, enabledMMS=true, enabledNotifyWapMMSC=false, sendMultipartSmsAsSeparateMessages=false, enableMultipartSMS=true}] from resources+system for subId=2
09-27 15:12:32.273  8671  8728 V BugleThrottledAction: UpdateUnreadCounterAction scheduled to run now.
09-27 15:12:32.274  8671  8728 D BugleThrottledAction: UpdateUnreadCounterAction already scheduled in 0ms, not scheduling it again.
09-27 15:12:32.278  2249  8737 I chatty  : uid=1001(radio) com.android.phone expire 2 lines
09-27 15:12:32.305  1774  2736 I chatty  : uid=1000(system) Binder:1774_8 expire 6 lines
09-27 15:12:32.374  1774  2280 D PowerManagerService: getScreenOffTimeoutLocked:  isTestFlag = false
09-27 15:12:32.397  4923  4923 I qti-logkit.cDropboxReceiver: onReceive() intent Intent { act=android.intent.action.DROPBOX_ENTRY_ADDED flg=0x10 (has extras) }
09-27 15:12:32.398  4923  4923 I qti-logkit.cDropboxReceiver: onReceive() intent Intent { act=android.intent.action.DROPBOX_ENTRY_ADDED flg=0x10 (has extras) }
09-27 15:12:32.407  8671  8732 W Bugle   : canonicalizeMccMnc: invalid mccmnc:null ,null
09-27 15:12:32.425  1774  2746 D MmsServiceBroker: getCarrierConfigValues() by com.google.android.apps.messaging
09-27 15:12:32.430  8671  8732 I Bugle   : Carrier configs loaded: Bundle[{httpSocketTimeout=60000, aliasMinChars=2, smsToMmsTextThreshold=-1, enableSMSDeliveryReports=true, maxMessageTextSize=-1, supportMmsContentDisposition=true, enabledTransID=false, aliasEnabled=false, supportHttpCharsetHeader=false, allowAttachAudio=true, smsToMmsTextLengthThreshold=-1, recipientLimit=2147483647, uaProfTagName=x-wap-profile, aliasMaxChars=48, maxImageHeight=480, enableMMSDeliveryReports=false, userAgent=, mmsCloseConnection=false, config_cellBroadcastAppLinks=true, maxSubjectLength=40, httpParams=, enableGroupMms=true, emailGatewayNumber=, maxMessageSize=307200, naiSuffix=, enableMMSReadReports=false, maxImageWidth=640, uaProfUrl=, enabledMMS=true, enabledNotifyWapMMSC=false, sendMultipartSmsAsSeparateMessages=false, enableMultipartSMS=true}] from resources+system for subId=2
09-27 15:12:32.492  1774  1886 W ActivityManager: Unable to start service Intent { act=com.google.android.gms.analytics.service.START cmp=com.google.android.gms/.analytics.service.AnalyticsService (has extras) } U=0: not found
09-27 15:12:32.495  1774  1785 I Telecom : PhoneAccountRegistrar: [ComponentInfo{com.android.phone/com.android.services.telephony.TelephonyConnectionService}, [da4b9237bacccdf19c0760cab7aec4a8359010b0], UserHandle{0}(icon: Icon(typ=BITMAP size=72x72) -> Icon(typ=BITMAP size=72x72))]: TSI.rPA@BII
09-27 15:12:32.498  8456  8610 W GAV2    : Thread[Service Reconnect,5,main]: Service unavailable (code=1), using local store.
09-27 15:12:32.501  8671  8693 W Bugle   : canonicalizeMccMnc: invalid mccmnc:null ,null
09-27 15:12:32.505  1774  1785 I Telecom : : Sending phone-account registered intent as user: TSI.rPA@BII
09-27 15:12:32.523  1774  2795 D MmsServiceBroker: getCarrierConfigValues() by com.google.android.apps.messaging
09-27 15:12:32.526  8671  8693 I Bugle   : Carrier configs loaded: Bundle[{httpSocketTimeout=60000, aliasMinChars=2, smsToMmsTextThreshold=-1, enableSMSDeliveryReports=true, maxMessageTextSize=-1, supportMmsContentDisposition=true, enabledTransID=false, aliasEnabled=false, supportHttpCharsetHeader=false, allowAttachAudio=true, smsToMmsTextLengthThreshold=-1, recipientLimit=2147483647, uaProfTagName=x-wap-profile, aliasMaxChars=48, maxImageHeight=480, enableMMSDeliveryReports=false, userAgent=, mmsCloseConnection=false, config_cellBroadcastAppLinks=true, maxSubjectLength=40, httpParams=, enableGroupMms=true, emailGatewayNumber=, maxMessageSize=307200, naiSuffix=, enableMMSReadReports=false, maxImageWidth=640, uaProfUrl=, enabledMMS=true, enabledNotifyWapMMSC=false, sendMultipartSmsAsSeparateMessages=false, enableMultipartSMS=true}] from resources+system for subId=2
09-27 15:12:32.535  2249  8739 I chatty  : uid=1001(radio) com.android.phone expire 2 lines
09-27 15:12:32.535  1774  2279 D PowerManagerService: getScreenOffTimeoutLocked:  isTestFlag = false
09-27 15:12:32.541  1774  2822 D PowerManagerService: getScreenOffTimeoutLocked:  isTestFlag = false
09-27 15:12:32.582  1774  2902 I ActivityManager: Killing 6283:com.google.android.music:main/u0a70 (adj 906): empty #17
09-27 15:12:32.586  1774  1785 I Telecom : PhoneAccountRegistrar: [ComponentInfo{com.android.phone/com.android.services.telephony.TelephonyConnectionService}, [da4b9237bacccdf19c0760cab7aec4a8359010b0], UserHandle{0}(icon: Icon(typ=BITMAP size=72x72) -> Icon(typ=BITMAP size=72x72))]: TSI.rPA@BIY
09-27 15:12:32.596  1774  1785 I Telecom : : Sending phone-account registered intent as user: TSI.rPA@BIY
09-27 15:12:32.599  8671  8727 W Bugle   : canonicalizeMccMnc: invalid mccmnc:null ,null
09-27 15:12:32.620  1774  2069 D PowerManagerService: getScreenOffTimeoutLocked:  isTestFlag = false
09-27 15:12:32.622  1774  2823 D MmsServiceBroker: getCarrierConfigValues() by com.google.android.apps.messaging
09-27 15:12:32.627  1774  2835 D PowerManagerService: getScreenOffTimeoutLocked:  isTestFlag = false
09-27 15:12:32.628  1774  2069 D ActivityManager: cleanUpApplicationRecord -- 6283
09-27 15:12:32.628  8671  8727 I Bugle   : Carrier configs loaded: Bundle[{httpSocketTimeout=60000, aliasMinChars=2, smsToMmsTextThreshold=-1, enableSMSDeliveryReports=true, maxMessageTextSize=-1, supportMmsContentDisposition=true, enabledTransID=false, aliasEnabled=false, supportHttpCharsetHeader=false, allowAttachAudio=true, smsToMmsTextLengthThreshold=-1, recipientLimit=2147483647, uaProfTagName=x-wap-profile, aliasMaxChars=48, maxImageHeight=480, enableMMSDeliveryReports=false, userAgent=, mmsCloseConnection=false, config_cellBroadcastAppLinks=true, maxSubjectLength=40, httpParams=, enableGroupMms=true, emailGatewayNumber=, maxMessageSize=307200, naiSuffix=, enableMMSReadReports=false, maxImageWidth=640, uaProfUrl=, enabledMMS=true, enabledNotifyWapMMSC=false, sendMultipartSmsAsSeparateMessages=false, enableMultipartSMS=true}] from resources+system for subId=2
09-27 15:12:32.641  1774  2883 D PowerManagerService: getScreenOffTimeoutLocked:  isTestFlag = false
09-27 15:12:32.649  1774  2797 D PowerManagerService: getScreenOffTimeoutLocked:  isTestFlag = false
09-27 15:12:32.683  8671  8698 W BugleDataModel: Used 505ms for bp#executeAction
09-27 15:12:32.690  8671  8701 I ShortcutBadger: Checking if platform supports badge counters, attempt 1/3.
09-27 15:12:32.705  8671  8701 I ShortcutBadger: Checking if platform supports badge counters, attempt 2/3.
09-27 15:12:32.719  8671  8701 I ShortcutBadger: Checking if platform supports badge counters, attempt 3/3.
09-27 15:12:32.736  8671  8701 W ShortcutBadger: Badge counter seems not supported in this platform: unable to resolve intent: Intent { act=android.intent.action.BADGE_COUNT_UPDATE (has extras) }
09-27 15:12:32.774  2235  2235 I chatty  : uid=1000(system) .dataservices expire 7 lines
09-27 15:12:32.811  8671  8731 I BugleBackup: Registering preference change listener for "buglesub_1".
09-27 15:12:32.834  8671  8731 W Bugle   : PhoneUtils.getSelfRawNumber: subInfo is null for 1
09-27 15:12:32.857  2235  2235 W DPMJ    : |SERVICE| DPM received ACTION_ANY_DATA_CONNECTION_STATE_CHANGEDmms
09-27 15:12:32.866  2235  2235 W DPMJ    : |SERVICE| DPM received ACTION_ANY_DATA_CONNECTION_STATE_CHANGEDcbs
09-27 15:12:32.875  2235  2235 W DPMJ    : |SERVICE| DPM received ACTION_ANY_DATA_CONNECTION_STATE_CHANGEDfota
09-27 15:12:32.882  1774  1886 D PowerManagerService: getScreenOffTimeoutLocked:  isTestFlag = false
09-27 15:12:32.886  4942  4942 D QC_RIL_OEM_HOOK: Received Broadcast Intent ACTION_UNSOL_RESPONSE_OEM_HOOK_RAW
09-27 15:12:32.887  4942  4942 D QC_RIL_OEM_HOOK: Oem ID in QCRILHOOK UNSOL RESP is QOEMHOOK
09-27 15:12:32.890  2235  2235 W DPMJ    : |SERVICE| DPM received ACTION_ANY_DATA_CONNECTION_STATE_CHANGEDsupl
09-27 15:12:32.898  2235  2235 W DPMJ    : |SERVICE| DPM received ACTION_ANY_DATA_CONNECTION_STATE_CHANGEDemergency
09-27 15:12:32.911  2235  2235 W DPMJ    : |SERVICE| DPM received ACTION_ANY_DATA_CONNECTION_STATE_CHANGEDdun
09-27 15:12:32.919  2235  2235 W DPMJ    : |SERVICE| DPM received ACTION_ANY_DATA_CONNECTION_STATE_CHANGEDhipri
09-27 15:12:32.929  2235  2235 W DPMJ    : |SERVICE| DPM received ACTION_ANY_DATA_CONNECTION_STATE_CHANGEDims
09-27 15:12:32.933  1774  2736 D PowerManagerService: getScreenOffTimeoutLocked:  isTestFlag = false
09-27 15:12:32.939  1774  1981 D PowerManagerService: getScreenOffTimeoutLocked:  isTestFlag = false
09-27 15:12:32.962  2249  2249 D MccTable: updateMccMncConfiguration mccmnc='46001' fromServiceState=false
09-27 15:12:32.963  1774  2983 D PowerManagerService: getScreenOffTimeoutLocked:  isTestFlag = false
09-27 15:12:32.963  2249  2249 D MccTable: updateMccMncConfiguration defaultMccMnc=
09-27 15:12:32.963  2249  2249 D MccTable: updateMccMncConfiguration: mcc=460, mnc=1
09-27 15:12:32.963  2249  2249 D MccTable: updateMccMncConfiguration updateConfig config={1.0 460mcc1mnc ?localeList ?layoutDir ?swdp ?wdp ?hdp ?density ?lsize ?long ?orien ?uimode ?night ?touch ?keyb/?/? ?nav/?}
09-27 15:12:32.969  1774  2822 D PowerManagerService: getScreenOffTimeoutLocked:  isTestFlag = false
09-27 15:12:32.972  1774  1786 I ActivityManager: Config changes=2 {1.0 460mcc1mnc [en_IN] ldltr sw360dp w360dp h568dp 480dpi nrml port finger -keyb/v/h -nav/h s.6}
09-27 15:12:33.074  1774  1786 W WindowManager:  SLCODE computeScreenConfigurationLocked, the hard device name is: msm8953-snd-card-mtp Button Jack
09-27 15:12:33.075  1774  1786 W WindowManager:  SLCODE computeScreenConfigurationLocked, the hard device name is: msm8953-snd-card-mtp Headset Jack
09-27 15:12:33.075  1774  1786 W WindowManager:  SLCODE computeScreenConfigurationLocked, the hard device name is: hbtp_vm
09-27 15:12:33.075  1774  1786 W WindowManager:  SLCODE computeScreenConfigurationLocked, the hard device name is: qpnp_pon
09-27 15:12:33.075  1774  1786 W WindowManager:  SLCODE computeScreenConfigurationLocked, the hard device name is: gpio-keys
09-27 15:12:33.075  1774  1786 W WindowManager:  SLCODE computeScreenConfigurationLocked, the hard device name is: ft5435_ts
09-27 15:12:33.080  1774  1786 D PowerManagerService: getScreenOffTimeoutLocked:  isTestFlag = false
09-27 15:12:33.087  1774  1981 D PowerManagerService: getScreenOffTimeoutLocked:  isTestFlag = false
09-27 15:12:33.099  1774  2737 D PowerManagerService: getScreenOffTimeoutLocked:  isTestFlag = false
09-27 15:12:33.102  1774  2069 D PowerManagerService: getScreenOffTimeoutLocked:  isTestFlag = false
09-27 15:12:33.117  1774  2279 I chatty  : uid=1000(system) Binder:1774_6 expire 4 lines
09-27 15:12:33.128  1774  2746 D PowerManagerService: getScreenOffTimeoutLocked:  isTestFlag = false
09-27 15:12:33.129  2249  2331 I chatty  : uid=1001(radio) Binder:2249_3 expire 1 line
09-27 15:12:33.187  1774  2901 D PowerManagerService: getScreenOffTimeoutLocked:  isTestFlag = false
09-27 15:12:33.216  1774  1981 D PowerManagerService: getScreenOffTimeoutLocked:  isTestFlag = false
09-27 15:12:33.223  1774  2835 D PowerManagerService: getScreenOffTimeoutLocked:  isTestFlag = false
09-27 15:12:33.234  6722  6722 D CellBroadcastReceiver: onReceive Intent { act=android.intent.action.SIM_STATE_CHANGED flg=0x4000010 cmp=com.android.cellbroadcastreceiver/.CellBroadcastReceiver (has extras) }
09-27 15:12:33.237  1774  2883 I Telecom : PhoneAccountRegistrar: [ComponentInfo{com.android.phone/com.android.services.telephony.TelephonyConnectionService}, [da4b9237bacccdf19c0760cab7aec4a8359010b0], UserHandle{0}(icon: Icon(typ=BITMAP size=72x72) -> Icon(typ=BITMAP size=72x72))]: TSI.rPA@BIo
09-27 15:12:33.247  1774  2883 I Telecom : : Sending phone-account registered intent as user: TSI.rPA@BIo
09-27 15:12:33.266  1774  2736 D PowerManagerService: getScreenOffTimeoutLocked:  isTestFlag = false
09-27 15:12:33.280  1774  2797 D PowerManagerService: getScreenOffTimeoutLocked:  isTestFlag = false
09-27 15:12:33.308  1774  2835 D PowerManagerService: getScreenOffTimeoutLocked:  isTestFlag = false
09-27 15:12:33.326  1774  1886 D PowerManagerService: getScreenOffTimeoutLocked:  isTestFlag = false
09-27 15:12:33.337  1774  2883 D PowerManagerService: getScreenOffTimeoutLocked:  isTestFlag = false
09-27 15:12:33.362  1774  2279 D PowerManagerService: getScreenOffTimeoutLocked:  isTestFlag = false
09-27 15:12:33.377  1774  1886 D PowerManagerService: getScreenOffTimeoutLocked:  isTestFlag = false
09-27 15:12:33.380  1774  2901 D PowerManagerService: getScreenOffTimeoutLocked:  isTestFlag = false
09-27 15:12:33.382  1774  2795 D PowerManagerService: getScreenOffTimeoutLocked:  isTestFlag = false
09-27 15:12:33.384  1774  2736 D PowerManagerService: getScreenOffTimeoutLocked:  isTestFlag = false
09-27 15:12:33.385  1774  2822 D PowerManagerService: getScreenOffTimeoutLocked:  isTestFlag = false
09-27 15:12:33.406  1774  1886 D PowerManagerService: getScreenOffTimeoutLocked:  isTestFlag = false
09-27 15:12:33.409  1774  1786 D PowerManagerService: getScreenOffTimeoutLocked:  isTestFlag = false
09-27 15:12:33.413  1774  2902 D PowerManagerService: getScreenOffTimeoutLocked:  isTestFlag = false
09-27 15:12:33.417  2887  2887 V BoostFramework: BoostFramework() : mPerf = com.qualcomm.qti.Performance@bfe020f
09-27 15:12:33.417  2887  2887 V BoostFramework: BoostFramework() : mPerf = com.qualcomm.qti.Performance@661a29c
09-27 15:12:33.438  4024  4024 D SimSelectNotification:  no of slots 2 provision = true
09-27 15:12:33.454  1774  2883 D PowerManagerService: getScreenOffTimeoutLocked:  isTestFlag = false
09-27 15:12:33.481  1774  1774 D PowerManagerService: getScreenOffTimeoutLocked:  isTestFlag = false
09-27 15:12:33.502  8671  8671 D BugleThrottledAction: CountryCodeDetectorAction already scheduled in 118566ms, not scheduling it again.
09-27 15:12:33.503  1774  2280 D PowerManagerService: getScreenOffTimeoutLocked:  isTestFlag = false
09-27 15:12:33.503  8671  8671 D BugleThrottledAction: SelfParticipantsRefreshAction already scheduled in 118518ms, not scheduling it again.
09-27 15:12:33.508  1774  2746 D PowerManagerService: getScreenOffTimeoutLocked:  isTestFlag = false
09-27 15:12:33.530  3194  3752 I Icing   : Usage reports 0 indexed 0 rejected 0 imm upload false
09-27 15:12:33.545  2887  2887 V BoostFramework: BoostFramework() : mPerf = com.qualcomm.qti.Performance@b2f135d
09-27 15:12:33.545  2887  2887 V BoostFramework: BoostFramework() : mPerf = com.qualcomm.qti.Performance@1dfc4d2
09-27 15:12:33.560  8671  8671 D BugleThrottledAction: CountryCodeDetectorAction already scheduled in 118507ms, not scheduling it again.
09-27 15:12:33.562  8671  8671 D BugleThrottledAction: SelfParticipantsRefreshAction already scheduled in 118459ms, not scheduling it again.
09-27 15:12:33.567  1774  2823 D PowerManagerService: getScreenOffTimeoutLocked:  isTestFlag = false
09-27 15:12:33.571  3194  3752 I Icing   : Usage reports 0 indexed 0 rejected 0 imm upload false
09-27 15:12:33.580  1774  2822 D PowerManagerService: getScreenOffTimeoutLocked:  isTestFlag = false
09-27 15:12:33.609  1774  1787 D PowerManagerService: getScreenOffTimeoutLocked:  isTestFlag = false
09-27 15:12:33.623  1774  1981 D PowerManagerService: getScreenOffTimeoutLocked:  isTestFlag = false
09-27 15:12:33.636  2887  2887 D Launcher.Model: bound all 33 apps from cache in 9ms
09-27 15:12:33.642  1774  1981 D PowerManagerService: getScreenOffTimeoutLocked:  isTestFlag = false
09-27 15:12:33.646  1774  1886 D PowerManagerService: getScreenOffTimeoutLocked:  isTestFlag = false
09-27 15:12:33.649  1774  2822 W WindowManager:  SLCODE computeScreenConfigurationLocked, the hard device name is: msm8953-snd-card-mtp Button Jack
09-27 15:12:33.649  1774  2822 W WindowManager:  SLCODE computeScreenConfigurationLocked, the hard device name is: msm8953-snd-card-mtp Headset Jack
09-27 15:12:33.649  1774  2822 W WindowManager:  SLCODE computeScreenConfigurationLocked, the hard device name is: hbtp_vm
09-27 15:12:33.649  1774  2822 W WindowManager:  SLCODE computeScreenConfigurationLocked, the hard device name is: qpnp_pon
09-27 15:12:33.649  1774  2822 W WindowManager:  SLCODE computeScreenConfigurationLocked, the hard device name is: gpio-keys
09-27 15:12:33.650  1774  2822 W WindowManager:  SLCODE computeScreenConfigurationLocked, the hard device name is: ft5435_ts
09-27 15:12:33.655  1774  2797 D PowerManagerService: getScreenOffTimeoutLocked:  isTestFlag = false
09-27 15:12:33.682  4923  4923 I qti-logkit.cDropboxReceiver: onReceive() intent Intent { act=android.intent.action.DROPBOX_ENTRY_ADDED flg=0x10 (has extras) }
09-27 15:12:33.684  1774  2795 D PowerManagerService: getScreenOffTimeoutLocked:  isTestFlag = false
09-27 15:12:33.727  8671  8732 W Bugle   : canonicalizeMccMnc: invalid mccmnc:null ,null
09-27 15:12:33.738  3194  3752 I Icing   : Usage reports 0 indexed 0 rejected 0 imm upload false
09-27 15:12:33.738  4923  4923 I qti-logkit.cDropboxReceiver: onReceive() intent Intent { act=android.intent.action.DROPBOX_ENTRY_ADDED flg=0x10 (has extras) }
09-27 15:12:33.745  2887  2887 I Choreographer: Skipped 34 frames!  The application may be doing too much work on its main thread.
09-27 15:12:33.745  1774  2883 D PowerManagerService: getScreenOffTimeoutLocked:  isTestFlag = false
09-27 15:12:33.778  1774  2069 D MmsServiceBroker: getCarrierConfigValues() by com.google.android.apps.messaging
09-27 15:12:33.788  8671  8732 I Bugle   : Carrier configs loaded: Bundle[{httpSocketTimeout=60000, aliasMinChars=2, smsToMmsTextThreshold=-1, enableSMSDeliveryReports=true, maxMessageTextSize=-1, supportMmsContentDisposition=true, enabledTransID=false, aliasEnabled=false, supportHttpCharsetHeader=false, allowAttachAudio=true, smsToMmsTextLengthThreshold=-1, recipientLimit=2147483647, uaProfTagName=x-wap-profile, aliasMaxChars=48, maxImageHeight=480, enableMMSDeliveryReports=false, userAgent=, mmsCloseConnection=false, config_cellBroadcastAppLinks=true, maxSubjectLength=40, httpParams=, enableGroupMms=true, emailGatewayNumber=, maxMessageSize=307200, naiSuffix=, enableMMSReadReports=false, maxImageWidth=640, uaProfUrl=, enabledMMS=true, enabledNotifyWapMMSC=false, sendMultipartSmsAsSeparateMessages=false, enableMultipartSMS=true}] from resources+system for subId=2
09-27 15:12:33.881  8671  8693 W Bugle   : canonicalizeMccMnc: invalid mccmnc:null ,null
09-27 15:12:33.886  1774  2280 D PowerManagerService: getScreenOffTimeoutLocked:  isTestFlag = false
09-27 15:12:33.900  1774  2746 I Telecom : PhoneAccountRegistrar: [ComponentInfo{com.android.phone/com.android.services.telephony.TelephonyConnectionService}, [da4b9237bacccdf19c0760cab7aec4a8359010b0], UserHandle{0}(addr: tel:************** -> tel:)(icon: Icon(typ=BITMAP size=72x72) -> Icon(typ=BITMAP size=72x72))(subAddr: tel:************** -> tel:)]: TSI.rPA@BIw
09-27 15:12:33.907  1774  2797 D MmsServiceBroker: getCarrierConfigValues() by com.google.android.apps.messaging
09-27 15:12:33.910  8671  8693 I Bugle   : Carrier configs loaded: Bundle[{httpSocketTimeout=60000, aliasMinChars=2, smsToMmsTextThreshold=-1, enableSMSDeliveryReports=true, maxMessageTextSize=-1, supportMmsContentDisposition=true, enabledTransID=false, aliasEnabled=false, supportHttpCharsetHeader=false, allowAttachAudio=true, smsToMmsTextLengthThreshold=-1, recipientLimit=2147483647, uaProfTagName=x-wap-profile, aliasMaxChars=48, maxImageHeight=480, enableMMSDeliveryReports=false, userAgent=, mmsCloseConnection=false, config_cellBroadcastAppLinks=true, maxSubjectLength=40, httpParams=, enableGroupMms=true, emailGatewayNumber=, maxMessageSize=307200, naiSuffix=, enableMMSReadReports=false, maxImageWidth=640, uaProfUrl=, enabledMMS=true, enabledNotifyWapMMSC=false, sendMultipartSmsAsSeparateMessages=false, enableMultipartSMS=true}] from resources+system for subId=2
09-27 15:12:33.914  1774  2746 I Telecom : : Sending phone-account registered intent as user: TSI.rPA@BIw
09-27 15:12:33.951  2249  8752 I chatty  : uid=1001(radio) com.android.phone expire 1 line
09-27 15:12:33.962  4024  4024 D SimSelectNotification:  no of slots 2 provision = false
09-27 15:12:33.982  1774  1796 I WindowManager: Screen frozen for +901ms due to Window{1cd202d u0 com.android.launcher3/com.android.launcher3.Launcher}
09-27 15:12:33.981  4752  4752 D SimStateReceiver: received broadcast android.intent.action.SIM_STATE_CHANGED
09-27 15:12:34.020  4752  4752 D SimStateReceiver: ACTION_SIM_STATE_CHANGED intent received on sub = 1SIM STATE IS UNKNOWN
09-27 15:12:34.021  4752  4752 W ContextImpl: Calling a method in the system process without a qualified user: android.app.ContextImpl.startService:1357 android.content.ContextWrapper.startService:613 android.content.ContextWrapper.startService:613 com.qualcomm.simcontacts.SimStateReceiver.sendSimState:83 com.qualcomm.simcontacts.SimStateReceiver.onReceive:53 
09-27 15:12:34.029  4752  4752 D SimContactsService: service onStart!
09-27 15:12:34.029  1774  1796 D PowerManagerService: getScreenOffTimeoutLocked:  isTestFlag = false
09-27 15:12:34.044  4752  4752 D SimContactsService: on sim state changed event, state:3, slot:1
09-27 15:12:34.064  2235  2287 W QCNEJ   : |CORE| CNE received unexpected action: android.intent.action.BATTERY_CHANGED
09-27 15:12:34.085  1774  2902 D PowerManagerService: getScreenOffTimeoutLocked:  isTestFlag = false
09-27 15:12:34.091  1774  2822 D PowerManagerService: getScreenOffTimeoutLocked:  isTestFlag = false
09-27 15:12:34.094  1774  2823 D PowerManagerService: getScreenOffTimeoutLocked:  isTestFlag = false
09-27 15:12:34.114  2887  2887 D Launcher.Model: bound workspace in 546ms
09-27 15:12:34.135  5041  5041 I SmartcardService: sim_state changed : UNKNOWN on sub 1
09-27 15:12:34.153  4752  4752 D SimContactsService: deleteDatabaseSimContacts
09-27 15:12:34.209  1774  2069 I Telecom : PhoneAccountRegistrar: [ComponentInfo{com.android.phone/com.android.services.telephony.TelephonyConnectionService}, [da4b9237bacccdf19c0760cab7aec4a8359010b0], UserHandle{0}(icon: Icon(typ=BITMAP size=72x72) -> Icon(typ=BITMAP size=72x72))]: TSI.rPA@BI8
09-27 15:12:34.223  1774  2069 I Telecom : : Sending phone-account registered intent as user: TSI.rPA@BI8
09-27 15:12:34.265  2249  8755 I chatty  : uid=1001(radio) com.android.phone expire 1 line
09-27 15:12:34.295  6722  6722 D CellBroadcastReceiver: onReceive Intent { act=android.intent.action.SIM_STATE_CHANGED flg=0x4000010 cmp=com.android.cellbroadcastreceiver/.CellBroadcastReceiver (has extras) }
09-27 15:12:34.297  1774  2883 D PowerManagerService: getScreenOffTimeoutLocked:  isTestFlag = false
09-27 15:12:34.313  1774  1774 D PowerManagerService: getScreenOffTimeoutLocked:  isTestFlag = false
09-27 15:12:34.326  8671  8671 D BugleThrottledAction: CountryCodeDetectorAction already scheduled in 117741ms, not scheduling it again.
09-27 15:12:34.327  8671  8671 D BugleThrottledAction: SelfParticipantsRefreshAction already scheduled in 117693ms, not scheduling it again.
09-27 15:12:34.382  1774  2226 I chatty  : uid=1000(system) FLP Service Cal expire 12 lines
09-27 15:12:34.387  1774  2232 I chatty  : uid=1000(system) FLP Service Cal expire 12 lines
