09-27 14:55:37.364  1774  2883 I chatty  : uid=1000(system) Binder:1774_10 expire 6 lines
09-27 14:55:37.974  1774  2279 I chatty  : uid=1000(system) Binder:1774_6 expire 9 lines
09-27 14:55:37.984  1774  2835 I chatty  : uid=1000(system) Binder:1774_F expire 10 lines
09-27 14:55:38.013  1774  2280 I chatty  : uid=1000(system) Binder:1774_7 expire 21 lines
09-27 14:55:38.063  1774  2797 I chatty  : uid=1000(system) Binder:1774_C expire 11 lines
09-27 14:55:38.085  1774  2736 I chatty  : uid=1000(system) Binder:1774_8 expire 10 lines
09-27 14:55:38.117  1774  2823 I chatty  : uid=1000(system) Binder:1774_E expire 8 lines
09-27 14:55:38.440  1774  2069 I chatty  : uid=1000(system) Binder:1774_5 expire 10 lines
09-27 14:55:39.436  1774  1883 I chatty  : uid=1000(system) AlarmManager expire 6 lines
09-27 14:55:46.817  1774  2737 I chatty  : uid=1000(system) Binder:1774_9 expire 26 lines
09-27 14:55:54.292  1774  3500 I chatty  : uid=1000 system_server expire 2 lines
09-27 14:55:54.302  1774  1785 I chatty  : uid=1000(system) Binder:1774_1 expire 7 lines
09-27 14:55:54.320  1774  1901 I chatty  : uid=1000(system) ConnectivitySer expire 1 line
09-27 14:55:56.080  1774  1981 I chatty  : uid=1000(system) Binder:1774_4 expire 6 lines
09-27 14:55:57.273  1774  2319 I chatty  : uid=1000(system) CallAudioModeSt expire 1 line
09-27 14:56:15.158  1774  1884 I chatty  : uid=1000(system) InputDispatcher expire 2 lines
09-27 14:56:16.111  1774  2737 I chatty  : uid=1000(system) Binder:1774_9 expire 4 lines
09-27 14:56:16.113  1774  2883 I chatty  : uid=1000(system) Binder:1774_10 expire 2 lines
09-27 14:56:16.118  1774  2736 I chatty  : uid=1000(system) Binder:1774_8 expire 24 lines
09-27 14:56:16.148  1774  2318 I chatty  : uid=1000(system) uteStateMachine expire 11 lines
09-27 14:56:16.149  1774  2319 I chatty  : uid=1000(system) CallAudioModeSt expire 5 lines
09-27 14:56:16.156  1774  1774 I chatty  : uid=1000 system_server expire 17 lines
09-27 14:56:16.170  1774  2835 I chatty  : uid=1000(system) Binder:1774_F expire 5 lines
09-27 14:56:16.258  3564  3564 W ContextImpl: Calling a method in the system process without a qualified user: android.app.ContextImpl.sendBroadcast:877 android.content.ContextWrapper.sendBroadcast:421 com.qualcomm.qti.qs.tiles.AudioProfileTile.handleUpdateState:82 com.qualcomm.qti.qs.tiles.AudioProfileTile$1.onReceive:30 android.app.LoadedApk$ReceiverDispatcher$Args.run:1122 
09-27 14:56:16.319  3564  3564 W ContextImpl: Calling a method in the system process without a qualified user: android.app.ContextImpl.sendBroadcast:877 android.content.ContextWrapper.sendBroadcast:421 com.qualcomm.qti.qs.tiles.AudioProfileTile.handleUpdateState:82 com.qualcomm.qti.qs.tiles.AudioProfileTile$1.onReceive:30 android.app.LoadedApk$ReceiverDispatcher$Args.run:1122 
09-27 14:56:16.327  1774  2746 I chatty  : uid=1000(system) Binder:1774_A expire 8 lines
09-27 14:56:16.343  1774  1796 I chatty  : uid=1000(system) android.display expire 11 lines
09-27 14:56:16.741  3564  3564 W ContextImpl: Calling a method in the system process without a qualified user: android.app.ContextImpl.sendBroadcast:877 android.content.ContextWrapper.sendBroadcast:421 com.qualcomm.qti.qs.tiles.AudioProfileTile.handleUpdateState:82 com.qualcomm.qti.qs.tiles.AudioProfileTile$1.onReceive:30 android.app.LoadedApk$ReceiverDispatcher$Args.run:1122 
09-27 14:56:16.786  3564  3564 W ContextImpl: Calling a method in the system process without a qualified user: android.app.ContextImpl.sendBroadcast:877 android.content.ContextWrapper.sendBroadcast:421 com.qualcomm.qti.qs.tiles.AudioProfileTile.handleUpdateState:82 com.qualcomm.qti.qs.tiles.AudioProfileTile$1.onReceive:30 android.app.LoadedApk$ReceiverDispatcher$Args.run:1122 
09-27 14:56:16.868  3564  3564 W ContextImpl: Calling a method in the system process without a qualified user: android.app.ContextImpl.sendBroadcast:877 android.content.ContextWrapper.sendBroadcast:421 com.qualcomm.qti.qs.tiles.AudioProfileTile.handleUpdateState:82 com.qualcomm.qti.qs.tiles.AudioProfileTile$1.onReceive:30 android.app.LoadedApk$ReceiverDispatcher$Args.run:1122 
09-27 14:56:18.311  1774  2822 I chatty  : uid=1000(system) Binder:1774_D expire 6 lines
09-27 14:56:18.445  1774  1886 I chatty  : uid=1000(system) Binder:1774_3 expire 12 lines
09-27 14:56:19.486  1774  2823 I chatty  : uid=1000(system) Binder:1774_E expire 6 lines
09-27 14:56:19.844  1774  1883 I chatty  : uid=1000(system) AlarmManager expire 10 lines
09-27 14:56:20.061  1774  2795 I chatty  : uid=1000(system) Binder:1774_B expire 4 lines
09-27 14:56:20.071  1774  2280 I chatty  : uid=1000(system) Binder:1774_7 expire 10 lines
09-27 14:56:23.752  1774  1788 I chatty  : uid=1000(system) ActivityManager expire 4 lines
09-27 14:56:23.792  1774  2901 I chatty  : uid=1000(system) Binder:1774_11 expire 4 lines
09-27 14:56:25.407  1774  3500 I chatty  : uid=1000 system_server expire 6 lines
09-27 14:56:25.427  1774  1981 I chatty  : uid=1000(system) Binder:1774_4 expire 7 lines
09-27 14:56:25.430  1774  1901 I chatty  : uid=1000(system) ConnectivitySer expire 4 lines
09-27 14:56:47.012  1774  2279 I chatty  : uid=1000(system) Binder:1774_6 expire 6 lines
09-27 14:56:59.667  1774  2797 I chatty  : uid=1000(system) Binder:1774_C expire 4 lines
09-27 14:56:59.707  1774  1786 I chatty  : uid=1000(system) Binder:1774_2 expire 7 lines
09-27 14:57:08.770  1774  1798 I chatty  : uid=1000(system) PowerManagerSer expire 30 lines
09-27 14:57:20.054  1774  1794 I chatty  : uid=1000(system) android.fg expire 6 lines
09-27 14:57:20.220  1774  2902 I chatty  : uid=1000(system) Binder:1774_12 expire 5 lines
09-27 14:57:23.851  1940  1940 W KeyguardViewMediator: getFactoryKitMode:result:0
09-27 14:57:23.854  1774  1785 I chatty  : uid=1000(system) Binder:1774_1 expire 3 lines
09-27 14:57:23.861  1774  1774 I chatty  : uid=1000 system_server expire 9 lines
09-27 14:57:24.730  1940  1940 V KeyguardStatusView: refresh statusview showing:true
09-27 14:57:24.763  1940  1940 V KeyguardDisplayManager: show
09-27 14:57:48.922  1774  1885 I chatty  : uid=1000(system) InputReader expire 14 lines
09-27 14:57:49.194  1774  2069 I chatty  : uid=1000(system) Binder:1774_5 expire 2 lines
09-27 14:57:49.246  1774  1883 I chatty  : uid=1000(system) AlarmManager expire 4 lines
09-27 14:58:07.090  1774  2736 I chatty  : uid=1000(system) Binder:1774_8 expire 2 lines
09-27 14:58:08.593  1940  1940 V KeyguardDisplayManager: hide
09-27 14:58:09.019  1774  1897 I chatty  : uid=1000(system) WifiStateMachin expire 1 line
09-27 14:58:12.114  1774  2746 D PowerManagerService: getScreenOffTimeoutLocked:  isTestFlag = false
09-27 14:58:19.048  1774  1883 D PowerManagerService: getScreenOffTimeoutLocked:  isTestFlag = false
09-27 14:58:19.104  1774  1774 D PowerManagerService: getScreenOffTimeoutLocked:  isTestFlag = false
09-27 14:58:29.020  1774  1883 D PowerManagerService: getScreenOffTimeoutLocked:  isTestFlag = false
09-27 14:58:29.033  1774  1897 D PowerManagerService: getScreenOffTimeoutLocked:  isTestFlag = false
09-27 14:58:34.078  1774  1883 D PowerManagerService: getScreenOffTimeoutLocked:  isTestFlag = false
09-27 14:58:34.136  1774  1774 D PowerManagerService: getScreenOffTimeoutLocked:  isTestFlag = false
09-27 14:58:36.502  1774  1786 D PowerManagerService: getScreenOffTimeoutLocked:  isTestFlag = false
09-27 14:58:37.430  1774  1785 D PowerManagerService: getScreenOffTimeoutLocked:  isTestFlag = false
09-27 14:58:37.432  1774  2795 D PowerManagerService: getScreenOffTimeoutLocked:  isTestFlag = false
09-27 14:58:37.490  1774  2069 D PowerManagerService: getScreenOffTimeoutLocked:  isTestFlag = false
09-27 14:58:37.492  1774  1786 D PowerManagerService: getScreenOffTimeoutLocked:  isTestFlag = false
09-27 14:58:37.591  1774  2835 D PowerManagerService: getScreenOffTimeoutLocked:  isTestFlag = false
09-27 14:58:37.676  1774  1981 D PowerManagerService: getScreenOffTimeoutLocked:  isTestFlag = false
09-27 14:58:37.677  1774  2069 D PowerManagerService: getScreenOffTimeoutLocked:  isTestFlag = false
09-27 14:58:37.708  1774  2280 D PowerManagerService: getScreenOffTimeoutLocked:  isTestFlag = false
09-27 14:58:37.719  1774  2902 D PowerManagerService: getScreenOffTimeoutLocked:  isTestFlag = false
09-27 14:58:37.721  1774  2883 D PowerManagerService: getScreenOffTimeoutLocked:  isTestFlag = false
09-27 14:58:37.727  1774  2746 D PowerManagerService: getScreenOffTimeoutLocked:  isTestFlag = false
09-27 14:58:37.729  1774  2797 D PowerManagerService: getScreenOffTimeoutLocked:  isTestFlag = false
09-27 14:58:37.759  1774  1786 D PowerManagerService: getScreenOffTimeoutLocked:  isTestFlag = false
09-27 14:58:41.792  1774  2902 D PowerManagerService: getScreenOffTimeoutLocked:  isTestFlag = false
09-27 14:58:49.115  1774  1883 D PowerManagerService: getScreenOffTimeoutLocked:  isTestFlag = false
09-27 14:58:49.180  1774  1774 D PowerManagerService: getScreenOffTimeoutLocked:  isTestFlag = false
09-27 14:58:52.119  1774  1787 I ActivityManager: Start proc 7169:com.android.printspooler/u0a75 for service com.android.printspooler/.model.PrintSpoolerService
09-27 14:58:52.509  1774  1774 D PowerManagerService: getScreenOffTimeoutLocked:  isTestFlag = false
09-27 14:58:52.524  1774  2795 D PowerManagerService: getScreenOffTimeoutLocked:  isTestFlag = false
09-27 14:59:00.008  1774  1883 D PowerManagerService: getScreenOffTimeoutLocked:  isTestFlag = false
09-27 14:59:00.127  1774  1774 D PowerManagerService: getScreenOffTimeoutLocked:  isTestFlag = false
09-27 14:59:01.210  1774  1798 D PowerManagerService: getScreenOffTimeoutLocked:  isTestFlag = false
09-27 14:59:04.161  1774  1883 D PowerManagerService: getScreenOffTimeoutLocked:  isTestFlag = false
09-27 14:59:04.214  1774  1774 D PowerManagerService: getScreenOffTimeoutLocked:  isTestFlag = false
09-27 14:59:04.376  1774  2823 I ActivityManager: Killing 6457:com.google.process.gapps/u0a56 (adj 906): empty #17
09-27 14:59:04.402  1774  2069 D ActivityManager: cleanUpApplicationRecord -- 6457
09-27 14:59:08.210  1774  1798 D PowerManagerService: getScreenOffTimeoutLocked:  isTestFlag = false
09-27 14:59:08.211  1774  1798 I PowerManagerService: Going to sleep due to screen timeout (uid 1000)...
09-27 14:59:08.212  1774  1798 D PowerManagerService: getScreenOffTimeoutLocked:  isTestFlag = false
09-27 14:59:08.719  1774  1798 D PowerManagerService: getScreenOffTimeoutLocked:  isTestFlag = false
09-27 14:59:08.724  1774  1788 I VrManagerService: VR mode is disallowed
09-27 14:59:08.842  1774  1796 I DisplayManagerService: Display device changed state: "Built-in Screen", OFF
09-27 14:59:08.878  1774  2901 W Telecom : MissedCallNotifierImpl: Showing missed calls through default dialer.: TSI.cMCN@AxM
09-27 14:59:08.922  1774  1785 D PowerManagerService: getScreenOffTimeoutLocked:  isTestFlag = false
09-27 14:59:09.040  1774  1883 D PowerManagerService: getScreenOffTimeoutLocked:  isTestFlag = false
09-27 14:59:09.085  1774  2797 D PowerManagerService: getScreenOffTimeoutLocked:  isTestFlag = false
09-27 14:59:09.103  1774  2795 D PowerManagerService: getScreenOffTimeoutLocked:  isTestFlag = false
09-27 14:59:09.106  1774  2883 D PowerManagerService: getScreenOffTimeoutLocked:  isTestFlag = false
09-27 14:59:09.190  1774  2902 D PowerManagerService: getScreenOffTimeoutLocked:  isTestFlag = false
09-27 14:59:09.209  1774  1774 D PowerManagerService: getScreenOffTimeoutLocked:  isTestFlag = false
09-27 14:59:09.237  1774  2902 D PowerManagerService: getScreenOffTimeoutLocked:  isTestFlag = false
09-27 14:59:09.282  1774  2902 D PowerManagerService: getScreenOffTimeoutLocked:  isTestFlag = false
09-27 14:59:09.296  3194  7204 E ActivityThread: Failed to find provider info for com.google.android.wearable.settings
09-27 14:59:09.358  1774  1798 I DreamManagerService: Entering dreamland.
09-27 14:59:09.359  1774  1798 D PowerManagerService: getScreenOffTimeoutLocked:  isTestFlag = false
09-27 14:59:09.360  1774  1798 I PowerManagerService: Dozing...
09-27 14:59:09.364  1774  1794 I DreamController: Starting dream: name=ComponentInfo{com.android.systemui/com.android.systemui.doze.DozeService}, isTest=false, canDoze=true, userId=0
09-27 14:59:09.441  1774  1981 D PowerManagerService: getScreenOffTimeoutLocked:  isTestFlag = false
09-27 14:59:09.443  1774  1794 D PowerManagerService: getScreenOffTimeoutLocked:  isTestFlag = false
09-27 14:59:09.444  1774  1785 D PowerManagerService: getScreenOffTimeoutLocked:  isTestFlag = false
09-27 14:59:09.446  1774  2902 D PowerManagerService: getScreenOffTimeoutLocked:  isTestFlag = false
09-27 14:59:09.644  1774  2835 D PowerManagerService: getScreenOffTimeoutLocked:  isTestFlag = false
09-27 14:59:09.647  1774  2280 D PowerManagerService: getScreenOffTimeoutLocked:  isTestFlag = false
09-27 14:59:10.418  1774  1885 D PowerManagerService: getScreenOffTimeoutLocked:  isTestFlag = false
09-27 14:59:10.454  1774  1885 I GestureLauncherService: mHits[0] = 275435ms
09-27 14:59:10.455  1774  1885 I GestureLauncherService: mHits[1] = 289269ms
09-27 14:59:10.455  1774  1885 I GestureLauncherService: mHits[2] = 356934ms
09-27 14:59:10.456  1774  1885 I PowerManagerService: Waking up from dozing (uid 1000)...
09-27 14:59:10.460  1774  1885 D PowerManagerService: getScreenOffTimeoutLocked:  isTestFlag = false
09-27 14:59:10.462  1774  1798 I DisplayPowerController: Blocking screen on until initial contents have been drawn.
09-27 14:59:10.488  1774  1798 W WindowManager:  SLCODE computeScreenConfigurationLocked, the hard device name is: msm8953-snd-card-mtp Button Jack
09-27 14:59:10.489  1774  1798 W WindowManager:  SLCODE computeScreenConfigurationLocked, the hard device name is: msm8953-snd-card-mtp Headset Jack
09-27 14:59:10.489  1774  1798 W WindowManager:  SLCODE computeScreenConfigurationLocked, the hard device name is: hbtp_vm
09-27 14:59:10.489  1774  1798 W WindowManager:  SLCODE computeScreenConfigurationLocked, the hard device name is: qpnp_pon
09-27 14:59:10.489  1774  1798 W WindowManager:  SLCODE computeScreenConfigurationLocked, the hard device name is: gpio-keys
09-27 14:59:10.489  1774  1798 W WindowManager:  SLCODE computeScreenConfigurationLocked, the hard device name is: ft5435_ts
09-27 14:59:10.531  1774  1796 I DisplayManagerService: Display device changed state: "Built-in Screen", ON
09-27 14:59:10.676  1774  1886 D PowerManagerService: getScreenOffTimeoutLocked:  isTestFlag = false
09-27 14:59:10.678  1774  1786 D PowerManagerService: getScreenOffTimeoutLocked:  isTestFlag = false
09-27 14:59:10.695  1774  1798 D LuxLevels: bright hysteresis constant= 0.1, threshold=4.4, lux=4.0
09-27 14:59:10.695  1774  1798 D LuxLevels: dark hysteresis constant= 0.2, threshold=3.2, lux=4.0
09-27 14:59:10.771  1774  1885 D PowerManagerService: getScreenOffTimeoutLocked:  isTestFlag = false
09-27 14:59:11.000  1774  1798 I DisplayPowerController: Unblocked screen on after 538 ms
09-27 14:59:11.002  1774  1798 I VrManagerService: VR mode is allowed
09-27 14:59:11.002  1774  1798 I DreamManagerService: Gently waking up from dream.
09-27 14:59:11.004  1774  2069 I DreamManagerService: Leaving dreamland.
09-27 14:59:11.004  1774  2069 D PowerManagerService: getScreenOffTimeoutLocked:  isTestFlag = false
09-27 14:59:11.004  1774  1794 I DreamController: Stopping dream: name=ComponentInfo{com.android.systemui/com.android.systemui.doze.DozeService}, isTest=false, canDoze=true, userId=0
09-27 14:59:13.227  1774  1883 D PowerManagerService: getScreenOffTimeoutLocked:  isTestFlag = false
09-27 14:59:13.235  1774  1774 D PowerManagerService: getScreenOffTimeoutLocked:  isTestFlag = false
09-27 14:59:14.992  1774  1798 D LuxLevels: bright hysteresis constant= 0.1, threshold=105.2066, lux=95.64236
09-27 14:59:14.993  1774  1798 D LuxLevels: dark hysteresis constant= 0.2, threshold=76.513885, lux=95.64236
09-27 14:59:19.191  1774  1883 D PowerManagerService: getScreenOffTimeoutLocked:  isTestFlag = false
09-27 14:59:19.349  1774  1774 D PowerManagerService: getScreenOffTimeoutLocked:  isTestFlag = false
09-27 14:59:19.861  1774  1774 D PowerManagerService: getScreenOffTimeoutLocked:  isTestFlag = false
09-27 14:59:19.873  1774  2797 D PowerManagerService: getScreenOffTimeoutLocked:  isTestFlag = false
09-27 14:59:24.086  1774  1788 I ActivityManager: Waited long enough for: ServiceRecord{6df3bd0 u0 com.google.android.gms/.checkin.CheckinService}
09-27 14:59:26.824  1774  3500 D PowerManagerService: getScreenOffTimeoutLocked:  isTestFlag = false
09-27 14:59:26.833  1774  2280 D PowerManagerService: getScreenOffTimeoutLocked:  isTestFlag = false
09-27 14:59:26.833  1774  3500 D PowerManagerService: getScreenOffTimeoutLocked:  isTestFlag = false
09-27 14:59:26.842  1774  2902 D PowerManagerService: getScreenOffTimeoutLocked:  isTestFlag = false
09-27 14:59:26.846  1774  1901 D ConnectivityService: NetworkAgentInfo [MOBILE (LTE) - 101] validation failed
09-27 14:59:29.079  1774  1883 D PowerManagerService: getScreenOffTimeoutLocked:  isTestFlag = false
09-27 14:59:29.091  1774  1897 D PowerManagerService: getScreenOffTimeoutLocked:  isTestFlag = false
09-27 14:59:34.233  1774  1883 D PowerManagerService: getScreenOffTimeoutLocked:  isTestFlag = false
09-27 14:59:34.293  1774  1774 D PowerManagerService: getScreenOffTimeoutLocked:  isTestFlag = false
09-27 14:59:35.066  1774  1883 D PowerManagerService: getScreenOffTimeoutLocked:  isTestFlag = false
09-27 14:59:35.077  1774  2069 D PowerManagerService: getScreenOffTimeoutLocked:  isTestFlag = false
09-27 14:59:35.085  1774  1774 D PowerManagerService: getScreenOffTimeoutLocked:  isTestFlag = false
09-27 14:59:40.085  1774  2901 D PowerManagerService: getScreenOffTimeoutLocked:  isTestFlag = false
09-27 14:59:49.091  1774  1883 D PowerManagerService: getScreenOffTimeoutLocked:  isTestFlag = false
09-27 14:59:49.102  1774  1897 D PowerManagerService: getScreenOffTimeoutLocked:  isTestFlag = false
09-27 14:59:49.273  1774  1883 D PowerManagerService: getScreenOffTimeoutLocked:  isTestFlag = false
09-27 14:59:49.331  1774  1774 D PowerManagerService: getScreenOffTimeoutLocked:  isTestFlag = false
09-27 14:59:55.120  1774  2737 D PowerManagerService: getScreenOffTimeoutLocked:  isTestFlag = false
09-27 15:00:00.008  1774  1883 D PowerManagerService: getScreenOffTimeoutLocked:  isTestFlag = false
09-27 15:00:00.127  1774  1774 D PowerManagerService: getScreenOffTimeoutLocked:  isTestFlag = false
09-27 15:00:00.128  1774  1981 D PowerManagerService: getScreenOffTimeoutLocked:  isTestFlag = false
09-27 15:00:03.415  1774  1798 D PowerManagerService: getScreenOffTimeoutLocked:  isTestFlag = false
09-27 15:00:04.311  1774  1883 D PowerManagerService: getScreenOffTimeoutLocked:  isTestFlag = false
09-27 15:00:04.372  1774  1774 D PowerManagerService: getScreenOffTimeoutLocked:  isTestFlag = false
09-27 15:00:10.415  1774  1798 D PowerManagerService: getScreenOffTimeoutLocked:  isTestFlag = false
09-27 15:00:10.415  1774  1798 I PowerManagerService: Going to sleep due to screen timeout (uid 1000)...
09-27 15:00:10.416  1774  1798 D PowerManagerService: getScreenOffTimeoutLocked:  isTestFlag = false
09-27 15:00:10.884  1774  1798 D PowerManagerService: getScreenOffTimeoutLocked:  isTestFlag = false
09-27 15:00:10.887  1774  1788 I VrManagerService: VR mode is disallowed
09-27 15:00:10.997  1774  1796 I DisplayManagerService: Display device changed state: "Built-in Screen", OFF
09-27 15:00:11.046  1774  2279 W Telecom : MissedCallNotifierImpl: Showing missed calls through default dialer.: TSI.cMCN@Azc
09-27 15:00:11.097  1774  2883 D PowerManagerService: getScreenOffTimeoutLocked:  isTestFlag = false
09-27 15:00:11.515  1774  1798 I DreamManagerService: Entering dreamland.
09-27 15:00:11.516  1774  1798 D PowerManagerService: getScreenOffTimeoutLocked:  isTestFlag = false
09-27 15:00:11.520  1774  1798 I PowerManagerService: Dozing...
09-27 15:00:11.525  1774  1794 I DreamController: Starting dream: name=ComponentInfo{com.android.systemui/com.android.systemui.doze.DozeService}, isTest=false, canDoze=true, userId=0
09-27 15:00:11.656  1774  1785 D PowerManagerService: getScreenOffTimeoutLocked:  isTestFlag = false
09-27 15:00:11.658  1774  1794 D PowerManagerService: getScreenOffTimeoutLocked:  isTestFlag = false
09-27 15:00:11.659  1774  2797 D PowerManagerService: getScreenOffTimeoutLocked:  isTestFlag = false
09-27 15:00:11.660  1774  2737 D PowerManagerService: getScreenOffTimeoutLocked:  isTestFlag = false
09-27 15:00:11.887  1774  2797 D PowerManagerService: getScreenOffTimeoutLocked:  isTestFlag = false
09-27 15:00:11.889  1774  1981 D PowerManagerService: getScreenOffTimeoutLocked:  isTestFlag = false
09-27 15:00:15.430  1774  1883 D PowerManagerService: getScreenOffTimeoutLocked:  isTestFlag = false
09-27 15:00:15.464  1940  1940 W KeyguardViewMediator: getFactoryKitMode:result:0
09-27 15:00:15.469  1774  2737 D PowerManagerService: getScreenOffTimeoutLocked:  isTestFlag = false
09-27 15:00:15.477  1774  1774 D PowerManagerService: getScreenOffTimeoutLocked:  isTestFlag = false
09-27 15:00:15.504  1774  2883 I ActivityManager: Setting hasTopUi=true for pid=1940
09-27 15:00:16.231  1940  1940 V KeyguardStatusView: refresh statusview showing:true
09-27 15:00:16.251  1774  2901 D PowerManagerService: getScreenOffTimeoutLocked:  isTestFlag = false
09-27 15:00:16.252  1940  1940 V KeyguardDisplayManager: show
09-27 15:00:16.273  1774  2835 D PowerManagerService: getScreenOffTimeoutLocked:  isTestFlag = false
09-27 15:00:16.278  1774  2835 D PowerManagerService: getScreenOffTimeoutLocked:  isTestFlag = false
09-27 15:00:16.423  1774  1796 D PowerManagerService: getScreenOffTimeoutLocked:  isTestFlag = false
09-27 15:00:42.933  1774  1883 D PowerManagerService: getScreenOffTimeoutLocked:  isTestFlag = false
09-27 15:00:42.973  1774  2902 D PowerManagerService: getScreenOffTimeoutLocked:  isTestFlag = false
09-27 15:00:43.118  1774  2795 D PowerManagerService: getScreenOffTimeoutLocked:  isTestFlag = false
09-27 15:00:43.204  1774  1886 D PowerManagerService: getScreenOffTimeoutLocked:  isTestFlag = false
09-27 15:00:43.238  1774  2736 D PowerManagerService: getScreenOffTimeoutLocked:  isTestFlag = false
09-27 15:00:43.243  1774  1774 D PowerManagerService: getScreenOffTimeoutLocked:  isTestFlag = false
09-27 15:00:43.307  1774  2883 D PowerManagerService: getScreenOffTimeoutLocked:  isTestFlag = false
09-27 15:00:43.312  1774  2797 D PowerManagerService: getScreenOffTimeoutLocked:  isTestFlag = false
09-27 15:00:43.320  1774  2823 D PowerManagerService: getScreenOffTimeoutLocked:  isTestFlag = false
09-27 15:00:43.322  1774  1886 D PowerManagerService: getScreenOffTimeoutLocked:  isTestFlag = false
09-27 15:00:43.325  1774  2279 D PowerManagerService: getScreenOffTimeoutLocked:  isTestFlag = false
09-27 15:00:43.378  1774  2736 D PowerManagerService: getScreenOffTimeoutLocked:  isTestFlag = false
09-27 15:01:44.823  1774  2746 I ActivityManager: Killing 6556:android.process.media/u0a9 (adj 906): empty #17
09-27 15:01:44.884  1774  2835 D ActivityManager: cleanUpApplicationRecord -- 6556
09-27 15:01:58.047  1774  3500 D PowerManagerService: getScreenOffTimeoutLocked:  isTestFlag = false
09-27 15:01:58.061  1774  2746 D PowerManagerService: getScreenOffTimeoutLocked:  isTestFlag = false
09-27 15:01:58.063  1774  3500 D PowerManagerService: getScreenOffTimeoutLocked:  isTestFlag = false
09-27 15:01:58.077  1774  1786 D PowerManagerService: getScreenOffTimeoutLocked:  isTestFlag = false
09-27 15:01:58.084  1774  1901 D ConnectivityService: NetworkAgentInfo [MOBILE (LTE) - 101] validation failed
09-27 15:02:19.247  1774  1785 D PowerManagerService: getScreenOffTimeoutLocked:  isTestFlag = false
09-27 15:02:32.891  1774  1791 E BatteryStatsService: no controller energy info supplied
09-27 15:02:32.891  1774  1791 E BatteryStatsService: no controller energy info supplied
09-27 15:02:32.929  1774  1785 D PowerManagerService: getScreenOffTimeoutLocked:  isTestFlag = false
09-27 15:02:32.938  1774  2823 D PowerManagerService: getScreenOffTimeoutLocked:  isTestFlag = false
09-27 15:02:33.039  1774  1791 E BatteryStatsService: modem info is invalid: ModemActivityInfo{ mTimestamp=559417 mSleepTimeMs=246335 mIdleTimeMs=-1550 mTxTimeMs[]=[9483, 4230, 8630, 606, 2325] mRxTimeMs=214005 mEnergyUsed=0}
09-27 15:03:00.264  1774  2069 D PowerManagerService: getScreenOffTimeoutLocked:  isTestFlag = false
09-27 15:03:00.280  1774  2280 D PowerManagerService: getScreenOffTimeoutLocked:  isTestFlag = false
09-27 15:03:02.115  1774  2797 D PowerManagerService: getScreenOffTimeoutLocked:  isTestFlag = false
09-27 15:03:02.123  1774  2823 D PowerManagerService: getScreenOffTimeoutLocked:  isTestFlag = false
09-27 15:03:03.670  1774  1883 D PowerManagerService: getScreenOffTimeoutLocked:  isTestFlag = false
09-27 15:03:03.748  1774  2835 D PowerManagerService: getScreenOffTimeoutLocked:  isTestFlag = false
09-27 15:03:04.002  1774  1774 D PowerManagerService: getScreenOffTimeoutLocked:  isTestFlag = false
09-27 15:03:08.757  1774  1785 D PowerManagerService: getScreenOffTimeoutLocked:  isTestFlag = false
09-27 15:03:17.681  1774  2797 D PowerManagerService: getScreenOffTimeoutLocked:  isTestFlag = false
09-27 15:03:23.778  1774  2069 D PowerManagerService: getScreenOffTimeoutLocked:  isTestFlag = false
09-27 15:03:25.239  1774  2280 D PowerManagerService: getScreenOffTimeoutLocked:  isTestFlag = false
09-27 15:03:28.283  1774  1774 D PowerManagerService: getScreenOffTimeoutLocked:  isTestFlag = false
09-27 15:03:28.291  1774  2736 D PowerManagerService: getScreenOffTimeoutLocked:  isTestFlag = false
09-27 15:04:26.140  1774  1883 D PowerManagerService: getScreenOffTimeoutLocked:  isTestFlag = false
09-27 15:04:26.183  1774  2736 D PowerManagerService: getScreenOffTimeoutLocked:  isTestFlag = false
09-27 15:04:26.228  1774  1786 D PowerManagerService: getScreenOffTimeoutLocked:  isTestFlag = false
09-27 15:04:26.243  1774  2746 D PowerManagerService: getScreenOffTimeoutLocked:  isTestFlag = false
09-27 15:04:26.246  1774  2823 D PowerManagerService: getScreenOffTimeoutLocked:  isTestFlag = false
09-27 15:04:26.355  1774  2901 D PowerManagerService: getScreenOffTimeoutLocked:  isTestFlag = false
09-27 15:04:26.434  1774  1774 D PowerManagerService: getScreenOffTimeoutLocked:  isTestFlag = false
09-27 15:04:26.442  3194  7417 E ActivityThread: Failed to find provider info for com.google.android.wearable.settings
09-27 15:04:26.506  1774  1886 D PowerManagerService: getScreenOffTimeoutLocked:  isTestFlag = false
09-27 15:04:26.509  1774  2883 D PowerManagerService: getScreenOffTimeoutLocked:  isTestFlag = false
09-27 15:04:26.571  1774  1786 D PowerManagerService: getScreenOffTimeoutLocked:  isTestFlag = false
09-27 15:04:26.682  1774  1886 D PowerManagerService: getScreenOffTimeoutLocked:  isTestFlag = false
09-27 15:04:26.682  1774  1774 D PowerManagerService: getScreenOffTimeoutLocked:  isTestFlag = false
09-27 15:04:26.683  1774  1981 D PowerManagerService: getScreenOffTimeoutLocked:  isTestFlag = false
09-27 15:04:26.704  1774  2736 D PowerManagerService: getScreenOffTimeoutLocked:  isTestFlag = false
09-27 15:04:26.707  1774  1981 D PowerManagerService: getScreenOffTimeoutLocked:  isTestFlag = false
09-27 15:04:26.744  1774  2279 D PowerManagerService: getScreenOffTimeoutLocked:  isTestFlag = false
09-27 15:04:26.886  1774  1774 D PowerManagerService: getScreenOffTimeoutLocked:  isTestFlag = false
09-27 15:04:37.186  1774  1774 D PowerManagerService: getScreenOffTimeoutLocked:  isTestFlag = false
09-27 15:04:37.193  1774  2280 D PowerManagerService: getScreenOffTimeoutLocked:  isTestFlag = false
09-27 15:04:41.232  1774  1788 I ActivityManager: Waited long enough for: ServiceRecord{d207c0b u0 com.google.android.gms/.checkin.CheckinService}
09-27 15:05:24.310  1774  1885 D PowerManagerService: getScreenOffTimeoutLocked:  isTestFlag = false
09-27 15:05:24.347  1774  1885 I GestureLauncherService: mHits[0] = 289269ms
09-27 15:05:24.348  1774  1885 I GestureLauncherService: mHits[1] = 356934ms
09-27 15:05:24.348  1774  1885 I GestureLauncherService: mHits[2] = 730827ms
09-27 15:05:24.349  1774  1885 I PowerManagerService: Waking up from dozing (uid 1000)...
09-27 15:05:24.353  1774  1885 D PowerManagerService: getScreenOffTimeoutLocked:  isTestFlag = false
09-27 15:05:24.356  1774  1798 I DisplayPowerController: Blocking screen on until initial contents have been drawn.
09-27 15:05:24.367  1774  1774 D PowerManagerService: getScreenOffTimeoutLocked:  isTestFlag = false
09-27 15:05:24.386  1774  1796 I DisplayManagerService: Display device changed state: "Built-in Screen", ON
09-27 15:05:24.427  1774  1796 D PowerManagerService: getScreenOffTimeoutLocked:  isTestFlag = false
09-27 15:05:24.511  1774  1885 D PowerManagerService: getScreenOffTimeoutLocked:  isTestFlag = false
09-27 15:05:24.512  1774  1796 D PowerManagerService: getScreenOffTimeoutLocked:  isTestFlag = false
09-27 15:05:24.518  1774  1798 I DisplayPowerController: Unblocked screen on after 162 ms
09-27 15:05:24.520  1774  1798 I DreamManagerService: Gently waking up from dream.
09-27 15:05:24.521  1774  2883 I DreamManagerService: Leaving dreamland.
09-27 15:05:24.522  1774  2883 D PowerManagerService: getScreenOffTimeoutLocked:  isTestFlag = false
09-27 15:05:24.522  1774  1794 I DreamController: Stopping dream: name=ComponentInfo{com.android.systemui/com.android.systemui.doze.DozeService}, isTest=false, canDoze=true, userId=0
09-27 15:05:24.568  1774  1798 D LuxLevels: bright hysteresis constant= 0.1, threshold=119.9, lux=109.0
09-27 15:05:24.568  1774  1798 D LuxLevels: dark hysteresis constant= 0.2, threshold=87.200005, lux=109.0
09-27 15:05:24.610  1774  2069 D PowerManagerService: getScreenOffTimeoutLocked:  isTestFlag = false
09-27 15:05:24.613  1774  2797 D PowerManagerService: getScreenOffTimeoutLocked:  isTestFlag = false
09-27 15:05:24.978  1774  1774 D PowerManagerService: getScreenOffTimeoutLocked:  isTestFlag = false
09-27 15:05:31.226  1774  1886 D PowerManagerService: getScreenOffTimeoutLocked:  isTestFlag = false
09-27 15:05:39.228  1774  1798 D PowerManagerService: getScreenOffTimeoutLocked:  isTestFlag = false
09-27 15:05:39.422  1774  1883 D PowerManagerService: getScreenOffTimeoutLocked:  isTestFlag = false
09-27 15:05:39.482  1774  1774 D PowerManagerService: getScreenOffTimeoutLocked:  isTestFlag = false
09-27 15:05:41.226  1774  1798 D PowerManagerService: getScreenOffTimeoutLocked:  isTestFlag = false
09-27 15:05:41.227  1774  1798 I PowerManagerService: Going to sleep due to screen timeout (uid 1000)...
09-27 15:05:41.228  1774  1798 D PowerManagerService: getScreenOffTimeoutLocked:  isTestFlag = false
09-27 15:05:41.813  1774  1796 I DisplayManagerService: Display device changed state: "Built-in Screen", OFF
09-27 15:05:42.345  1774  1798 I DreamManagerService: Entering dreamland.
09-27 15:05:42.346  1774  1798 D PowerManagerService: getScreenOffTimeoutLocked:  isTestFlag = false
09-27 15:05:42.359  1774  1794 I DreamController: Starting dream: name=ComponentInfo{com.android.systemui/com.android.systemui.doze.DozeService}, isTest=false, canDoze=true, userId=0
09-27 15:05:42.360  1774  1798 I PowerManagerService: Dozing...
09-27 15:05:42.426  1774  2279 D PowerManagerService: getScreenOffTimeoutLocked:  isTestFlag = false
09-27 15:05:42.429  1774  1794 D PowerManagerService: getScreenOffTimeoutLocked:  isTestFlag = false
09-27 15:05:42.429  1774  2746 D PowerManagerService: getScreenOffTimeoutLocked:  isTestFlag = false
09-27 15:05:42.431  1774  1786 D PowerManagerService: getScreenOffTimeoutLocked:  isTestFlag = false
09-27 15:05:42.682  1774  1786 D PowerManagerService: getScreenOffTimeoutLocked:  isTestFlag = false
09-27 15:05:42.685  1774  2835 D PowerManagerService: getScreenOffTimeoutLocked:  isTestFlag = false
09-27 15:05:44.212  1774  1885 D PowerManagerService: getScreenOffTimeoutLocked:  isTestFlag = false
09-27 15:05:44.250  1774  1885 I GestureLauncherService: mHits[0] = 356934ms
09-27 15:05:44.250  1774  1885 I GestureLauncherService: mHits[1] = 730827ms
09-27 15:05:44.250  1774  1885 I GestureLauncherService: mHits[2] = 750729ms
09-27 15:05:44.252  1774  1885 I PowerManagerService: Waking up from dozing (uid 1000)...
09-27 15:05:44.254  1774  1885 D PowerManagerService: getScreenOffTimeoutLocked:  isTestFlag = false
09-27 15:05:44.257  1774  1798 I DisplayPowerController: Blocking screen on until initial contents have been drawn.
09-27 15:05:44.275  1774  1796 I DisplayManagerService: Display device changed state: "Built-in Screen", ON
09-27 15:05:44.327  1774  1796 D PowerManagerService: getScreenOffTimeoutLocked:  isTestFlag = false
09-27 15:05:44.385  1774  1796 D PowerManagerService: getScreenOffTimeoutLocked:  isTestFlag = false
09-27 15:05:44.390  1774  1798 I DisplayPowerController: Unblocked screen on after 133 ms
09-27 15:05:44.392  1774  1798 I DreamManagerService: Gently waking up from dream.
09-27 15:05:44.404  1774  1786 I DreamManagerService: Leaving dreamland.
09-27 15:05:44.404  1774  1786 D PowerManagerService: getScreenOffTimeoutLocked:  isTestFlag = false
09-27 15:05:44.405  1774  1794 I DreamController: Stopping dream: name=ComponentInfo{com.android.systemui/com.android.systemui.doze.DozeService}, isTest=false, canDoze=true, userId=0
09-27 15:05:44.425  1774  1883 D PowerManagerService: getScreenOffTimeoutLocked:  isTestFlag = false
09-27 15:05:44.441  1774  2883 D PowerManagerService: getScreenOffTimeoutLocked:  isTestFlag = false
09-27 15:05:44.443  1774  2069 D PowerManagerService: getScreenOffTimeoutLocked:  isTestFlag = false
09-27 15:05:44.451  1774  1885 D PowerManagerService: getScreenOffTimeoutLocked:  isTestFlag = false
09-27 15:05:44.459  1774  2746 D PowerManagerService: getScreenOffTimeoutLocked:  isTestFlag = false
09-27 15:05:44.461  1774  1798 D LuxLevels: bright hysteresis constant= 0.1, threshold=125.4, lux=114.0
09-27 15:05:44.461  1774  1798 D LuxLevels: dark hysteresis constant= 0.2, threshold=91.200005, lux=114.0
09-27 15:05:44.492  1774  1774 D PowerManagerService: getScreenOffTimeoutLocked:  isTestFlag = false
09-27 15:05:44.531  1774  2901 D PowerManagerService: getScreenOffTimeoutLocked:  isTestFlag = false
09-27 15:05:44.556  1774  2901 D PowerManagerService: getScreenOffTimeoutLocked:  isTestFlag = false
09-27 15:05:45.431  1774  1786 D PowerManagerService: getScreenOffTimeoutLocked:  isTestFlag = false
09-27 15:05:46.157  1774  2736 D PowerManagerService: getScreenOffTimeoutLocked:  isTestFlag = false
09-27 15:05:46.324  1774  2746 D PowerManagerService: getScreenOffTimeoutLocked:  isTestFlag = false
09-27 15:05:46.422  1774  1886 D PowerManagerService: getScreenOffTimeoutLocked:  isTestFlag = false
09-27 15:05:46.638  1774  2902 D PowerManagerService: getScreenOffTimeoutLocked:  isTestFlag = false
09-27 15:05:46.737  1774  1886 D PowerManagerService: getScreenOffTimeoutLocked:  isTestFlag = false
09-27 15:05:46.858  1774  2902 D PowerManagerService: getScreenOffTimeoutLocked:  isTestFlag = false
09-27 15:05:46.896  1774  2737 I LockSettingsService: Unlocking user 0 with token length 69
09-27 15:05:46.898  1774  2069 D PowerManagerService: getScreenOffTimeoutLocked:  isTestFlag = false
09-27 15:05:46.899  1774  2737 W ActivityManager: Expected user 0 in state RUNNING_LOCKED but was in state RUNNING_UNLOCKED
09-27 15:05:46.923  1774  1774 D PowerManagerService: getScreenOffTimeoutLocked:  isTestFlag = false
09-27 15:05:46.936  1774  2736 D PowerManagerService: getScreenOffTimeoutLocked:  isTestFlag = false
09-27 15:05:47.189  1774  2737 W WindowManager:  SLCODE computeScreenConfigurationLocked, the hard device name is: msm8953-snd-card-mtp Button Jack
09-27 15:05:47.190  1774  2737 W WindowManager:  SLCODE computeScreenConfigurationLocked, the hard device name is: msm8953-snd-card-mtp Headset Jack
09-27 15:05:47.190  1774  2737 W WindowManager:  SLCODE computeScreenConfigurationLocked, the hard device name is: hbtp_vm
09-27 15:05:47.190  1774  2737 W WindowManager:  SLCODE computeScreenConfigurationLocked, the hard device name is: qpnp_pon
09-27 15:05:47.190  1774  2737 W WindowManager:  SLCODE computeScreenConfigurationLocked, the hard device name is: gpio-keys
09-27 15:05:47.190  1774  2737 W WindowManager:  SLCODE computeScreenConfigurationLocked, the hard device name is: ft5435_ts
09-27 15:05:47.210  1774  1788 I VrManagerService: VR mode is allowed
09-27 15:05:47.234  1774  1786 D PowerManagerService: getScreenOffTimeoutLocked:  isTestFlag = false
09-27 15:05:47.280  1940  1940 V KeyguardDisplayManager: hide
09-27 15:05:47.328  1774  2823 D PowerManagerService: getScreenOffTimeoutLocked:  isTestFlag = false
09-27 15:05:47.505  1774  2069 W InputMethodManagerService: Window already focused, ignoring focus gain of: com.android.internal.view.IInputMethodClient$Stub$Proxy@9e1c921 attribute=android.view.inputmethod.EditorInfo@f0e146, token = android.os.BinderProxy@e8adf9c
09-27 15:05:47.642  1774  1786 I ActivityManager: Setting hasTopUi=false for pid=1940
09-27 15:05:50.769  1774  2822 D PowerManagerService: getScreenOffTimeoutLocked:  isTestFlag = false
09-27 15:05:54.458  1774  1883 D PowerManagerService: getScreenOffTimeoutLocked:  isTestFlag = false
09-27 15:05:54.517  1774  1774 D PowerManagerService: getScreenOffTimeoutLocked:  isTestFlag = false
09-27 15:05:58.567  1774  1884 D PowerManagerService: getScreenOffTimeoutLocked:  isTestFlag = false
09-27 15:05:58.610  1774  1884 D PowerManagerService: getScreenOffTimeoutLocked:  isTestFlag = false
09-27 15:05:58.622  1774  2279 D PowerManagerService: getScreenOffTimeoutLocked:  isTestFlag = false
09-27 15:05:58.623  1774  2822 D PowerManagerService: getScreenOffTimeoutLocked:  isTestFlag = false
09-27 15:05:58.631  1774  1884 D PowerManagerService: getScreenOffTimeoutLocked:  isTestFlag = false
09-27 15:05:58.642  1774  1884 I ActivityManager: START u0 {act=android.intent.action.MAIN cat=[android.intent.category.HOME] flg=0x10200000 cmp=com.android.launcher3/.Launcher (has extras)} from uid 1000 on display 0
09-27 15:05:58.657  1774  1884 D PowerManagerService: getScreenOffTimeoutLocked:  isTestFlag = false
09-27 15:05:58.705  1774  1884 W WindowManager:  SLCODE computeScreenConfigurationLocked, the hard device name is: msm8953-snd-card-mtp Button Jack
09-27 15:05:58.705  1774  1884 W WindowManager:  SLCODE computeScreenConfigurationLocked, the hard device name is: msm8953-snd-card-mtp Headset Jack
09-27 15:05:58.705  1774  1884 W WindowManager:  SLCODE computeScreenConfigurationLocked, the hard device name is: hbtp_vm
09-27 15:05:58.705  1774  1884 W WindowManager:  SLCODE computeScreenConfigurationLocked, the hard device name is: qpnp_pon
09-27 15:05:58.705  1774  1884 W WindowManager:  SLCODE computeScreenConfigurationLocked, the hard device name is: gpio-keys
09-27 15:05:58.706  1774  1884 W WindowManager:  SLCODE computeScreenConfigurationLocked, the hard device name is: ft5435_ts
09-27 15:05:58.803  1774  1886 W Telecom : MissedCallNotifierImpl: Showing missed calls through default dialer.: TSI.cMCN@A2c
09-27 15:05:58.872  1774  2069 D PowerManagerService: getScreenOffTimeoutLocked:  isTestFlag = false
09-27 15:05:59.787  1774  2902 D PowerManagerService: getScreenOffTimeoutLocked:  isTestFlag = false
09-27 15:05:59.792  1774  2822 D PowerManagerService: getScreenOffTimeoutLocked:  isTestFlag = false
09-27 15:05:59.796  1774  2797 D PowerManagerService: getScreenOffTimeoutLocked:  isTestFlag = false
09-27 15:05:59.804  1774  2746 D PowerManagerService: getScreenOffTimeoutLocked:  isTestFlag = false
09-27 15:05:59.806  1774  2795 D PowerManagerService: getScreenOffTimeoutLocked:  isTestFlag = false
09-27 15:05:59.809  1774  2280 D PowerManagerService: getScreenOffTimeoutLocked:  isTestFlag = false
09-27 15:06:00.021  1774  1785 D PowerManagerService: getScreenOffTimeoutLocked:  isTestFlag = false
09-27 15:06:00.024  1774  1883 D PowerManagerService: getScreenOffTimeoutLocked:  isTestFlag = false
09-27 15:06:00.180  1774  1774 D PowerManagerService: getScreenOffTimeoutLocked:  isTestFlag = false
09-27 15:06:00.359  1774  1886 D PowerManagerService: getScreenOffTimeoutLocked:  isTestFlag = false
09-27 15:06:00.379  1774  2280 I Telecom : : Adding new incoming call with phoneAccountHandle ComponentInfo{com.android.phone/com.android.services.telephony.TelephonyConnectionService}, [356a192b7913b04c54574d18c28d46e6395428ab], UserHandle{0}: TSI.aNIC@A2k
09-27 15:06:00.413  1774  2280 I Telecom : PhoneAccountRegistrar: SimCallManager queried, returning: null: TSI.aNIC@A2k
09-27 15:06:00.422  1774  2280 I Telecom : Event: Call TC@2: CREATED, null: TSI.aNIC@A2k
09-27 15:06:00.446  1774  2280 I Telecom : PhoneAccountRegistrar: SimCallManager queried, returning: null: TSI.aNIC@A2k
09-27 15:06:00.450  1774  2280 I Telecom : CreateConnectionProcessor: Trying attempt CallAttemptRecord(ComponentInfo{com.android.phone/com.android.services.telephony.TelephonyConnectionService}, [356a192b7913b04c54574d18c28d46e6395428ab], UserHandle{0},ComponentInfo{com.android.phone/com.android.services.telephony.TelephonyConnectionService}, [356a192b7913b04c54574d18c28d46e6395428ab], UserHandle{0}): TSI.aNIC@A2k
09-27 15:06:00.453  1774  2280 I Telecom : Event: Call TC@2: BIND_CS, ComponentInfo{com.android.phone/com.android.services.telephony.TelephonyConnectionService}: TSI.aNIC@A2k
09-27 15:06:00.466  1774  1774 I Telecom : TelecomSystem: CallerInfoAsyncQuery.startQuery number=[39d31246fd237a50750e7bb3f380bd27eadfdb74] cookie=TSI.aNIC->CILH.sL@A2k_1_0: TSI.aNIC->CILH.sL@A2k_1
09-27 15:06:00.496  1774  1774 I Telecom : ServiceBinderConnection: Service bound ComponentInfo{com.android.phone/com.android.services.telephony.TelephonyConnectionService}: SBC.oSC@A2o
09-27 15:06:00.497  1774  1774 I Telecom : Event: Call TC@2: CS_BOUND, ComponentInfo{com.android.phone/com.android.services.telephony.TelephonyConnectionService}: SBC.oSC@A2o
09-27 15:06:00.501  1774  1774 I Telecom : Event: Call TC@2: START_CONNECTION, tel:***********: SBC.oSC@A2o
09-27 15:06:00.526  1774  2823 I Telecom : PhoneAccountRegistrar: SimCallManager queried, returning: null: CSW.qRCS@A2s
09-27 15:06:00.564  1774  1774 I Telecom : CallerInfoLookupHelper: CI query for handle tel:*********** has completed; notifying all listeners.: TSI.aNIC->CILH.sL->CILH.oQC@A2k_1_0
09-27 15:06:00.567  1774  1774 I Telecom : Call: CallerInfo received for tel:***********: com.android.internal.telephony.CallerInfo@cea3fce { name null, phoneNumber non-null }: TSI.aNIC->CILH.sL->CILH.oQC@A2k_1_0
09-27 15:06:00.570  1774  1774 I Telecom : CallerInfoLookupHelper: There is no photo for this contact, skipping photo query: TSI.aNIC->CILH.sL->CILH.oQC@A2k_1_0
09-27 15:06:00.579  1774  2823 I Telecom : Event: Call TC@2: CAPABILITY_CHANGE, Current: [[ sup_hld mut spd_aud]], Removed [[]], Added [[ sup_hld mut spd_aud]]: CSW.hCCC@A2w
09-27 15:06:00.582  1774  2823 I Telecom : Event: Call TC@2: PROPERTY_CHANGE, Current: [[ HD]], Removed [[]], Added [[ HD]]: CSW.hCCC@A2w
09-27 15:06:00.587  1774  2823 I Telecom : Event: Call TC@2: FILTERING_INITIATED, null: CSW.hCCC@A2w
09-27 15:06:00.588  1774  2823 I Telecom : Event: Call TC@2: DIRECT_TO_VM_INITIATED, null: CSW.hCCC@A2w
09-27 15:06:00.592  1774  2823 I Telecom : Event: Call TC@2: SCREENING_SENT, null: CSW.hCCC@A2w
09-27 15:06:00.593  1774  7576 I Telecom : Event: Call TC@2: BLOCK_CHECK_INITIATED, null: CSW.hCCC->ABCF.dIB@A2w_1
09-27 15:06:00.597  1774  2823 I Telecom : CallScreeningServiceFilter: There are no call screening services installed on this device.: CSW.hCCC@A2w
09-27 15:06:00.598  1774  2823 I Telecom : CallScreeningServiceFilter: Could not bind to call screening service: CSW.hCCC@A2w
09-27 15:06:00.599  1774  2823 I Telecom : Event: Call TC@2: SCREENING_COMPLETED, [Allow, logged, notified]: CSW.hCCC@A2w
09-27 15:06:00.603  1774  1774 I Telecom : TelecomSystem: CallerInfoAsyncQuery.startQuery number=[39d31246fd237a50750e7bb3f380bd27eadfdb74] cookie=CSW.hCCC->CILH.sL@A2w_0_0: CSW.hCCC->CILH.sL@A2w_0
09-27 15:06:00.635  1774  1774 I Telecom : Event: Call TC@2: BLOCK_CHECK_FINISHED, [Allow, logged, notified]: CSW.hCCC->ABCF.oPE@A2w_2
09-27 15:06:00.685  1774  1774 I Telecom : CallerInfoLookupHelper: CI query for handle tel:*********** has completed; notifying all listeners.: CSW.hCCC->CILH.sL->CILH.oQC@A2w_0_0
09-27 15:06:00.686  1774  1774 I Telecom : Event: Call TC@2: DIRECT_TO_VM_FINISHED, [Allow, logged, notified]: CSW.hCCC->CILH.sL->CILH.oQC@A2w_0_0
09-27 15:06:00.688  1774  1774 I Telecom : CallerInfoLookupHelper: There is no photo for this contact, skipping photo query: CSW.hCCC->CILH.sL->CILH.oQC@A2w_0_0
09-27 15:06:00.695  1774  1774 I Telecom : Event: Call TC@2: FILTERING_COMPLETED, [Allow, logged, notified]: CSW.hCCC->CILH.sL->CILH.oQC->ICF.oCFC@A2w_0_0_0
09-27 15:06:00.698  1774  1774 I Telecom : CallsManager: setCallState NEW -> RINGING, call: [TC@2, NEW, com.android.phone/com.android.services.telephony.TelephonyConnectionService, tel:***********, A, childs(0), has_parent(false), [Capabilities: CAPABILITY_SUPPORT_HOLD CAPABILITY_MUTE CAPABILITY_SPEED_UP_MT_AUDIO], [Properties: PROPERTY_HIGH_DEF_AUDIO]]: CSW.hCCC->CILH.sL->CILH.oQC->ICF.oCFC@A2w_0_0_0
09-27 15:06:00.715  1774  1774 I Telecom : Event: Call TC@2: SET_RINGING, successful incoming call: CSW.hCCC->CILH.sL->CILH.oQC->ICF.oCFC@A2w_0_0_0
09-27 15:06:00.716  1774  1774 W Telecom : CallsManager: isIncomingVideoCallAllowed: null Extras or not an incoming video call or allow video calls in low battery: CSW.hCCC->CILH.sL->CILH.oQC->ICF.oCFC@A2w_0_0_0
09-27 15:06:00.720  1774  2318 I Telecom : CallAudioRouteStateMachine: Message received: UPDATE_SYSTEM_AUDIO_ROUTE=1201, arg1=0: CSW.hCCC->CILH.sL->CILH.oQC->ICF.oCFC->CARSM.pM_UPDATE_SYSTEM_AUDIO_ROUTE@A2w_0_0_0_0
09-27 15:06:00.727  1774  1774 I Telecom : InCallController: defaultDialer: null: CSW.hCCC->CILH.sL->CILH.oQC->ICF.oCFC@A2w_0_0_0
09-27 15:06:00.728  1774  1774 I Telecom : InCallController: defaultDialer: null: CSW.hCCC->CILH.sL->CILH.oQC->ICF.oCFC@A2w_0_0_0
09-27 15:06:00.729  1774  2319 I Telecom : CallAudioModeStateMachine: Message received: NEW_RINGING_CALL.: CSW.hCCC->CILH.sL->CILH.oQC->ICF.oCFC->CAMSM.pM_2002@A2w_0_0_0_1
09-27 15:06:00.730  1774  2319 I Telecom : CallAudioModeStateMachine: Audio focus entering RINGING state: CSW.hCCC->CILH.sL->CILH.oQC->ICF.oCFC->CAMSM.pM_2002@A2w_0_0_0_1
09-27 15:06:00.730  1774  1774 I Telecom : CarSwappingInCallServiceConnection: carmodechange: false => false: CSW.hCCC->CILH.sL->CILH.oQC->ICF.oCFC@A2w_0_0_0
09-27 15:06:00.732  1774  1774 I Telecom : EmergencyInCallServiceConnection: Attempting to bind to InCall [ComponentInfo{com.android.dialer/com.android.incallui.InCallServiceImpl} supportsExternal? true], with Intent { act=android.telecom.InCallService cmp=com.android.dialer/com.android.incallui.InCallServiceImpl }: CSW.hCCC->CILH.sL->CILH.oQC->ICF.oCFC@A2w_0_0_0
09-27 15:06:00.738  1774  2319 I Telecom : Event: Call TC@2: START_RINGER, null: CSW.hCCC->CILH.sL->CILH.oQC->ICF.oCFC->CAMSM.pM_2002@A2w_0_0_0_1
09-27 15:06:00.742  1774  2319 I Telecom : Event: Call TC@2: SKIP_VIBRATION, hasVibrator=true, userRequestsVibrate=false, ringerMode=2, isVibrating=false: CSW.hCCC->CILH.sL->CILH.oQC->ICF.oCFC->CAMSM.pM_2002@A2w_0_0_0_1
09-27 15:06:00.743  1774  1774 D PowerManagerService: getScreenOffTimeoutLocked:  isTestFlag = false
09-27 15:06:00.743  1774  1774 I Telecom : TelecomWakeLock: Acquiring WakeLock with id: 26: CSW.hCCC->CILH.sL->CILH.oQC->ICF.oCFC@A2w_0_0_0
09-27 15:06:00.744  1774  7584 I Telecom : AsyncRingtonePlayer: Play ringtone.
09-27 15:06:00.744  1774  1774 I Telecom : InCallWakeLockController: Acquiring full wake lock: CSW.hCCC->CILH.sL->CILH.oQC->ICF.oCFC@A2w_0_0_0
09-27 15:06:00.745  1774  2822 D PowerManagerService: getScreenOffTimeoutLocked:  isTestFlag = false
09-27 15:06:00.748  1774  1774 I Telecom : PhoneStateBroadcaster: Broadcasted state change: 1: CSW.hCCC->CILH.sL->CILH.oQC->ICF.oCFC@A2w_0_0_0
09-27 15:06:00.751  1774  1788 W BroadcastQueue: Permission Denial: receiving Intent { act=android.intent.action.PHONE_STATE flg=0x10 (has extras) } to ProcessRecord{d044448 1940:com.android.systemui/u0a32} (pid=1940, uid=10032) requires android.permission.READ_PHONE_STATE due to sender android (uid 1000)
09-27 15:06:00.753  1774  2318 I Telecom : CallAudioRouteStateMachine: setSystemAudioState: changing from [AudioState isMuted: false, route: EARPIECE, supportedRouteMask: EARPIECE, SPEAKER] to [AudioState isMuted: false, route: EARPIECE, supportedRouteMask: EARPIECE, SPEAKER]: CSW.hCCC->CILH.sL->CILH.oQC->ICF.oCFC->CARSM.pM_UPDATE_SYSTEM_AUDIO_ROUTE@A2w_0_0_0_0
09-27 15:06:00.757  1774  2318 I Telecom : InCallController: Calling onAudioStateChanged, audioState: [AudioState isMuted: false, route: EARPIECE, supportedRouteMask: EARPIECE, SPEAKER] -> [AudioState isMuted: false, route: EARPIECE, supportedRouteMask: EARPIECE, SPEAKER]: CSW.hCCC->CILH.sL->CILH.oQC->ICF.oCFC->CARSM.pM_UPDATE_SYSTEM_AUDIO_ROUTE@A2w_0_0_0_0
09-27 15:06:00.793  1774  2318 I Telecom : CallAudioRouteStateMachine: Message received: SWITCH_FOCUS=4001, arg1=3: CSW.hCCC->CILH.sL->CILH.oQC->ICF.oCFC->CAMSM.pM_2002->CARSM.pM_SWITCH_FOCUS@A2w_0_0_0_1_3
09-27 15:06:00.795  1774  2318 I Telecom : Event: Call TC@2: AUDIO_ROUTE, Leaving state QuiescentEarpieceRoute: CSW.hCCC->CILH.sL->CILH.oQC->ICF.oCFC->CAMSM.pM_2002->CARSM.pM_SWITCH_FOCUS@A2w_0_0_0_1_3
09-27 15:06:00.797  1774  2318 I Telecom : Event: Call TC@2: AUDIO_ROUTE, Entering state ActiveEarpieceRoute: CSW.hCCC->CILH.sL->CILH.oQC->ICF.oCFC->CAMSM.pM_2002->CARSM.pM_SWITCH_FOCUS@A2w_0_0_0_1_3
