09-27 15:13:02.888  2249  2249 W Settings: Setting airplane_mode_on has moved from android.provider.Settings.System to android.provider.Settings.Global, returning read-only value.
09-27 15:13:02.892  2249  2249 D QtiEmergencyCallHelper: Found 2 phones.
09-27 15:13:02.898   775  1909 D audio_hw_spkr_prot: audio_extn_fbsp_get_parameters: Speaker protection disabled
09-27 15:13:02.898   775  1909 D audio_hw_extn: audio_extn_get_parameters: returns 
09-27 15:13:02.898   775  1909 I hash_map_utils: key: 'volume_boost' value: ''
09-27 15:13:02.908  1774  1774 I Telecom : CallerInfoLookupHelper: CI query for handle tel:*********** has completed; notifying all listeners.: NOCBIR.oR->CILH.sL->CILH.oQC@BQE_0_0
09-27 15:13:02.910  1774  1774 I Telecom : Call: CallerInfo received for tel:***********: com.android.internal.telephony.CallerInfo@811e90a { name null, phoneNumber non-null }: NOCBIR.oR->CILH.sL->CILH.oQC@BQE_0_0
09-27 15:13:02.911  1774  1774 I Telecom : CallerInfoLookupHelper: There is no photo for this contact, skipping photo query: NOCBIR.oR->CILH.sL->CILH.oQC@BQE_0_0
09-27 15:13:02.924  1774  2797 D PowerManagerService: getScreenOffTimeoutLocked:  isTestFlag = false
09-27 15:13:02.928  1774  2795 W WindowManager:  SLCODE computeScreenConfigurationLocked, the hard device name is: msm8953-snd-card-mtp Button Jack
09-27 15:13:02.928  1774  2795 W WindowManager:  SLCODE computeScreenConfigurationLocked, the hard device name is: msm8953-snd-card-mtp Headset Jack
09-27 15:13:02.928  1774  2795 W WindowManager:  SLCODE computeScreenConfigurationLocked, the hard device name is: hbtp_vm
09-27 15:13:02.928  1774  2795 W WindowManager:  SLCODE computeScreenConfigurationLocked, the hard device name is: qpnp_pon
09-27 15:13:02.928  1774  2795 W WindowManager:  SLCODE computeScreenConfigurationLocked, the hard device name is: gpio-keys
09-27 15:13:02.928  1774  2795 W WindowManager:  SLCODE computeScreenConfigurationLocked, the hard device name is: ft5435_ts
09-27 15:13:02.931  1774  2069 D PowerManagerService: getScreenOffTimeoutLocked:  isTestFlag = false
09-27 15:13:02.932  1774  2746 D PowerManagerService: getScreenOffTimeoutLocked:  isTestFlag = false
09-27 15:13:02.945  1774  1786 D PowerManagerService: getScreenOffTimeoutLocked:  isTestFlag = false
09-27 15:13:02.956   775  2435 D audio_hw_primary: adev_set_parameters: enter: vsid=297816064;call_state=1
09-27 15:13:02.956  1774  2736 D PowerManagerService: getScreenOffTimeoutLocked:  isTestFlag = false
09-27 15:13:02.956   775  2435 D voice_extn: update_call_states is_call_active:0 in_call:1, mode:2
09-27 15:13:02.956   775  2435 D voice_extn: update_calls: enter:
09-27 15:13:02.956   775  2435 D voice_extn: update_calls: cur_state=1 new_state=1 vsid=10c01000
09-27 15:13:02.956   775  2435 D voice_extn: update_calls: cur_state=1 new_state=1 vsid=10dc1000
09-27 15:13:02.956  2249  2249 D QtiEmergencyCallHelper: Found 2 phones.
09-27 15:13:02.956   775  2435 D voice_extn: update_calls: cur_state=1 new_state=1 vsid=10c02000
09-27 15:13:02.956   775  2435 D voice_extn: update_calls: cur_state=1 new_state=1 vsid=10803000
09-27 15:13:02.956   775  2435 D voice_extn: update_calls: cur_state=1 new_state=1 vsid=10002000
09-27 15:13:02.956   775  2435 D voice_extn: update_calls: cur_state=1 new_state=1 vsid=11c05000
09-27 15:13:02.956   775  2435 D voice_extn: update_calls: cur_state=1 new_state=1 vsid=11dc5000
09-27 15:13:02.956   775  2435 D msm8916_platform: platform_set_parameters:mic_ret: -2
09-27 15:13:02.956   775  2435 D audio_hw_extn: audio_extn_set_anc_parameters: anc_enabled:0
09-27 15:13:02.956   775  2435 D audio_hw_spkr_prot: audio_extn_fbsp_set_parameters: Speaker protection disabled
09-27 15:13:02.957   775  7649 D audio_hw_primary: adev_set_parameters: enter: vsid=297816064;call_state=1
09-27 15:13:02.958   775  7649 D voice_extn: update_call_states is_call_active:0 in_call:1, mode:2
09-27 15:13:02.958   775  7649 D voice_extn: update_calls: enter:
09-27 15:13:02.958   775  7649 D voice_extn: update_calls: cur_state=1 new_state=1 vsid=10c01000
09-27 15:13:02.958   775  7649 D voice_extn: update_calls: cur_state=1 new_state=1 vsid=10dc1000
09-27 15:13:02.958   775  7649 D voice_extn: update_calls: cur_state=1 new_state=1 vsid=10c02000
09-27 15:13:02.958   775  7649 D voice_extn: update_calls: cur_state=1 new_state=1 vsid=10803000
09-27 15:13:02.958   775  7649 D voice_extn: update_calls: cur_state=1 new_state=1 vsid=10002000
09-27 15:13:02.958   775  7649 D voice_extn: update_calls: cur_state=1 new_state=1 vsid=11c05000
09-27 15:13:02.958   775  7649 D voice_extn: update_calls: cur_state=1 new_state=1 vsid=11dc5000
09-27 15:13:02.958   775  7649 D msm8916_platform: platform_set_parameters:mic_ret: -2
09-27 15:13:02.958   775  7649 D audio_hw_extn: audio_extn_set_anc_parameters: anc_enabled:0
09-27 15:13:02.958   775  7649 D audio_hw_spkr_prot: audio_extn_fbsp_set_parameters: Speaker protection disabled
09-27 15:13:02.959  2249  2249 D QtiEmergencyCallHelper: Found 2 phones.
09-27 15:13:02.960   775  1359 D audio_hw_primary: adev_set_parameters: enter: vsid=297816064;call_state=1
09-27 15:13:02.960   775  1359 D voice_extn: update_call_states is_call_active:0 in_call:1, mode:2
09-27 15:13:02.960   775  1359 D voice_extn: update_calls: enter:
09-27 15:13:02.960   775  1359 D voice_extn: update_calls: cur_state=1 new_state=1 vsid=10c01000
09-27 15:13:02.960   775  1359 D voice_extn: update_calls: cur_state=1 new_state=1 vsid=10dc1000
09-27 15:13:02.960   775  1359 D voice_extn: update_calls: cur_state=1 new_state=1 vsid=10c02000
09-27 15:13:02.960   775  1359 D voice_extn: update_calls: cur_state=1 new_state=1 vsid=10803000
09-27 15:13:02.960   775  1359 D voice_extn: update_calls: cur_state=1 new_state=1 vsid=10002000
09-27 15:13:02.960   775  1359 D voice_extn: update_calls: cur_state=1 new_state=1 vsid=11c05000
09-27 15:13:02.960   775  1359 D voice_extn: update_calls: cur_state=1 new_state=1 vsid=11dc5000
09-27 15:13:02.960   775  1359 D msm8916_platform: platform_set_parameters:mic_ret: -2
09-27 15:13:02.960   775  1359 D audio_hw_extn: audio_extn_set_anc_parameters: anc_enabled:0
09-27 15:13:02.960   775  1359 D audio_hw_spkr_prot: audio_extn_fbsp_set_parameters: Speaker protection disabled
09-27 15:13:02.961  1774  2279 D PowerManagerService: getScreenOffTimeoutLocked:  isTestFlag = false
09-27 15:13:02.963  2249  2249 D QtiEmergencyCallHelper: Found 2 phones.
09-27 15:13:02.963  1774  2280 D PowerManagerService: getScreenOffTimeoutLocked:  isTestFlag = false
09-27 15:13:02.965  1774  2746 D PowerManagerService: getScreenOffTimeoutLocked:  isTestFlag = false
09-27 15:13:02.967  2249  2249 D QtiEmergencyCallHelper: Found 2 phones.
09-27 15:13:02.976  1774  2823 I Telecom : InCallController: Sending updateCall [TC@3, CONNECTING, com.android.phone/com.android.services.telephony.TelephonyConnectionService, tel:***********, A, childs(0), has_parent(false), [Capabilities:], [Properties:]]: CSW.hCCC@BQ8
09-27 15:13:02.978  1774  2823 I Telecom : InCallController: Components updated: [ComponentInfo{com.android.dialer/com.android.incallui.InCallServiceImpl}]: CSW.hCCC@BQ8
09-27 15:13:02.981  1774  2823 I Telecom : InCallController: Sending updateCall [TC@3, CONNECTING, com.android.phone/com.android.services.telephony.TelephonyConnectionService, tel:***********, A, childs(0), has_parent(false), [Capabilities: CAPABILITY_SUPPORT_HOLD CAPABILITY_MUTE CAPABILITY_CANNOT_DOWNGRADE_VIDEO_TO_AUDIO], [Properties:]]: CSW.hCCC@BQ8
09-27 15:13:02.983  1774  2823 I Telecom : InCallController: Components updated: [ComponentInfo{com.android.dialer/com.android.incallui.InCallServiceImpl}]: CSW.hCCC@BQ8
09-27 15:13:02.984   775  7648 D audio_hw_primary: adev_set_parameters: enter: vsid=297816064;call_state=2;call_type=LTE
09-27 15:13:02.984   775  7648 D voice_extn: update_call_states is_call_active:0 in_call:1, mode:2
09-27 15:13:02.984   775  7648 D voice_extn: update_calls: enter:
09-27 15:13:02.984   775  7648 D voice_extn: update_calls: cur_state=1 new_state=1 vsid=10c01000
09-27 15:13:02.985   775  7648 D voice_extn: update_calls: cur_state=1 new_state=1 vsid=10dc1000
09-27 15:13:02.985   775  7648 D voice_extn: update_calls: cur_state=1 new_state=1 vsid=10c02000
09-27 15:13:02.985   775  7648 D voice_extn: update_calls: cur_state=1 new_state=1 vsid=10803000
09-27 15:13:02.985   775  7648 D voice_extn: update_calls: cur_state=1 new_state=1 vsid=10002000
09-27 15:13:02.985   775  7648 D voice_extn: update_calls: cur_state=1 new_state=2 vsid=11c05000
09-27 15:13:02.985   775  7648 D voice_extn: update_calls: INACTIVE -> ACTIVE vsid:11c05000
09-27 15:13:02.985   775  7648 D voice   : voice_start_usecase: enter usecase:voicemmode1-call
09-27 15:13:02.985   775  7648 D audio_hw_primary: select_devices for use case (voicemmode1-call)
09-27 15:13:02.985   775  7648 D msm8916_platform: platform_get_input_snd_device: mic_choose init: 0
09-27 15:13:02.985   775  7648 D audio_hw_primary: select_devices: out_snd_device(21: voice-line) in_snd_device(74: voice-dmic-ef)
09-27 15:13:02.985   775  7648 I msm8916_platform: platform_check_and_set_codec_backend_cfg:becf: afe: bitwidth 16, samplerate 48000 channels 2, backend_idx 0 usecase = 25 device (voice-line)
09-27 15:13:02.985   775  7648 D msm8916_platform: platform_can_split_snd_device: snd_device(21) num devices(1) new_snd_devices(-363866520)
09-27 15:13:02.985   775  7648 I msm8916_platform: platform_check_and_set_codec_backend_cfg: becf: new_snd_devices[0] is voice-line
09-27 15:13:02.985   775  7648 I msm8916_platform: platform_check_codec_backend_cfg:becf: afe: Codec selected backend: 0 current bit width: 16 sample rate: 48000 channels: 2
09-27 15:13:02.985   775  7648 W msm8916_platform: platform_check_codec_backend_cfg:becf: afe:Use default bw and sr for voice/voip calls 
09-27 15:13:02.985  1774  2823 I Telecom : Event: Call TC@3: CAPABILITY_CHANGE, Current: [[ sup_hld mut !v2a]], Removed [[]], Added [[ sup_hld mut !v2a]]: CSW.hCCC@BQ8
09-27 15:13:02.985   775  7648 D msm8916_platform: platform_check_codec_backend_cfg:becf: afe: only 48KHZ sample rate is supported Configure afe to default Sample Rate(48k)
09-27 15:13:02.985   775  7648 I msm8916_platform: platform_check_codec_backend_cfg:becf: afe: Codec selected backend: 0 updated bit width: 16 and sample rate: 48000
09-27 15:13:02.985   775  7648 D audio_hw_primary: check_usecases_codec_backend:becf: force routing 0
09-27 15:13:02.985   775  7648 D audio_hw_primary: check_usecases_codec_backend:becf: (40) check_usecases curr device: voice-line, usecase device:voice-line backends match 1
09-27 15:13:02.985   775  7648 E msm8916_platform: platform_check_backends_match: Invalid snd_device = 
09-27 15:13:02.985   775  7648 D audio_hw_primary: check_usecases_codec_backend:becf: (40) check_usecases curr device: voice-line, usecase device: backends match 0
09-27 15:13:02.985   775  7648 D audio_hw_primary: check_usecases_codec_backend:becf: check_usecases num.of Usecases to switch 0
09-27 15:13:02.985   775  7648 D hardware_info: hw_info_append_hw_type : device_name = voice-line
09-27 15:13:02.985   775  7648 I msm8916_platform: platform_check_and_set_capture_codec_backend_cfg:txbecf: afe: bitwidth 16, samplerate 48000, backend_idx 0 usecase = 25 device (voice-dmic-ef)
09-27 15:13:02.985   775  7648 I msm8916_platform: platform_check_capture_codec_backend_cfg:txbecf: afe: Codec selected backend: 0 current bit width: 16 and sample rate: 48000
09-27 15:13:02.985   775  7648 W msm8916_platform: platform_check_capture_codec_backend_cfg:txbecf: afe:Use default bw and sr for voice/voip calls
09-27 15:13:02.985   775  7648 I msm8916_platform: platform_check_capture_codec_backend_cfg:txbecf: afe: Codec selected backend: 0 updated bit width: 16 and sample rate: 48000
09-27 15:13:02.985   775  7648 D audio_hw_primary: check_usecases_capture_codec_backend:becf: force routing 0
09-27 15:13:02.985   775  7648 D hardware_info: hw_info_append_hw_type : device_name = voice-dmic-ef
09-27 15:13:02.985   775  7648 D msm8916_platform: platform_can_split_snd_device: snd_device(74) num devices(0) new_snd_devices(3)
09-27 15:13:02.985   775  7648 D audio_hw_primary: enable_snd_device: snd_device(74: voice-dmic-ef)
09-27 15:13:02.985   775  7648 I soundtrigger: audio_extn_sound_trigger_update_device_status: device 0x4a of type 1 for Event 1, with Raise=1
09-27 15:13:02.985   775  7648 D sound_trigger_platform: platform_stdev_check_and_update_concurrency: concurrency active 0, tx 1, rx 0, concurrency session_allowed 0
09-27 15:13:02.989  1774  2823 I Telecom : InCallController: Sending updateCall [TC@3, CONNECTING, com.android.phone/com.android.services.telephony.TelephonyConnectionService, tel:***********, A, childs(0), has_parent(false), [Capabilities: CAPABILITY_SUPPORT_HOLD CAPABILITY_MUTE CAPABILITY_CANNOT_DOWNGRADE_VIDEO_TO_AUDIO], [Properties:]]: CSW.hCCC@BQ8
09-27 15:13:02.990  1774  2902 D PowerManagerService: getScreenOffTimeoutLocked:  isTestFlag = false
09-27 15:13:02.992  1774  1981 D PowerManagerService: getScreenOffTimeoutLocked:  isTestFlag = false
09-27 15:13:02.993  1774  2823 I Telecom : InCallController: Components updated: [ComponentInfo{com.android.dialer/com.android.incallui.InCallServiceImpl}]: CSW.hCCC@BQ8
09-27 15:13:02.994  1774  2736 D PowerManagerService: getScreenOffTimeoutLocked:  isTestFlag = false
09-27 15:13:02.996  1774  2319 I Telecom : CallAudioModeStateMachine: Message received: FOREGROUND_VOIP_MODE_CHANGE.: CSW.hCCC->CAMSM.pM_4001@BQ8_0
09-27 15:13:02.998  1774  1785 D PowerManagerService: getScreenOffTimeoutLocked:  isTestFlag = false
09-27 15:13:02.999  1774  2823 I Telecom : InCallController: Sending updateCall [TC@3, CONNECTING, com.android.phone/com.android.services.telephony.TelephonyConnectionService, tel:***********, A, childs(0), has_parent(false), [Capabilities: CAPABILITY_SUPPORT_HOLD CAPABILITY_MUTE CAPABILITY_CANNOT_DOWNGRADE_VIDEO_TO_AUDIO], [Properties:]]: CSW.hCCC@BQ8
09-27 15:13:03.000  2249  2249 D QtiEmergencyCallHelper: Found 2 phones.
09-27 15:13:03.000   775  7648 D ACDB-LOADER: ACDB -> send_voice_cal, acdb_rx = 10, acdb_tx = 41, feature_set = 0
09-27 15:13:03.000   775  7648 D ACDB-LOADER: ACDB -> send_voice_rx_topology
09-27 15:13:03.000   775  7648 D ACDB-LOADER: ACDB -> ACDB_CMD_GET_VOCPROC_COMMON_TOPOLOGY_ID
09-27 15:13:03.000   775  7648 D ACDB-LOADER: ACDB -> send_voice_tx_topology
09-27 15:13:03.001   775  7648 D ACDB-LOADER: ACDB -> ACDB_CMD_GET_VOCPROC_COMMON_TOPOLOGY_ID
09-27 15:13:03.001   775  7648 D ACDB-LOADER: ACDB -> ACDB_CMD_GET_AFE_DATA
09-27 15:13:03.001   775  7648 D ACDB-LOADER: ACDB -> AUDIO_SET_SIDETONE_CAL
09-27 15:13:03.001   775  7648 D ACDB-LOADER: ACDB -> send_voice_columns, rxacdb_id 10, txacdb_id 41, table 5
09-27 15:13:03.001   775  7648 D ACDB-LOADER: ACDB -> ACDB_CMD_GET_VOC_COLUMNS_INFO_V2
09-27 15:13:03.001   775  7648 D ACDB-LOADER: ACDB -> ACDB_CMD_GET_VOC_PROC_STATIC_TABLE_SIZE
09-27 15:13:03.001   775  7648 D ACDB-LOADER: ACDB -> ACDB_CMD_GET_VOC_PROC_STATIC_TABLE
09-27 15:13:03.002   775  7648 D ACDB-LOADER: ACDB -> AUDIO_SET_VOCPROC_CAL
09-27 15:13:03.002   775  7648 D ACDB-LOADER: ACDB -> ACDB_CMD_GET_VOC_PROC_DEVICE_CFG
09-27 15:13:03.002   775  7648 D ACDB-LOADER: ACDB -> AUDIO_SET_VOCPROC_DEV_CFG_CAL
09-27 15:13:03.002   775  7648 D ACDB-LOADER: ACDB -> send_voice_columns, rxacdb_id 10, txacdb_id 41, table 4
09-27 15:13:03.002   775  7648 D ACDB-LOADER: ACDB -> ACDB_CMD_GET_VOC_COLUMNS_INFO_V2
09-27 15:13:03.002   775  7648 D ACDB-LOADER: ACDB -> ACDB_CMD_GET_VOC_PROC_DYNAMIC_TABLE_SIZE
09-27 15:13:03.002  1774  2823 I Telecom : InCallController: Components updated: [ComponentInfo{com.android.dialer/com.android.incallui.InCallServiceImpl}]: CSW.hCCC@BQ8
09-27 15:13:03.004  2249  2249 D QtiEmergencyCallHelper: Found 2 phones.
09-27 15:13:03.004   775  7648 D ACDB-LOADER: ACDB -> ACDB_CMD_GET_VOC_PROC_DYNAMIC_TABLE
09-27 15:13:03.007  1774  2823 I Telecom : InCallController: Sending updateCall [TC@3, CONNECTING, com.android.phone/com.android.services.telephony.TelephonyConnectionService, tel:***********, A, childs(0), has_parent(false), [Capabilities: CAPABILITY_SUPPORT_HOLD CAPABILITY_MUTE CAPABILITY_CANNOT_DOWNGRADE_VIDEO_TO_AUDIO], [Properties:]]: CSW.hCCC@BQ8
09-27 15:13:03.008   775  7648 D ACDB-LOADER: ACDB -> AUDIO_SET_VOCPROC_VOL_CAL
09-27 15:13:03.008   775  7648 D ACDB-LOADER: ACDB -> send_voice_columns, rxacdb_id 10, txacdb_id 41, table 6
09-27 15:13:03.008   775  7648 D ACDB-LOADER: ACDB -> ACDB_CMD_GET_VOC_COLUMNS_INFO_V2
09-27 15:13:03.008   775  7648 D ACDB-LOADER: ACDB -> ACDB_CMD_GET_VOC_STREAM_STATIC_TABLE_SIZE
09-27 15:13:03.008   775  7648 D ACDB-LOADER: ACDB -> ACDB_CMD_GET_VOC_STREAM_STATIC_TABLE
09-27 15:13:03.008   775  7648 D ACDB-LOADER: ACDB -> AUDIO_SET_VOCPROC_STREAM_CAL
09-27 15:13:03.008   775  7648 D ACDB-LOADER: ACDB -> send_afe_topology
09-27 15:13:03.008   775  7648 D ACDB-LOADER: ACDB -> ACDB_CMD_GET_AFE_TOPOLOGY_ID
09-27 15:13:03.008   775  7648 D ACDB-LOADER: ACDB -> GET_AFE_TOPOLOGY_ID for adcd_id 41, Topology Id 112fb
09-27 15:13:03.008   775  7648 D ACDB-LOADER: ACDB -> send_afe_cal
09-27 15:13:03.008  1774  2823 I Telecom : InCallController: Components updated: [ComponentInfo{com.android.dialer/com.android.incallui.InCallServiceImpl}]: CSW.hCCC@BQ8
09-27 15:13:03.008   775  7648 D ACDB-LOADER: ACDB -> ACDB_CMD_GET_AFE_COMMON_TABLE
09-27 15:13:03.009   775  7648 D         : Failed to fetch the lookup information of the device 00000029 
09-27 15:13:03.009   775  7648 E ACDB-LOADER: Error: ACDB AFE returned = -19
09-27 15:13:03.009   775  7648 D ACDB-LOADER: ACDB -> AUDIO_SET_AFE_CAL
09-27 15:13:03.009   775  7648 D ACDB-LOADER: ACDB -> send_afe_topology
09-27 15:13:03.009   775  7648 D ACDB-LOADER: ACDB -> ACDB_CMD_GET_AFE_TOPOLOGY_ID
09-27 15:13:03.009   775  7648 D ACDB-LOADER: ACDB -> GET_AFE_TOPOLOGY_ID for adcd_id 10, Topology Id 112fc
09-27 15:13:03.009   775  7648 D ACDB-LOADER: ACDB -> send_afe_cal
09-27 15:13:03.009   775  7648 D ACDB-LOADER: ACDB -> ACDB_CMD_GET_AFE_COMMON_TABLE
09-27 15:13:03.009   775  7648 D         : Failed to fetch the lookup information of the device 0000000A 
09-27 15:13:03.009   775  7648 E ACDB-LOADER: Error: ACDB AFE returned = -19
09-27 15:13:03.009   775  7648 D ACDB-LOADER: ACDB -> AUDIO_SET_AFE_CAL
09-27 15:13:03.009   775  7648 D ACDB-LOADER: ACDB -> send_hw_delay : acdb_id = 41 path = 1
09-27 15:13:03.009   775  7648 D ACDB-LOADER: ACDB -> ACDB_AVSYNC_INFO: ACDB_CMD_GET_DEVICE_PROPERTY
09-27 15:13:03.009   775  7648 D ACDB-LOADER: ACDB -> send_hw_delay : acdb_id = 10 path = 0
09-27 15:13:03.009   775  7648 D ACDB-LOADER: ACDB -> ACDB_AVSYNC_INFO: ACDB_CMD_GET_DEVICE_PROPERTY
09-27 15:13:03.009   775  7648 D ACDB-LOADER: ACDB -> Sent VocProc Cal!
09-27 15:13:03.009   775  7648 D soundtrigger: audio_extn_sound_trigger_update_stream_status: uc_id 25 of type 2 for Event 3, with Raise=0
09-27 15:13:03.009   775  7648 E audio_hw_utils: audio_extn_utils_send_app_type_cfg: not a playback or capture path, no need to cfg app type
09-27 15:13:03.009   775  7648 D audio_hw_primary: enable_audio_route: apply mixer and update path: voicemmode1-call
09-27 15:13:03.012  1774  2823 I Telecom : CallsManager: setCallState CONNECTING -> DIALING, call: [TC@3, CONNECTING, com.android.phone/com.android.services.telephony.TelephonyConnectionService, tel:***********, A, childs(0), has_parent(false), [Capabilities: CAPABILITY_SUPPORT_HOLD CAPABILITY_MUTE CAPABILITY_CANNOT_DOWNGRADE_VIDEO_TO_AUDIO], [Properties:]]: CSW.hCCC@BQ8
09-27 15:13:03.013  1774  2823 I Telecom : Event: Call TC@3: SET_DIALING, successful outgoing call: CSW.hCCC@BQ8
09-27 15:13:03.014   775  7648 D audio_hw_primary: select_devices: done
09-27 15:13:03.014   775  7648 D voice   : voice_config.rate 8000
09-27 15:13:03.016  1774  2319 I Telecom : CallAudioModeStateMachine: Message received: NEW_ACTIVE_OR_DIALING_CALL.: CSW.hCCC->CAMSM.pM_2001@BQ8_1
09-27 15:13:03.021  1774  2823 I Telecom : InCallController: Sending updateCall [TC@3, DIALING, com.android.phone/com.android.services.telephony.TelephonyConnectionService, tel:***********, A, childs(0), has_parent(false), [Capabilities: CAPABILITY_SUPPORT_HOLD CAPABILITY_MUTE CAPABILITY_CANNOT_DOWNGRADE_VIDEO_TO_AUDIO], [Properties:]]: CSW.hCCC@BQ8
09-27 15:13:03.023  1774  2823 I Telecom : InCallController: Components updated: [ComponentInfo{com.android.dialer/com.android.incallui.InCallServiceImpl}]: CSW.hCCC@BQ8
09-27 15:13:03.024  1774  2823 I Telecom : TelecomWakeLock: WakeLock already released with id: 26: CSW.hCCC@BQ8
09-27 15:13:03.025  1774  2823 I Telecom : InCallWakeLockController: Releasing full wake lock: CSW.hCCC@BQ8
09-27 15:13:03.039  2814  2814 D SecUISvc.CallReceiver: Off Hook
09-27 15:13:03.039  1774  2823 I Telecom : PhoneStateBroadcaster: Broadcasted state change: 2: CSW.hCCC@BQ8
09-27 15:13:03.039  2814  2814 E LibSecureUISvc: svc_sock_send_message(suisvc): Error sending data, -1 vs 4: Connection refused
09-27 15:13:03.040  1774  1788 W BroadcastQueue: Permission Denial: receiving Intent { act=android.intent.action.PHONE_STATE flg=0x10 (has extras) } to ProcessRecord{d044448 1940:com.android.systemui/u0a32} (pid=1940, uid=10032) requires android.permission.READ_PHONE_STATE due to sender android (uid 1000)
09-27 15:13:03.044  1774  2318 I Telecom : CallAudioRouteStateMachine: Message received: UPDATE_SYSTEM_AUDIO_ROUTE=1201, arg1=0: CSW.hCCC->CARSM.pM_UPDATE_SYSTEM_AUDIO_ROUTE@BQ8_2
09-27 15:13:03.045  1774  2823 I Telecom : InCallController: Sending updateCall [TC@3, DIALING, com.android.phone/com.android.services.telephony.TelephonyConnectionService, tel:***********, A, childs(0), has_parent(false), [Capabilities: CAPABILITY_SUPPORT_HOLD CAPABILITY_MUTE CAPABILITY_CANNOT_DOWNGRADE_VIDEO_TO_AUDIO], [Properties:]]: CSW.hCCC@BQ8
09-27 15:13:03.047  1774  2823 I Telecom : InCallController: Components updated: [ComponentInfo{com.android.dialer/com.android.incallui.InCallServiceImpl}]: CSW.hCCC@BQ8
09-27 15:13:03.050  2814  2814 D SecUISvc.CallReceiver: Off Hook
09-27 15:13:03.050  1774  2823 I Telecom : CallsManager: setCallState DIALING -> DIALING, call: [TC@3, DIALING, com.android.phone/com.android.services.telephony.TelephonyConnectionService, tel:***********, A, childs(0), has_parent(false), [Capabilities: CAPABILITY_SUPPORT_HOLD CAPABILITY_MUTE CAPABILITY_CANNOT_DOWNGRADE_VIDEO_TO_AUDIO], [Properties:]]: CSW.hCCC@BQ8
09-27 15:13:03.050  2814  2814 E LibSecureUISvc: svc_sock_send_message(suisvc): Error sending data, -1 vs 4: Connection refused
09-27 15:13:03.053  1774  2318 I Telecom : CallAudioRouteStateMachine: setSystemAudioState: changing from [AudioState isMuted: false, route: EARPIECE, supportedRouteMask: EARPIECE, SPEAKER] to [AudioState isMuted: false, route: EARPIECE, supportedRouteMask: EARPIECE, SPEAKER]: CSW.hCCC->CARSM.pM_UPDATE_SYSTEM_AUDIO_ROUTE@BQ8_2
09-27 15:13:03.056  1774  2318 I Telecom : InCallController: Calling onAudioStateChanged, audioState: [AudioState isMuted: false, route: EARPIECE, supportedRouteMask: EARPIECE, SPEAKER] -> [AudioState isMuted: false, route: EARPIECE, supportedRouteMask: EARPIECE, SPEAKER]: CSW.hCCC->CARSM.pM_UPDATE_SYSTEM_AUDIO_ROUTE@BQ8_2
09-27 15:13:03.059  1774  2318 I Telecom : CallAudioRouteStateMachine: Message received: USER_SWITCH_EARPIECE=1101, arg1=0: CSW.hCCC->CARSM.pM_USER_SWITCH_EARPIECE@BQ8_3
09-27 15:13:03.060  1774  2823 I Telecom : InCallController: Sending updateCall [TC@3, DIALING, com.android.phone/com.android.services.telephony.TelephonyConnectionService, tel:***********, A, childs(0), has_parent(false), [Capabilities: CAPABILITY_SUPPORT_HOLD CAPABILITY_MUTE CAPABILITY_CANNOT_DOWNGRADE_VIDEO_TO_AUDIO], [Properties:]]: CSW.sSH@BRE
09-27 15:13:03.062  1774  2823 I Telecom : InCallController: Components updated: [ComponentInfo{com.android.dialer/com.android.incallui.InCallServiceImpl}]: CSW.sSH@BRE
09-27 15:13:03.066  1774  2823 I Telecom : InCallController: Sending updateCall [TC@3, DIALING, com.android.phone/com.android.services.telephony.TelephonyConnectionService, tel:***********, A, childs(0), has_parent(false), [Capabilities: CAPABILITY_SUPPORT_HOLD CAPABILITY_MUTE CAPABILITY_CANNOT_DOWNGRADE_VIDEO_TO_AUDIO], [Properties:]]: CSW.sCDN@BRM
09-27 15:13:03.068  1774  2823 I Telecom : InCallController: Components updated: [ComponentInfo{com.android.dialer/com.android.incallui.InCallServiceImpl}]: CSW.sCDN@BRM
09-27 15:13:03.186   775  7648 D voice   : voice_set_sidetone: enable, out_snd_device: 21
09-27 15:13:03.187   775  7648 D voice   : voice_start_usecase: exit: status(0)
09-27 15:13:03.188   775  7648 D voice_extn: update_calls: cur_state=1 new_state=1 vsid=11dc5000
09-27 15:13:03.188   775  7648 D voice_extn: voice_extn_set_parameters: call type is LTE
09-27 15:13:03.188   775  7648 D msm8916_platform: platform_set_parameters:mic_ret: -2
09-27 15:13:03.188   775  7648 D audio_hw_extn: audio_extn_set_anc_parameters: anc_enabled:0
09-27 15:13:03.188   775  7648 D audio_hw_spkr_prot: audio_extn_fbsp_set_parameters: Speaker protection disabled
09-27 15:13:03.195  6385  6385 W InCall  : String -  Failed to complete animation
09-27 15:13:03.197  1774  2279 D PowerManagerService: getScreenOffTimeoutLocked:  isTestFlag = false
09-27 15:13:03.200  1774  2736 D PowerManagerService: getScreenOffTimeoutLocked:  isTestFlag = false
09-27 15:13:03.203  1774  2069 D PowerManagerService: getScreenOffTimeoutLocked:  isTestFlag = false
09-27 15:13:03.209  6385  6385 V PhoneNumberUtil: getGeoDescription('[a815017aa1b394a7841fb4438a7851fc43781597]')...
09-27 15:13:03.214  6385  6385 V PhoneNumberUtil: parsing '[a815017aa1b394a7841fb4438a7851fc43781597]' for countryIso 'CN'...
09-27 15:13:03.216  6385  6385 V PhoneNumberUtil: - parsed number: [02f776f315b4d9879d839550d52bf9ea44f46311]
09-27 15:13:03.218  6385  6385 V PhoneNumberUtil: - got description: 'Shanghai'
09-27 15:13:03.274  2249  8717 D QtiEmergencyCallHelper: Found 2 phones.
09-27 15:13:03.279  6385  6385 I InCall  : CallList - onUpdate - [Call_2, DIALING, [Capabilities: CAPABILITY_SUPPORT_HOLD CAPABILITY_MUTE CAPABILITY_CANNOT_DOWNGRADE_VIDEO_TO_AUDIO], [Properties:], children:[], parent:null, conferenceable:[], videoState:Audio Only, mSessionModificationState:0, VideoSettings:(CameraDir:-1), mIsActivSub:false]
09-27 15:13:03.302  6385  6385 I InCall  : InCallLowBatteryListener - onDetailsChanged call = [Call_2, DIALING, [Capabilities: CAPABILITY_SUPPORT_HOLD CAPABILITY_MUTE CAPABILITY_CANNOT_DOWNGRADE_VIDEO_TO_AUDIO], [Properties:], children:[], parent:null, conferenceable:[], videoState:Audio Only, mSessionModificationState:0, VideoSettings:(CameraDir:-1), mIsActivSub:false] details = [pa: ComponentInfo{com.android.phone/com.android.services.telephony.TelephonyConnectionService}, [da4b9237bacccdf19c0760cab7aec4a8359010b0], UserHandle{0}, hdl: tel:***********, caps: [Capabilities:], props: [Properties:]]
09-27 15:13:03.334   775  7649 D audio_hw_spkr_prot: audio_extn_fbsp_get_parameters: Speaker protection disabled
09-27 15:13:03.334   775  7649 D audio_hw_extn: audio_extn_get_parameters: returns 
09-27 15:13:03.334   775  7649 I hash_map_utils: key: 'volume_boost' value: ''
09-27 15:13:03.357  6385  6385 I InCall  : CallList - onUpdate - [Call_2, DIALING, [Capabilities: CAPABILITY_SUPPORT_HOLD CAPABILITY_MUTE CAPABILITY_CANNOT_DOWNGRADE_VIDEO_TO_AUDIO], [Properties:], children:[], parent:null, conferenceable:[], videoState:Audio Only, mSessionModificationState:0, VideoSettings:(CameraDir:-1), mIsActivSub:false]
09-27 15:13:03.383  6385  6385 I InCall  : InCallLowBatteryListener - onDetailsChanged call = [Call_2, DIALING, [Capabilities: CAPABILITY_SUPPORT_HOLD CAPABILITY_MUTE CAPABILITY_CANNOT_DOWNGRADE_VIDEO_TO_AUDIO], [Properties:], children:[], parent:null, conferenceable:[], videoState:Audio Only, mSessionModificationState:0, VideoSettings:(CameraDir:-1), mIsActivSub:false] details = [pa: ComponentInfo{com.android.phone/com.android.services.telephony.TelephonyConnectionService}, [da4b9237bacccdf19c0760cab7aec4a8359010b0], UserHandle{0}, hdl: tel:***********, caps: [Capabilities:], props: [Properties:]]
09-27 15:13:03.388  1774  2823 D PowerManagerService: getScreenOffTimeoutLocked:  isTestFlag = false
09-27 15:13:03.391  1774  9217 I chatty  : uid=1000 system_server expire 1 line
09-27 15:13:03.426   775  1359 D audio_hw_spkr_prot: audio_extn_fbsp_get_parameters: Speaker protection disabled
09-27 15:13:03.426   775  1359 D audio_hw_extn: audio_extn_get_parameters: returns 
09-27 15:13:03.426   775  1359 I hash_map_utils: key: 'volume_boost' value: ''
09-27 15:13:03.453  6385  6385 I InCall  : InCallPresenter - Phone switching state: PENDING_OUTGOING -> OUTGOING
09-27 15:13:03.453  6385  6385 D AccelerometerListener: enable(true)
09-27 15:13:03.458  6385  6385 I InCall  : ProximitySensor - ProximitySensor{keybrd=0, dpad=0, offhook=1, hor=0, ui=1, aud=EARPIECE}
09-27 15:13:03.458  6385  6385 I InCall  : ProximitySensor - Acquiring proximity wake lock
09-27 15:13:03.459  1774  2737 D PowerManagerService: getScreenOffTimeoutLocked:  isTestFlag = false
09-27 15:13:03.487  6385  6385 I InCall  : StatusBarNotifier - huaqin Enter buildandsendnotification
09-27 15:13:03.487  6385  6385 I InCall  : StatusBarNotifier - huaqin Enter buildandsendnotification, call [Call_2, DIALING, [Capabilities: CAPABILITY_SUPPORT_HOLD CAPABILITY_MUTE CAPABILITY_CANNOT_DOWNGRADE_VIDEO_TO_AUDIO], [Properties:], children:[], parent:null, conferenceable:[], videoState:Audio Only, mSessionModificationState:0, VideoSettings:(CameraDir:-1), mIsActivSub:false]
09-27 15:13:03.497  6385  6385 I InCall  : StatusBarNotifier - huaqin Enter notificationType= 1
09-27 15:13:03.499  6385  6385 I InCall  : StatusBarNotifier - Huaqin isMultiSimDevicetrue
09-27 15:13:03.534  6385  6385 I InCall  : StatusBarNotifier - Huaqin isVideoUpgradeRequest =false
09-27 15:13:03.535  6385  6385 I InCall  : StatusBarNotifier - Huaqin else case call=[Call_2, DIALING, [Capabilities: CAPABILITY_SUPPORT_HOLD CAPABILITY_MUTE CAPABILITY_CANNOT_DOWNGRADE_VIDEO_TO_AUDIO], [Properties:], children:[], parent:null, conferenceable:[], videoState:Audio Only, mSessionModificationState:0, VideoSettings:(CameraDir:-1), mIsActivSub:false]callState=6builder=android.app.Notification$Builder@995ba48
09-27 15:13:03.539  1774  1875 I chatty  : uid=1000(system) StartSensorThre expire 32 lines
09-27 15:13:03.541  6385  6385 I InCall  : StatusBarNotifier - Displaying notification for 1
09-27 15:13:03.573  1774  1774 D ZenLog  : intercepted: 0|com.android.dialer|1|null|10016,alarmsOnly
09-27 15:13:03.590  1774  2835 D PowerManagerService: getScreenOffTimeoutLocked:  isTestFlag = false
09-27 15:13:03.597  1774  1774 V NotificationService: pkg=com.android.dialer canInterrupt=false intercept=true
09-27 15:13:03.619   775  2436 D audio_hw_spkr_prot: audio_extn_fbsp_get_parameters: Speaker protection disabled
09-27 15:13:03.619   775  2436 D audio_hw_extn: audio_extn_get_parameters: returns 
09-27 15:13:03.619   775  2436 I hash_map_utils: key: 'volume_boost' value: ''
09-27 15:13:03.667  6385  6385 I InCall  : CallList - onUpdate - [Call_2, DIALING, [Capabilities: CAPABILITY_SUPPORT_HOLD CAPABILITY_MUTE CAPABILITY_CANNOT_DOWNGRADE_VIDEO_TO_AUDIO], [Properties:], children:[], parent:null, conferenceable:[], videoState:Audio Only, mSessionModificationState:0, VideoSettings:(CameraDir:-1), mIsActivSub:false]
09-27 15:13:03.667  6385  6385 I InCall  : InCallPresenter - Phone switching state: OUTGOING -> OUTGOING
09-27 15:13:03.689  6385  6385 I InCall  : StatusBarNotifier - huaqin Enter buildandsendnotification
09-27 15:13:03.690  6385  6385 I InCall  : StatusBarNotifier - huaqin Enter buildandsendnotification, call [Call_2, DIALING, [Capabilities: CAPABILITY_SUPPORT_HOLD CAPABILITY_MUTE CAPABILITY_CANNOT_DOWNGRADE_VIDEO_TO_AUDIO], [Properties:], children:[], parent:null, conferenceable:[], videoState:Audio Only, mSessionModificationState:0, VideoSettings:(CameraDir:-1), mIsActivSub:false]
09-27 15:13:03.700  6385  6385 I InCall  : StatusBarNotifier - huaqin Enter notificationType= 1
09-27 15:13:03.735  1774  2279 D PowerManagerService: getScreenOffTimeoutLocked:  isTestFlag = false
09-27 15:13:03.736  2364  2364 D QcrilMsgTunnelIfaceManager: handleMessage what = 0
09-27 15:13:03.741  2249  2249 D QC_RIL_OEM_HOOK: Received Broadcast Intent ACTION_UNSOL_RESPONSE_OEM_HOOK_RAW
09-27 15:13:03.741  2249  2249 D QC_RIL_OEM_HOOK: Oem ID in QCRILHOOK UNSOL RESP is QOEMHOOK
09-27 15:13:03.741  2249  2249 D QC_RIL_OEM_HOOK: Received Broadcast Intent ACTION_UNSOL_RESPONSE_OEM_HOOK_RAW
09-27 15:13:03.741  2249  2249 D QC_RIL_OEM_HOOK: Oem ID in QCRILHOOK UNSOL RESP is QOEMHOOK
09-27 15:13:03.742  1774  1786 D PowerManagerService: getScreenOffTimeoutLocked:  isTestFlag = false
09-27 15:13:03.743  2249  2249 D QC_RIL_OEM_HOOK: Received Broadcast Intent ACTION_UNSOL_RESPONSE_OEM_HOOK_RAW
09-27 15:13:03.743  4942  4942 D QC_RIL_OEM_HOOK: Received Broadcast Intent ACTION_UNSOL_RESPONSE_OEM_HOOK_RAW
09-27 15:13:03.743  2249  2249 D QC_RIL_OEM_HOOK: Oem ID in QCRILHOOK UNSOL RESP is QOEMHOOK
09-27 15:13:03.743  2249  2249 D QC_RIL_OEM_HOOK: Received Broadcast Intent ACTION_UNSOL_RESPONSE_OEM_HOOK_RAW
09-27 15:13:03.744  2249  2249 D QC_RIL_OEM_HOOK: Oem ID in QCRILHOOK UNSOL RESP is QOEMHOOK
09-27 15:13:03.744  1774  2069 D PowerManagerService: getScreenOffTimeoutLocked:  isTestFlag = false
09-27 15:13:03.744  4942  4942 D QC_RIL_OEM_HOOK: Oem ID in QCRILHOOK UNSOL RESP is QOEMHOOK
09-27 15:13:03.746  1774  1981 D PowerManagerService: getScreenOffTimeoutLocked:  isTestFlag = false
09-27 15:13:03.749  1774  2823 D PowerManagerService: getScreenOffTimeoutLocked:  isTestFlag = false
09-27 15:13:03.749   775   775 D audio_hw_spkr_prot: audio_extn_fbsp_get_parameters: Speaker protection disabled
09-27 15:13:03.749   775   775 D audio_hw_extn: audio_extn_get_parameters: returns 
09-27 15:13:03.749   775   775 I hash_map_utils: key: 'volume_boost' value: ''
09-27 15:13:03.750  1940  2334 I chatty  : uid=10032(com.android.systemui) PhoneStatusBar expire 6 lines
09-27 15:13:03.755  1774  2795 D PowerManagerService: getScreenOffTimeoutLocked:  isTestFlag = false
09-27 15:13:03.757  1774  2835 D PowerManagerService: getScreenOffTimeoutLocked:  isTestFlag = false
09-27 15:13:03.798  6385  6385 I InCall  : InCallLowBatteryListener - onDetailsChanged call = [Call_2, DIALING, [Capabilities: CAPABILITY_SUPPORT_HOLD CAPABILITY_MUTE CAPABILITY_CANNOT_DOWNGRADE_VIDEO_TO_AUDIO], [Properties:], children:[], parent:null, conferenceable:[], videoState:Audio Only, mSessionModificationState:0, VideoSettings:(CameraDir:-1), mIsActivSub:false] details = [pa: ComponentInfo{com.android.phone/com.android.services.telephony.TelephonyConnectionService}, [da4b9237bacccdf19c0760cab7aec4a8359010b0], UserHandle{0}, hdl: tel:***********, caps: [Capabilities: CAPABILITY_SUPPORT_HOLD CAPABILITY_MUTE CAPABILITY_CANNOT_DOWNGRADE_VIDEO_TO_AUDIO], props: [Properties:]]
09-27 15:13:03.825  1774  2795 D PowerManagerService: getScreenOffTimeoutLocked:  isTestFlag = false
09-27 15:13:03.837  2364  2364 D QcrilMsgTunnelIfaceManager: handleMessage what = 0
09-27 15:13:03.837   775  1909 D audio_hw_spkr_prot: audio_extn_fbsp_get_parameters: Speaker protection disabled
09-27 15:13:03.838   775  1909 D audio_hw_extn: audio_extn_get_parameters: returns 
09-27 15:13:03.838   775  1909 I hash_map_utils: key: 'volume_boost' value: ''
09-27 15:13:03.842  1774  1785 D PowerManagerService: getScreenOffTimeoutLocked:  isTestFlag = false
09-27 15:13:03.843  4942  4942 D QC_RIL_OEM_HOOK: Received Broadcast Intent ACTION_UNSOL_RESPONSE_OEM_HOOK_RAW
09-27 15:13:03.845  4942  4942 D QC_RIL_OEM_HOOK: Oem ID in QCRILHOOK UNSOL RESP is QOEMHOOK
09-27 15:13:03.846  1774  2797 D PowerManagerService: getScreenOffTimeoutLocked:  isTestFlag = false
09-27 15:13:03.862  1940  1940 I chatty  : uid=10032(com.android.systemui) expire 3 lines
09-27 15:13:03.863  1940  1940 D CarrierText: updateCarrierText(): 1
09-27 15:13:03.871  6385  6385 I InCall  : CallList - onUpdate - [Call_2, DIALING, [Capabilities: CAPABILITY_SUPPORT_HOLD CAPABILITY_MUTE CAPABILITY_CANNOT_DOWNGRADE_VIDEO_TO_AUDIO], [Properties:], children:[], parent:null, conferenceable:[], videoState:Audio Only, mSessionModificationState:0, VideoSettings:(CameraDir:-1), mIsActivSub:false]
09-27 15:13:03.871  6385  6385 I InCall  : InCallPresenter - Phone switching state: OUTGOING -> OUTGOING
09-27 15:13:03.876  6722  6722 D CellBroadcastReceiver: onReceive Intent { act=android.intent.action.SERVICE_STATE flg=0x10 cmp=com.android.cellbroadcastreceiver/.CellBroadcastReceiver (has extras) }
09-27 15:13:03.876  6722  6722 D CellBroadcastReceiver: Intent: android.intent.action.SERVICE_STATE
09-27 15:13:03.891  6385  6385 I InCall  : StatusBarNotifier - huaqin Enter buildandsendnotification
09-27 15:13:03.891  6385  6385 I InCall  : StatusBarNotifier - huaqin Enter buildandsendnotification, call [Call_2, DIALING, [Capabilities: CAPABILITY_SUPPORT_HOLD CAPABILITY_MUTE CAPABILITY_CANNOT_DOWNGRADE_VIDEO_TO_AUDIO], [Properties:], children:[], parent:null, conferenceable:[], videoState:Audio Only, mSessionModificationState:0, VideoSettings:(CameraDir:-1), mIsActivSub:false]
09-27 15:13:03.894  1940  1940 D CarrierText: Handling (subId=2): READY UNICOM 4G
09-27 15:13:03.894  1940  1940 D CarrierText: SIM ready and in service: subId=2, ss=0 0 voice home data home CHN-UNICOM UNICOM 46001 CHN-UNICOM UNICOM 46001  UMTS LTE CSS not supported -1 -1 RoamInd=-1 DefRoamInd=-1 EmergOnly=false IsDataRoamingFromRegistration=false IsUsingCarrierAggregation=false mRilImsRadioTechnology=0
09-27 15:13:03.895  1940  2334 D NetworkController.MobileSignalController(2): networkClass=4G showRat=true slot=1
09-27 15:13:03.896  1940  1940 D CarrierText: updateCarrierText(): 1
09-27 15:13:03.903  2249  2249 D QC_RIL_OEM_HOOK: Received Broadcast Intent ACTION_UNSOL_RESPONSE_OEM_HOOK_RAW
09-27 15:13:03.903  2249  2249 D QC_RIL_OEM_HOOK: Oem ID in QCRILHOOK UNSOL RESP is QOEMHOOK
09-27 15:13:03.903  2249  2249 D QC_RIL_OEM_HOOK: Received Broadcast Intent ACTION_UNSOL_RESPONSE_OEM_HOOK_RAW
09-27 15:13:03.903  2249  2249 D QC_RIL_OEM_HOOK: Oem ID in QCRILHOOK UNSOL RESP is QOEMHOOK
09-27 15:13:03.903  2249  2249 D QC_RIL_OEM_HOOK: Received Broadcast Intent ACTION_UNSOL_RESPONSE_OEM_HOOK_RAW
09-27 15:13:03.904  2249  2249 D QC_RIL_OEM_HOOK: Oem ID in QCRILHOOK UNSOL RESP is QOEMHOOK
09-27 15:13:03.904  2249  2249 D QC_RIL_OEM_HOOK: Received Broadcast Intent ACTION_UNSOL_RESPONSE_OEM_HOOK_RAW
09-27 15:13:03.904  2249  2249 D QC_RIL_OEM_HOOK: Oem ID in QCRILHOOK UNSOL RESP is QOEMHOOK
09-27 15:13:03.908  6385  6385 I InCall  : StatusBarNotifier - huaqin Enter notificationType= 1
09-27 15:13:03.917  1774  1785 D PowerManagerService: getScreenOffTimeoutLocked:  isTestFlag = false
09-27 15:13:03.922  1774  2902 D PowerManagerService: getScreenOffTimeoutLocked:  isTestFlag = false
09-27 15:13:03.922  1940  2334 D TelephonyIcons: updateDataType slot=1, type=13, inetCondition=0 showAtLeast3G=false show4GforLte=true hspaDistinguishable=true
09-27 15:13:03.924  1774  1886 D PowerManagerService: getScreenOffTimeoutLocked:  isTestFlag = false
09-27 15:13:03.926  1774  2983 D PowerManagerService: getScreenOffTimeoutLocked:  isTestFlag = false
09-27 15:13:03.926  1940  2334 D TelephonyIcons: data type item name: array/telephony_data_type_sim1 id:2131427376
09-27 15:13:03.926  1774  2797 D PowerManagerService: getScreenOffTimeoutLocked:  isTestFlag = false
09-27 15:13:03.927  1940  2334 D TelephonyIcons: updateDataType mSelectedDataTypeIcon[1]=2130838270, mSelectedDataActivityIndex=5
09-27 15:13:03.927  1940  2334 D TelephonyIcons: getSignalStrengthIcon: slot=1, inetCondition=0, level=4, roaming=false
09-27 15:13:03.928  1940  2334 D TelephonyIcons: signalStrengthArray.length=9
09-27 15:13:03.929  1940  2334 D TelephonyIcons: selectedTypeArray.length=2
09-27 15:13:03.931  1774  2280 D PowerManagerService: getScreenOffTimeoutLocked:  isTestFlag = false
09-27 15:13:03.932  1774  2983 D PowerManagerService: getScreenOffTimeoutLocked:  isTestFlag = false
09-27 15:13:03.932  1940  2334 D TelephonyIcons: inetArray.length=5
09-27 15:13:03.933  1940  2334 D TelephonyIcons: getDataActivity, slot=1, activity=4
09-27 15:13:03.936  1940  1940 D CarrierText: Handling (subId=2): READY UNICOM 4G
09-27 15:13:03.936  1940  1940 D CarrierText: SIM ready and in service: subId=2, ss=0 0 voice home data home CHN-UNICOM UNICOM 46001 CHN-UNICOM UNICOM 46001  UMTS LTE CSS not supported -1 -1 RoamInd=-1 DefRoamInd=-1 EmergOnly=false IsDataRoamingFromRegistration=false IsUsingCarrierAggregation=false mRilImsRadioTechnology=0
09-27 15:13:03.937  1940  2334 D TelephonyIcons: null signal icon name: drawable/stat_sys_signal_null
09-27 15:13:03.940  1940  2334 D TelephonyIcons: getDataTypeIcon sub=1
09-27 15:13:03.941  1774  2746 D PowerManagerService: getScreenOffTimeoutLocked:  isTestFlag = false
09-27 15:13:03.944  1940  1940 D CarrierText: updateCarrierText(): 1
09-27 15:13:03.944  1774  2795 D PowerManagerService: getScreenOffTimeoutLocked:  isTestFlag = false
09-27 15:13:03.971   775  2435 D audio_hw_spkr_prot: audio_extn_fbsp_get_parameters: Speaker protection disabled
09-27 15:13:03.971   775  2435 D audio_hw_extn: audio_extn_get_parameters: returns 
09-27 15:13:03.971   775  2435 I hash_map_utils: key: 'volume_boost' value: ''
09-27 15:13:03.981  1940  1940 D CarrierText: Handling (subId=2): READY UNICOM 4G
09-27 15:13:03.981  6722  6722 D CellBroadcastReceiver: onReceive Intent { act=android.intent.action.SERVICE_STATE flg=0x10 cmp=com.android.cellbroadcastreceiver/.CellBroadcastReceiver (has extras) }
09-27 15:13:03.981  1940  1940 D CarrierText: SIM ready and in service: subId=2, ss=0 0 voice home data home CHN-UNICOM UNICOM 46001 CHN-UNICOM UNICOM 46001  UMTS LTE CSS not supported -1 -1 RoamInd=-1 DefRoamInd=-1 EmergOnly=false IsDataRoamingFromRegistration=false IsUsingCarrierAggregation=false mRilImsRadioTechnology=0
09-27 15:13:03.981  6722  6722 D CellBroadcastReceiver: Intent: android.intent.action.SERVICE_STATE
09-27 15:13:03.983  1940  2334 D NetworkController.MobileSignalController(2): onServiceStateChanged mIsCarrierOneNetwork =false
09-27 15:13:04.001  1774  1901 D PowerManagerService: getScreenOffTimeoutLocked:  isTestFlag = false
09-27 15:13:04.019  2235  2235 W DPMJ    : |SERVICE| DPM received ACTION_ANY_DATA_CONNECTION_STATE_CHANGEDdefault
09-27 15:13:04.019  2235  2235 W DPMJ    : |SERVICE| If apn type is default ->default
09-27 15:13:04.033  1774  1786 D PowerManagerService: getScreenOffTimeoutLocked:  isTestFlag = false
09-27 15:13:04.034  1774  1901 I chatty  : uid=1000(system) ConnectivitySer expire 2 lines
09-27 15:13:04.036  1774  2823 D PowerManagerService: getScreenOffTimeoutLocked:  isTestFlag = false
09-27 15:13:04.037  2235  2247 D QtiTetherService/IpaWrapper: getStats(false)
09-27 15:13:04.038  1774  2737 D PowerManagerService: getScreenOffTimeoutLocked:  isTestFlag = false
09-27 15:13:04.038  6385  6385 I InCall  : InCallLowBatteryListener - onDetailsChanged call = [Call_2, DIALING, [Capabilities: CAPABILITY_SUPPORT_HOLD CAPABILITY_MUTE CAPABILITY_CANNOT_DOWNGRADE_VIDEO_TO_AUDIO], [Properties:], children:[], parent:null, conferenceable:[], videoState:Audio Only, mSessionModificationState:0, VideoSettings:(CameraDir:-1), mIsActivSub:false] details = [pa: ComponentInfo{com.android.phone/com.android.services.telephony.TelephonyConnectionService}, [da4b9237bacccdf19c0760cab7aec4a8359010b0], UserHandle{0}, hdl: tel:***********, caps: [Capabilities: CAPABILITY_SUPPORT_HOLD CAPABILITY_MUTE CAPABILITY_CANNOT_DOWNGRADE_VIDEO_TO_AUDIO], props: [Properties:]]
09-27 15:13:04.042  1774  1785 D PowerManagerService: getScreenOffTimeoutLocked:  isTestFlag = false
09-27 15:13:04.044  1774  1785 D PowerManagerService: getScreenOffTimeoutLocked:  isTestFlag = false
09-27 15:13:04.051  1940  2334 D NetworkController.MobileSignalController(2): networkClass=3G showRat=true slot=1
09-27 15:13:04.054  1774  2746 D PowerManagerService: getScreenOffTimeoutLocked:  isTestFlag = false
09-27 15:13:04.060  1774  1901 D PowerManagerService: getScreenOffTimeoutLocked:  isTestFlag = false
09-27 15:13:04.071  1940  2334 D TelephonyIcons: updateDataType slot=1, type=10, inetCondition=0 showAtLeast3G=false show4GforLte=true hspaDistinguishable=true
09-27 15:13:04.071  1940  2334 D TelephonyIcons: data type item name: array/telephony_data_type_sim1 id:2131427376
09-27 15:13:04.072  1940  2334 D TelephonyIcons: updateDataType mSelectedDataTypeIcon[1]=2130838275, mSelectedDataActivityIndex=6
09-27 15:13:04.072  1940  2334 D TelephonyIcons: getSignalStrengthIcon: slot=1, inetCondition=0, level=4, roaming=false
09-27 15:13:04.073  1940  2334 D TelephonyIcons: signalStrengthArray.length=9
09-27 15:13:04.074  1940  2334 D TelephonyIcons: selectedTypeArray.length=2
09-27 15:13:04.074  1940  2334 D TelephonyIcons: inetArray.length=5
09-27 15:13:04.075  1940  2334 D TelephonyIcons: getDataActivity, slot=1, activity=4
09-27 15:13:04.077  1940  2334 D TelephonyIcons: null signal icon name: drawable/stat_sys_signal_null
09-27 15:13:04.078  1940  2334 D TelephonyIcons: getDataTypeIcon sub=1
09-27 15:13:04.081  1940  1940 D KeyguardUpdateMonitor: received broadcast android.intent.action.SERVICE_STATE
09-27 15:13:04.082  1940  1940 V KeyguardUpdateMonitor: action android.intent.action.SERVICE_STATE serviceState=0 0 voice home data home CHN-UNICOM UNICOM 46001 CHN-UNICOM UNICOM 46001  UMTS HSPA CSS not supported -1 -1 RoamInd=-1 DefRoamInd=-1 EmergOnly=false IsDataRoamingFromRegistration=false IsUsingCarrierAggregation=false mRilImsRadioTechnology=0 subId=2 phoneId=1
09-27 15:13:04.092   775  7648 D audio_hw_spkr_prot: audio_extn_fbsp_get_parameters: Speaker protection disabled
09-27 15:13:04.092   775  7648 D audio_hw_extn: audio_extn_get_parameters: returns 
09-27 15:13:04.092   775  7648 I hash_map_utils: key: 'volume_boost' value: ''
09-27 15:13:04.099  1940  1940 D KeyguardUpdateMonitor: handleServiceStateChange(subId=2, phoneId=1, serviceState=0 0 voice home data home CHN-UNICOM UNICOM 46001 CHN-UNICOM UNICOM 46001  UMTS HSPA CSS not supported -1 -1 RoamInd=-1 DefRoamInd=-1 EmergOnly=false IsDataRoamingFromRegistration=false IsUsingCarrierAggregation=false mRilImsRadioTechnology=0
09-27 15:13:04.099  1940  1940 D CarrierText: updateCarrierText(): 1
09-27 15:13:04.115  2235  2287 W QCNEJ   : |CORE| CNE received unexpected action: android.intent.action.BATTERY_CHANGED
09-27 15:13:04.120  6385  6385 I InCall  : CallList - onUpdate - [Call_2, DIALING, [Capabilities: CAPABILITY_SUPPORT_HOLD CAPABILITY_MUTE CAPABILITY_CANNOT_DOWNGRADE_VIDEO_TO_AUDIO], [Properties:], children:[], parent:null, conferenceable:[], videoState:Audio Only, mSessionModificationState:0, VideoSettings:(CameraDir:-1), mIsActivSub:false]
09-27 15:13:04.120  6385  6385 I InCall  : InCallPresenter - Phone switching state: OUTGOING -> OUTGOING
09-27 15:13:04.137  1940  1940 D CarrierText: Handling (subId=2): READY UNICOM 3G
09-27 15:13:04.138  1940  1940 D CarrierText: SIM ready and in service: subId=2, ss=0 0 voice home data home CHN-UNICOM UNICOM 46001 CHN-UNICOM UNICOM 46001  UMTS HSPA CSS not supported -1 -1 RoamInd=-1 DefRoamInd=-1 EmergOnly=false IsDataRoamingFromRegistration=false IsUsingCarrierAggregation=false mRilImsRadioTechnology=0
09-27 15:13:04.144  1774  2902 D PowerManagerService: getScreenOffTimeoutLocked:  isTestFlag = false
09-27 15:13:04.145  6385  6385 I InCall  : StatusBarNotifier - huaqin Enter buildandsendnotification
09-27 15:13:04.145  6385  6385 I InCall  : StatusBarNotifier - huaqin Enter buildandsendnotification, call [Call_2, DIALING, [Capabilities: CAPABILITY_SUPPORT_HOLD CAPABILITY_MUTE CAPABILITY_CANNOT_DOWNGRADE_VIDEO_TO_AUDIO], [Properties:], children:[], parent:null, conferenceable:[], videoState:Audio Only, mSessionModificationState:0, VideoSettings:(CameraDir:-1), mIsActivSub:false]
09-27 15:13:04.146  1940  1940 D CarrierText: updateCarrierText(): 1
09-27 15:13:04.156  6385  6385 I InCall  : StatusBarNotifier - huaqin Enter notificationType= 1
09-27 15:13:04.170  1940  1940 D CarrierText: Handling (subId=2): READY UNICOM 3G
09-27 15:13:04.170  1940  1940 D CarrierText: SIM ready and in service: subId=2, ss=0 0 voice home data home CHN-UNICOM UNICOM 46001 CHN-UNICOM UNICOM 46001  UMTS HSPA CSS not supported -1 -1 RoamInd=-1 DefRoamInd=-1 EmergOnly=false IsDataRoamingFromRegistration=false IsUsingCarrierAggregation=false mRilImsRadioTechnology=0
09-27 15:13:04.174  1940  1940 D CarrierText: updateCarrierText(): 1
09-27 15:13:04.194  1940  1940 D CarrierText: Handling (subId=2): READY UNICOM 3G
09-27 15:13:04.194  1940  1940 D CarrierText: SIM ready and in service: subId=2, ss=0 0 voice home data home CHN-UNICOM UNICOM 46001 CHN-UNICOM UNICOM 46001  UMTS HSPA CSS not supported -1 -1 RoamInd=-1 DefRoamInd=-1 EmergOnly=false IsDataRoamingFromRegistration=false IsUsingCarrierAggregation=false mRilImsRadioTechnology=0
09-27 15:13:04.203   775  7649 D audio_hw_spkr_prot: audio_extn_fbsp_get_parameters: Speaker protection disabled
09-27 15:13:04.204   775  7649 D audio_hw_extn: audio_extn_get_parameters: returns 
09-27 15:13:04.204   775  7649 I hash_map_utils: key: 'volume_boost' value: ''
09-27 15:13:04.227  6385  6385 I InCall  : CallList - onUpdate - [Call_2, DIALING, [Capabilities: CAPABILITY_SUPPORT_HOLD CAPABILITY_MUTE CAPABILITY_CANNOT_DOWNGRADE_VIDEO_TO_AUDIO], [Properties:], children:[], parent:null, conferenceable:[], videoState:Audio Only, mSessionModificationState:0, VideoSettings:(CameraDir:-1), mIsActivSub:false]
09-27 15:13:04.227  6385  6385 I InCall  : InCallPresenter - Phone switching state: OUTGOING -> OUTGOING
09-27 15:13:04.241  1940  1940 D KeyguardUpdateMonitor: received broadcast android.intent.action.BATTERY_CHANGED
09-27 15:13:04.251  6385  6385 I InCall  : StatusBarNotifier - huaqin Enter buildandsendnotification
