09-27 15:12:54.082  5503  5539 I OverridingDeviceInfoMan: getCustomerId - Returning unique Customer id for non-anonymous metrics;
09-27 15:12:54.083  5503  5539 D Metrics:BatchCreator: addMetricEntry - Adding metric entry; metricEntry: 1506496374081 com.amazon.widgets CardLoader  [buildRemoteViews:Success,1.0,1]  [anonymous,true,1]  [HTTP_USER_AGENT,AMZN(SmartPhone/G/A26P7JWNT6HZZG,Android/7.1.2,//,DCM),1] 
09-27 15:12:54.126  5503  9228 V BoundedNumberEvaluator: fieldName - value; 65536: greater than max value, 10000: using max value
09-27 15:12:54.127  5503  9228 V BoundedNumberEvaluator: fieldName - value; 65536: greater than max value, 10000: using max value
09-27 15:12:54.127  5503  9228 D AbstractMetricsFactoryImpl: Setting non-anonymous customer ID and session ID to null, and anonymous tag to true as the metric entry was not recorded in non-anonymous queue.
09-27 15:12:54.127  5503  9228 V MetricsServiceAdapter: record - [ com.amazon.widgets , NavigationHandler ];
09-27 15:12:54.128  5503  5539 D OverridingDeviceInfoMan: getDeviceSerialNumber - Returning unique device id for non-anonymous metrics;
09-27 15:12:54.128  5503  5539 D OverridingDeviceInfoMan: getSessionID - Returning unique session id for non-anonymous metrics;
09-27 15:12:54.128  5503  5539 I OverridingDeviceInfoMan: getCustomerID - Inside get customer id for Overriding Device InfoManager;
09-27 15:12:54.128  5503  5539 I OverridingDeviceInfoMan: getCustomerId - Returning unique Customer id for non-anonymous metrics;
09-27 15:12:54.128  5503  5539 D Metrics:BatchCreator: addMetricEntry - Adding metric entry; metricEntry: 1506496374127 com.amazon.widgets NavigationHandler  [AppWidgetManager:updateAppWidget:Success,1.0,1]  [anonymous,true,1]  [HTTP_USER_AGENT,AMZN(SmartPhone/G/A26P7JWNT6HZZG,Android/7.1.2,//,DCM),1] 
09-27 15:12:54.421  1774  2736 I ActivityManager: Killing 8222:org.codeaurora.ims/1001 (adj 906): empty #17
09-27 15:12:54.449  1774  2279 D ActivityManager: cleanUpApplicationRecord -- 8222
09-27 15:12:54.529  4923  4923 I qti-logkit.cActivity: Storage card details not available
09-27 15:12:55.207  1774  1883 D PowerManagerService: getScreenOffTimeoutLocked:  isTestFlag = false
09-27 15:12:55.217  1774  2746 D PowerManagerService: getScreenOffTimeoutLocked:  isTestFlag = false
09-27 15:12:55.224  1774  1774 D PowerManagerService: getScreenOffTimeoutLocked:  isTestFlag = false
09-27 15:12:55.337  1774  1883 D PowerManagerService: getScreenOffTimeoutLocked:  isTestFlag = false
09-27 15:12:55.364  1774  1774 D PowerManagerService: getScreenOffTimeoutLocked:  isTestFlag = false
09-27 15:12:55.382  2235  2235 W DPMJ    : |SERVICE| DPM received ACTION_ANY_DATA_CONNECTION_STATE_CHANGEDmms
09-27 15:12:55.396  2235  2235 W DPMJ    : |SERVICE| DPM received ACTION_ANY_DATA_CONNECTION_STATE_CHANGEDcbs
09-27 15:12:55.409  2235  2235 W DPMJ    : |SERVICE| DPM received ACTION_ANY_DATA_CONNECTION_STATE_CHANGEDfota
09-27 15:12:55.424  2235  2235 W DPMJ    : |SERVICE| DPM received ACTION_ANY_DATA_CONNECTION_STATE_CHANGEDsupl
09-27 15:12:55.431  2651  9230 E GCM     : Missing checkin config file
09-27 15:12:55.432  2651  9230 W GCM     : GCM FAILED TO INITIALIZE - missing checkin
09-27 15:12:55.437  2235  2235 W DPMJ    : |SERVICE| DPM received ACTION_ANY_DATA_CONNECTION_STATE_CHANGEDemergency
09-27 15:12:55.438  2651  9230 E GCM     : Missing checkin config file
09-27 15:12:55.439  2651  9230 W GCM     : GCM FAILED TO INITIALIZE - missing checkin
09-27 15:12:55.451  2235  2235 W DPMJ    : |SERVICE| DPM received ACTION_ANY_DATA_CONNECTION_STATE_CHANGEDdun
09-27 15:12:55.465  2235  2235 W DPMJ    : |SERVICE| DPM received ACTION_ANY_DATA_CONNECTION_STATE_CHANGEDhipri
09-27 15:12:55.467  1774  2823 D PowerManagerService: getScreenOffTimeoutLocked:  isTestFlag = false
09-27 15:12:55.478  2235  2235 W DPMJ    : |SERVICE| DPM received ACTION_ANY_DATA_CONNECTION_STATE_CHANGEDims
09-27 15:12:55.677  1774  1786 I ActivityManager: Killing 8243:org.simalliance.openmobileapi.service/1000 (adj 906): empty #17
09-27 15:12:55.708  1774  2823 D ActivityManager: cleanUpApplicationRecord -- 8243
09-27 15:12:56.434  2651  9235 E GCM     : Missing checkin config file
09-27 15:12:56.434  2651  9235 W GCM     : GCM FAILED TO INITIALIZE - missing checkin
09-27 15:12:56.441  2651  9235 E GCM     : Missing checkin config file
09-27 15:12:56.442  2651  9235 W GCM     : GCM FAILED TO INITIALIZE - missing checkin
09-27 15:12:56.469  1774  2737 D PowerManagerService: getScreenOffTimeoutLocked:  isTestFlag = false
09-27 15:12:56.533   920   920 I MSM-irqbalance: Decided to move IRQ5 from CPU1 [P:0] to CPU6 [P:1] (banned)
09-27 15:12:56.534   920   920 I MSM-irqbalance: Decided to move IRQ3 from CPU1 [P:0] to CPU4 [P:1] (banned)
09-27 15:12:56.534   920   920 I MSM-irqbalance: Decided to move IRQ187 from CPU1 [P:0] to CPU7 [P:1] (banned)
09-27 15:12:56.535   920   920 I MSM-irqbalance: Decided to move IRQ164 from CPU1 [P:0] to CPU5 [P:1] (banned)
09-27 15:12:56.536   920   920 I MSM-irqbalance: Decided to move IRQ5 from CPU0 [P:0] to CPU6 [P:1] (banned)
09-27 15:12:56.536   920   920 I MSM-irqbalance: Decided to move IRQ187 from CPU0 [P:0] to CPU4 [P:1] (banned)
09-27 15:12:56.537   920   920 I MSM-irqbalance: Decided to move IRQ3 from CPU0 [P:0] to CPU7 [P:1] (banned)
09-27 15:12:56.538   920   920 I MSM-irqbalance: Decided to move IRQ164 from CPU0 [P:0] to CPU5 [P:1] (banned)
09-27 15:12:56.538   920   920 I MSM-irqbalance: Decided to move IRQ5 from CPU3 [P:0] to CPU6 [P:1] (banned)
09-27 15:12:56.539   920   920 I MSM-irqbalance: Decided to move IRQ3 from CPU3 [P:0] to CPU4 [P:1] (banned)
09-27 15:12:56.540   920   920 I MSM-irqbalance: Decided to move IRQ187 from CPU3 [P:0] to CPU7 [P:1] (banned)
09-27 15:12:56.541   920   920 I MSM-irqbalance: Decided to move IRQ164 from CPU3 [P:0] to CPU5 [P:1] (banned)
09-27 15:12:56.543   920   920 I MSM-irqbalance: Decided to move IRQ3 from CPU2 [P:0] to CPU6 [P:1] (banned)
09-27 15:12:56.544   920   920 I MSM-irqbalance: Decided to move IRQ5 from CPU2 [P:0] to CPU4 [P:1] (banned)
09-27 15:12:56.545   920   920 I MSM-irqbalance: Decided to move IRQ187 from CPU2 [P:0] to CPU7 [P:1] (banned)
09-27 15:12:56.545   920   920 I MSM-irqbalance: Decided to move IRQ164 from CPU2 [P:0] to CPU5 [P:1] (banned)
09-27 15:12:56.579  4923  4923 I qti-logkit.cDropboxReceiver: onReceive() intent Intent { act=android.intent.action.DROPBOX_ENTRY_ADDED flg=0x10 (has extras) }
09-27 15:12:57.171  1774  1883 D PowerManagerService: getScreenOffTimeoutLocked:  isTestFlag = false
09-27 15:12:57.191  1966  1966 D wpa_supplicant: wlan0: Control interface command 'SCAN TYPE=ONLY'
09-27 15:12:57.191  1966  1966 D wpa_supplicant: wlan0: Setting scan request: 0.000000 sec
09-27 15:12:57.191  1966  1966 D wpa_supplicant: CTRL-DEBUG: global_ctrl_sock-sendto: sock=8 sndbuf=212992 outq=0 send_len=3
09-27 15:12:57.192  1966  1966 D wpa_supplicant: wlan0: State: DISCONNECTED -> SCANNING
09-27 15:12:57.192  1966  1966 D wpa_supplicant: CTRL-DEBUG: ctrl_sock-sendmsg: sock=8 sndbuf=212992 outq=768 send_len=67
09-27 15:12:57.192  1966  1966 D wpa_supplicant: CTRL_IFACE monitor sent successfully to /data/misc/wifi/sockets/wpa_ctrl_1774-2\x00
09-27 15:12:57.192  1966  1966 D wpa_supplicant: wlan0: Determining shared radio frequencies (max len 2)
09-27 15:12:57.192  1966  1966 D wpa_supplicant: wlan0: Shared frequencies (len=0): completed iteration
09-27 15:12:57.192  1966  1966 D wpa_supplicant: P2P: Add operating class 81
09-27 15:12:57.193  1966  1966 D wpa_supplicant: P2P: Channels - hexdump(len=13): 01 02 03 04 05 06 07 08 09 0a 0b 0c 0d
09-27 15:12:57.193  1966  1966 D wpa_supplicant: P2P: Update channel list
09-27 15:12:57.193  1966  1966 D wpa_supplicant: P2P: channels: 81:1,2,3,4,5,6,7,8,9,10,11,12,13
09-27 15:12:57.193  1966  1966 D wpa_supplicant: P2P: cli_channels:
09-27 15:12:57.193  1966  1966 D wpa_supplicant: wlan0: Starting AP scan for wildcard SSID
09-27 15:12:57.193  1966  1966 D wpa_supplicant: wlan0: Add radio work 'scan'@0x7fa622e360
09-27 15:12:57.193  1966  1966 D wpa_supplicant: wlan0: First radio work item in the queue - schedule start immediately
09-27 15:12:57.193  1966  1966 D wpa_supplicant: wlan0: Starting radio work 'scan'@0x7fa622e360 after 0.000162 second wait
09-27 15:12:57.193  1966  1966 D wpa_supplicant: wlan0: nl80211: scan request
09-27 15:12:57.194  1966  1966 D wpa_supplicant: nl80211: Scan SSID - hexdump(len=0): [NULL]
09-27 15:12:57.194  1966  1966 D wpa_supplicant: nl80211: Scan extra IEs - hexdump(len=7): 7f 05 00 00 0a 02 01
09-27 15:12:57.196  1966  1966 D wpa_supplicant: Scan requested (ret=0) - scan timeout 30 seconds
09-27 15:12:57.196  1966  1966 D wpa_supplicant: nl80211: Event message available
09-27 15:12:57.196  1966  1966 D wpa_supplicant: nl80211: Drv Event 33 (NL80211_CMD_TRIGGER_SCAN) received for wlan0
09-27 15:12:57.196  1966  1966 D wpa_supplicant: wlan0: nl80211: Scan trigger
09-27 15:12:57.196  1966  1966 D wpa_supplicant: wlan0: Event SCAN_STARTED (47) received
09-27 15:12:57.196  1966  1966 D wpa_supplicant: wlan0: Own scan request started a scan in 0.000435 seconds
09-27 15:12:57.196  1966  1966 D wpa_supplicant: CTRL-DEBUG: ctrl_sock-sendmsg: sock=8 sndbuf=212992 outq=768 send_len=24
09-27 15:12:57.197  1966  1966 D wpa_supplicant: CTRL_IFACE monitor sent successfully to /data/misc/wifi/sockets/wpa_ctrl_1774-2\x00
09-27 15:12:57.215  1774  1897 D PowerManagerService: getScreenOffTimeoutLocked:  isTestFlag = false
09-27 15:12:57.233  5699  5761 W Finsky  : [388] com.google.android.finsky.application.FinskyAppImpl.bw(1162): No account configured on this device.
09-27 15:12:57.444  1774  2983 I chatty  : uid=1000(system) IzatServiceBase expire 4 lines
09-27 15:12:57.730  1774  1884 D PowerManagerService: getScreenOffTimeoutLocked:  isTestFlag = false
09-27 15:12:57.758  1774  1884 D PowerManagerService: getScreenOffTimeoutLocked:  isTestFlag = false
09-27 15:12:57.759  1774  1884 I chatty  : uid=1000(system) InputDispatcher expire 4 lines
09-27 15:12:57.764   775   775 I chatty  : uid=1041(audioserver) /system/bin/audioserver expire 1 line
09-27 15:12:57.764   775  2435 I chatty  : uid=1041(audioserver) Binder:775_3 expire 3 lines
09-27 15:12:57.766  1774  2279 D PowerManagerService: getScreenOffTimeoutLocked:  isTestFlag = false
09-27 15:12:57.767   775  1289 I chatty  : uid=1041(audioserver) AudioOut_D expire 78 lines
09-27 15:12:57.768   456  2628 E ANDR-PERF-MPCTL: Invalid profile no. 0, total profiles 0 only
09-27 15:12:57.807  1774  2737 D PowerManagerService: getScreenOffTimeoutLocked:  isTestFlag = false
09-27 15:12:57.814  1774  1884 D PowerManagerService: getScreenOffTimeoutLocked:  isTestFlag = false
09-27 15:12:57.822  1774  1884 I ActivityManager: START u0 {act=android.intent.action.MAIN cat=[android.intent.category.HOME] flg=0x10200000 cmp=com.android.launcher3/.Launcher (has extras)} from uid 1000 on display 0
09-27 15:12:57.878  1966  1966 D wpa_supplicant: nl80211: Event message available
09-27 15:12:57.878  1966  1966 D wpa_supplicant: nl80211: Drv Event 34 (NL80211_CMD_NEW_SCAN_RESULTS) received for wlan0
09-27 15:12:57.878  1966  1966 D wpa_supplicant: wlan0: nl80211: New scan results available
09-27 15:12:57.878  1319  1382 W XTCC-5.1.0.23-d: [LOWIUtils] to_eScanTypeResponse - default case
09-27 15:12:57.878  1966  1966 D wpa_supplicant: nl80211: Scan included frequencies: 2412 2417 2422 2427 2432 2437 2442 2447 2452 2457 2462 2467 2472
09-27 15:12:57.878  1966  1966 D wpa_supplicant: wlan0: Event SCAN_RESULTS (3) received
09-27 15:12:57.878  1966  1966 D wpa_supplicant: wlan0: Scan completed in 0.681630 seconds
09-27 15:12:57.878  1966  1966 D wpa_supplicant: nl80211: Received scan results (17 BSSes)
09-27 15:12:57.878  1774  2226 I chatty  : uid=1000(system) FLP Service Cal expire 4 lines
09-27 15:12:57.880  1774  2232 I chatty  : uid=1000(system) FLP Service Cal expire 2 lines
09-27 15:12:57.881  1966  1966 D wpa_supplicant: wlan0: BSS: Start scan result update 24
09-27 15:12:57.881  1966  1966 D wpa_supplicant: wlan0: BSS: Add new id 126 BSSID 22:0e:0e:20:5e:4e SSID 'VIP-guest' freq 2472
09-27 15:12:57.881  1966  1966 D wpa_supplicant: CTRL-DEBUG: ctrl_sock-sendmsg: sock=8 sndbuf=212992 outq=0 send_len=42
09-27 15:12:57.881  1966  1966 D wpa_supplicant: CTRL_IFACE monitor sent successfully to /data/misc/wifi/sockets/wpa_ctrl_1774-2\x00
09-27 15:12:57.881  1966  1966 D wpa_supplicant: wlan0: BSS: Add new id 127 BSSID 10:0e:0e:20:5e:4e SSID 'kyds-cts' freq 2472
09-27 15:12:57.881  1966  1966 D wpa_supplicant: CTRL-DEBUG: ctrl_sock-sendmsg: sock=8 sndbuf=212992 outq=768 send_len=42
09-27 15:12:57.881  1966  1966 D wpa_supplicant: CTRL_IFACE monitor sent successfully to /data/misc/wifi/sockets/wpa_ctrl_1774-2\x00
09-27 15:12:57.881  1966  1966 D wpa_supplicant: wlan0: BSS: Add new id 128 BSSID 26:27:1e:23:de:dd SSID 'crguo' freq 2462
09-27 15:12:57.881  1966  1966 D wpa_supplicant: CTRL-DEBUG: ctrl_sock-sendmsg: sock=8 sndbuf=212992 outq=1536 send_len=42
09-27 15:12:57.881  1966  1966 D wpa_supplicant: CTRL_IFACE monitor sent successfully to /data/misc/wifi/sockets/wpa_ctrl_1774-2\x00
09-27 15:12:57.881  1966  1966 D wpa_supplicant: wlan0: BSS: Add new id 129 BSSID 32:0e:0e:20:5e:4e SSID 'HQ_Office' freq 2472
09-27 15:12:57.881  1966  1966 D wpa_supplicant: CTRL-DEBUG: ctrl_sock-sendmsg: sock=8 sndbuf=212992 outq=2304 send_len=42
09-27 15:12:57.881  1966  1966 D wpa_supplicant: CTRL_IFACE monitor sent successfully to /data/misc/wifi/sockets/wpa_ctrl_1774-2\x00
09-27 15:12:57.882  1966  1966 D wpa_supplicant: wlan0: BSS: Add new id 130 BSSID 12:0e:0e:20:5e:4e SSID 'HQ_guest' freq 2472
09-27 15:12:57.882  1966  1966 D wpa_supplicant: CTRL-DEBUG: ctrl_sock-sendmsg: sock=8 sndbuf=212992 outq=3072 send_len=42
09-27 15:12:57.882  1966  1966 D wpa_supplicant: CTRL_IFACE monitor sent successfully to /data/misc/wifi/sockets/wpa_ctrl_1774-2\x00
09-27 15:12:57.882  1966  1966 D wpa_supplicant: BSS: last_scan_res_used=17/64
09-27 15:12:57.882  1966  1966 D wpa_supplicant: wlan0: Scan-only results received
09-27 15:12:57.882  1966  1966 D wpa_supplicant: CTRL-DEBUG: ctrl_sock-sendmsg: sock=8 sndbuf=212992 outq=3840 send_len=24
09-27 15:12:57.882  1966  1966 D wpa_supplicant: CTRL_IFACE monitor sent successfully to /data/misc/wifi/sockets/wpa_ctrl_1774-2\x00
09-27 15:12:57.882  1966  1966 D wpa_supplicant: wlan0: Radio work 'scan'@0x7fa622e360 done in 0.688533 seconds
09-27 15:12:57.882  1966  1966 D wpa_supplicant: wlan0: radio_work_free('scan'@0x7fa622e360: num_active_works --> 0
09-27 15:12:57.882  1966  1966 D wpa_supplicant: wlan0: State: SCANNING -> DISCONNECTED
09-27 15:12:57.882  1966  1966 D wpa_supplicant: nl80211: Set wlan0 operstate 0->0 (DORMANT)
09-27 15:12:57.882  1966  1966 D wpa_supplicant: netlink: Operstate: ifindex=22 linkmode=-1 (no change), operstate=5 (IF_OPER_DORMANT)
09-27 15:12:57.882  1966  1966 D wpa_supplicant: CTRL-DEBUG: ctrl_sock-sendmsg: sock=8 sndbuf=212992 outq=4608 send_len=67
09-27 15:12:57.882  1966  1966 D wpa_supplicant: CTRL_IFACE monitor sent successfully to /data/misc/wifi/sockets/wpa_ctrl_1774-2\x00
09-27 15:12:57.882  1966  1966 D wpa_supplicant: wlan0: Determining shared radio frequencies (max len 2)
09-27 15:12:57.882  1966  1966 D wpa_supplicant: wlan0: Shared frequencies (len=0): completed iteration
09-27 15:12:57.882  1966  1966 D wpa_supplicant: P2P: Add operating class 81
09-27 15:12:57.882  1966  1966 D wpa_supplicant: P2P: Channels - hexdump(len=13): 01 02 03 04 05 06 07 08 09 0a 0b 0c 0d
09-27 15:12:57.882  1966  1966 D wpa_supplicant: P2P: Update channel list
09-27 15:12:57.882  1966  1966 D wpa_supplicant: P2P: channels: 81:1,2,3,4,5,6,7,8,9,10,11,12,13
09-27 15:12:57.882  1966  1966 D wpa_supplicant: P2P: cli_channels:
09-27 15:12:57.890  1966  1966 D wpa_supplicant: CTRL-DEBUG: global_ctrl_sock-sendto: sock=8 sndbuf=212992 outq=0 send_len=3865
09-27 15:12:57.892  1319  1382 W XTCC-5.1.0.23-d: [LOWIUtils] to_eScanTypeResponse - default case
09-27 15:12:57.892  1319  1382 W XTCC-5.1.0.23-d: [WifiScanner] WiFi scan result : [10] AP's
09-27 15:12:57.894  1966  1966 D wpa_supplicant: CTRL-DEBUG: global_ctrl_sock-sendto: sock=8 sndbuf=212992 outq=0 send_len=3865
09-27 15:12:57.919  1966  1966 D wpa_supplicant: CTRL-DEBUG: global_ctrl_sock-sendto: sock=8 sndbuf=212992 outq=0 send_len=4083
09-27 15:12:57.925  2887  3164 W OpenGLRenderer: Incorrectly called buildLayer on View: QsbContainerView, destroying layer...
09-27 15:12:57.926  1966  1966 D wpa_supplicant: CTRL-DEBUG: global_ctrl_sock-sendto: sock=8 sndbuf=212992 outq=0 send_len=4083
09-27 15:12:57.937  5699  5761 I Finsky  : [388] com.google.android.finsky.h.c.a(22): Completed 0 account content syncs with 0 successful.
09-27 15:12:57.938  5699  5699 I Finsky  : [1] com.google.android.finsky.services.e.a(5): Installation state replication succeeded.
09-27 15:12:57.949  1966  1966 D wpa_supplicant: CTRL-DEBUG: global_ctrl_sock-sendto: sock=8 sndbuf=212992 outq=0 send_len=3548
09-27 15:12:57.958  1966  1966 D wpa_supplicant: CTRL-DEBUG: global_ctrl_sock-sendto: sock=8 sndbuf=212992 outq=0 send_len=3548
09-27 15:12:57.974  1966  1966 D wpa_supplicant: CTRL-DEBUG: global_ctrl_sock-sendto: sock=8 sndbuf=212992 outq=0 send_len=1670
09-27 15:12:57.982  1966  1966 D wpa_supplicant: CTRL-DEBUG: global_ctrl_sock-sendto: sock=8 sndbuf=212992 outq=0 send_len=1670
09-27 15:12:57.984  1966  1966 D wpa_supplicant: CTRL-DEBUG: global_ctrl_sock-sendto: sock=8 sndbuf=212992 outq=0 send_len=0
09-27 15:12:57.991  1966  1966 D wpa_supplicant: CTRL-DEBUG: global_ctrl_sock-sendto: sock=8 sndbuf=212992 outq=0 send_len=0
09-27 15:12:58.013  1774  1897 I chatty  : uid=1000(system) WifiStateMachin expire 11 lines
09-27 15:12:58.655  1774  1884 D PowerManagerService: getScreenOffTimeoutLocked:  isTestFlag = false
09-27 15:12:58.735   775  7649 I chatty  : uid=1041(audioserver) Binder:775_6 expire 6 lines
09-27 15:12:58.736   775  7648 I chatty  : uid=1041(audioserver) Binder:775_5 expire 2 lines
09-27 15:12:58.743  1774  2797 I ActivityManager: START u0 {act=android.intent.action.MAIN cat=[android.intent.category.LAUNCHER] flg=0x10200000 pkg=com.android.dialer cmp=com.android.dialer/.DialtactsActivity bnds=[60,1567][255,1783] (has extras)} from uid 10021 on display 0
09-27 15:12:58.760  1774  2797 D PowerManagerService: getScreenOffTimeoutLocked:  isTestFlag = false
09-27 15:12:58.781   456  2628 E ANDR-PERF-MPCTL: Invalid profile no. 0, total profiles 0 only
09-27 15:12:58.807  1774  2069 W WindowManager:  SLCODE computeScreenConfigurationLocked, the hard device name is: msm8953-snd-card-mtp Button Jack
09-27 15:12:58.807  1774  2069 W WindowManager:  SLCODE computeScreenConfigurationLocked, the hard device name is: msm8953-snd-card-mtp Headset Jack
09-27 15:12:58.807  1774  2069 W WindowManager:  SLCODE computeScreenConfigurationLocked, the hard device name is: hbtp_vm
09-27 15:12:58.807  1774  2069 W WindowManager:  SLCODE computeScreenConfigurationLocked, the hard device name is: qpnp_pon
09-27 15:12:58.807  1774  2069 W WindowManager:  SLCODE computeScreenConfigurationLocked, the hard device name is: gpio-keys
09-27 15:12:58.807  1774  2069 W WindowManager:  SLCODE computeScreenConfigurationLocked, the hard device name is: ft5435_ts
09-27 15:12:58.980  6385  6385 D RcsManager: initialize
09-27 15:12:58.981  6385  6385 D RcsManager: binder is null
09-27 15:12:58.983  6385  6385 D RcsManager: error component did not found to start service
09-27 15:12:59.000  6385  6385 V BoostFramework: BoostFramework() : mPerf = com.qualcomm.qti.Performance@7358aa0
09-27 15:12:59.000  6385  6385 V BoostFramework: BoostFramework() : mPerf = com.qualcomm.qti.Performance@9c8f659
09-27 15:12:59.034  6385  6385 V BoostFramework: BoostFramework() : mPerf = com.qualcomm.qti.Performance@a7899da
09-27 15:12:59.034  6385  6385 V BoostFramework: BoostFramework() : mPerf = com.qualcomm.qti.Performance@cd61e0b
09-27 15:12:59.035  6385  6385 V BoostFramework: BoostFramework() : mPerf = com.qualcomm.qti.Performance@bd454e8
09-27 15:12:59.052  6385  6385 V BoostFramework: BoostFramework() : mPerf = com.qualcomm.qti.Performance@dbad900
09-27 15:12:59.052  6385  6385 V BoostFramework: BoostFramework() : mPerf = com.qualcomm.qti.Performance@cac9539
09-27 15:12:59.203  6385  6385 D AudioTrack: Client defaulted notificationFrames to 192 for frameCount 960
09-27 15:12:59.307  6385  6385 I CallLogQueryHandler: CallLogQueryHandler fetchMissedCallsUnreadCount:true
09-27 15:12:59.316  6385  6385 I CallLogFragment: CallLogFrament refreshDatatrue
09-27 15:12:59.336  6385  6385 I CallLogQueryHandler: CallLogQueryHandler fetchMissedCallsUnreadCount:true
09-27 15:12:59.351  6385  6385 I CallLogQueryHandler: CallLogQueryHandler fetchMissedCallsUnreadCount:true
09-27 15:12:59.382  6385  6385 D DialpadFragment: Displaying normal Dialer UI.
09-27 15:12:59.412  6385  6385 D DialpadFragment: Displaying normal Dialer UI.
09-27 15:12:59.414  6385  6385 V DialpadFragment: Dialpad.onResume,59: qloc,3 dtwd,2 hptc,0 fdin,23 hnt,31 bes,0 ,0 
09-27 15:12:59.472  6385  6385 I Choreographer: Skipped 38 frames!  The application may be doing too much work on its main thread.
09-27 15:12:59.527  4923  4923 I qti-logkit.cActivity: Storage card details not available
09-27 15:12:59.582  4991  4991 I LKCore  : vendor/qcom/proprietary/qti-logkit/LKCore/SocketConnector.h:554: IsConnected true
09-27 15:12:59.629  6385  6385 I CallLogQueryHandler: CallLogQueryHandler updateMissedCallsUnreadCount
09-27 15:12:59.646  6385  6385 I CallLogQueryHandler: CallLogQueryHandler updateMissedCallsUnreadCount
09-27 15:12:59.794   758   843 D ThermalEngine: sensor_wait: case_therm Wait done.
09-27 15:12:59.796   758   843 D ThermalEngine: sensor_monitor: case_therm Reading 38000 .
09-27 15:12:59.796   758   843 I ThermalEngine: Sensor:case_therm:38000 mC
09-27 15:12:59.796   758   843 D ThermalEngine: update_active_thresh: case_therm Active(1), Hi(1) 42000, Lo(1) 35000, Interval(1) 10000
09-27 15:12:59.796   758   843 D ThermalEngine: sensor_monitor: case_therm Sensor wait.
09-27 15:12:59.796   758   843 D ThermalEngine: sensor_wait: case_therm Wait start. 10000ms
09-27 15:12:59.821  3428  6192 I CallLogProvider: CallLogProvider update:lookup_uri=content://com.android.contacts/contacts/lookup/encoded?directory=9223372036854775807#{"display_name":"138 1741 6920","display_name_source":20,"vnd.android.cursor.item\/contact":{"vnd.android.cursor.item\/phone_v2":{"data1":"138 1741 6920","data2":0}}} formatted_number=138 1741 6920
09-27 15:12:59.862  2777  2777 I LauncherUnreadService: Call log content changed
09-27 15:12:59.899  1774  1788 I ActivityManager: Start proc 9254:com.android.calllogbackup/u0a0 for broadcast com.android.calllogbackup/.CallLogChangeReceiver
09-27 15:12:59.975  9254  9254 I art     : Starting a blocking GC AddRemoveAppImageSpace
09-27 15:12:59.977  9254  9254 W System  : ClassLoader referenced unknown path: /system/priv-app/CallLogBackup/lib/arm64
09-27 15:13:00.004  1774  1883 D PowerManagerService: getScreenOffTimeoutLocked:  isTestFlag = false
09-27 15:13:00.007  1940  1940 I chatty  : uid=10032(com.android.systemui) expire 2 lines
09-27 15:13:00.078  1774  2835 I ActivityManager: Killing 5055:tenor.consumer.android/u0a61 (adj 906): empty #17
09-27 15:13:00.087  6385  6385 I CallLogQueryHandler: CallLogQueryHandler updateMissedCallsUnreadCount
09-27 15:13:00.126  1774  1774 D PowerManagerService: getScreenOffTimeoutLocked:  isTestFlag = false
09-27 15:13:00.161  6385  6385 I CallLogQueryHandler: CallLogQueryHandler fetchMissedCallsUnreadCount:true
09-27 15:13:00.162  6385  6385 I CallLogFragment: CallLogFrament refreshDatatrue
09-27 15:13:00.174  6385  6385 I CallLogQueryHandler: CallLogQueryHandler fetchMissedCallsUnreadCount:true
09-27 15:13:00.190  6385  6385 I CallLogQueryHandler: CallLogQueryHandler fetchMissedCallsUnreadCount:true
09-27 15:13:00.209  1774  2823 D ActivityManager: cleanUpApplicationRecord -- 5055
09-27 15:13:00.243  5503  5549 V PeriodicBatchTransmitte: Transmitter.run - Rescheduling next transmission.;
09-27 15:13:00.244  5503  5556 V Metrics:BatchTransmitte: QueuePusher.run - Transmitting batches.;
09-27 15:13:00.251  5503  5557 V Metrics:BatchTransmitte: QueuePusher.run - Transmitting batches.;
09-27 15:13:00.251  5503  5557 I Metrics:BatchTransmitte: QueuePusher.sendBatches - Drained batch queue.; Number of HIGH_ANONYMOUS queue batches sent: 0
09-27 15:13:00.251  5503  5552 V PeriodicBatchTransmitte: Transmitter.run - Rescheduling next transmission.;
09-27 15:13:00.262  1774  2746 D PowerManagerService: getScreenOffTimeoutLocked:  isTestFlag = false
09-27 15:13:00.279  1774  1786 D PowerManagerService: getScreenOffTimeoutLocked:  isTestFlag = false
09-27 15:13:00.296  6385  6390 I art     : Do full code cache collection, code=1516KB, data=1277KB
09-27 15:13:00.302  6385  6390 I art     : Starting a blocking GC JitCodeCache
09-27 15:13:00.303  6385  6390 I art     : After code cache collection, code=1328KB, data=1048KB
09-27 15:13:00.364  6385  6385 I CallLogQueryHandler: CallLogQueryHandler updateMissedCallsUnreadCount
09-27 15:13:00.407  6385  6385 I CallLogQueryHandler: CallLogQueryHandler updateMissedCallsUnreadCount
09-27 15:13:00.420  6385  6385 I CallLogQueryHandler: CallLogQueryHandler updateMissedCallsUnreadCount
09-27 15:13:00.511  1774  1981 D PowerManagerService: getScreenOffTimeoutLocked:  isTestFlag = false
09-27 15:13:00.916  2777  2777 I LauncherUnreadService: getMissCallCount: 0
09-27 15:13:01.123  1940  2334 I chatty  : uid=10032(com.android.systemui) PhoneStatusBar expire 65 lines
09-27 15:13:01.540   920   920 I MSM-irqbalance: Decided to move IRQ3 from CPU0 [P:0] to CPU6 [P:1] (banned)
09-27 15:13:01.542   920   920 I MSM-irqbalance: Decided to move IRQ5 from CPU0 [P:0] to CPU4 [P:1] (banned)
09-27 15:13:01.544   920   920 I MSM-irqbalance: Decided to move IRQ3 from CPU1 [P:0] to CPU7 [P:1] (banned)
09-27 15:13:01.547   920   920 I MSM-irqbalance: Decided to move IRQ5 from CPU1 [P:0] to CPU5 [P:1] (banned)
09-27 15:13:01.549   920   920 I MSM-irqbalance: Decided to move IRQ187 from CPU3 [P:0] to CPU6 [P:1] (banned)
09-27 15:13:01.550   920   920 I MSM-irqbalance: Decided to move IRQ3 from CPU3 [P:0] to CPU4 [P:1] (banned)
09-27 15:13:01.552   920   920 I MSM-irqbalance: Decided to move IRQ5 from CPU3 [P:0] to CPU7 [P:1] (banned)
09-27 15:13:01.554   920   920 I MSM-irqbalance: Decided to move IRQ164 from CPU3 [P:0] to CPU5 [P:1] (banned)
09-27 15:13:01.555   920   920 I MSM-irqbalance: Decided to move IRQ3 from CPU2 [P:0] to CPU6 [P:1] (banned)
09-27 15:13:01.556   920   920 I MSM-irqbalance: Decided to move IRQ5 from CPU2 [P:0] to CPU4 [P:1] (banned)
09-27 15:13:01.558   920   920 I MSM-irqbalance: Decided to move IRQ187 from CPU2 [P:0] to CPU7 [P:1] (banned)
09-27 15:13:01.596  4923  4923 I qti-logkit.cDropboxReceiver: onReceive() intent Intent { act=android.intent.action.DROPBOX_ENTRY_ADDED flg=0x10 (has extras) }
09-27 15:13:01.626  5503  5556 W DefaultRequestDirector: Authentication error: Unable to respond to any of these challenges: {}
09-27 15:13:01.626  5503  5556 D TComm.HttpResponseValid: validateContentLength - Ignoring non-2xx status code; statusCode: 401
09-27 15:13:01.631  5503  5556 D HTTPMetricsTransport: transmit - HttpResponse status code:401;
09-27 15:13:01.637  1774  2823 D PowerManagerService: getScreenOffTimeoutLocked:  isTestFlag = false
09-27 15:13:01.641  1774  1884 D PowerManagerService: getScreenOffTimeoutLocked:  isTestFlag = false
09-27 15:13:01.654  1774  2279 D PowerManagerService: getScreenOffTimeoutLocked:  isTestFlag = false
09-27 15:13:01.655  5503  5556 E Metrics:BatchTransmitte: QueuePusher.sendBatches - Batch transmission failed on client error, discarded.;
09-27 15:13:01.669  1774  2746 D PowerManagerService: getScreenOffTimeoutLocked:  isTestFlag = false
09-27 15:13:01.678  1774  1786 D PowerManagerService: getScreenOffTimeoutLocked:  isTestFlag = false
09-27 15:13:01.868  2249  2261 D QtiEmergencyCallHelper: Found 2 phones.
09-27 15:13:01.907  1774  1774 I Telecom : CallIntentProcessor: onReceive - isUnknownCall: false: PCR.oR@BPo
09-27 15:13:01.912  1774  1774 I Telecom : Class:  processOutgoingCallIntent isCallPull = false: PCR.oR@BPo
09-27 15:13:01.919  1774  1774 I Telecom : Class:  processOutgoingCallIntent handle = tel:186%201639%204096,scheme = tel, uriString = 186 1639 4096, isSkipSchemaParsing = false, isAddParticipant = false: PCR.oR@BPo
09-27 15:13:01.922  1774  1774 I Telecom : Class: callComposerData of MO call: null: PCR.oR@BPo
09-27 15:13:01.924  2249  6709 D QtiEmergencyCallHelper: Found 2 phones.
09-27 15:13:01.929  1774  1774 I Telecom : Event: Call TC@3: CREATED, null: PCR.oR@BPo
09-27 15:13:01.937  1774  1774 I Telecom : Event: Call TC@3: SET_CONNECTING, ComponentInfo{com.android.phone/com.android.services.telephony.TelephonyConnectionService}, [da4b9237bacccdf19c0760cab7aec4a8359010b0], UserHandle{0}: PCR.oR@BPo
09-27 15:13:01.941  1774  1774 I Telecom : InCallController: onCanAddCallChanged : false: PCR.oR@BPo
09-27 15:13:01.945  1774  2318 I Telecom : CallAudioRouteStateMachine: Message received: UPDATE_SYSTEM_AUDIO_ROUTE=1201, arg1=0: PCR.oR->CARSM.pM_UPDATE_SYSTEM_AUDIO_ROUTE@BPo_1
09-27 15:13:01.950  1774  2319 I Telecom : CallAudioModeStateMachine: Message received: NEW_ACTIVE_OR_DIALING_CALL.: PCR.oR->CAMSM.pM_2001@BPo_2
09-27 15:13:01.952  1774  2319 I Telecom : CallAudioModeStateMachine: Audio focus entering SIM CALL state: PCR.oR->CAMSM.pM_2001@BPo_2
09-27 15:13:01.952  1774  2319 I chatty  : uid=1000(system) CallAudioModeSt expire 1 line
09-27 15:13:01.953  1774  1774 I Telecom : InCallController: defaultDialer: null: PCR.oR@BPo
09-27 15:13:01.955  1774  1774 I Telecom : InCallController: defaultDialer: null: PCR.oR@BPo
09-27 15:13:01.956  1774  2883 D PowerManagerService: getScreenOffTimeoutLocked:  isTestFlag = false
09-27 15:13:01.958  1774  9272 I chatty  : uid=1000 system_server expire 1 line
09-27 15:13:01.959  1774  1774 I Telecom : CarSwappingInCallServiceConnection: carmodechange: false => false: PCR.oR@BPo
09-27 15:13:01.960  1774  2883 D PowerManagerService: getScreenOffTimeoutLocked:  isTestFlag = false
09-27 15:13:01.961  1774  1774 I Telecom : EmergencyInCallServiceConnection: Attempting to bind to InCall [ComponentInfo{com.android.dialer/com.android.incallui.InCallServiceImpl} supportsExternal? true], with Intent { act=android.telecom.InCallService cmp=com.android.dialer/com.android.incallui.InCallServiceImpl (has extras) }: PCR.oR@BPo
09-27 15:13:01.962  1774  2883 D PowerManagerService: getScreenOffTimeoutLocked:  isTestFlag = false
09-27 15:13:01.972  1774  1774 I Telecom : TelecomWakeLock: WakeLock already released with id: 26: PCR.oR@BPo
09-27 15:13:01.973  1774  1774 I Telecom : InCallWakeLockController: Releasing full wake lock: PCR.oR@BPo
09-27 15:13:01.977  6385  6385 I InCall  : ProximitySensor - ProximitySensor{keybrd=0, dpad=0, offhook=0, hor=0, ui=0, aud=EARPIECE}
09-27 15:13:01.977  6385  6385 I InCall  : ProximitySensor - Proximity wake lock already released
09-27 15:13:01.978  2249  2331 D QtiEmergencyCallHelper: Found 2 phones.
09-27 15:13:01.983  1774  1774 I Telecom : NewOutgoingCallIntentBroadcaster: Sending NewOutgoingCallBroadcast for [TC@3, CONNECTING, null, tel:*** **** ****, A, childs(0), has_parent(false), [Capabilities:], [Properties:]] to UserHandle{0}: PCR.oR@BPo
09-27 15:13:01.991  1774  2318 I Telecom : CallAudioRouteStateMachine: setSystemAudioState: changing from [AudioState isMuted: false, route: EARPIECE, supportedRouteMask: EARPIECE, SPEAKER] to [AudioState isMuted: false, route: EARPIECE, supportedRouteMask: EARPIECE, SPEAKER]: PCR.oR->CARSM.pM_UPDATE_SYSTEM_AUDIO_ROUTE@BPo_1
09-27 15:13:01.993  1774  1774 I ActivityManager: Killing 8671:com.google.android.apps.messaging/u0a86 (adj 906): empty #17
09-27 15:13:01.995  1774  2318 I Telecom : InCallController: Calling onAudioStateChanged, audioState: [AudioState isMuted: false, route: EARPIECE, supportedRouteMask: EARPIECE, SPEAKER] -> [AudioState isMuted: false, route: EARPIECE, supportedRouteMask: EARPIECE, SPEAKER]: PCR.oR->CARSM.pM_UPDATE_SYSTEM_AUDIO_ROUTE@BPo_1
09-27 15:13:01.998  1774  1774 I Telecom : TelecomSystem: CallerInfoAsyncQuery.startQuery number=[a815017aa1b394a7841fb4438a7851fc43781597] cookie=PCR.oR->CILH.sL@BPo_0_0: PCR.oR->CILH.sL@BPo_0
09-27 15:13:02.002  5503  5556 W DefaultRequestDirector: Authentication error: Unable to respond to any of these challenges: {}
09-27 15:13:02.003  5503  5556 D TComm.HttpResponseValid: validateContentLength - Ignoring non-2xx status code; statusCode: 401
09-27 15:13:02.004  5503  5556 D HTTPMetricsTransport: transmit - HttpResponse status code:401;
09-27 15:13:02.008  1774  2797 D PowerManagerService: getScreenOffTimeoutLocked:  isTestFlag = false
09-27 15:13:02.012  1774  2883 D PowerManagerService: getScreenOffTimeoutLocked:  isTestFlag = false
09-27 15:13:02.013  5503  5556 E Metrics:BatchTransmitte: QueuePusher.sendBatches - Batch transmission failed on client error, discarded.;
09-27 15:13:02.013  5503  5556 I Metrics:BatchTransmitte: QueuePusher.sendBatches - Drained batch queue.; Number of NORMAL_ANONYMOUS queue batches sent: 0
09-27 15:13:02.018  5503  5556 W IdleConnectionHandler: Removing a connection that never existed!
09-27 15:13:02.024  6385  6385 I InCall  : InCallPresenter - Phone switching state: NO_CALLS -> NO_CALLS
09-27 15:13:02.033  1774  1774 I chatty  : uid=1000 system_server expire 4 lines
09-27 15:13:02.045  1774  1785 D ActivityManager: cleanUpApplicationRecord -- 8671
09-27 15:13:02.066  6385  6385 I InCall  : InCallPresenter - setBoundAndWaitingForOutgoingCall: true
09-27 15:13:02.069  1774  1981 I ActivityManager: START u0 {act=android.intent.action.MAIN flg=0x10040000 cmp=com.android.dialer/com.android.incallui.InCallActivity (has extras)} from uid 10016 on display 0
09-27 15:13:02.080  1774  1981 D PowerManagerService: getScreenOffTimeoutLocked:  isTestFlag = false
09-27 15:13:02.090  1774  1774 I Telecom : InCallController: onConnected to ComponentInfo{com.android.dialer/com.android.incallui.InCallServiceImpl}: ICSBC.oSC@BPs
09-27 15:13:02.091  1774  1774 I Telecom : InCallController: Adding 1 calls to InCallService after onConnected: ComponentInfo{com.android.dialer/com.android.incallui.InCallServiceImpl}, including external calls: ICSBC.oSC@BPs
09-27 15:13:02.096  1774  1774 I Telecom : InCallController: 1 calls sent to InCallService.: ICSBC.oSC@BPs
09-27 15:13:02.115  6385  6385 I CallLogQueryHandler: CallLogQueryHandler markMissedCallsAsRead:true
09-27 15:13:02.126  3428  5166 I CallLogProvider: CallLogProvider update:is_read=1
09-27 15:13:02.126  1774  2797 D PowerManagerService: getScreenOffTimeoutLocked:  isTestFlag = false
09-27 15:13:02.143  1774  1786 D PowerManagerService: getScreenOffTimeoutLocked:  isTestFlag = false
09-27 15:13:02.156  1774  2835 D PowerManagerService: getScreenOffTimeoutLocked:  isTestFlag = false
09-27 15:13:02.157  1774  2795 D PowerManagerService: getScreenOffTimeoutLocked:  isTestFlag = false
09-27 15:13:02.165  1774  2279 W Telecom : MissedCallNotifierImpl: Showing missed calls through default dialer.: TSI.cMCN@BP0
09-27 15:13:02.175   456  2628 E ANDR-PERF-MPCTL: Invalid profile no. 0, total profiles 0 only
09-27 15:13:02.175  1774  2279 W WindowManager:  SLCODE computeScreenConfigurationLocked, the hard device name is: msm8953-snd-card-mtp Button Jack
09-27 15:13:02.176  1774  2279 W WindowManager:  SLCODE computeScreenConfigurationLocked, the hard device name is: msm8953-snd-card-mtp Headset Jack
09-27 15:13:02.176  1774  2279 W WindowManager:  SLCODE computeScreenConfigurationLocked, the hard device name is: hbtp_vm
09-27 15:13:02.176  1774  2279 W WindowManager:  SLCODE computeScreenConfigurationLocked, the hard device name is: qpnp_pon
09-27 15:13:02.176  1774  2279 W WindowManager:  SLCODE computeScreenConfigurationLocked, the hard device name is: gpio-keys
09-27 15:13:02.176  1774  2279 W WindowManager:  SLCODE computeScreenConfigurationLocked, the hard device name is: ft5435_ts
09-27 15:13:02.181  1774  1774 I Telecom : CallerInfoLookupHelper: CI query for handle tel:*** **** **** has completed; notifying all listeners.: PCR.oR->CILH.sL->CILH.oQC@BPo_0_0
09-27 15:13:02.183  1774  1774 I Telecom : Call: CallerInfo received for tel:*** **** ****: com.android.internal.telephony.CallerInfo@df755a1 { name null, phoneNumber non-null }: PCR.oR->CILH.sL->CILH.oQC@BPo_0_0
09-27 15:13:02.184  1774  1774 I Telecom : CallerInfoLookupHelper: There is no photo for this contact, skipping photo query: PCR.oR->CILH.sL->CILH.oQC@BPo_0_0
09-27 15:13:02.228  2249  8717 D QtiEmergencyCallHelper: Found 2 phones.
09-27 15:13:02.236  6385  6385 I InCall  : CallList - onUpdate - [Call_2, CONNECTING, [Capabilities:], [Properties:], children:[], parent:null, conferenceable:[], videoState:Audio Only, mSessionModificationState:0, VideoSettings:(CameraDir:-1), mIsActivSub:false]
09-27 15:13:02.237  6385  6385 I InCall  : InCallPresenter - Phone switching state: OUTGOING -> PENDING_OUTGOING
09-27 15:13:02.242  6385  6385 I InCall  : InCallPresenter - setBoundAndWaitingForOutgoingCall: false
09-27 15:13:02.259   775  1289 I chatty  : uid=1041(audioserver) AudioOut_D expire 29 lines
09-27 15:13:02.287  1774  1774 I ActivityManager: Start proc 9278:com.qualcomm.qti.RIDL/1000 for broadcast com.qualcomm.qti.RIDL/.cBroadcastReceiver
09-27 15:13:02.294  6385  6385 V BoostFramework: BoostFramework() : mPerf = com.qualcomm.qti.Performance@e271e1a
09-27 15:13:02.295  6385  6385 V BoostFramework: BoostFramework() : mPerf = com.qualcomm.qti.Performance@3efed4b
09-27 15:13:02.302   775  1289 D ACDB-LOADER: ACDB -> GET_AFE_TOPOLOGY_ID for adcd_id 10, Topology Id 112fc
09-27 15:13:02.302   775  1289 D ACDB-LOADER: ACDB -> send_afe_cal
09-27 15:13:02.302   775  1289 D ACDB-LOADER: ACDB -> ACDB_CMD_GET_AFE_COMMON_TABLE
09-27 15:13:02.302   775  1289 D         : Failed to fetch the lookup information of the device 0000000A 
09-27 15:13:02.302   775  1289 E ACDB-LOADER: Error: ACDB AFE returned = -19
09-27 15:13:02.302   775  1289 D ACDB-LOADER: ACDB -> AUDIO_SET_AFE_CAL
09-27 15:13:02.302   775  1289 D ACDB-LOADER: ACDB -> send_hw_delay : acdb_id = 10 path = 0
09-27 15:13:02.302   775  1289 D ACDB-LOADER: ACDB -> ACDB_AVSYNC_INFO: ACDB_CMD_GET_DEVICE_PROPERTY
09-27 15:13:02.302   775  1289 D audio_hw_primary: enable_audio_route: apply mixer and update path: low-latency-playback
09-27 15:13:02.337   775  1289 D audio_hw_primary: select_devices: done
09-27 15:13:02.337   775  1289 D audio_hw_extn: audio_extn_set_anc_parameters: anc_enabled:0
09-27 15:13:02.337   775  1289 D audio_hw_spkr_prot: audio_extn_fbsp_set_parameters: Speaker protection disabled
09-27 15:13:02.337   775  1291 D audio_hw_primary: out_set_parameters: enter: usecase(12: audio-ull-playback) kvpairs: routing=131072
09-27 15:13:02.339   775  1292 D audio_hw_primary: out_set_parameters: enter: usecase(0: deep-buffer-playback) kvpairs: routing=131072
09-27 15:13:02.361  6385  6385 I InCall  : InCallPresenter - UI Initialized
09-27 15:13:02.368  6385  6385 I InCall  : InCallPresenter - Phone switching state: PENDING_OUTGOING -> PENDING_OUTGOING
09-27 15:13:02.378  6385  6385 I InCall  : InCallActivity - onResume()...
09-27 15:13:02.386  9278  9278 I art     : Starting a blocking GC AddRemoveAppImageSpace
09-27 15:13:02.388  9278  9278 W System  : ClassLoader referenced unknown path: /system/vendor/app/RIDLClient/lib/arm64
09-27 15:13:02.392  6385  6385 I InCall  : ProximitySensor - ProximitySensor{keybrd=0, dpad=0, offhook=0, hor=0, ui=1, aud=EARPIECE}
09-27 15:13:02.392  6385  6385 I InCall  : ProximitySensor - Proximity wake lock already released
09-27 15:13:02.402  6385  6385 W InCall  : InCallLowBatteryListener - canProcessLowBatteryIndication no mapping for call in low battery map
09-27 15:13:02.405  3564  3564 D AudioProfileTile: onReceive-intent=Intent { act=android.media.VOLUME_CHANGED_ACTION flg=0x14000010 (has extras) }
09-27 15:13:02.409  1774  2318 I Telecom : CallAudioRouteStateMachine: Message received: SWITCH_FOCUS=4001, arg1=2: PCR.oR->CAMSM.pM_2001->CARSM.pM_SWITCH_FOCUS@BPo_2_2
09-27 15:13:02.410  3564  3564 W ContextImpl: Calling a method in the system process without a qualified user: android.app.ContextImpl.sendBroadcast:877 android.content.ContextWrapper.sendBroadcast:421 com.qualcomm.qti.qs.tiles.AudioProfileTile.handleUpdateState:82 com.qualcomm.qti.qs.tiles.AudioProfileTile$1.onReceive:30 android.app.LoadedApk$ReceiverDispatcher$Args.run:1122 
09-27 15:13:02.413  1774  2823 I chatty  : uid=1000(system) Binder:1774_E expire 1 line
09-27 15:13:02.421  1774  2318 I Telecom : Event: Call TC@3: AUDIO_ROUTE, Leaving state QuiescentEarpieceRoute: PCR.oR->CAMSM.pM_2001->CARSM.pM_SWITCH_FOCUS@BPo_2_2
09-27 15:13:02.423  1774  2318 I Telecom : Event: Call TC@3: AUDIO_ROUTE, Entering state ActiveEarpieceRoute: PCR.oR->CAMSM.pM_2001->CARSM.pM_SWITCH_FOCUS@BPo_2_2
09-27 15:13:02.425  1774  2318 I Telecom : CallAudioRouteStateMachine: setNotificationsSuppressed: on=yes; suppressed=no: PCR.oR->CAMSM.pM_2001->CARSM.pM_SWITCH_FOCUS@BPo_2_2
09-27 15:13:02.444  1774  2318 D ZenLog  : config: setInterruptionFilter,ZenModeConfig[user=0,allowCalls=true,allowRepeatCallers=false,allowMessages=false,allowCallsFrom=contacts,allowMessagesFrom=contacts,allowReminders=true,allowEvents=true,allowWhenScreenOff=true,allowWhenScreenOn=true,automaticRules={82fd6015e7e1455583e84a806baf9798=ZenRule[enabled=false,snoozing=false,name=Event,zenMode=ZEN_MODE_ALARMS,conditionId=condition://android/event?userId=-10000&calendar=&reply=1,condition=Condition[id=condition://android/event?userId=-10000&calendar=&reply=1,summary=...,line1=...,line2=...,icon=0,state=STATE_FALSE,flags=2],component=ComponentInfo{android/com.android.server.notification.EventConditionProvider},id=82fd6015e7e1455583e84a806baf9798,creationTime=437721937,enabler=null], c78a06a7c6be48809398f97323063616=ZenRule[enabled=false,snoozing=false,name=Weekend,zenMode=ZEN_MODE_ALARMS,conditionId=condition://android/schedule?days=6.7&start=23.30&end=10.0&exitAtAlarm=false,condition=Condition[id=condition://android/schedule?days=6.7&start=23.30&end=10.0&exitAtAlarm=false,summary=...,line1=...,line2=...,icon=0,state=STATE_FALSE,flags=2],component=ComponentInfo{android/com.android.server.notification.ScheduleConditionProvider},id=c78a06a7c6be48809398f97323063616,creationTime=437721936,enabler=null], ff1dfaf3f16449d9ba35ff104149defb=ZenRule[enabled=false,snoozing=false,name=Weeknight,zenMode=ZEN_MODE_ALARMS,conditionId=condition://android/schedule?days=1.2.3.4.5&start=22.0&end=7.0&exitAtAlarm=false,condition=Condition[id=condition://android/schedule?days=1.2.3.4.5&start=22.0&end=7.0&exitAtAlarm=false,summary=...,line1=...,line2=...,icon=0,state=STATE_FALSE,flags=2],component=ComponentInfo{android/com.android.server.notification.ScheduleConditionProvider},id=ff1dfaf3f16449d9ba35ff104149defb,creationTime=437721935,enabler=null]},manualRule=ZenRule[enabled=true,snoozing=false,name=null,zenMode=ZEN_MODE_ALARMS,conditionId=null,condition=null,component=null,id=null,creationTime=0,enabler=com.android.server.telecom]],Diff[manualRule:insert]
09-27 15:13:02.449  1774  2318 I Telecom : CallAudioRouteStateMachine: setSystemAudioState: changing from [AudioState isMuted: false, route: EARPIECE, supportedRouteMask: EARPIECE, SPEAKER] to [AudioState isMuted: false, route: EARPIECE, supportedRouteMask: EARPIECE, SPEAKER]: PCR.oR->CAMSM.pM_2001->CARSM.pM_SWITCH_FOCUS@BPo_2_2
09-27 15:13:02.462  3564  3564 D AudioProfileTile: onReceive-intent=Intent { act=android.media.VOLUME_CHANGED_ACTION flg=0x14000010 (has extras) }
09-27 15:13:02.472  3564  3564 W ContextImpl: Calling a method in the system process without a qualified user: android.app.ContextImpl.sendBroadcast:877 android.content.ContextWrapper.sendBroadcast:421 com.qualcomm.qti.qs.tiles.AudioProfileTile.handleUpdateState:82 com.qualcomm.qti.qs.tiles.AudioProfileTile$1.onReceive:30 android.app.LoadedApk$ReceiverDispatcher$Args.run:1122 
09-27 15:13:02.476  6385  6476 D OpenGLRenderer: endAllActiveAnimators on 0x7f8c5a0400 (RippleDrawable) with handle 0x7f9ff377e0
09-27 15:13:02.495  1774  1774 D ZenLog  : set_zen_mode: alarms,setInterruptionFilter
09-27 15:13:02.526  4923  4923 I qti-logkit.cBroadcastReceiver: onReceive() intent android.intent.action.NEW_OUTGOING_CALL
09-27 15:13:02.558  6385  6385 W IInputConnectionWrapper: finishComposingText on inactive InputConnection
09-27 15:13:02.565  1774  1886 D PowerManagerService: getScreenOffTimeoutLocked:  isTestFlag = false
09-27 15:13:02.576  1774  1774 D ZenLog  : set_ringer_mode_internal: ZenModeHelper,i:normal->silent,e:normal->silent
09-27 15:13:02.579  1940  2123 I chatty  : uid=10032(com.android.systemui) VolumeDialogCon expire 5 lines
09-27 15:13:02.585  3564  3564 D AudioProfileTile: onReceive-intent=Intent { act=android.media.RINGER_MODE_CHANGED flg=0x34000010 (has extras) }
09-27 15:13:02.587  6385  6385 W InCall  : String -  CircularRevealFragment - onAnimationEnd
09-27 15:13:02.589  1940  1940 I chatty  : uid=10032(com.android.systemui) expire 4 lines
09-27 15:13:02.589  1774  1788 I chatty  : uid=1000(system) ActivityManager expire 1 line
09-27 15:13:02.604  3564  3564 W ContextImpl: Calling a method in the system process without a qualified user: android.app.ContextImpl.sendBroadcast:877 android.content.ContextWrapper.sendBroadcast:421 com.qualcomm.qti.qs.tiles.AudioProfileTile.handleUpdateState:82 com.qualcomm.qti.qs.tiles.AudioProfileTile$1.onReceive:30 android.app.LoadedApk$ReceiverDispatcher$Args.run:1122 
09-27 15:13:02.612  1774  2883 I chatty  : uid=1000(system) Binder:1774_10 expire 1 line
09-27 15:13:02.619  3428  3445 I CallLogProvider: CallLogProvider update:is_read=1 new=0
09-27 15:13:02.642  2249  2332 D feature_provider: method:is_call_record_running, arg:null, extra:null
09-27 15:13:02.645  4923  4923 I qti-logkit.cDropboxReceiver: onReceive() intent Intent { act=android.intent.action.DROPBOX_ENTRY_ADDED flg=0x10 (has extras) }
09-27 15:13:02.702  1774  1774 I Telecom : NewOutgoingCallBroadcastIntentReceiver: Received new-outgoing-call-broadcast for [TC@3, CONNECTING, null, tel:*** **** ****, A, childs(0), has_parent(false), [Capabilities:], [Properties:]] with data [81262038e5c5f6fa171137317192ce1c35d7b107]: NOCBIR.oR@BQE
09-27 15:13:02.703  2249  8778 D QtiEmergencyCallHelper: Found 2 phones.
09-27 15:13:02.703  4923  4923 I qti-logkit.cDropboxReceiver: onReceive() intent Intent { act=android.intent.action.DROPBOX_ENTRY_ADDED flg=0x10 (has extras) }
09-27 15:13:02.707  1774  1774 I Telecom : CallsManager: Creating a new outgoing call with handle: tel:***********: NOCBIR.oR@BQE
09-27 15:13:02.708  2249  3218 D QtiEmergencyCallHelper: Found 2 phones.
09-27 15:13:02.712  1774  1774 I Telecom : InCallController: Sending updateCall [TC@3, CONNECTING, null, tel:***********, A, childs(0), has_parent(false), [Capabilities:], [Properties:]]: NOCBIR.oR@BQE
09-27 15:13:02.715  1774  1774 I Telecom : InCallController: Components updated: [ComponentInfo{com.android.dialer/com.android.incallui.InCallServiceImpl}]: NOCBIR.oR@BQE
09-27 15:13:02.744  1774  1774 I Telecom : PhoneAccountRegistrar: SimCallManager queried, returning: null: NOCBIR.oR@BQE
09-27 15:13:02.749  1774  1774 I Telecom : CreateConnectionProcessor: Trying attempt CallAttemptRecord(ComponentInfo{com.android.phone/com.android.services.telephony.TelephonyConnectionService}, [da4b9237bacccdf19c0760cab7aec4a8359010b0], UserHandle{0},ComponentInfo{com.android.phone/com.android.services.telephony.TelephonyConnectionService}, [da4b9237bacccdf19c0760cab7aec4a8359010b0], UserHandle{0}): NOCBIR.oR@BQE
09-27 15:13:02.751  1774  1774 I Telecom : Event: Call TC@3: BIND_CS, ComponentInfo{com.android.phone/com.android.services.telephony.TelephonyConnectionService}: NOCBIR.oR@BQE
09-27 15:13:02.757  6385  6385 D CallerInfoUtils: modifyForSpecialCnapCases: initially, number=xxxxxxxxxxxxx, presentation=1 ci com.android.incallui.CallerInfo@32b4c39 { name null, phoneNumber null }
09-27 15:13:02.758  6385  6385 D CallerInfoUtils: SpecialCnap: number=xxxxxxxxxxxxx; presentation now=1
09-27 15:13:02.758  6385  6385 D CallerInfoUtils: modifyForSpecialCnapCases: returning number string=xxxxxxxxxxxxx
09-27 15:13:02.787  4923  4923 I qti-logkit.cDropboxReceiver: onReceive() intent Intent { act=android.intent.action.DROPBOX_ENTRY_ADDED flg=0x10 (has extras) }
09-27 15:13:02.801  6385  6385 D CallerInfoUtils: ==> Actually starting CallerInfoAsyncQuery.startQuery()...
09-27 15:13:02.803  2249  3181 D QtiEmergencyCallHelper: Found 2 phones.
09-27 15:13:02.804  1774  1774 I Telecom : TelecomSystem: CallerInfoAsyncQuery.startQuery number=[81262038e5c5f6fa171137317192ce1c35d7b107] cookie=NOCBIR.oR->CILH.sL@BQE_0_0: NOCBIR.oR->CILH.sL@BQE_0
09-27 15:13:02.849  1774  1774 I Telecom : : interruptionFilterChanged - ignoring own change: CARSM.oR@BQU
09-27 15:13:02.853  1774  1774 I Telecom : ServiceBinderConnection: Service bound ComponentInfo{com.android.phone/com.android.services.telephony.TelephonyConnectionService}: SBC.oSC@BQY
09-27 15:13:02.854  1774  1774 I Telecom : Event: Call TC@3: CS_BOUND, ComponentInfo{com.android.phone/com.android.services.telephony.TelephonyConnectionService}: SBC.oSC@BQY
09-27 15:13:02.856  1774  1774 I Telecom : Event: Call TC@3: START_CONNECTION, tel:***********: SBC.oSC@BQY
09-27 15:13:02.881  1774  2736 I Telecom : PhoneAccountRegistrar: SimCallManager queried, returning: null: CSW.qRCS@BQk
09-27 15:13:02.882  2249  2249 I Telephony: TelephonyConnectionService: onCreateOutgoingConnection, request: ConnectionRequest xxxxxxxxxxxxxxx Bundle[mParcelledData.dataSize=564]
09-27 15:13:02.884  2249  2249 D QtiEmergencyCallHelper: Found 2 phones.
09-27 15:13:02.886  2249  2249 D QtiEmergencyCallHelper: Found 2 phones.
