09-27 15:14:06.578  2249  2312 D RILJ    : [4499]< DATA_REGISTRATION_STATE {1, a82c, 00b377da, 11, null, 20, null, null, null, null, null} [SUB1]
09-27 15:14:06.579   939  1023 I RILQ    : (1/939):RIL[1][event] qcril_qmi_voice_all_call_status_ind_hdlr: call state SETUP for conn id 1
09-27 15:14:06.579   939  1023 I RILQ    : (1/939):RIL[1][event] qcril_qmi_voice_voip_create_call_info_entry: Created call info entry 0x7f72469c00 with call android id 1, qmi id 1, media id -1
09-27 15:14:06.580  2249  2249 D SST     : handlPollStateResultMessage: GsmSST setDataRegState=0 regState=1 dataRadioTechnology=11
09-27 15:14:06.581  2249  2312 D RILJ    : Unsol response received for UNSOL_CALL_RING Sending ack to ril.cpp [SUB1]
09-27 15:14:06.581  2249  2312 D RILJ    : [UNSL]< UNSOL_CALL_RING [C@59b6814 [SUB1]
09-27 15:14:06.583   939  1023 I RILQ    : (1/939):RIL[1][event] qcril_qmi_voice_all_call_status_ind_hdlr: RILVIMS: update 1 calls[uncached qmi call id 1, call state 10]
09-27 15:14:06.590  2249  2312 D RILJ    : Unsol response received for UNSOL_OEM_HOOK_RAW Sending ack to ril.cpp [SUB1]
09-27 15:14:06.590  2249  2312 V RILJ    : [UNSL]< UNSOL_OEM_HOOK_RAW 514f454d484f4f4bf70308001b000000767369643d3239373831363036343b63616c6c5f73746174653d31 [SUB1]
09-27 15:14:06.590  2249  2249 D SST     : Poll ServiceState done:  oldSS=[0 0 voice home data home CHN-UNICOM UNICOM 46001 CHN-UNICOM UNICOM 46001  UMTS HSPA CSS not supported -1 -1 RoamInd=-1 DefRoamInd=-1 EmergOnly=false IsDataRoamingFromRegistration=false IsUsingCarrierAggregation=false mRilImsRadioTechnology=0] newSS=[0 0 voice home data home CHN-UNICOM UNICOM 46001 CHN-UNICOM UNICOM 46001  UMTS HSPA CSS not supported -1 -1 RoamInd=-1 DefRoamInd=-1 EmergOnly=false IsDataRoamingFromRegistration=false IsUsingCarrierAggregation=false mRilImsRadioTechnology=0] oldMaxDataCalls=20 mNewMaxDataCalls=20 oldReasonDataDenied=-1 mNewReasonDataDenied=-1
09-27 15:14:06.590  2249  2249 D QtiGsmCdmaPhone: handleMessage: Event: 14
09-27 15:14:06.590  2249  2249 D Phone   : Event EVENT_CALL_RING Received state=IDLE
09-27 15:14:06.590  2249  2249 D Phone   : Sending notifyIncomingRing
09-27 15:14:06.590  2249  2249 D QtiGsmCdmaPhone: handleMessage: Event: 34
09-27 15:14:06.591  2249  2312 D RILJ    : Unsol response received for UNSOL_OEM_HOOK_RAW Sending ack to ril.cpp [SUB1]
09-27 15:14:06.591  2249  2312 V RILJ    : [UNSL]< UNSOL_OEM_HOOK_RAW 514f454d484f4f4bf70308001b000000767369643d3239373831363036343b63616c6c5f73746174653d31 [SUB1]
09-27 15:14:06.592  2249  2249 D QtiGsmCdmaPhone: handleMessage: Event: 34
09-27 15:14:06.593  2249  2312 D RILJ    : Unsol response received for UNSOL_OEM_HOOK_RAW Sending ack to ril.cpp [SUB1]
09-27 15:14:06.593  2249  2312 V RILJ    : [UNSL]< UNSOL_OEM_HOOK_RAW 514f454d484f4f4bf70308001b000000767369643d3239373831363036343b63616c6c5f73746174653d31 [SUB1]
09-27 15:14:06.593  2249  2249 D QtiGsmCdmaPhone: handleMessage: Event: 34
09-27 15:14:07.412  2249  2312 D RILJ    : Unsol response received for UNSOL_RESPONSE_CALL_STATE_CHANGED Sending ack to ril.cpp [SUB1]
09-27 15:14:07.412  2249  2312 D RILJ    : [UNSL]< UNSOL_RESPONSE_CALL_STATE_CHANGED [SUB1]
09-27 15:14:07.413  2249  2249 D RILJ    : [4507]> GET_CURRENT_CALLS [SUB1]
09-27 15:14:07.420   939  1023 I RILQ    : (1/939):RIL[1][event] qcril_qmi_voice_all_call_status_ind_hdlr: call state INCOMING for conn id 1
09-27 15:14:07.423   939   989 I RILQ    : (1/939):RIL[1][main] qcril_qmi_get_call_list_to_send: RILVI: calls rep:[qmi call id 1, android call id 1, qmi call state 2] reported/skipped 1/0 calls
09-27 15:14:07.425  2249  2312 D RILJ    : Unsol response received for UNSOL_RESPONSE_CALL_STATE_CHANGED Sending ack to ril.cpp [SUB1]
09-27 15:14:07.426  2249  2312 D RILJ    : [UNSL]< UNSOL_RESPONSE_CALL_STATE_CHANGED [SUB1]
09-27 15:14:07.426  2249  2249 D RILJ    : [4509]> GET_CURRENT_CALLS [SUB1]
09-27 15:14:07.426  2249  2312 V RILJ    : Incoming UUS : NOT present! [SUB1]
09-27 15:14:07.427  2249  2312 D RILJ    : InCall VoicePrivacy is disabled [SUB1]
09-27 15:14:07.427  2249  2312 D RILJ    : [4507]< GET_CURRENT_CALLS {[id=1,INCOMING,toa=129,norm,mt,0,voc,noevp,,cli=1,,3] } [SUB1]
09-27 15:14:07.431  2249  2249 D GsmCdmaCallTracker: Event EVENT_POLL_CALLS_RESULT Received
09-27 15:14:07.434  2249  2312 D RILJ    : Unsol response received for UNSOL_OEM_HOOK_RAW Sending ack to ril.cpp [SUB1]
09-27 15:14:07.435  2249  2312 V RILJ    : [UNSL]< UNSOL_OEM_HOOK_RAW 514f454d484f4f4bf70308001b000000767369643d3239373831363036343b63616c6c5f73746174653d31 [SUB1]
09-27 15:14:07.435  2249  2249 D QtiGsmCdmaPhone: handleMessage: Event: 34
09-27 15:14:07.439  2249  2312 D RILJ    : Unsol response received for UNSOL_OEM_HOOK_RAW Sending ack to ril.cpp [SUB1]
09-27 15:14:07.439  2249  2312 V RILJ    : [UNSL]< UNSOL_OEM_HOOK_RAW 514f454d484f4f4bf70308001b000000767369643d3239373831363036343b63616c6c5f73746174653d31 [SUB1]
09-27 15:14:07.439   939   989 I RILQ    : (1/939):RIL[1][main] qcril_qmi_get_call_list_to_send: RILVI: calls rep:[qmi call id 1, android call id 1, qmi call state 2] reported/skipped 1/0 calls
09-27 15:14:07.440   939  1023 I RILQ    : (1/939):RIL[1][event] qcril_qmi_voice_all_call_status_ind_hdlr: RILVIMS: update 1 calls[a-c-id: 1, q-c-id 1, c-s 10 -> 2]
09-27 15:14:07.440  2249  2249 D QtiGsmCdmaPhone: handleMessage: Event: 34
09-27 15:14:07.443  2249  2312 D RILJ    : Unsol response received for UNSOL_OEM_HOOK_RAW Sending ack to ril.cpp [SUB1]
09-27 15:14:07.443  2249  2312 V RILJ    : [UNSL]< UNSOL_OEM_HOOK_RAW 514f454d484f4f4bf70308001b000000767369643d3239373831363036343b63616c6c5f73746174653d31 [SUB1]
09-27 15:14:07.444  2249  2249 D QtiGsmCdmaPhone: handleMessage: Event: 34
09-27 15:14:07.444  2249  2312 V RILJ    : Incoming UUS : NOT present! [SUB1]
09-27 15:14:07.444  2249  2312 D RILJ    : InCall VoicePrivacy is disabled [SUB1]
09-27 15:14:07.444  2249  2312 D RILJ    : [4509]< GET_CURRENT_CALLS {[id=1,INCOMING,toa=129,norm,mt,0,voc,noevp,,cli=1,,3] } [SUB1]
09-27 15:14:07.445  2249  2249 D GsmCdmaCallTracker: Event EVENT_POLL_CALLS_RESULT Received
09-27 15:14:07.446  2249  2249 D GsmCdmaCallTracker: [GsmCdmaCallTracker] pendingMo=null, dc=id=1,INCOMING,toa=129,norm,mt,0,voc,noevp,,cli=1,,3
09-27 15:14:07.446  2249  2249 D GsmCdmaConnection: [GsmCdmaConn] acquireWakeLock
09-27 15:14:07.451  2249  2249 W PhoneNumberUtils: getCountryIso Country {ISO=CN, source=0, time=1216230}
09-27 15:14:07.451  2249  2249 W PhoneNumberUtils: isLocalEmergencyNumberInternalCN
09-27 15:14:07.452  2249  2249 D PhoneNumberUtils: slotId:1 subId:2 country:CN useExactMatch:true emergencyNumbers: 112,000,08,118,122,911,999,119,120,110,*911,#911
09-27 15:14:07.456  2249  2249 D GsmCdmaCallTracker: [GsmCdmaCallTracker] Notify new ring id=1,INCOMING,toa=129,norm,mt,0,voc,noevp,,cli=1,,3
09-27 15:14:07.456  2249  2249 D GsmCdmaCallTracker: [GsmCdmaCallTracker] update phone state, old=IDLE new=RINGING
09-27 15:14:07.463  2249  2249 D SubscriptionController: [getSubId]- numSubIds == 0, return DummySubIds slotIdx=0
09-27 15:14:07.463  2249  2249 D SubscriptionController: [getSubId]- numSubIds == 0, return DummySubIds slotIdx=0
09-27 15:14:07.503  2249  2249 W PhoneNumberUtils: getCountryIso Country {ISO=CN, source=0, time=1216230}
09-27 15:14:07.503  2249  2249 W PhoneNumberUtils: isLocalEmergencyNumberInternalCN
09-27 15:14:07.504  2249  2249 D PhoneNumberUtils: slotId:1 subId:2 country:CN useExactMatch:true emergencyNumbers: 112,000,08,118,122,911,999,119,120,110,*911,#911
09-27 15:14:07.551  2249  2249 D QtiGsmDCT: [1]QtiDcTracker handleMessage msg={ when=-95ms what=270343 obj=android.os.AsyncResult@5998bd target=com.qualcomm.qti.internal.telephony.dataconnection.QtiDcTracker }
09-27 15:14:07.551  2249  2249 D QtiGsmDCT: [1]onVoiceCallStarted
09-27 15:14:07.558  1774  1774 W PhoneNumberUtils: getCountryIso Country {ISO=CN, source=0, time=138283}
09-27 15:14:07.558  1774  1774 W PhoneNumberUtils: isLocalEmergencyNumberInternalCN
09-27 15:14:07.560  1774  1774 D PhoneNumberUtils: slotId:1 subId:2 country:CN useExactMatch:true emergencyNumbers: 112,000,08,118,122,911,999,119,120,110,*911,#911
09-27 15:14:07.583  1774  2322 D CallerInfoAsyncQuery: Processing event: 1 token (arg1): 1 command: 0 query URI: content://com.android.contacts/phone_lookup_enterprise/xxxxxxx
09-27 15:14:07.613  2249  2249 D RILJ    : [4513]> SET_SUPP_SVC_NOTIFICATION [SUB1]
09-27 15:14:07.617  2249  2249 D PhoneNumberUtils: slotId:1 subId:2 country:null useExactMatch:true emergencyNumbers: 112,000,08,118,122,911,999,119,120,110,*911,#911
09-27 15:14:07.619  1774  1774 D CallerInfoAsyncQuery: ##### onQueryComplete() #####   query complete for token: 0
09-27 15:14:07.620  2249  2312 D RILJ    : [4513]< SET_SUPP_SVC_NOTIFICATION  [SUB1]
09-27 15:14:07.622  2249  2249 D PhoneNumberUtils: slotId:1 subId:2 country:null useExactMatch:true emergencyNumbers: 112,000,08,118,122,911,999,119,120,110,*911,#911
09-27 15:14:07.624  2249  2249 D PhoneNumberUtils: slotId:1 subId:2 country:null useExactMatch:true emergencyNumbers: 112,000,08,118,122,911,999,119,120,110,*911,#911
09-27 15:14:07.625  2249  2249 W PhoneNumberUtils: getCountryIso Country {ISO=CN, source=0, time=1216230}
09-27 15:14:07.625  2249  2249 W PhoneNumberUtils: isLocalEmergencyNumberInternalCN
09-27 15:14:07.625  2249  2249 D PhoneNumberUtils: slotId:1 subId:2 country:CN useExactMatch:true emergencyNumbers: 112,000,08,118,122,911,999,119,120,110,*911,#911
09-27 15:14:07.630  2249  2249 D PhoneNumberUtils: slotId:1 subId:2 country:null useExactMatch:true emergencyNumbers: 112,000,08,118,122,911,999,119,120,110,*911,#911
09-27 15:14:07.648  1774  2322 D CallerInfoAsyncQuery: Processing event: 3 token (arg1): 1 command: 0 query URI: 
09-27 15:14:07.648  1774  1774 D CallerInfoAsyncQuery: notifying listener: class com.android.server.telecom.CallerInfoLookupHelper$-com_android_internal_telephony_CallerInfoAsyncQuery$OnQueryCompleteListener_makeCallerInfoQueryListener_android_net_Uri_handle_LambdaImpl0 for token: 0com.android.internal.telephony.CallerInfo@cdb4758 { name null, phoneNumber non-null }
09-27 15:14:07.667  1774  1774 D CallerInfoAsyncQuery: ##### onQueryComplete() #####   query complete for token: 0
09-27 15:14:07.765  2249  2262 D SubscriptionController: [getActiveSubscriptionInfoForSimSlotIndex]+ slotIdx=1 subId={id=2, iccId=89860116831014056097 simSlotIndex=1 displayName=UNICOM carrierName=UNICOM nameSource=0 iconTint=-16746133 dataRoaming=0 iconBitmap=android.graphics.Bitmap@e8e9a7b mcc 460 mnc 1}
09-27 15:14:07.792  2249  6709 D SubscriptionController: [getPhoneId] asked for default subId=2
09-27 15:14:07.822  6385  6385 D PhoneNumberUtils: slotId:1 subId:2 country:null useExactMatch:true emergencyNumbers: 112,000,08,118,122,911,999,119,120,110,*911,#911
09-27 15:14:07.824  2249  2261 D PhoneNumberUtils: slotId:1 subId:2 country:null useExactMatch:true emergencyNumbers: 112,000,08,118,122,911,999,119,120,110,*911,#911
09-27 15:14:07.874  2249  2564 W PhoneNumberUtils: getCountryIso Country {ISO=CN, source=0, time=1216230}
09-27 15:14:07.874  2249  2564 W PhoneNumberUtils: isLocalEmergencyNumberInternalCN
09-27 15:14:07.875  2249  2564 D PhoneNumberUtils: slotId:1 subId:2 country:CN useExactMatch:true emergencyNumbers: 112,000,08,118,122,911,999,119,120,110,*911,#911
09-27 15:14:07.911  2249  2261 D SubscriptionController: [getActiveSubscriptionInfo]+ subId=2 subInfo={id=2, iccId=89860116831014056097 simSlotIndex=1 displayName=UNICOM carrierName=UNICOM nameSource=0 iconTint=-16746133 dataRoaming=0 iconBitmap=android.graphics.Bitmap@958b4d6 mcc 460 mnc 1}
09-27 15:14:08.043  2249  3181 D SubscriptionController: [getActiveSubscriptionInfo]+ subId=2 subInfo={id=2, iccId=89860116831014056097 simSlotIndex=1 displayName=UNICOM carrierName=UNICOM nameSource=0 iconTint=-16746133 dataRoaming=0 iconBitmap=android.graphics.Bitmap@4072b2d mcc 460 mnc 1}
09-27 15:14:08.114  2249  2312 D RILJ    : Unsol response received for UNSOL_OEM_HOOK_RAW Sending ack to ril.cpp [SUB1]
09-27 15:14:08.115  2249  2312 V RILJ    : [UNSL]< UNSOL_OEM_HOOK_RAW 514f454d484f4f4bef0308000100000003 [SUB1]
09-27 15:14:08.115  2249  2249 D QtiGsmCdmaPhone: handleMessage: Event: 34
09-27 15:14:08.117  2249  2312 D RILJ    : Unsol response received for UNSOL_RESPONSE_VOICE_NETWORK_STATE_CHANGED Sending ack to ril.cpp [SUB1]
09-27 15:14:08.117  2249  2312 D RILJ    : [UNSL]< UNSOL_RESPONSE_VOICE_NETWORK_STATE_CHANGED [SUB1]
09-27 15:14:08.117  2249  2249 D RILJ    : [4516]> OPERATOR [SUB1]
09-27 15:14:08.120  2249  2249 D RILJ    : [4517]> DATA_REGISTRATION_STATE [SUB1]
09-27 15:14:08.121  2249  2249 D RILJ    : [4518]> VOICE_REGISTRATION_STATE [SUB1]
09-27 15:14:08.123  2249  2249 D RILJ    : [4519]> QUERY_NETWORK_SELECTION_MODE [SUB1]
09-27 15:14:08.126  2249  2249 D PhoneSwitcher: handle event - 110
09-27 15:14:08.131   939  9695 E RILQ    : (1/939): RIL[1][cmd-22(784)] qcril_cm_ss_convert_gsm8bit_alpha_string_to_utf8: Invalid parameters for GSM alphabet to UTF8 conversion, input len = 0
09-27 15:14:08.131   939  9695 E RILQ    : (1/939): RIL[1][cmd-22(784)] qcril_cm_ss_convert_gsm8bit_alpha_string_to_utf8: Invalid parameters for GSM alphabet to UTF8 conversion, input len = 0
09-27 15:14:08.134  2249  2312 D RILJ    : [4516]< OPERATOR {CHN-UNICOM, UNICOM, 46001} [SUB1]
09-27 15:14:08.136  2249  2312 D RILJ    : [4518]< VOICE_REGISTRATION_STATE {1, a82c, 00b377da, 3, null, null, null, 0, null, null, 1, null, null, 0, e7} [SUB1]
09-27 15:14:08.136  2249  2312 D RILJ    : [4519]< QUERY_NETWORK_SELECTION_MODE {0} [SUB1]
09-27 15:14:08.137  2249  2249 D SST     : EVENT_POLL_STATE_NETWORK_SELECTION_MODE
09-27 15:14:08.137  2249  2312 D RILJ    : [4517]< DATA_REGISTRATION_STATE {1, a82c, 00b377da, 11, null, 20, null, null, null, null, null} [SUB1]
09-27 15:14:08.137  2249  2249 D SST     : handlPollStateResultMessage: GsmSST setDataRegState=0 regState=1 dataRadioTechnology=11
09-27 15:14:08.140  2249  2249 D SST     : Poll ServiceState done:  oldSS=[0 0 voice home data home CHN-UNICOM UNICOM 46001 CHN-UNICOM UNICOM 46001  UMTS HSPA CSS not supported -1 -1 RoamInd=-1 DefRoamInd=-1 EmergOnly=false IsDataRoamingFromRegistration=false IsUsingCarrierAggregation=false mRilImsRadioTechnology=0] newSS=[0 0 voice home data home CHN-UNICOM UNICOM 46001 CHN-UNICOM UNICOM 46001  UMTS HSPA CSS not supported -1 -1 RoamInd=-1 DefRoamInd=-1 EmergOnly=false IsDataRoamingFromRegistration=false IsUsingCarrierAggregation=false mRilImsRadioTechnology=0] oldMaxDataCalls=20 mNewMaxDataCalls=20 oldReasonDataDenied=-1 mNewReasonDataDenied=-1
09-27 15:14:09.233  2249  2312 D RILJ    : Unsol response received for UNSOL_OEM_HOOK_RAW Sending ack to ril.cpp [SUB1]
09-27 15:14:09.233  2249  2312 V RILJ    : [UNSL]< UNSOL_OEM_HOOK_RAW 514f454d484f4f4bef0308000100000003 [SUB1]
09-27 15:14:09.233  2249  2249 D QtiGsmCdmaPhone: handleMessage: Event: 34
09-27 15:14:09.235  2249  2312 D RILJ    : Unsol response received for UNSOL_RESPONSE_VOICE_NETWORK_STATE_CHANGED Sending ack to ril.cpp [SUB1]
09-27 15:14:09.235  2249  2312 D RILJ    : [UNSL]< UNSOL_RESPONSE_VOICE_NETWORK_STATE_CHANGED [SUB1]
09-27 15:14:09.235  2249  2249 D RILJ    : [4522]> OPERATOR [SUB1]
09-27 15:14:09.237  2249  2249 D RILJ    : [4523]> DATA_REGISTRATION_STATE [SUB1]
09-27 15:14:09.239  2249  2249 D RILJ    : [4524]> VOICE_REGISTRATION_STATE [SUB1]
09-27 15:14:09.241  2249  2249 D RILJ    : [4525]> QUERY_NETWORK_SELECTION_MODE [SUB1]
09-27 15:14:09.246  2249  2249 D PhoneSwitcher: handle event - 110
09-27 15:14:09.249   939  9702 E RILQ    : (1/939): RIL[1][cmd-22(784)] qcril_cm_ss_convert_gsm8bit_alpha_string_to_utf8: Invalid parameters for GSM alphabet to UTF8 conversion, input len = 0
09-27 15:14:09.249   939  9702 E RILQ    : (1/939): RIL[1][cmd-22(784)] qcril_cm_ss_convert_gsm8bit_alpha_string_to_utf8: Invalid parameters for GSM alphabet to UTF8 conversion, input len = 0
09-27 15:14:09.251  2249  2312 D RILJ    : [4522]< OPERATOR {CHN-UNICOM, UNICOM, 46001} [SUB1]
09-27 15:14:09.253  2249  2312 D RILJ    : [4523]< DATA_REGISTRATION_STATE {1, a82c, 00b377da, 11, null, 20, null, null, null, null, null} [SUB1]
09-27 15:14:09.254  2249  2249 D SST     : handlPollStateResultMessage: GsmSST setDataRegState=0 regState=1 dataRadioTechnology=11
09-27 15:14:09.254  2249  2312 D RILJ    : [4525]< QUERY_NETWORK_SELECTION_MODE {0} [SUB1]
09-27 15:14:09.255  2249  2249 D SST     : EVENT_POLL_STATE_NETWORK_SELECTION_MODE
09-27 15:14:09.255  2249  2312 D RILJ    : [4524]< VOICE_REGISTRATION_STATE {1, a82c, 00b377da, 3, null, null, null, 0, null, null, 1, null, null, 0, e7} [SUB1]
09-27 15:14:09.258  2249  2249 D SST     : Poll ServiceState done:  oldSS=[0 0 voice home data home CHN-UNICOM UNICOM 46001 CHN-UNICOM UNICOM 46001  UMTS HSPA CSS not supported -1 -1 RoamInd=-1 DefRoamInd=-1 EmergOnly=false IsDataRoamingFromRegistration=false IsUsingCarrierAggregation=false mRilImsRadioTechnology=0] newSS=[0 0 voice home data home CHN-UNICOM UNICOM 46001 CHN-UNICOM UNICOM 46001  UMTS HSPA CSS not supported -1 -1 RoamInd=-1 DefRoamInd=-1 EmergOnly=false IsDataRoamingFromRegistration=false IsUsingCarrierAggregation=false mRilImsRadioTechnology=0] oldMaxDataCalls=20 mNewMaxDataCalls=20 oldReasonDataDenied=-1 mNewReasonDataDenied=-1
09-27 15:14:09.592  2249  2249 D QtiGsmCdmaPhone: handleMessage: Event: 15
09-27 15:14:09.592  2249  2249 D Phone   : Event EVENT_CALL_RING_CONTINUE Received state=RINGING
09-27 15:14:09.592  2249  2249 D Phone   : Sending notifyIncomingRing
09-27 15:14:12.596  2249  2249 D QtiGsmCdmaPhone: handleMessage: Event: 15
09-27 15:14:12.596  2249  2249 D Phone   : Event EVENT_CALL_RING_CONTINUE Received state=RINGING
09-27 15:14:12.596  2249  2249 D Phone   : Sending notifyIncomingRing
09-27 15:14:14.312  2249  2249 D SubscriptionController: [getActiveSubscriptionInfoForSimSlotIndex]+ slotIdx=1 subId={id=2, iccId=89860116831014056097 simSlotIndex=1 displayName=UNICOM carrierName=UNICOM nameSource=0 iconTint=-16746133 dataRoaming=0 iconBitmap=android.graphics.Bitmap@8c3bab0 mcc 460 mnc 1}
09-27 15:14:14.519  2249  2249 I phone   : acceptCall: incoming...
09-27 15:14:14.520  2249  2249 D RILJ    : [4526]> SET_MUTE false [SUB1]
09-27 15:14:14.532  2249  2249 D RILJ    : [4527]> ANSWER [SUB1]
09-27 15:14:14.534  2249  2312 D RILJ    : [4526]< SET_MUTE  [SUB1]
09-27 15:14:14.544  2249  2312 D RILJ    : Unsol response received for UNSOL_OEM_HOOK_RAW Sending ack to ril.cpp [SUB1]
09-27 15:14:14.544  2249  2312 V RILJ    : [UNSL]< UNSOL_OEM_HOOK_RAW 514f454d484f4f4bf70308002a000000767369643d3239373831363036343b63616c6c5f73746174653d323b63616c6c5f747970653d554d5453 [SUB1]
09-27 15:14:14.545  2249  2249 D QtiGsmCdmaPhone: handleMessage: Event: 34
09-27 15:14:14.868   939  1023 I RILQ    : (1/939):RIL[1][event] qcril_qmi_voice_all_call_status_ind_hdlr: call state CONVERSATION for conn id 1
09-27 15:14:14.870  2249  2312 D RILJ    : [4527]< ANSWER  [SUB1]
09-27 15:14:14.871  2249  2249 D RILJ    : [4529]> GET_CURRENT_CALLS [SUB1]
09-27 15:14:14.875  2249  2312 D RILJ    : Unsol response received for UNSOL_RESPONSE_CALL_STATE_CHANGED Sending ack to ril.cpp [SUB1]
09-27 15:14:14.876  2249  2312 D RILJ    : [UNSL]< UNSOL_RESPONSE_CALL_STATE_CHANGED [SUB1]
09-27 15:14:14.877  2249  2249 D RILJ    : [4531]> GET_CURRENT_CALLS [SUB1]
09-27 15:14:14.879   939   989 I RILQ    : (1/939):RIL[1][main] qcril_qmi_get_call_list_to_send: RILVI: calls rep:[qmi call id 1, android call id 1, qmi call state 3] reported/skipped 1/0 calls
09-27 15:14:14.880  2249  2312 V RILJ    : Incoming UUS : NOT present! [SUB1]
09-27 15:14:14.880  2249  2312 D RILJ    : InCall VoicePrivacy is disabled [SUB1]
09-27 15:14:14.881  2249  2312 D RILJ    : [4529]< GET_CURRENT_CALLS {[id=1,ACTIVE,toa=129,norm,mt,0,voc,noevp,,cli=1,,3] } [SUB1]
09-27 15:14:14.881  2249  2249 D GsmCdmaCallTracker: Event EVENT_POLL_CALLS_RESULT Received
09-27 15:14:14.881   939   989 I RILQ    : (1/939):RIL[1][main] qcril_qmi_get_call_list_to_send: RILVI: calls rep:[qmi call id 1, android call id 1, qmi call state 3] reported/skipped 1/0 calls
09-27 15:14:14.882  2249  2312 V RILJ    : Incoming UUS : NOT present! [SUB1]
09-27 15:14:14.882  2249  2312 D RILJ    : InCall VoicePrivacy is disabled [SUB1]
09-27 15:14:14.882  2249  2312 D RILJ    : [4531]< GET_CURRENT_CALLS {[id=1,ACTIVE,toa=129,norm,mt,0,voc,noevp,,cli=1,,3] } [SUB1]
09-27 15:14:14.882  2249  2249 D GsmCdmaCallTracker: Event EVENT_POLL_CALLS_RESULT Received
09-27 15:14:14.883  2249  2249 D GsmCdmaConnection: [GsmCdmaConn] parent= INCOMING, newParent= IDLE
09-27 15:14:14.883  2249  2249 D GsmCdmaConnection: [GsmCdmaConn]  mNumberConverted false
09-27 15:14:14.883  2249  2249 D GsmCdmaConnection: [GsmCdmaConn] --dssds----null
09-27 15:14:14.883  2249  2249 D GsmCdmaConnection: [GsmCdmaConn] update: parent=ACTIVE, hasNewParent=false, wasConnectingInOrOut=true, wasHolding=false, isConnectingInOrOut=false, changed=true
09-27 15:14:14.883  2249  2249 D GsmCdmaConnection: [GsmCdmaConn] onConnectedInOrOut: connectTime=1506496454883
09-27 15:14:14.883  2249  2249 D GsmCdmaConnection: [GsmCdmaConn] releaseWakeLock
09-27 15:14:14.886  2249  2249 D GsmCdmaCallTracker: [GsmCdmaCallTracker] update phone state, old=RINGING new=OFFHOOK
09-27 15:14:14.896  2249  2249 W PhoneNumberUtils: getCountryIso Country {ISO=CN, source=0, time=1216230}
09-27 15:14:14.896  2249  2249 W PhoneNumberUtils: isLocalEmergencyNumberInternalCN
09-27 15:14:14.897  2249  2249 D PhoneNumberUtils: slotId:1 subId:2 country:CN useExactMatch:true emergencyNumbers: 112,000,08,118,122,911,999,119,120,110,*911,#911
09-27 15:14:14.904  2249  2249 D PhoneNumberUtils: slotId:1 subId:2 country:null useExactMatch:true emergencyNumbers: 112,000,08,118,122,911,999,119,120,110,*911,#911
09-27 15:14:15.067   939  1023 I RILQ    : (1/939):RIL[1][event] qcril_qmi_voice_all_call_status_ind_hdlr: RILVIMS: update 1 calls[a-c-id: 1, q-c-id 1, c-s 2 -> 3]
09-27 15:14:15.071  2249  2312 D RILJ    : Unsol response received for UNSOL_OEM_HOOK_RAW Sending ack to ril.cpp [SUB1]
09-27 15:14:15.071  2249  2312 V RILJ    : [UNSL]< UNSOL_OEM_HOOK_RAW 514f454d484f4f4bf70308002a000000767369643d3239373831363036343b63616c6c5f73746174653d323b63616c6c5f747970653d554d5453 [SUB1]
09-27 15:14:15.074  2249  2249 D QtiGsmCdmaPhone: handleMessage: Event: 34
09-27 15:14:15.217  2249  3181 D SubscriptionController: [getActiveSubscriptionInfo]+ subId=2 subInfo={id=2, iccId=89860116831014056097 simSlotIndex=1 displayName=UNICOM carrierName=UNICOM nameSource=0 iconTint=-16746133 dataRoaming=0 iconBitmap=android.graphics.Bitmap@e70664f mcc 460 mnc 1}
09-27 15:14:15.471  2249  8205 D SubscriptionController: [getSubId]- numSubIds == 0, return DummySubIds slotIdx=0
09-27 15:14:15.473  2249  8778 D SubscriptionController: [getSubId]- numSubIds == 0, return DummySubIds slotIdx=0
09-27 15:14:15.597  2249  2249 D QtiGsmCdmaPhone: handleMessage: Event: 15
09-27 15:14:15.597  2249  2249 D Phone   : Event EVENT_CALL_RING_CONTINUE Received state=OFFHOOK
09-27 15:14:15.758  2249  3181 D SubscriptionController: [getActiveSubscriptionInfo]+ subId=2 subInfo={id=2, iccId=89860116831014056097 simSlotIndex=1 displayName=UNICOM carrierName=UNICOM nameSource=0 iconTint=-16746133 dataRoaming=0 iconBitmap=android.graphics.Bitmap@c3181ba mcc 460 mnc 1}
09-27 15:14:15.915  2249  2312 D RILJ    : Unsol response received for UNSOL_OEM_HOOK_RAW Sending ack to ril.cpp [SUB1]
09-27 15:14:15.915  2249  2312 V RILJ    : [UNSL]< UNSOL_OEM_HOOK_RAW 514f454d484f4f4bef0308000100000003 [SUB1]
09-27 15:14:15.915  2249  2249 D QtiGsmCdmaPhone: handleMessage: Event: 34
09-27 15:14:15.917  2249  2312 D RILJ    : Unsol response received for UNSOL_RESPONSE_VOICE_NETWORK_STATE_CHANGED Sending ack to ril.cpp [SUB1]
09-27 15:14:15.917  2249  2312 D RILJ    : [UNSL]< UNSOL_RESPONSE_VOICE_NETWORK_STATE_CHANGED [SUB1]
09-27 15:14:15.917  2249  2249 D RILJ    : [4535]> OPERATOR [SUB1]
09-27 15:14:15.918  2249  2249 D RILJ    : [4536]> DATA_REGISTRATION_STATE [SUB1]
09-27 15:14:15.924  2249  2249 D RILJ    : [4537]> VOICE_REGISTRATION_STATE [SUB1]
09-27 15:14:15.926  2249  2249 D RILJ    : [4538]> QUERY_NETWORK_SELECTION_MODE [SUB1]
09-27 15:14:15.928  2249  2249 D PhoneSwitcher: handle event - 110
09-27 15:14:15.934   939  9722 E RILQ    : (1/939): RIL[1][cmd-22(784)] qcril_cm_ss_convert_gsm8bit_alpha_string_to_utf8: Invalid parameters for GSM alphabet to UTF8 conversion, input len = 0
09-27 15:14:15.934   939  9722 E RILQ    : (1/939): RIL[1][cmd-22(784)] qcril_cm_ss_convert_gsm8bit_alpha_string_to_utf8: Invalid parameters for GSM alphabet to UTF8 conversion, input len = 0
09-27 15:14:15.937  2249  2312 D RILJ    : [4535]< OPERATOR {CHN-UNICOM, UNICOM, 46001} [SUB1]
09-27 15:14:15.942  2249  2312 D RILJ    : [4536]< DATA_REGISTRATION_STATE {1, a82c, 00b377da, 11, null, 20, null, null, null, null, null} [SUB1]
09-27 15:14:15.942  2249  2249 D SST     : handlPollStateResultMessage: GsmSST setDataRegState=0 regState=1 dataRadioTechnology=11
09-27 15:14:15.945  2249  2312 D RILJ    : [4538]< QUERY_NETWORK_SELECTION_MODE {0} [SUB1]
09-27 15:14:15.945  2249  2249 D SST     : EVENT_POLL_STATE_NETWORK_SELECTION_MODE
09-27 15:14:15.946  2249  2312 D RILJ    : [4537]< VOICE_REGISTRATION_STATE {1, a82c, 00b377da, 3, null, null, null, 0, null, null, 1, null, null, 0, e7} [SUB1]
09-27 15:14:15.949  2249  2249 D SST     : Poll ServiceState done:  oldSS=[0 0 voice home data home CHN-UNICOM UNICOM 46001 CHN-UNICOM UNICOM 46001  UMTS HSPA CSS not supported -1 -1 RoamInd=-1 DefRoamInd=-1 EmergOnly=false IsDataRoamingFromRegistration=false IsUsingCarrierAggregation=false mRilImsRadioTechnology=0] newSS=[0 0 voice home data home CHN-UNICOM UNICOM 46001 CHN-UNICOM UNICOM 46001  UMTS HSPA CSS not supported -1 -1 RoamInd=-1 DefRoamInd=-1 EmergOnly=false IsDataRoamingFromRegistration=false IsUsingCarrierAggregation=false mRilImsRadioTechnology=0] oldMaxDataCalls=20 mNewMaxDataCalls=20 oldReasonDataDenied=-1 mNewReasonDataDenied=-1
09-27 15:14:17.054  2249  2312 D RILJ    : Unsol response received for UNSOL_OEM_HOOK_RAW Sending ack to ril.cpp [SUB1]
09-27 15:14:17.054  2249  2312 V RILJ    : [UNSL]< UNSOL_OEM_HOOK_RAW 514f454d484f4f4bef0308000100000003 [SUB1]
09-27 15:14:17.055  2249  2249 D QtiGsmCdmaPhone: handleMessage: Event: 34
09-27 15:14:17.061  2249  2249 D PhoneSwitcher: handle event - 110
09-27 15:14:17.061  2249  2312 D RILJ    : Unsol response received for UNSOL_RESPONSE_VOICE_NETWORK_STATE_CHANGED Sending ack to ril.cpp [SUB1]
09-27 15:14:17.061  2249  2312 D RILJ    : [UNSL]< UNSOL_RESPONSE_VOICE_NETWORK_STATE_CHANGED [SUB1]
09-27 15:14:17.062  2249  2249 D RILJ    : [4541]> OPERATOR [SUB1]
09-27 15:14:17.064   939  1023 I RILQ    : (1/939):RIL[1][event] qcril_arb_set_dsd_sys_status: old_pref_data 1966186088 - new_data_pref 1966186032
09-27 15:14:17.064   939  1023 I RILQ    : (1/939):RIL[1][event] qcril_arb_set_dsd_sys_status: preferred dsd_sys_status nw=0x0, rat_value=0x1, so_mask=0x000000000000002d
09-27 15:14:17.064   939  1023 I RILQ    : (1/939):RIL[1][event] qcril_arb_set_dsd_sys_status: preferred 1 - dsd_sys_status nw=0x0, rat_value=0x1, so_mask=0x000000000000002d
09-27 15:14:17.064   939  1023 I RILQ    : (1/939):RIL[1][event] qcril_arb_set_dsd_sys_status: is_wwan_available 0
09-27 15:14:17.064  2249  2249 D RILJ    : [4542]> DATA_REGISTRATION_STATE [SUB1]
09-27 15:14:17.066  2249  2249 D RILJ    : [4544]> VOICE_REGISTRATION_STATE [SUB1]
09-27 15:14:17.067  2249  2312 D RILJ    : Unsol response received for UNSOL_OEM_HOOK_RAW Sending ack to ril.cpp [SUB1]
09-27 15:14:17.067  2249  2312 V RILJ    : [UNSL]< UNSOL_OEM_HOOK_RAW 514f454d484f4f4bfa0308000100000000 [SUB1]
09-27 15:14:17.068  2249  2249 D RILJ    : [4545]> QUERY_NETWORK_SELECTION_MODE [SUB1]
09-27 15:14:17.070  2249  2249 D QtiGsmCdmaPhone: handleMessage: Event: 34
09-27 15:14:17.078  2249  2249 D PhoneSwitcher: handle event - 110
09-27 15:14:17.081   939  9734 E RILQ    : (1/939): RIL[1][cmd-22(784)] qcril_cm_ss_convert_gsm8bit_alpha_string_to_utf8: Invalid parameters for GSM alphabet to UTF8 conversion, input len = 0
09-27 15:14:17.081   939  9734 E RILQ    : (1/939): RIL[1][cmd-22(784)] qcril_cm_ss_convert_gsm8bit_alpha_string_to_utf8: Invalid parameters for GSM alphabet to UTF8 conversion, input len = 0
09-27 15:14:17.085  2249  2312 D RILJ    : [4541]< OPERATOR {CHN-UNICOM, UNICOM, 46001} [SUB1]
09-27 15:14:17.088  2249  2312 D RILJ    : [4545]< QUERY_NETWORK_SELECTION_MODE {0} [SUB1]
09-27 15:14:17.088  2249  2249 D SST     : EVENT_POLL_STATE_NETWORK_SELECTION_MODE
09-27 15:14:17.089  2249  2312 D RILJ    : [4542]< DATA_REGISTRATION_STATE {1, a82c, 00b377da, 15, null, 20, null, null, null, null, null} [SUB1]
09-27 15:14:17.090  2249  2249 D SST     : handlPollStateResultMessage: GsmSST setDataRegState=0 regState=1 dataRadioTechnology=15
09-27 15:14:17.091  2249  2312 D RILJ    : [4544]< VOICE_REGISTRATION_STATE {1, a82c, 00b377da, 3, null, null, null, 0, null, null, 1, null, null, 0, e7} [SUB1]
09-27 15:14:17.094  2249  2249 D SST     : Poll ServiceState done:  oldSS=[0 0 voice home data home CHN-UNICOM UNICOM 46001 CHN-UNICOM UNICOM 46001  UMTS HSPA CSS not supported -1 -1 RoamInd=-1 DefRoamInd=-1 EmergOnly=false IsDataRoamingFromRegistration=false IsUsingCarrierAggregation=false mRilImsRadioTechnology=0] newSS=[0 0 voice home data home CHN-UNICOM UNICOM 46001 CHN-UNICOM UNICOM 46001  UMTS HSPAP CSS not supported -1 -1 RoamInd=-1 DefRoamInd=-1 EmergOnly=false IsDataRoamingFromRegistration=false IsUsingCarrierAggregation=false mRilImsRadioTechnology=0] oldMaxDataCalls=20 mNewMaxDataCalls=20 oldReasonDataDenied=-1 mNewReasonDataDenied=-1
09-27 15:14:17.095  2249  2249 D TelephonyManager: setTelephonyProperty: success phoneId=1 property=gsm.network.type value: HSPAP propVal=Unknown,HSPAP
09-27 15:14:17.096  2249  2312 D RILJ    : Unsol response received for UNSOL_RESPONSE_VOICE_NETWORK_STATE_CHANGED Sending ack to ril.cpp [SUB1]
09-27 15:14:17.096  2249  2312 D RILJ    : [UNSL]< UNSOL_RESPONSE_VOICE_NETWORK_STATE_CHANGED [SUB1]
09-27 15:14:17.098  2249  2312 D RILJ    : Unsol response received for UNSOL_DATA_CALL_LIST_CHANGED Sending ack to ril.cpp [SUB1]
09-27 15:14:17.098  2249  2312 D RILJ    : responseDataCallList ver=11 num=1 [SUB1]
09-27 15:14:17.099  2249  2312 D RILJ    : [UNSL]< UNSOL_DATA_CALL_LIST_CHANGED [DataCallResponse: {version=11 status=0 retry=-1 cid=0 active=2 type=IPV4V6 ifname=rmnet_data0 mtu=1500 addresses=[172.24.46.230/30] dnses=[112.65.184.255,210.22.84.3] gateways=[172.24.46.229] pcscf=[]}] [SUB1]
09-27 15:14:17.100  2249  2249 D SIMRecords: [SIMRecords] getServiceProviderName: no brandOverride, providerName=UNICOM
09-27 15:14:17.100  2249  2249 D SIMRecords: [SIMRecords] getServiceProviderName: no brandOverride, providerName=UNICOM
09-27 15:14:17.101  2249  2249 D TelephonyManager: setTelephonyProperty: success phoneId=1 property=gsm.operator.alpha value: CHN-UNICOM propVal=,CHN-UNICOM
09-27 15:14:17.102  2249  2249 D TelephonyManager: setTelephonyProperty: success phoneId=1 property=gsm.operator.numeric value: 46001 propVal=,46001
09-27 15:14:17.103  2249  2249 D TelephonyManager: setTelephonyProperty: success phoneId=1 property=gsm.operator.iso-country value: cn propVal=,cn
09-27 15:14:17.104  2249  2434 D Dcc     : onDataStateChanged: dcsList=[DataCallResponse: {version=11 status=0 retry=-1 cid=0 active=2 type=IPV4V6 ifname=rmnet_data0 mtu=1500 addresses=[172.24.46.230/30] dnses=[112.65.184.255,210.22.84.3] gateways=[172.24.46.229] pcscf=[]}] mDcListActiveByCid={0={DC-2: State=DcActiveState mApnSetting=[ApnSettingV3] , 413, 46001, 3gnet, , , , , , -1, default | supl, IPV4V6, IPV4V6, true, 0, 0, 0, false, 0, 0, 0, 0, , , false RefCount=1 mCid=0 mCreateTime=-1 mLastastFailTime=-1 mLastFailCause=NONE mTag=8 mLinkProperties={InterfaceName: rmnet_data0 LinkAddresses: [172.24.46.230/30,]  Routes: [0.0.0.0/0 -> 172.24.46.229 rmnet_data0,] DnsAddresses: [112.65.184.255,210.22.84.3,] Domains: null MTU: 1500 TcpBufferSizes: 4094,87380,1220608,4096,16384,1220608} linkCapabilities=[ Transports: CELLULAR Capabilities: SUPL&INTERNET&NOT_RESTRICTED&TRUSTED&NOT_VPN LinkUpBandwidth>=5898Kbps LinkDnBandwidth>=14336Kbps Specifier: <2>] mRestrictedNetworkOverride=false mApnContexts={{mApnType=default mState=CONNECTED mWaitingApns={[[ApnSettingV3] , 413, 46001, 3gnet, , , , , , -1, default | supl, IPV4V6, IPV4V6, true, 0, 0, 0, false, 0, 0, 0, 0, , , false, [ApnSettingV3] , 414, 46001, 3gwap, 10.0.0.172, http://mmsc.myuni.com.cn, 10.0.0.172, 80, 80, -1, default | supl | mms, IPV4V6, IPV4V6, true, 0, 0, 0, false, 0, 0, 0, 0, , , false]} mApnSetting={[ApnSettingV3] , 413, 46001, 3gnet, , , , , , -1, default | supl, IPV4V6, IPV4V6, true, 0, 0, 0, false, 0, 0, 0, 0, , , false} mReason=simLoaded mDataEnabled=true mDependencyMet=true}={mTag=8 mApnContext={mApnType=default mState=CONNECTED mWaitingApns={[[ApnSettingV3] , 413, 46001, 3gnet, , , , , , -1, default | supl, IPV4V6, IPV4V6, true, 0, 0, 0, false, 0, 0, 0, 0, , , false, [ApnSettingV3] , 414, 46001, 3gwap, 10.0.0.172, http://mmsc.myuni.com.cn, 10.0.0.172, 80, 80, -1, default | supl | mms, IPV4V6, IPV4V6, true, 0, 0, 0, false, 0, 0, 0, 0, , , false]} mApnSetting={[ApnSettingV3] , 413, 46001, 3gnet, , , , , , -1, default | supl, IPV4V6, IPV4V6, true, 0, 0, 0, false, 0, 0, 0, 0, , , false} mReason=simLoaded mDataEnabled=true mDependencyMet=true} mProfileId=0 mRat=14 mOnCompletedMsg={what=0x42000 when=-21m3s584ms obj=Pair{{mApnType=default mState=CONNECTED mWaitingApns={[[ApnSettingV3] , 413, 46001, 3gnet, , , , , , -1, default | supl, IPV4V6, IPV4V6, true, 0, 0, 0, false, 0, 0, 0, 0, , , false, [ApnSettingV3] , 414, 46001, 3gwap, 10.0.0.172, http://mmsc.myuni.com.cn, 10.0.0.172, 80, 80, -1, default | supl | mms, IPV4V6, IPV4V6, true, 0, 0, 0, false, 0, 0, 0, 0, , , false]} mApnSetting={[ApnSettingV3] , 413, 46001, 3gnet, , , , , , -1, default | supl, IPV4V6, IPV4V6, true, 0, 0, 0, false, 0, 0, 0, 0, , , false} mReason=simLoaded mDataEnabled=true mDependencyMet=true} 4} target=Handler (com.qualcomm.qti.internal.telephony.dataconnection.QtiDcTracker) {569093f} replyTo=null}}}}}
09-27 15:14:17.104  2249  2434 D Dcc     : onDataStateChanged: dcsToRetry=[]
09-27 15:14:17.104  2249  2434 D Dcc     : onDataStateChanged: Found ConnId=0 newState=DataCallResponse: {version=11 status=0 retry=-1 cid=0 active=2 type=IPV4V6 ifname=rmnet_data0 mtu=1500 addresses=[172.24.46.230/30] dnses=[112.65.184.255,210.22.84.3] gateways=[172.24.46.229] pcscf=[]}
09-27 15:14:17.105  2249  2249 D SST     : pollStateDone: there are 2 unique offsets for iso-cc='cn testOneUniqueOffsetPath=false', do nothing
09-27 15:14:17.105  2249  2434 D DataCallResponse: addr/pl=172.24.46.230/30
09-27 15:14:17.105  2249  2249 D SST     : shouldFixTimeZoneNow: retVal=false iccCardExist=true operatorNumeric=46001 mcc=460 prevOperatorNumeric=46001 prevMcc=460 needToFixTimeZone=false ltod=09-27 15:14:17.105
09-27 15:14:17.105  2249  2249 D TelephonyManager: setTelephonyProperty: success phoneId=1 property=gsm.operator.isroaming value: false propVal=false,false
09-27 15:14:17.106  2249  2434 D DC-2    : MTU set by call response to: 1500
09-27 15:14:17.106  2249  2249 D SST     : Broadcasting ServiceState : 0 0 voice home data home CHN-UNICOM UNICOM 46001 CHN-UNICOM UNICOM 46001  UMTS HSPAP CSS not supported -1 -1 RoamInd=-1 DefRoamInd=-1 EmergOnly=false IsDataRoamingFromRegistration=false IsUsingCarrierAggregation=false mRilImsRadioTechnology=0
09-27 15:14:17.106  2249  2249 D DefaultPhoneNotifier: nofityServiceState: mRegistry=com.android.internal.telephony.ITelephonyRegistry$Stub$Proxy@f25c375 ss=0 0 voice home data home CHN-UNICOM UNICOM 46001 CHN-UNICOM UNICOM 46001  UMTS HSPAP CSS not supported -1 -1 RoamInd=-1 DefRoamInd=-1 EmergOnly=false IsDataRoamingFromRegistration=false IsUsingCarrierAggregation=false mRilImsRadioTechnology=0 sender=Handler (com.qualcomm.qti.internal.telephony.QtiGsmCdmaPhone) {83d56a2} phondId=1 subId=2
09-27 15:14:17.106  2249  2434 D Dcc     : onDataStateChanged: no change
09-27 15:14:17.107  2249  2434 D Dcc     : onDataStateChanged: Data Activity updated to NONE. isAnyDataCallActive = true isAnyDataCallDormant = false
09-27 15:14:17.107  2249  2434 D Dcc     : onDataStateChanged: dcsToRetry=[] apnsToCleanup=[]
09-27 15:14:17.113  2249  2564 D GsmCdmaPhone: [GsmCdmaPhone] getDataConnectionState apnType=default ret=CONNECTED
09-27 15:14:17.120  2249  2249 D SST     : notifyDataRegStateRilRadioTechnologyChanged: drs=0 rat=15
09-27 15:14:17.120  2249  2249 D TelephonyManager: setTelephonyProperty: success phoneId=1 property=gsm.network.type value: HSPAP propVal=Unknown,HSPAP
09-27 15:14:17.122  2249  2249 D QtiGsmDCT: [1]get all active apn types
09-27 15:14:17.122  2249  2434 D DC-1    : DcInactiveState nothandled msg.what=EVENT_DATA_CONNECTION_DRS_OR_RAT_CHANGED
09-27 15:14:17.122  2249  2249 D GsmCdmaPhone: [GsmCdmaPhone] getDataConnectionState apnType=default ret=CONNECTED
09-27 15:14:17.122  2249  2434 D DC-1    : DcDefault msg=EVENT_DATA_CONNECTION_DRS_OR_RAT_CHANGED RefCount=0
09-27 15:14:17.122  2249  2434 D DC-1    : DcDefaultState: EVENT_DATA_CONNECTION_DRS_OR_RAT_CHANGED drs=0 mRilRat=15
09-27 15:14:17.122  2249  2434 D DC-2    : DcActiveState not handled msg.what=EVENT_DATA_CONNECTION_DRS_OR_RAT_CHANGED
09-27 15:14:17.122  2249  2434 D DC-2    : DcDefault msg=EVENT_DATA_CONNECTION_DRS_OR_RAT_CHANGED RefCount=1
09-27 15:14:17.123  2249  2434 D DC-2    : DcDefaultState: EVENT_DATA_CONNECTION_DRS_OR_RAT_CHANGED drs=0 mRilRat=15
09-27 15:14:17.125  2249  2249 D QtiGsmDCT: [1]return link properites for default
09-27 15:14:17.130  2249  2434 D DC-2    : DcActiveState not handled msg.what=REQ_GET_LINK_PROPERTIES
09-27 15:14:17.130  2249  2434 D DC-2    : DcDefault msg=REQ_GET_LINK_PROPERTIES RefCount=1
09-27 15:14:17.130  2249  2434 D DC-2    : REQ_GET_LINK_PROPERTIES linkProperties{InterfaceName: rmnet_data0 LinkAddresses: [172.24.46.230/30,]  Routes: [0.0.0.0/0 -> 172.24.46.229 rmnet_data0,] DnsAddresses: [112.65.184.255,210.22.84.3,] Domains: null MTU: 1500 TcpBufferSizes: 4094,87380,1220608,4096,16384,1220608}
09-27 15:14:17.131  2249  2249 D QtiGsmDCT: [1]get active pdp is not null, return NetworkCapabilities for default
09-27 15:14:17.132  2249  2434 D DC-2    : DcActiveState not handled msg.what=REQ_GET_NETWORK_CAPABILITIES
09-27 15:14:17.132  2249  2434 D DC-2    : DcDefault msg=REQ_GET_NETWORK_CAPABILITIES RefCount=1
09-27 15:14:17.144  2249  2434 D DC-2    : REQ_GET_NETWORK_CAPABILITIES networkCapabilities[ Transports: CELLULAR Capabilities: SUPL&INTERNET&NOT_RESTRICTED&TRUSTED&NOT_VPN LinkUpBandwidth>=11264Kbps LinkDnBandwidth>=43008Kbps Specifier: <2>]
09-27 15:14:17.145  2249  2249 D CdmaSSM : subscriptionSource from settings: 0
09-27 15:14:17.150  1774  2901 D TelephonyRegistry: Notify data connection state changed on sub: 2
09-27 15:14:17.151  1774  2901 D TelephonyRegistry: Notify data connection state changed on sub: 2
09-27 15:14:17.151  1774  2901 D TelephonyRegistry: Notify data connection state changed on sub: 2
09-27 15:14:17.164  2249  2331 D SubscriptionController: [getActiveSubscriptionInfo]+ subId=2 subInfo={id=2, iccId=89860116831014056097 simSlotIndex=1 displayName=UNICOM carrierName=UNICOM nameSource=0 iconTint=-16746133 dataRoaming=0 iconBitmap=android.graphics.Bitmap@7e82fc8 mcc 460 mnc 1}
09-27 15:14:17.168  2249  2249 D RILJ    : [4548]> OPERATOR [SUB1]
09-27 15:14:17.171  2249  3181 D RILJ    : [4549]> RIL_REQUEST_GET_CELL_INFO_LIST [SUB0]
09-27 15:14:17.171  2249  2249 D RILJ    : [4550]> DATA_REGISTRATION_STATE [SUB1]
09-27 15:14:17.176  2249  2249 D RILJ    : [4551]> VOICE_REGISTRATION_STATE [SUB1]
09-27 15:14:17.176   939  9738 E RILQ    : (1/939): RIL[1][cmd-22(784)] qcril_cm_ss_convert_gsm8bit_alpha_string_to_utf8: Invalid parameters for GSM alphabet to UTF8 conversion, input len = 0
09-27 15:14:17.176   939  9738 E RILQ    : (1/939): RIL[1][cmd-22(784)] qcril_cm_ss_convert_gsm8bit_alpha_string_to_utf8: Invalid parameters for GSM alphabet to UTF8 conversion, input len = 0
09-27 15:14:17.177  2249  2249 D RILJ    : [4552]> QUERY_NETWORK_SELECTION_MODE [SUB1]
09-27 15:14:17.179  2249  2308 D RilRequest: [4549]< RIL_REQUEST_GET_CELL_INFO_LIST error: com.android.internal.telephony.CommandException: SYSTEM_ERR ret=
09-27 15:14:17.180  2249  2249 D QtiGsmDCT: [1]QtiDcTracker handleMessage msg={ when=-82ms what=270340 obj=android.os.AsyncResult@5ecd047 target=com.qualcomm.qti.internal.telephony.dataconnection.QtiDcTracker }
09-27 15:14:17.181  2249  2249 D ImsPhone: handleMessage what=52
09-27 15:14:17.181  2249  2249 D QtiGsmDCT: [1]QtiDcTracker handleMessage msg={ when=-74ms what=270376 arg1=1 obj=NONE target=com.qualcomm.qti.internal.telephony.dataconnection.QtiDcTracker }
09-27 15:14:17.181  2249  2249 D QtiGsmDCT: [1]startNetStatPoll
09-27 15:14:17.182  2249  2312 D RILJ    : [4548]< OPERATOR {CHN-UNICOM, UNICOM, 46001} [SUB1]
09-27 15:14:17.184  2249  2312 D RILJ    : [4551]< VOICE_REGISTRATION_STATE {1, a82c, 00b377da, 3, null, null, null, 0, null, null, 1, null, null, 0, e7} [SUB1]
09-27 15:14:17.185  2249  8205 D SubscriptionController: [getActiveSubscriptionInfo]+ subId=2 subInfo={id=2, iccId=89860116831014056097 simSlotIndex=1 displayName=UNICOM carrierName=UNICOM nameSource=0 iconTint=-16746133 dataRoaming=0 iconBitmap=android.graphics.Bitmap@b348074 mcc 460 mnc 1}
09-27 15:14:17.190  2249  2312 D RILJ    : [4550]< DATA_REGISTRATION_STATE {1, a82c, 00b377da, 15, null, 20, null, null, null, null, null} [SUB1]
09-27 15:14:17.191  2249  2312 D RILJ    : [4552]< QUERY_NETWORK_SELECTION_MODE {0} [SUB1]
09-27 15:14:17.192  2249  2564 D SubscriptionController: [getSubId]- numSubIds == 0, return DummySubIds slotIdx=0
09-27 15:14:17.196  2249  2249 D QtiGsmDCT: [1]setActivity = NONE
09-27 15:14:17.199  2249  2249 D QtiGsmDCT: [1]QtiDcTracker handleMessage msg={ when=-77ms what=270377 obj=android.os.AsyncResult@236399d target=com.qualcomm.qti.internal.telephony.dataconnection.QtiDcTracker }
09-27 15:14:17.199  2249  2249 D QtiGsmDCT: [1]setupDataOnConnectableApns: nwTypeChanged emergency:[state=IDLE,enabled=false] mms:[state=IDLE,enabled=false] supl:[state=IDLE,enabled=false] hipri:[state=IDLE,enabled=false] dun:[state=IDLE,enabled=false] fota:[state=IDLE,enabled=false] ims:[state=IDLE,enabled=false] default:[state=CONNECTED,enabled=true] cbs:[state=IDLE,enabled=false] 
09-27 15:14:17.199  2249  2249 D ImsPhone: handleMessage what=51
09-27 15:14:17.199  2249  2249 D ImsPhone: EVENT_DEFAULT_PHONE_DATA_STATE_CHANGED
09-27 15:14:17.199  2249  2249 D ImsPhone: updateDataServiceState: defSs = 0 0 voice home data home CHN-UNICOM UNICOM 46001 CHN-UNICOM UNICOM 46001  UMTS HSPAP CSS not supported -1 -1 RoamInd=-1 DefRoamInd=-1 EmergOnly=false IsDataRoamingFromRegistration=false IsUsingCarrierAggregation=false mRilImsRadioTechnology=0 imsSs = 1 0 voice home data home null null null null null null  Unknown HSPAP CSS not supported -1 -1 RoamInd=-1 DefRoamInd=-1 EmergOnly=false IsDataRoamingFromRegistration=false IsUsingCarrierAggregation=false mRilImsRadioTechnology=0
09-27 15:14:17.200  2249  2249 D SubscriptionController: [getSubId]- numSubIds == 0, return DummySubIds slotIdx=0
09-27 15:14:17.207  2249  2249 D SST     : EVENT_GET_CELL_INFO_LIST: error ret null, e=com.android.internal.telephony.CommandException: SYSTEM_ERR
09-27 15:14:17.208  2249  3181 D SST     : SST.getAllCellInfo(): X size=0 list=null
09-27 15:14:17.208  2249  2249 D SST     : handlPollStateResultMessage: GsmSST setDataRegState=0 regState=1 dataRadioTechnology=15
09-27 15:14:17.208  2249  2249 D SST     : EVENT_POLL_STATE_NETWORK_SELECTION_MODE
09-27 15:14:17.208  2249  3181 D RILJ    : [4553]> RIL_REQUEST_GET_CELL_INFO_LIST [SUB1]
09-27 15:14:17.210  2249  2249 D SST     : Poll ServiceState done:  oldSS=[0 0 voice home data home CHN-UNICOM UNICOM 46001 CHN-UNICOM UNICOM 46001  UMTS HSPAP CSS not supported -1 -1 RoamInd=-1 DefRoamInd=-1 EmergOnly=false IsDataRoamingFromRegistration=false IsUsingCarrierAggregation=false mRilImsRadioTechnology=0] newSS=[0 0 voice home data home CHN-UNICOM UNICOM 46001 CHN-UNICOM UNICOM 46001  UMTS HSPAP CSS not supported -1 -1 RoamInd=-1 DefRoamInd=-1 EmergOnly=false IsDataRoamingFromRegistration=false IsUsingCarrierAggregation=false mRilImsRadioTechnology=0] oldMaxDataCalls=20 mNewMaxDataCalls=20 oldReasonDataDenied=-1 mNewReasonDataDenied=-1
09-27 15:14:17.215  2249  2312 D RILJ    : [4553]< RIL_REQUEST_GET_CELL_INFO_LIST [CellInfoWcdma:{mRegistered=YES mTimeStampType=oem_ril mTimeStamp=1263694313057ns CellIdentityWcdma:{ mMcc=460 mMnc=1 mLac=43052 mCid=11761626 mPsc=231 mUarfcn=10663} CellSignalStrengthWcdma: ss=13 ber=99}] [SUB1]
09-27 15:14:17.217  2249  3181 D SST     : SST.getAllCellInfo(): return last, back to back calls
09-27 15:14:17.217  2249  2565 D SubscriptionController: [getActiveSubscriptionInfo]+ subId=2 subInfo={id=2, iccId=89860116831014056097 simSlotIndex=1 displayName=UNICOM carrierName=UNICOM nameSource=0 iconTint=-16746133 dataRoaming=0 iconBitmap=android.graphics.Bitmap@b532fe0 mcc 460 mnc 1}
09-27 15:14:17.223  2249  8205 D SubscriptionController: [getSubId]- numSubIds == 0, return DummySubIds slotIdx=0
09-27 15:14:17.242  2249  2331 D SubscriptionController: [getActiveSubscriptionInfo]+ subId=2 subInfo={id=2, iccId=89860116831014056097 simSlotIndex=1 displayName=UNICOM carrierName=UNICOM nameSource=0 iconTint=-16746133 dataRoaming=0 iconBitmap=android.graphics.Bitmap@5d813f mcc 460 mnc 1}
09-27 15:14:17.247  2249  6709 D SubscriptionController: [getSubId]- numSubIds == 0, return DummySubIds slotIdx=0
09-27 15:14:24.316  2249  2249 D SubscriptionController: [getActiveSubscriptionInfoForSimSlotIndex]+ slotIdx=1 subId={id=2, iccId=89860116831014056097 simSlotIndex=1 displayName=UNICOM carrierName=UNICOM nameSource=0 iconTint=-16746133 dataRoaming=0 iconBitmap=android.graphics.Bitmap@fcdcd6a mcc 460 mnc 1}
09-27 15:14:29.030   939  1023 I RILQ    : (1/939):RIL[1][event] qcril_qmi_voice_all_call_status_ind_hdlr: call state DISCONNECTING for conn id 1
09-27 15:14:29.035   939  1023 I RILQ    : (1/939):RIL[1][event] qcril_qmi_voice_all_call_status_ind_hdlr: RILVIMS: update 1 calls[a-c-id: 1, q-c-id 1, c-s 3 -> 8]
09-27 15:14:29.041  2249  2312 D RILJ    : Unsol response received for UNSOL_OEM_HOOK_RAW Sending ack to ril.cpp [SUB1]
09-27 15:14:29.041  2249  2312 V RILJ    : [UNSL]< UNSOL_OEM_HOOK_RAW 514f454d484f4f4bf70308002a000000767369643d3239373831363036343b63616c6c5f73746174653d323b63616c6c5f747970653d554d5453 [SUB1]
09-27 15:14:29.041  2249  2249 D QtiGsmCdmaPhone: handleMessage: Event: 34
09-27 15:14:29.310   939  1023 I RILQ    : (1/939):RIL[1][event] qcril_qmi_voice_all_call_status_ind_hdlr: call state END for conn id 1
09-27 15:14:29.311   939  1023 I RILQ    : (1/939):RIL[1][event] qcril_qmi_voice_map_qmi_to_ril_last_call_failure_cause: map qmi reason: 145 to ril reason: 16
09-27 15:14:29.311   939  1023 I RILQ    : (1/939):RIL[1][event] qcril_qmi_voice_map_qmi_to_ril_last_call_failure_cause: ril reason str: Normal call clearing
09-27 15:14:29.317  2249  2312 D RILJ    : Unsol response received for UNSOL_RESPONSE_CALL_STATE_CHANGED Sending ack to ril.cpp [SUB1]
09-27 15:14:29.317  2249  2312 D RILJ    : [UNSL]< UNSOL_RESPONSE_CALL_STATE_CHANGED [SUB1]
09-27 15:14:29.317  2249  2249 D RILJ    : [4556]> GET_CURRENT_CALLS [SUB1]
09-27 15:14:29.324   939   989 I RILQ    : (1/939):RIL[1][main] qcril_qmi_get_call_list_to_send: RILVI: calls rep: reported/skipped 0/1 calls
09-27 15:14:29.329  2249  2312 D RILJ    : [4556]< GET_CURRENT_CALLS {} [SUB1]
09-27 15:14:29.330  2249  2249 D GsmCdmaCallTracker: Event EVENT_POLL_CALLS_RESULT Received
09-27 15:14:29.331  2249  2249 D RILJ    : [4557]> LAST_CALL_FAIL_CAUSE [SUB1]
09-27 15:14:29.334  2249  2249 D GsmCdmaCallTracker: [GsmCdmaCallTracker] update phone state, old=OFFHOOK new=OFFHOOK
09-27 15:14:29.338  2249  2312 D RILJ    : [4557]< LAST_CALL_FAIL_CAUSE com.android.internal.telephony.LastCallFailCause@932f25b causeCode: 16 vendorCause: Normal call clearing [SUB1]
09-27 15:14:29.339  2249  2249 D GsmCdmaConnection: onDisconnect: cause=2
09-27 15:14:29.343  2249  2249 D GsmCdmaCallTracker: [GsmCdmaCallTracker] update phone state, old=OFFHOOK new=IDLE
09-27 15:14:29.350  2249  2249 W PhoneNumberUtils: getCountryIso Country {ISO=CN, source=0, time=1216230}
09-27 15:14:29.350  2249  2249 W PhoneNumberUtils: isLocalEmergencyNumberInternalCN
09-27 15:14:29.351  2249  2249 D PhoneNumberUtils: slotId:1 subId:2 country:CN useExactMatch:true emergencyNumbers: 112,000,08,118,122,911,999,119,120,110,*911,#911
09-27 15:14:29.354  2249  2249 D RILJ    : [4558]> SET_SUPP_SVC_NOTIFICATION [SUB1]
09-27 15:14:29.359  2249  2249 D QtiGsmDCT: [1]QtiDcTracker handleMessage msg={ when=-16ms what=270344 obj=android.os.AsyncResult@deb1af8 target=com.qualcomm.qti.internal.telephony.dataconnection.QtiDcTracker }
09-27 15:14:29.359  2249  2249 D QtiGsmDCT: [1]onVoiceCallEnded
09-27 15:14:29.359  2249  2249 D QtiGsmDCT: [1]setupDataOnConnectableApns: 2GVoiceCallEnded emergency:[state=IDLE,enabled=false] mms:[state=IDLE,enabled=false] supl:[state=IDLE,enabled=false] hipri:[state=IDLE,enabled=false] dun:[state=IDLE,enabled=false] fota:[state=IDLE,enabled=false] ims:[state=IDLE,enabled=false] default:[state=CONNECTED,enabled=true] cbs:[state=IDLE,enabled=false] 
09-27 15:14:29.360  2249  2249 D PhoneSwitcher: handle event - 108
09-27 15:14:29.360  2249  2249 D PhoneSwitcher: EVENT_VOICE_CALL_ENDED
09-27 15:14:29.362  2249  2249 D PhoneSwitcher: isAnyVoiceCallActiveOnDevice: false
09-27 15:14:29.415  2249  8205 D RILJ    : [4559]> RIL_REQUEST_GET_CELL_INFO_LIST [SUB0]
09-27 15:14:29.426  2249  2308 D RilRequest: [4559]< RIL_REQUEST_GET_CELL_INFO_LIST error: com.android.internal.telephony.CommandException: SYSTEM_ERR ret=
09-27 15:14:29.453  2249  2249 D SST     : EVENT_GET_CELL_INFO_LIST: error ret null, e=com.android.internal.telephony.CommandException: SYSTEM_ERR
