09-27 15:13:03.931  2249  2312 D RILJ    : [4357]< VOICE_REGISTRATION_STATE {1, a82c, 00b377da, 3, null, null, null, 0, null, null, null, null, null, 0, e7} [SUB1]
09-27 15:13:03.932  2249  8205 D SubscriptionController: [getActiveSubscriptionInfo]+ subId=2 subInfo={id=2, iccId=89860116831014056097 simSlotIndex=1 displayName=UNICOM carrierName=UNICOM nameSource=0 iconTint=-16746133 dataRoaming=0 iconBitmap=android.graphics.Bitmap@5fba718 mcc 460 mnc 1}
09-27 15:13:03.933  2249  2312 D RILJ    : [4356]< DATA_REGISTRATION_STATE {1, a82c, 00b377da, 11, null, 20, null, null, null, null, null} [SUB1]
09-27 15:13:03.934  2249  2249 D SST     : handlPollStateResultMessage: GsmSST setDataRegState=0 regState=1 dataRadioTechnology=11
09-27 15:13:03.934  2249  2312 D RILJ    : [4359]< QUERY_NETWORK_SELECTION_MODE {0} [SUB1]
09-27 15:13:03.934  2249  2249 D SST     : EVENT_POLL_STATE_NETWORK_SELECTION_MODE
09-27 15:13:03.937  2249  2249 D SST     : Poll ServiceState done:  oldSS=[0 0 voice home data home CHN-UNICOM UNICOM 46001 CHN-UNICOM UNICOM 46001  UMTS LTE CSS not supported -1 -1 RoamInd=-1 DefRoamInd=-1 EmergOnly=false IsDataRoamingFromRegistration=false IsUsingCarrierAggregation=false mRilImsRadioTechnology=0] newSS=[0 0 voice home data home CHN-UNICOM UNICOM 46001 CHN-UNICOM UNICOM 46001  UMTS HSPA CSS not supported -1 -1 RoamInd=-1 DefRoamInd=-1 EmergOnly=false IsDataRoamingFromRegistration=false IsUsingCarrierAggregation=false mRilImsRadioTechnology=0] oldMaxDataCalls=20 mNewMaxDataCalls=20 oldReasonDataDenied=-1 mNewReasonDataDenied=-1
09-27 15:13:03.937  2249  2249 D TelephonyManager: setTelephonyProperty: success phoneId=1 property=gsm.network.type value: HSPA propVal=Unknown,HSPA
09-27 15:13:03.940  2249  3181 D SubscriptionController: [getSubId]- numSubIds == 0, return DummySubIds slotIdx=0
09-27 15:13:03.942  2249  2312 D RILJ    : Unsol response received for UNSOL_RESPONSE_VOICE_NETWORK_STATE_CHANGED Sending ack to ril.cpp [SUB1]
09-27 15:13:03.942  2249  2312 D RILJ    : [UNSL]< UNSOL_RESPONSE_VOICE_NETWORK_STATE_CHANGED [SUB1]
09-27 15:13:03.942  2249  2249 D SIMRecords: [SIMRecords] getServiceProviderName: no brandOverride, providerName=UNICOM
09-27 15:13:03.942  2249  2249 D SIMRecords: [SIMRecords] getServiceProviderName: no brandOverride, providerName=UNICOM
09-27 15:13:03.943  2249  2312 D RILJ    : [4360]< RIL_REQUEST_GET_CELL_INFO_LIST [CellInfoWcdma:{mRegistered=YES mTimeStampType=oem_ril mTimeStamp=1190422441783ns CellIdentityWcdma:{ mMcc=460 mMnc=1 mLac=43052 mCid=11761626 mPsc=231 mUarfcn=10663} CellSignalStrengthWcdma: ss=12 ber=99}] [SUB1]
09-27 15:13:03.945  2249  2249 D TelephonyManager: setTelephonyProperty: success phoneId=1 property=gsm.operator.alpha value: CHN-UNICOM propVal=,CHN-UNICOM
09-27 15:13:03.946  2249  2249 D TelephonyManager: setTelephonyProperty: success phoneId=1 property=gsm.operator.numeric value: 46001 propVal=,46001
09-27 15:13:03.947  2249  2249 D TelephonyManager: setTelephonyProperty: success phoneId=1 property=gsm.operator.iso-country value: cn propVal=,cn
09-27 15:13:03.947  2249  2249 D SST     : pollStateDone: there are 2 unique offsets for iso-cc='cn testOneUniqueOffsetPath=false', do nothing
09-27 15:13:03.948  2249  2249 D SST     : shouldFixTimeZoneNow: retVal=false iccCardExist=true operatorNumeric=46001 mcc=460 prevOperatorNumeric=46001 prevMcc=460 needToFixTimeZone=false ltod=09-27 15:13:03.947
09-27 15:13:03.948  2249  2249 D TelephonyManager: setTelephonyProperty: success phoneId=1 property=gsm.operator.isroaming value: false propVal=false,false
09-27 15:13:03.949  2249  2249 D SST     : Broadcasting ServiceState : 0 0 voice home data home CHN-UNICOM UNICOM 46001 CHN-UNICOM UNICOM 46001  UMTS HSPA CSS not supported -1 -1 RoamInd=-1 DefRoamInd=-1 EmergOnly=false IsDataRoamingFromRegistration=false IsUsingCarrierAggregation=false mRilImsRadioTechnology=0
09-27 15:13:03.949  2249  2249 D DefaultPhoneNotifier: nofityServiceState: mRegistry=com.android.internal.telephony.ITelephonyRegistry$Stub$Proxy@f25c375 ss=0 0 voice home data home CHN-UNICOM UNICOM 46001 CHN-UNICOM UNICOM 46001  UMTS HSPA CSS not supported -1 -1 RoamInd=-1 DefRoamInd=-1 EmergOnly=false IsDataRoamingFromRegistration=false IsUsingCarrierAggregation=false mRilImsRadioTechnology=0 sender=Handler (com.qualcomm.qti.internal.telephony.QtiGsmCdmaPhone) {83d56a2} phondId=1 subId=2
09-27 15:13:03.954  2249  2261 D GsmCdmaPhone: [GsmCdmaPhone] getDataConnectionState apnType=default ret=CONNECTED
09-27 15:13:03.971  2249  2249 D SST     : notifyDataRegStateRilRadioTechnologyChanged: drs=0 rat=11
09-27 15:13:03.971  2249  2249 D TelephonyManager: setTelephonyProperty: success phoneId=1 property=gsm.network.type value: HSPA propVal=Unknown,HSPA
09-27 15:13:03.972  2249  2249 D QtiGsmDCT: [1]get all active apn types
09-27 15:13:03.972  2249  2249 D GsmCdmaPhone: [GsmCdmaPhone] getDataConnectionState apnType=default ret=CONNECTED
09-27 15:13:03.972  2249  2434 D DC-1    : DcInactiveState nothandled msg.what=EVENT_DATA_CONNECTION_DRS_OR_RAT_CHANGED
09-27 15:13:03.972  2249  2434 D DC-1    : DcDefault msg=EVENT_DATA_CONNECTION_DRS_OR_RAT_CHANGED RefCount=0
09-27 15:13:03.972  2249  2434 D DC-1    : DcDefaultState: EVENT_DATA_CONNECTION_DRS_OR_RAT_CHANGED drs=0 mRilRat=11
09-27 15:13:03.973  2249  2434 D DC-2    : DcActiveState not handled msg.what=EVENT_DATA_CONNECTION_DRS_OR_RAT_CHANGED
09-27 15:13:03.973  2249  2434 D DC-2    : DcDefault msg=EVENT_DATA_CONNECTION_DRS_OR_RAT_CHANGED RefCount=1
09-27 15:13:03.973  2249  2434 D DC-2    : DcDefaultState: EVENT_DATA_CONNECTION_DRS_OR_RAT_CHANGED drs=0 mRilRat=11
09-27 15:13:03.975  2249  2249 D QtiGsmDCT: [1]return link properites for default
09-27 15:13:03.978  2249  2564 D SubscriptionController: [getActiveSubscriptionInfo]+ subId=2 subInfo={id=2, iccId=89860116831014056097 simSlotIndex=1 displayName=UNICOM carrierName=UNICOM nameSource=0 iconTint=-16746133 dataRoaming=0 iconBitmap=android.graphics.Bitmap@75eebd7 mcc 460 mnc 1}
09-27 15:13:03.985  2249  2434 D DC-2    : DcActiveState not handled msg.what=REQ_GET_LINK_PROPERTIES
09-27 15:13:03.986  2249  2434 D DC-2    : DcDefault msg=REQ_GET_LINK_PROPERTIES RefCount=1
09-27 15:13:03.986  2249  2434 D DC-2    : REQ_GET_LINK_PROPERTIES linkProperties{InterfaceName: rmnet_data0 LinkAddresses: [172.24.46.230/30,]  Routes: [0.0.0.0/0 -> 172.24.46.229 rmnet_data0,] DnsAddresses: [112.65.184.255,210.22.84.3,] Domains: null MTU: 1500 TcpBufferSizes: 4094,87380,1220608,4096,16384,1220608}
09-27 15:13:03.987  2249  2249 D QtiGsmDCT: [1]get active pdp is not null, return NetworkCapabilities for default
09-27 15:13:03.987  2249  3181 D SubscriptionController: [getSubId]- numSubIds == 0, return DummySubIds slotIdx=0
09-27 15:13:03.987  2249  2434 D DC-2    : DcActiveState not handled msg.what=REQ_GET_NETWORK_CAPABILITIES
09-27 15:13:03.988  2249  2434 D DC-2    : DcDefault msg=REQ_GET_NETWORK_CAPABILITIES RefCount=1
09-27 15:13:04.002  2249  2434 D DC-2    : REQ_GET_NETWORK_CAPABILITIES networkCapabilities[ Transports: CELLULAR Capabilities: SUPL&INTERNET&NOT_RESTRICTED&TRUSTED&NOT_VPN LinkUpBandwidth>=5898Kbps LinkDnBandwidth>=14336Kbps Specifier: <2>]
09-27 15:13:04.004  2249  2249 D CdmaSSM : subscriptionSource from settings: 0
09-27 15:13:04.012  1774  1785 D TelephonyRegistry: Notify data connection state changed on sub: 2
09-27 15:13:04.013  1774  1785 D TelephonyRegistry: Notify data connection state changed on sub: 2
09-27 15:13:04.013  1774  1785 D TelephonyRegistry: Notify data connection state changed on sub: 2
09-27 15:13:04.030  2249  2249 D RILJ    : [4362]> OPERATOR [SUB1]
09-27 15:13:04.035  2249  2249 D RILJ    : [4363]> DATA_REGISTRATION_STATE [SUB1]
09-27 15:13:04.036  2249  2564 D SST     : SST.getAllCellInfo(): return last, back to back calls
09-27 15:13:04.036  2249  2564 D SST     : SST.getAllCellInfo(): X size=0 list=null
09-27 15:13:04.037  2249  2564 D RILJ    : [4365]> RIL_REQUEST_GET_CELL_INFO_LIST [SUB1]
09-27 15:13:04.037  2249  2249 D RILJ    : [4364]> VOICE_REGISTRATION_STATE [SUB1]
09-27 15:13:04.041   939  9315 E RILQ    : (1/939): RIL[1][cmd-22(784)] qcril_cm_ss_convert_gsm8bit_alpha_string_to_utf8: Invalid parameters for GSM alphabet to UTF8 conversion, input len = 0
09-27 15:13:04.041   939  9315 E RILQ    : (1/939): RIL[1][cmd-22(784)] qcril_cm_ss_convert_gsm8bit_alpha_string_to_utf8: Invalid parameters for GSM alphabet to UTF8 conversion, input len = 0
09-27 15:13:04.043  2249  2249 D RILJ    : [4366]> QUERY_NETWORK_SELECTION_MODE [SUB1]
09-27 15:13:04.046  2249  2249 D ImsPhone: handleMessage what=52
09-27 15:13:04.047  2249  2332 D SST     : SST.getAllCellInfo(): return last, back to back calls
09-27 15:13:04.047  2249  2249 D SubscriptionController: [getSubId]- numSubIds == 0, return DummySubIds slotIdx=0
09-27 15:13:04.047  2249  2249 D QtiGsmDCT: [1]QtiDcTracker handleMessage msg={ when=-75ms what=270377 obj=android.os.AsyncResult@fb827ad target=com.qualcomm.qti.internal.telephony.dataconnection.QtiDcTracker }
09-27 15:13:04.047  2249  2249 D QtiGsmDCT: [1]setupDataOnConnectableApns: nwTypeChanged emergency:[state=IDLE,enabled=false] mms:[state=IDLE,enabled=false] supl:[state=IDLE,enabled=false] hipri:[state=IDLE,enabled=false] dun:[state=IDLE,enabled=false] fota:[state=IDLE,enabled=false] ims:[state=IDLE,enabled=false] default:[state=CONNECTED,enabled=true] cbs:[state=IDLE,enabled=false] 
09-27 15:13:04.047  2249  2312 D RILJ    : [4362]< OPERATOR {CHN-UNICOM, UNICOM, 46001} [SUB1]
09-27 15:13:04.047  2249  2249 D ImsPhone: handleMessage what=51
09-27 15:13:04.047  2249  2249 D ImsPhone: EVENT_DEFAULT_PHONE_DATA_STATE_CHANGED
09-27 15:13:04.048  2249  2249 D ImsPhone: updateDataServiceState: defSs = 0 0 voice home data home CHN-UNICOM UNICOM 46001 CHN-UNICOM UNICOM 46001  UMTS HSPA CSS not supported -1 -1 RoamInd=-1 DefRoamInd=-1 EmergOnly=false IsDataRoamingFromRegistration=false IsUsingCarrierAggregation=false mRilImsRadioTechnology=0 imsSs = 1 0 voice home data home null null null null null null  Unknown HSPA CSS not supported -1 -1 RoamInd=-1 DefRoamInd=-1 EmergOnly=false IsDataRoamingFromRegistration=false IsUsingCarrierAggregation=false mRilImsRadioTechnology=0
09-27 15:13:04.048  2249  2312 D RILJ    : [4363]< DATA_REGISTRATION_STATE {1, a82c, 00b377da, 11, null, 20, null, null, null, null, null} [SUB1]
09-27 15:13:04.048  2249  2312 D RILJ    : [4364]< VOICE_REGISTRATION_STATE {1, a82c, 00b377da, 3, null, null, null, 0, null, null, 1, null, null, 0, e7} [SUB1]
09-27 15:13:04.049  2249  8717 D SubscriptionController: [getActiveSubscriptionInfo]+ subId=2 subInfo={id=2, iccId=89860116831014056097 simSlotIndex=1 displayName=UNICOM carrierName=UNICOM nameSource=0 iconTint=-16746133 dataRoaming=0 iconBitmap=android.graphics.Bitmap@a4dcae2 mcc 460 mnc 1}
09-27 15:13:04.049  2249  2312 D RILJ    : [4365]< RIL_REQUEST_GET_CELL_INFO_LIST [CellInfoWcdma:{mRegistered=YES mTimeStampType=oem_ril mTimeStamp=1190525200585ns CellIdentityWcdma:{ mMcc=460 mMnc=1 mLac=43052 mCid=11761626 mPsc=231 mUarfcn=10663} CellSignalStrengthWcdma: ss=12 ber=99}] [SUB1]
09-27 15:13:04.053  2249  2312 D RILJ    : [4366]< QUERY_NETWORK_SELECTION_MODE {0} [SUB1]
09-27 15:13:04.059  2249  2249 D SST     : handlPollStateResultMessage: GsmSST setDataRegState=0 regState=1 dataRadioTechnology=11
09-27 15:13:04.060  2249  2249 D SST     : EVENT_POLL_STATE_NETWORK_SELECTION_MODE
09-27 15:13:04.060  2249  2564 D SST     : SST.getAllCellInfo(): return last, back to back calls
09-27 15:13:04.069  2249  2249 D SST     : Poll ServiceState done:  oldSS=[0 0 voice home data home CHN-UNICOM UNICOM 46001 CHN-UNICOM UNICOM 46001  UMTS HSPA CSS not supported -1 -1 RoamInd=-1 DefRoamInd=-1 EmergOnly=false IsDataRoamingFromRegistration=false IsUsingCarrierAggregation=false mRilImsRadioTechnology=0] newSS=[0 0 voice home data home CHN-UNICOM UNICOM 46001 CHN-UNICOM UNICOM 46001  UMTS HSPA CSS not supported -1 -1 RoamInd=-1 DefRoamInd=-1 EmergOnly=false IsDataRoamingFromRegistration=false IsUsingCarrierAggregation=false mRilImsRadioTechnology=0] oldMaxDataCalls=20 mNewMaxDataCalls=20 oldReasonDataDenied=-1 mNewReasonDataDenied=-1
09-27 15:13:04.088  2249  3218 D QtiGsmDCT: [1]setPolicyDataEnabled: true
09-27 15:13:04.090  2249  2249 D QtiGsmDCT: [1]QtiDcTracker handleMessage msg={ when=-2ms what=270368 arg1=1 target=com.qualcomm.qti.internal.telephony.dataconnection.QtiDcTracker }
09-27 15:13:04.090  2249  2249 D CdmaSSM : subscriptionSource from settings: 0
09-27 15:13:04.134  2249  2261 D SubscriptionController: [getActiveSubscriptionInfo]+ subId=2 subInfo={id=2, iccId=89860116831014056097 simSlotIndex=1 displayName=UNICOM carrierName=UNICOM nameSource=0 iconTint=-16746133 dataRoaming=0 iconBitmap=android.graphics.Bitmap@1657ecf mcc 460 mnc 1}
09-27 15:13:04.142  2249  2249 D SubscriptionController: [getActiveSubscriptionInfoForSimSlotIndex]+ slotIdx=1 subId={id=2, iccId=89860116831014056097 simSlotIndex=1 displayName=UNICOM carrierName=UNICOM nameSource=0 iconTint=-16746133 dataRoaming=0 iconBitmap=android.graphics.Bitmap@1c39f65 mcc 460 mnc 1}
09-27 15:13:04.143  2249  3218 D SubscriptionController: [getSubId]- numSubIds == 0, return DummySubIds slotIdx=0
09-27 15:13:04.167  2249  8717 D SubscriptionController: [getActiveSubscriptionInfo]+ subId=2 subInfo={id=2, iccId=89860116831014056097 simSlotIndex=1 displayName=UNICOM carrierName=UNICOM nameSource=0 iconTint=-16746133 dataRoaming=0 iconBitmap=android.graphics.Bitmap@3b30648 mcc 460 mnc 1}
09-27 15:13:04.171  2249  2262 D SubscriptionController: [getSubId]- numSubIds == 0, return DummySubIds slotIdx=0
09-27 15:13:04.190  2249  8205 D SubscriptionController: [getActiveSubscriptionInfo]+ subId=2 subInfo={id=2, iccId=89860116831014056097 simSlotIndex=1 displayName=UNICOM carrierName=UNICOM nameSource=0 iconTint=-16746133 dataRoaming=0 iconBitmap=android.graphics.Bitmap@e5c78c7 mcc 460 mnc 1}
09-27 15:13:04.194  2249  8778 D SubscriptionController: [getSubId]- numSubIds == 0, return DummySubIds slotIdx=0
09-27 15:13:04.408  2249  2312 D RILJ    : Unsol response received for UNSOL_OEM_HOOK_RAW Sending ack to ril.cpp [SUB1]
09-27 15:13:04.408  2249  2312 V RILJ    : [UNSL]< UNSOL_OEM_HOOK_RAW 514f454d484f4f4bef0308000100000003 [SUB1]
09-27 15:13:04.409  2249  2249 D QtiGsmCdmaPhone: handleMessage: Event: 34
09-27 15:13:04.410  2249  2312 D RILJ    : Unsol response received for UNSOL_RESPONSE_VOICE_NETWORK_STATE_CHANGED Sending ack to ril.cpp [SUB1]
09-27 15:13:04.411  2249  2312 D RILJ    : [UNSL]< UNSOL_RESPONSE_VOICE_NETWORK_STATE_CHANGED [SUB1]
09-27 15:13:04.412  2249  2249 D RILJ    : [4369]> OPERATOR [SUB1]
09-27 15:13:04.414  2249  2249 D RILJ    : [4370]> DATA_REGISTRATION_STATE [SUB1]
09-27 15:13:04.416  2249  2249 D RILJ    : [4371]> VOICE_REGISTRATION_STATE [SUB1]
09-27 15:13:04.418  2249  2249 D RILJ    : [4372]> QUERY_NETWORK_SELECTION_MODE [SUB1]
09-27 15:13:04.421  2249  2249 D PhoneSwitcher: handle event - 110
09-27 15:13:04.427   939  9337 E RILQ    : (1/939): RIL[1][cmd-22(784)] qcril_cm_ss_convert_gsm8bit_alpha_string_to_utf8: Invalid parameters for GSM alphabet to UTF8 conversion, input len = 0
09-27 15:13:04.427   939  9337 E RILQ    : (1/939): RIL[1][cmd-22(784)] qcril_cm_ss_convert_gsm8bit_alpha_string_to_utf8: Invalid parameters for GSM alphabet to UTF8 conversion, input len = 0
09-27 15:13:04.430  2249  2312 D RILJ    : [4369]< OPERATOR {CHN-UNICOM, UNICOM, 46001} [SUB1]
09-27 15:13:04.434  2249  2312 D RILJ    : [4370]< DATA_REGISTRATION_STATE {1, a82c, 00b377da, 11, null, 20, null, null, null, null, null} [SUB1]
09-27 15:13:04.434  2249  2312 D RILJ    : [4372]< QUERY_NETWORK_SELECTION_MODE {0} [SUB1]
09-27 15:13:04.435  2249  2312 D RILJ    : [4371]< VOICE_REGISTRATION_STATE {1, a82c, 00b377da, 3, null, null, null, 0, null, null, 1, null, null, 0, e7} [SUB1]
09-27 15:13:04.435  2249  2249 D SST     : handlPollStateResultMessage: GsmSST setDataRegState=0 regState=1 dataRadioTechnology=11
09-27 15:13:04.436  2249  2249 D SST     : EVENT_POLL_STATE_NETWORK_SELECTION_MODE
09-27 15:13:04.439  2249  2249 D SST     : Poll ServiceState done:  oldSS=[0 0 voice home data home CHN-UNICOM UNICOM 46001 CHN-UNICOM UNICOM 46001  UMTS HSPA CSS not supported -1 -1 RoamInd=-1 DefRoamInd=-1 EmergOnly=false IsDataRoamingFromRegistration=false IsUsingCarrierAggregation=false mRilImsRadioTechnology=0] newSS=[0 0 voice home data home CHN-UNICOM UNICOM 46001 CHN-UNICOM UNICOM 46001  UMTS HSPA CSS not supported -1 -1 RoamInd=-1 DefRoamInd=-1 EmergOnly=false IsDataRoamingFromRegistration=false IsUsingCarrierAggregation=false mRilImsRadioTechnology=0] oldMaxDataCalls=20 mNewMaxDataCalls=20 oldReasonDataDenied=-1 mNewReasonDataDenied=-1
09-27 15:13:06.393  2249  8717 D RILJ    : [4373]> RIL_REQUEST_GET_CELL_INFO_LIST [SUB0]
09-27 15:13:06.403  2249  2308 D RilRequest: [4373]< RIL_REQUEST_GET_CELL_INFO_LIST error: com.android.internal.telephony.CommandException: SYSTEM_ERR ret=
09-27 15:13:06.404  2249  2249 D SST     : EVENT_GET_CELL_INFO_LIST: error ret null, e=com.android.internal.telephony.CommandException: SYSTEM_ERR
09-27 15:13:06.404  2249  8717 D SST     : SST.getAllCellInfo(): X size=0 list=null
09-27 15:13:06.405  2249  8717 D RILJ    : [4374]> RIL_REQUEST_GET_CELL_INFO_LIST [SUB1]
09-27 15:13:06.412  2249  2312 D RILJ    : [4374]< RIL_REQUEST_GET_CELL_INFO_LIST [CellInfoWcdma:{mRegistered=YES mTimeStampType=oem_ril mTimeStamp=1192891625844ns CellIdentityWcdma:{ mMcc=460 mMnc=1 mLac=43052 mCid=11761626 mPsc=231 mUarfcn=10663} CellSignalStrengthWcdma: ss=12 ber=99}] [SUB1]
09-27 15:13:06.413  2249  8717 D SST     : SST.getAllCellInfo(): return last, back to back calls
09-27 15:13:08.625  2249  2312 D RILJ    : Unsol response received for UNSOL_RESPONSE_CALL_STATE_CHANGED Sending ack to ril.cpp [SUB1]
09-27 15:13:08.625  2249  2312 D RILJ    : [UNSL]< UNSOL_RESPONSE_CALL_STATE_CHANGED [SUB1]
09-27 15:13:08.626  2249  2249 D RILJ    : [4376]> GET_CURRENT_CALLS [SUB1]
09-27 15:13:08.633   939   989 I RILQ    : (1/939):RIL[1][main] qcril_qmi_get_call_list_to_send: RILVI: calls rep:[qmi call id 1, android call id 1, qmi call state 1] reported/skipped 1/0 calls
09-27 15:13:08.636  2249  2312 V RILJ    : Incoming UUS : NOT present! [SUB1]
09-27 15:13:08.637  2249  2312 D RILJ    : InCall VoicePrivacy is disabled [SUB1]
09-27 15:13:08.637  2249  2312 D RILJ    : [4376]< GET_CURRENT_CALLS {[id=1,DIALING,toa=129,norm,mo,0,voc,noevp,,cli=1,,3] } [SUB1]
09-27 15:13:08.637  2249  2249 D GsmCdmaCallTracker: Event EVENT_POLL_CALLS_RESULT Received
09-27 15:13:08.638  2249  2249 D GsmCdmaConnection: [GsmCdmaConn] parent= DIALING, newParent= DIALING
09-27 15:13:08.638  2249  2249 D GsmCdmaConnection: [GsmCdmaConn]  mNumberConverted false
09-27 15:13:08.638  2249  2249 D GsmCdmaConnection: [GsmCdmaConn] --dssds----null
09-27 15:13:08.638  2249  2249 D GsmCdmaConnection: [GsmCdmaConn] update: parent=DIALING, hasNewParent=false, wasConnectingInOrOut=true, wasHolding=false, isConnectingInOrOut=true, changed=false
09-27 15:13:08.639  2249  2249 D GsmCdmaCallTracker: [GsmCdmaCallTracker] update phone state, old=OFFHOOK new=OFFHOOK
09-27 15:13:09.080   939  1023 I RILQ    : (1/939):RIL[1][event] qcril_qmi_voice_all_call_status_ind_hdlr: call state ALERTING for conn id 1
09-27 15:13:09.083   939  1023 I RILQ    : (1/939):RIL[1][event] qcril_qmi_voice_all_call_status_ind_hdlr: RILVIMS: update 1 calls[a-c-id: 1, q-c-id 1, c-s 1 -> 5]
09-27 15:13:09.084   939  1023 I RILQ    : (1/939):RIL[1][event] qcril_qmi_voice_all_call_status_ind_hdlr: call state ALERTING for conn id 1
09-27 15:13:09.086   939  1023 I RILQ    : (1/939):RIL[1][event] qcril_qmi_voice_all_call_status_ind_hdlr: RILVIMS: update 1 calls[a-c-id: 1, q-c-id 1, c-s 5 -> 5]
09-27 15:13:09.088  2249  2312 D RILJ    : Unsol response received for UNSOL_RESPONSE_CALL_STATE_CHANGED Sending ack to ril.cpp [SUB1]
09-27 15:13:09.088  2249  2312 D RILJ    : [UNSL]< UNSOL_RESPONSE_CALL_STATE_CHANGED [SUB1]
09-27 15:13:09.088  2249  2249 D RILJ    : [4378]> GET_CURRENT_CALLS [SUB1]
09-27 15:13:09.090  2249  2312 D RILJ    : Unsol response received for UNSOL_OEM_HOOK_RAW Sending ack to ril.cpp [SUB1]
09-27 15:13:09.090  2249  2312 V RILJ    : [UNSL]< UNSOL_OEM_HOOK_RAW 514f454d484f4f4bf70308002a000000767369643d3239373831363036343b63616c6c5f73746174653d323b63616c6c5f747970653d554d5453 [SUB1]
09-27 15:13:09.091  2249  2249 D QtiGsmCdmaPhone: handleMessage: Event: 34
09-27 15:13:09.091  2249  2312 D RILJ    : Unsol response received for UNSOL_RESPONSE_CALL_STATE_CHANGED Sending ack to ril.cpp [SUB1]
09-27 15:13:09.091  2249  2312 D RILJ    : [UNSL]< UNSOL_RESPONSE_CALL_STATE_CHANGED [SUB1]
09-27 15:13:09.092   939   989 I RILQ    : (1/939):RIL[1][main] qcril_qmi_get_call_list_to_send: RILVI: calls rep:[qmi call id 1, android call id 1, qmi call state 5] reported/skipped 1/0 calls
09-27 15:13:09.094  2249  2312 D RILJ    : Unsol response received for UNSOL_OEM_HOOK_RAW Sending ack to ril.cpp [SUB1]
09-27 15:13:09.094  2249  2312 V RILJ    : [UNSL]< UNSOL_OEM_HOOK_RAW 514f454d484f4f4bf70308002a000000767369643d3239373831363036343b63616c6c5f73746174653d323b63616c6c5f747970653d554d5453 [SUB1]
09-27 15:13:09.095  2249  2249 D RILJ    : [4382]> GET_CURRENT_CALLS [SUB1]
09-27 15:13:09.095  2249  2312 V RILJ    : Incoming UUS : NOT present! [SUB1]
09-27 15:13:09.095  2249  2312 D RILJ    : InCall VoicePrivacy is disabled [SUB1]
09-27 15:13:09.095  2249  2312 D RILJ    : [4378]< GET_CURRENT_CALLS {[id=1,ALERTING,toa=129,norm,mo,0,voc,noevp,,cli=1,,3] } [SUB1]
09-27 15:13:09.097  2249  2249 D QtiGsmCdmaPhone: handleMessage: Event: 34
09-27 15:13:09.098   939   989 I RILQ    : (1/939):RIL[1][main] qcril_qmi_get_call_list_to_send: RILVI: calls rep:[qmi call id 1, android call id 1, qmi call state 5] reported/skipped 1/0 calls
09-27 15:13:09.098  2249  2249 D GsmCdmaCallTracker: Event EVENT_POLL_CALLS_RESULT Received
09-27 15:13:09.099  2249  2312 V RILJ    : Incoming UUS : NOT present! [SUB1]
09-27 15:13:09.099  2249  2312 D RILJ    : InCall VoicePrivacy is disabled [SUB1]
09-27 15:13:09.099  2249  2312 D RILJ    : [4382]< GET_CURRENT_CALLS {[id=1,ALERTING,toa=129,norm,mo,0,voc,noevp,,cli=1,,3] } [SUB1]
09-27 15:13:09.099  2249  2249 D GsmCdmaCallTracker: Event EVENT_POLL_CALLS_RESULT Received
09-27 15:13:09.099  2249  2249 D GsmCdmaConnection: [GsmCdmaConn] parent= DIALING, newParent= DIALING
09-27 15:13:09.099  2249  2249 D GsmCdmaConnection: [GsmCdmaConn]  mNumberConverted false
09-27 15:13:09.099  2249  2249 D GsmCdmaConnection: [GsmCdmaConn] --dssds----null
09-27 15:13:09.100  2249  2249 D GsmCdmaConnection: [GsmCdmaConn] update: parent=ALERTING, hasNewParent=false, wasConnectingInOrOut=true, wasHolding=false, isConnectingInOrOut=true, changed=true
09-27 15:13:09.100  2249  2249 D GsmCdmaCallTracker: [GsmCdmaCallTracker] update phone state, old=OFFHOOK new=OFFHOOK
09-27 15:13:09.105  2249  2249 W PhoneNumberUtils: getCountryIso Country {ISO=CN, source=0, time=182434}
09-27 15:13:09.105  2249  2249 W PhoneNumberUtils: isLocalEmergencyNumberInternalCN
09-27 15:13:09.107  2249  2249 D PhoneNumberUtils: slotId:1 subId:2 country:CN useExactMatch:true emergencyNumbers: 112,000,08,118,122,911,999,119,120,110,*911,#911
09-27 15:13:09.112  2249  2249 D PhoneNumberUtils: slotId:1 subId:2 country:null useExactMatch:true emergencyNumbers: 112,000,08,118,122,911,999,119,120,110,*911,#911
09-27 15:13:09.575  2249  2312 D RILJ    : Unsol response received for UNSOL_OEM_HOOK_RAW Sending ack to ril.cpp [SUB1]
09-27 15:13:09.576  2249  2312 V RILJ    : [UNSL]< UNSOL_OEM_HOOK_RAW 514f454d484f4f4bef0308000100000003 [SUB1]
09-27 15:13:09.576  2249  2249 D QtiGsmCdmaPhone: handleMessage: Event: 34
09-27 15:13:09.580  2249  2312 D RILJ    : Unsol response received for UNSOL_RESPONSE_VOICE_NETWORK_STATE_CHANGED Sending ack to ril.cpp [SUB1]
09-27 15:13:09.580  2249  2312 D RILJ    : [UNSL]< UNSOL_RESPONSE_VOICE_NETWORK_STATE_CHANGED [SUB1]
09-27 15:13:09.580  2249  2249 D RILJ    : [4385]> OPERATOR [SUB1]
09-27 15:13:09.583  2249  2249 D RILJ    : [4386]> DATA_REGISTRATION_STATE [SUB1]
09-27 15:13:09.586  2249  2249 D RILJ    : [4387]> VOICE_REGISTRATION_STATE [SUB1]
09-27 15:13:09.588  2249  2249 D RILJ    : [4388]> QUERY_NETWORK_SELECTION_MODE [SUB1]
09-27 15:13:09.591  2249  2249 D PhoneSwitcher: handle event - 110
09-27 15:13:09.596   939  9363 E RILQ    : (1/939): RIL[1][cmd-22(784)] qcril_cm_ss_convert_gsm8bit_alpha_string_to_utf8: Invalid parameters for GSM alphabet to UTF8 conversion, input len = 0
09-27 15:13:09.596   939  9363 E RILQ    : (1/939): RIL[1][cmd-22(784)] qcril_cm_ss_convert_gsm8bit_alpha_string_to_utf8: Invalid parameters for GSM alphabet to UTF8 conversion, input len = 0
09-27 15:13:09.599  2249  2312 D RILJ    : [4385]< OPERATOR {CHN-UNICOM, UNICOM, 46001} [SUB1]
09-27 15:13:09.600  2249  2312 D RILJ    : [4387]< VOICE_REGISTRATION_STATE {1, a82c, 00b377da, 3, null, null, null, 0, null, null, 1, null, null, 0, e7} [SUB1]
09-27 15:13:09.602  2249  2312 D RILJ    : [4388]< QUERY_NETWORK_SELECTION_MODE {0} [SUB1]
09-27 15:13:09.602  2249  2249 D SST     : EVENT_POLL_STATE_NETWORK_SELECTION_MODE
09-27 15:13:09.603  2249  2312 D RILJ    : [4386]< DATA_REGISTRATION_STATE {1, a82c, 00b377da, 11, null, 20, null, null, null, null, null} [SUB1]
09-27 15:13:09.604  2249  2249 D SST     : handlPollStateResultMessage: GsmSST setDataRegState=0 regState=1 dataRadioTechnology=11
09-27 15:13:09.607  2249  2249 D SST     : Poll ServiceState done:  oldSS=[0 0 voice home data home CHN-UNICOM UNICOM 46001 CHN-UNICOM UNICOM 46001  UMTS HSPA CSS not supported -1 -1 RoamInd=-1 DefRoamInd=-1 EmergOnly=false IsDataRoamingFromRegistration=false IsUsingCarrierAggregation=false mRilImsRadioTechnology=0] newSS=[0 0 voice home data home CHN-UNICOM UNICOM 46001 CHN-UNICOM UNICOM 46001  UMTS HSPA CSS not supported -1 -1 RoamInd=-1 DefRoamInd=-1 EmergOnly=false IsDataRoamingFromRegistration=false IsUsingCarrierAggregation=false mRilImsRadioTechnology=0] oldMaxDataCalls=20 mNewMaxDataCalls=20 oldReasonDataDenied=-1 mNewReasonDataDenied=-1
09-27 15:13:11.581  2249  2312 D RILJ    : Unsol response received for UNSOL_DATA_CALL_LIST_CHANGED Sending ack to ril.cpp [SUB1]
09-27 15:13:11.581  2249  2312 D RILJ    : responseDataCallList ver=11 num=1 [SUB1]
09-27 15:13:11.582  2249  2312 D RILJ    : [UNSL]< UNSOL_DATA_CALL_LIST_CHANGED [DataCallResponse: {version=11 status=0 retry=-1 cid=0 active=2 type=IPV4V6 ifname=rmnet_data0 mtu=1500 addresses=[172.24.46.230/30] dnses=[112.65.184.255,210.22.84.3] gateways=[172.24.46.229] pcscf=[]}] [SUB1]
09-27 15:13:11.582  2249  2249 D QtiGsmDCT: [1]QtiDcTracker handleMessage msg={ when=0 what=270340 obj=android.os.AsyncResult@b163ef4 target=com.qualcomm.qti.internal.telephony.dataconnection.QtiDcTracker }
09-27 15:13:11.590  2249  2312 D RILJ    : Unsol response received for UNSOL_OEM_HOOK_RAW Sending ack to ril.cpp [SUB1]
09-27 15:13:11.590  2249  2312 V RILJ    : [UNSL]< UNSOL_OEM_HOOK_RAW 514f454d484f4f4bef0308000100000003 [SUB1]
09-27 15:13:11.590  2249  2249 D QtiGsmCdmaPhone: handleMessage: Event: 34
09-27 15:13:11.591   939  1023 I RILQ    : (1/939):RIL[1][event] qcril_arb_set_dsd_sys_status: old_pref_data 1966186088 - new_data_pref 1966186032
09-27 15:13:11.591   939  1023 I RILQ    : (1/939):RIL[1][event] qcril_arb_set_dsd_sys_status: preferred dsd_sys_status nw=0x0, rat_value=0x1, so_mask=0x000000000000002d
09-27 15:13:11.591   939  1023 I RILQ    : (1/939):RIL[1][event] qcril_arb_set_dsd_sys_status: preferred 1 - dsd_sys_status nw=0x0, rat_value=0x1, so_mask=0x000000000000002d
09-27 15:13:11.591   939  1023 I RILQ    : (1/939):RIL[1][event] qcril_arb_set_dsd_sys_status: is_wwan_available 0
09-27 15:13:11.593  2249  2312 D RILJ    : Unsol response received for UNSOL_RESPONSE_VOICE_NETWORK_STATE_CHANGED Sending ack to ril.cpp [SUB1]
09-27 15:13:11.594  2249  2312 D RILJ    : [UNSL]< UNSOL_RESPONSE_VOICE_NETWORK_STATE_CHANGED [SUB1]
09-27 15:13:11.594  2249  2249 D RILJ    : [4392]> OPERATOR [SUB1]
09-27 15:13:11.596  2249  2434 D Dcc     : onDataStateChanged: dcsList=[DataCallResponse: {version=11 status=0 retry=-1 cid=0 active=2 type=IPV4V6 ifname=rmnet_data0 mtu=1500 addresses=[172.24.46.230/30] dnses=[112.65.184.255,210.22.84.3] gateways=[172.24.46.229] pcscf=[]}] mDcListActiveByCid={0={DC-2: State=DcActiveState mApnSetting=[ApnSettingV3] , 413, 46001, 3gnet, , , , , , -1, default | supl, IPV4V6, IPV4V6, true, 0, 0, 0, false, 0, 0, 0, 0, , , false RefCount=1 mCid=0 mCreateTime=-1 mLastastFailTime=-1 mLastFailCause=NONE mTag=8 mLinkProperties={InterfaceName: rmnet_data0 LinkAddresses: [172.24.46.230/30,]  Routes: [0.0.0.0/0 -> 172.24.46.229 rmnet_data0,] DnsAddresses: [112.65.184.255,210.22.84.3,] Domains: null MTU: 1500 TcpBufferSizes: 4094,87380,1220608,4096,16384,1220608} linkCapabilities=[ Transports: CELLULAR Capabilities: SUPL&INTERNET&NOT_RESTRICTED&TRUSTED&NOT_VPN LinkUpBandwidth>=5898Kbps LinkDnBandwidth>=14336Kbps Specifier: <2>] mRestrictedNetworkOverride=false mApnContexts={{mApnType=default mState=CONNECTED mWaitingApns={[[ApnSettingV3] , 413, 46001, 3gnet, , , , , , -1, default | supl, IPV4V6, IPV4V6, true, 0, 0, 0, false, 0, 0, 0, 0, , , false, [ApnSettingV3] , 414, 46001, 3gwap, 10.0.0.172, http://mmsc.myuni.com.cn, 10.0.0.172, 80, 80, -1, default | supl | mms, IPV4V6, IPV4V6, true, 0, 0, 0, false, 0, 0, 0, 0, , , false]} mApnSetting={[ApnSettingV3] , 413, 46001, 3gnet, , , , , , -1, default | supl, IPV4V6, IPV4V6, true, 0, 0, 0, false, 0, 0, 0, 0, , , false} mReason=simLoaded mDataEnabled=true mDependencyMet=true}={mTag=8 mApnContext={mApnType=default mState=CONNECTED mWaitingApns={[[ApnSettingV3] , 413, 46001, 3gnet, , , , , , -1, default | supl, IPV4V6, IPV4V6, true, 0, 0, 0, false, 0, 0, 0, 0, , , false, [ApnSettingV3] , 414, 46001, 3gwap, 10.0.0.172, http://mmsc.myuni.com.cn, 10.0.0.172, 80, 80, -1, default | supl | mms, IPV4V6, IPV4V6, true, 0, 0, 0, false, 0, 0, 0, 0, , , false]} mApnSetting={[ApnSettingV3] , 413, 46001, 3gnet, , , , , , -1, default | supl, IPV4V6, IPV4V6, true, 0, 0, 0, false, 0, 0, 0, 0, , , false} mReason=simLoaded mDataEnabled=true mDependencyMet=true} mProfileId=0 mRat=14 mOnCompletedMsg={what=0x42000 when=-19m58s76ms obj=Pair{{mApnType=default mState=CONNECTED mWaitingApns={[[ApnSettingV3] , 413, 46001, 3gnet, , , , , , -1, default | supl, IPV4V6, IPV4V6, true, 0, 0, 0, false, 0, 0, 0, 0, , , false, [ApnSettingV3] , 414, 46001, 3gwap, 10.0.0.172, http://mmsc.myuni.com.cn, 10.0.0.172, 80, 80, -1, default | supl | mms, IPV4V6, IPV4V6, true, 0, 0, 0, false, 0, 0, 0, 0, , , false]} mApnSetting={[ApnSettingV3] , 413, 46001, 3gnet, , , , , , -1, default | supl, IPV4V6, IPV4V6, true, 0, 0, 0, false, 0, 0, 0, 0, , , false} mReason=simLoaded mDataEnabled=true mDependencyMet=true} 4} target=Handler (com.qualcomm.qti.internal.telephony.dataconnection.QtiDcTracker) {569093f} replyTo=null}}}}}
09-27 15:13:11.597  2249  2434 D Dcc     : onDataStateChanged: dcsToRetry=[]
09-27 15:13:11.597  2249  2434 D Dcc     : onDataStateChanged: Found ConnId=0 newState=DataCallResponse: {version=11 status=0 retry=-1 cid=0 active=2 type=IPV4V6 ifname=rmnet_data0 mtu=1500 addresses=[172.24.46.230/30] dnses=[112.65.184.255,210.22.84.3] gateways=[172.24.46.229] pcscf=[]}
09-27 15:13:11.598  2249  2434 D DataCallResponse: addr/pl=172.24.46.230/30
09-27 15:13:11.598  2249  2312 D RILJ    : Unsol response received for UNSOL_OEM_HOOK_RAW Sending ack to ril.cpp [SUB1]
09-27 15:13:11.598  2249  2312 V RILJ    : [UNSL]< UNSOL_OEM_HOOK_RAW 514f454d484f4f4bfa0308000100000000 [SUB1]
09-27 15:13:11.599  2249  2249 D RILJ    : [4394]> DATA_REGISTRATION_STATE [SUB1]
09-27 15:13:11.602  2249  2312 D RILJ    : Unsol response received for UNSOL_RESPONSE_VOICE_NETWORK_STATE_CHANGED Sending ack to ril.cpp [SUB1]
09-27 15:13:11.602  2249  2312 D RILJ    : [UNSL]< UNSOL_RESPONSE_VOICE_NETWORK_STATE_CHANGED [SUB1]
09-27 15:13:11.602  2249  2249 D RILJ    : [4396]> VOICE_REGISTRATION_STATE [SUB1]
09-27 15:13:11.603  2249  2434 D DC-2    : MTU set by call response to: 1500
09-27 15:13:11.604  2249  2249 D RILJ    : [4397]> QUERY_NETWORK_SELECTION_MODE [SUB1]
09-27 15:13:11.606  2249  2249 D QtiGsmCdmaPhone: handleMessage: Event: 34
09-27 15:13:11.608  2249  2434 D Dcc     : onDataStateChanged: no change
09-27 15:13:11.608  2249  2434 D Dcc     : onDataStateChanged: Data Activity updated to NONE. isAnyDataCallActive = true isAnyDataCallDormant = false
09-27 15:13:11.608  2249  2434 D Dcc     : onDataStateChanged: dcsToRetry=[] apnsToCleanup=[]
09-27 15:13:11.611   939  9369 E RILQ    : (1/939): RIL[1][cmd-22(784)] qcril_cm_ss_convert_gsm8bit_alpha_string_to_utf8: Invalid parameters for GSM alphabet to UTF8 conversion, input len = 0
09-27 15:13:11.611   939  9369 E RILQ    : (1/939): RIL[1][cmd-22(784)] qcril_cm_ss_convert_gsm8bit_alpha_string_to_utf8: Invalid parameters for GSM alphabet to UTF8 conversion, input len = 0
09-27 15:13:11.611  2249  2249 D RILJ    : [4398]> OPERATOR [SUB1]
09-27 15:13:11.613  2249  2249 D RILJ    : [4399]> DATA_REGISTRATION_STATE [SUB1]
09-27 15:13:11.615  2249  2249 D RILJ    : [4400]> VOICE_REGISTRATION_STATE [SUB1]
09-27 15:13:11.618  2249  2312 D RILJ    : [4397]< QUERY_NETWORK_SELECTION_MODE {0} [SUB1]
09-27 15:13:11.625  2249  2312 D RILJ    : [4392]< OPERATOR {CHN-UNICOM, UNICOM, 46001} [SUB1]
09-27 15:13:11.626  2249  2312 D RILJ    : [4398]< OPERATOR {CHN-UNICOM, UNICOM, 46001} [SUB1]
09-27 15:13:11.626  2249  2312 D RILJ    : [4396]< VOICE_REGISTRATION_STATE {1, a82c, 00b377da, 3, null, null, null, 0, null, null, 1, null, null, 0, e7} [SUB1]
09-27 15:13:11.626  2249  2312 D RILJ    : [4394]< DATA_REGISTRATION_STATE {1, a82c, 00b377da, 15, null, 20, null, null, null, null, null} [SUB1]
09-27 15:13:11.627  2249  2312 D RILJ    : [4399]< DATA_REGISTRATION_STATE {1, a82c, 00b377da, 15, null, 20, null, null, null, null, null} [SUB1]
09-27 15:13:11.628  2249  2249 D RILJ    : [4401]> QUERY_NETWORK_SELECTION_MODE [SUB1]
09-27 15:13:11.631  2249  2249 D QtiGsmDCT: [1]QtiDcTracker handleMessage msg={ when=-23ms what=270376 arg1=1 obj=NONE target=com.qualcomm.qti.internal.telephony.dataconnection.QtiDcTracker }
09-27 15:13:11.631  2249  2249 D QtiGsmDCT: [1]startNetStatPoll
09-27 15:13:11.634  2249  2312 D RILJ    : [4400]< VOICE_REGISTRATION_STATE {1, a82c, 00b377da, 3, null, null, null, 0, null, null, 1, null, null, 0, e7} [SUB1]
09-27 15:13:11.635  2249  2312 D RILJ    : [4401]< QUERY_NETWORK_SELECTION_MODE {0} [SUB1]
09-27 15:13:11.656  2249  2249 D QtiGsmDCT: [1]setActivity = NONE
09-27 15:13:11.660  2249  2249 D SST     : EVENT_POLL_STATE_NETWORK_SELECTION_MODE
09-27 15:13:11.661  2249  2249 D SST     : handlPollStateResultMessage: GsmSST setDataRegState=0 regState=1 dataRadioTechnology=15
09-27 15:13:11.662  2249  2249 D SST     : EVENT_POLL_STATE_NETWORK_SELECTION_MODE
09-27 15:13:11.664  2249  2249 D SST     : Poll ServiceState done:  oldSS=[0 0 voice home data home CHN-UNICOM UNICOM 46001 CHN-UNICOM UNICOM 46001  UMTS HSPA CSS not supported -1 -1 RoamInd=-1 DefRoamInd=-1 EmergOnly=false IsDataRoamingFromRegistration=false IsUsingCarrierAggregation=false mRilImsRadioTechnology=0] newSS=[0 0 voice home data home CHN-UNICOM UNICOM 46001 CHN-UNICOM UNICOM 46001  UMTS HSPAP CSS not supported -1 -1 RoamInd=-1 DefRoamInd=-1 EmergOnly=false IsDataRoamingFromRegistration=false IsUsingCarrierAggregation=false mRilImsRadioTechnology=0] oldMaxDataCalls=20 mNewMaxDataCalls=20 oldReasonDataDenied=-1 mNewReasonDataDenied=-1
09-27 15:13:11.664  2249  2249 D TelephonyManager: setTelephonyProperty: success phoneId=1 property=gsm.network.type value: HSPAP propVal=Unknown,HSPAP
09-27 15:13:11.668  2249  2249 D SIMRecords: [SIMRecords] getServiceProviderName: no brandOverride, providerName=UNICOM
09-27 15:13:11.668  2249  2249 D SIMRecords: [SIMRecords] getServiceProviderName: no brandOverride, providerName=UNICOM
09-27 15:13:11.669  2249  2249 D TelephonyManager: setTelephonyProperty: success phoneId=1 property=gsm.operator.alpha value: CHN-UNICOM propVal=,CHN-UNICOM
09-27 15:13:11.670  2249  2249 D TelephonyManager: setTelephonyProperty: success phoneId=1 property=gsm.operator.numeric value: 46001 propVal=,46001
09-27 15:13:11.671  2249  2249 D TelephonyManager: setTelephonyProperty: success phoneId=1 property=gsm.operator.iso-country value: cn propVal=,cn
09-27 15:13:11.672  2249  2249 D SST     : pollStateDone: there are 2 unique offsets for iso-cc='cn testOneUniqueOffsetPath=false', do nothing
09-27 15:13:11.672  2249  2249 D SST     : shouldFixTimeZoneNow: retVal=false iccCardExist=true operatorNumeric=46001 mcc=460 prevOperatorNumeric=46001 prevMcc=460 needToFixTimeZone=false ltod=09-27 15:13:11.672
09-27 15:13:11.672  2249  2249 D TelephonyManager: setTelephonyProperty: success phoneId=1 property=gsm.operator.isroaming value: false propVal=false,false
09-27 15:13:11.676  2249  2249 D SST     : Broadcasting ServiceState : 0 0 voice home data home CHN-UNICOM UNICOM 46001 CHN-UNICOM UNICOM 46001  UMTS HSPAP CSS not supported -1 -1 RoamInd=-1 DefRoamInd=-1 EmergOnly=false IsDataRoamingFromRegistration=false IsUsingCarrierAggregation=false mRilImsRadioTechnology=0
09-27 15:13:11.676  2249  2249 D DefaultPhoneNotifier: nofityServiceState: mRegistry=com.android.internal.telephony.ITelephonyRegistry$Stub$Proxy@f25c375 ss=0 0 voice home data home CHN-UNICOM UNICOM 46001 CHN-UNICOM UNICOM 46001  UMTS HSPAP CSS not supported -1 -1 RoamInd=-1 DefRoamInd=-1 EmergOnly=false IsDataRoamingFromRegistration=false IsUsingCarrierAggregation=false mRilImsRadioTechnology=0 sender=Handler (com.qualcomm.qti.internal.telephony.QtiGsmCdmaPhone) {83d56a2} phondId=1 subId=2
09-27 15:13:11.681  2249  2261 D GsmCdmaPhone: [GsmCdmaPhone] getDataConnectionState apnType=default ret=CONNECTED
09-27 15:13:11.690  2249  2249 D SST     : notifyDataRegStateRilRadioTechnologyChanged: drs=0 rat=15
09-27 15:13:11.690  2249  2249 D TelephonyManager: setTelephonyProperty: success phoneId=1 property=gsm.network.type value: HSPAP propVal=Unknown,HSPAP
09-27 15:13:11.691  2249  2434 D DC-1    : DcInactiveState nothandled msg.what=EVENT_DATA_CONNECTION_DRS_OR_RAT_CHANGED
09-27 15:13:11.691  2249  2249 D QtiGsmDCT: [1]get all active apn types
09-27 15:13:11.691  2249  2434 D DC-1    : DcDefault msg=EVENT_DATA_CONNECTION_DRS_OR_RAT_CHANGED RefCount=0
09-27 15:13:11.691  2249  2249 D GsmCdmaPhone: [GsmCdmaPhone] getDataConnectionState apnType=default ret=CONNECTED
09-27 15:13:11.691  2249  2434 D DC-1    : DcDefaultState: EVENT_DATA_CONNECTION_DRS_OR_RAT_CHANGED drs=0 mRilRat=15
09-27 15:13:11.691  2249  2434 D DC-2    : DcActiveState not handled msg.what=EVENT_DATA_CONNECTION_DRS_OR_RAT_CHANGED
09-27 15:13:11.691  2249  2434 D DC-2    : DcDefault msg=EVENT_DATA_CONNECTION_DRS_OR_RAT_CHANGED RefCount=1
09-27 15:13:11.691  2249  2434 D DC-2    : DcDefaultState: EVENT_DATA_CONNECTION_DRS_OR_RAT_CHANGED drs=0 mRilRat=15
09-27 15:13:11.694  2249  2249 D QtiGsmDCT: [1]return link properites for default
09-27 15:13:11.696  2249  2434 D DC-2    : DcActiveState not handled msg.what=REQ_GET_LINK_PROPERTIES
09-27 15:13:11.696  2249  2434 D DC-2    : DcDefault msg=REQ_GET_LINK_PROPERTIES RefCount=1
09-27 15:13:11.697  2249  2434 D DC-2    : REQ_GET_LINK_PROPERTIES linkProperties{InterfaceName: rmnet_data0 LinkAddresses: [172.24.46.230/30,]  Routes: [0.0.0.0/0 -> 172.24.46.229 rmnet_data0,] DnsAddresses: [112.65.184.255,210.22.84.3,] Domains: null MTU: 1500 TcpBufferSizes: 4094,87380,1220608,4096,16384,1220608}
09-27 15:13:11.698  2249  2249 D QtiGsmDCT: [1]get active pdp is not null, return NetworkCapabilities for default
09-27 15:13:11.698  2249  2434 D DC-2    : DcActiveState not handled msg.what=REQ_GET_NETWORK_CAPABILITIES
09-27 15:13:11.698  2249  2434 D DC-2    : DcDefault msg=REQ_GET_NETWORK_CAPABILITIES RefCount=1
09-27 15:13:11.703  2249  2434 D DC-2    : REQ_GET_NETWORK_CAPABILITIES networkCapabilities[ Transports: CELLULAR Capabilities: SUPL&INTERNET&NOT_RESTRICTED&TRUSTED&NOT_VPN LinkUpBandwidth>=11264Kbps LinkDnBandwidth>=43008Kbps Specifier: <2>]
09-27 15:13:11.704  2249  2249 D CdmaSSM : subscriptionSource from settings: 0
09-27 15:13:11.708  1774  2835 D TelephonyRegistry: Notify data connection state changed on sub: 2
09-27 15:13:11.708  1774  2835 D TelephonyRegistry: Notify data connection state changed on sub: 2
09-27 15:13:11.709  1774  2835 D TelephonyRegistry: Notify data connection state changed on sub: 2
09-27 15:13:11.715  2249  2249 D PhoneSwitcher: handle event - 110
09-27 15:13:11.716  2249  2249 D PhoneSwitcher: handle event - 110
09-27 15:13:11.717  2249  2249 D ImsPhone: handleMessage what=52
09-27 15:13:11.717  2249  2249 D QtiGsmDCT: [1]QtiDcTracker handleMessage msg={ when=-26ms what=270377 obj=android.os.AsyncResult@45f561d target=com.qualcomm.qti.internal.telephony.dataconnection.QtiDcTracker }
09-27 15:13:11.717  2249  2249 D QtiGsmDCT: [1]setupDataOnConnectableApns: nwTypeChanged emergency:[state=IDLE,enabled=false] mms:[state=IDLE,enabled=false] supl:[state=IDLE,enabled=false] hipri:[state=IDLE,enabled=false] dun:[state=IDLE,enabled=false] fota:[state=IDLE,enabled=false] ims:[state=IDLE,enabled=false] default:[state=CONNECTED,enabled=true] cbs:[state=IDLE,enabled=false] 
09-27 15:13:11.718  2249  2249 D ImsPhone: handleMessage what=51
09-27 15:13:11.718  2249  2249 D ImsPhone: EVENT_DEFAULT_PHONE_DATA_STATE_CHANGED
09-27 15:13:11.718  2249  2249 D ImsPhone: updateDataServiceState: defSs = 0 0 voice home data home CHN-UNICOM UNICOM 46001 CHN-UNICOM UNICOM 46001  UMTS HSPAP CSS not supported -1 -1 RoamInd=-1 DefRoamInd=-1 EmergOnly=false IsDataRoamingFromRegistration=false IsUsingCarrierAggregation=false mRilImsRadioTechnology=0 imsSs = 1 0 voice home data home null null null null null null  Unknown HSPAP CSS not supported -1 -1 RoamInd=-1 DefRoamInd=-1 EmergOnly=false IsDataRoamingFromRegistration=false IsUsingCarrierAggregation=false mRilImsRadioTechnology=0
09-27 15:13:11.718  2249  2249 D SubscriptionController: [getSubId]- numSubIds == 0, return DummySubIds slotIdx=0
09-27 15:13:11.737  2249  2332 D RILJ    : [4402]> RIL_REQUEST_GET_CELL_INFO_LIST [SUB0]
09-27 15:13:11.743  2249  2308 D RilRequest: [4402]< RIL_REQUEST_GET_CELL_INFO_LIST error: com.android.internal.telephony.CommandException: SYSTEM_ERR ret=
09-27 15:13:11.744  2249  2249 D SST     : EVENT_GET_CELL_INFO_LIST: error ret null, e=com.android.internal.telephony.CommandException: SYSTEM_ERR
09-27 15:13:11.744  2249  8778 D SubscriptionController: [getActiveSubscriptionInfo]+ subId=2 subInfo={id=2, iccId=89860116831014056097 simSlotIndex=1 displayName=UNICOM carrierName=UNICOM nameSource=0 iconTint=-16746133 dataRoaming=0 iconBitmap=android.graphics.Bitmap@11dda63 mcc 460 mnc 1}
09-27 15:13:11.745  2249  2332 D SST     : SST.getAllCellInfo(): X size=0 list=null
09-27 15:13:11.745  2249  2332 D RILJ    : [4403]> RIL_REQUEST_GET_CELL_INFO_LIST [SUB1]
09-27 15:13:11.751  2249  2312 D RILJ    : [4403]< RIL_REQUEST_GET_CELL_INFO_LIST [CellInfoWcdma:{mRegistered=YES mTimeStampType=oem_ril mTimeStamp=1198230522926ns CellIdentityWcdma:{ mMcc=460 mMnc=1 mLac=43052 mCid=11761626 mPsc=231 mUarfcn=10663} CellSignalStrengthWcdma: ss=10 ber=99}] [SUB1]
09-27 15:13:11.754  2249  2332 D SST     : SST.getAllCellInfo(): return last, back to back calls
09-27 15:13:11.768  2249  2564 D SubscriptionController: [getActiveSubscriptionInfo]+ subId=2 subInfo={id=2, iccId=89860116831014056097 simSlotIndex=1 displayName=UNICOM carrierName=UNICOM nameSource=0 iconTint=-16746133 dataRoaming=0 iconBitmap=android.graphics.Bitmap@fd743de mcc 460 mnc 1}
09-27 15:13:11.773  2249  8717 D SubscriptionController: [getSubId]- numSubIds == 0, return DummySubIds slotIdx=0
09-27 15:13:11.792  2249  2261 D SubscriptionController: [getActiveSubscriptionInfo]+ subId=2 subInfo={id=2, iccId=89860116831014056097 simSlotIndex=1 displayName=UNICOM carrierName=UNICOM nameSource=0 iconTint=-16746133 dataRoaming=0 iconBitmap=android.graphics.Bitmap@98fbfea mcc 460 mnc 1}
09-27 15:13:11.795  2249  2331 D SubscriptionController: [getSubId]- numSubIds == 0, return DummySubIds slotIdx=0
09-27 15:13:11.815  2249  2262 D SubscriptionController: [getActiveSubscriptionInfo]+ subId=2 subInfo={id=2, iccId=89860116831014056097 simSlotIndex=1 displayName=UNICOM carrierName=UNICOM nameSource=0 iconTint=-16746133 dataRoaming=0 iconBitmap=android.graphics.Bitmap@fd8b051 mcc 460 mnc 1}
09-27 15:13:11.822  2249  2565 D SubscriptionController: [getSubId]- numSubIds == 0, return DummySubIds slotIdx=0
09-27 15:13:13.723   939  1023 I RILQ    : (1/939):RIL[1][event] qcril_qmi_voice_all_call_status_ind_hdlr: call state CONVERSATION for conn id 1
09-27 15:13:13.729  2249  2312 D RILJ    : Unsol response received for UNSOL_RESPONSE_CALL_STATE_CHANGED Sending ack to ril.cpp [SUB1]
09-27 15:13:13.730  2249  2312 D RILJ    : [UNSL]< UNSOL_RESPONSE_CALL_STATE_CHANGED [SUB1]
09-27 15:13:13.730  2249  2249 D RILJ    : [4405]> GET_CURRENT_CALLS [SUB1]
09-27 15:13:13.740   939  1023 I RILQ    : (1/939):RIL[1][event] qcril_qmi_voice_all_call_status_ind_hdlr: RILVIMS: update 1 calls[a-c-id: 1, q-c-id 1, c-s 5 -> 3]
09-27 15:13:13.741   939   989 I RILQ    : (1/939):RIL[1][main] qcril_qmi_get_call_list_to_send: RILVI: calls rep:[qmi call id 1, android call id 1, qmi call state 3] reported/skipped 1/0 calls
09-27 15:13:13.742  2249  2312 D RILJ    : Unsol response received for UNSOL_OEM_HOOK_RAW Sending ack to ril.cpp [SUB1]
09-27 15:13:13.742  2249  2312 V RILJ    : [UNSL]< UNSOL_OEM_HOOK_RAW 514f454d484f4f4bf70308002a000000767369643d3239373831363036343b63616c6c5f73746174653d323b63616c6c5f747970653d554d5453 [SUB1]
09-27 15:13:13.743  2249  2249 D QtiGsmCdmaPhone: handleMessage: Event: 34
09-27 15:13:13.743  2249  2312 V RILJ    : Incoming UUS : NOT present! [SUB1]
09-27 15:13:13.743  2249  2312 D RILJ    : InCall VoicePrivacy is disabled [SUB1]
09-27 15:13:13.743  2249  2312 D RILJ    : [4405]< GET_CURRENT_CALLS {[id=1,ACTIVE,toa=129,norm,mo,0,voc,noevp,,cli=1,,3] } [SUB1]
09-27 15:13:13.744  2249  2249 D GsmCdmaCallTracker: Event EVENT_POLL_CALLS_RESULT Received
09-27 15:13:13.745  2249  2249 D GsmCdmaConnection: [GsmCdmaConn] parent= ALERTING, newParent= ALERTING
09-27 15:13:13.745  2249  2249 D GsmCdmaConnection: [GsmCdmaConn]  mNumberConverted false
09-27 15:13:13.745  2249  2249 D GsmCdmaConnection: [GsmCdmaConn] --dssds----null
09-27 15:13:13.745  2249  2249 D GsmCdmaConnection: [GsmCdmaConn] update: parent=ACTIVE, hasNewParent=false, wasConnectingInOrOut=true, wasHolding=false, isConnectingInOrOut=false, changed=true
09-27 15:13:13.745  2249  2249 D GsmCdmaConnection: [GsmCdmaConn] onConnectedInOrOut: connectTime=1506496393745
09-27 15:13:13.745  2249  2249 D GsmCdmaConnection: [GsmCdmaConn] releaseWakeLock
09-27 15:13:13.748  2249  2249 D GsmCdmaCallTracker: [GsmCdmaCallTracker] update phone state, old=OFFHOOK new=OFFHOOK
09-27 15:13:13.755  2249  2249 W PhoneNumberUtils: getCountryIso Country {ISO=CN, source=0, time=182434}
09-27 15:13:13.755  2249  2249 W PhoneNumberUtils: isLocalEmergencyNumberInternalCN
09-27 15:13:13.756  2249  2249 D PhoneNumberUtils: slotId:1 subId:2 country:CN useExactMatch:true emergencyNumbers: 112,000,08,118,122,911,999,119,120,110,*911,#911
09-27 15:13:13.766  2249  2249 D PhoneNumberUtils: slotId:1 subId:2 country:null useExactMatch:true emergencyNumbers: 112,000,08,118,122,911,999,119,120,110,*911,#911
09-27 15:13:13.873  2249  2332 D SubscriptionController: [getActiveSubscriptionInfo]+ subId=2 subInfo={id=2, iccId=89860116831014056097 simSlotIndex=1 displayName=UNICOM carrierName=UNICOM nameSource=0 iconTint=-16746133 dataRoaming=0 iconBitmap=android.graphics.Bitmap@4414d24 mcc 460 mnc 1}
09-27 15:13:14.174  2249  2249 D SubscriptionController: [getActiveSubscriptionInfoForSimSlotIndex]+ slotIdx=1 subId={id=2, iccId=89860116831014056097 simSlotIndex=1 displayName=UNICOM carrierName=UNICOM nameSource=0 iconTint=-16746133 dataRoaming=0 iconBitmap=android.graphics.Bitmap@86a2253 mcc 460 mnc 1}
09-27 15:13:22.177  2249  8717 D RILJ    : [4407]> RIL_REQUEST_GET_CELL_INFO_LIST [SUB0]
09-27 15:13:22.189  2249  2308 D RilRequest: [4407]< RIL_REQUEST_GET_CELL_INFO_LIST error: com.android.internal.telephony.CommandException: SYSTEM_ERR ret=
09-27 15:13:22.189  2249  2249 D SST     : EVENT_GET_CELL_INFO_LIST: error ret null, e=com.android.internal.telephony.CommandException: SYSTEM_ERR
09-27 15:13:22.190  2249  8717 D SST     : SST.getAllCellInfo(): X size=0 list=null
09-27 15:13:22.190  2249  8717 D RILJ    : [4408]> RIL_REQUEST_GET_CELL_INFO_LIST [SUB1]
09-27 15:13:22.197  2249  2312 D RILJ    : [4408]< RIL_REQUEST_GET_CELL_INFO_LIST [CellInfoWcdma:{mRegistered=YES mTimeStampType=oem_ril mTimeStamp=1208676186463ns CellIdentityWcdma:{ mMcc=460 mMnc=1 mLac=43052 mCid=11761626 mPsc=231 mUarfcn=10663} CellSignalStrengthWcdma: ss=15 ber=99}] [SUB1]
09-27 15:13:22.198  2249  8717 D SST     : SST.getAllCellInfo(): return last, back to back calls
09-27 15:13:24.177  2249  2249 D SubscriptionController: [getActiveSubscriptionInfoForSimSlotIndex]+ slotIdx=1 subId={id=2, iccId=89860116831014056097 simSlotIndex=1 displayName=UNICOM carrierName=UNICOM nameSource=0 iconTint=-16746133 dataRoaming=0 iconBitmap=android.graphics.Bitmap@fcf1cbc mcc 460 mnc 1}
09-27 15:13:27.361  2249  2249 D SubscriptionController: [getActiveSubscriptionInfoForSimSlotIndex]+ slotIdx=1 subId={id=2, iccId=89860116831014056097 simSlotIndex=1 displayName=UNICOM carrierName=UNICOM nameSource=0 iconTint=-16746133 dataRoaming=0 iconBitmap=android.graphics.Bitmap@55988cb mcc 460 mnc 1}
09-27 15:13:29.418  2249  2249 D RILJ    : hangupConnection: gsmIndex=1 [SUB1]
09-27 15:13:29.419  2249  2249 D RILJ    : [4409]> HANGUP 1 [SUB1]
09-27 15:13:29.428   939  1023 I RILQ    : (1/939):RIL[1][event] qcril_qmi_voice_all_call_status_ind_hdlr: call state DISCONNECTING for conn id 1
