09-27 15:12:17.093  2249  2649 I chatty  : uid=1001(radio) org.codeaurora. expire 15 lines
09-27 15:12:17.232  2249  2434 I chatty  : uid=1001(radio) DcHandlerThread expire 12 lines
09-27 15:12:17.363  2249  2262 I chatty  : uid=1001(radio) Binder:2249_2 expire 11 lines
09-27 15:12:17.377  2249  2332 I chatty  : uid=1001(radio) Binder:2249_4 expire 13 lines
09-27 15:12:17.391  2249  6709 I chatty  : uid=1001(radio) Binder:2249_9 expire 6 lines
09-27 15:12:17.434   939  8208 I chatty  : uid=1001(radio) /system/bin/rild expire 1 line
09-27 15:12:17.440   939  8209 I chatty  : uid=1001(radio) /system/bin/rild expire 1 line
09-27 15:12:17.444  2249  3557 I chatty  : uid=1001(radio) com.android.phone expire 11 lines
09-27 15:12:17.454  2249  2261 I chatty  : uid=1001(radio) Binder:2249_1 expire 6 lines
09-27 15:12:17.464  2249  2565 I chatty  : uid=1001(radio) Binder:2249_6 expire 5 lines
09-27 15:12:17.473  2249  8205 I chatty  : uid=1001(radio) Binder:2249_A expire 4 lines
09-27 15:12:17.511  2249  3181 I chatty  : uid=1001(radio) Binder:2249_7 expire 4 lines
09-27 15:12:17.564  2249  2331 I chatty  : uid=1001(radio) Binder:2249_3 expire 10 lines
09-27 15:12:17.644  2249  2262 I chatty  : uid=1001(radio) Binder:2249_2 expire 12 lines
09-27 15:12:17.644  2249  2249 I chatty  : uid=1001(radio) com.android.phone expire 130 lines
09-27 15:12:17.645  2249  2565 I chatty  : uid=1001(radio) Binder:2249_6 expire 10 lines
09-27 15:12:17.645   939  8218 I chatty  : uid=1001(radio) /system/bin/rild expire 1 line
09-27 15:12:17.646  2249  3181 I chatty  : uid=1001(radio) Binder:2249_7 expire 10 lines
09-27 15:12:17.649  1774  2983 D TelephonyManager: getCellLocation returning null because CellLocation is empty
09-27 15:12:17.654  2249  2312 I chatty  : uid=1001(radio) RILReceiver1 expire 3 lines
09-27 15:12:17.655   939  8219 I chatty  : uid=1001(radio) /system/bin/rild expire 1 line
09-27 15:12:17.659  2249  2332 I chatty  : uid=1001(radio) Binder:2249_4 expire 9 lines
09-27 15:12:17.668  2249  2261 I chatty  : uid=1001(radio) Binder:2249_1 expire 12 lines
09-27 15:12:17.674  2249  3218 I chatty  : uid=1001(radio) Binder:2249_8 expire 9 lines
09-27 15:12:17.674  1774  2983 D TelephonyManager: getCellLocation returning null because CellLocation is empty
09-27 15:12:17.697  2249  2564 I chatty  : uid=1001(radio) Binder:2249_5 expire 7 lines
09-27 15:12:17.705  2249  6709 I chatty  : uid=1001(radio) Binder:2249_9 expire 5 lines
09-27 15:12:17.781   821  1226 I chatty  : uid=1001(radio) /system/bin/rild expire 2 lines
09-27 15:12:17.806   939  1269 I chatty  : uid=1001(radio) /system/bin/rild expire 2 lines
09-27 15:12:17.906  2249  8241 I chatty  : uid=1001(radio) com.android.phone expire 1 line
09-27 15:12:17.955  2249  2649 I chatty  : uid=1001(radio) org.codeaurora. expire 3 lines
09-27 15:12:17.965   939  1098 I chatty  : uid=1001(radio) /system/bin/rild expire 1 line
09-27 15:12:17.969   821  1012 I chatty  : uid=1001(radio) /system/bin/rild expire 11 lines
09-27 15:12:17.976  2249  2308 I chatty  : uid=1001(radio) RILReceiver0 expire 10 lines
09-27 15:12:18.075  2249  8258 I chatty  : uid=1001(radio) com.android.phone expire 1 line
09-27 15:12:18.144  2249  8205 I chatty  : uid=1001(radio) Binder:2249_A expire 1 line
09-27 15:12:18.179  2249  2434 I chatty  : uid=1001(radio) DcHandlerThread expire 9 lines
09-27 15:12:18.224  1774  2835 D TelephonyRegistry: notifyCellLocationForSubscriber: subId=2147483644 cellLocation=Bundle[mParcelledData.dataSize=64]
09-27 15:12:18.400  2249  2249 I chatty  : uid=1001(radio) com.android.phone expire 211 lines
09-27 15:12:18.410  2249  2331 I chatty  : uid=1001(radio) Binder:2249_3 expire 1 line
09-27 15:12:18.412  2249  8205 I chatty  : uid=1001(radio) Binder:2249_A expire 5 lines
09-27 15:12:18.415  2249  2564 I chatty  : uid=1001(radio) Binder:2249_5 expire 2 lines
09-27 15:12:18.422  2249  2262 I chatty  : uid=1001(radio) Binder:2249_2 expire 3 lines
09-27 15:12:18.428  2249  3218 I chatty  : uid=1001(radio) Binder:2249_8 expire 2 lines
09-27 15:12:18.429  2249  3181 I chatty  : uid=1001(radio) Binder:2249_7 expire 1 line
09-27 15:12:18.430  2249  2332 I chatty  : uid=1001(radio) Binder:2249_4 expire 2 lines
09-27 15:12:18.433  2249  2261 I chatty  : uid=1001(radio) Binder:2249_1 expire 1 line
09-27 15:12:18.542  2249  8268 I chatty  : uid=1001(radio) com.android.phone expire 1 line
09-27 15:12:18.640  2249  8271 I chatty  : uid=1001(radio) com.android.phone expire 1 line
09-27 15:12:18.889   821  1226 I chatty  : uid=1001(radio) /system/bin/rild expire 2 lines
09-27 15:12:18.896   939  1269 I chatty  : uid=1001(radio) /system/bin/rild expire 2 lines
09-27 15:12:18.956  2249  2308 I chatty  : uid=1001(radio) RILReceiver0 expire 10 lines
09-27 15:12:18.956   821  8274 I chatty  : uid=1001(radio) /system/bin/rild expire 1 line
09-27 15:12:18.964   821   965 I chatty  : uid=1001(radio) /system/bin/rild expire 1 line
09-27 15:12:18.972   821  8278 I chatty  : uid=1001(radio) /system/bin/rild expire 1 line
09-27 15:12:19.016  2249  8281 I chatty  : uid=1001(radio) com.android.phone expire 1 line
09-27 15:12:19.090  2249  8296 I chatty  : uid=1001(radio) com.android.phone expire 1 line
09-27 15:12:19.163  2249  8299 I chatty  : uid=1001(radio) com.android.phone expire 1 line
09-27 15:12:19.241  2249  2565 I chatty  : uid=1001(radio) Binder:2249_6 expire 1 line
09-27 15:12:19.244  2249  6709 I chatty  : uid=1001(radio) Binder:2249_9 expire 6 lines
09-27 15:12:19.443  2249  3218 I chatty  : uid=1001(radio) Binder:2249_8 expire 4 lines
09-27 15:12:19.447  2249  2331 I chatty  : uid=1001(radio) Binder:2249_3 expire 2 lines
09-27 15:12:19.447  2249  3181 I chatty  : uid=1001(radio) Binder:2249_7 expire 6 lines
09-27 15:12:19.450  2249  2564 I chatty  : uid=1001(radio) Binder:2249_5 expire 2 lines
09-27 15:12:19.454  2249  2249 I chatty  : uid=1001(radio) com.android.phone expire 198 lines
09-27 15:12:19.454  2249  2262 I chatty  : uid=1001(radio) Binder:2249_2 expire 5 lines
09-27 15:12:19.564  2249  2434 I chatty  : uid=1001(radio) DcHandlerThread expire 3 lines
09-27 15:12:19.577  2249  2649 I chatty  : uid=1001(radio) org.codeaurora. expire 6 lines
09-27 15:12:19.629  2249  2261 I chatty  : uid=1001(radio) Binder:2249_1 expire 2 lines
09-27 15:12:19.639  2249  8205 I chatty  : uid=1001(radio) Binder:2249_A expire 3 lines
09-27 15:12:19.639  2249  2565 I chatty  : uid=1001(radio) Binder:2249_6 expire 3 lines
09-27 15:12:19.673  2249  2332 I chatty  : uid=1001(radio) Binder:2249_4 expire 3 lines
09-27 15:12:19.705  1774  2901 D TelephonyRegistry: notifyCellLocationForSubscriber: subId=2147483643 cellLocation=Bundle[mParcelledData.dataSize=64]
09-27 15:12:19.732  2249  2312 I chatty  : uid=1001(radio) RILReceiver1 expire 1 line
09-27 15:12:19.742  2249  2308 I chatty  : uid=1001(radio) RILReceiver0 expire 1 line
09-27 15:12:19.761   821  1012 I chatty  : uid=1001(radio) /system/bin/rild expire 4 lines
09-27 15:12:19.775  2249  8351 I chatty  : uid=1001(radio) com.android.phone expire 3 lines
09-27 15:12:19.777  2249  8352 I chatty  : uid=1001(radio) com.android.phone expire 3 lines
09-27 15:12:19.953  2249  8353 I chatty  : uid=1001(radio) com.android.phone expire 1 line
09-27 15:12:19.982  2249  2249 I chatty  : uid=1001(radio) com.android.phone expire 171 lines
09-27 15:12:20.020  2249  2262 I chatty  : uid=1001(radio) Binder:2249_2 expire 2 lines
09-27 15:12:20.021  2249  8354 I chatty  : uid=1001(radio) com.android.phone expire 1 line
09-27 15:12:20.028  2249  8205 I chatty  : uid=1001(radio) Binder:2249_A expire 3 lines
09-27 15:12:21.526   939  1023 I chatty  : uid=1001(radio) /system/bin/rild expire 23 lines
09-27 15:12:21.540  2249  2312 I chatty  : uid=1001(radio) RILReceiver1 expire 17 lines
09-27 15:12:21.547   939  8405 I chatty  : uid=1001(radio) /system/bin/rild expire 1 line
09-27 15:12:21.555   939  8406 I chatty  : uid=1001(radio) /system/bin/rild expire 1 line
09-27 15:12:26.560   821  1012 I chatty  : uid=1001(radio) /system/bin/rild expire 9 lines
09-27 15:12:28.059  2249  2308 I chatty  : uid=1001(radio) RILReceiver0 expire 9 lines
09-27 15:12:28.376  2249  3181 I chatty  : uid=1001(radio) Binder:2249_7 expire 1 line
09-27 15:12:28.378  2249  2331 I chatty  : uid=1001(radio) Binder:2249_3 expire 3 lines
09-27 15:12:28.378   939  1269 I chatty  : uid=1001(radio) /system/bin/rild expire 4 lines
09-27 15:12:28.381  2249  2261 I chatty  : uid=1001(radio) Binder:2249_1 expire 1 line
09-27 15:12:28.384  2249  2565 I chatty  : uid=1001(radio) Binder:2249_6 expire 3 lines
09-27 15:12:28.385  2249  6709 I chatty  : uid=1001(radio) Binder:2249_9 expire 2 lines
09-27 15:12:28.401  2249  8614 I chatty  : uid=1001(radio) com.android.phone expire 1 line
09-27 15:12:28.484  2249  2332 I chatty  : uid=1001(radio) Binder:2249_4 expire 1 line
09-27 15:12:28.620  2249  3218 I chatty  : uid=1001(radio) Binder:2249_8 expire 5 lines
09-27 15:12:28.631  2249  6709 I chatty  : uid=1001(radio) Binder:2249_9 expire 4 lines
09-27 15:12:28.642   821  1012 I chatty  : uid=1001(radio) /system/bin/rild expire 6 lines
09-27 15:12:28.642   939  1023 I chatty  : uid=1001(radio) /system/bin/rild expire 14 lines
09-27 15:12:28.645  2249  2312 I chatty  : uid=1001(radio) RILReceiver1 expire 25 lines
09-27 15:12:28.690  2249  3181 I chatty  : uid=1001(radio) Binder:2249_7 expire 3 lines
09-27 15:12:28.816  2249  2332 I chatty  : uid=1001(radio) Binder:2249_4 expire 7 lines
09-27 15:12:28.914  2249  2331 I chatty  : uid=1001(radio) Binder:2249_3 expire 3 lines
09-27 15:12:28.918  2249  2261 I chatty  : uid=1001(radio) Binder:2249_1 expire 6 lines
09-27 15:12:28.931  2249  2249 I chatty  : uid=1001(radio) com.android.phone expire 146 lines
09-27 15:12:28.939  2249  2565 I chatty  : uid=1001(radio) Binder:2249_6 expire 2 lines
09-27 15:12:28.940  2249  8205 I chatty  : uid=1001(radio) Binder:2249_A expire 3 lines
09-27 15:12:29.104  2249  2564 I chatty  : uid=1001(radio) Binder:2249_5 expire 3 lines
09-27 15:12:29.112  2249  2262 I chatty  : uid=1001(radio) Binder:2249_2 expire 6 lines
09-27 15:12:29.208   821  1226 I chatty  : uid=1001(radio) /system/bin/rild expire 2 lines
09-27 15:12:29.219   939  1269 I chatty  : uid=1001(radio) /system/bin/rild expire 4 lines
09-27 15:12:29.556  2249  2308 I chatty  : uid=1001(radio) RILReceiver0 expire 2 lines
09-27 15:12:29.725   939  8647 I chatty  : uid=1001(radio) /system/bin/rild expire 1 line
09-27 15:12:29.731   939  8648 I chatty  : uid=1001(radio) /system/bin/rild expire 1 line
09-27 15:12:29.751  2249  2249 I chatty  : uid=1001(radio) com.android.phone expire 187 lines
09-27 15:12:29.775  2249  2331 I chatty  : uid=1001(radio) Binder:2249_3 expire 1 line
09-27 15:12:29.779  2249  3181 I chatty  : uid=1001(radio) Binder:2249_7 expire 2 lines
09-27 15:12:29.790   821  1226 I chatty  : uid=1001(radio) /system/bin/rild expire 2 lines
09-27 15:12:29.798   939  1269 I chatty  : uid=1001(radio) /system/bin/rild expire 2 lines
09-27 15:12:29.808  2249  8205 I chatty  : uid=1001(radio) Binder:2249_A expire 1 line
09-27 15:12:29.820  2249  2261 I chatty  : uid=1001(radio) Binder:2249_1 expire 1 line
09-27 15:12:29.833   939   989 I chatty  : uid=1001(radio) /system/bin/rild expire 2 lines
09-27 15:12:29.833  2249  2312 I chatty  : uid=1001(radio) RILReceiver1 expire 22 lines
09-27 15:12:29.983   939  1023 I chatty  : uid=1001(radio) /system/bin/rild expire 8 lines
09-27 15:12:30.163   939  8655 I chatty  : uid=1001(radio) /system/bin/rild expire 1 line
09-27 15:12:30.168   939  8656 I chatty  : uid=1001(radio) /system/bin/rild expire 1 line
09-27 15:12:30.195   821  1174 I chatty  : uid=1001(radio) /system/bin/rild expire 1 line
09-27 15:12:30.516   939  8660 I chatty  : uid=1001(radio) /system/bin/rild expire 1 line
09-27 15:12:30.521   939  8661 I chatty  : uid=1001(radio) /system/bin/rild expire 1 line
09-27 15:12:30.532   939  8664 I chatty  : uid=1001(radio) /system/bin/rild expire 1 line
09-27 15:12:30.543   939  8665 I chatty  : uid=1001(radio) /system/bin/rild expire 1 line
09-27 15:12:30.597  2249  2434 I chatty  : uid=1001(radio) DcHandlerThread expire 6 lines
09-27 15:12:30.599  2249  2249 I chatty  : uid=1001(radio) com.android.phone expire 129 lines
09-27 15:12:30.669  2249  2312 I chatty  : uid=1001(radio) RILReceiver1 expire 37 lines
09-27 15:12:30.843   939  1023 I chatty  : uid=1001(radio) /system/bin/rild expire 42 lines
09-27 15:12:31.035  2249  3181 I chatty  : uid=1001(radio) Binder:2249_7 expire 2 lines
09-27 15:12:31.103  2249  8685 I chatty  : uid=1001(radio) com.android.phone expire 3 lines
09-27 15:12:31.107  2249  8686 I chatty  : uid=1001(radio) com.android.phone expire 3 lines
09-27 15:12:31.121  2249  2649 I chatty  : uid=1001(radio) org.codeaurora. expire 3 lines
09-27 15:12:31.122   939  1235 I chatty  : uid=1001(radio) /system/bin/rild expire 1 line
09-27 15:12:31.184   939  8689 I chatty  : uid=1001(radio) /system/bin/rild expire 2 lines
09-27 15:12:31.219   939  8694 I chatty  : uid=1001(radio) /system/bin/rild expire 2 lines
09-27 15:12:31.233   939  8700 I chatty  : uid=1001(radio) /system/bin/rild expire 2 lines
09-27 15:12:31.256   939  8707 I chatty  : uid=1001(radio) /system/bin/rild expire 2 lines
09-27 15:12:31.258  2249  2249 I chatty  : uid=1001(radio) com.android.phone expire 145 lines
09-27 15:12:31.260  2249  2312 I chatty  : uid=1001(radio) RILReceiver1 expire 43 lines
09-27 15:12:31.272   939  8711 I chatty  : uid=1001(radio) /system/bin/rild expire 2 lines
09-27 15:12:31.392   939  1023 I chatty  : uid=1001(radio) /system/bin/rild expire 4 lines
09-27 15:12:31.435  2249  2261 I chatty  : uid=1001(radio) Binder:2249_1 expire 3 lines
09-27 15:12:31.453  2249  6709 I chatty  : uid=1001(radio) Binder:2249_9 expire 2 lines
09-27 15:12:31.476  2249  8205 I chatty  : uid=1001(radio) Binder:2249_A expire 2 lines
09-27 15:12:31.477  2249  2649 I chatty  : uid=1001(radio) org.codeaurora. expire 3 lines
09-27 15:12:31.492   939  8719 I chatty  : uid=1001(radio) /system/bin/rild expire 2 lines
09-27 15:12:31.589  2249  2332 I chatty  : uid=1001(radio) Binder:2249_4 expire 2 lines
09-27 15:12:31.603  2249  3218 I chatty  : uid=1001(radio) Binder:2249_8 expire 2 lines
09-27 15:12:31.628  2249  2331 I chatty  : uid=1001(radio) Binder:2249_3 expire 3 lines
09-27 15:12:31.632  2249  8717 I chatty  : uid=1001(radio) Binder:2249_B expire 3 lines
09-27 15:12:31.920  2249  2564 I chatty  : uid=1001(radio) Binder:2249_5 expire 2 lines
09-27 15:12:32.014  2249  2434 I chatty  : uid=1001(radio) DcHandlerThread expire 6 lines
09-27 15:12:32.014  1774  2280 D TelephonyRegistry: notifyCellLocationForSubscriber: subId=2 cellLocation=Bundle[mParcelledData.dataSize=64]
09-27 15:12:32.127  2249  2249 I chatty  : uid=1001(radio) com.android.phone expire 144 lines
09-27 15:12:32.144  2249  2565 I chatty  : uid=1001(radio) Binder:2249_6 expire 4 lines
09-27 15:12:32.147   939  1235 I chatty  : uid=1001(radio) /system/bin/rild expire 1 line
09-27 15:12:32.148  2249  2312 I chatty  : uid=1001(radio) RILReceiver1 expire 22 lines
09-27 15:12:32.152  2249  2308 I chatty  : uid=1001(radio) RILReceiver0 expire 6 lines
09-27 15:12:32.167  2249  3181 I chatty  : uid=1001(radio) Binder:2249_7 expire 5 lines
09-27 15:12:32.207  2249  2262 I chatty  : uid=1001(radio) Binder:2249_2 expire 2 lines
09-27 15:12:32.216  2249  8205 I chatty  : uid=1001(radio) Binder:2249_A expire 5 lines
09-27 15:12:32.229  2249  2331 I chatty  : uid=1001(radio) Binder:2249_3 expire 2 lines
09-27 15:12:32.269  2249  6709 I chatty  : uid=1001(radio) Binder:2249_9 expire 3 lines
09-27 15:12:32.295  2249  3218 I chatty  : uid=1001(radio) Binder:2249_8 expire 3 lines
09-27 15:12:32.418  2249  2332 I chatty  : uid=1001(radio) Binder:2249_4 expire 4 lines
09-27 15:12:32.424  2249  2564 I chatty  : uid=1001(radio) Binder:2249_5 expire 3 lines
09-27 15:12:32.473  2249  2261 I chatty  : uid=1001(radio) Binder:2249_1 expire 3 lines
09-27 15:12:32.632  1774  1886 D TelephonyRegistry: Notify data connection state changed on sub: 2
09-27 15:12:32.632  1774  1886 D TelephonyRegistry: Notify data connection state changed on sub: 2
09-27 15:12:32.632  1774  1886 D TelephonyRegistry: Notify data connection state changed on sub: 2
09-27 15:12:33.089   821  1012 I chatty  : uid=1001(radio) /system/bin/rild expire 10 lines
09-27 15:12:33.383  2249  2249 I chatty  : uid=1001(radio) com.android.phone expire 195 lines
09-27 15:12:33.384  2249  2308 I chatty  : uid=1001(radio) RILReceiver0 expire 6 lines
09-27 15:12:33.385  2249  2331 I chatty  : uid=1001(radio) Binder:2249_3 expire 5 lines
09-27 15:12:33.391   821  8750 I chatty  : uid=1001(radio) /system/bin/rild expire 1 line
09-27 15:12:33.393   821  8749 I chatty  : uid=1001(radio) /system/bin/rild expire 1 line
09-27 15:12:33.404   821   965 I chatty  : uid=1001(radio) /system/bin/rild expire 1 line
09-27 15:12:33.408  2249  8612 I chatty  : uid=1001(radio) RilMessageDecod expire 1 line
09-27 15:12:33.409  2249  2332 I chatty  : uid=1001(radio) Binder:2249_4 expire 2 lines
09-27 15:12:33.452  2249  2312 I chatty  : uid=1001(radio) RILReceiver1 expire 3 lines
09-27 15:12:33.502  2249  8205 I chatty  : uid=1001(radio) Binder:2249_A expire 1 line
09-27 15:12:33.548  2249  6709 I chatty  : uid=1001(radio) Binder:2249_9 expire 1 line
09-27 15:12:33.610  1774  2280 D TelephonyRegistry: notifyCellLocationForSubscriber: subId=2147483643 cellLocation=Bundle[mParcelledData.dataSize=64]
09-27 15:12:33.678   939  1023 I chatty  : uid=1001(radio) /system/bin/rild expire 7 lines
09-27 15:12:33.685  2249  2312 I chatty  : uid=1001(radio) RILReceiver1 expire 17 lines
09-27 15:12:33.688  2249  2565 I chatty  : uid=1001(radio) Binder:2249_6 expire 5 lines
09-27 15:12:33.696  2249  2262 I chatty  : uid=1001(radio) Binder:2249_2 expire 4 lines
09-27 15:12:33.721  2249  3218 I chatty  : uid=1001(radio) Binder:2249_8 expire 3 lines
09-27 15:12:33.735  2249  2249 I chatty  : uid=1001(radio) com.android.phone expire 131 lines
09-27 15:12:33.748  2249  2332 I chatty  : uid=1001(radio) Binder:2249_4 expire 4 lines
09-27 15:12:33.794  2249  2261 I chatty  : uid=1001(radio) Binder:2249_1 expire 2 lines
09-27 15:12:33.931  2249  2331 I chatty  : uid=1001(radio) Binder:2249_3 expire 2 lines
09-27 15:12:33.953  2249  8717 I chatty  : uid=1001(radio) Binder:2249_B expire 4 lines
09-27 15:12:33.964  2249  3181 I chatty  : uid=1001(radio) Binder:2249_7 expire 2 lines
09-27 15:12:34.106  2249  8205 I chatty  : uid=1001(radio) Binder:2249_A expire 3 lines
09-27 15:12:34.121  2249  2564 I chatty  : uid=1001(radio) Binder:2249_5 expire 1 line
09-27 15:12:34.457   939  8756 I chatty  : uid=1001(radio) /system/bin/rild expire 2 lines
09-27 15:12:34.465  2249  6709 I chatty  : uid=1001(radio) Binder:2249_9 expire 1 line
09-27 15:12:34.997  2249  2434 I chatty  : uid=1001(radio) DcHandlerThread expire 21 lines
09-27 15:12:35.125  2249  2249 D SST     : handlPollStateResultMessage: GsmSST setDataRegState=0 regState=1 dataRadioTechnology=14
09-27 15:12:35.125  2249  2249 D SST     : EVENT_POLL_STATE_NETWORK_SELECTION_MODE
09-27 15:12:35.128  2249  2249 D SST     : Poll ServiceState done:  oldSS=[0 0 voice home data home CHN-UNICOM UNICOM 46001 CHN-UNICOM UNICOM 46001  LTE LTE CSS not supported -1 -1 RoamInd=-1 DefRoamInd=-1 EmergOnly=false IsDataRoamingFromRegistration=false IsUsingCarrierAggregation=false mRilImsRadioTechnology=0] newSS=[0 0 voice home data home CHN-UNICOM UNICOM 46001 CHN-UNICOM UNICOM 46001  LTE LTE CSS not supported -1 -1 RoamInd=-1 DefRoamInd=-1 EmergOnly=false IsDataRoamingFromRegistration=false IsUsingCarrierAggregation=false mRilImsRadioTechnology=0] oldMaxDataCalls=20 mNewMaxDataCalls=20 oldReasonDataDenied=-1 mNewReasonDataDenied=-1
09-27 15:12:35.170  2249  6709 D RILJ    : [4226]> RIL_REQUEST_GSM_BROADCAST_ACTIVATION [SUB1]
09-27 15:12:35.182  2249  2312 D RILJ    : [4226]< RIL_REQUEST_GSM_BROADCAST_ACTIVATION  [SUB1]
09-27 15:12:35.183  2249  3218 D SubscriptionController: [getPhoneId]- subId=1 not found return default phoneId=0
09-27 15:12:35.187  2249  2312 D RILJ    : Unsol response received for UNSOL_STK_PROACTIVE_COMMAND Sending ack to ril.cpp [SUB1]
09-27 15:12:35.187  2249  2312 D RILJ    : [UNSL]< UNSOL_STK_PROACTIVE_COMMAND [SUB1]
09-27 15:12:35.195  2249  2249 D SubscriptionController: [getActiveSubscriptionInfo]+ subId=2 subInfo={id=2, iccId=89860116831014056097 simSlotIndex=1 displayName=CARD 2 carrierName=CHN-UNICOM nameSource=0 iconTint=-16746133 dataRoaming=0 iconBitmap=android.graphics.Bitmap@66cebe3 mcc 460 mnc 1}
09-27 15:12:35.239  2249  2249 D SubscriptionInfoUpdater: [Receiver]+
09-27 15:12:35.239  2249  2249 D SubscriptionInfoUpdater: Action: android.intent.action.internal_sim_state_changed
09-27 15:12:35.239  2249  2249 D SubscriptionInfoUpdater: slotId: 1
09-27 15:12:35.239  2249  2249 D SubscriptionInfoUpdater: simStatus: LOADED
09-27 15:12:35.239  2249  2249 D SubscriptionInfoUpdater: [Receiver]-
09-27 15:12:35.258  2249  2649 D ImsManager: registrationDisconnected :: imsReasonInfoImsReasonInfo :: {1000, 0, null}
09-27 15:12:35.258  2249  2649 D ImsPhoneCallTracker: [ImsPhoneCallTracker] onImsDisconnected imsReasonInfo=ImsReasonInfo :: {1000, 0, null}
09-27 15:12:35.258  2249  2649 D ImsPhone: updateDataServiceState: defSs = 0 0 voice home data home CHN-UNICOM UNICOM 46001 CHN-UNICOM UNICOM 46001  LTE LTE CSS not supported -1 -1 RoamInd=-1 DefRoamInd=-1 EmergOnly=false IsDataRoamingFromRegistration=false IsUsingCarrierAggregation=false mRilImsRadioTechnology=0 imsSs = 1 0 voice home data home null null null null null null  Unknown LTE CSS not supported -1 -1 RoamInd=-1 DefRoamInd=-1 EmergOnly=false IsDataRoamingFromRegistration=false IsUsingCarrierAggregation=false mRilImsRadioTechnology=0
09-27 15:12:35.263  2249  2249 D QtiGsmCdmaPhone: handleMessage: Event: 34
09-27 15:12:35.284  2249  2249 D RILJ    : [4228]> OPERATOR [SUB1]
09-27 15:12:35.286  2249  2249 D RILJ    : [4229]> DATA_REGISTRATION_STATE [SUB1]
09-27 15:12:35.288  2249  2249 D RILJ    : [4230]> VOICE_REGISTRATION_STATE [SUB1]
09-27 15:12:35.290  2249  2249 D RILJ    : [4231]> QUERY_NETWORK_SELECTION_MODE [SUB1]
09-27 15:12:35.294   939  8770 E RILQ    : (1/939): RIL[1][cmd-22(152)] qcril_cm_ss_convert_gsm8bit_alpha_string_to_utf8: Invalid parameters for GSM alphabet to UTF8 conversion, input len = 0
09-27 15:12:35.294   939  8770 E RILQ    : (1/939): RIL[1][cmd-22(152)] qcril_cm_ss_convert_gsm8bit_alpha_string_to_utf8: Invalid parameters for GSM alphabet to UTF8 conversion, input len = 0
09-27 15:12:35.296   939  8771 I RILQ    : (1/939):RIL[1][cmd-21(136)] qcril_qmi_nas_reset_data_snapshot_cache_and_timer: Resetting snapshot timer
09-27 15:12:35.298  2249  2312 D RILJ    : [4228]< OPERATOR {CHN-UNICOM, UNICOM, 46001} [SUB1]
09-27 15:12:35.298  2249  2312 D RILJ    : [4229]< DATA_REGISTRATION_STATE {0, null, null, null, 0, 20, null, null, null, null, null} [SUB1]
09-27 15:12:35.299  2249  2312 D RILJ    : [4231]< QUERY_NETWORK_SELECTION_MODE {0} [SUB1]
09-27 15:12:35.300   939  8772 I RILQ    : (1/939):RIL[1][cmd-20(936)] qcril_qmi_nas_reset_data_snapshot_cache_and_timer: Resetting snapshot timer
09-27 15:12:35.301  2249  2312 D RILJ    : [4230]< VOICE_REGISTRATION_STATE {1, 1879, 00a09c1f, 14, null, null, null, 0, null, null, 1, null, null, 0, null} [SUB1]
09-27 15:12:35.310  2249  2262 D IccProvider: [IccProvider] query
09-27 15:12:35.310  2249  2262 D IccProvider: [IccProvider] getRequestSubId url: content://icc/adn/subId/2
09-27 15:12:35.310  2249  2262 D IccProvider: [IccProvider] loadFromEf: efType=0x6F3A, subscription=2
09-27 15:12:35.313  2249  2262 D IccPhoneBookIM: [IccPbInterfaceManager] getAdnRecordsInEF: efid=0x4F30
09-27 15:12:35.313  2249  2262 D SimPhoneBookAdnRecordCache: ADN cache has already filled in
09-27 15:12:35.313  2249  2262 D SimPhoneBookAdnRecordCache: refreshAdnCache
09-27 15:12:35.313  2249  2262 D SimPhoneBookAdnRecordCache: start to queryAdnRecord
09-27 15:12:35.313  2249  2262 D RILJ    : [4232]> RIL_REQUEST_GET_ADN_RECORD [SUB1]
09-27 15:12:35.317  2249  2249 D QtiGsmDCT: [1]QtiDcTracker handleMessage msg={ when=-228ms what=270336 arg1=-1 obj=android.os.AsyncResult@7557247 target=com.qualcomm.qti.internal.telephony.dataconnection.QtiDcTracker }
09-27 15:12:35.318  2249  2249 D QtiGsmDCT: [1]getValidApnContext (onDataSetupComplete) on {mApnType=default mState=CONNECTING mWaitingApns={[[ApnSettingV3] , 413, 46001, 3gnet, , , , , , -1, default | supl, IPV4V6, IPV4V6, true, 0, 0, 0, false, 0, 0, 0, 0, , , false, [ApnSettingV3] , 414, 46001, 3gwap, 10.0.0.172, http://mmsc.myuni.com.cn, 10.0.0.172, 80, 80, -1, default | supl | mms, IPV4V6, IPV4V6, true, 0, 0, 0, false, 0, 0, 0, 0, , , false]} mApnSetting={[ApnSettingV3] , 413, 46001, 3gnet, , , , , , -1, default | supl, IPV4V6, IPV4V6, true, 0, 0, 0, false, 0, 0, 0, 0, , , false} mReason=simLoaded mDataEnabled=true mDependencyMet=true} got 3 vs 3
09-27 15:12:35.318  2249  2249 D QtiGsmDCT: [1]onDataSetupComplete: error apn=3gnet cause=SIGNAL_LOST
09-27 15:12:35.319  2249  2249 D SST     : getCellLocation(): X good mCellLoc=[6265,10525727,-1]
09-27 15:12:35.319  2249  2312 D RilRequest: [4232]< RIL_REQUEST_GET_ADN_RECORD error: com.android.internal.telephony.CommandException: MODEM_ERR ret={500, 1, 100, 1, 500, 0}
09-27 15:12:35.325  2249  2249 E CarrierSignalAgent: [1]Carrier receiver name is null
09-27 15:12:35.325  2249  2249 D QtiGsmDCT: [1]getValidApnContext (onDataSetupCompleteError) on {mApnType=default mState=CONNECTING mWaitingApns={[[ApnSettingV3] , 413, 46001, 3gnet, , , , , , -1, default | supl, IPV4V6, IPV4V6, true, 0, 0, 0, false, 0, 0, 0, 0, , , false, [ApnSettingV3] , 414, 46001, 3gwap, 10.0.0.172, http://mmsc.myuni.com.cn, 10.0.0.172, 80, 80, -1, default | supl | mms, IPV4V6, IPV4V6, true, 0, 0, 0, false, 0, 0, 0, 0, , , false]} mApnSetting={[ApnSettingV3] , 413, 46001, 3gnet, , , , , , -1, default | supl, IPV4V6, IPV4V6, true, 0, 0, 0, false, 0, 0, 0, 0, , , false} mReason=simLoaded mDataEnabled=true mDependencyMet=true} got 3 vs 3
09-27 15:12:35.326  2249  2249 D QtiGsmDCT: [1]onDataSetupCompleteError: Try next APN. delay = 20000
09-27 15:12:35.326  2249  2249 D QtiGsmDCT: [1]startAlarmForReconnect: delay=20000 action=com.android.internal.telephony.data-reconnect.default apn={mApnType=default mState=SCANNING mWaitingApns={[[ApnSettingV3] , 413, 46001, 3gnet, , , , , , -1, default | supl, IPV4V6, IPV4V6, true, 0, 0, 0, false, 0, 0, 0, 0, , , false, [ApnSettingV3] , 414, 46001, 3gwap, 10.0.0.172, http://mmsc.myuni.com.cn, 10.0.0.172, 80, 80, -1, default | supl | mms, IPV4V6, IPV4V6, true, 0, 0, 0, false, 0, 0, 0, 0, , , false]} mApnSetting={[ApnSettingV3] , 413, 46001, 3gnet, , , , , , -1, default | supl, IPV4V6, IPV4V6, true, 0, 0, 0, false, 0, 0, 0, 0, , , false} mReason=simLoaded mDataEnabled=true mDependencyMet=true}
09-27 15:12:35.333  2249  2249 D CAT     : StkCmdReceiver: handleAction, op: 4args: Bundle[{SLOT_ID=1, op=4}], slot id: 1
09-27 15:12:35.366  2249  2249 D SubscriptionController: [getActiveSubscriptionInfoForSimSlotIndex]+ slotIdx=1 subId={id=2, iccId=89860116831014056097 simSlotIndex=1 displayName=CARD 2 carrierName=CHN-UNICOM nameSource=0 iconTint=-16746133 dataRoaming=0 iconBitmap=android.graphics.Bitmap@d18a35e mcc 460 mnc 1}
09-27 15:12:35.368  2249  2249 D CAT     : CatService: handleMessage[2]
09-27 15:12:35.368  2249  2249 D CAT     : CatService: ril message arrived,slotid:1
09-27 15:12:35.369  2249  2249 D QtiSubscriptionInfoUpdater:  handleMessage: EVENT:  3
09-27 15:12:35.369  2249  2249 D SubscriptionInfoUpdater: handleSimStateLoadedInternal: slotId: 1
09-27 15:12:35.369  2249  2249 D SubscriptionInfoUpdater: All IccIds query complete
09-27 15:12:35.369  2249  2249 D QtiSubscriptionInfoUpdater: Ignoring subscription update event
09-27 15:12:35.369  2249  2249 D SubscriptionController: [getSubId]- numSubIds == 0, return DummySubIds slotIdx=0
09-27 15:12:35.369  2249  8612 D CAT     : CommandParamsFactory: process DisplayText
09-27 15:12:35.369  2249  2249 D SubscriptionInfoUpdater: subId for slot0 is 2147483643
09-27 15:12:35.369  2249  2249 D SubscriptionInfoUpdater: EVENT_RECORDS_LOADED Operator name is null
09-27 15:12:35.369  2249  2249 D SubscriptionInfoUpdater: inactive subId = 2147483643 slotId = 0, could not update ContentResolver
09-27 15:12:35.369  2249  2249 D SubscriptionInfoUpdater: subId for slot1 is 2
09-27 15:12:35.376  2249  2249 D SubscriptionController: [setMccMnc]+ mcc/mnc:460/1 subId:2
09-27 15:12:35.388  2249  8717 D RILJ    : [4233]> RIL_REQUEST_GSM_BROADCAST_ACTIVATION [SUB1]
09-27 15:12:35.393  2249  2312 D RILJ    : [4233]< RIL_REQUEST_GSM_BROADCAST_ACTIVATION  [SUB1]
09-27 15:12:35.408  2249  2249 D SubscriptionController: notifySubscriptionInfoChanged:
09-27 15:12:35.410  2249  2564 D SubscriptionController: [getSubId]- numSubIds == 0, return DummySubIds slotIdx=0
09-27 15:12:35.484  2249  2249 D SubscriptionController: [getActiveSubscriptionInfo]+ subId=2 subInfo={id=2, iccId=89860116831014056097 simSlotIndex=1 displayName=CARD 2 carrierName=CHN-UNICOM nameSource=0 iconTint=-16746133 dataRoaming=0 iconBitmap=android.graphics.Bitmap@beba609 mcc 460 mnc 1}
09-27 15:12:35.485  2249  2249 D SubscriptionInfoUpdater: sim name = CARD 2
09-27 15:12:35.485  2249  2249 D SubscriptionController: [setDisplayName]+  displayName:CARD 2 subId:2 nameSource:-1
09-27 15:12:35.485  2249  2249 D SubscriptionController: validateSubId subId: 2
09-27 15:12:35.486  2249  2249 D SubscriptionController: [setDisplayName]- mDisplayName:CARD 2 set
09-27 15:12:35.516  2249  2249 D SubscriptionController: notifySubscriptionInfoChanged:
09-27 15:12:35.519  2249  3218 D SubscriptionController: [getSubId]- numSubIds == 0, return DummySubIds slotIdx=0
09-27 15:12:35.532  2249  2249 D SubscriptionInfoUpdater: Settings Exception reading value at subid for  Settings.Global.PREFERRED_NETWORK_MODE
09-27 15:12:35.533  2249  2249 D QtiRadioCapabilityController: isUiccProvisionInProgress: retVal =  false
09-27 15:12:35.533  2249  2249 D QtiRadioCapabilityController: setPreferredNetworkType: nwMode[1] = 9 isActive = true
09-27 15:12:35.533  2249  2249 D SubscriptionController: [getSubId]- numSubIds == 0, return DummySubIds slotIdx=0
09-27 15:12:35.533  2249  2249 I QtiRadioCapabilityController:  get slotId based N/W mode, val[0] = 9
09-27 15:12:35.533  2249  2249 I QtiRadioCapabilityController:  get sub based N/W mode, val[1] = 9
09-27 15:12:35.533  2249  2249 D QtiRadioCapabilityController: updateStackBindingIfRequired
09-27 15:12:35.533  2249  2249 D QtiRadioCapabilityController: nwMode:9, on stack:0 is Supported
09-27 15:12:35.533  2249  2249 D QtiRadioCapabilityController: updatePreferredStackIds: current stack[0]supports NwMode[9] on phoneId[0]
09-27 15:12:35.533  2249  2249 D QtiRadioCapabilityController: nwMode:9, on stack:1 is Supported
09-27 15:12:35.533  2249  2249 D QtiRadioCapabilityController: updatePreferredStackIds: current stack[1]supports NwMode[9] on phoneId[1]
09-27 15:12:35.533  2249  2249 D QtiRadioCapabilityController:  updateStackBindingIfRequired, required =  false
09-27 15:12:35.534  2249  2249 D RILJ    : [4234]> REQUEST_SET_PREFERRED_NETWORK_TYPE : 9 [SUB1]
09-27 15:12:35.539  2249  2249 D RILJ    : [4235]> QUERY_NETWORK_SELECTION_MODE [SUB1]
09-27 15:12:35.540  2249  2312 D RILJ    : [4234]< REQUEST_SET_PREFERRED_NETWORK_TYPE  [SUB1]
09-27 15:12:35.541  2249  2331 D SubscriptionController: [getActiveSubscriptionInfo]+ subId=2 subInfo={id=2, iccId=89860116831014056097 simSlotIndex=1 displayName=CARD 2 carrierName=CHN-UNICOM nameSource=0 iconTint=-16746133 dataRoaming=0 iconBitmap=android.graphics.Bitmap@8e50d41 mcc 460 mnc 1}
09-27 15:12:35.542  2249  2249 D SubscriptionInfoUpdater: Broadcasting intent ACTION_SIM_STATE_CHANGED LOADED reason null for mCardIndex: 1
09-27 15:12:35.544  2249  2312 D RILJ    : [4235]< QUERY_NETWORK_SELECTION_MODE {0} [SUB1]
09-27 15:12:35.547  2249  6709 D SubscriptionController: [getSubId]- numSubIds == 0, return DummySubIds slotIdx=0
09-27 15:12:35.547  2249  2332 D SubscriptionController: [getActiveSubscriptionInfo]+ subId=2 subInfo={id=2, iccId=89860116831014056097 simSlotIndex=1 displayName=CARD 2 carrierName=CHN-UNICOM nameSource=0 iconTint=-16746133 dataRoaming=0 iconBitmap=android.graphics.Bitmap@4d6a2e6 mcc 460 mnc 1}
09-27 15:12:35.552  2249  2249 D PhoneSwitcher: handle event - 110
09-27 15:12:35.553  2249  2249 D SST     : handlPollStateResultMessage: GsmSST setDataRegState=1 regState=0 dataRadioTechnology=0
09-27 15:12:35.553  2249  2249 D SST     : EVENT_POLL_STATE_NETWORK_SELECTION_MODE
09-27 15:12:35.565  2249  2249 D SST     : Poll ServiceState done:  oldSS=[0 0 voice home data home CHN-UNICOM UNICOM 46001 CHN-UNICOM UNICOM 46001  LTE LTE CSS not supported -1 -1 RoamInd=-1 DefRoamInd=-1 EmergOnly=false IsDataRoamingFromRegistration=false IsUsingCarrierAggregation=false mRilImsRadioTechnology=0] newSS=[0 1 voice home data home CHN-UNICOM UNICOM 46001 CHN-UNICOM UNICOM 46001  LTE Unknown CSS not supported -1 -1 RoamInd=-1 DefRoamInd=-1 EmergOnly=false IsDataRoamingFromRegistration=false IsUsingCarrierAggregation=false mRilImsRadioTechnology=0] oldMaxDataCalls=20 mNewMaxDataCalls=20 oldReasonDataDenied=-1 mNewReasonDataDenied=-1
09-27 15:12:35.565  2249  2249 D TelephonyManager: setTelephonyProperty: success phoneId=1 property=gsm.network.type value: Unknown propVal=Unknown,Unknown
09-27 15:12:35.579  2249  2249 D SIMRecords: [SIMRecords] getServiceProviderName: no brandOverride, providerName=null
09-27 15:12:35.579  2249  2249 D SIMRecords: [SIMRecords] getServiceProviderName: no brandOverride, providerName=null
09-27 15:12:35.587  2249  2249 D TelephonyManager: setTelephonyProperty: success phoneId=1 property=gsm.operator.alpha value: CHN-UNICOM propVal=,CHN-UNICOM
09-27 15:12:35.589  2249  2249 D TelephonyManager: setTelephonyProperty: success phoneId=1 property=gsm.operator.numeric value: 46001 propVal=,46001
09-27 15:12:35.590  2249  2249 D TelephonyManager: setTelephonyProperty: success phoneId=1 property=gsm.operator.iso-country value: cn propVal=,cn
09-27 15:12:35.598  2249  2249 D SST     : pollStateDone: there are 2 unique offsets for iso-cc='cn testOneUniqueOffsetPath=false', do nothing
09-27 15:12:35.598  2249  2249 D SST     : shouldFixTimeZoneNow: retVal=false iccCardExist=true operatorNumeric=46001 mcc=460 prevOperatorNumeric=46001 prevMcc=460 needToFixTimeZone=false ltod=09-27 15:12:35.598
09-27 15:12:35.598  2249  2249 D TelephonyManager: setTelephonyProperty: success phoneId=1 property=gsm.operator.isroaming value: false propVal=false,false
09-27 15:12:35.600  2249  2249 D SST     : Broadcasting ServiceState : 0 1 voice home data home CHN-UNICOM UNICOM 46001 CHN-UNICOM UNICOM 46001  LTE Unknown CSS not supported -1 -1 RoamInd=-1 DefRoamInd=-1 EmergOnly=false IsDataRoamingFromRegistration=false IsUsingCarrierAggregation=false mRilImsRadioTechnology=0
09-27 15:12:35.600  2249  2249 D DefaultPhoneNotifier: nofityServiceState: mRegistry=com.android.internal.telephony.ITelephonyRegistry$Stub$Proxy@f25c375 ss=0 1 voice home data home CHN-UNICOM UNICOM 46001 CHN-UNICOM UNICOM 46001  LTE Unknown CSS not supported -1 -1 RoamInd=-1 DefRoamInd=-1 EmergOnly=false IsDataRoamingFromRegistration=false IsUsingCarrierAggregation=false mRilImsRadioTechnology=0 sender=Handler (com.qualcomm.qti.internal.telephony.QtiGsmCdmaPhone) {83d56a2} phondId=1 subId=2
09-27 15:12:35.611  2249  2564 D GsmCdmaPhone: [GsmCdmaPhone] getDataConnectionState apnType=default ret=DISCONNECTED
09-27 15:12:35.616  2249  2332 D SubscriptionController: [getActiveSubscriptionInfo]+ subId=2 subInfo={id=2, iccId=89860116831014056097 simSlotIndex=1 displayName=CARD 2 carrierName=CHN-UNICOM nameSource=0 iconTint=-16746133 dataRoaming=0 iconBitmap=android.graphics.Bitmap@bf37e35 mcc 460 mnc 1}
09-27 15:12:35.621  2249  3218 D SubscriptionController: [getSubId]- numSubIds == 0, return DummySubIds slotIdx=0
09-27 15:12:35.622  2249  2249 D SST     : notifyDataRegStateRilRadioTechnologyChanged: drs=1 rat=0
09-27 15:12:35.622  2249  2249 D TelephonyManager: setTelephonyProperty: success phoneId=1 property=gsm.network.type value: Unknown propVal=Unknown,Unknown
09-27 15:12:35.626  2249  2249 D QtiGsmDCT: [1]get all active apn types
09-27 15:12:35.626  2249  2434 D DC-1    : DcInactiveState nothandled msg.what=EVENT_DATA_CONNECTION_DRS_OR_RAT_CHANGED
09-27 15:12:35.626  2249  2434 D DC-1    : DcDefault msg=EVENT_DATA_CONNECTION_DRS_OR_RAT_CHANGED RefCount=0
09-27 15:12:35.626  2249  2249 D GsmCdmaPhone: [GsmCdmaPhone] getDataConnectionState apnType=default ret=DISCONNECTED
09-27 15:12:35.626  2249  2434 D DC-1    : DcDefaultState: EVENT_DATA_CONNECTION_DRS_OR_RAT_CHANGED drs=1 mRilRat=0
09-27 15:12:35.626  2249  2434 D DC-2    : DcInactiveState nothandled msg.what=EVENT_DATA_CONNECTION_DRS_OR_RAT_CHANGED
09-27 15:12:35.626  2249  2434 D DC-2    : DcDefault msg=EVENT_DATA_CONNECTION_DRS_OR_RAT_CHANGED RefCount=0
09-27 15:12:35.627  2249  2434 D DC-2    : DcDefaultState: EVENT_DATA_CONNECTION_DRS_OR_RAT_CHANGED drs=1 mRilRat=0
09-27 15:12:35.630  2249  2249 D CdmaSSM : subscriptionSource from settings: 0
09-27 15:12:35.640  1774  2835 D TelephonyRegistry: Notify data connection state changed on sub: 2
09-27 15:12:35.640  1774  2835 D TelephonyRegistry: Notify data connection state changed on sub: 2
09-27 15:12:35.641  1774  2835 D TelephonyRegistry: Notify data connection state changed on sub: 2
09-27 15:12:35.652  2249  2331 D RILJ    : [4236]> RIL_REQUEST_GET_CELL_INFO_LIST [SUB0]
09-27 15:12:35.658  2249  2308 D RilRequest: [4236]< RIL_REQUEST_GET_CELL_INFO_LIST error: com.android.internal.telephony.CommandException: SYSTEM_ERR ret=
09-27 15:12:35.673  2249  3218 D SubscriptionController: [getActiveSubscriptionInfo]+ subId=2 subInfo={id=2, iccId=89860116831014056097 simSlotIndex=1 displayName=CARD 2 carrierName=CHN-UNICOM nameSource=0 iconTint=-16746133 dataRoaming=0 iconBitmap=android.graphics.Bitmap@86ac8b1 mcc 460 mnc 1}
09-27 15:12:35.683  2249  2332 D SubscriptionController: [getSubId]- numSubIds == 0, return DummySubIds slotIdx=0
09-27 15:12:35.703  2249  8205 D SubscriptionController: [getActiveSubscriptionInfo]+ subId=2 subInfo={id=2, iccId=89860116831014056097 simSlotIndex=1 displayName=CARD 2 carrierName=CHN-UNICOM nameSource=0 iconTint=-16746133 dataRoaming=0 iconBitmap=android.graphics.Bitmap@4530904 mcc 460 mnc 1}
09-27 15:12:35.717  2249  2261 D SubscriptionController: [getActiveSubscriptionInfo]+ subId=2 subInfo={id=2, iccId=89860116831014056097 simSlotIndex=1 displayName=CARD 2 carrierName=CHN-UNICOM nameSource=0 iconTint=-16746133 dataRoaming=0 iconBitmap=android.graphics.Bitmap@74c77b3 mcc 460 mnc 1}
09-27 15:12:35.750  2249  2249 D SimPhoneBookAdnRecordCache: Querying ADN record done
09-27 15:12:35.750  2249  2323 D IccPhoneBookIM: [IccPbInterfaceManager] Cannot load ADN records
09-27 15:12:35.750  2249  2262 W IccProvider: Cannot load ADN records
09-27 15:12:35.751  2249  2249 D CAT     : com.android.stk.StkAppService: onCreate()+
09-27 15:12:35.751  2249  2249 D CAT     : com.android.stk.StkAppService: simCount: 2
09-27 15:12:35.761  2249  6709 D SubscriptionController: [getActiveSubscriptionInfo]+ subId=2 subInfo={id=2, iccId=89860116831014056097 simSlotIndex=1 displayName=CARD 2 carrierName=CHN-UNICOM nameSource=0 iconTint=-16746133 dataRoaming=0 iconBitmap=android.graphics.Bitmap@709c27a mcc 460 mnc 1}
09-27 15:12:35.772  2249  2249 D CAT     : com.android.stk.StkAppService: slotId: 0
09-27 15:12:35.772  2249  2249 D CAT     : com.android.stk.StkAppService: slotId: 1
09-27 15:12:35.773  2249  2249 D CAT     : com.android.stk.StkAppService: onStart sim id: 1, op: 4, *****
09-27 15:12:35.773  2249  2249 D CAT     : CatService: handleMessage[10]
09-27 15:12:35.773  2249  2249 D CAT     : CatService: DISPLAY_TEXT
09-27 15:12:35.774  2249  2249 D CAT     : CatService: Sending CmdMsg: com.android.internal.telephony.cat.CatCmdMessage@b0e3e88 on slotid:1
09-27 15:12:35.775  2249  8780 D CAT     : com.android.stk.StkAppService: handleMessage opcode[4], sim id[1]
09-27 15:12:35.775  2249  8780 D CAT     : StkAppService$StkContext: getPendingActivityInstance act : 1, null
09-27 15:12:35.775  2249  8780 D CAT     : StkAppService$StkContext: getPendingPrevActivityInstance act : 1, null
09-27 15:12:35.775  2249  8780 D CAT     : StkAppService$StkContext: getPendingDialogInstance act : 1, null
09-27 15:12:35.775  2249  8780 D CAT     : com.android.stk.StkAppService: cleanUpInstanceStackBySlot slotId: 1
09-27 15:12:35.775  2249  8780 D CAT     : com.android.stk.StkAppService: current cmd is null.
09-27 15:12:35.775  2249  8780 D CAT     : com.android.stk.StkAppService: [handleSessionEnd] - mCurrentCmd changed to mMainCmd!.
09-27 15:12:35.775  2249  8780 D CAT     : com.android.stk.StkAppService: slotId: 1, mMenuState: 0
09-27 15:12:35.775  2249  8780 D CAT     : com.android.stk.StkAppService: [handleSessionEnd][mMainCmd is null!]
09-27 15:12:35.775  2249  8780 D CAT     : com.android.stk.StkAppService: [handleSessionEnd][mMenuState]false
09-27 15:12:35.790  2249  2249 D SST     : SubscriptionListener.onSubscriptionInfoChanged
09-27 15:12:35.790  2249  2249 D SubscriptionController: [getSubId]- numSubIds == 0, return DummySubIds slotIdx=0
09-27 15:12:35.790  2249  2249 D QtiGsmDCT: [0]SubscriptionListener.onSubscriptionInfoChanged
09-27 15:12:35.790  2249  2249 D SubscriptionController: [getSubId]- numSubIds == 0, return DummySubIds slotIdx=0
09-27 15:12:35.791  2249  2249 D QtiGsmDCT: [1]SubscriptionListener.onSubscriptionInfoChanged
09-27 15:12:35.838  2249  2332 D SubscriptionController: [getActiveSubscriptionInfo]+ subId=2 subInfo={id=2, iccId=89860116831014056097 simSlotIndex=1 displayName=CARD 2 carrierName=CHN-UNICOM nameSource=0 iconTint=-16746133 dataRoaming=0 iconBitmap=android.graphics.Bitmap@d2dbd5d mcc 460 mnc 1}
09-27 15:12:35.839  2249  2249 D SST     : SubscriptionListener.onSubscriptionInfoChanged
09-27 15:12:35.842  2249  2249 D PhoneSwitcher: handle event - 102
09-27 15:12:35.845  2249  2249 D SubscriptionController: [getSubId]- numSubIds == 0, return DummySubIds slotIdx=0
09-27 15:12:35.845  2249  2249 D PhoneSwitcher: isUiccProvisioned = true
09-27 15:12:35.846  2249  2249 D PhoneSwitcher: Broadcast network specifier set intent
09-27 15:12:35.852  2249  2565 D SubscriptionController: [getSubId]- numSubIds == 0, return DummySubIds slotIdx=0
09-27 15:12:35.862  2249  2249 D SubscriptionController: [getSubId]- numSubIds == 0, return DummySubIds slotIdx=0
09-27 15:12:35.880  2249  2564 D SubscriptionController: [getActiveSubscriptionInfo]+ subId=2 subInfo={id=2, iccId=89860116831014056097 simSlotIndex=1 displayName=CARD 2 carrierName=CHN-UNICOM nameSource=0 iconTint=-16746133 dataRoaming=0 iconBitmap=android.graphics.Bitmap@d8dd259 mcc 460 mnc 1}
09-27 15:12:35.886  2249  3218 D SubscriptionController: [getSubId]- numSubIds == 0, return DummySubIds slotIdx=0
09-27 15:12:35.915  2249  8205 D RILJ    : [4237]> RIL_REQUEST_GSM_BROADCAST_ACTIVATION [SUB1]
09-27 15:12:35.920  2249  2312 D RILJ    : [4237]< RIL_REQUEST_GSM_BROADCAST_ACTIVATION  [SUB1]
09-27 15:12:35.926  2249  6709 D SubscriptionController: [getActiveSubscriptionInfo]+ subId=2 subInfo={id=2, iccId=89860116831014056097 simSlotIndex=1 displayName=CARD 2 carrierName=CHN-UNICOM nameSource=0 iconTint=-16746133 dataRoaming=0 iconBitmap=android.graphics.Bitmap@4767391 mcc 460 mnc 1}
09-27 15:12:35.931   939  1023 I RILQ    : (1/939):RIL[1][event] qcril_arb_set_dsd_sys_status: old_pref_data 1966186088 - new_data_pref 1966186032
09-27 15:12:35.931   939  1023 I RILQ    : (1/939):RIL[1][event] qcril_arb_set_dsd_sys_status: preferred dsd_sys_status nw=0x0, rat_value=0x0, so_mask=0x0000000000000000
09-27 15:12:35.931  2249  8717 D SubscriptionController: [getSubId]- numSubIds == 0, return DummySubIds slotIdx=0
09-27 15:12:35.939  2249  2249 D SubscriptionController: [getSubId]- numSubIds == 0, return DummySubIds slotIdx=0
09-27 15:12:35.962  2249  2565 D SubscriptionController: [getActiveSubscriptionInfo]+ subId=2 subInfo={id=2, iccId=89860116831014056097 simSlotIndex=1 displayName=CARD 2 carrierName=CHN-UNICOM nameSource=0 iconTint=-16746133 dataRoaming=0 iconBitmap=android.graphics.Bitmap@96f5964 mcc 460 mnc 1}
09-27 15:12:35.969  2249  2262 D SubscriptionController: [getSubId]- numSubIds == 0, return DummySubIds slotIdx=0
09-27 15:12:36.011  2249  2249 D SubscriptionController: [getActiveSubscriptionInfo]+ subId=2 subInfo={id=2, iccId=89860116831014056097 simSlotIndex=1 displayName=CARD 2 carrierName=CHN-UNICOM nameSource=0 iconTint=-16746133 dataRoaming=0 iconBitmap=android.graphics.Bitmap@47aa7d0 mcc 460 mnc 1}
09-27 15:12:36.024  2249  8717 D SubscriptionController: [getActiveSubscriptionInfo]+ subId=2 subInfo={id=2, iccId=89860116831014056097 simSlotIndex=1 displayName=CARD 2 carrierName=CHN-UNICOM nameSource=0 iconTint=-16746133 dataRoaming=0 iconBitmap=android.graphics.Bitmap@4be0ace mcc 460 mnc 1}
09-27 15:12:36.029  2249  3218 D SubscriptionController: [getSubId]- numSubIds == 0, return DummySubIds slotIdx=0
09-27 15:12:36.059  2249  2565 D SubscriptionController: [getActiveSubscriptionInfo]+ subId=2 subInfo={id=2, iccId=89860116831014056097 simSlotIndex=1 displayName=CARD 2 carrierName=CHN-UNICOM nameSource=0 iconTint=-16746133 dataRoaming=0 iconBitmap=android.graphics.Bitmap@7e71385 mcc 460 mnc 1}
09-27 15:12:36.064  2249  2262 D SubscriptionController: [getSubId]- numSubIds == 0, return DummySubIds slotIdx=0
09-27 15:12:36.104  2249  2249 D SST     : SubscriptionListener.onSubscriptionInfoChanged
09-27 15:12:36.104  2249  2249 D SubscriptionController: [getSubId]- numSubIds == 0, return DummySubIds slotIdx=0
09-27 15:12:36.104  2249  2249 D SST     : SubscriptionListener.onSubscriptionInfoChanged
09-27 15:12:36.104  2249  2249 D QtiGsmDCT: [1]SubscriptionListener.onSubscriptionInfoChanged
09-27 15:12:36.122  2249  2249 D QtiGsmDCT: [0]SubscriptionListener.onSubscriptionInfoChanged
09-27 15:12:36.122  2249  2249 D SubscriptionController: [getSubId]- numSubIds == 0, return DummySubIds slotIdx=0
09-27 15:12:36.190  2249  2249 D SubscriptionController: [getSubId]- numSubIds == 0, return DummySubIds slotIdx=0
09-27 15:12:36.212  2249  2249 D SubscriptionController: [getActiveSubscriptionInfo]+ subId=2 subInfo={id=2, iccId=89860116831014056097 simSlotIndex=1 displayName=CARD 2 carrierName=CHN-UNICOM nameSource=0 iconTint=-16746133 dataRoaming=0 iconBitmap=android.graphics.Bitmap@b92e3d mcc 460 mnc 1}
09-27 15:12:36.518  2249  2249 D PhoneSwitcher: handle event - 102
09-27 15:12:36.519  2249  2249 D SubscriptionController: [getSubId]- numSubIds == 0, return DummySubIds slotIdx=0
09-27 15:12:36.519  2249  2249 D PhoneSwitcher: isUiccProvisioned = true
09-27 15:12:36.519  2249  2249 D PhoneSwitcher: Broadcast network specifier set intent
09-27 15:12:36.533  2249  2249 D SubscriptionController: [getSubId]- numSubIds == 0, return DummySubIds slotIdx=0
09-27 15:12:36.534  2249  2249 D QtiSubscriptionInfoUpdater:  handleMessage: EVENT:  2
09-27 15:12:36.578  2249  2249 D SubscriptionInfoUpdater: [Receiver]+
09-27 15:12:36.579  2249  2249 D SubscriptionInfoUpdater: Action: android.intent.action.SIM_STATE_CHANGED
09-27 15:12:36.579  2249  2249 D SubscriptionInfoUpdater: slotId: 1
09-27 15:12:36.579  2249  2249 D SubscriptionInfoUpdater: simStatus: LOADED
09-27 15:12:36.579  2249  2249 D SubscriptionInfoUpdater: Ignoring simStatus: LOADED
09-27 15:12:36.579  2249  2249 D SubscriptionInfoUpdater: [Receiver]-
09-27 15:12:36.579  2249  2249 D PhoneSwitcher: mSimStateIntentReceiver: phoneId = 1 value = LOADED
09-27 15:12:36.579  2249  2249 D PhoneSwitcher: SIM READY for phoneId: 1
09-27 15:12:36.617   939  1269 E RILQ    : (1/939): RIL[1][oem_socket1] void qcril_qmi_generic_socket_agent::recv_thread_func(): read 4 bytes length message with length 32
09-27 15:12:36.617   939  1269 E RILQ    : (1/939): RIL[1][oem_socket1] qmi_ril_parse_oem_hook_header: Received un-handled/oem command id = 524328
09-27 15:12:36.622  2249  2249 D SubscriptionController: [getSubId]- numSubIds == 0, return DummySubIds slotIdx=0
09-27 15:12:36.623  2249  2249 D QtiSubscriptionController: getPhoneId, received dummy subId 2147483643
09-27 15:12:36.628   939  1269 E RILQ    : (1/939): RIL[1][oem_socket1] void qcril_qmi_generic_socket_agent::recv_thread_func(): read 4 bytes length message with length 32
09-27 15:12:36.628   939  1269 E RILQ    : (1/939): RIL[1][oem_socket1] qmi_ril_parse_oem_hook_header: Received un-handled/oem command id = 524329
09-27 15:12:36.675   939  1269 E RILQ    : (1/939): RIL[1][oem_socket1] void qcril_qmi_generic_socket_agent::recv_thread_func(): read 4 bytes length message with length 56
09-27 15:12:36.675   939  1269 E RILQ    : (1/939): RIL[1][oem_socket1] qmi_ril_parse_oem_hook_header: Received un-handled/oem command id = 524330
09-27 15:12:36.681  2249  2249 D ImsPhone: handleMessage what=52
09-27 15:12:36.684  2249  2249 D QtiGsmDCT: [1]QtiDcTracker handleMessage msg={ when=-1s62ms what=270345 obj=android.os.AsyncResult@1ece7f5 target=com.qualcomm.qti.internal.telephony.dataconnection.QtiDcTracker }
09-27 15:12:36.684  2249  2249 D QtiGsmDCT: [1]onDataConnectionDetached: stop polling and notify detached
09-27 15:12:36.684  2249  2249 D QtiGsmDCT: [1]stopNetStatPoll
09-27 15:12:36.685   939  1269 E RILQ    : (1/939): RIL[1][oem_socket1] void qcril_qmi_generic_socket_agent::recv_thread_func(): read 4 bytes length message with length 48
09-27 15:12:36.685   939  1269 E RILQ    : (1/939): RIL[1][oem_socket1] qmi_ril_parse_oem_hook_header: Received un-handled/oem command id = 524330
09-27 15:12:36.687  2249  2249 D QtiGsmDCT: [1]notifyDataConnection: reason=dataDetached
09-27 15:12:36.688  2249  2249 D QtiGsmDCT: [1]notifyDataConnection: type:default
09-27 15:12:36.688  2249  2249 D GsmCdmaPhone: [GsmCdmaPhone] getDataConnectionState apnType=default ret=DISCONNECTED
