09-27 15:14:29.454  2249  8205 D SST     : SST.getAllCellInfo(): X size=0 list=null
09-27 15:14:29.454  2249  8205 D RILJ    : [4560]> RIL_REQUEST_GET_CELL_INFO_LIST [SUB1]
09-27 15:14:29.462  2249  2312 D RILJ    : [4560]< RIL_REQUEST_GET_CELL_INFO_LIST [CellInfoWcdma:{mRegistered=YES mTimeStampType=oem_ril mTimeStamp=1275941985240ns CellIdentityWcdma:{ mMcc=460 mMnc=1 mLac=43052 mCid=11761626 mPsc=231 mUarfcn=10663} CellSignalStrengthWcdma: ss=12 ber=99}] [SUB1]
09-27 15:14:29.480  2249  8205 D SST     : SST.getAllCellInfo(): return last, back to back calls
09-27 15:14:29.608  2249  2312 D RILJ    : Unsol response received for UNSOL_OEM_HOOK_RAW Sending ack to ril.cpp [SUB1]
09-27 15:14:29.608  2249  2312 V RILJ    : [UNSL]< UNSOL_OEM_HOOK_RAW 514f454d484f4f4bf70308001b000000767369643d3239373831363036343b63616c6c5f73746174653d31 [SUB1]
09-27 15:14:29.610  2249  2249 D QtiGsmCdmaPhone: handleMessage: Event: 34
09-27 15:14:29.616  2249  2312 D RILJ    : Unsol response received for UNSOL_OEM_HOOK_RAW Sending ack to ril.cpp [SUB1]
09-27 15:14:29.616  2249  2312 V RILJ    : [UNSL]< UNSOL_OEM_HOOK_RAW 514f454d484f4f4bf70308001b000000767369643d3239373831363036343b63616c6c5f73746174653d31 [SUB1]
09-27 15:14:29.618   939  1023 I RILQ    : (1/939):RIL[1][event] qcril_qmi_voice_all_call_status_ind_hdlr: RILVIMS: update 1 calls[a-c-id: 1, q-c-id 1, c-s 8 -> 9]
09-27 15:14:29.618  2249  2249 D QtiGsmCdmaPhone: handleMessage: Event: 34
09-27 15:14:29.627  2249  2312 D RILJ    : Unsol response received for UNSOL_OEM_HOOK_RAW Sending ack to ril.cpp [SUB1]
09-27 15:14:29.628  2249  2312 V RILJ    : [UNSL]< UNSOL_OEM_HOOK_RAW 514f454d484f4f4bf70308001b000000767369643d3239373831363036343b63616c6c5f73746174653d31 [SUB1]
09-27 15:14:29.628  2249  2249 D QtiGsmCdmaPhone: handleMessage: Event: 34
09-27 15:14:29.628  2249  2312 D RILJ    : [4558]< SET_SUPP_SVC_NOTIFICATION  [SUB1]
09-27 15:14:30.593  2249  2312 D RILJ    : Unsol response received for UNSOL_OEM_HOOK_RAW Sending ack to ril.cpp [SUB1]
09-27 15:14:30.593  2249  2312 V RILJ    : [UNSL]< UNSOL_OEM_HOOK_RAW 514f454d484f4f4bef0308000100000003 [SUB1]
09-27 15:14:30.596  2249  2249 D QtiGsmCdmaPhone: handleMessage: Event: 34
09-27 15:14:30.601  2249  2312 D RILJ    : Unsol response received for UNSOL_RESPONSE_VOICE_NETWORK_STATE_CHANGED Sending ack to ril.cpp [SUB1]
09-27 15:14:30.601  2249  2312 D RILJ    : [UNSL]< UNSOL_RESPONSE_VOICE_NETWORK_STATE_CHANGED [SUB1]
09-27 15:14:30.602  2249  2312 D RILJ    : Unsol response received for UNSOL_OEM_HOOK_RAW Sending ack to ril.cpp [SUB1]
09-27 15:14:30.602  2249  2312 V RILJ    : [UNSL]< UNSOL_OEM_HOOK_RAW 514f454d484f4f4bef0308000100000003 [SUB1]
09-27 15:14:30.604  2249  2312 D RILJ    : Unsol response received for UNSOL_RESPONSE_VOICE_NETWORK_STATE_CHANGED Sending ack to ril.cpp [SUB1]
09-27 15:14:30.604  2249  2249 D RILJ    : [4568]> OPERATOR [SUB1]
09-27 15:14:30.604  2249  2312 D RILJ    : [UNSL]< UNSOL_RESPONSE_VOICE_NETWORK_STATE_CHANGED [SUB1]
09-27 15:14:30.606   939  1023 I RILQ    : (1/939):RIL[1][event] qcril_arb_set_dsd_sys_status: old_pref_data 1966186088 - new_data_pref 1966186032
09-27 15:14:30.606   939  1023 I RILQ    : (1/939):RIL[1][event] qcril_arb_set_dsd_sys_status: preferred dsd_sys_status nw=0x0, rat_value=0x1, so_mask=0x0000000000000007
09-27 15:14:30.606   939  1023 I RILQ    : (1/939):RIL[1][event] qcril_arb_set_dsd_sys_status: preferred 1 - dsd_sys_status nw=0x0, rat_value=0x1, so_mask=0x0000000000000007
09-27 15:14:30.606   939  1023 I RILQ    : (1/939):RIL[1][event] qcril_arb_set_dsd_sys_status: is_wwan_available 0
09-27 15:14:30.612  2249  2249 D RILJ    : [4570]> DATA_REGISTRATION_STATE [SUB1]
09-27 15:14:30.612  2249  2312 D RILJ    : Unsol response received for UNSOL_OEM_HOOK_RAW Sending ack to ril.cpp [SUB1]
09-27 15:14:30.612  2249  2312 V RILJ    : [UNSL]< UNSOL_OEM_HOOK_RAW 514f454d484f4f4bef0308000100000003 [SUB1]
09-27 15:14:30.613  2249  2312 D RILJ    : Unsol response received for UNSOL_RESPONSE_VOICE_NETWORK_STATE_CHANGED Sending ack to ril.cpp [SUB1]
09-27 15:14:30.613  2249  2312 D RILJ    : [UNSL]< UNSOL_RESPONSE_VOICE_NETWORK_STATE_CHANGED [SUB1]
09-27 15:14:30.613  2249  2249 D RILJ    : [4572]> VOICE_REGISTRATION_STATE [SUB1]
09-27 15:14:30.615  2249  2249 D RILJ    : [4574]> QUERY_NETWORK_SELECTION_MODE [SUB1]
09-27 15:14:30.615  2249  2312 D RILJ    : Unsol response received for UNSOL_OEM_HOOK_RAW Sending ack to ril.cpp [SUB1]
09-27 15:14:30.615  2249  2312 V RILJ    : [UNSL]< UNSOL_OEM_HOOK_RAW 514f454d484f4f4bfa0308000100000000 [SUB1]
09-27 15:14:30.616  2249  2249 D QtiGsmCdmaPhone: handleMessage: Event: 34
09-27 15:14:30.616  2249  2312 D RILJ    : Unsol response received for UNSOL_RESPONSE_VOICE_NETWORK_STATE_CHANGED Sending ack to ril.cpp [SUB1]
09-27 15:14:30.616  2249  2312 D RILJ    : [UNSL]< UNSOL_RESPONSE_VOICE_NETWORK_STATE_CHANGED [SUB1]
09-27 15:14:30.619  2249  2312 D RILJ    : Unsol response received for UNSOL_DATA_CALL_LIST_CHANGED Sending ack to ril.cpp [SUB1]
09-27 15:14:30.619  2249  2312 D RILJ    : responseDataCallList ver=11 num=1 [SUB1]
09-27 15:14:30.620  2249  2312 D RILJ    : [UNSL]< UNSOL_DATA_CALL_LIST_CHANGED [DataCallResponse: {version=11 status=0 retry=-1 cid=0 active=1 type=IPV4V6 ifname=rmnet_data0 mtu=1500 addresses=[172.24.46.230/30] dnses=[112.65.184.255,210.22.84.3] gateways=[172.24.46.229] pcscf=[]}] [SUB1]
09-27 15:14:30.620  2249  2249 D PhoneSwitcher: handle event - 110
09-27 15:14:30.621  2249  2249 D RILJ    : [4577]> OPERATOR [SUB1]
09-27 15:14:30.622  2249  2249 D RILJ    : [4578]> DATA_REGISTRATION_STATE [SUB1]
09-27 15:14:30.624  2249  2249 D RILJ    : [4579]> VOICE_REGISTRATION_STATE [SUB1]
09-27 15:14:30.624  2249  2434 D Dcc     : onDataStateChanged: dcsList=[DataCallResponse: {version=11 status=0 retry=-1 cid=0 active=1 type=IPV4V6 ifname=rmnet_data0 mtu=1500 addresses=[172.24.46.230/30] dnses=[112.65.184.255,210.22.84.3] gateways=[172.24.46.229] pcscf=[]}] mDcListActiveByCid={0={DC-2: State=DcActiveState mApnSetting=[ApnSettingV3] , 413, 46001, 3gnet, , , , , , -1, default | supl, IPV4V6, IPV4V6, true, 0, 0, 0, false, 0, 0, 0, 0, , , false RefCount=1 mCid=0 mCreateTime=-1 mLastastFailTime=-1 mLastFailCause=NONE mTag=8 mLinkProperties={InterfaceName: rmnet_data0 LinkAddresses: [172.24.46.230/30,]  Routes: [0.0.0.0/0 -> 172.24.46.229 rmnet_data0,] DnsAddresses: [112.65.184.255,210.22.84.3,] Domains: null MTU: 1500 TcpBufferSizes: 4094,87380,1220608,4096,16384,1220608} linkCapabilities=[ Transports: CELLULAR Capabilities: SUPL&INTERNET&NOT_RESTRICTED&TRUSTED&NOT_VPN LinkUpBandwidth>=11264Kbps LinkDnBandwidth>=43008Kbps Specifier: <2>] mRestrictedNetworkOverride=false mApnContexts={{mApnType=default mState=CONNECTED mWaitingApns={[[ApnSettingV3] , 413, 46001, 3gnet, , , , , , -1, default | supl, IPV4V6, IPV4V6, true, 0, 0, 0, false, 0, 0, 0, 0, , , false, [ApnSettingV3] , 414, 46001, 3gwap, 10.0.0.172, http://mmsc.myuni.com.cn, 10.0.0.172, 80, 80, -1, default | supl | mms, IPV4V6, IPV4V6, true, 0, 0, 0, false, 0, 0, 0, 0, , , false]} mApnSetting={[ApnSettingV3] , 413, 46001, 3gnet, , , , , , -1, default | supl, IPV4V6, IPV4V6, true, 0, 0, 0, false, 0, 0, 0, 0, , , false} mReason=simLoaded mDataEnabled=true mDependencyMet=true}={mTag=8 mApnContext={mApnType=default mState=CONNECTED mWaitingApns={[[ApnSettingV3] , 413, 46001, 3gnet, , , , , , -1, default | supl, IPV4V6, IPV4V6, true, 0, 0, 0, false, 0, 0, 0, 0, , , false, [ApnSettingV3] , 414, 46001, 3gwap, 10.0.0.172, http://mmsc.myuni.com.cn, 10.0.0.172, 80, 80, -1, default | supl | mms, IPV4V6, IPV4V6, true, 0, 0, 0, false, 0, 0, 0, 0, , , false]} mApnSetting={[ApnSettingV3] , 413, 46001, 3gnet, , , , , , -1, default | supl, IPV4V6, IPV4V6, true, 0, 0, 0, false, 0, 0, 0, 0, , , false} mReason=simLoaded mDataEnabled=true mDependencyMet=true} mProfileId=0 mRat=14 mOnCompletedMsg={what=0x42000 when=-21m17s104ms obj=Pair{{mApnType=default mState=CONNECTED mWaitingApns={[[ApnSettingV3] , 413, 46001, 3gnet, , , , , , -1, default | supl, IPV4V6, IPV4V6, true, 0, 0, 0, false, 0, 0, 0, 0, , , false, [ApnSettingV3] , 414, 46001, 3gwap, 10.0.0.172, http://mmsc.myuni.com.cn, 10.0.0.172, 80, 80, -1, default | supl | mms, IPV4V6, IPV4V6, true, 0, 0, 0, false, 0, 0, 0, 0, , , false]} mApnSetting={[ApnSettingV3] , 413, 46001, 3gnet, , , , , , -1, default | supl, IPV4V6, IPV4V6, true, 0, 0, 0, false, 0, 0, 0, 0, , , false} mReason=simLoaded mDataEnabled=true mDependencyMet=true} 4} target=Handler (com.qualcomm.qti.internal.telephony.dataconnection.QtiDcTracker) {569093f} replyTo=null}}}}}
09-27 15:14:30.625  2249  2434 D Dcc     : onDataStateChanged: dcsToRetry=[]
09-27 15:14:30.625  2249  2434 D Dcc     : onDataStateChanged: Found ConnId=0 newState=DataCallResponse: {version=11 status=0 retry=-1 cid=0 active=1 type=IPV4V6 ifname=rmnet_data0 mtu=1500 addresses=[172.24.46.230/30] dnses=[112.65.184.255,210.22.84.3] gateways=[172.24.46.229] pcscf=[]}
09-27 15:14:30.625   939  9782 E RILQ    : (1/939): RIL[1][cmd-22(784)] qcril_cm_ss_convert_gsm8bit_alpha_string_to_utf8: Invalid parameters for GSM alphabet to UTF8 conversion, input len = 0
09-27 15:14:30.625   939  9782 E RILQ    : (1/939): RIL[1][cmd-22(784)] qcril_cm_ss_convert_gsm8bit_alpha_string_to_utf8: Invalid parameters for GSM alphabet to UTF8 conversion, input len = 0
09-27 15:14:30.625  2249  2434 D DataCallResponse: addr/pl=172.24.46.230/30
09-27 15:14:30.626  2249  2249 D RILJ    : [4580]> QUERY_NETWORK_SELECTION_MODE [SUB1]
09-27 15:14:30.626  2249  2434 D DC-2    : MTU set by call response to: 1500
09-27 15:14:30.627  2249  2434 D Dcc     : onDataStateChanged: no change
09-27 15:14:30.627  2249  2434 D Dcc     : onDataStateChanged: Data Activity updated to DORMANT. stopNetStatePoll
09-27 15:14:30.627  2249  2434 D Dcc     : onDataStateChanged: dcsToRetry=[] apnsToCleanup=[]
09-27 15:14:30.627  2249  2249 D QtiGsmCdmaPhone: handleMessage: Event: 34
09-27 15:14:30.628  2249  2312 D RILJ    : [4574]< QUERY_NETWORK_SELECTION_MODE {0} [SUB1]
09-27 15:14:30.629  2249  2249 D RILJ    : [4581]> OPERATOR [SUB1]
09-27 15:14:30.630  2249  2249 D RILJ    : [4582]> DATA_REGISTRATION_STATE [SUB1]
09-27 15:14:30.631  2249  2312 D RILJ    : [4572]< VOICE_REGISTRATION_STATE {1, a82c, 00b377da, 3, null, null, null, 0, null, null, 1, null, null, 0, e7} [SUB1]
09-27 15:14:30.632  2249  2249 D RILJ    : [4583]> VOICE_REGISTRATION_STATE [SUB1]
09-27 15:14:30.633  2249  2312 D RILJ    : [4579]< VOICE_REGISTRATION_STATE {1, a82c, 00b377da, 3, null, null, null, 0, null, null, 1, null, null, 0, e7} [SUB1]
09-27 15:14:30.634  2249  2249 D RILJ    : [4584]> QUERY_NETWORK_SELECTION_MODE [SUB1]
09-27 15:14:30.634  2249  2312 D RILJ    : [4568]< OPERATOR {CHN-UNICOM, UNICOM, 46001} [SUB1]
09-27 15:14:30.635  2249  2249 D QtiGsmCdmaPhone: handleMessage: Event: 34
09-27 15:14:30.635  2249  2312 D RILJ    : [4577]< OPERATOR {CHN-UNICOM, UNICOM, 46001} [SUB1]
09-27 15:14:30.636  2249  2312 D RILJ    : [4570]< DATA_REGISTRATION_STATE {1, a82c, 00b377da, 11, null, 20, null, null, null, null, null} [SUB1]
09-27 15:14:30.636  2249  2312 D RILJ    : [4578]< DATA_REGISTRATION_STATE {1, a82c, 00b377da, 11, null, 20, null, null, null, null, null} [SUB1]
09-27 15:14:30.637  2249  2312 D RILJ    : [4580]< QUERY_NETWORK_SELECTION_MODE {0} [SUB1]
09-27 15:14:30.642   939  9787 E RILQ    : (1/939): RIL[1][cmd-22(784)] qcril_cm_ss_convert_gsm8bit_alpha_string_to_utf8: Invalid parameters for GSM alphabet to UTF8 conversion, input len = 0
09-27 15:14:30.642   939  9787 E RILQ    : (1/939): RIL[1][cmd-22(784)] qcril_cm_ss_convert_gsm8bit_alpha_string_to_utf8: Invalid parameters for GSM alphabet to UTF8 conversion, input len = 0
09-27 15:14:30.645  2249  2312 D RILJ    : [4581]< OPERATOR {CHN-UNICOM, UNICOM, 46001} [SUB1]
09-27 15:14:30.649  2249  2312 D RILJ    : [4582]< DATA_REGISTRATION_STATE {1, a82c, 00b377da, 11, null, 20, null, null, null, null, null} [SUB1]
09-27 15:14:30.649  2249  2312 D RILJ    : [4583]< VOICE_REGISTRATION_STATE {1, a82c, 00b377da, 3, null, null, null, 0, null, null, 1, null, null, 0, e7} [SUB1]
09-27 15:14:30.650  2249  2312 D RILJ    : [4584]< QUERY_NETWORK_SELECTION_MODE {0} [SUB1]
09-27 15:14:30.652  2249  2249 D RILJ    : [4585]> OPERATOR [SUB1]
09-27 15:14:30.663  2249  2249 D RILJ    : [4586]> DATA_REGISTRATION_STATE [SUB1]
09-27 15:14:30.665  2249  2249 D RILJ    : [4587]> VOICE_REGISTRATION_STATE [SUB1]
09-27 15:14:30.666  2249  2249 D RILJ    : [4588]> QUERY_NETWORK_SELECTION_MODE [SUB1]
09-27 15:14:30.668   939  9791 E RILQ    : (1/939): RIL[1][cmd-22(784)] qcril_cm_ss_convert_gsm8bit_alpha_string_to_utf8: Invalid parameters for GSM alphabet to UTF8 conversion, input len = 0
09-27 15:14:30.668   939  9791 E RILQ    : (1/939): RIL[1][cmd-22(784)] qcril_cm_ss_convert_gsm8bit_alpha_string_to_utf8: Invalid parameters for GSM alphabet to UTF8 conversion, input len = 0
09-27 15:14:30.668  2249  2249 D QtiGsmDCT: [1]QtiDcTracker handleMessage msg={ when=-48ms what=270340 obj=android.os.AsyncResult@1245937 target=com.qualcomm.qti.internal.telephony.dataconnection.QtiDcTracker }
09-27 15:14:30.669  2249  2249 D QtiGsmDCT: [1]QtiDcTracker handleMessage msg={ when=-42ms what=270376 obj=DORMANT target=com.qualcomm.qti.internal.telephony.dataconnection.QtiDcTracker }
09-27 15:14:30.669  2249  2249 D QtiGsmDCT: [1]stopNetStatPoll
09-27 15:14:30.670  2249  2312 D RILJ    : [4585]< OPERATOR {CHN-UNICOM, UNICOM, 46001} [SUB1]
09-27 15:14:30.674  2249  2312 D RILJ    : [4588]< QUERY_NETWORK_SELECTION_MODE {0} [SUB1]
09-27 15:14:30.675  2249  2312 D RILJ    : [4586]< DATA_REGISTRATION_STATE {1, a82c, 00b377da, 11, null, 20, null, null, null, null, null} [SUB1]
09-27 15:14:30.681  2249  2249 D QtiGsmDCT: [1]setActivity = DORMANT
09-27 15:14:30.682  2249  2312 D RILJ    : [4587]< VOICE_REGISTRATION_STATE {1, a82c, 00b377da, 3, null, null, null, 0, null, null, 1, null, null, 0, e7} [SUB1]
09-27 15:14:30.683  2249  2249 D SST     : EVENT_POLL_STATE_NETWORK_SELECTION_MODE
09-27 15:14:30.683  2249  2249 D SST     : EVENT_POLL_STATE_NETWORK_SELECTION_MODE
09-27 15:14:30.684  2249  2249 D PhoneSwitcher: handle event - 110
09-27 15:14:30.685  2249  2249 D SST     : EVENT_POLL_STATE_NETWORK_SELECTION_MODE
09-27 15:14:30.685  2249  2249 D PhoneSwitcher: handle event - 110
09-27 15:14:30.686  2249  2249 D SST     : EVENT_POLL_STATE_NETWORK_SELECTION_MODE
09-27 15:14:30.686  2249  2249 D SST     : handlPollStateResultMessage: GsmSST setDataRegState=0 regState=1 dataRadioTechnology=11
09-27 15:14:30.688  2249  2249 D SST     : Poll ServiceState done:  oldSS=[0 0 voice home data home CHN-UNICOM UNICOM 46001 CHN-UNICOM UNICOM 46001  UMTS HSPAP CSS not supported -1 -1 RoamInd=-1 DefRoamInd=-1 EmergOnly=false IsDataRoamingFromRegistration=false IsUsingCarrierAggregation=false mRilImsRadioTechnology=0] newSS=[0 0 voice home data home CHN-UNICOM UNICOM 46001 CHN-UNICOM UNICOM 46001  UMTS HSPA CSS not supported -1 -1 RoamInd=-1 DefRoamInd=-1 EmergOnly=false IsDataRoamingFromRegistration=false IsUsingCarrierAggregation=false mRilImsRadioTechnology=0] oldMaxDataCalls=20 mNewMaxDataCalls=20 oldReasonDataDenied=-1 mNewReasonDataDenied=-1
09-27 15:14:30.689  2249  2249 D PhoneSwitcher: handle event - 110
09-27 15:14:31.438  2249  2312 D RILJ    : Unsol response received for UNSOL_DATA_CALL_LIST_CHANGED Sending ack to ril.cpp [SUB1]
09-27 15:14:31.438  2249  2312 D RILJ    : responseDataCallList ver=11 num=1 [SUB1]
09-27 15:14:31.438  2249  2312 D RILJ    : [UNSL]< UNSOL_DATA_CALL_LIST_CHANGED [DataCallResponse: {version=11 status=0 retry=-1 cid=0 active=2 type=IPV4V6 ifname=rmnet_data0 mtu=1500 addresses=[172.24.46.230/30] dnses=[112.65.184.255,210.22.84.3] gateways=[172.24.46.229] pcscf=[]}] [SUB1]
09-27 15:14:31.439  2249  2249 D QtiGsmDCT: [1]QtiDcTracker handleMessage msg={ when=0 what=270340 obj=android.os.AsyncResult@c3dc40d target=com.qualcomm.qti.internal.telephony.dataconnection.QtiDcTracker }
09-27 15:14:31.447  2249  2434 D Dcc     : onDataStateChanged: dcsList=[DataCallResponse: {version=11 status=0 retry=-1 cid=0 active=2 type=IPV4V6 ifname=rmnet_data0 mtu=1500 addresses=[172.24.46.230/30] dnses=[112.65.184.255,210.22.84.3] gateways=[172.24.46.229] pcscf=[]}] mDcListActiveByCid={0={DC-2: State=DcActiveState mApnSetting=[ApnSettingV3] , 413, 46001, 3gnet, , , , , , -1, default | supl, IPV4V6, IPV4V6, true, 0, 0, 0, false, 0, 0, 0, 0, , , false RefCount=1 mCid=0 mCreateTime=-1 mLastastFailTime=-1 mLastFailCause=NONE mTag=8 mLinkProperties={InterfaceName: rmnet_data0 LinkAddresses: [172.24.46.230/30,]  Routes: [0.0.0.0/0 -> 172.24.46.229 rmnet_data0,] DnsAddresses: [112.65.184.255,210.22.84.3,] Domains: null MTU: 1500 TcpBufferSizes: 4094,87380,1220608,4096,16384,1220608} linkCapabilities=[ Transports: CELLULAR Capabilities: SUPL&INTERNET&NOT_RESTRICTED&TRUSTED&NOT_VPN LinkUpBandwidth>=11264Kbps LinkDnBandwidth>=43008Kbps Specifier: <2>] mRestrictedNetworkOverride=false mApnContexts={{mApnType=default mState=CONNECTED mWaitingApns={[[ApnSettingV3] , 413, 46001, 3gnet, , , , , , -1, default | supl, IPV4V6, IPV4V6, true, 0, 0, 0, false, 0, 0, 0, 0, , , false, [ApnSettingV3] , 414, 46001, 3gwap, 10.0.0.172, http://mmsc.myuni.com.cn, 10.0.0.172, 80, 80, -1, default | supl | mms, IPV4V6, IPV4V6, true, 0, 0, 0, false, 0, 0, 0, 0, , , false]} mApnSetting={[ApnSettingV3] , 413, 46001, 3gnet, , , , , , -1, default | supl, IPV4V6, IPV4V6, true, 0, 0, 0, false, 0, 0, 0, 0, , , false} mReason=simLoaded mDataEnabled=true mDependencyMet=true}={mTag=8 mApnContext={mApnType=default mState=CONNECTED mWaitingApns={[[ApnSettingV3] , 413, 46001, 3gnet, , , , , , -1, default | supl, IPV4V6, IPV4V6, true, 0, 0, 0, false, 0, 0, 0, 0, , , false, [ApnSettingV3] , 414, 46001, 3gwap, 10.0.0.172, http://mmsc.myuni.com.cn, 10.0.0.172, 80, 80, -1, default | supl | mms, IPV4V6, IPV4V6, true, 0, 0, 0, false, 0, 0, 0, 0, , , false]} mApnSetting={[ApnSettingV3] , 413, 46001, 3gnet, , , , , , -1, default | supl, IPV4V6, IPV4V6, true, 0, 0, 0, false, 0, 0, 0, 0, , , false} mReason=simLoaded mDataEnabled=true mDependencyMet=true} mProfileId=0 mRat=14 mOnCompletedMsg={what=0x42000 when=-21m17s927ms obj=Pair{{mApnType=default mState=CONNECTED mWaitingApns={[[ApnSettingV3] , 413, 46001, 3gnet, , , , , , -1, default | supl, IPV4V6, IPV4V6, true, 0, 0, 0, false, 0, 0, 0, 0, , , false, [ApnSettingV3] , 414, 46001, 3gwap, 10.0.0.172, http://mmsc.myuni.com.cn, 10.0.0.172, 80, 80, -1, default | supl | mms, IPV4V6, IPV4V6, true, 0, 0, 0, false, 0, 0, 0, 0, , , false]} mApnSetting={[ApnSettingV3] , 413, 46001, 3gnet, , , , , , -1, default | supl, IPV4V6, IPV4V6, true, 0, 0, 0, false, 0, 0, 0, 0, , , false} mReason=simLoaded mDataEnabled=true mDependencyMet=true} 4} target=Handler (com.qualcomm.qti.internal.telephony.dataconnection.QtiDcTracker) {569093f} replyTo=null}}}}}
09-27 15:14:31.447  2249  2434 D Dcc     : onDataStateChanged: dcsToRetry=[]
09-27 15:14:31.447  2249  2434 D Dcc     : onDataStateChanged: Found ConnId=0 newState=DataCallResponse: {version=11 status=0 retry=-1 cid=0 active=2 type=IPV4V6 ifname=rmnet_data0 mtu=1500 addresses=[172.24.46.230/30] dnses=[112.65.184.255,210.22.84.3] gateways=[172.24.46.229] pcscf=[]}
09-27 15:14:31.448  2249  2434 D DataCallResponse: addr/pl=172.24.46.230/30
09-27 15:14:31.449  2249  2434 D DC-2    : MTU set by call response to: 1500
09-27 15:14:31.450  2249  2434 D Dcc     : onDataStateChanged: no change
09-27 15:14:31.450  2249  2434 D Dcc     : onDataStateChanged: Data Activity updated to NONE. isAnyDataCallActive = true isAnyDataCallDormant = false
09-27 15:14:31.450  2249  2434 D Dcc     : onDataStateChanged: dcsToRetry=[] apnsToCleanup=[]
09-27 15:14:31.451  2249  2249 D QtiGsmDCT: [1]QtiDcTracker handleMessage msg={ when=-1ms what=270376 arg1=1 obj=NONE target=com.qualcomm.qti.internal.telephony.dataconnection.QtiDcTracker }
09-27 15:14:31.451  2249  2249 D QtiGsmDCT: [1]startNetStatPoll
09-27 15:14:31.462  2249  2331 D SubscriptionController: [getSubId]- numSubIds == 0, return DummySubIds slotIdx=0
09-27 15:14:31.464  2249  2564 D SubscriptionController: [getSubId]- numSubIds == 0, return DummySubIds slotIdx=0
09-27 15:14:31.469  2249  2249 D QtiGsmDCT: [1]setActivity = NONE
09-27 15:14:31.474  2249  2312 D RILJ    : Unsol response received for UNSOL_OEM_HOOK_RAW Sending ack to ril.cpp [SUB1]
09-27 15:14:31.474  2249  2312 V RILJ    : [UNSL]< UNSOL_OEM_HOOK_RAW 514f454d484f4f4b1d04080002000000ffff [SUB1]
09-27 15:14:31.474  2249  2249 D QtiGsmCdmaPhone: handleMessage: Event: 34
09-27 15:14:31.481  2249  2312 D RILJ    : Unsol response received for UNSOL_RESPONSE_VOICE_NETWORK_STATE_CHANGED Sending ack to ril.cpp [SUB1]
09-27 15:14:31.481  2249  2312 D RILJ    : [UNSL]< UNSOL_RESPONSE_VOICE_NETWORK_STATE_CHANGED [SUB1]
09-27 15:14:31.481  2249  2249 D RILJ    : [4592]> OPERATOR [SUB1]
09-27 15:14:31.482   939  1023 I RILQ    : (1/939):RIL[1][event] qcril_qmi_nas_evaluate_custom_emergency_numbers_for_card: cur_status 7424, card_state 3
09-27 15:14:31.482   939  1023 I RILQ    : (1/939):RIL[1][event] qcril_qmi_nas_evaluate_custom_emergency_numbers_for_card: card_mcc 460, card_mnc 01
09-27 15:14:31.484   939  1023 I RILQ    : (1/939):RIL[1][event] qcril_qmi_nas_add_emergency_numbers: matched with source mcc table using IMSI MCC
09-27 15:14:31.485   939  1023 I RILQ    : (1/939):RIL[1][event] qcril_qmi_nas_add_emergency_numbers: matched with source voice table using IMSI MCC
09-27 15:14:31.485   939  1023 I RILQ    : (1/939):RIL[1][event] qcril_qmi_nas_add_emergency_numbers: Update ril ecclist
09-27 15:14:31.485   939  1023 E RILQ    : (1/939): RIL[1][event] get_ecc_property_name: ecc list name : ril.ecclist1.
09-27 15:14:31.485  2249  2249 D RILJ    : [4593]> DATA_REGISTRATION_STATE [SUB1]
09-27 15:14:31.487  2249  2249 D RILJ    : [4594]> VOICE_REGISTRATION_STATE [SUB1]
09-27 15:14:31.490  2249  2249 D RILJ    : [4595]> QUERY_NETWORK_SELECTION_MODE [SUB1]
09-27 15:14:31.492   939  9798 E RILQ    : (1/939): RIL[1][cmd-22(784)] qcril_cm_ss_convert_gsm8bit_alpha_string_to_utf8: Invalid parameters for GSM alphabet to UTF8 conversion, input len = 0
09-27 15:14:31.492   939  9798 E RILQ    : (1/939): RIL[1][cmd-22(784)] qcril_cm_ss_convert_gsm8bit_alpha_string_to_utf8: Invalid parameters for GSM alphabet to UTF8 conversion, input len = 0
09-27 15:14:31.495   939  1023 E RILQ    : (1/939): RIL[1][event] get_ecc_property_name: ecc list name : ril.ecclist1.
09-27 15:14:31.496  2249  2312 D RILJ    : [4592]< OPERATOR {CHN-UNICOM, UNICOM, 46001} [SUB1]
09-27 15:14:31.502  2249  2312 D RILJ    : Unsol response received for UNSOL_OEM_HOOK_RAW Sending ack to ril.cpp [SUB1]
09-27 15:14:31.502  2249  2312 V RILJ    : [UNSL]< UNSOL_OEM_HOOK_RAW 514f454d484f4f4b1d04080002000000ffff [SUB1]
09-27 15:14:31.502  2249  2249 D QtiGsmCdmaPhone: handleMessage: Event: 34
09-27 15:14:31.503  2249  2312 D RILJ    : [4594]< VOICE_REGISTRATION_STATE {1, 1879, 00a09c1f, 14, null, null, null, 0, null, null, null, null, null, 0, null} [SUB1]
09-27 15:14:31.503   939  1023 I RILQ    : (1/939):RIL[1][event] qcril_arb_set_dsd_sys_status: old_pref_data 1966186088 - new_data_pref 1966186032
09-27 15:14:31.503   939  1023 I RILQ    : (1/939):RIL[1][event] qcril_arb_set_dsd_sys_status: preferred dsd_sys_status nw=0x0, rat_value=0x0, so_mask=0x0000000000000000
09-27 15:14:31.503   939  1023 I RILQ    : (1/939):RIL[1][event] qcril_arb_set_dsd_sys_status: preferred 1 - dsd_sys_status nw=0x0, rat_value=0x0, so_mask=0x0000000000000000
09-27 15:14:31.503   939  1023 I RILQ    : (1/939):RIL[1][event] qcril_arb_set_dsd_sys_status: is_wwan_available 0
09-27 15:14:31.503  2249  2312 D RILJ    : [4593]< DATA_REGISTRATION_STATE {1, null, null, 11, null, 20, null, null, null, null, null} [SUB1]
09-27 15:14:31.504   939  1023 I RILQ    : (1/939):RIL[1][event] qcril_qmi_nas_reset_data_snapshot_cache_and_timer: Resetting snapshot timer
09-27 15:14:31.504  2249  2249 D SST     : handlPollStateResultMessage: GsmSST setDataRegState=0 regState=1 dataRadioTechnology=11
09-27 15:14:31.507  2249  2312 D RILJ    : Unsol response received for UNSOL_OEM_HOOK_RAW Sending ack to ril.cpp [SUB1]
09-27 15:14:31.508   939  1023 I RILQ    : (1/939):RIL[1][event] qcril_arb_set_dsd_sys_status: old_pref_data 1966186088 - new_data_pref 1966186032
09-27 15:14:31.508   939  1023 I RILQ    : (1/939):RIL[1][event] qcril_arb_set_dsd_sys_status: preferred dsd_sys_status nw=0x0, rat_value=0x3, so_mask=0x0000000000001000
09-27 15:14:31.508   939  1023 I RILQ    : (1/939):RIL[1][event] qcril_arb_set_dsd_sys_status: preferred 1 - dsd_sys_status nw=0x0, rat_value=0x3, so_mask=0x0000000000001000
09-27 15:14:31.508   939  1023 I RILQ    : (1/939):RIL[1][event] qcril_arb_set_dsd_sys_status: is_wwan_available 0
09-27 15:14:31.509  2249  2312 V RILJ    : [UNSL]< UNSOL_OEM_HOOK_RAW 514f454d484f4f4bfa0308000100000000 [SUB1]
09-27 15:14:31.509  2249  2249 D QtiGsmCdmaPhone: handleMessage: Event: 34
09-27 15:14:31.511  2249  2312 D RILJ    : Unsol response received for UNSOL_RESPONSE_VOICE_NETWORK_STATE_CHANGED Sending ack to ril.cpp [SUB1]
09-27 15:14:31.511  2249  2312 D RILJ    : [UNSL]< UNSOL_RESPONSE_VOICE_NETWORK_STATE_CHANGED [SUB1]
09-27 15:14:31.512  2249  2312 D RILJ    : [4595]< QUERY_NETWORK_SELECTION_MODE {0} [SUB1]
09-27 15:14:31.516  2249  2312 D RILJ    : Unsol response received for UNSOL_OEM_HOOK_RAW Sending ack to ril.cpp [SUB1]
09-27 15:14:31.517  2249  2312 V RILJ    : [UNSL]< UNSOL_OEM_HOOK_RAW 514f454d484f4f4bfa0308000100000000 [SUB1]
09-27 15:14:31.519  2249  2312 D RILJ    : Unsol response received for UNSOL_RESPONSE_VOICE_NETWORK_STATE_CHANGED Sending ack to ril.cpp [SUB1]
09-27 15:14:31.519  2249  2312 D RILJ    : [UNSL]< UNSOL_RESPONSE_VOICE_NETWORK_STATE_CHANGED [SUB1]
09-27 15:14:31.556  2249  2249 D RILJ    : [4601]> OPERATOR [SUB1]
09-27 15:14:31.560  2249  2249 D RILJ    : [4602]> DATA_REGISTRATION_STATE [SUB1]
09-27 15:14:31.565   939  9804 E RILQ    : (1/939): RIL[1][cmd-22(784)] qcril_cm_ss_convert_gsm8bit_alpha_string_to_utf8: Invalid parameters for GSM alphabet to UTF8 conversion, input len = 0
09-27 15:14:31.565   939  9804 E RILQ    : (1/939): RIL[1][cmd-22(784)] qcril_cm_ss_convert_gsm8bit_alpha_string_to_utf8: Invalid parameters for GSM alphabet to UTF8 conversion, input len = 0
09-27 15:14:31.565  2249  2249 D RILJ    : [4603]> VOICE_REGISTRATION_STATE [SUB1]
09-27 15:14:31.567  2249  2312 D RILJ    : [4601]< OPERATOR {CHN-UNICOM, UNICOM, 46001} [SUB1]
09-27 15:14:31.569  2249  2249 D RILJ    : [4604]> QUERY_NETWORK_SELECTION_MODE [SUB1]
09-27 15:14:31.572  2249  2249 D SST     : EVENT_POLL_STATE_NETWORK_SELECTION_MODE
09-27 15:14:31.572  2249  2249 D QtiGsmCdmaPhone: handleMessage: Event: 34
09-27 15:14:31.581  2249  2312 D RILJ    : [4602]< DATA_REGISTRATION_STATE {1, null, 00a09c1f, 14, null, 20, 6265, 476, 10525727, null, null} [SUB1]
09-27 15:14:31.581  2249  2249 D RILJ    : [4606]> OPERATOR [SUB1]
09-27 15:14:31.583  2249  2249 D RILJ    : [4607]> DATA_REGISTRATION_STATE [SUB1]
09-27 15:14:31.584  2249  2312 D RILJ    : Unsol response received for UNSOL_RESPONSE_VOICE_NETWORK_STATE_CHANGED Sending ack to ril.cpp [SUB1]
09-27 15:14:31.584  2249  2312 D RILJ    : [UNSL]< UNSOL_RESPONSE_VOICE_NETWORK_STATE_CHANGED [SUB1]
09-27 15:14:31.585  2249  2249 D RILJ    : [4608]> VOICE_REGISTRATION_STATE [SUB1]
09-27 15:14:31.585  2249  2312 D RILJ    : [4604]< QUERY_NETWORK_SELECTION_MODE {0} [SUB1]
09-27 15:14:31.586  2249  2249 D RILJ    : [4609]> QUERY_NETWORK_SELECTION_MODE [SUB1]
09-27 15:14:31.587  2249  2312 D RILJ    : [4603]< VOICE_REGISTRATION_STATE {1, 1879, 00a09c1f, 14, null, null, null, 0, null, null, 1, null, null, 0, null} [SUB1]
09-27 15:14:31.590  2249  2249 D RILJ    : [4610]> OPERATOR [SUB1]
09-27 15:14:31.592  2249  2249 D RILJ    : [4611]> DATA_REGISTRATION_STATE [SUB1]
09-27 15:14:31.595  2249  2249 D RILJ    : [4612]> VOICE_REGISTRATION_STATE [SUB1]
09-27 15:14:31.596   939  9808 E RILQ    : (1/939): RIL[1][cmd-22(784)] qcril_cm_ss_convert_gsm8bit_alpha_string_to_utf8: Invalid parameters for GSM alphabet to UTF8 conversion, input len = 0
09-27 15:14:31.596   939  9808 E RILQ    : (1/939): RIL[1][cmd-22(784)] qcril_cm_ss_convert_gsm8bit_alpha_string_to_utf8: Invalid parameters for GSM alphabet to UTF8 conversion, input len = 0
09-27 15:14:31.597  2249  2249 D RILJ    : [4613]> QUERY_NETWORK_SELECTION_MODE [SUB1]
09-27 15:14:31.599  2249  2312 D RILJ    : [4606]< OPERATOR {CHN-UNICOM, UNICOM, 46001} [SUB1]
09-27 15:14:31.600  2249  2249 D SST     : EVENT_POLL_STATE_NETWORK_SELECTION_MODE
09-27 15:14:31.600  2249  2312 D RILJ    : [4610]< OPERATOR {CHN-UNICOM, UNICOM, 46001} [SUB1]
09-27 15:14:31.601  2249  2249 D PhoneSwitcher: handle event - 110
09-27 15:14:31.602  2249  2312 D RILJ    : [4607]< DATA_REGISTRATION_STATE {1, null, 00a09c1f, 14, null, 20, 6265, 476, 10525727, null, null} [SUB1]
09-27 15:14:31.602  2249  2249 D PhoneSwitcher: handle event - 110
09-27 15:14:31.602  2249  2312 D RILJ    : [4611]< DATA_REGISTRATION_STATE {1, null, 00a09c1f, 14, null, 20, 6265, 476, 10525727, null, null} [SUB1]
09-27 15:14:31.603  2249  2249 D SST     : handlPollStateResultMessage: GsmSST setDataRegState=0 regState=1 dataRadioTechnology=14
09-27 15:14:31.603  2249  2312 D RILJ    : [4609]< QUERY_NETWORK_SELECTION_MODE {0} [SUB1]
09-27 15:14:31.603  2249  2249 D SST     : EVENT_POLL_STATE_NETWORK_SELECTION_MODE
09-27 15:14:31.603  2249  2312 D RILJ    : [4613]< QUERY_NETWORK_SELECTION_MODE {0} [SUB1]
09-27 15:14:31.604  2249  2249 D SST     : EVENT_POLL_STATE_NETWORK_SELECTION_MODE
09-27 15:14:31.605  2249  2312 D RILJ    : [4608]< VOICE_REGISTRATION_STATE {1, 1879, 00a09c1f, 14, null, null, null, 0, null, null, 1, null, null, 0, null} [SUB1]
09-27 15:14:31.605  2249  2312 D RILJ    : [4612]< VOICE_REGISTRATION_STATE {1, 1879, 00a09c1f, 14, null, null, null, 0, null, null, 1, null, null, 0, null} [SUB1]
09-27 15:14:31.610  2249  2249 D SST     : Poll ServiceState done:  oldSS=[0 0 voice home data home CHN-UNICOM UNICOM 46001 CHN-UNICOM UNICOM 46001  UMTS HSPAP CSS not supported -1 -1 RoamInd=-1 DefRoamInd=-1 EmergOnly=false IsDataRoamingFromRegistration=false IsUsingCarrierAggregation=false mRilImsRadioTechnology=0] newSS=[0 0 voice home data home CHN-UNICOM UNICOM 46001 CHN-UNICOM UNICOM 46001  LTE LTE CSS not supported -1 -1 RoamInd=-1 DefRoamInd=-1 EmergOnly=false IsDataRoamingFromRegistration=false IsUsingCarrierAggregation=false mRilImsRadioTechnology=0] oldMaxDataCalls=20 mNewMaxDataCalls=20 oldReasonDataDenied=-1 mNewReasonDataDenied=-1
09-27 15:14:31.610  2249  2249 D SST     : RAT switched UMTS -> LTE at cell 10525727
09-27 15:14:31.610  2249  2249 D TelephonyManager: setTelephonyProperty: success phoneId=1 property=gsm.network.type value: LTE propVal=Unknown,LTE
09-27 15:14:31.621  2249  2249 D SIMRecords: [SIMRecords] getServiceProviderName: no brandOverride, providerName=UNICOM
09-27 15:14:31.621  2249  2249 D SIMRecords: [SIMRecords] getServiceProviderName: no brandOverride, providerName=UNICOM
09-27 15:14:31.643  2249  2249 D TelephonyManager: setTelephonyProperty: success phoneId=1 property=gsm.operator.alpha value: CHN-UNICOM propVal=,CHN-UNICOM
09-27 15:14:31.645  2249  2249 D TelephonyManager: setTelephonyProperty: success phoneId=1 property=gsm.operator.numeric value: 46001 propVal=,46001
09-27 15:14:31.647  2249  2249 D TelephonyManager: setTelephonyProperty: success phoneId=1 property=gsm.operator.iso-country value: cn propVal=,cn
09-27 15:14:31.649  2249  2249 D SST     : pollStateDone: there are 2 unique offsets for iso-cc='cn testOneUniqueOffsetPath=false', do nothing
09-27 15:14:31.650  2249  2249 D SST     : shouldFixTimeZoneNow: retVal=false iccCardExist=true operatorNumeric=46001 mcc=460 prevOperatorNumeric=46001 prevMcc=460 needToFixTimeZone=false ltod=09-27 15:14:31.649
09-27 15:14:31.650  2249  2249 D TelephonyManager: setTelephonyProperty: success phoneId=1 property=gsm.operator.isroaming value: false propVal=false,false
09-27 15:14:31.651  2249  2249 D SST     : Broadcasting ServiceState : 0 0 voice home data home CHN-UNICOM UNICOM 46001 CHN-UNICOM UNICOM 46001  LTE LTE CSS not supported -1 -1 RoamInd=-1 DefRoamInd=-1 EmergOnly=false IsDataRoamingFromRegistration=false IsUsingCarrierAggregation=false mRilImsRadioTechnology=0
09-27 15:14:31.651  2249  2249 D DefaultPhoneNotifier: nofityServiceState: mRegistry=com.android.internal.telephony.ITelephonyRegistry$Stub$Proxy@f25c375 ss=0 0 voice home data home CHN-UNICOM UNICOM 46001 CHN-UNICOM UNICOM 46001  LTE LTE CSS not supported -1 -1 RoamInd=-1 DefRoamInd=-1 EmergOnly=false IsDataRoamingFromRegistration=false IsUsingCarrierAggregation=false mRilImsRadioTechnology=0 sender=Handler (com.qualcomm.qti.internal.telephony.QtiGsmCdmaPhone) {83d56a2} phondId=1 subId=2
09-27 15:14:31.671  2249  2565 D GsmCdmaPhone: [GsmCdmaPhone] getDataConnectionState apnType=default ret=CONNECTED
09-27 15:14:31.696  2249  3218 D SubscriptionController: [getSubId]- numSubIds == 0, return DummySubIds slotIdx=0
09-27 15:14:31.697  2249  2249 D SST     : notifyDataRegStateRilRadioTechnologyChanged: drs=0 rat=14
09-27 15:14:31.697  2249  2249 D TelephonyManager: setTelephonyProperty: success phoneId=1 property=gsm.network.type value: LTE propVal=Unknown,LTE
09-27 15:14:31.698  2249  2249 D QtiGsmDCT: [1]get all active apn types
09-27 15:14:31.698  2249  2249 D GsmCdmaPhone: [GsmCdmaPhone] getDataConnectionState apnType=default ret=CONNECTED
09-27 15:14:31.698  2249  2434 D DC-1    : DcInactiveState nothandled msg.what=EVENT_DATA_CONNECTION_DRS_OR_RAT_CHANGED
09-27 15:14:31.698  2249  2434 D DC-1    : DcDefault msg=EVENT_DATA_CONNECTION_DRS_OR_RAT_CHANGED RefCount=0
09-27 15:14:31.699  2249  2434 D DC-1    : DcDefaultState: EVENT_DATA_CONNECTION_DRS_OR_RAT_CHANGED drs=0 mRilRat=14
09-27 15:14:31.699  2249  2434 D DC-2    : DcActiveState not handled msg.what=EVENT_DATA_CONNECTION_DRS_OR_RAT_CHANGED
09-27 15:14:31.699  2249  2434 D DC-2    : DcDefault msg=EVENT_DATA_CONNECTION_DRS_OR_RAT_CHANGED RefCount=1
09-27 15:14:31.699  2249  2434 D DC-2    : DcDefaultState: EVENT_DATA_CONNECTION_DRS_OR_RAT_CHANGED drs=0 mRilRat=14
09-27 15:14:31.701  2249  2249 D QtiGsmDCT: [1]return link properites for default
09-27 15:14:31.706  2249  2434 D DC-2    : DcActiveState not handled msg.what=REQ_GET_LINK_PROPERTIES
09-27 15:14:31.706  2249  2434 D DC-2    : DcDefault msg=REQ_GET_LINK_PROPERTIES RefCount=1
09-27 15:14:31.707  2249  2434 D DC-2    : REQ_GET_LINK_PROPERTIES linkProperties{InterfaceName: rmnet_data0 LinkAddresses: [172.24.46.230/30,]  Routes: [0.0.0.0/0 -> 172.24.46.229 rmnet_data0,] DnsAddresses: [112.65.184.255,210.22.84.3,] Domains: null MTU: 1500 TcpBufferSizes: 2097152,4194304,8388608,262144,524288,1048576}
09-27 15:14:31.707  2249  2249 D QtiGsmDCT: [1]get active pdp is not null, return NetworkCapabilities for default
09-27 15:14:31.707  2249  2434 D DC-2    : DcActiveState not handled msg.what=REQ_GET_NETWORK_CAPABILITIES
09-27 15:14:31.707  2249  2434 D DC-2    : DcDefault msg=REQ_GET_NETWORK_CAPABILITIES RefCount=1
09-27 15:14:31.712  2249  2434 D DC-2    : REQ_GET_NETWORK_CAPABILITIES networkCapabilities[ Transports: CELLULAR Capabilities: SUPL&INTERNET&NOT_RESTRICTED&TRUSTED&NOT_VPN LinkUpBandwidth>=51200Kbps LinkDnBandwidth>=102400Kbps Specifier: <2>]
09-27 15:14:31.721  2249  2249 D CdmaSSM : subscriptionSource from settings: 0
09-27 15:14:31.738  1774  1981 D TelephonyRegistry: Notify data connection state changed on sub: 2
09-27 15:14:31.738  1774  1981 D TelephonyRegistry: Notify data connection state changed on sub: 2
09-27 15:14:31.739  1774  1981 D TelephonyRegistry: Notify data connection state changed on sub: 2
09-27 15:14:31.761  2249  2249 D SST     : getCellLocation(): X good mCellLoc=[6265,10525727,-1]
09-27 15:14:31.763  1774  2746 D TelephonyRegistry: notifyCellLocationForSubscriber: subId=2 cellLocation=Bundle[mParcelledData.dataSize=64]
09-27 15:14:31.765  2249  8717 D RILJ    : [4614]> RIL_REQUEST_GET_CELL_INFO_LIST [SUB0]
09-27 15:14:31.769  2249  2308 D RilRequest: [4614]< RIL_REQUEST_GET_CELL_INFO_LIST error: com.android.internal.telephony.CommandException: SYSTEM_ERR ret=
09-27 15:14:31.770  2249  6709 D SubscriptionController: [getActiveSubscriptionInfo]+ subId=2 subInfo={id=2, iccId=89860116831014056097 simSlotIndex=1 displayName=UNICOM carrierName=UNICOM nameSource=0 iconTint=-16746133 dataRoaming=0 iconBitmap=android.graphics.Bitmap@b5b51d3 mcc 460 mnc 1}
09-27 15:14:31.781  2249  2249 D ImsPhone: handleMessage what=52
09-27 15:14:31.781  2249  2249 D QtiGsmDCT: [1]QtiDcTracker handleMessage msg={ when=-83ms what=270377 obj=android.os.AsyncResult@2b2f60e target=com.qualcomm.qti.internal.telephony.dataconnection.QtiDcTracker }
09-27 15:14:31.781  2249  2249 D QtiGsmDCT: [1]setupDataOnConnectableApns: nwTypeChanged emergency:[state=IDLE,enabled=false] mms:[state=IDLE,enabled=false] supl:[state=IDLE,enabled=false] hipri:[state=IDLE,enabled=false] dun:[state=IDLE,enabled=false] fota:[state=IDLE,enabled=false] ims:[state=IDLE,enabled=false] default:[state=CONNECTED,enabled=true] cbs:[state=IDLE,enabled=false] 
09-27 15:14:31.782  2249  2249 D ImsPhone: handleMessage what=51
09-27 15:14:31.782  2249  2249 D ImsPhone: EVENT_DEFAULT_PHONE_DATA_STATE_CHANGED
09-27 15:14:31.782  2249  2249 D ImsPhone: updateDataServiceState: defSs = 0 0 voice home data home CHN-UNICOM UNICOM 46001 CHN-UNICOM UNICOM 46001  LTE LTE CSS not supported -1 -1 RoamInd=-1 DefRoamInd=-1 EmergOnly=false IsDataRoamingFromRegistration=false IsUsingCarrierAggregation=false mRilImsRadioTechnology=0 imsSs = 1 0 voice home data home null null null null null null  Unknown LTE CSS not supported -1 -1 RoamInd=-1 DefRoamInd=-1 EmergOnly=false IsDataRoamingFromRegistration=false IsUsingCarrierAggregation=false mRilImsRadioTechnology=0
09-27 15:14:31.782  2249  2249 D SubscriptionController: [getSubId]- numSubIds == 0, return DummySubIds slotIdx=0
09-27 15:14:31.788  2249  8205 D SubscriptionController: [getActiveSubscriptionInfo]+ subId=2 subInfo={id=2, iccId=89860116831014056097 simSlotIndex=1 displayName=UNICOM carrierName=UNICOM nameSource=0 iconTint=-16746133 dataRoaming=0 iconBitmap=android.graphics.Bitmap@9ff382f mcc 460 mnc 1}
09-27 15:14:31.795  2249  3218 D SST     : getCellLocation(): X good mCellLoc=[6265,10525727,-1]
09-27 15:14:31.798  2249  2249 D SST     : EVENT_GET_CELL_INFO_LIST: error ret null, e=com.android.internal.telephony.CommandException: SYSTEM_ERR
09-27 15:14:31.798  2249  8717 D SST     : SST.getAllCellInfo(): X size=0 list=null
09-27 15:14:31.798  2249  8717 D RILJ    : [4615]> RIL_REQUEST_GET_CELL_INFO_LIST [SUB1]
09-27 15:14:31.801  2249  2565 D SubscriptionController: [getSubId]- numSubIds == 0, return DummySubIds slotIdx=0
09-27 15:14:31.812  2249  2312 D RILJ    : [4615]< RIL_REQUEST_GET_CELL_INFO_LIST [CellInfoLte:{mRegistered=YES mTimeStampType=oem_ril mTimeStamp=1278284626593ns CellIdentityLte:{ mMcc=460 mMnc=1 mCi=10525727 mPci=476 mTac=6265 mEarfcn=1650} CellSignalStrengthLte: ss=25 rsrp=-91 rsrq=-6 rssnr=2147483647 cqi=2147483647 ta=0}, CellInfoLte:{mRegistered=NO mTimeStampType=oem_ril mTimeStamp=1278284626593ns CellIdentityLte:{ mMcc=2147483647 mMnc=2147483647 mCi=2147483647 mPci=100 mTac=2147483647 mEarfcn=1650} CellSignalStrengthLte: ss=20 rsrp=-106 rsrq=-20 rssnr=2147483647 cqi=2147483647 ta=2147483647}, CellInfoLte:{mRegistered=NO mTimeStampType=oem_ril mTimeStamp=1278284626593ns CellIdentityLte:{ mMcc=2147483647 mMnc=2147483647 mCi=2147483647 mPci=127 mTac=2147483647 mEarfcn=1650} CellSignalStrengthLte: ss=20 rsrp=-98 rsrq=-15 rssnr=2147483647 cqi=2147483647 ta=2147483647}, CellInfoLte:{mRegistered=NO mTimeStampType=oem_ril mTimeStamp=1278284626593ns CellIdentityLte:{ mMcc=2147483647 mMnc=2147483647 mCi=2147483647 mPci=109 mTac=2147483647 mEarfcn=1650} CellSignalStrengthLte: ss=18 rsrp=-100 rsrq=-16 rssnr=2147483647 cqi=2147483647 ta=2147483647}, CellInfoLte:{mRegistered=NO mTimeStampType=oem_ril mTimeStamp=1278284626593ns CellIdentityLte:{ mMcc=2147483647 mMnc=2147483647 mCi=2147483647 mPci=73 mTac=2147483647 mEarfcn=1650} CellSignalStrengthLte: ss=19 rsrp=-108 rsrq=-20 rssnr=2147483647 cqi=2147483647 ta=2147483647}, CellInfoLte:{mRegistered=NO mTimeStampType=oem_ril mTimeStamp=1278284626593ns CellIdentityLte:{ mMcc=2147483647 mMnc=2147483647 mCi=2147483647 mPci=165 mTac=2147483647 mEarfcn=1650} CellSignalStrengthLte: ss=19 rsrp=-106 rsrq=-20 rssnr=2147483647 cqi=2147483647 ta=2147483647}] [SUB1]
09-27 15:14:31.814  2249  8717 D SST     : SST.getAllCellInfo(): return last, back to back calls
09-27 15:14:31.840  2249  3218 D SubscriptionController: [getActiveSubscriptionInfo]+ subId=2 subInfo={id=2, iccId=89860116831014056097 simSlotIndex=1 displayName=UNICOM carrierName=UNICOM nameSource=0 iconTint=-16746133 dataRoaming=0 iconBitmap=android.graphics.Bitmap@4ac651a mcc 460 mnc 1}
09-27 15:14:31.851  2249  2332 D SST     : SST.getAllCellInfo(): return last, back to back calls
09-27 15:14:31.851  2249  2332 D SST     : SST.getAllCellInfo(): X size=0 list=null
09-27 15:14:31.851  2249  2332 D SST     : SST.getAllCellInfo(): return last, back to back calls
09-27 15:14:31.851  2249  8778 D SubscriptionController: [getSubId]- numSubIds == 0, return DummySubIds slotIdx=0
09-27 15:14:31.851  2249  2332 D SST     : SST.getAllCellInfo(): return last, back to back calls
09-27 15:14:31.881  2249  8205 D QtiGsmDCT: [1]setPolicyDataEnabled: true
09-27 15:14:31.881  2249  2249 D QtiGsmDCT: [1]QtiDcTracker handleMessage msg={ when=0 what=270368 arg1=1 target=com.qualcomm.qti.internal.telephony.dataconnection.QtiDcTracker }
09-27 15:14:31.881  2249  2249 D CdmaSSM : subscriptionSource from settings: 0
09-27 15:14:31.904  2249  2564 D SubscriptionController: [getActiveSubscriptionInfo]+ subId=2 subInfo={id=2, iccId=89860116831014056097 simSlotIndex=1 displayName=UNICOM carrierName=UNICOM nameSource=0 iconTint=-16746133 dataRoaming=0 iconBitmap=android.graphics.Bitmap@cd8bb41 mcc 460 mnc 1}
09-27 15:14:31.912  2249  3181 D SubscriptionController: [getSubId]- numSubIds == 0, return DummySubIds slotIdx=0
09-27 15:14:32.043  2249  2249 D QtiGsmDCT: [0]NETWORK_STATE_CHANGED_ACTION: mIsWifiConnected=false
09-27 15:14:32.044  2249  2249 D QtiGsmDCT: [1]NETWORK_STATE_CHANGED_ACTION: mIsWifiConnected=false
09-27 15:14:32.051  6385  6385 D PhoneNumberUtils: slotId:1 subId:2 country:null useExactMatch:true emergencyNumbers: 112,000,08,118,122,911,999,119,120,110,*911,#911
09-27 15:14:32.092  6385  6385 D PhoneNumberUtils: slotId:1 subId:2 country:null useExactMatch:true emergencyNumbers: 112,000,08,118,122,911,999,119,120,110,*911,#911
09-27 15:14:32.196  6385  6385 D PhoneNumberUtils: slotId:1 subId:2 country:null useExactMatch:true emergencyNumbers: 112,000,08,118,122,911,999,119,120,110,*911,#911
09-27 15:14:32.230  6385  6385 D PhoneNumberUtils: slotId:1 subId:2 country:null useExactMatch:true emergencyNumbers: 112,000,08,118,122,911,999,119,120,110,*911,#911
09-27 15:14:32.241  6385  6385 D PhoneNumberUtils: slotId:1 subId:2 country:null useExactMatch:true emergencyNumbers: 112,000,08,118,122,911,999,119,120,110,*911,#911
09-27 15:14:32.261  6385  6385 D PhoneNumberUtils: slotId:1 subId:2 country:null useExactMatch:true emergencyNumbers: 112,000,08,118,122,911,999,119,120,110,*911,#911
09-27 15:14:32.335  6385  6385 D PhoneNumberUtils: slotId:1 subId:2 country:null useExactMatch:true emergencyNumbers: 112,000,08,118,122,911,999,119,120,110,*911,#911
09-27 15:14:32.343  6385  6385 D PhoneNumberUtils: slotId:1 subId:2 country:null useExactMatch:true emergencyNumbers: 112,000,08,118,122,911,999,119,120,110,*911,#911
09-27 15:14:32.350  6385  6385 D PhoneNumberUtils: slotId:1 subId:2 country:null useExactMatch:true emergencyNumbers: 112,000,08,118,122,911,999,119,120,110,*911,#911
09-27 15:14:32.357  6385  6385 D PhoneNumberUtils: slotId:1 subId:2 country:null useExactMatch:true emergencyNumbers: 112,000,08,118,122,911,999,119,120,110,*911,#911
09-27 15:14:32.364  6385  6385 D PhoneNumberUtils: slotId:1 subId:2 country:null useExactMatch:true emergencyNumbers: 112,000,08,118,122,911,999,119,120,110,*911,#911
09-27 15:14:32.376  6385  6385 D PhoneNumberUtils: slotId:1 subId:2 country:null useExactMatch:true emergencyNumbers: 112,000,08,118,122,911,999,119,120,110,*911,#911
09-27 15:14:32.584  2249  8717 D SubscriptionController: [getPhoneId] asked for default subId=2
09-27 15:14:32.777  2249  2261 D SubscriptionController: [getActiveSubInfoCount]+
09-27 15:14:32.787  2249  2249 D QtiGsmDCT: [0]NETWORK_STATE_CHANGED_ACTION: mIsWifiConnected=false
09-27 15:14:32.788  2249  2249 D QtiGsmDCT: [1]NETWORK_STATE_CHANGED_ACTION: mIsWifiConnected=false
09-27 15:14:32.809  2249  2261 D SubscriptionController: [getActiveSubInfoCount]- count: 1
09-27 15:14:32.919  2249  8205 D SubscriptionController: [getActiveSubscriptionInfo]+ subId=2 subInfo={id=2, iccId=89860116831014056097 simSlotIndex=1 displayName=UNICOM carrierName=UNICOM nameSource=0 iconTint=-16746133 dataRoaming=0 iconBitmap=android.graphics.Bitmap@da7d72 mcc 460 mnc 1}
09-27 15:14:33.024  2249  8205 D SubscriptionController: [getActiveSubscriptionInfo]+ subId=2 subInfo={id=2, iccId=89860116831014056097 simSlotIndex=1 displayName=UNICOM carrierName=UNICOM nameSource=0 iconTint=-16746133 dataRoaming=0 iconBitmap=android.graphics.Bitmap@5cefebe mcc 460 mnc 1}
09-27 15:14:33.088  2249  3218 D SubscriptionController: [getActiveSubscriptionInfo]+ subId=2 subInfo={id=2, iccId=89860116831014056097 simSlotIndex=1 displayName=UNICOM carrierName=UNICOM nameSource=0 iconTint=-16746133 dataRoaming=0 iconBitmap=android.graphics.Bitmap@5f848ca mcc 460 mnc 1}
09-27 15:14:33.190  2249  2331 D SubscriptionController: [getActiveSubscriptionInfo]+ subId=2 subInfo={id=2, iccId=89860116831014056097 simSlotIndex=1 displayName=UNICOM carrierName=UNICOM nameSource=0 iconTint=-16746133 dataRoaming=0 iconBitmap=android.graphics.Bitmap@fa5f6b1 mcc 460 mnc 1}
09-27 15:14:33.252  6385  6385 D PhoneNumberUtils: slotId:1 subId:2 country:null useExactMatch:true emergencyNumbers: 112,000,08,118,122,911,999,119,120,110,*911,#911
09-27 15:14:33.256  2249  8778 D SubscriptionController: [getActiveSubscriptionInfo]+ subId=2 subInfo={id=2, iccId=89860116831014056097 simSlotIndex=1 displayName=UNICOM carrierName=UNICOM nameSource=0 iconTint=-16746133 dataRoaming=0 iconBitmap=android.graphics.Bitmap@356bf17 mcc 460 mnc 1}
09-27 15:14:33.262  6385  6385 D PhoneNumberUtils: slotId:1 subId:2 country:null useExactMatch:true emergencyNumbers: 112,000,08,118,122,911,999,119,120,110,*911,#911
09-27 15:14:33.271  6385  6385 D PhoneNumberUtils: slotId:1 subId:2 country:null useExactMatch:true emergencyNumbers: 112,000,08,118,122,911,999,119,120,110,*911,#911
09-27 15:14:33.279  6385  6385 D PhoneNumberUtils: slotId:1 subId:2 country:null useExactMatch:true emergencyNumbers: 112,000,08,118,122,911,999,119,120,110,*911,#911
09-27 15:14:33.287  6385  6385 D PhoneNumberUtils: slotId:1 subId:2 country:null useExactMatch:true emergencyNumbers: 112,000,08,118,122,911,999,119,120,110,*911,#911
09-27 15:14:33.304  6385  6385 D PhoneNumberUtils: slotId:1 subId:2 country:null useExactMatch:true emergencyNumbers: 112,000,08,118,122,911,999,119,120,110,*911,#911
09-27 15:14:33.637  2249  3218 D SubscriptionController: [getActiveSubscriptionInfo]+ subId=2 subInfo={id=2, iccId=89860116831014056097 simSlotIndex=1 displayName=UNICOM carrierName=UNICOM nameSource=0 iconTint=-16746133 dataRoaming=0 iconBitmap=android.graphics.Bitmap@bf24ced mcc 460 mnc 1}
09-27 15:14:33.668  2249  2261 D SubscriptionController: [getActiveSubscriptionInfo]+ subId=2 subInfo={id=2, iccId=89860116831014056097 simSlotIndex=1 displayName=UNICOM carrierName=UNICOM nameSource=0 iconTint=-16746133 dataRoaming=0 iconBitmap=android.graphics.Bitmap@47e35b3 mcc 460 mnc 1}
09-27 15:14:33.860  2249  2564 D SubscriptionController: [getActiveSubInfoForSubscriber]- subId=1 subList=[{id=2, iccId=89860116831014056097 simSlotIndex=1 displayName=UNICOM carrierName=UNICOM nameSource=0 iconTint=-16746133 dataRoaming=0 iconBitmap=android.graphics.Bitmap@933cae9 mcc 460 mnc 1}] subInfo=null
09-27 15:14:33.890  2249  6709 D SubscriptionController: [getActiveSubInfoForSubscriber]- subId=1 subList=[{id=2, iccId=89860116831014056097 simSlotIndex=1 displayName=UNICOM carrierName=UNICOM nameSource=0 iconTint=-16746133 dataRoaming=0 iconBitmap=android.graphics.Bitmap@b9c7a0f mcc 460 mnc 1}] subInfo=null
09-27 15:14:33.957  2249  2262 D SubscriptionController: [getActiveSubscriptionInfo]+ subId=2 subInfo={id=2, iccId=89860116831014056097 simSlotIndex=1 displayName=UNICOM carrierName=UNICOM nameSource=0 iconTint=-16746133 dataRoaming=0 iconBitmap=android.graphics.Bitmap@3f52ca5 mcc 460 mnc 1}
09-27 15:14:33.988  2249  3218 D SubscriptionController: [getActiveSubscriptionInfo]+ subId=2 subInfo={id=2, iccId=89860116831014056097 simSlotIndex=1 displayName=UNICOM carrierName=UNICOM nameSource=0 iconTint=-16746133 dataRoaming=0 iconBitmap=android.graphics.Bitmap@ab0a82b mcc 460 mnc 1}
09-27 15:14:34.017  2249  2332 D SubscriptionController: [getActiveSubscriptionInfo]+ subId=2 subInfo={id=2, iccId=89860116831014056097 simSlotIndex=1 displayName=UNICOM carrierName=UNICOM nameSource=0 iconTint=-16746133 dataRoaming=0 iconBitmap=android.graphics.Bitmap@cb0ee21 mcc 460 mnc 1}
09-27 15:14:34.045  2249  8717 D SubscriptionController: [getActiveSubscriptionInfo]+ subId=2 subInfo={id=2, iccId=89860116831014056097 simSlotIndex=1 displayName=UNICOM carrierName=UNICOM nameSource=0 iconTint=-16746133 dataRoaming=0 iconBitmap=android.graphics.Bitmap@a8f9c07 mcc 460 mnc 1}
