10-11 17:54:50.851  8744  8953 W ActivityThread: ClassLoader.getResources: The class loader returned by Thread.getContextClassLoader() may fail for processes that host multiple applications. You should explicitly specify a context class loader. For example: Thread.setContextClassLoader(getClass().getClassLoader());
10-11 17:54:51.008  1774  3423 D PowerManagerService: getScreenOffTimeoutLocked:  isTestFlag = false
10-11 17:54:51.091  1774  3110 I ActivityManager: Start proc 9021:com.google.android.deskclock/u0a46 for broadcast com.google.android.deskclock/com.android.deskclock.AlarmInitReceiver
10-11 17:54:51.363  1774  4389 D PowerManagerService: getScreenOffTimeoutLocked:  isTestFlag = false
10-11 17:54:51.407  1774  2801 D PowerManagerService: getScreenOffTimeoutLocked:  isTestFlag = false
10-11 17:54:51.422  1774  3748 D PowerManagerService: getScreenOffTimeoutLocked:  isTestFlag = false
10-11 17:54:51.425  1774  3748 D PowerManagerService: getScreenOffTimeoutLocked:  isTestFlag = false
10-11 17:54:51.427  1774  3748 D PowerManagerService: getScreenOffTimeoutLocked:  isTestFlag = false
10-11 17:54:51.530  1774  3110 D PowerManagerService: getScreenOffTimeoutLocked:  isTestFlag = false
10-11 17:54:51.544  1774  4389 D PowerManagerService: getScreenOffTimeoutLocked:  isTestFlag = false
10-11 17:54:51.552  1774  1817 D PowerManagerService: getScreenOffTimeoutLocked:  isTestFlag = false
10-11 17:54:51.632  1774  3934 D PowerManagerService: getScreenOffTimeoutLocked:  isTestFlag = false
10-11 17:54:51.632  1774  2803 D PowerManagerService: getScreenOffTimeoutLocked:  isTestFlag = false
10-11 17:54:51.635  1774  3868 D PowerManagerService: getScreenOffTimeoutLocked:  isTestFlag = false
10-11 17:54:51.636  1774  3912 D PowerManagerService: getScreenOffTimeoutLocked:  isTestFlag = false
10-11 17:54:51.801  1774  3421 D PowerManagerService: getScreenOffTimeoutLocked:  isTestFlag = false
10-11 17:54:51.805  1774  3748 D PowerManagerService: getScreenOffTimeoutLocked:  isTestFlag = false
10-11 17:54:51.819  1774  3934 D PowerManagerService: getScreenOffTimeoutLocked:  isTestFlag = false
10-11 17:54:51.872  1774  3110 I ActivityManager: Start proc 9061:com.qualcomm.qti.logkit/1000 for broadcast com.qualcomm.qti.logkit/.cBroadcastReceiver
10-11 17:54:51.938  1774  3422 D PowerManagerService: getScreenOffTimeoutLocked:  isTestFlag = false
10-11 17:54:51.950  1774  3895 D PowerManagerService: getScreenOffTimeoutLocked:  isTestFlag = false
10-11 17:54:51.965  1774  3423 D PowerManagerService: getScreenOffTimeoutLocked:  isTestFlag = false
10-11 17:54:51.973  1774  2801 D PowerManagerService: getScreenOffTimeoutLocked:  isTestFlag = false
10-11 17:54:52.027  1774  4389 D PowerManagerService: getScreenOffTimeoutLocked:  isTestFlag = false
10-11 17:54:52.041  1774  3868 D PowerManagerService: getScreenOffTimeoutLocked:  isTestFlag = false
10-11 17:54:52.120  1774  3934 I ActivityManager: Start proc 9081:com.qualcomm.timeservice/1000 for broadcast com.qualcomm.timeservice/.TimeServiceBroadcastReceiver
10-11 17:54:52.137  1774  3421 I ActivityManager: Killing 8237:com.google.android.music:main/u0a73 (adj 906): empty #17
10-11 17:54:52.195  1774  3421 D ActivityManager: cleanUpApplicationRecord -- 8237
10-11 17:54:52.309  1774  3868 D PowerManagerService: getScreenOffTimeoutLocked:  isTestFlag = false
10-11 17:54:52.316  1774  3423 D PowerManagerService: getScreenOffTimeoutLocked:  isTestFlag = false
10-11 17:54:52.329  1774  3895 D PowerManagerService: getScreenOffTimeoutLocked:  isTestFlag = false
10-11 17:54:52.333  1774  3194 D PowerManagerService: getScreenOffTimeoutLocked:  isTestFlag = false
10-11 17:54:52.341  1774  3934 D PowerManagerService: getScreenOffTimeoutLocked:  isTestFlag = false
10-11 17:54:52.343  1774  3933 D PowerManagerService: getScreenOffTimeoutLocked:  isTestFlag = false
10-11 17:54:52.346  1774  2803 D PowerManagerService: getScreenOffTimeoutLocked:  isTestFlag = false
10-11 17:54:52.349  1774  3895 D PowerManagerService: getScreenOffTimeoutLocked:  isTestFlag = false
10-11 17:54:52.363  1774  3748 D PowerManagerService: getScreenOffTimeoutLocked:  isTestFlag = false
10-11 17:54:52.371  1774  3110 I ActivityManager: Start proc 9109:in.amazon.mShop.android.shopping/u0a80 for broadcast in.amazon.mShop.android.shopping/com.amazon.identity.auth.device.storage.LambortishClock$ChangeTimestampsBroadcastReceiver
10-11 17:54:52.380  1774  3110 I ActivityManager: Killing 8275:com.android.chrome/u0a52 (adj 906): empty #17
10-11 17:54:52.428  1774  3895 D ActivityManager: cleanUpApplicationRecord -- 8275
10-11 17:54:52.531  1774  3423 D PowerManagerService: getScreenOffTimeoutLocked:  isTestFlag = false
10-11 17:54:52.602  1774  1816 D PowerManagerService: getScreenOffTimeoutLocked:  isTestFlag = false
10-11 17:54:52.809  1774  2801 D PowerManagerService: getScreenOffTimeoutLocked:  isTestFlag = false
10-11 17:54:52.816  1774  3933 D PowerManagerService: getScreenOffTimeoutLocked:  isTestFlag = false
10-11 17:54:53.230  1774  1817 D PowerManagerService: getScreenOffTimeoutLocked:  isTestFlag = false
10-11 17:54:53.308  1774  2803 D PowerManagerService: getScreenOffTimeoutLocked:  isTestFlag = false
10-11 17:54:53.348  1774  3934 D PowerManagerService: getScreenOffTimeoutLocked:  isTestFlag = false
10-11 17:54:53.409  1774  3869 D PowerManagerService: getScreenOffTimeoutLocked:  isTestFlag = false
10-11 17:54:53.412  1774  3419 D PowerManagerService: getScreenOffTimeoutLocked:  isTestFlag = false
10-11 17:54:53.414  1774  3194 D PowerManagerService: getScreenOffTimeoutLocked:  isTestFlag = false
10-11 17:54:53.418  1774  1817 D PowerManagerService: getScreenOffTimeoutLocked:  isTestFlag = false
10-11 17:54:53.422  1774  3423 D PowerManagerService: getScreenOffTimeoutLocked:  isTestFlag = false
10-11 17:54:53.460  1774  3421 D PowerManagerService: getScreenOffTimeoutLocked:  isTestFlag = false
10-11 17:54:53.475  1774  3422 D PowerManagerService: getScreenOffTimeoutLocked:  isTestFlag = false
10-11 17:54:53.482  1774  3868 D PowerManagerService: getScreenOffTimeoutLocked:  isTestFlag = false
10-11 17:54:53.608  1774  3869 D PowerManagerService: getScreenOffTimeoutLocked:  isTestFlag = false
10-11 17:54:53.616  1774  3194 D PowerManagerService: getScreenOffTimeoutLocked:  isTestFlag = false
10-11 17:54:53.627  1774  2801 D PowerManagerService: getScreenOffTimeoutLocked:  isTestFlag = false
10-11 17:54:53.628  1774  1816 D PowerManagerService: getScreenOffTimeoutLocked:  isTestFlag = false
10-11 17:54:53.632  1774  3934 D PowerManagerService: getScreenOffTimeoutLocked:  isTestFlag = false
10-11 17:54:53.882  1774  3422 I ActivityManager: Start proc 9198:com.google.android.music:main/u0a73 for broadcast com.google.android.music/.autocache.AutoCacheSchedulingService$EnablingReceiver
10-11 17:54:53.893  1774  3422 I ActivityManager: Killing 5941:com.android.exchange/u0a50 (adj 906): empty #17
10-11 17:54:53.915  1774  3895 D PowerManagerService: getScreenOffTimeoutLocked:  isTestFlag = false
10-11 17:54:53.985  1774  1816 D ActivityManager: cleanUpApplicationRecord -- 5941
10-11 17:54:54.013  1774  3110 D PowerManagerService: getScreenOffTimeoutLocked:  isTestFlag = false
10-11 17:54:54.066  1774  3110 D PowerManagerService: getScreenOffTimeoutLocked:  isTestFlag = false
10-11 17:54:54.073  1774  2803 D PowerManagerService: getScreenOffTimeoutLocked:  isTestFlag = false
10-11 17:54:54.084  1774  3895 D PowerManagerService: getScreenOffTimeoutLocked:  isTestFlag = false
10-11 17:54:54.086  1774  3868 D PowerManagerService: getScreenOffTimeoutLocked:  isTestFlag = false
10-11 17:54:54.139  1774  2803 D PowerManagerService: getScreenOffTimeoutLocked:  isTestFlag = false
10-11 17:54:54.428  1774  3421 D PowerManagerService: getScreenOffTimeoutLocked:  isTestFlag = false
10-11 17:54:54.429  1774  3748 D PowerManagerService: getScreenOffTimeoutLocked:  isTestFlag = false
10-11 17:54:54.432  1774  3422 D PowerManagerService: getScreenOffTimeoutLocked:  isTestFlag = false
10-11 17:54:55.642  1774  3895 D PowerManagerService: getScreenOffTimeoutLocked:  isTestFlag = false
10-11 17:54:55.741  1774  1818 D PowerManagerService: getScreenOffTimeoutLocked:  isTestFlag = false
10-11 17:54:55.743  1774  1818 D PowerManagerService: getScreenOffTimeoutLocked:  isTestFlag = false
10-11 17:54:56.219  1774  4389 I ActivityManager: Killing 8109:com.google.android.apps.photos/u0a94 (adj 906): empty #17
10-11 17:54:56.276  1774  3421 D ActivityManager: cleanUpApplicationRecord -- 8109
10-11 17:54:56.277  1774  1816 D PowerManagerService: getScreenOffTimeoutLocked:  isTestFlag = false
10-11 17:54:56.340  1774  3194 D PowerManagerService: getScreenOffTimeoutLocked:  isTestFlag = false
10-11 17:54:56.349  1774  3110 D PowerManagerService: getScreenOffTimeoutLocked:  isTestFlag = false
10-11 17:54:56.380  1774  3421 D PowerManagerService: getScreenOffTimeoutLocked:  isTestFlag = false
10-11 17:54:56.381  1774  1817 D PowerManagerService: getScreenOffTimeoutLocked:  isTestFlag = false
10-11 17:54:56.382  1774  3868 I ActivityManager: Killing 7992:com.google.process.gapps/u0a56 (adj 906): empty #17
10-11 17:54:56.391  1774  2803 D PowerManagerService: getScreenOffTimeoutLocked:  isTestFlag = false
10-11 17:54:56.407  1774  3422 D PowerManagerService: getScreenOffTimeoutLocked:  isTestFlag = false
10-11 17:54:56.416  1774  1817 D PowerManagerService: getScreenOffTimeoutLocked:  isTestFlag = false
10-11 17:54:56.421  1774  3933 D ActivityManager: cleanUpApplicationRecord -- 7992
10-11 17:54:56.425  1774  3934 D PowerManagerService: getScreenOffTimeoutLocked:  isTestFlag = false
10-11 17:54:56.437  1774  3422 D PowerManagerService: getScreenOffTimeoutLocked:  isTestFlag = false
10-11 17:54:56.438  1774  3419 D PowerManagerService: getScreenOffTimeoutLocked:  isTestFlag = false
10-11 17:54:56.444  1774  3869 D PowerManagerService: getScreenOffTimeoutLocked:  isTestFlag = false
10-11 17:54:56.535  1774  2803 D PowerManagerService: getScreenOffTimeoutLocked:  isTestFlag = false
10-11 17:54:56.538  1774  1817 D PowerManagerService: getScreenOffTimeoutLocked:  isTestFlag = false
10-11 17:54:56.610  1774  3110 D PowerManagerService: getScreenOffTimeoutLocked:  isTestFlag = false
10-11 17:54:56.615  1774  3933 D PowerManagerService: getScreenOffTimeoutLocked:  isTestFlag = false
10-11 17:54:56.623  1774  3868 D PowerManagerService: getScreenOffTimeoutLocked:  isTestFlag = false
10-11 17:54:56.702  1774  3422 D PowerManagerService: getScreenOffTimeoutLocked:  isTestFlag = false
10-11 17:54:56.709  1774  3912 D PowerManagerService: getScreenOffTimeoutLocked:  isTestFlag = false
10-11 17:54:56.712  1774  3869 D PowerManagerService: getScreenOffTimeoutLocked:  isTestFlag = false
10-11 17:54:56.717  1774  3934 D PowerManagerService: getScreenOffTimeoutLocked:  isTestFlag = false
10-11 17:54:56.773  1774  3748 D PowerManagerService: getScreenOffTimeoutLocked:  isTestFlag = false
10-11 17:54:56.839  1774  3933 I ActivityManager: Start proc 9267:com.android.cellbroadcastreceiver/u0a7 for broadcast com.android.cellbroadcastreceiver/.CellBroadcastReceiver
10-11 17:54:56.883  1774  3868 I ActivityManager: Killing 4553:android.process.acore/u0a1 (adj 906): empty #17
10-11 17:54:56.936  1774  1817 D CountryDetector: No listener is left
10-11 17:54:56.945  1774  3423 D ActivityManager: cleanUpApplicationRecord -- 4553
10-11 17:54:56.999  1774  1818 D PowerManagerService: getScreenOffTimeoutLocked:  isTestFlag = false
10-11 17:54:57.002  1774  1774 D PowerManagerService: getScreenOffTimeoutLocked:  isTestFlag = false
10-11 17:54:57.008  1774  1816 I ActivityManager: Killing 8320:com.google.android.youtube/u0a96 (adj 906): empty #17
10-11 17:54:57.057  1774  1818 D PowerManagerService: getScreenOffTimeoutLocked:  isTestFlag = false
10-11 17:54:57.086  1774  1816 I ActivityManager: Killing 5560:com.google.android.gms.unstable/u0a15 (adj 906): empty #17
10-11 17:54:57.088  1774  1818 D PowerManagerService: getScreenOffTimeoutLocked:  isTestFlag = false
10-11 17:54:57.106  1774  1817 D ConnectivityService: ConnectivityService NetworkRequestInfo binderDied(NetworkRequest [ LISTEN id=13, [ Capabilities: INTERNET&NOT_RESTRICTED&TRUSTED&FOREGROUND] ], android.os.BinderProxy@411143)
10-11 17:54:57.108  1774  3895 D ActivityManager: cleanUpApplicationRecord -- 8320
10-11 17:54:57.110  1774  3042 E ConnectivityService: RemoteException caught trying to send a callback msg for NetworkRequest [ LISTEN id=13, [ Capabilities: INTERNET&NOT_RESTRICTED&TRUSTED&FOREGROUND] ]
10-11 17:54:57.148  1774  3748 D PowerManagerService: getScreenOffTimeoutLocked:  isTestFlag = false
10-11 17:54:57.156  1774  3194 D PowerManagerService: getScreenOffTimeoutLocked:  isTestFlag = false
10-11 17:54:57.159  1774  3869 D PowerManagerService: getScreenOffTimeoutLocked:  isTestFlag = false
10-11 17:54:57.211  1774  1817 D ActivityManager: cleanUpApplicationRecord -- 5560
10-11 17:54:57.216  5920  5920 W ContextImpl: Calling a method in the system process without a qualified user: android.app.ContextImpl.startService:1357 android.content.ContextWrapper.startService:613 android.content.ContextWrapper.startService:613 com.qualcomm.simcontacts.SimStateReceiver.sendSimState:83 com.qualcomm.simcontacts.SimStateReceiver.onReceive:53 
10-11 17:54:57.259  1774  3421 I ActivityManager: Start proc 9287:org.codeaurora.ims/1001 for broadcast org.codeaurora.ims/.ImsServiceAutoboot
10-11 17:54:57.300  1774  3912 I ActivityManager: Start proc 9301:android.process.acore/u0a1 for content provider com.android.providers.contacts/.ContactsProvider2
10-11 17:54:57.302  4046  4685 E ActivityThread: Failed to find provider info for com.google.android.wearable.settings
10-11 17:54:57.566  1774  3934 I ActivityManager: Start proc 9318:org.simalliance.openmobileapi.service/1000 for broadcast org.simalliance.openmobileapi.service/.SmartcardServiceBootCompletedBroadcastReceiver
10-11 17:54:57.577  1774  3934 I ActivityManager: Killing 7451:com.android.email/u0a49 (adj 906): empty #17
10-11 17:54:57.664  1774  1818 I ActivityManager: Start proc 9336:com.android.printspooler/u0a75 for service com.android.printspooler/.model.PrintSpoolerService
10-11 17:54:57.665  1774  3869 D ActivityManager: cleanUpApplicationRecord -- 7451
10-11 17:54:57.904  1774  3933 I ActivityManager: Start proc 9354:tenor.consumer.android/u0a61 for broadcast tenor.consumer.android/servify.android.consumer.diagnosis.remoteDiagnosis.PhoneStateReceiver
10-11 17:54:57.911  1774  3933 I ActivityManager: Killing 8088:com.google.android.gms.ui/u0a15 (adj 906): empty #17
10-11 17:54:57.979  1774  3869 D ActivityManager: cleanUpApplicationRecord -- 8088
10-11 17:54:58.162  1774  3423 D PowerManagerService: getScreenOffTimeoutLocked:  isTestFlag = false
10-11 17:54:58.177  1774  2801 D PowerManagerService: getScreenOffTimeoutLocked:  isTestFlag = false
10-11 17:54:58.306  1774  3419 I ActivityManager: Start proc 9377:com.google.android.gms.unstable/u0a15 for service com.google.android.gms/.droidguard.DroidGuardService
10-11 17:54:58.325  1774  2803 D PowerManagerService: getScreenOffTimeoutLocked:  isTestFlag = false
10-11 17:54:58.331  1774  1818 D PowerManagerService: getScreenOffTimeoutLocked:  isTestFlag = false
10-11 17:54:58.386  1774  1818 D PowerManagerService: getScreenOffTimeoutLocked:  isTestFlag = false
10-11 17:54:58.451  1774  3869 D PowerManagerService: getScreenOffTimeoutLocked:  isTestFlag = false
10-11 17:54:58.586  1774  3423 D PowerManagerService: getScreenOffTimeoutLocked:  isTestFlag = false
10-11 17:54:58.622  1774  1818 D PowerManagerService: getScreenOffTimeoutLocked:  isTestFlag = false
10-11 17:54:58.682  1774  3869 D PowerManagerService: getScreenOffTimeoutLocked:  isTestFlag = false
10-11 17:54:58.718  1774  3419 D PowerManagerService: getScreenOffTimeoutLocked:  isTestFlag = false
10-11 17:54:58.747  1774  3895 D PowerManagerService: getScreenOffTimeoutLocked:  isTestFlag = false
10-11 17:54:58.761  1774  2801 D PowerManagerService: getScreenOffTimeoutLocked:  isTestFlag = false
10-11 17:54:58.903  1774  3934 V Telecom : Logging: START_SESSION: TSI.gPA@AJg
10-11 17:54:58.904  1774  3934 V Telecom : Logging: END_SUBSESSION (dur: 1 mS): TSI.gPA@AJg
10-11 17:54:58.905  1774  3934 V Telecom : Logging: END_SESSION (dur: 2 ms): TSI.gPA@AJg
10-11 17:54:58.922  1774  4389 V Telecom : Logging: START_SESSION: TSI.gPA@AJk
10-11 17:54:58.923  1774  4389 V Telecom : Logging: END_SUBSESSION (dur: 1 mS): TSI.gPA@AJk
10-11 17:54:58.924  1774  4389 V Telecom : Logging: END_SESSION (dur: 2 ms): TSI.gPA@AJk
10-11 17:54:58.951  1774  3423 V Telecom : Logging: START_SESSION: TSI.gPA@AJo
10-11 17:54:58.952  1774  3423 V Telecom : Logging: END_SUBSESSION (dur: 1 mS): TSI.gPA@AJo
10-11 17:54:58.953  1774  3423 V Telecom : Logging: END_SESSION (dur: 1 ms): TSI.gPA@AJo
10-11 17:54:59.378  1774  3110 V Telecom : Logging: START_SESSION: TSI.gPA@AJs
10-11 17:54:59.379  1774  3110 V Telecom : Logging: END_SUBSESSION (dur: 1 mS): TSI.gPA@AJs
10-11 17:54:59.380  1774  3110 V Telecom : Logging: END_SESSION (dur: 2 ms): TSI.gPA@AJs
10-11 17:54:59.428  1774  3421 V Telecom : Logging: START_SESSION: TSI.gPA@AJw
10-11 17:54:59.429  1774  3421 V Telecom : Logging: END_SUBSESSION (dur: 1 mS): TSI.gPA@AJw
10-11 17:54:59.430  1774  3421 V Telecom : Logging: END_SESSION (dur: 1 ms): TSI.gPA@AJw
10-11 17:54:59.484  1774  3194 I ActivityManager: Start proc 9425:com.android.exchange/u0a50 for content provider com.android.exchange/.provider.ExchangeDirectoryProvider
10-11 17:54:59.492  1774  3748 V Telecom : Logging: START_SESSION: TSI.gPA@AJ0
10-11 17:54:59.493  1774  3748 V Telecom : Logging: END_SUBSESSION (dur: 1 mS): TSI.gPA@AJ0
10-11 17:54:59.494  1774  3748 V Telecom : Logging: END_SESSION (dur: 2 ms): TSI.gPA@AJ0
10-11 17:54:59.528  1774  3868 D PowerManagerService: getScreenOffTimeoutLocked:  isTestFlag = false
10-11 17:54:59.535  1774  3423 D PowerManagerService: getScreenOffTimeoutLocked:  isTestFlag = false
10-11 17:54:59.571  1774  2803 V Telecom : Logging: START_SESSION: TSI.gPA@AJ4
10-11 17:54:59.572  1774  2803 V Telecom : Logging: END_SUBSESSION (dur: 1 mS): TSI.gPA@AJ4
10-11 17:54:59.573  1774  2803 V Telecom : Logging: END_SESSION (dur: 2 ms): TSI.gPA@AJ4
10-11 17:54:59.602  1774  1816 V Telecom : Logging: START_SESSION: TSI.gPA@AJ8
10-11 17:54:59.603  1774  3421 D PowerManagerService: getScreenOffTimeoutLocked:  isTestFlag = false
10-11 17:54:59.603  1774  1816 V Telecom : Logging: END_SUBSESSION (dur: 0 mS): TSI.gPA@AJ8
10-11 17:54:59.604  1774  1816 V Telecom : Logging: END_SESSION (dur: 1 ms): TSI.gPA@AJ8
10-11 17:54:59.628  1774  3423 D PowerManagerService: getScreenOffTimeoutLocked:  isTestFlag = false
10-11 17:54:59.633  1774  1817 D PowerManagerService: getScreenOffTimeoutLocked:  isTestFlag = false
10-11 17:54:59.681  1774  4389 V Telecom : Logging: START_SESSION: TSI.gPA@AKA
10-11 17:54:59.682  1774  4389 V Telecom : Logging: END_SUBSESSION (dur: 1 mS): TSI.gPA@AKA
10-11 17:54:59.683  1774  4389 V Telecom : Logging: END_SESSION (dur: 2 ms): TSI.gPA@AKA
10-11 17:54:59.732  1774  3895 I ActivityManager: Start proc 9444:com.android.email/u0a49 for content provider com.android.email/.provider.EmailProvider
10-11 17:54:59.867  1774  1817 I ActivityManager: Killing 8485:com.google.android.apps.tachyon/u0a66 (adj 906): empty #17
10-11 17:54:59.880  1774  3868 I ActivityManager: Killing 8511:com.google.android.gms.feedback/u0a15 (adj 906): empty #17
10-11 17:54:59.921  1774  3912 D PowerManagerService: getScreenOffTimeoutLocked:  isTestFlag = false
10-11 17:54:59.929  1774  3423 D PowerManagerService: getScreenOffTimeoutLocked:  isTestFlag = false
10-11 17:54:59.941  1774  3110 I ActivityManager: Killing 8605:com.android.timerswitch/1000 (adj 906): empty #17
10-11 17:54:59.949  1774  3934 D PowerManagerService: getScreenOffTimeoutLocked:  isTestFlag = false
10-11 17:54:59.951  1774  3422 D ActivityManager: cleanUpApplicationRecord -- 8485
10-11 17:54:59.961  1774  3422 W ActivityManager: Exception when unbinding service com.google.android.gms/.feedback.FeedbackService
10-11 17:54:59.961  1774  3422 W ActivityManager: android.os.DeadObjectException
10-11 17:54:59.961  1774  3422 W ActivityManager: 	at android.os.BinderProxy.transactNative(Native Method)
10-11 17:54:59.961  1774  3422 W ActivityManager: 	at android.os.BinderProxy.transact(Binder.java:615)
10-11 17:54:59.961  1774  3422 W ActivityManager: 	at android.app.ApplicationThreadProxy.scheduleUnbindService(ApplicationThreadNative.java:1016)
10-11 17:54:59.961  1774  3422 W ActivityManager: 	at com.android.server.am.ActiveServices.removeConnectionLocked(ActiveServices.java:2256)
10-11 17:54:59.961  1774  3422 W ActivityManager: 	at com.android.server.am.ActiveServices.killServicesLocked(ActiveServices.java:2632)
10-11 17:54:59.961  1774  3422 W ActivityManager: 	at com.android.server.am.ActivityManagerService.cleanUpApplicationRecordLocked(ActivityManagerService.java:17156)
10-11 17:54:59.961  1774  3422 W ActivityManager: 	at com.android.server.am.ActivityManagerService.handleAppDiedLocked(ActivityManagerService.java:5217)
10-11 17:54:59.961  1774  3422 W ActivityManager: 	at com.android.server.am.ActivityManagerService.appDiedLocked(ActivityManagerService.java:5388)
10-11 17:54:59.961  1774  3422 W ActivityManager: 	at com.android.server.am.ActivityManagerService$AppDeathRecipient.binderDied(ActivityManagerService.java:1503)
10-11 17:54:59.961  1774  3422 W ActivityManager: 	at android.os.BinderProxy.sendDeathNotice(Binder.java:688)
10-11 17:54:59.981  1774  1816 D ActivityManager: cleanUpApplicationRecord -- 8511
10-11 17:55:00.013  1774  3194 D ActivityManager: cleanUpApplicationRecord -- 8605
10-11 17:55:00.052  1774  1818 D PowerManagerService: getScreenOffTimeoutLocked:  isTestFlag = false
10-11 17:55:00.055  1774  1818 D PowerManagerService: getScreenOffTimeoutLocked:  isTestFlag = false
10-11 17:55:00.082  9444  9468 D ActivityThread: Loading provider com.android.email.provider;com.android.email.notifier: com.android.email.provider.EmailProvider
10-11 17:55:00.114  1774  3419 I ActivityManager: Start proc 9473:com.google.process.gapps/u0a56 for content provider com.google.android.syncadapters.contacts/.ProxyGalProvider
10-11 17:55:00.119  9444  9469 D ActivityThread: Loading provider com.android.email.provider;com.android.email.notifier: com.android.email.provider.EmailProvider
10-11 17:55:00.121  1774  1818 D PowerManagerService: getScreenOffTimeoutLocked:  isTestFlag = false
10-11 17:55:00.122  1774  1818 D PowerManagerService: getScreenOffTimeoutLocked:  isTestFlag = false
10-11 17:55:00.195  1774  1774 D PowerManagerService: getScreenOffTimeoutLocked:  isTestFlag = false
10-11 17:55:00.217  1774  3423 W ActivityManager: Unable to start service Intent { cmp=com.android.email/.service.AttachmentService } U=0: not found
10-11 17:55:00.229  1774  3421 W ActivityManager: Unable to start service Intent { cmp=com.android.email/.service.AttachmentService } U=0: not found
10-11 17:55:00.244  1774  3868 D PowerManagerService: getScreenOffTimeoutLocked:  isTestFlag = false
10-11 17:55:00.268  1774  3912 W ActivityManager: Unable to start service Intent { cmp=com.android.email/.service.AttachmentService } U=0: not found
10-11 17:55:00.271  1774  1818 D PowerManagerService: getScreenOffTimeoutLocked:  isTestFlag = false
10-11 17:55:00.272  1774  1818 D PowerManagerService: getScreenOffTimeoutLocked:  isTestFlag = false
10-11 17:55:00.317  1774  1774 D PowerManagerService: getScreenOffTimeoutLocked:  isTestFlag = false
10-11 17:55:00.337  1774  1818 D PowerManagerService: getScreenOffTimeoutLocked:  isTestFlag = false
10-11 17:55:00.337  1774  1818 D PowerManagerService: getScreenOffTimeoutLocked:  isTestFlag = false
10-11 17:55:00.385  1774  1774 D PowerManagerService: getScreenOffTimeoutLocked:  isTestFlag = false
10-11 17:55:00.398  1774  3423 D PowerManagerService: getScreenOffTimeoutLocked:  isTestFlag = false
10-11 17:55:00.429  1774  1818 D PowerManagerService: getScreenOffTimeoutLocked:  isTestFlag = false
10-11 17:55:00.429  1774  1818 D PowerManagerService: getScreenOffTimeoutLocked:  isTestFlag = false
10-11 17:55:00.472  1774  1774 D PowerManagerService: getScreenOffTimeoutLocked:  isTestFlag = false
10-11 17:55:00.500  1774  1818 D PowerManagerService: getScreenOffTimeoutLocked:  isTestFlag = false
10-11 17:55:00.500  1774  1818 D PowerManagerService: getScreenOffTimeoutLocked:  isTestFlag = false
10-11 17:55:00.523  1774  1818 D PowerManagerService: getScreenOffTimeoutLocked:  isTestFlag = false
10-11 17:55:00.538  1774  1774 D PowerManagerService: getScreenOffTimeoutLocked:  isTestFlag = false
10-11 17:55:00.568  1774  1818 D PowerManagerService: getScreenOffTimeoutLocked:  isTestFlag = false
10-11 17:55:00.569  1774  1818 D PowerManagerService: getScreenOffTimeoutLocked:  isTestFlag = false
10-11 17:55:00.608  1774  1818 D PowerManagerService: getScreenOffTimeoutLocked:  isTestFlag = false
10-11 17:55:00.656  1774  3868 D PowerManagerService: getScreenOffTimeoutLocked:  isTestFlag = false
10-11 17:55:00.696  1774  1818 D PowerManagerService: getScreenOffTimeoutLocked:  isTestFlag = false
10-11 17:55:00.696  1774  1818 D PowerManagerService: getScreenOffTimeoutLocked:  isTestFlag = false
10-11 17:55:00.710  1774  1818 D PowerManagerService: getScreenOffTimeoutLocked:  isTestFlag = false
10-11 17:55:00.730  1774  3419 D PowerManagerService: getScreenOffTimeoutLocked:  isTestFlag = false
10-11 17:55:00.759  1774  1818 D PowerManagerService: getScreenOffTimeoutLocked:  isTestFlag = false
10-11 17:55:00.759  1774  1818 D PowerManagerService: getScreenOffTimeoutLocked:  isTestFlag = false
10-11 17:55:00.767  1774  1774 D PowerManagerService: getScreenOffTimeoutLocked:  isTestFlag = false
10-11 17:55:00.772  1774  1818 D PowerManagerService: getScreenOffTimeoutLocked:  isTestFlag = false
10-11 17:55:00.815  1774  1818 D PowerManagerService: getScreenOffTimeoutLocked:  isTestFlag = false
10-11 17:55:00.816  1774  1818 D PowerManagerService: getScreenOffTimeoutLocked:  isTestFlag = false
10-11 17:55:00.829  1774  1818 D PowerManagerService: getScreenOffTimeoutLocked:  isTestFlag = false
10-11 17:55:00.837  1774  2801 D PowerManagerService: getScreenOffTimeoutLocked:  isTestFlag = false
10-11 17:55:00.883  1774  1818 D PowerManagerService: getScreenOffTimeoutLocked:  isTestFlag = false
10-11 17:55:00.886  1774  1818 D PowerManagerService: getScreenOffTimeoutLocked:  isTestFlag = false
10-11 17:55:00.888  1774  1818 D PowerManagerService: getScreenOffTimeoutLocked:  isTestFlag = false
10-11 17:55:00.889  1774  1818 D PowerManagerService: getScreenOffTimeoutLocked:  isTestFlag = false
10-11 17:55:00.892  1774  1818 D PowerManagerService: getScreenOffTimeoutLocked:  isTestFlag = false
10-11 17:55:00.893  1774  1818 D PowerManagerService: getScreenOffTimeoutLocked:  isTestFlag = false
10-11 17:55:00.897  1774  1818 D PowerManagerService: getScreenOffTimeoutLocked:  isTestFlag = false
10-11 17:55:00.897  1774  1818 D PowerManagerService: getScreenOffTimeoutLocked:  isTestFlag = false
10-11 17:55:00.900  1774  1818 D PowerManagerService: getScreenOffTimeoutLocked:  isTestFlag = false
10-11 17:55:00.900  1774  1818 D PowerManagerService: getScreenOffTimeoutLocked:  isTestFlag = false
10-11 17:55:00.903  1774  1818 D PowerManagerService: getScreenOffTimeoutLocked:  isTestFlag = false
10-11 17:55:00.922  1774  1818 D PowerManagerService: getScreenOffTimeoutLocked:  isTestFlag = false
10-11 17:55:00.925  1774  1774 D PowerManagerService: getScreenOffTimeoutLocked:  isTestFlag = false
10-11 17:55:00.941  1774  1818 D PowerManagerService: getScreenOffTimeoutLocked:  isTestFlag = false
10-11 17:55:01.009  1774  1818 D PowerManagerService: getScreenOffTimeoutLocked:  isTestFlag = false
10-11 17:55:01.010  1774  1818 D PowerManagerService: getScreenOffTimeoutLocked:  isTestFlag = false
10-11 17:55:01.013  1774  1774 D PowerManagerService: getScreenOffTimeoutLocked:  isTestFlag = false
10-11 17:55:01.058  1774  1818 D PowerManagerService: getScreenOffTimeoutLocked:  isTestFlag = false
10-11 17:55:01.088  1774  1818 D PowerManagerService: getScreenOffTimeoutLocked:  isTestFlag = false
10-11 17:55:01.088  1774  1818 D PowerManagerService: getScreenOffTimeoutLocked:  isTestFlag = false
10-11 17:55:01.091  1774  1774 D PowerManagerService: getScreenOffTimeoutLocked:  isTestFlag = false
10-11 17:55:01.097  1774  1818 D PowerManagerService: getScreenOffTimeoutLocked:  isTestFlag = false
10-11 17:55:01.117  1774  1818 D PowerManagerService: getScreenOffTimeoutLocked:  isTestFlag = false
10-11 17:55:01.117  1774  1818 D PowerManagerService: getScreenOffTimeoutLocked:  isTestFlag = false
10-11 17:55:01.127  1774  1818 D PowerManagerService: getScreenOffTimeoutLocked:  isTestFlag = false
10-11 17:55:01.128  1774  1774 D PowerManagerService: getScreenOffTimeoutLocked:  isTestFlag = false
10-11 17:55:01.185  1774  1818 D PowerManagerService: getScreenOffTimeoutLocked:  isTestFlag = false
10-11 17:55:01.186  1774  1818 D PowerManagerService: getScreenOffTimeoutLocked:  isTestFlag = false
10-11 17:55:01.188  1774  1774 D PowerManagerService: getScreenOffTimeoutLocked:  isTestFlag = false
10-11 17:55:01.197  1774  1816 I ActivityManager: Start proc 9526:com.android.chrome/u0a52 for broadcast com.android.chrome/org.chromium.chrome.browser.services.AccountsChangedReceiver
10-11 17:55:01.218  1774  1818 D PowerManagerService: getScreenOffTimeoutLocked:  isTestFlag = false
10-11 17:55:01.273  1774  1818 D PowerManagerService: getScreenOffTimeoutLocked:  isTestFlag = false
10-11 17:55:01.358  1774  2801 D PowerManagerService: getScreenOffTimeoutLocked:  isTestFlag = false
10-11 17:55:01.818  1774  3748 I ActivityManager: Killing 8685:com.amazon.firstrun.in/u0a36 (adj 906): empty #17
10-11 17:55:01.875  1774  3421 D ActivityManager: cleanUpApplicationRecord -- 8685
10-11 17:55:02.006  1774  1816 I ActivityManager: Start proc 9560:com.google.android.apps.photos/u0a94 for broadcast com.google.android.apps.photos/com.google.android.libraries.social.account.refresh.receiver.AccountsChangedReceiver
10-11 17:55:02.429  1774  2801 D PowerManagerService: getScreenOffTimeoutLocked:  isTestFlag = false
10-11 17:55:02.719  1774  2803 W ActivityManager: Unable to start service Intent { cmp=com.google.android.gm.exchange/com.android.exchange.service.EasService } U=0: not found
10-11 17:55:02.727  1774  3912 D PowerManagerService: getScreenOffTimeoutLocked:  isTestFlag = false
10-11 17:55:02.819  1774  3895 D PowerManagerService: getScreenOffTimeoutLocked:  isTestFlag = false
10-11 17:55:02.874  1774  3110 D PowerManagerService: getScreenOffTimeoutLocked:  isTestFlag = false
10-11 17:55:02.875  1774  3423 D PowerManagerService: getScreenOffTimeoutLocked:  isTestFlag = false
10-11 17:55:02.889  1774  3110 D PowerManagerService: getScreenOffTimeoutLocked:  isTestFlag = false
10-11 17:55:02.902  1774  4389 D PowerManagerService: getScreenOffTimeoutLocked:  isTestFlag = false
10-11 17:55:02.903  1774  3748 D PowerManagerService: getScreenOffTimeoutLocked:  isTestFlag = false
10-11 17:55:02.906  1774  3869 D PowerManagerService: getScreenOffTimeoutLocked:  isTestFlag = false
10-11 17:55:02.909  1774  1816 D PowerManagerService: getScreenOffTimeoutLocked:  isTestFlag = false
10-11 17:55:02.910  1774  3422 D PowerManagerService: getScreenOffTimeoutLocked:  isTestFlag = false
10-11 17:55:02.932  1774  2801 D PowerManagerService: getScreenOffTimeoutLocked:  isTestFlag = false
10-11 17:55:02.949  1774  2800 D PowerManagerService: getScreenOffTimeoutLocked:  isTestFlag = false
10-11 17:55:02.966  1774  3423 D PowerManagerService: getScreenOffTimeoutLocked:  isTestFlag = false
10-11 17:55:02.986  1774  1774 D PowerManagerService: getScreenOffTimeoutLocked:  isTestFlag = false
10-11 17:55:02.994  1774  1816 D PowerManagerService: getScreenOffTimeoutLocked:  isTestFlag = false
10-11 17:55:02.998  1774  3895 D PowerManagerService: getScreenOffTimeoutLocked:  isTestFlag = false
10-11 17:55:03.075  1774  1817 I ActivityManager: Start proc 9597:com.google.android.youtube/u0a96 for broadcast com.google.android.youtube/com.google.android.libraries.youtube.account.AccountsChangedReceiver
10-11 17:55:03.092  1774  4389 D PowerManagerService: getScreenOffTimeoutLocked:  isTestFlag = false
10-11 17:55:03.259  1774  1819 I ActivityManager: Waited long enough for: ServiceRecord{d26a6fa u0 com.amazon.kindle/com.amazon.nwstd.service.NwstdIntentService}
10-11 17:55:03.269  1774  3423 I ActivityManager: Killing 8631:com.amazon.avod.thirdpartyclient/u0a68 (adj 906): empty #17
10-11 17:55:03.320  1774  3895 D ActivityManager: cleanUpApplicationRecord -- 8631
10-11 17:55:03.435  1774  2801 D PowerManagerService: getScreenOffTimeoutLocked:  isTestFlag = false
10-11 17:55:04.520  1774  3869 D PowerManagerService: getScreenOffTimeoutLocked:  isTestFlag = false
10-11 17:55:04.685  1774  3912 I ActivityManager: Killing 9061:com.qualcomm.qti.logkit/1000 (adj 906): empty #17
10-11 17:55:04.700  1774  3419 D PowerManagerService: getScreenOffTimeoutLocked:  isTestFlag = false
10-11 17:55:04.703  1774  3423 D PowerManagerService: getScreenOffTimeoutLocked:  isTestFlag = false
10-11 17:55:04.717  1774  1817 D ActivityManager: cleanUpApplicationRecord -- 9061
10-11 17:55:04.724  1774  3423 D PowerManagerService: getScreenOffTimeoutLocked:  isTestFlag = false
10-11 17:55:04.733  1774  3748 D PowerManagerService: getScreenOffTimeoutLocked:  isTestFlag = false
10-11 17:55:04.795  1774  3895 D PowerManagerService: getScreenOffTimeoutLocked:  isTestFlag = false
10-11 17:55:05.092  1774  3869 D PowerManagerService: getScreenOffTimeoutLocked:  isTestFlag = false
10-11 17:55:05.130  1774  3933 D PowerManagerService: getScreenOffTimeoutLocked:  isTestFlag = false
10-11 17:55:05.139  1774  1817 D PowerManagerService: getScreenOffTimeoutLocked:  isTestFlag = false
10-11 17:55:05.148  1774  3423 D PowerManagerService: getScreenOffTimeoutLocked:  isTestFlag = false
10-11 17:55:05.219  1774  3912 D PowerManagerService: getScreenOffTimeoutLocked:  isTestFlag = false
10-11 17:55:05.247  1774  3868 D PowerManagerService: getScreenOffTimeoutLocked:  isTestFlag = false
10-11 17:55:05.259  1774  3194 D PowerManagerService: getScreenOffTimeoutLocked:  isTestFlag = false
--------- beginning of main
10-11 17:55:05.357  9198  9198 D MusicLifecycle: com.google.android.music.wear.WearBroadcastReceiver generated event: Broadcast received with context android.app.ReceiverRestrictedContext@2dd395a and intent Intent { act=com.google.android.music.IMPORT_COMPLETE flg=0x10 cmp=com.google.android.music/.wear.WearBroadcastReceiver }
10-11 17:55:05.377  9198  9234 W WearSignatureVerifier: No package com.google.android.wearable.app.cn
10-11 17:55:05.391  9198  9234 W WearSignatureVerifier: No package com.google.android.wearable.app.cn
10-11 17:55:05.392  9198  9234 W WearSignatureVerifier: No package com.google.android.wearable.app.cn
10-11 17:55:05.393  9198  9234 W WearSignatureVerifier: No package com.google.android.wearable.app.cn
10-11 17:55:05.398  3751  5202 D WearableService: onGetService - Wear is not available on this device.
10-11 17:55:05.400  9198  9198 W WearSignatureVerifier: No package com.google.android.wearable.app.cn
10-11 17:55:05.401  9198  9742 E GmsUtils: Failed to connect to Google API client: ConnectionResult{statusCode=API_UNAVAILABLE, resolution=null, message=null}
10-11 17:55:05.467  1774  3912 D PowerManagerService: getScreenOffTimeoutLocked:  isTestFlag = false
10-11 17:55:05.495  8744  9043 E ...ultipleAccountsLogic: No account mapping found for any account, returning null
10-11 17:55:05.499  8744  9043 E ...ultipleAccountsLogic: No account mapping found for any account, returning null
10-11 17:55:05.500  8744  9043 E AmazonKindle.com.amazon.kindle.services.authentication.MAPTokenCache: [IntentService[NwstdIntentService]]: Null or empty account: [null], key: [PFM], aborting...
10-11 17:55:05.501  8744  9043 E ...ultipleAccountsLogic: No account mapping found for any account, returning null
10-11 17:55:05.502  8744  9043 E AmazonKindle.com.amazon.kindle.services.authentication.MAPTokenCache: [IntentService[NwstdIntentService]]: Null or empty account: [null], key: [XFSN_COOKIE], aborting...
10-11 17:55:05.503  8744  9043 E ...ultipleAccountsLogic: No account mapping found for any account, returning null
10-11 17:55:05.504  8744  9043 E AmazonKindle.com.amazon.kindle.services.authentication.MAPTokenCache: [IntentService[NwstdIntentService]]: Null or empty account: [null], key: [XMAIN_AND_XACB_COOKIES], aborting...
10-11 17:55:05.576  1774  3933 D PowerManagerService: getScreenOffTimeoutLocked:  isTestFlag = false
10-11 17:55:05.577  1774  4389 D PowerManagerService: getScreenOffTimeoutLocked:  isTestFlag = false
10-11 17:55:05.578  1774  3423 D PowerManagerService: getScreenOffTimeoutLocked:  isTestFlag = false
10-11 17:55:05.612  1774  3895 D PowerManagerService: getScreenOffTimeoutLocked:  isTestFlag = false
10-11 17:55:05.614  1774  3868 D PowerManagerService: getScreenOffTimeoutLocked:  isTestFlag = false
10-11 17:55:05.653  1774  3748 D PowerManagerService: getScreenOffTimeoutLocked:  isTestFlag = false
10-11 17:55:05.748  4850  4850 I Finsky  : [1] com.google.android.finsky.bl.o.a(35): com.amazon.widgets available because owned, overriding [restriction=2].
10-11 17:55:05.750  4850  4850 I Finsky  : [1] com.google.android.finsky.bl.o.a(35): tenor.consumer.android available because owned, overriding [restriction=2].
10-11 17:55:05.752  4850  4850 I Finsky  : [1] com.google.android.finsky.bl.o.a(35): in.amazon.mShop.android.shopping available because owned, overriding [restriction=2].
10-11 17:55:05.867  4850  4850 I Finsky  : [1] com.google.android.finsky.updatechecker.impl.j.a(122): Scheduling auto-update check using PhoneskyScheduler.
10-11 17:55:05.898  4850  4850 I Finsky  : [1] com.google.android.finsky.hygiene.DailyHygiene.c(236): Logging device features
10-11 17:55:05.927  4850  4850 I Finsky  : [1] com.google.android.finsky.datasync.g.a(14): [Cache and Sync] mode not available for any accounts.
10-11 17:55:05.946  4046  4696 I IcingInternalCorpora: EventIndexer: starting incremental update
10-11 17:55:05.947  4850  4850 D Volley  : [1] b.b: Cache cleared.
10-11 17:55:05.962  4850  9680 W ProxyAndroidLoggerBackend: Too many Flogger logs received before configuration. Dropping old logs.
10-11 17:55:05.964  4850  9680 W ProxyAndroidLoggerBackend: Too many Flogger logs received before configuration. Dropping old logs.
10-11 17:55:05.965  4046  4696 I IcingInternalCorpora: EventIndexer: 0 added, 0 removed, 0 changed, 44 unchanged, 0 errors.
10-11 17:55:05.969  4850  9680 W ProxyAndroidLoggerBackend: Too many Flogger logs received before configuration. Dropping old logs.
10-11 17:55:05.970  4850  9680 W ProxyAndroidLoggerBackend: Too many Flogger logs received before configuration. Dropping old logs.
10-11 17:55:05.971  4046  4696 I IcingInternalCorpora: EventIndexer: finished after 19 ms.
10-11 17:55:05.984  3084  3222 D wpa_supplicant: eap_proxy: wpa_qmi_client_indication_cb: msg_id=0x32
10-11 17:55:05.984  3084  3228 D wpa_supplicant: eap_proxy: wpa_qmi_client_indication_cb: msg_id=0x32
10-11 17:55:05.984  3084  3223 D wpa_supplicant: eap_proxy: wpa_qmi_client_indication_cb: msg_id=0x32
10-11 17:55:05.984  3084  3229 D wpa_supplicant: eap_proxy: wpa_qmi_client_indication_cb: msg_id=0x32
10-11 17:55:05.988  4850  9680 W ProxyAndroidLoggerBackend: Too many Flogger logs received before configuration. Dropping old logs.
10-11 17:55:05.989  4850  9680 W ProxyAndroidLoggerBackend: Too many Flogger logs received before configuration. Dropping old logs.
10-11 17:55:05.993  1774  3933 D PowerManagerService: getScreenOffTimeoutLocked:  isTestFlag = false
10-11 17:55:05.994  1774  3912 D PowerManagerService: getScreenOffTimeoutLocked:  isTestFlag = false
10-11 17:55:05.996  1774  3748 D PowerManagerService: getScreenOffTimeoutLocked:  isTestFlag = false
10-11 17:55:05.997  1774  3895 D PowerManagerService: getScreenOffTimeoutLocked:  isTestFlag = false
10-11 17:55:05.998  1774  2803 D PowerManagerService: getScreenOffTimeoutLocked:  isTestFlag = false
10-11 17:55:06.002  1774  3194 D PowerManagerService: getScreenOffTimeoutLocked:  isTestFlag = false
10-11 17:55:06.002  1774  3868 D PowerManagerService: getScreenOffTimeoutLocked:  isTestFlag = false
10-11 17:55:06.008  6099  6099 D QC_RIL_OEM_HOOK: Received Broadcast Intent ACTION_UNSOL_RESPONSE_OEM_HOOK_RAW
10-11 17:55:06.010  6099  6099 D QC_RIL_OEM_HOOK: Oem ID in QCRILHOOK UNSOL RESP is QOEMHOOK
10-11 17:55:06.013  1774  2803 D PowerManagerService: getScreenOffTimeoutLocked:  isTestFlag = false
10-11 17:55:06.013  4850  4850 W Settings: Setting install_non_market_apps has moved from android.provider.Settings.Global to android.provider.Settings.Secure, returning read-only value.
10-11 17:55:06.014  4850  4850 W Settings: Setting download_manager_max_bytes_over_mobile has moved from android.provider.Settings.Secure to android.provider.Settings.Global.
10-11 17:55:06.019  1774  3194 D PowerManagerService: getScreenOffTimeoutLocked:  isTestFlag = false
10-11 17:55:06.026  6099  6099 D QC_RIL_OEM_HOOK: Received Broadcast Intent ACTION_UNSOL_RESPONSE_OEM_HOOK_RAW
10-11 17:55:06.027  6099  6099 D QC_RIL_OEM_HOOK: Oem ID in QCRILHOOK UNSOL RESP is QOEMHOOK
10-11 17:55:06.034  1774  2801 D PowerManagerService: getScreenOffTimeoutLocked:  isTestFlag = false
10-11 17:55:06.041  1774  2801 D PowerManagerService: getScreenOffTimeoutLocked:  isTestFlag = false
10-11 17:55:06.044  4850  9680 W ProxyAndroidLoggerBackend: Too many Flogger logs received before configuration. Dropping old logs.
10-11 17:55:06.044   757   757 I AudioPolicyManagerCustom: FLAG None hence request for a primary output
10-11 17:55:06.046   757  3050 I AudioPolicyManagerCustom: FLAG None hence request for a primary output
10-11 17:55:06.049  1774  3422 D PowerManagerService: getScreenOffTimeoutLocked:  isTestFlag = false
10-11 17:55:06.050   757  1176 D audio_hw_primary: start_output_stream: enter: stream(0xf5110800)usecase(1: low-latency-playback) devices(0x2)
10-11 17:55:06.050   453  3739 E ANDR-PERF-MPCTL: Invalid profile no. 0, total profiles 0 only
10-11 17:55:06.051   757  1176 D audio_hw_primary: select_devices for use case (low-latency-playback)
10-11 17:55:06.051   757  1176 D audio_hw_primary: select_devices: out_snd_device(2: speaker) in_snd_device(0: )
10-11 17:55:06.051   757  1176 I msm8916_platform: platform_check_and_set_codec_backend_cfg:becf: afe: bitwidth 16, samplerate 48000 channels 2, backend_idx 0 usecase = 1 device (speaker)
10-11 17:55:06.051   757  1176 D msm8916_platform: platform_can_split_snd_device: snd_device(2) num devices(1) new_snd_devices(999869)
10-11 17:55:06.051   757  1176 I msm8916_platform: platform_check_and_set_codec_backend_cfg: becf: new_snd_devices[0] is speaker
10-11 17:55:06.051   757  1176 I msm8916_platform: platform_check_codec_backend_cfg:becf: afe: Codec selected backend: 0 current bit width: 16 sample rate: 48000 channels: 2
10-11 17:55:06.051   757  1176 D msm8916_platform: platform_check_codec_backend_cfg:becf: afe: playback on non-44.1-support device Configure afe to default Sample Rate(48k)
10-11 17:55:06.051   757  1176 D msm8916_platform: platform_check_codec_backend_cfg:becf: afe: only 48KHZ sample rate is supported Configure afe to default Sample Rate(48k)
10-11 17:55:06.051   757  1176 I msm8916_platform: platform_check_codec_backend_cfg:becf: afe: Codec selected backend: 0 updated bit width: 16 and sample rate: 48000
10-11 17:55:06.051   757  1176 D audio_hw_primary: check_usecases_codec_backend:becf: force routing 0
10-11 17:55:06.051   757  1176 E msm8916_platform: platform_check_backends_match: Invalid snd_device = 
10-11 17:55:06.051   757  1176 D audio_hw_primary: check_usecases_codec_backend:becf: (40) check_usecases curr device: speaker, usecase device: backends match 0
10-11 17:55:06.051   757  1176 D audio_hw_primary: check_usecases_codec_backend:becf: check_usecases num.of Usecases to switch 0
10-11 17:55:06.051   757  1176 D hardware_info: hw_info_append_hw_type : device_name = speaker
10-11 17:55:06.051   757  1176 D msm8916_platform: platform_can_split_snd_device: snd_device(2) num devices(0) new_snd_devices(0)
10-11 17:55:06.051   757  1176 D audio_hw_primary: enable_snd_device: snd_device(2: speaker)
10-11 17:55:06.051   757  1176 I soundtrigger: audio_extn_sound_trigger_update_device_status: device 0x2 of type 0 for Event 1, with Raise=0
10-11 17:55:06.051   757  1176 D aud_dev_arbi: acquireOneDevice: device owner for device 2 is 1
10-11 17:55:06.052  4850  9680 W ProxyAndroidLoggerBackend: Too many Flogger logs received before configuration. Dropping old logs.
10-11 17:55:06.064   757  1176 I audio_hw_primary: select_devices Selected apptype: 69937
10-11 17:55:06.065   757  1176 D soundtrigger: audio_extn_sound_trigger_update_stream_status: uc_id 1 of type 0 for Event 3, with Raise=0
10-11 17:55:06.065   757  1176 I audio_hw_utils: audio_extn_utils_send_app_type_cfg PLAYBACK app_type = 69937, acdb_dev_id = 14, sample_rate = 48000
10-11 17:55:06.065   757  1176 D msm8916_platform: platform_can_split_snd_device: snd_device(2) num devices(1) new_snd_devices(0)
10-11 17:55:06.065   757  1176 D ACDB-LOADER: ACDB -> send_audio_cal, acdb_id = 14, path = 0, app id = 0x11131, sample rate = 48000
10-11 17:55:06.065   757  1176 D ACDB-LOADER: ACDB -> send_asm_topology
10-11 17:55:06.065   757  1176 D ACDB-LOADER: ACDB -> ACDB_CMD_GET_AUDPROC_STREAM_TOPOLOGY_ID
10-11 17:55:06.065   757  1176 D ACDB-LOADER: ACDB -> send_adm_topology
10-11 17:55:06.065   757  1176 D ACDB-LOADER: ACDB -> ACDB_CMD_GET_AUDPROC_COMMON_TOPOLOGY_ID
10-11 17:55:06.065   757  1176 D ACDB-LOADER: ACDB -> send_audtable
10-11 17:55:06.065   757  1176 D ACDB-LOADER: ACDB -> ACDB_CMD_GET_AUDPROC_COMMON_TABLE_SIZE
10-11 17:55:06.065   757  1176 D ACDB-LOADER: ACDB -> ACDB_CMD_GET_AUDPROC_COMMON_TABLE
10-11 17:55:06.066   757  1176 D ACDB-LOADER: ACDB -> AUDIO_SET_AUDPROC_CAL
10-11 17:55:06.066   757  1176 D ACDB-LOADER: ACDB -> send_audvoltable
10-11 17:55:06.066   757  1176 D ACDB-LOADER: ACDB -> ACDB_CMD_GET_AUDPROC_GAIN_DEP_STEP_TABLE, vol index 0
10-11 17:55:06.066   757  1176 D ACDB-LOADER: ACDB -> AUDIO_SET_VOL_CAL cal type = 12
10-11 17:55:06.066   757  1176 D ACDB-LOADER: ACDB -> send_audstrmtable
10-11 17:55:06.066   757  1176 D ACDB-LOADER: ACDB -> ACDB_CMD_GET_AUDPROC_STREAM_TABLE_V2
10-11 17:55:06.066   757  1176 D ACDB-LOADER: ACDB -> audstrm_cal->cal_type.cal_data.cal_size = 16
10-11 17:55:06.066   757  1176 D ACDB-LOADER: ACDB -> send_afe_topology
10-11 17:55:06.066   757  1176 D ACDB-LOADER: ACDB -> ACDB_CMD_GET_AFE_TOPOLOGY_ID
10-11 17:55:06.066   757  1176 D ACDB-LOADER: ACDB -> GET_AFE_TOPOLOGY_ID for adcd_id 14, Topology Id 1025e
10-11 17:55:06.066   757  1176 D ACDB-LOADER: ACDB -> send_afe_cal
10-11 17:55:06.066   757  1176 D ACDB-LOADER: ACDB -> ACDB_CMD_GET_AFE_COMMON_TABLE
10-11 17:55:06.066   757  1176 D ACDB-LOADER: ACDB -> AUDIO_SET_AFE_CAL
10-11 17:55:06.066   757  1176 D ACDB-LOADER: ACDB -> send_hw_delay : acdb_id = 14 path = 0
10-11 17:55:06.066   757  1176 D ACDB-LOADER: ACDB -> ACDB_AVSYNC_INFO: ACDB_CMD_GET_DEVICE_PROPERTY
10-11 17:55:06.066   757  1176 D audio_hw_primary: enable_audio_route: apply mixer and update path: low-latency-playback
10-11 17:55:06.068   757  1176 D audio_hw_primary: select_devices: done
10-11 17:55:06.070   757  1176 D msm8916_platform: platform_set_channel_map mixer_ctl_name:Playback Channel Map12
10-11 17:55:06.071   757  1176 D msm8916_platform: platform_set_channel_map: set mapping(1 2 0 0 0 0 0 0) for channel:2
10-11 17:55:06.072  1774  3423 D PowerManagerService: getScreenOffTimeoutLocked:  isTestFlag = false
10-11 17:55:06.074  4850  4924 W WearSignatureVerifier: No package com.google.android.wearable.app.cn
10-11 17:55:06.078  3084  3222 D wpa_supplicant: eap_proxy: wpa_qmi_client_indication_cb: msg_id=0x32
10-11 17:55:06.078  3084  3228 D wpa_supplicant: eap_proxy: wpa_qmi_client_indication_cb: msg_id=0x32
10-11 17:55:06.079  3084  3223 D wpa_supplicant: eap_proxy: wpa_qmi_client_indication_cb: msg_id=0x32
10-11 17:55:06.081  3084  3229 D wpa_supplicant: eap_proxy: wpa_qmi_client_indication_cb: msg_id=0x32
10-11 17:55:06.100  1774  3422 D PowerManagerService: getScreenOffTimeoutLocked:  isTestFlag = false
10-11 17:55:06.102  4850  4924 W WearSignatureVerifier: No package com.google.android.wearable.app.cn
10-11 17:55:06.102  4850  4862 W Binder  : Caught a RuntimeException from the binder stub implementation.
10-11 17:55:06.102  4850  4862 W Binder  : java.lang.UnsupportedOperationException
10-11 17:55:06.102  4850  4862 W Binder  : 	at com.google.android.gms.internal.ie.e(Unknown Source)
10-11 17:55:06.102  4850  4862 W Binder  : 	at com.google.android.gms.internal.ih.onTransact(Unknown Source)
10-11 17:55:06.102  4850  4862 W Binder  : 	at android.os.Binder.execTransact(Binder.java:565)
10-11 17:55:06.105  1774  4389 D PowerManagerService: getScreenOffTimeoutLocked:  isTestFlag = false
10-11 17:55:06.108  1774  1816 D PowerManagerService: getScreenOffTimeoutLocked:  isTestFlag = false
10-11 17:55:06.108  4850  4924 W WearSignatureVerifier: No package com.google.android.wearable.app.cn
10-11 17:55:06.110  4850  4924 W WearSignatureVerifier: No package com.google.android.wearable.app.cn
10-11 17:55:06.131  1774  3934 D PowerManagerService: getScreenOffTimeoutLocked:  isTestFlag = false
10-11 17:55:06.134  1774  1817 D PowerManagerService: getScreenOffTimeoutLocked:  isTestFlag = false
10-11 17:55:06.134   757  1176 D audio_hw_primary: start_output_stream: exit
10-11 17:55:06.140  6099  6099 D QC_RIL_OEM_HOOK: Received Broadcast Intent ACTION_UNSOL_RESPONSE_OEM_HOOK_RAW
10-11 17:55:06.141  6099  6099 D QC_RIL_OEM_HOOK: Oem ID in QCRILHOOK UNSOL RESP is QOEMHOOK
