10-11 17:55:21.166  1774  3419 V Telecom : Logging: END_SUBSESSION (Invisible Subsession) (dur: 1 mS): TSI.gCCPA@AN4
10-11 17:55:21.167  1774  3419 V Telecom : Logging: END_SUBSESSION (Invisible Subsession) (dur: 7 mS): TSI.gCCPA@AN4
10-11 17:55:21.170  1774  3419 V Telecom : Logging: CREATE_SUBSESSION (Invisible subsession): TSI.gCCPA@AN4
10-11 17:55:21.172  1774  3419 V Telecom : Logging: CONTINUE_SUBSESSION (Invisible Subsession) with Method TSI.gSDP: TSI.gCCPA@AN4
10-11 17:55:21.172  1774  3419 V Telecom : Logging: END_SUBSESSION (Invisible Subsession) (dur: 1 mS): TSI.gCCPA@AN4
10-11 17:55:21.174  1774  3419 V Telecom : Logging: END_SUBSESSION (dur: 18 mS): TSI.gCCPA@AN4
10-11 17:55:21.175  1774  3419 V Telecom : Logging: END_SESSION (dur: 19 ms): TSI.gCCPA@AN4
10-11 17:55:21.182  1774  4389 V Telecom : Logging: START_SESSION: TSI.gUSOPA@AN8
10-11 17:55:21.183  1774  4389 V Telecom : Logging: END_SUBSESSION (dur: 1 mS): TSI.gUSOPA@AN8
10-11 17:55:21.185  1774  4389 V Telecom : Logging: END_SESSION (dur: 3 ms): TSI.gUSOPA@AN8
10-11 17:55:21.187  4046  4693 I Icing   : Usage reports 0 indexed 0 rejected 0 imm upload false
10-11 17:55:21.189  3389 10082 I chatty  : uid=1001(radio) com.android.phone expire 1 line
10-11 17:55:21.202  1774  3194 D PowerManagerService: getScreenOffTimeoutLocked:  isTestFlag = false
10-11 17:55:21.220  1774  3933 D PowerManagerService: getScreenOffTimeoutLocked:  isTestFlag = false
10-11 17:55:21.228  1774  9923 D PowerManagerService: getScreenOffTimeoutLocked:  isTestFlag = false
10-11 17:55:21.490  3085  3085 D KeyguardUpdateMonitor: received broadcast android.intent.action.BATTERY_CHANGED
10-11 17:55:21.491  3375  3433 W QCNEJ   : |CORE| CNE received unexpected action: android.intent.action.BATTERY_CHANGED
10-11 17:55:21.493  3085  3085 D KeyguardUpdateMonitor: handleBatteryUpdate
10-11 17:55:21.510  8744  9043 I AmazonKindle.com.amazon.nwstd.utils.ReaderTokensAvailabilityHelper: [IntentService[NwstdIntentService]]: Preload took 30188ms
10-11 17:55:21.510  8744  9043 W AmazonKindle.com.amazon.nwstd.service.upsell.UpsellFullSyncHandler: [IntentService[NwstdIntentService]]: failed to load tokens, sync is aborted
10-11 17:55:21.515  8744  8770 V MetricsServiceAdapter: record - [ Redding , NewsstandCEFullSync ];
10-11 17:55:21.518  8744  8873 D Metrics:BatchCreator: addMetricEntry - Adding metric entry; metricEntry: 1507715721515 Redding NewsstandCEFullSync  [CEIntentFailure,1.0,1]  [AppVersion,1195638878,1] 
10-11 17:55:21.520  8744  8770 V MetricsServiceAdapter: record - [ Redding , NewsstandCEFullSyncTimer ];
10-11 17:55:21.521  8744  8873 D Metrics:BatchCreator: addMetricEntry - Adding metric entry; metricEntry: 1507715721520 Redding NewsstandCEFullSyncTimer  [CEIntentDuration,30388.0,1]  [Timer,30388,1]  [AppVersion,1195638878,1] 
10-11 17:55:21.536  1774  3194 I ActivityManager: Killing 8744:com.amazon.kindle/u0a95 (adj 906): empty #17
10-11 17:55:21.590  5105  5105 D SimSelectNotification:  no of slots 2 provision = false
10-11 17:55:21.606  5920  5920 D SimStateReceiver: received broadcast android.intent.action.SIM_STATE_CHANGED
10-11 17:55:21.608  5920  5920 D SimStateReceiver: ACTION_SIM_STATE_CHANGED intent received on sub = 0SIM STATE IS READY
10-11 17:55:21.611  5920  5920 W ContextImpl: Calling a method in the system process without a qualified user: android.app.ContextImpl.startService:1357 android.content.ContextWrapper.startService:613 android.content.ContextWrapper.startService:613 com.qualcomm.simcontacts.SimStateReceiver.sendSimState:83 com.qualcomm.simcontacts.SimStateReceiver.onReceive:53 
10-11 17:55:21.614  5920  5920 D SimContactsService: service onStart!
10-11 17:55:21.621  5920  5920 D SimContactsService: on sim state changed event, state:1, slot:0
10-11 17:55:21.621  5920  5920 D SimContactsService: on sim refresh event
10-11 17:55:21.625  5920  5920 D SimContactsService: handleSimOp() at sub 0
10-11 17:55:21.637  1774  3194 V Telecom : Logging: START_SESSION: TSI.rPA@AOA
10-11 17:55:21.642  1774  3194 D Telecom : PhoneAccountRegistrar: addOrReplacePhoneAccount(ComponentInfo{com.android.phone/com.android.services.telephony.TelephonyConnectionService}, [da4b9237bacccdf19c0760cab7aec4a8359010b0], UserHandle{0} -> [[ ] PhoneAccount: ComponentInfo{com.android.phone/com.android.services.telephony.TelephonyConnectionService}, [da4b9237bacccdf19c0760cab7aec4a8359010b0], UserHandle{0} Capabilities: Video CallProvider MultiUser PlaceEmerg SimSub  Audio Routes: BESW Schemes: tel voicemail  Extras: null GroupId: [da39a3ee5e6b4b0d3255bfef95601890afd80709]]): TSI.rPA@AOA
10-11 17:55:21.645  1774  3194 I Telecom : PhoneAccountRegistrar: [ComponentInfo{com.android.phone/com.android.services.telephony.TelephonyConnectionService}, [da4b9237bacccdf19c0760cab7aec4a8359010b0], UserHandle{0}(icon: Icon(typ=BITMAP size=72x72) -> Icon(typ=BITMAP size=72x72))]: TSI.rPA@AOA
10-11 17:55:21.646  1774  3194 V Telecom : PhoneAccountRegistrar: maybeReplaceOldAccount: Not replacing PhoneAccount, no group Id or default.: TSI.rPA@AOA
10-11 17:55:21.655  1774  3194 I Telecom : : Sending phone-account registered intent as user: TSI.rPA@AOA
10-11 17:55:21.661  1774  3194 V Telecom : Logging: END_SUBSESSION (dur: 24 mS): TSI.rPA@AOA
10-11 17:55:21.662  1774  3194 V Telecom : Logging: END_SESSION (dur: 24 ms): TSI.rPA@AOA
10-11 17:55:21.688  1774  3423 D ActivityManager: cleanUpApplicationRecord -- 8744
10-11 17:55:21.708   836   836 I cnss-daemon: RTM_NEWROUTE Indication
10-11 17:55:21.775  1774  3422 D PowerManagerService: getScreenOffTimeoutLocked:  isTestFlag = false
10-11 17:55:21.794  1774  9923 D PowerManagerService: getScreenOffTimeoutLocked:  isTestFlag = false
10-11 17:55:21.805  5920  5920 D SimContactsService: deleteDatabaseSimContacts
10-11 17:55:21.807  5920  5920 D SimContactsService: querySimContacts: starting an async query:content://icc/adn/subId/2
10-11 17:55:21.824  5920  5920 D SimStateReceiver: received broadcast android.intent.action.ACTION_ADN_INIT_DONE
10-11 17:55:21.832  5920  5920 D SimStateReceiver: ACTION_ADN_INIT_DONE intent received on sub = 0
10-11 17:55:21.834  5920  5920 W ContextImpl: Calling a method in the system process without a qualified user: android.app.ContextImpl.startService:1357 android.content.ContextWrapper.startService:613 android.content.ContextWrapper.startService:613 com.qualcomm.simcontacts.SimStateReceiver.sendSimRefreshUpdate:91 com.qualcomm.simcontacts.SimStateReceiver.onReceive:67 
10-11 17:55:21.836  1774  3110 D PowerManagerService: getScreenOffTimeoutLocked:  isTestFlag = false
10-11 17:55:21.837  5920  5920 D SimContactsService: service onStart!
10-11 17:55:21.838  5920  5920 D SimContactsService: on sim refresh event
10-11 17:55:21.840  5920  5920 D SimContactsService: queue refresh sim op
10-11 17:55:21.842  1774  3422 D PowerManagerService: getScreenOffTimeoutLocked:  isTestFlag = false
10-11 17:55:21.895  5920 10088 W ContextImpl: Calling a method in the system process without a qualified user: android.app.ContextImpl.startService:1357 android.content.ContextWrapper.startService:613 com.qualcomm.simcontacts.SimContactsService.createSimAccountIfNotExist:296 com.qualcomm.simcontacts.SimContactsService.-wrap0:-1 com.qualcomm.simcontacts.SimContactsService$ImportAllSimContactsThread.run:453 
10-11 17:55:21.912  5920  5920 D AuthenticateService: service onStart!
10-11 17:55:21.912  5920  5920 D Authenticator: Add SIM account
10-11 17:55:21.974  1774  1818 D PowerManagerService: getScreenOffTimeoutLocked:  isTestFlag = false
10-11 17:55:21.980  1774  3422 D PowerManagerService: getScreenOffTimeoutLocked:  isTestFlag = false
10-11 17:55:21.980  9198  9198 D MusicLifecycle: com.google.android.music.awareness.AwarenessRouter$2 generated event: Broadcast received with context com.google.android.music.ui.PhoneMusicApplication@2ca7bef and intent Intent { act=android.accounts.LOGIN_ACCOUNTS_CHANGED flg=0x4000010 }
10-11 17:55:21.981  1774  9923 D PowerManagerService: getScreenOffTimeoutLocked:  isTestFlag = false
10-11 17:55:21.986  9198  9198 D MusicLifecycle: com.google.android.music.eventlog.MusicEventLogger$1 generated event: Broadcast received with context com.google.android.music.ui.PhoneMusicApplication@2ca7bef and intent Intent { act=android.accounts.LOGIN_ACCOUNTS_CHANGED flg=0x4000010 }
10-11 17:55:21.996  1774  3895 D PowerManagerService: getScreenOffTimeoutLocked:  isTestFlag = false
10-11 17:55:22.040  1774  3912 D PowerManagerService: getScreenOffTimeoutLocked:  isTestFlag = false
10-11 17:55:22.039  9301  9333 I ContactsProvider: Accounts changed
10-11 17:55:22.045  1774  3194 D PowerManagerService: getScreenOffTimeoutLocked:  isTestFlag = false
10-11 17:55:22.050  1774  3895 D PowerManagerService: getScreenOffTimeoutLocked:  isTestFlag = false
10-11 17:55:22.077  3084  3084 D wpa_supplicant: wlan0: Control interface command 'SIGNAL_POLL'
10-11 17:55:22.095  3084  3084 D wpa_supplicant: CTRL-DEBUG: global_ctrl_sock-sendto: sock=8 sndbuf=212992 outq=0 send_len=48
10-11 17:55:22.138  5920 10088 D SimContactsService: updateAccountVisible account is SIM1
10-11 17:55:22.147  9301  9333 I ContactsProvider: Accounts changed
10-11 17:55:22.175  1774  1816 D PowerManagerService: getScreenOffTimeoutLocked:  isTestFlag = false
10-11 17:55:22.186  9198  9233 D AwarenessRouter: Successfully removed previous context fences
10-11 17:55:22.189   757  1176 D audio_hw_primary: out_standby: enter: stream (0xf5110800) usecase(1: low-latency-playback)
10-11 17:55:22.222  1774  3934 D PowerManagerService: getScreenOffTimeoutLocked:  isTestFlag = false
10-11 17:55:22.242  9267  9267 D CellBroadcastReceiver: onReceive Intent { act=android.intent.action.SIM_STATE_CHANGED flg=0x4000010 cmp=com.android.cellbroadcastreceiver/.CellBroadcastReceiver (has extras) }
10-11 17:55:22.254  1774  1816 D PowerManagerService: getScreenOffTimeoutLocked:  isTestFlag = false
10-11 17:55:22.260  1774  3419 D PowerManagerService: getScreenOffTimeoutLocked:  isTestFlag = false
10-11 17:55:22.273  1774  3868 D PowerManagerService: getScreenOffTimeoutLocked:  isTestFlag = false
10-11 17:55:22.291  4046  4693 I Icing   : updateResources: need to parse tut{com.google.android.gms}
10-11 17:55:22.353  3085  3476 D TelephonyIcons: updateDataType slot=0, type=13, inetCondition=1 showAtLeast3G=false show4GforLte=true hspaDistinguishable=true
10-11 17:55:22.354  3085  3476 D TelephonyIcons: data type item name: array/telephony_data_type_sim1 id:2131427376
10-11 17:55:22.355  3085  3476 D TelephonyIcons: updateDataType mSelectedDataTypeIcon[0]=2130838270, mSelectedDataActivityIndex=5
10-11 17:55:22.355  3085  3476 D TelephonyIcons: getSignalStrengthIcon: slot=0, inetCondition=1, level=3, roaming=false
10-11 17:55:22.356  3085  3476 D TelephonyIcons: signalStrengthArray.length=9
10-11 17:55:22.357  3085  3476 D TelephonyIcons: selectedTypeArray.length=2
10-11 17:55:22.357  3085  3476 D TelephonyIcons: inetArray.length=5
10-11 17:55:22.361  3085  3476 D TelephonyIcons: null signal icon name: drawable/stat_sys_signal_null
10-11 17:55:22.362  3085  3476 D TelephonyIcons: getDataTypeIcon sub=0
10-11 17:55:22.364  5105  5105 D SimSelectNotification:  no of slots 2 provision = true
10-11 17:55:22.365  1774  3422 D PowerManagerService: getScreenOffTimeoutLocked:  isTestFlag = false
10-11 17:55:22.375   757  1176 D audio_hw_primary: disable_audio_route: reset and update mixer path: low-latency-playback
10-11 17:55:22.377   757  1176 D soundtrigger: audio_extn_sound_trigger_update_stream_status: uc_id 1 of type 0 for Event 2, with Raise=0
10-11 17:55:22.378   757  1176 D hardware_info: hw_info_append_hw_type : device_name = speaker
10-11 17:55:22.378   757  1176 D audio_hw_primary: disable_snd_device: snd_device(2: speaker)
10-11 17:55:22.378   757  1176 D msm8916_platform: platform_can_split_snd_device: snd_device(2) num devices(0) new_snd_devices(0)
10-11 17:55:22.392   757  1176 D aud_dev_arbi: releaseOneDevice: not sending command, device argument (2) does not match any registered device
10-11 17:55:22.392   757  1176 D aud_dev_arbi: releaseOneDevice: device 2 owner is 0
10-11 17:55:22.392   757  1176 I soundtrigger: audio_extn_sound_trigger_update_device_status: device 0x2 of type 0 for Event 0, with Raise=0
10-11 17:55:22.392   757  1176 D audio_hw_primary: out_standby: exit
10-11 17:55:22.393  5920 10088 D SimContactsService: success to add account for sub0
10-11 17:55:22.395  1774  3912 D PowerManagerService: getScreenOffTimeoutLocked:  isTestFlag = false
10-11 17:55:22.396  1774  1817 D PowerManagerService: getScreenOffTimeoutLocked:  isTestFlag = false
10-11 17:55:22.397  5920 10088 D SimContactsService:  QuerySimHandler onQueryComplete: cursor.count=1
10-11 17:55:22.397  5920 10088 D SimContactsService: import contact to account: Account {name=SIM1, type=com.android.sim}
10-11 17:55:22.404  1774  2803 D PowerManagerService: getScreenOffTimeoutLocked:  isTestFlag = false
10-11 17:55:22.657  1774  3895 D PowerManagerService: getScreenOffTimeoutLocked:  isTestFlag = false
10-11 17:55:22.677  1774  1820 I chatty  : uid=1000(system) android.ui expire 1 line
10-11 17:55:22.679  1774  1818 I chatty  : uid=1000(system) android.bg expire 5 lines
10-11 17:55:22.689  3751  9967 W art     : Long monitor contention with owner GoogleLocationService (4298) at boolean android.app.ActivityThread.releaseProvider(android.content.IContentProvider, boolean)(ActivityThread.java:5599) waiters=0 in boolean android.app.ActivityThread.releaseProvider(android.content.IContentProvider, boolean) for 260ms
10-11 17:55:22.699  1774  3895 D PowerManagerService: getScreenOffTimeoutLocked:  isTestFlag = false
10-11 17:55:22.728  3751  9968 W art     : Long monitor contention with owner netscheduler-queue-handler (4332) at void sww.a(sxe, int)(:com.google.android.gms@11518448:66) waiters=0 in void sww.a(boolean, swn) for 449ms
10-11 17:55:22.751  1774  3912 D PowerManagerService: getScreenOffTimeoutLocked:  isTestFlag = false
10-11 17:55:22.761  1774  3868 D PowerManagerService: getScreenOffTimeoutLocked:  isTestFlag = false
10-11 17:55:22.795  9301  9333 D ContactDirectoryManager: Found com.google.android.gm.exchange.bundled.directory.provider
10-11 17:55:22.796  9301  9333 D ContactDirectoryManager: Found com.google.contacts.gal.provider
10-11 17:55:22.797  9301  9333 D ContactDirectoryManager: Found com.android.exchange.directory.provider
10-11 17:55:22.801  5105  5105 D SimSelectNotification:  no of slots 2 provision = false
10-11 17:55:22.838  5920  5920 D SimStateReceiver: received broadcast android.intent.action.SIM_STATE_CHANGED
10-11 17:55:22.846  5920  5920 D SimStateReceiver: ACTION_SIM_STATE_CHANGED intent received on sub = 0SIM STATE IS IMSI
10-11 17:55:22.847  5920  5920 W ContextImpl: Calling a method in the system process without a qualified user: android.app.ContextImpl.startService:1357 android.content.ContextWrapper.startService:613 android.content.ContextWrapper.startService:613 com.qualcomm.simcontacts.SimStateReceiver.sendSimState:83 com.qualcomm.simcontacts.SimStateReceiver.onReceive:53 
10-11 17:55:22.854  5920  5920 D SimContactsService: service onStart!
10-11 17:55:22.861  5920  5920 D SimContactsService: on sim state changed event, state:1, slot:0
10-11 17:55:22.867  1774  1816 D PowerManagerService: getScreenOffTimeoutLocked:  isTestFlag = false
10-11 17:55:22.870  1774  9923 D PowerManagerService: getScreenOffTimeoutLocked:  isTestFlag = false
10-11 17:55:22.877  1774  1816 D PowerManagerService: getScreenOffTimeoutLocked:  isTestFlag = false
10-11 17:55:22.922  1774  3912 D PowerManagerService: getScreenOffTimeoutLocked:  isTestFlag = false
10-11 17:55:22.950  1774  9923 D PowerManagerService: getScreenOffTimeoutLocked:  isTestFlag = false
10-11 17:55:22.954  4046  4693 I Icing   : updateResources: need to parse tut{com.google.android.gm}
10-11 17:55:22.956  1774  1817 D PowerManagerService: getScreenOffTimeoutLocked:  isTestFlag = false
10-11 17:55:22.981  1774  1818 D PowerManagerService: getScreenOffTimeoutLocked:  isTestFlag = false
10-11 17:55:22.982  1774  1818 D PowerManagerService: getScreenOffTimeoutLocked:  isTestFlag = false
10-11 17:55:22.993  5920 10088 D SimContactsService: import contact to account done!
10-11 17:55:23.007  5920 10088 D SimContactsService: send refresh op msg since it is in refreshQueue at sub 0
10-11 17:55:23.011  1774  1818 D PowerManagerService: getScreenOffTimeoutLocked:  isTestFlag = false
10-11 17:55:23.012  1774  1818 D PowerManagerService: getScreenOffTimeoutLocked:  isTestFlag = false
10-11 17:55:23.039  5920  5920 D SimContactsService: on sim refresh event
10-11 17:55:23.050  5920  5920 D SimContactsService: handleSimOp() at sub 0
10-11 17:55:23.052  1774  1818 D PowerManagerService: getScreenOffTimeoutLocked:  isTestFlag = false
10-11 17:55:23.053  1774  1818 D PowerManagerService: getScreenOffTimeoutLocked:  isTestFlag = false
10-11 17:55:23.080  1774  3933 D PowerManagerService: getScreenOffTimeoutLocked:  isTestFlag = false
10-11 17:55:23.093  1774  3423 D PowerManagerService: getScreenOffTimeoutLocked:  isTestFlag = false
10-11 17:55:23.093  6802  6802 I CalendarProvider2: Sending notification intent: Intent { act=android.intent.action.PROVIDER_CHANGED dat=content://com.android.calendar flg=0x20000000 }
10-11 17:55:23.094  6802  6802 W ContentResolver: Failed to get type for: content://com.android.calendar (Unknown URL content://com.android.calendar)
10-11 17:55:23.142  1774  1774 D PowerManagerService: getScreenOffTimeoutLocked:  isTestFlag = false
10-11 17:55:23.151  1774  3934 D PowerManagerService: getScreenOffTimeoutLocked:  isTestFlag = false
10-11 17:55:23.163  1774  2801 D PowerManagerService: getScreenOffTimeoutLocked:  isTestFlag = false
10-11 17:55:23.165  1774  1817 D PowerManagerService: getScreenOffTimeoutLocked:  isTestFlag = false
10-11 17:55:23.180  1774  3423 D PowerManagerService: getScreenOffTimeoutLocked:  isTestFlag = false
10-11 17:55:23.181  1774  3933 D PowerManagerService: getScreenOffTimeoutLocked:  isTestFlag = false
10-11 17:55:23.184  1774  3912 D PowerManagerService: getScreenOffTimeoutLocked:  isTestFlag = false
10-11 17:55:23.184  1774  3110 D PowerManagerService: getScreenOffTimeoutLocked:  isTestFlag = false
10-11 17:55:23.187  1774  3895 D PowerManagerService: getScreenOffTimeoutLocked:  isTestFlag = false
10-11 17:55:23.188  1774  9923 D PowerManagerService: getScreenOffTimeoutLocked:  isTestFlag = false
10-11 17:55:23.193  1774  3422 D PowerManagerService: getScreenOffTimeoutLocked:  isTestFlag = false
10-11 17:55:23.195  9301  9333 I ContactDirectoryManager: deleted 0 stale rows which don't have any relevant directory
10-11 17:55:23.195  1774  3868 D PowerManagerService: getScreenOffTimeoutLocked:  isTestFlag = false
10-11 17:55:23.198  1774  3912 D PowerManagerService: getScreenOffTimeoutLocked:  isTestFlag = false
10-11 17:55:23.200  1774  3194 D PowerManagerService: getScreenOffTimeoutLocked:  isTestFlag = false
10-11 17:55:23.202  1774  1818 D PowerManagerService: getScreenOffTimeoutLocked:  isTestFlag = false
10-11 17:55:23.203  1774  1818 D PowerManagerService: getScreenOffTimeoutLocked:  isTestFlag = false
10-11 17:55:23.205  1774  3421 D PowerManagerService: getScreenOffTimeoutLocked:  isTestFlag = false
10-11 17:55:23.213  1774  9923 D PowerManagerService: getScreenOffTimeoutLocked:  isTestFlag = false
10-11 17:55:23.214  1774  3868 D PowerManagerService: getScreenOffTimeoutLocked:  isTestFlag = false
10-11 17:55:23.221  9301  9333 I ContactDirectoryManager: Discovered 0 contact directories in 830ms
10-11 17:55:23.243  1774  1818 D PowerManagerService: getScreenOffTimeoutLocked:  isTestFlag = false
10-11 17:55:23.244  1774  1818 D PowerManagerService: getScreenOffTimeoutLocked:  isTestFlag = false
10-11 17:55:23.257  5920  5920 D SimContactsService: deleteDatabaseSimContacts
10-11 17:55:23.260  5920  5920 D SimContactsService: querySimContacts: starting an async query:content://icc/adn/subId/2
10-11 17:55:23.272  3389  4045 I chatty  : uid=1001(radio) Binder:3389_5 expire 1 line
10-11 17:55:23.284  1774  3423 D PowerManagerService: getScreenOffTimeoutLocked:  isTestFlag = false
10-11 17:55:23.288  4046  4693 I Icing   : Indexing 33FE02872B2C612887C6E451865AFFBFDE988A4C from com.google.android.gm
10-11 17:55:23.296  1774  1774 D PowerManagerService: getScreenOffTimeoutLocked:  isTestFlag = false
10-11 17:55:23.299  9267  9267 D CellBroadcastReceiver: onReceive Intent { act=android.intent.action.SERVICE_STATE flg=0x10 cmp=com.android.cellbroadcastreceiver/.CellBroadcastReceiver (has extras) }
10-11 17:55:23.299  9267  9267 D CellBroadcastReceiver: Intent: android.intent.action.SERVICE_STATE
10-11 17:55:23.300  9267  9267 D CellBroadcastReceiver: Service state changed! 0 Full: 0 0 voice home data home CMCC CMCC 46000 CMCC CMCC 46000  LTE LTE CSS not supported -1 -1 RoamInd=-1 DefRoamInd=-1 EmergOnly=false IsDataRoamingFromRegistration=false IsUsingCarrierAggregation=false mRilImsRadioTechnology=0 Current state=1
10-11 17:55:23.300  9267  9267 D CellBroadcastReceiver: Start Cell Broadcast configuration.
10-11 17:55:23.301  1774  3419 D PowerManagerService: getScreenOffTimeoutLocked:  isTestFlag = false
10-11 17:55:23.303  1774  3423 D PowerManagerService: getScreenOffTimeoutLocked:  isTestFlag = false
10-11 17:55:23.309  1774  3194 D PowerManagerService: getScreenOffTimeoutLocked:  isTestFlag = false
10-11 17:55:23.313  1774  3912 D PowerManagerService: getScreenOffTimeoutLocked:  isTestFlag = false
10-11 17:55:23.327  1774  1818 D PowerManagerService: getScreenOffTimeoutLocked:  isTestFlag = false
10-11 17:55:23.328  1774  1818 D PowerManagerService: getScreenOffTimeoutLocked:  isTestFlag = false
10-11 17:55:23.337  1774  3934 D PowerManagerService: getScreenOffTimeoutLocked:  isTestFlag = false
10-11 17:55:23.362  1774  1774 D PowerManagerService: getScreenOffTimeoutLocked:  isTestFlag = false
10-11 17:55:23.365  5920 10096 D SimContactsService: sim account alreay exist on 0
10-11 17:55:23.365  5920 10096 D SimContactsService:  QuerySimHandler onQueryComplete: cursor.count=1
10-11 17:55:23.366  5920 10096 D SimContactsService: import contact to account: Account {name=SIM1, type=com.android.sim}
10-11 17:55:23.406  1774  2803 D PowerManagerService: getScreenOffTimeoutLocked:  isTestFlag = false
10-11 17:55:23.416  1774  1816 D PowerManagerService: getScreenOffTimeoutLocked:  isTestFlag = false
10-11 17:55:23.417  1774  1818 D PowerManagerService: getScreenOffTimeoutLocked:  isTestFlag = false
10-11 17:55:23.417  1774  1818 D PowerManagerService: getScreenOffTimeoutLocked:  isTestFlag = false
10-11 17:55:23.457   757  1247 I AudioPolicyManagerCustom: FLAG None hence request for a primary output
10-11 17:55:23.457   757   757 I AudioPolicyManagerCustom: FLAG None hence request for a primary output
10-11 17:55:23.461  1774  4389 D PowerManagerService: getScreenOffTimeoutLocked:  isTestFlag = false
10-11 17:55:23.461   757  1176 D audio_hw_primary: start_output_stream: enter: stream(0xf5110800)usecase(1: low-latency-playback) devices(0x2)
10-11 17:55:23.462   453  3739 E ANDR-PERF-MPCTL: Invalid profile no. 0, total profiles 0 only
10-11 17:55:23.462   757  1176 D audio_hw_primary: select_devices for use case (low-latency-playback)
10-11 17:55:23.462   757  1176 D audio_hw_primary: select_devices: out_snd_device(2: speaker) in_snd_device(0: )
10-11 17:55:23.462   757  1176 I msm8916_platform: platform_check_and_set_codec_backend_cfg:becf: afe: bitwidth 16, samplerate 48000 channels 2, backend_idx 0 usecase = 1 device (speaker)
10-11 17:55:23.462   757  1176 D msm8916_platform: platform_can_split_snd_device: snd_device(2) num devices(1) new_snd_devices(999796)
10-11 17:55:23.462   757  1176 I msm8916_platform: platform_check_and_set_codec_backend_cfg: becf: new_snd_devices[0] is speaker
10-11 17:55:23.462   757  1176 I msm8916_platform: platform_check_codec_backend_cfg:becf: afe: Codec selected backend: 0 current bit width: 16 sample rate: 48000 channels: 2
10-11 17:55:23.462   757  1176 D msm8916_platform: platform_check_codec_backend_cfg:becf: afe: playback on non-44.1-support device Configure afe to default Sample Rate(48k)
10-11 17:55:23.462   757  1176 D msm8916_platform: platform_check_codec_backend_cfg:becf: afe: only 48KHZ sample rate is supported Configure afe to default Sample Rate(48k)
10-11 17:55:23.462   757  1176 I msm8916_platform: platform_check_codec_backend_cfg:becf: afe: Codec selected backend: 0 updated bit width: 16 and sample rate: 48000
10-11 17:55:23.462   757  1176 D audio_hw_primary: check_usecases_codec_backend:becf: force routing 0
10-11 17:55:23.462   757  1176 E msm8916_platform: platform_check_backends_match: Invalid snd_device = 
10-11 17:55:23.462   757  1176 D audio_hw_primary: check_usecases_codec_backend:becf: (40) check_usecases curr device: speaker, usecase device: backends match 0
10-11 17:55:23.462   757  1176 D audio_hw_primary: check_usecases_codec_backend:becf: check_usecases num.of Usecases to switch 0
10-11 17:55:23.462   757  1176 D hardware_info: hw_info_append_hw_type : device_name = speaker
10-11 17:55:23.462   757  1176 D msm8916_platform: platform_can_split_snd_device: snd_device(2) num devices(0) new_snd_devices(0)
10-11 17:55:23.462   757  1176 D audio_hw_primary: enable_snd_device: snd_device(2: speaker)
10-11 17:55:23.462   757  1176 I soundtrigger: audio_extn_sound_trigger_update_device_status: device 0x2 of type 0 for Event 1, with Raise=0
10-11 17:55:23.462   757  1176 D aud_dev_arbi: acquireOneDevice: device owner for device 2 is 1
10-11 17:55:23.474  1774  1816 D PowerManagerService: getScreenOffTimeoutLocked:  isTestFlag = false
10-11 17:55:23.476   757  1176 I audio_hw_primary: select_devices Selected apptype: 69937
10-11 17:55:23.477   757  1176 D soundtrigger: audio_extn_sound_trigger_update_stream_status: uc_id 1 of type 0 for Event 3, with Raise=0
10-11 17:55:23.477  4046  4693 I Icing   : Indexing done 33FE02872B2C612887C6E451865AFFBFDE988A4C
10-11 17:55:23.477   757  1176 I audio_hw_utils: audio_extn_utils_send_app_type_cfg PLAYBACK app_type = 69937, acdb_dev_id = 14, sample_rate = 48000
10-11 17:55:23.477   757  1176 D msm8916_platform: platform_can_split_snd_device: snd_device(2) num devices(1) new_snd_devices(0)
10-11 17:55:23.477   757  1176 D ACDB-LOADER: ACDB -> send_audio_cal, acdb_id = 14, path = 0, app id = 0x11131, sample rate = 48000
10-11 17:55:23.477   757  1176 D ACDB-LOADER: ACDB -> send_asm_topology
10-11 17:55:23.477   757  1176 D ACDB-LOADER: ACDB -> ACDB_CMD_GET_AUDPROC_STREAM_TOPOLOGY_ID
10-11 17:55:23.477   757  1176 D ACDB-LOADER: ACDB -> send_adm_topology
10-11 17:55:23.477   757  1176 D ACDB-LOADER: ACDB -> ACDB_CMD_GET_AUDPROC_COMMON_TOPOLOGY_ID
10-11 17:55:23.478   757  1176 D ACDB-LOADER: ACDB -> send_audtable
10-11 17:55:23.478   757  1176 D ACDB-LOADER: ACDB -> ACDB_CMD_GET_AUDPROC_COMMON_TABLE_SIZE
10-11 17:55:23.478   757  1176 D ACDB-LOADER: ACDB -> ACDB_CMD_GET_AUDPROC_COMMON_TABLE
10-11 17:55:23.478   757  1176 D ACDB-LOADER: ACDB -> AUDIO_SET_AUDPROC_CAL
10-11 17:55:23.478   757  1176 D ACDB-LOADER: ACDB -> send_audvoltable
10-11 17:55:23.478   757  1176 D ACDB-LOADER: ACDB -> ACDB_CMD_GET_AUDPROC_GAIN_DEP_STEP_TABLE, vol index 0
10-11 17:55:23.478   757  1176 D ACDB-LOADER: ACDB -> AUDIO_SET_VOL_CAL cal type = 12
10-11 17:55:23.478   757  1176 D ACDB-LOADER: ACDB -> send_audstrmtable
10-11 17:55:23.478   757  1176 D ACDB-LOADER: ACDB -> ACDB_CMD_GET_AUDPROC_STREAM_TABLE_V2
10-11 17:55:23.478   757  1176 D ACDB-LOADER: ACDB -> audstrm_cal->cal_type.cal_data.cal_size = 16
10-11 17:55:23.478   757  1176 D ACDB-LOADER: ACDB -> send_afe_topology
10-11 17:55:23.478   757  1176 D ACDB-LOADER: ACDB -> ACDB_CMD_GET_AFE_TOPOLOGY_ID
10-11 17:55:23.478   757  1176 D ACDB-LOADER: ACDB -> GET_AFE_TOPOLOGY_ID for adcd_id 14, Topology Id 1025e
10-11 17:55:23.478   757  1176 D ACDB-LOADER: ACDB -> send_afe_cal
10-11 17:55:23.478   757  1176 D ACDB-LOADER: ACDB -> ACDB_CMD_GET_AFE_COMMON_TABLE
10-11 17:55:23.478   757  1176 D ACDB-LOADER: ACDB -> AUDIO_SET_AFE_CAL
10-11 17:55:23.478   757  1176 D ACDB-LOADER: ACDB -> send_hw_delay : acdb_id = 14 path = 0
10-11 17:55:23.478   757  1176 D ACDB-LOADER: ACDB -> ACDB_AVSYNC_INFO: ACDB_CMD_GET_DEVICE_PROPERTY
10-11 17:55:23.478   757  1176 D audio_hw_primary: enable_audio_route: apply mixer and update path: low-latency-playback
10-11 17:55:23.480   757  1176 D audio_hw_primary: select_devices: done
10-11 17:55:23.482   757  1176 D msm8916_platform: platform_set_channel_map mixer_ctl_name:Playback Channel Map12
10-11 17:55:23.483   757  1176 D msm8916_platform: platform_set_channel_map: set mapping(1 2 0 0 0 0 0 0) for channel:2
10-11 17:55:23.487  1774  3748 D PowerManagerService: getScreenOffTimeoutLocked:  isTestFlag = false
10-11 17:55:23.491  1774  3868 D PowerManagerService: getScreenOffTimeoutLocked:  isTestFlag = false
10-11 17:55:23.497  1774  3421 D PowerManagerService: getScreenOffTimeoutLocked:  isTestFlag = false
10-11 17:55:23.506  1774  9923 D PowerManagerService: getScreenOffTimeoutLocked:  isTestFlag = false
10-11 17:55:23.518  1774  1774 D PowerManagerService: getScreenOffTimeoutLocked:  isTestFlag = false
10-11 17:55:23.522  1774  2803 D PowerManagerService: getScreenOffTimeoutLocked:  isTestFlag = false
10-11 17:55:23.545   757  1176 D audio_hw_primary: start_output_stream: exit
10-11 17:55:23.547  1774  3934 D PowerManagerService: getScreenOffTimeoutLocked:  isTestFlag = false
10-11 17:55:23.556  1774  1818 D PowerManagerService: getScreenOffTimeoutLocked:  isTestFlag = false
10-11 17:55:23.557  1774  1818 D PowerManagerService: getScreenOffTimeoutLocked:  isTestFlag = false
10-11 17:55:23.568  1774  3869 D PowerManagerService: getScreenOffTimeoutLocked:  isTestFlag = false
10-11 17:55:23.589  3751  9968 W art     : Long monitor contention with owner netscheduler-queue-handler (4332) at void sww.a(sxe, int)(:com.google.android.gms@11518448:66) waiters=0 in void sww.a(boolean, swn) for 102ms
10-11 17:55:23.594  1774  3421 D PowerManagerService: getScreenOffTimeoutLocked:  isTestFlag = false
10-11 17:55:23.597  1774  4389 D PowerManagerService: getScreenOffTimeoutLocked:  isTestFlag = false
10-11 17:55:23.601  3389  4152 I chatty  : uid=1001(radio) IFMsg_Rxr expire 15 lines
10-11 17:55:23.606  1774  1816 D PowerManagerService: getScreenOffTimeoutLocked:  isTestFlag = false
10-11 17:55:23.610  1774  3868 D PowerManagerService: getScreenOffTimeoutLocked:  isTestFlag = false
10-11 17:55:23.611  1774  3933 D PowerManagerService: getScreenOffTimeoutLocked:  isTestFlag = false
10-11 17:55:23.613  1774  3421 D PowerManagerService: getScreenOffTimeoutLocked:  isTestFlag = false
10-11 17:55:23.630  1774  1774 D PowerManagerService: getScreenOffTimeoutLocked:  isTestFlag = false
10-11 17:55:23.643  5920 10096 D SimContactsService: import contact to account done!
10-11 17:55:23.668  1774  1818 D PowerManagerService: getScreenOffTimeoutLocked:  isTestFlag = false
10-11 17:55:23.669  1774  1818 D PowerManagerService: getScreenOffTimeoutLocked:  isTestFlag = false
10-11 17:55:23.705  1774  1816 D PowerManagerService: getScreenOffTimeoutLocked:  isTestFlag = false
10-11 17:55:23.706  1774  1818 D PowerManagerService: getScreenOffTimeoutLocked:  isTestFlag = false
10-11 17:55:23.707  1774  3422 D PowerManagerService: getScreenOffTimeoutLocked:  isTestFlag = false
10-11 17:55:23.755  3751  9824 I GoogleURLConnFactory: Using platform SSLCertificateSocketFactory
10-11 17:55:23.780  1774  3421 D PowerManagerService: getScreenOffTimeoutLocked:  isTestFlag = false
10-11 17:55:23.787  1774  2803 D PowerManagerService: getScreenOffTimeoutLocked:  isTestFlag = false
10-11 17:55:23.810  1774  1818 D PowerManagerService: getScreenOffTimeoutLocked:  isTestFlag = false
10-11 17:55:23.811  1774  1818 D PowerManagerService: getScreenOffTimeoutLocked:  isTestFlag = false
10-11 17:55:23.812  1774  3748 D PowerManagerService: getScreenOffTimeoutLocked:  isTestFlag = false
10-11 17:55:23.815  1774  9923 D PowerManagerService: getScreenOffTimeoutLocked:  isTestFlag = false
10-11 17:55:23.830  1774  1818 D PowerManagerService: getScreenOffTimeoutLocked:  isTestFlag = false
10-11 17:55:23.832  1774  1818 D PowerManagerService: getScreenOffTimeoutLocked:  isTestFlag = false
10-11 17:55:23.840  1774  1818 D PowerManagerService: getScreenOffTimeoutLocked:  isTestFlag = false
10-11 17:55:23.866  1774  3422 V Telecom : Logging: START_SESSION: TSI.rPA@AOE
10-11 17:55:23.869  1774  3422 D Telecom : PhoneAccountRegistrar: addOrReplacePhoneAccount(ComponentInfo{com.android.phone/com.android.services.telephony.TelephonyConnectionService}, [da4b9237bacccdf19c0760cab7aec4a8359010b0], UserHandle{0} -> [[ ] PhoneAccount: ComponentInfo{com.android.phone/com.android.services.telephony.TelephonyConnectionService}, [da4b9237bacccdf19c0760cab7aec4a8359010b0], UserHandle{0} Capabilities: CallProvider MultiUser PlaceEmerg SimSub  Audio Routes: BESW Schemes: tel voicemail  Extras: null GroupId: [da39a3ee5e6b4b0d3255bfef95601890afd80709]]): TSI.rPA@AOE
10-11 17:55:23.871  1774  1818 D PowerManagerService: getScreenOffTimeoutLocked:  isTestFlag = false
10-11 17:55:23.871  1774  3422 I Telecom : PhoneAccountRegistrar: [ComponentInfo{com.android.phone/com.android.services.telephony.TelephonyConnectionService}, [da4b9237bacccdf19c0760cab7aec4a8359010b0], UserHandle{0}(cap: 54 -> 62)(icon: Icon(typ=BITMAP size=72x72) -> Icon(typ=BITMAP size=72x72))]: TSI.rPA@AOE
10-11 17:55:23.872  1774  1818 D PowerManagerService: getScreenOffTimeoutLocked:  isTestFlag = false
10-11 17:55:23.872  1774  3422 V Telecom : PhoneAccountRegistrar: maybeReplaceOldAccount: Not replacing PhoneAccount, no group Id or default.: TSI.rPA@AOE
10-11 17:55:23.879  1774  3422 I Telecom : : Sending phone-account registered intent as user: TSI.rPA@AOE
10-11 17:55:23.880  1774  1818 D PowerManagerService: getScreenOffTimeoutLocked:  isTestFlag = false
10-11 17:55:23.881  1774  3422 V Telecom : Logging: END_SUBSESSION (dur: 15 mS): TSI.rPA@AOE
10-11 17:55:23.882  1774  3422 V Telecom : Logging: END_SESSION (dur: 16 ms): TSI.rPA@AOE
10-11 17:55:23.904  1774  2803 D PowerManagerService: getScreenOffTimeoutLocked:  isTestFlag = false
10-11 17:55:23.915  1774  1818 D PowerManagerService: getScreenOffTimeoutLocked:  isTestFlag = false
10-11 17:55:23.916  1774  1818 D PowerManagerService: getScreenOffTimeoutLocked:  isTestFlag = false
10-11 17:55:23.947  1774  1818 D PowerManagerService: getScreenOffTimeoutLocked:  isTestFlag = false
10-11 17:55:23.977  1774  1818 D PowerManagerService: getScreenOffTimeoutLocked:  isTestFlag = false
10-11 17:55:23.977  1774  1818 D PowerManagerService: getScreenOffTimeoutLocked:  isTestFlag = false
10-11 17:55:23.993  1774  1774 D PowerManagerService: getScreenOffTimeoutLocked:  isTestFlag = false
10-11 17:55:23.994  1774  1774 I chatty  : uid=1000 system_server expire 1 line
10-11 17:55:23.994  3085  3085 V KeyguardUpdateMonitor: onSubscriptionInfoChanged()
10-11 17:55:23.996  1774  1818 D PowerManagerService: getScreenOffTimeoutLocked:  isTestFlag = false
10-11 17:55:23.996  1774  1818 D PowerManagerService: getScreenOffTimeoutLocked:  isTestFlag = false
10-11 17:55:24.001 10005 10005 D BugleThrottledAction: CountryCodeDetectorAction already scheduled in 113838ms, not scheduling it again.
10-11 17:55:24.005  1774  1818 D PowerManagerService: getScreenOffTimeoutLocked:  isTestFlag = false
10-11 17:55:24.007 10005 10005 D BugleThrottledAction: SelfParticipantsRefreshAction already scheduled in 113779ms, not scheduling it again.
10-11 17:55:24.037  1774  1818 D PowerManagerService: getScreenOffTimeoutLocked:  isTestFlag = false
10-11 17:55:24.039  1774  1818 D PowerManagerService: getScreenOffTimeoutLocked:  isTestFlag = false
10-11 17:55:24.041  1774  1818 D PowerManagerService: getScreenOffTimeoutLocked:  isTestFlag = false
10-11 17:55:24.041  1774  1818 D PowerManagerService: getScreenOffTimeoutLocked:  isTestFlag = false
10-11 17:55:24.051  1774  1818 D PowerManagerService: getScreenOffTimeoutLocked:  isTestFlag = false
10-11 17:55:24.052  1774  1818 D PowerManagerService: getScreenOffTimeoutLocked:  isTestFlag = false
10-11 17:55:24.054  1774  1818 D PowerManagerService: getScreenOffTimeoutLocked:  isTestFlag = false
10-11 17:55:24.054  1774  1818 D PowerManagerService: getScreenOffTimeoutLocked:  isTestFlag = false
10-11 17:55:24.056  1774  1818 D PowerManagerService: getScreenOffTimeoutLocked:  isTestFlag = false
10-11 17:55:24.056  3389  9767 I chatty  : uid=1001(radio) Binder:3389_9 expire 2 lines
10-11 17:55:24.060  3085  3085 V KeyguardUpdateMonitor: SubInfo:{id=2, iccId=898600120917 simSlotIndex=0 displayName=China Mobile carrierName=CMCC  China Mobile nameSource=0 iconTint=-13408298 dataRoaming=0 iconBitmap=android.graphics.Bitmap@19f6055 mcc 460 mnc 2}
10-11 17:55:24.066  3085  3476 D NetworkController.MobileSignalController(2): networkClass=4G showRat=true slot=0
10-11 17:55:24.066  3085  3476 D TelephonyIcons: updateDataType slot=0, type=13, inetCondition=1 showAtLeast3G=false show4GforLte=true hspaDistinguishable=true
10-11 17:55:24.067  3085  3476 D TelephonyIcons: data type item name: array/telephony_data_type_sim1 id:2131427376
10-11 17:55:24.068  3085  3476 D TelephonyIcons: updateDataType mSelectedDataTypeIcon[0]=2130838270, mSelectedDataActivityIndex=5
10-11 17:55:24.069  3085  3476 D TelephonyIcons: getSignalStrengthIcon: slot=0, inetCondition=1, level=3, roaming=false
10-11 17:55:24.072  3085  3476 D TelephonyIcons: signalStrengthArray.length=9
10-11 17:55:24.074  3085  3476 D TelephonyIcons: selectedTypeArray.length=2
10-11 17:55:24.075  3085  3476 D TelephonyIcons: inetArray.length=5
10-11 17:55:24.080  3389  3389 I chatty  : uid=1001(radio) com.android.phone expire 4 lines
10-11 17:55:24.081  3085  3476 D TelephonyIcons: null signal icon name: drawable/stat_sys_signal_null
10-11 17:55:24.082  3085  3476 D TelephonyIcons: getDataTypeIcon sub=0
10-11 17:55:24.096  1774  3366 I chatty  : uid=1000(system) FLP Service Cal expire 2 lines
10-11 17:55:24.100  1774  3422 D PowerManagerService: getScreenOffTimeoutLocked:  isTestFlag = false
10-11 17:55:24.102  1774  1818 D PowerManagerService: getScreenOffTimeoutLocked:  isTestFlag = false
10-11 17:55:24.103  1774  3370 I chatty  : uid=1000(system) FLP Service Cal expire 2 lines
10-11 17:55:24.136  1774  4021 I chatty  : uid=1000(system) IzatServiceBase expire 4 lines
10-11 17:55:24.154 10001 10001 I clatd   : Detecting NAT64 prefix from DNS...
10-11 17:55:24.156  1774  1818 D PowerManagerService: getScreenOffTimeoutLocked:  isTestFlag = false
10-11 17:55:24.160 10001 10001 E clatd   : plat_prefix/dns(ipv4only.arpa) status = 7/No address associated with hostname
10-11 17:55:24.160 10001 10001 W clatd   : dns64_detection -- error, sleeping for 8 seconds
10-11 17:55:24.161  1774  1818 D PowerManagerService: getScreenOffTimeoutLocked:  isTestFlag = false
10-11 17:55:24.164  1774  1818 D PowerManagerService: getScreenOffTimeoutLocked:  isTestFlag = false
10-11 17:55:24.165  3085  3085 D CarrierText: updateCarrierText(): 1
10-11 17:55:24.167  1774  1774 D PowerManagerService: getScreenOffTimeoutLocked:  isTestFlag = false
10-11 17:55:24.178  1774  1818 D PowerManagerService: getScreenOffTimeoutLocked:  isTestFlag = false
10-11 17:55:24.203  3085  3476 D NetworkController.MobileSignalController(2): onServiceStateChanged mIsCarrierOneNetwork =false
10-11 17:55:24.220  3085  3085 D CarrierText: Handling (subId=2): READY China Mobile 4G
10-11 17:55:24.220  3085  3085 D CarrierText: SIM ready and in service: subId=2, ss=0 0 voice home data home CMCC CMCC 46000 CMCC CMCC 46000  LTE LTE CSS supported -1 -1 RoamInd=-1 DefRoamInd=-1 EmergOnly=false IsDataRoamingFromRegistration=false IsUsingCarrierAggregation=false mRilImsRadioTechnology=0
10-11 17:55:24.225  1774  3194 D PowerManagerService: getScreenOffTimeoutLocked:  isTestFlag = false
10-11 17:55:24.228  1774  3419 D PowerManagerService: getScreenOffTimeoutLocked:  isTestFlag = false
10-11 17:55:24.230  1774  9923 D PowerManagerService: getScreenOffTimeoutLocked:  isTestFlag = false
10-11 17:55:24.232  3085  3085 D CarrierText: updateCarrierText(): 1
10-11 17:55:24.233  1774  1818 D PowerManagerService: getScreenOffTimeoutLocked:  isTestFlag = false
10-11 17:55:24.234  1774  3423 D PowerManagerService: getScreenOffTimeoutLocked:  isTestFlag = false
10-11 17:55:24.234  1774  1818 D PowerManagerService: getScreenOffTimeoutLocked:  isTestFlag = false
10-11 17:55:24.237  1774  1774 D PowerManagerService: getScreenOffTimeoutLocked:  isTestFlag = false
10-11 17:55:24.241  1774  3933 D PowerManagerService: getScreenOffTimeoutLocked:  isTestFlag = false
10-11 17:55:24.247  1774  1818 D PowerManagerService: getScreenOffTimeoutLocked:  isTestFlag = false
10-11 17:55:24.252  1774  3194 D PowerManagerService: getScreenOffTimeoutLocked:  isTestFlag = false
10-11 17:55:24.270  1774  3868 D PowerManagerService: getScreenOffTimeoutLocked:  isTestFlag = false
10-11 17:55:24.270  3085  3476 D NetworkController.MobileSignalController(2): networkClass=4G showRat=true slot=0
10-11 17:55:24.274  1774  4389 D PowerManagerService: getScreenOffTimeoutLocked:  isTestFlag = false
10-11 17:55:24.274  3389  3474 I chatty  : uid=1001(radio) Binder:3389_3 expire 2 lines
10-11 17:55:24.275  1774  3421 D PowerManagerService: getScreenOffTimeoutLocked:  isTestFlag = false
10-11 17:55:24.278  1774  3110 D PowerManagerService: getScreenOffTimeoutLocked:  isTestFlag = false
10-11 17:55:24.279  3085  3476 D TelephonyIcons: updateDataType slot=0, type=13, inetCondition=1 showAtLeast3G=false show4GforLte=true hspaDistinguishable=true
10-11 17:55:24.280  3085  3476 D TelephonyIcons: data type item name: array/telephony_data_type_sim1 id:2131427376
10-11 17:55:24.285  3085  3476 D TelephonyIcons: updateDataType mSelectedDataTypeIcon[0]=2130838270, mSelectedDataActivityIndex=5
10-11 17:55:24.286  3085  3476 D TelephonyIcons: getSignalStrengthIcon: slot=0, inetCondition=1, level=3, roaming=false
10-11 17:55:24.286  3085  3476 D TelephonyIcons: signalStrengthArray.length=9
10-11 17:55:24.287  3085  3476 D TelephonyIcons: selectedTypeArray.length=2
10-11 17:55:24.288  3085  3476 D TelephonyIcons: inetArray.length=5
10-11 17:55:24.290  3085  3476 D TelephonyIcons: null signal icon name: drawable/stat_sys_signal_null
10-11 17:55:24.290  3085  3476 D TelephonyIcons: getDataTypeIcon sub=0
10-11 17:55:24.291  3085  3476 D TelephonyIcons: updateDataType slot=0, type=13, inetCondition=1 showAtLeast3G=false show4GforLte=true hspaDistinguishable=true
10-11 17:55:24.292  3085  3476 D TelephonyIcons: data type item name: array/telephony_data_type_sim1 id:2131427376
10-11 17:55:24.293  3085  3476 D TelephonyIcons: updateDataType mSelectedDataTypeIcon[0]=2130838270, mSelectedDataActivityIndex=5
10-11 17:55:24.295  3085  3476 D TelephonyIcons: getSignalStrengthIcon: slot=0, inetCondition=1, level=3, roaming=false
10-11 17:55:24.296  1774  9923 D PowerManagerService: getScreenOffTimeoutLocked:  isTestFlag = false
10-11 17:55:24.296  3085  3476 D TelephonyIcons: signalStrengthArray.length=9
10-11 17:55:24.297  3085  3476 D TelephonyIcons: selectedTypeArray.length=2
10-11 17:55:24.297  3085  3476 D TelephonyIcons: inetArray.length=5
10-11 17:55:24.299  3085  3476 D TelephonyIcons: null signal icon name: drawable/stat_sys_signal_null
10-11 17:55:24.300  3085  3476 D TelephonyIcons: getDataTypeIcon sub=0
10-11 17:55:24.301  3085  3476 D TelephonyIcons: updateDataType slot=0, type=13, inetCondition=1 showAtLeast3G=false show4GforLte=true hspaDistinguishable=true
10-11 17:55:24.302  3085  3476 D TelephonyIcons: data type item name: array/telephony_data_type_sim1 id:2131427376
10-11 17:55:24.302  3085  3476 D TelephonyIcons: updateDataType mSelectedDataTypeIcon[0]=2130838270, mSelectedDataActivityIndex=5
10-11 17:55:24.303  3085  3476 D TelephonyIcons: getSignalStrengthIcon: slot=0, inetCondition=1, level=3, roaming=false
10-11 17:55:24.304  3085  3476 D TelephonyIcons: signalStrengthArray.length=9
10-11 17:55:24.305  3085  3476 D TelephonyIcons: selectedTypeArray.length=2
10-11 17:55:24.305  3085  3476 D TelephonyIcons: inetArray.length=5
10-11 17:55:24.307  3085  3476 D TelephonyIcons: null signal icon name: drawable/stat_sys_signal_null
10-11 17:55:24.308  3085  3476 D TelephonyIcons: getDataTypeIcon sub=0
10-11 17:55:24.308  3389  3394 I chatty  : uid=1001(radio) Jit thread pool expire 3 lines
10-11 17:55:24.309  3085  3476 D TelephonyIcons: updateDataType slot=0, type=13, inetCondition=1 showAtLeast3G=false show4GforLte=true hspaDistinguishable=true
10-11 17:55:24.309  3085  3476 D TelephonyIcons: data type item name: array/telephony_data_type_sim1 id:2131427376
10-11 17:55:24.310  3085  3476 D TelephonyIcons: updateDataType mSelectedDataTypeIcon[0]=2130838270, mSelectedDataActivityIndex=5
10-11 17:55:24.311  3085  3476 D TelephonyIcons: getSignalStrengthIcon: slot=0, inetCondition=1, level=3, roaming=false
10-11 17:55:24.311  3085  3476 D TelephonyIcons: signalStrengthArray.length=9
10-11 17:55:24.312  3085  3476 D TelephonyIcons: selectedTypeArray.length=2
10-11 17:55:24.312  3085  3476 D TelephonyIcons: inetArray.length=5
10-11 17:55:24.314  3085  3476 D TelephonyIcons: null signal icon name: drawable/stat_sys_signal_null
10-11 17:55:24.314  3085  3476 D TelephonyIcons: getDataTypeIcon sub=0
10-11 17:55:24.315  3085  3476 D TelephonyIcons: updateDataType slot=0, type=13, inetCondition=1 showAtLeast3G=false show4GforLte=true hspaDistinguishable=true
10-11 17:55:24.316  3085  3476 D TelephonyIcons: data type item name: array/telephony_data_type_sim1 id:2131427376
10-11 17:55:24.316  3085  3476 D TelephonyIcons: updateDataType mSelectedDataTypeIcon[0]=2130838270, mSelectedDataActivityIndex=5
10-11 17:55:24.317  3085  3476 D TelephonyIcons: getSignalStrengthIcon: slot=0, inetCondition=1, level=3, roaming=false
10-11 17:55:24.317  3085  3476 D TelephonyIcons: signalStrengthArray.length=9
10-11 17:55:24.318  3085  3476 D TelephonyIcons: selectedTypeArray.length=2
10-11 17:55:24.318  3085  3476 D TelephonyIcons: inetArray.length=5
10-11 17:55:24.320  3085  3476 D TelephonyIcons: null signal icon name: drawable/stat_sys_signal_null
10-11 17:55:24.320  3085  3476 D TelephonyIcons: getDataTypeIcon sub=0
10-11 17:55:24.321  3085  3476 D TelephonyIcons: updateDataType slot=0, type=13, inetCondition=1 showAtLeast3G=false show4GforLte=true hspaDistinguishable=true
10-11 17:55:24.322  3085  3476 D TelephonyIcons: data type item name: array/telephony_data_type_sim1 id:2131427376
10-11 17:55:24.322 10005 10043 W Bugle   : canonicalizeMccMnc: invalid mccmnc:null ,null
10-11 17:55:24.322  3085  3476 D TelephonyIcons: updateDataType mSelectedDataTypeIcon[0]=2130838270, mSelectedDataActivityIndex=5
10-11 17:55:24.322  3085  3476 D TelephonyIcons: getSignalStrengthIcon: slot=0, inetCondition=1, level=3, roaming=false
10-11 17:55:24.323  3085  3476 D TelephonyIcons: signalStrengthArray.length=9
10-11 17:55:24.324  3085  3476 D TelephonyIcons: selectedTypeArray.length=2
10-11 17:55:24.324  3085  3476 D TelephonyIcons: inetArray.length=5
10-11 17:55:24.326  3085  3476 D TelephonyIcons: null signal icon name: drawable/stat_sys_signal_null
10-11 17:55:24.326  3389  3402 I chatty  : uid=1001(radio) Binder:3389_2 expire 1 line
10-11 17:55:24.327  3085  3476 D TelephonyIcons: getDataTypeIcon sub=0
10-11 17:55:24.327  3085  3476 D TelephonyIcons: updateDataType slot=0, type=13, inetCondition=1 showAtLeast3G=false show4GforLte=true hspaDistinguishable=true
10-11 17:55:24.328  1774  3912 D PowerManagerService: getScreenOffTimeoutLocked:  isTestFlag = false
10-11 17:55:24.328  3085  3476 D TelephonyIcons: data type item name: array/telephony_data_type_sim1 id:2131427376
10-11 17:55:24.328  3085  3085 D CarrierText: Handling (subId=2): READY China Mobile 4G
10-11 17:55:24.329  3085  3085 D CarrierText: SIM ready and in service: subId=2, ss=0 0 voice home data home CMCC CMCC 46000 CMCC CMCC 46000  LTE LTE CSS supported -1 -1 RoamInd=-1 DefRoamInd=-1 EmergOnly=false IsDataRoamingFromRegistration=false IsUsingCarrierAggregation=false mRilImsRadioTechnology=0
10-11 17:55:24.329  3085  3476 D TelephonyIcons: updateDataType mSelectedDataTypeIcon[0]=2130838270, mSelectedDataActivityIndex=5
10-11 17:55:24.329  3085  3476 D TelephonyIcons: getSignalStrengthIcon: slot=0, inetCondition=1, level=3, roaming=false
10-11 17:55:24.330  3085  3476 D TelephonyIcons: signalStrengthArray.length=9
10-11 17:55:24.330  3085  3476 D TelephonyIcons: selectedTypeArray.length=2
10-11 17:55:24.330  3085  3476 D TelephonyIcons: inetArray.length=5
10-11 17:55:24.331  3085  3476 D TelephonyIcons: null signal icon name: drawable/stat_sys_signal_null
10-11 17:55:24.332  3085  3476 D TelephonyIcons: getDataTypeIcon sub=0
10-11 17:55:24.341  3085  3085 D CarrierText: updateCarrierText(): 1
10-11 17:55:24.347  1774  1818 D PowerManagerService: getScreenOffTimeoutLocked:  isTestFlag = false
10-11 17:55:24.347  1774  1818 D PowerManagerService: getScreenOffTimeoutLocked:  isTestFlag = false
10-11 17:55:24.350  1774  1774 D PowerManagerService: getScreenOffTimeoutLocked:  isTestFlag = false
10-11 17:55:24.350  3389  3389 I chatty  : uid=1001(radio) com.android.phone expire 3 lines
10-11 17:55:24.356  1774  1818 D PowerManagerService: getScreenOffTimeoutLocked:  isTestFlag = false
10-11 17:55:24.372  1774  3869 D MmsServiceBroker: getCarrierConfigValues() by com.google.android.apps.messaging
10-11 17:55:24.372  3389  9773 D MmsService: getCarrierConfigValues
