--------- beginning of system
10-11 17:52:44.372   445   451 D vold    : e4crypt_unlock_user_key 0 serial=0 token_present=0
10-11 17:52:44.373  1774  2806 I chatty  : uid=1000(system) CryptdConnector expire 1 line
10-11 17:52:44.376  1774  2804 I chatty  : uid=1000(system) MountService expire 4 lines
10-11 17:52:44.380  1774  2805 I chatty  : uid=1000(system) VoldConnector expire 11 lines
10-11 17:52:44.397  1774  1824 I chatty  : uid=1000(system) android.fg expire 1 line
10-11 17:52:44.406  1774  1774 I chatty  : uid=1000 system_server expire 47 lines
10-11 17:52:44.407  1774  1819 I chatty  : uid=1000(system) ActivityManager expire 3 lines
10-11 17:52:44.426   445   450 V vold    : Waiting for FUSE to spin up...
10-11 17:52:44.604  1774  1774 I chatty  : uid=1000 system_server expire 87 lines
10-11 17:52:44.918  1774  1820 I chatty  : uid=1000(system) android.ui expire 2 lines
10-11 17:52:44.944  1774  3033 I chatty  : uid=1000(system) NetworkStats expire 4 lines
10-11 17:52:44.949  1774  2800 I chatty  : uid=1000(system) AlarmManager expire 1 line
10-11 17:52:45.138  1774  1822 I chatty  : uid=1000(system) batterystats-sy expire 2 lines
10-11 17:52:45.874  1774  1818 I chatty  : uid=1000(system) android.bg expire 11 lines
10-11 17:52:45.879  1774  3374 I chatty  : uid=1000(system) NetworkTimeUpda expire 2 lines
10-11 17:52:45.886  1774  3366 I chatty  : uid=1000(system) FLP Service Cal expire 1 line
10-11 17:52:45.899  1774  3194 I chatty  : uid=1000(system) Binder:1774_5 expire 15 lines
10-11 17:52:46.078  1774  1828 I chatty  : uid=1000(system) PowerManagerSer expire 1 line
10-11 17:52:46.362  3375  3375 W ContextImpl: Calling a method in the system process without a qualified user: android.app.ContextImpl.sendBroadcast:877 android.content.ContextWrapper.sendBroadcast:421 com.quicinc.cne.CNEService.CNEServiceApp.broadcastCNEStarted:103 com.quicinc.cne.CNEService.CNEServiceApp.startCne:123 com.quicinc.cne.CNEService.CNEServiceApp.onCreate:94 
10-11 17:52:46.424  1774  3422 I chatty  : uid=1000(system) Binder:1774_8 expire 15 lines
10-11 17:52:46.514  1774  3110 I chatty  : uid=1000(system) Binder:1774_4 expire 14 lines
10-11 17:52:46.516  1774  2803 I chatty  : uid=1000(system) Binder:1774_3 expire 27 lines
10-11 17:52:46.525  1774  3419 I chatty  : uid=1000(system) Binder:1774_6 expire 22 lines
10-11 17:52:46.529  1774  3421 I chatty  : uid=1000(system) Binder:1774_7 expire 8 lines
10-11 17:52:46.532  1774  1817 I chatty  : uid=1000(system) Binder:1774_2 expire 11 lines
10-11 17:52:46.541  1774  3423 I chatty  : uid=1000(system) Binder:1774_9 expire 7 lines
10-11 17:52:46.549  1774  3459 I chatty  : uid=1000(system) uteStateMachine expire 1 line
10-11 17:52:46.549  1774  1816 I chatty  : uid=1000(system) Binder:1774_1 expire 11 lines
10-11 17:52:46.559  1774  3460 I chatty  : uid=1000(system) CallAudioModeSt expire 3 lines
10-11 17:52:46.582  1774  3463 I chatty  : uid=1000(system) AsyncQueryWorke expire 1 line
10-11 17:52:46.917  1774  3048 I chatty  : uid=1000(system) onProviders.ECP expire 2 lines
10-11 17:52:47.472  1774  3042 I chatty  : uid=1000(system) ConnectivitySer expire 3 lines
10-11 17:52:47.520  3389  3616 E ActivityThread: Failed to find provider info for com.android.contacts
10-11 17:52:47.752  3085  3640 E ActivityThread: Failed to find provider info for com.android.contacts
10-11 17:52:48.052   445   451 D VoldCryptCmdListener: cryptfs getpw
10-11 17:52:48.053  1774  2806 I chatty  : uid=1000(system) CryptdConnector expire 3 lines
10-11 17:52:48.061   445   451 D VoldCryptCmdListener: cryptfs clearpw
10-11 17:52:48.069  3085  3337 W KeyguardViewMediator: getFactoryKitMode:result:0
10-11 17:52:48.214  1774  1816 I chatty  : uid=1000(system) Binder:1774_1 expire 6 lines
10-11 17:52:48.215  1774  3194 I chatty  : uid=1000(system) Binder:1774_5 expire 29 lines
10-11 17:52:48.216  1774  1817 I chatty  : uid=1000(system) Binder:1774_2 expire 7 lines
10-11 17:52:48.217  1774  2803 I chatty  : uid=1000(system) Binder:1774_3 expire 6 lines
10-11 17:52:48.237  1774  3422 I chatty  : uid=1000(system) Binder:1774_8 expire 6 lines
10-11 17:52:48.240  1774  3423 I chatty  : uid=1000(system) Binder:1774_9 expire 17 lines
10-11 17:52:48.245  1774  3419 I chatty  : uid=1000(system) Binder:1774_6 expire 16 lines
10-11 17:52:48.408  1774  1826 I chatty  : uid=1000(system) android.display expire 18 lines
10-11 17:52:48.455   445   451 D vold    : e4crypt_prepare_user_storage for volume null, user 0, serial 0, flags 2
10-11 17:52:48.456   445   451 D vold    : Preparing: /data/system_ce/0
10-11 17:52:48.456   445   451 D vold    : Preparing: /data/misc_ce/0
10-11 17:52:48.456   445   451 D vold    : Preparing: /data/media/0
10-11 17:52:48.456   445   451 D vold    : Preparing: /data/data
10-11 17:52:48.545  1774  1828 I chatty  : uid=1000(system) PowerManagerSer expire 2 lines
10-11 17:52:49.433  1774  3421 I chatty  : uid=1000(system) Binder:1774_7 expire 23 lines
10-11 17:52:50.115  1774  3748 I chatty  : uid=1000(system) Binder:1774_A expire 17 lines
10-11 17:52:50.468  1774  1819 I chatty  : uid=1000(system) ActivityManager expire 20 lines
10-11 17:52:50.469  1774  1825 I chatty  : uid=1000(system) android.io expire 1 line
10-11 17:52:50.474   445   450 D vold    : Linking /storage/emulated/0 to /mnt/user/0/primary
10-11 17:52:50.477  1774  2805 I chatty  : uid=1000(system) VoldConnector expire 1 line
10-11 17:52:50.501  1774  2804 I chatty  : uid=1000(system) MountService expire 1 line
10-11 17:52:50.528  1774  3110 I chatty  : uid=1000(system) Binder:1774_4 expire 16 lines
10-11 17:52:51.026  1774  3749 I chatty  : uid=1000(system) backup expire 2 lines
10-11 17:52:51.117  1774  1774 I chatty  : uid=1000 system_server expire 6 lines
10-11 17:52:51.187  1774  3037 I chatty  : uid=1000(system) WifiService expire 1 line
10-11 17:52:51.996  1774  1818 I chatty  : uid=1000(system) android.bg expire 24 lines
10-11 17:52:52.118  1774  3051 I chatty  : uid=1000 system_server expire 1 line
10-11 17:52:52.829  3085  3085 V KeyguardStatusView: refresh statusview showing:true
10-11 17:52:52.965  1774  3912 I chatty  : uid=1000(system) Binder:1774_E expire 5 lines
10-11 17:52:52.971  3085  3085 V KeyguardDisplayManager: show
10-11 17:52:53.102  1774  3934 I chatty  : uid=1000(system) Binder:1774_10 expire 7 lines
10-11 17:52:53.165  1774  3868 I chatty  : uid=1000(system) Binder:1774_B expire 10 lines
10-11 17:52:53.870  1774  3895 I chatty  : uid=1000(system) Binder:1774_D expire 4 lines
10-11 17:52:54.504  1774  3869 I chatty  : uid=1000(system) Binder:1774_C expire 4 lines
10-11 17:52:54.519  1774  3933 I chatty  : uid=1000(system) Binder:1774_F expire 21 lines
10-11 17:52:54.658  3769  3769 W KeyphraseEnrollmentInfo: No Enrollment application supports the given keyphrase/locale
10-11 17:52:54.850  1774  3423 I chatty  : uid=1000(system) Binder:1774_9 expire 11 lines
10-11 17:52:54.855  1774  3421 I chatty  : uid=1000(system) Binder:1774_7 expire 7 lines
10-11 17:52:54.857  1774  3895 I chatty  : uid=1000(system) Binder:1774_D expire 10 lines
10-11 17:52:54.860  1774  3194 I chatty  : uid=1000(system) Binder:1774_5 expire 16 lines
10-11 17:52:54.867  1774  2803 I chatty  : uid=1000(system) Binder:1774_3 expire 10 lines
10-11 17:52:54.876  1774  3869 I chatty  : uid=1000(system) Binder:1774_C expire 27 lines
10-11 17:52:54.885  1774  3868 I chatty  : uid=1000(system) Binder:1774_B expire 9 lines
10-11 17:52:54.891  1774  3419 I chatty  : uid=1000(system) Binder:1774_6 expire 6 lines
10-11 17:52:54.895  1774  1817 I chatty  : uid=1000(system) Binder:1774_2 expire 19 lines
10-11 17:52:54.920  1774  3912 I chatty  : uid=1000(system) Binder:1774_E expire 29 lines
10-11 17:52:54.922  1774  1816 I chatty  : uid=1000(system) Binder:1774_1 expire 17 lines
10-11 17:52:54.961  1774  3748 I chatty  : uid=1000(system) Binder:1774_A expire 6 lines
10-11 17:52:54.976  1774  3934 I chatty  : uid=1000(system) Binder:1774_10 expire 18 lines
10-11 17:52:54.990  1774  3422 I chatty  : uid=1000(system) Binder:1774_8 expire 6 lines
10-11 17:52:55.012  1774  3110 I chatty  : uid=1000(system) Binder:1774_4 expire 30 lines
10-11 17:52:55.154  1774  1774 I chatty  : uid=1000 system_server expire 11 lines
10-11 17:52:55.374  1774  3042 I chatty  : uid=1000(system) ConnectivitySer expire 3 lines
10-11 17:52:56.500  1774  3038 I chatty  : uid=1000(system) WifiStateMachin expire 1 line
10-11 17:52:56.682  3389  3389 D MccTable: updateMccMncConfiguration mccmnc='46001' fromServiceState=true
10-11 17:52:56.686  3389  3389 D MccTable: updateMccMncConfiguration defaultMccMnc=
10-11 17:52:56.686  3389  3389 D MccTable: updateMccMncConfiguration: mcc=460, mnc=1
10-11 17:52:56.686  3389  3389 D MccTable: WIFI_COUNTRY_CODE set to cn
10-11 17:52:56.726  1774  1818 I chatty  : uid=1000(system) android.bg expire 1 line
10-11 17:52:56.871  1774  4021 I chatty  : uid=1000(system) IzatServiceBase expire 1 line
10-11 17:52:57.067  1774  3868 I chatty  : uid=1000(system) Binder:1774_B expire 25 lines
10-11 17:52:57.069  1774  3110 I chatty  : uid=1000(system) Binder:1774_4 expire 27 lines
10-11 17:52:57.072  1774  3421 I chatty  : uid=1000(system) Binder:1774_7 expire 16 lines
10-11 17:52:57.074  1774  3194 I chatty  : uid=1000(system) Binder:1774_5 expire 19 lines
10-11 17:52:57.080  1774  3419 I chatty  : uid=1000(system) Binder:1774_6 expire 6 lines
10-11 17:52:57.082  1774  3748 I chatty  : uid=1000(system) Binder:1774_A expire 12 lines
10-11 17:52:57.084  1774  3933 I chatty  : uid=1000(system) Binder:1774_F expire 3 lines
10-11 17:52:57.227  1774  3912 I chatty  : uid=1000(system) Binder:1774_E expire 6 lines
10-11 17:52:57.239  1774  3895 I chatty  : uid=1000(system) Binder:1774_D expire 25 lines
10-11 17:52:57.302  1774  3869 I chatty  : uid=1000(system) Binder:1774_C expire 16 lines
10-11 17:52:57.385  1774  3423 I chatty  : uid=1000(system) Binder:1774_9 expire 35 lines
10-11 17:52:57.447  1774  2803 I chatty  : uid=1000(system) Binder:1774_3 expire 18 lines
10-11 17:52:57.475  1774  1817 I chatty  : uid=1000(system) Binder:1774_2 expire 8 lines
10-11 17:52:57.577  1774  3042 I chatty  : uid=1000(system) ConnectivitySer expire 9 lines
10-11 17:52:57.833  1774  1774 I chatty  : uid=1000 system_server expire 8 lines
10-11 17:52:58.034  3389  3389 D MccTable: updateMccMncConfiguration mccmnc='' fromServiceState=false
10-11 17:52:58.213  1774  1818 I chatty  : uid=1000(system) android.bg expire 4 lines
10-11 17:52:58.368  1774  3355 I chatty  : uid=1000(system) EmergencyAfford expire 2 lines
10-11 17:52:58.398  1774  2800 I chatty  : uid=1000(system) AlarmManager expire 3 lines
10-11 17:52:58.702  1774  1816 I chatty  : uid=1000(system) Binder:1774_1 expire 2 lines
10-11 17:52:59.212  1774  3374 I chatty  : uid=1000(system) NetworkTimeUpda expire 2 lines
10-11 17:52:59.237  1774  3422 I chatty  : uid=1000(system) Binder:1774_8 expire 7 lines
10-11 17:52:59.256  1774  3934 I chatty  : uid=1000(system) Binder:1774_10 expire 1 line
10-11 17:52:59.755  1774  1819 I chatty  : uid=1000(system) ActivityManager expire 1 line
10-11 17:52:59.907  3085  3085 V KeyguardDisplayManager: hide
10-11 17:53:00.094  3389  3389 D MccTable: updateMccMncConfiguration mccmnc='46001' fromServiceState=false
10-11 17:53:00.095  3389  3389 D MccTable: updateMccMncConfiguration defaultMccMnc=
10-11 17:53:00.095  3389  3389 D MccTable: updateMccMncConfiguration: mcc=460, mnc=1
10-11 17:53:00.096  3389  3389 D MccTable: updateMccMncConfiguration updateConfig config={1.0 460mcc1mnc ?localeList ?layoutDir ?swdp ?wdp ?hdp ?density ?lsize ?long ?orien ?uimode ?night ?touch ?keyb/?/? ?nav/?}
10-11 17:53:00.435  1774  3423 I chatty  : uid=1000(system) Binder:1774_9 expire 7 lines
10-11 17:53:00.449  1774  3869 I chatty  : uid=1000(system) Binder:1774_C expire 23 lines
10-11 17:53:00.450  1774  3194 I chatty  : uid=1000(system) Binder:1774_5 expire 14 lines
10-11 17:53:00.456  1774  1816 I chatty  : uid=1000(system) Binder:1774_1 expire 8 lines
10-11 17:53:00.465  1774  3933 I chatty  : uid=1000(system) Binder:1774_F expire 18 lines
10-11 17:53:00.472  1774  3748 I chatty  : uid=1000(system) Binder:1774_A expire 8 lines
10-11 17:53:00.532  1774  2803 I chatty  : uid=1000(system) Binder:1774_3 expire 24 lines
10-11 17:53:00.543  1774  3422 I chatty  : uid=1000(system) Binder:1774_8 expire 9 lines
10-11 17:53:00.547  1774  3868 I chatty  : uid=1000(system) Binder:1774_B expire 14 lines
10-11 17:53:00.569  1774  3934 I chatty  : uid=1000(system) Binder:1774_10 expire 4 lines
10-11 17:53:00.575  1774  1774 I chatty  : uid=1000 system_server expire 14 lines
10-11 17:53:00.647  1774  1817 I chatty  : uid=1000(system) Binder:1774_2 expire 22 lines
10-11 17:53:00.859  1774  3110 I chatty  : uid=1000(system) Binder:1774_4 expire 12 lines
10-11 17:53:00.977  1774  4389 I chatty  : uid=1000(system) Binder:1774_11 expire 16 lines
10-11 17:53:01.001  1774  3895 I chatty  : uid=1000(system) Binder:1774_D expire 10 lines
10-11 17:53:01.188  1774  3912 I chatty  : uid=1000(system) Binder:1774_E expire 3 lines
10-11 17:53:01.292  1774  3421 I chatty  : uid=1000(system) Binder:1774_7 expire 33 lines
10-11 17:53:01.492  1774  1818 I chatty  : uid=1000(system) android.bg expire 5 lines
10-11 17:53:02.218  1774  1826 I chatty  : uid=1000(system) android.display expire 2 lines
10-11 17:53:02.486  1774  2800 I chatty  : uid=1000(system) AlarmManager expire 1 line
10-11 17:53:03.394  1774  3419 I chatty  : uid=1000(system) Binder:1774_6 expire 7 lines
10-11 17:53:03.617  3389  3389 D MccTable: updateMccMncConfiguration mccmnc='46001' fromServiceState=false
10-11 17:53:03.618  3389  3389 D MccTable: updateMccMncConfiguration defaultMccMnc=46001
10-11 17:53:03.618  3389  3389 D MccTable: updateMccMncConfiguration: mcc=460, mnc=1
10-11 17:53:03.619  3389  3389 D MccTable: updateMccMncConfiguration updateConfig config={1.0 460mcc1mnc ?localeList ?layoutDir ?swdp ?wdp ?hdp ?density ?lsize ?long ?orien ?uimode ?night ?touch ?keyb/?/? ?nav/?}
10-11 17:53:03.855  1774  2801 I chatty  : uid=1000(system) InputDispatcher expire 1 line
10-11 17:53:04.849  1774  1774 I chatty  : uid=1000 system_server expire 38 lines
10-11 17:53:04.927  1774  1818 I chatty  : uid=1000(system) android.bg expire 80 lines
10-11 17:53:05.036  1774  2803 I chatty  : uid=1000(system) Binder:1774_3 expire 23 lines
10-11 17:53:05.064  1774  3933 I chatty  : uid=1000(system) Binder:1774_F expire 14 lines
10-11 17:53:05.087  1774  3423 I chatty  : uid=1000(system) Binder:1774_9 expire 8 lines
10-11 17:53:05.142  1774  1817 I chatty  : uid=1000(system) Binder:1774_2 expire 10 lines
10-11 17:53:05.475  1774  1816 I chatty  : uid=1000(system) Binder:1774_1 expire 11 lines
10-11 17:53:06.033  1774  3042 I chatty  : uid=1000(system) ConnectivitySer expire 1 line
10-11 17:53:06.475  1774  3868 I chatty  : uid=1000(system) Binder:1774_B expire 7 lines
10-11 17:53:06.476  1774  3194 I chatty  : uid=1000(system) Binder:1774_5 expire 6 lines
10-11 17:53:06.482  1774  4389 I chatty  : uid=1000(system) Binder:1774_11 expire 11 lines
10-11 17:53:06.852  1774  3869 I chatty  : uid=1000(system) Binder:1774_C expire 5 lines
10-11 17:53:06.882  1774  3419 I chatty  : uid=1000(system) Binder:1774_6 expire 5 lines
10-11 17:53:07.092  1774  4497 I chatty  : uid=1000 system_server expire 2 lines
10-11 17:53:07.378  3854  3854 W ContextImpl: Calling a method in the system process without a qualified user: android.app.ContextImpl.startService:1357 android.content.ContextWrapper.startService:613 android.content.ContextWrapper.startService:613 com.qualcomm.qti.services.secureui.BootReceiver.onReceive:30 android.app.ActivityThread.handleReceiver:3041 
10-11 17:53:07.434  1774  3895 I chatty  : uid=1000(system) Binder:1774_D expire 3 lines
10-11 17:53:07.562  4515  4515 W ContextImpl: Calling a method in the system process without a qualified user: android.app.ContextImpl.startService:1357 android.content.ContextWrapper.startService:613 android.content.ContextWrapper.startService:613 com.qualcomm.cabl.CABLReceiver.onReceive:33 android.app.ActivityThread.handleReceiver:3041 
10-11 17:53:07.599  4515  4515 W ContextImpl: Calling a method in the system process without a qualified user: android.app.ContextImpl.startService:1357 android.content.ContextWrapper.startService:613 android.content.ContextWrapper.startService:613 com.qualcomm.svi.SVIReceiver.onReceive:33 android.app.ActivityThread.handleReceiver:3041 
10-11 17:53:07.642  1774  3748 I chatty  : uid=1000(system) Binder:1774_A expire 1 line
10-11 17:53:07.680  1774  3934 I chatty  : uid=1000(system) Binder:1774_10 expire 2 lines
10-11 17:53:08.037  4576  4576 W ContextImpl: Calling a method in the system process without a qualified user: android.app.ContextImpl.startService:1357 android.content.ContextWrapper.startService:613 android.content.ContextWrapper.startService:613 com.qti.diagservices.Diag_OnBoot.onReceive:44 android.app.ActivityThread.handleReceiver:3041 
10-11 17:53:08.408  1774  3422 I chatty  : uid=1000(system) Binder:1774_8 expire 5 lines
10-11 17:53:08.411  1774  3421 I chatty  : uid=1000(system) Binder:1774_7 expire 3 lines
10-11 17:53:08.501  1774  3912 I chatty  : uid=1000(system) Binder:1774_E expire 3 lines
10-11 17:53:08.528  4619  4619 W ContextImpl: Calling a method in the system process without a qualified user: android.app.ContextImpl.startService:1357 android.content.ContextWrapper.startService:613 android.content.ContextWrapper.startService:613 com.qualcomm.qti.qs.QSBroadcastReceiver.onReceive:22 android.app.ActivityThread.handleReceiver:3041 
10-11 17:53:08.840  4619  4619 W ContextImpl: Calling a method in the system process without a qualified user: android.app.ContextImpl.sendBroadcast:877 android.content.ContextWrapper.sendBroadcast:421 com.qualcomm.qti.qs.tiles.AudioProfileTile.handleUpdateState:82 com.qualcomm.qti.qs.tiles.AudioProfileTile.<init>:37 com.qualcomm.qti.qs.QSService.createTile:60 
10-11 17:53:08.949  4619  4619 W ContextImpl: Calling a method in the system process without a qualified user: android.app.ContextImpl.sendBroadcast:877 android.content.ContextWrapper.sendBroadcast:421 com.qualcomm.qti.qs.tiles.ApnTile.handleUpdateState:94 com.qualcomm.qti.qs.QSService.onStartCommand:108 android.app.ActivityThread.handleServiceArgs:3327 
10-11 17:53:09.006  4619  4619 W ContextImpl: Calling a method in the system process without a qualified user: android.app.ContextImpl.sendBroadcast:877 android.content.ContextWrapper.sendBroadcast:421 com.qualcomm.qti.qs.tiles.DataTile.handleUpdateState:77 com.qualcomm.qti.qs.QSService.onStartCommand:108 android.app.ActivityThread.handleServiceArgs:3327 
10-11 17:53:09.093  4619  4619 W ContextImpl: Calling a method in the system process without a qualified user: android.app.ContextImpl.sendBroadcast:877 android.content.ContextWrapper.sendBroadcast:421 com.qualcomm.qti.qs.tiles.DdsTile.handleUpdateState:102 com.qualcomm.qti.qs.QSService.onStartCommand:108 android.app.ActivityThread.handleServiceArgs:3327 
10-11 17:53:09.155  4619  4619 W ContextImpl: Calling a method in the system process without a qualified user: android.app.ContextImpl.sendBroadcast:877 android.content.ContextWrapper.sendBroadcast:421 com.qualcomm.qti.qs.tiles.RoamingTile.handleUpdateState:75 com.qualcomm.qti.qs.QSService.onStartCommand:108 android.app.ActivityThread.handleServiceArgs:3327 
10-11 17:53:09.202  4619  4619 W ContextImpl: Calling a method in the system process without a qualified user: android.app.ContextImpl.sendBroadcast:877 android.content.ContextWrapper.sendBroadcast:421 com.qualcomm.qti.qs.tiles.AudioProfileTile.handleUpdateState:82 com.qualcomm.qti.qs.QSService.onStartCommand:108 android.app.ActivityThread.handleServiceArgs:3327 
10-11 17:53:09.358  1774  3110 I chatty  : uid=1000(system) Binder:1774_4 expire 15 lines
10-11 17:53:09.462  4619  4619 W ContextImpl: Calling a method in the system process without a qualified user: android.app.ContextImpl.sendBroadcast:877 android.content.ContextWrapper.sendBroadcast:421 com.qualcomm.qti.qs.tiles.AudioProfileTile.handleUpdateState:82 com.qualcomm.qti.qs.tiles.AudioProfileTile$1.onReceive:30 android.app.LoadedApk$ReceiverDispatcher$Args.run:1122 
10-11 17:53:10.485  4742  4769 D ActivityThread: Loading provider com.android.email.provider;com.android.email.notifier: com.android.email.provider.EmailProvider
10-11 17:53:10.494  4742  4770 D ActivityThread: Loading provider com.android.email.provider;com.android.email.notifier: com.android.email.provider.EmailProvider
10-11 17:53:10.597  1774  1822 I chatty  : uid=1000(system) batterystats-sy expire 2 lines
10-11 17:53:10.920  4742  4742 E ActivityThread: Service com.android.email.service.EmailBroadcastProcessorService has leaked ServiceConnection com.android.emailcommon.service.ServiceProxy$ProxyConnection@187d134 that was originally bound here
10-11 17:53:10.920  4742  4742 E ActivityThread: android.app.ServiceConnectionLeaked: Service com.android.email.service.EmailBroadcastProcessorService has leaked ServiceConnection com.android.emailcommon.service.ServiceProxy$ProxyConnection@187d134 that was originally bound here
10-11 17:53:10.920  4742  4742 E ActivityThread: 	at android.app.LoadedApk$ServiceDispatcher.<init>(LoadedApk.java:1336)
10-11 17:53:10.920  4742  4742 E ActivityThread: 	at android.app.LoadedApk.getServiceDispatcher(LoadedApk.java:1231)
10-11 17:53:10.920  4742  4742 E ActivityThread: 	at android.app.ContextImpl.bindServiceCommon(ContextImpl.java:1450)
10-11 17:53:10.920  4742  4742 E ActivityThread: 	at android.app.ContextImpl.bindService(ContextImpl.java:1422)
10-11 17:53:10.920  4742  4742 E ActivityThread: 	at android.content.ContextWrapper.bindService(ContextWrapper.java:636)
10-11 17:53:10.920  4742  4742 E ActivityThread: 	at com.android.emailcommon.service.ServiceProxy.setTask(ServiceProxy.java:229)
10-11 17:53:10.920  4742  4742 E ActivityThread: 	at com.android.emailcommon.service.ServiceProxy.test(ServiceProxy.java:272)
10-11 17:53:10.920  4742  4742 E ActivityThread: 	at com.android.email.service.EmailServiceUtils.isServiceAvailable(EmailServiceUtils.java:160)
10-11 17:53:10.920  4742  4742 E ActivityThread: 	at com.android.email.provider.AccountReconciler.reconcileAccountsInternal(AccountReconciler.java:171)
10-11 17:53:10.920  4742  4742 E ActivityThread: 	at com.android.email.provider.AccountReconciler.reconcileAccounts(AccountReconciler.java:115)
10-11 17:53:10.920  4742  4742 E ActivityThread: 	at com.android.email.service.EmailBroadcastProcessorService.reconcileAndStartServices(EmailBroadcastProcessorService.java:305)
10-11 17:53:10.920  4742  4742 E ActivityThread: 	at com.android.email.service.EmailBroadcastProcessorService.onBootCompleted(EmailBroadcastProcessorService.java:295)
10-11 17:53:10.920  4742  4742 E ActivityThread: 	at com.android.email.service.EmailBroadcastProcessorService.onHandleIntent(EmailBroadcastProcessorService.java:130)
10-11 17:53:10.920  4742  4742 E ActivityThread: 	at android.app.IntentService$ServiceHandler.handleMessage(IntentService.java:68)
10-11 17:53:10.920  4742  4742 E ActivityThread: 	at android.os.Handler.dispatchMessage(Handler.java:102)
10-11 17:53:10.920  4742  4742 E ActivityThread: 	at android.os.Looper.loop(Looper.java:154)
10-11 17:53:10.920  4742  4742 E ActivityThread: 	at android.os.HandlerThread.run(HandlerThread.java:61)
10-11 17:53:10.928  4742  4742 E ActivityThread: Service com.android.email.service.EmailBroadcastProcessorService has leaked ServiceConnection com.android.emailcommon.service.ServiceProxy$ProxyConnection@7053246 that was originally bound here
10-11 17:53:10.928  4742  4742 E ActivityThread: android.app.ServiceConnectionLeaked: Service com.android.email.service.EmailBroadcastProcessorService has leaked ServiceConnection com.android.emailcommon.service.ServiceProxy$ProxyConnection@7053246 that was originally bound here
10-11 17:53:10.928  4742  4742 E ActivityThread: 	at android.app.LoadedApk$ServiceDispatcher.<init>(LoadedApk.java:1336)
10-11 17:53:10.928  4742  4742 E ActivityThread: 	at android.app.LoadedApk.getServiceDispatcher(LoadedApk.java:1231)
10-11 17:53:10.928  4742  4742 E ActivityThread: 	at android.app.ContextImpl.bindServiceCommon(ContextImpl.java:1450)
10-11 17:53:10.928  4742  4742 E ActivityThread: 	at android.app.ContextImpl.bindService(ContextImpl.java:1422)
10-11 17:53:10.928  4742  4742 E ActivityThread: 	at android.content.ContextWrapper.bindService(ContextWrapper.java:636)
10-11 17:53:10.928  4742  4742 E ActivityThread: 	at com.android.emailcommon.service.ServiceProxy.setTask(ServiceProxy.java:229)
10-11 17:53:10.928  4742  4742 E ActivityThread: 	at com.android.emailcommon.service.ServiceProxy.test(ServiceProxy.java:272)
10-11 17:53:10.928  4742  4742 E ActivityThread: 	at com.android.email.service.EmailServiceUtils.isServiceAvailable(EmailServiceUtils.java:160)
10-11 17:53:10.928  4742  4742 E ActivityThread: 	at com.android.email.provider.AccountReconciler.reconcileAccountsInternal(AccountReconciler.java:171)
10-11 17:53:10.928  4742  4742 E ActivityThread: 	at com.android.email.provider.AccountReconciler.reconcileAccounts(AccountReconciler.java:115)
10-11 17:53:10.928  4742  4742 E ActivityThread: 	at com.android.email.service.EmailBroadcastProcessorService.reconcileAndStartServices(EmailBroadcastProcessorService.java:305)
10-11 17:53:10.928  4742  4742 E ActivityThread: 	at com.android.email.service.EmailBroadcastProcessorService.onBootCompleted(EmailBroadcastProcessorService.java:295)
10-11 17:53:10.928  4742  4742 E ActivityThread: 	at com.android.email.service.EmailBroadcastProcessorService.onHandleIntent(EmailBroadcastProcessorService.java:130)
10-11 17:53:10.928  4742  4742 E ActivityThread: 	at android.app.IntentService$ServiceHandler.handleMessage(IntentService.java:68)
10-11 17:53:10.928  4742  4742 E ActivityThread: 	at android.os.Handler.dispatchMessage(Handler.java:102)
10-11 17:53:10.928  4742  4742 E ActivityThread: 	at android.os.Looper.loop(Looper.java:154)
10-11 17:53:10.928  4742  4742 E ActivityThread: 	at android.os.HandlerThread.run(HandlerThread.java:61)
10-11 17:53:11.558  1774  3868 I chatty  : uid=1000(system) Binder:1774_B expire 6 lines
10-11 17:53:11.600  1774  3934 I chatty  : uid=1000(system) Binder:1774_10 expire 13 lines
10-11 17:53:11.610  1774  2803 I chatty  : uid=1000(system) Binder:1774_3 expire 5 lines
10-11 17:53:11.613  1774  3421 I chatty  : uid=1000(system) Binder:1774_7 expire 10 lines
10-11 17:53:11.623  1774  3912 I chatty  : uid=1000(system) Binder:1774_E expire 9 lines
10-11 17:53:11.718  1774  1774 I chatty  : uid=1000 system_server expire 22 lines
10-11 17:53:11.793  1774  1817 I chatty  : uid=1000(system) Binder:1774_2 expire 10 lines
10-11 17:53:12.348  1774  1816 I chatty  : uid=1000(system) Binder:1774_1 expire 5 lines
10-11 17:53:12.611  1774  3869 I chatty  : uid=1000(system) Binder:1774_C expire 7 lines
10-11 17:53:12.660  1774  4389 I chatty  : uid=1000(system) Binder:1774_11 expire 14 lines
10-11 17:53:13.180  1774  1819 I chatty  : uid=1000(system) ActivityManager expire 3 lines
10-11 17:53:14.914  1774  3110 I chatty  : uid=1000(system) Binder:1774_4 expire 8 lines
10-11 17:53:15.514  1774  3748 I chatty  : uid=1000(system) Binder:1774_A expire 14 lines
10-11 17:53:15.617   445   451 D VoldCryptCmdListener: cryptfs getpwtype
10-11 17:53:15.618  1774  2806 I chatty  : uid=1000(system) CryptdConnector expire 2 lines
10-11 17:53:16.802  1774  3895 I chatty  : uid=1000(system) Binder:1774_D expire 8 lines
10-11 17:53:17.066   445   451 D VoldCryptCmdListener: cryptfs getpwtype
10-11 17:53:17.194  1774  3419 I chatty  : uid=1000(system) Binder:1774_6 expire 30 lines
10-11 17:53:20.399  1774  3194 I chatty  : uid=1000(system) Binder:1774_5 expire 10 lines
10-11 17:53:20.422  1774  3422 I chatty  : uid=1000(system) Binder:1774_8 expire 8 lines
10-11 17:53:20.652  1774  2801 I chatty  : uid=1000(system) InputDispatcher expire 3 lines
10-11 17:53:22.389  5105  5124 E ActivityThread: Failed to find provider info for com.qti.smq.qualcommFeedback.provider
10-11 17:53:23.215  1774  3423 I chatty  : uid=1000(system) Binder:1774_9 expire 18 lines
10-11 17:53:23.287  1774  1774 I chatty  : uid=1000 system_server expire 5 lines
10-11 17:53:23.832  1774  3933 I chatty  : uid=1000(system) Binder:1774_F expire 6 lines
10-11 17:53:25.497  5105  5124 E ActivityThread: Failed to find provider info for com.qti.smq.qualcommFeedback.provider
10-11 17:53:25.556  1774  3421 I chatty  : uid=1000(system) Binder:1774_7 expire 14 lines
10-11 17:53:26.463  5310  5336 D ActivityThread: Loading provider com.google.android.gmail.provider;com.android.mail.notifier;com.google.android.gm.email.provider;com.google.android.gm.tasks.provider;com.google.android.gm.email.notifier: com.android.email.provider.EmailProvider
10-11 17:53:27.483  1774  4389 I chatty  : uid=1000(system) Binder:1774_11 expire 3 lines
10-11 17:53:28.176  1774  3748 I chatty  : uid=1000(system) Binder:1774_A expire 3 lines
10-11 17:53:28.369  1774  1817 I chatty  : uid=1000(system) Binder:1774_2 expire 2 lines
10-11 17:53:28.445  1774  1818 I chatty  : uid=1000(system) android.bg expire 61 lines
10-11 17:53:29.403  1774  2801 I chatty  : uid=1000(system) InputDispatcher expire 4 lines
10-11 17:53:29.450  1774  3868 I chatty  : uid=1000(system) Binder:1774_B expire 8 lines
10-11 17:53:29.462  1774  3110 I chatty  : uid=1000(system) Binder:1774_4 expire 9 lines
10-11 17:53:29.518  1774  3933 I chatty  : uid=1000(system) Binder:1774_F expire 8 lines
10-11 17:53:29.549  1774  3422 I chatty  : uid=1000(system) Binder:1774_8 expire 10 lines
10-11 17:53:29.551  1774  3419 I chatty  : uid=1000(system) Binder:1774_6 expire 10 lines
10-11 17:53:29.583  1774  3895 I chatty  : uid=1000(system) Binder:1774_D expire 11 lines
10-11 17:53:29.857  1774  1774 I chatty  : uid=1000 system_server expire 8 lines
10-11 17:53:29.891  1774  3934 I chatty  : uid=1000(system) Binder:1774_10 expire 11 lines
10-11 17:53:30.182  1774  3912 I chatty  : uid=1000(system) Binder:1774_E expire 13 lines
10-11 17:53:30.231  1774  4389 I chatty  : uid=1000(system) Binder:1774_11 expire 9 lines
10-11 17:53:30.291  1774  3421 I chatty  : uid=1000(system) Binder:1774_7 expire 10 lines
10-11 17:53:30.372  1774  3748 I chatty  : uid=1000(system) Binder:1774_A expire 10 lines
10-11 17:53:30.750  1774  3194 I chatty  : uid=1000(system) Binder:1774_5 expire 4 lines
10-11 17:53:31.050  1774  1816 I chatty  : uid=1000(system) Binder:1774_1 expire 12 lines
10-11 17:53:32.226  1774  3423 I chatty  : uid=1000(system) Binder:1774_9 expire 15 lines
10-11 17:53:32.423  1774  1817 I chatty  : uid=1000(system) Binder:1774_2 expire 13 lines
10-11 17:53:33.564  4046  4685 E ActivityThread: Failed to find provider info for com.google.android.wearable.settings
10-11 17:53:34.754  5105  5168 E ActivityThread: Failed to find provider info for com.qti.smq.qualcommFeedback.provider
10-11 17:53:34.811  1774  3869 I chatty  : uid=1000(system) Binder:1774_C expire 7 lines
10-11 17:53:35.758  1774  1822 I chatty  : uid=1000(system) batterystats-sy expire 4 lines
10-11 17:53:35.784  1774  1828 I chatty  : uid=1000(system) PowerManagerSer expire 1 line
10-11 17:53:36.898  1774  1824 I chatty  : uid=1000(system) android.fg expire 1 line
10-11 17:53:38.411  3375  3375 W ContextImpl: Calling a method in the system process without a qualified user: android.app.ContextImpl.startService:1357 android.content.ContextWrapper.startService:613 android.content.ContextWrapper.startService:613 com.qti.dpmserviceapp.DpmServiceAppReceiver.onReceive:33 android.app.ActivityThread.handleReceiver:3041 
10-11 17:53:38.871  3826  3826 W ContextImpl: Calling a method in the system process without a qualified user: android.app.ContextImpl.startService:1357 android.content.ContextWrapper.startService:613 android.content.ContextWrapper.startService:613 com.qti.launcherunreadservice.BootCompletReceiver.onReceive:41 android.app.ActivityThread.handleReceiver:3041 
10-11 17:53:39.435  3826  3826 W ContextImpl: Calling a method in the system process without a qualified user: android.app.ContextImpl.sendBroadcast:877 android.content.ContextWrapper.sendBroadcast:421 com.qti.launcherunreadservice.LauncherUnreadService.sendUnreadChangedBroadcast:319 com.qti.launcherunreadservice.LauncherUnreadService.onStartCommand:167 android.app.ActivityThread.handleServiceArgs:3327 
10-11 17:53:39.467  1774  1818 I chatty  : uid=1000(system) android.bg expire 2 lines
10-11 17:53:39.829  1774  1819 I chatty  : uid=1000(system) ActivityManager expire 3 lines
10-11 17:53:39.904  3826  3826 W ContextImpl: Calling a method in the system process without a qualified user: android.app.ContextImpl.sendBroadcast:877 android.content.ContextWrapper.sendBroadcast:421 com.qti.launcherunreadservice.LauncherUnreadService.sendUnreadChangedBroadcast:319 com.qti.launcherunreadservice.LauncherUnreadService.onStartCommand:168 android.app.ActivityThread.handleServiceArgs:3327 
10-11 17:53:40.070  1774  2803 I chatty  : uid=1000(system) Binder:1774_3 expire 4 lines
10-11 17:53:40.624  5920  5920 W ContextImpl: Calling a method in the system process without a qualified user: android.app.ContextImpl.startService:1357 android.content.ContextWrapper.startService:613 android.content.ContextWrapper.startService:613 com.qualcomm.atfwd.AtFwdAutoboot.onReceive:24 android.app.ActivityThread.handleReceiver:3041 
10-11 17:53:40.644  5903  5948 D ActivityThread: Loading provider com.android.email.provider;com.android.email.notifier: com.android.email.provider.EmailProvider
10-11 17:53:40.710  1774  3748 I chatty  : uid=1000(system) Binder:1774_A expire 3 lines
10-11 17:53:40.829  1774  3912 I chatty  : uid=1000(system) Binder:1774_E expire 3 lines
10-11 17:53:40.879  3826  3826 W ContextImpl: Calling a method in the system process without a qualified user: android.app.ContextImpl.sendBroadcast:877 android.content.ContextWrapper.sendBroadcast:421 com.qti.launcherunreadservice.LauncherUnreadService.sendUnreadChangedBroadcast:319 com.qti.launcherunreadservice.LauncherUnreadService.onStartCommand:169 android.app.ActivityThread.handleServiceArgs:3327 
10-11 17:53:40.933  3826  3826 W ContextImpl: Calling a method in the system process without a qualified user: android.app.ContextImpl.sendBroadcast:877 android.content.ContextWrapper.sendBroadcast:421 com.qti.launcherunreadservice.LauncherUnreadService.onStartCommand:172 android.app.ActivityThread.handleServiceArgs:3327 android.app.ActivityThread.-wrap21:-1 
10-11 17:53:41.231  1774  3422 I chatty  : uid=1000(system) Binder:1774_8 expire 4 lines
10-11 17:53:41.737  1774  3934 I chatty  : uid=1000(system) Binder:1774_10 expire 2 lines
10-11 17:53:41.818  1774  3895 I chatty  : uid=1000(system) Binder:1774_D expire 3 lines
10-11 17:53:41.992  6060  6060 W ContextImpl: Calling a method in the system process without a qualified user: android.app.ContextImpl.startService:1357 android.content.ContextWrapper.startService:613 android.content.ContextWrapper.startService:613 com.qualcomm.qti.appnetaccess.AppNetAccessReceiver.onReceive:24 android.app.ActivityThread.handleReceiver:3041 
10-11 17:53:42.242  1774  1816 I chatty  : uid=1000(system) Binder:1774_1 expire 5 lines
10-11 17:53:42.360  6099  6099 W ContextImpl: Calling a method in the system process without a qualified user: android.app.ContextImpl.startService:1357 android.content.ContextWrapper.startService:613 com.qualcomm.qcrilhook.QcRilHook.<init>:102 com.qualcomm.qti.modemtestmode.MbnAppGlobals.onCreate:32 android.app.Instrumentation.callApplicationOnCreate:1025 
10-11 17:53:42.364  6099  6099 W ContextImpl: Calling a method in the system process without a qualified user: android.app.ContextImpl.bindService:1421 android.content.ContextWrapper.bindService:636 com.qualcomm.qcrilhook.QcRilHook.<init>:104 com.qualcomm.qti.modemtestmode.MbnAppGlobals.onCreate:32 android.app.Instrumentation.callApplicationOnCreate:1025 
10-11 17:53:42.406  6099  6099 W ContextImpl: Calling a method in the system process without a qualified user: android.app.ContextImpl.startService:1357 android.content.ContextWrapper.startService:613 android.content.ContextWrapper.startService:613 com.qualcomm.qti.modemtestmode.DefaultReceiver.onReceive:36 android.app.ActivityThread.handleReceiver:3041 
10-11 17:53:42.456  1774  3421 I chatty  : uid=1000(system) Binder:1774_7 expire 1 line
10-11 17:53:42.487  6099  6099 W ContextImpl: Calling a method in the system process without a qualified user: android.app.ContextImpl.bindService:1421 android.content.ContextWrapper.bindService:636 com.qualcomm.qti.modemtestmode.MbnSystemService.onCreate:101 android.app.ActivityThread.handleCreateService:3192 android.app.ActivityThread.-wrap5:-1 
10-11 17:53:42.510  1774  1817 I chatty  : uid=1000(system) Binder:1774_2 expire 1 line
10-11 17:53:42.638  3375  3375 W ContextImpl: Calling a method in the system process without a qualified user: android.app.ContextImpl.startService:1357 android.content.ContextWrapper.startService:613 android.content.ContextWrapper.startService:613 com.qualcomm.qti.tetherservice.TetherReceiver.onReceive:32 android.app.ActivityThread.handleReceiver:3041 
10-11 17:53:42.678  5920  5920 W ContextImpl: Calling a method in the system process without a qualified user: android.app.ContextImpl.startService:1357 android.content.ContextWrapper.startService:613 android.content.ContextWrapper.startService:613 com.qualcomm.simcontacts.SimStateReceiver.sendPhoneBoot:74 com.qualcomm.simcontacts.SimStateReceiver.onReceive:55 
10-11 17:53:42.933  1774  3423 I chatty  : uid=1000(system) Binder:1774_9 expire 12 lines
10-11 17:53:43.414  1774  1828 I chatty  : uid=1000(system) PowerManagerSer expire 1 line
10-11 17:53:43.415  1774  3421 I chatty  : uid=1000(system) Binder:1774_7 expire 5 lines
10-11 17:53:43.421  1774  2803 I chatty  : uid=1000(system) Binder:1774_3 expire 5 lines
10-11 17:53:43.424  1774  1817 I chatty  : uid=1000(system) Binder:1774_2 expire 14 lines
10-11 17:53:43.425  1774  3422 I chatty  : uid=1000(system) Binder:1774_8 expire 5 lines
10-11 17:53:43.545  1774  1774 I chatty  : uid=1000 system_server expire 13 lines
10-11 17:53:43.611  1774  3194 I chatty  : uid=1000(system) Binder:1774_5 expire 2 lines
10-11 17:53:43.776  1774  6238 I chatty  : uid=1000 system_server expire 79 lines
10-11 17:53:44.093  1774  4389 I chatty  : uid=1000(system) Binder:1774_11 expire 10 lines
10-11 17:53:44.188  1774  3869 I chatty  : uid=1000(system) Binder:1774_C expire 6 lines
10-11 17:53:44.199  1774  3110 I chatty  : uid=1000(system) Binder:1774_4 expire 5 lines
10-11 17:53:44.269  1774  3912 I chatty  : uid=1000(system) Binder:1774_E expire 4 lines
10-11 17:53:44.280  1774  3933 I chatty  : uid=1000(system) Binder:1774_F expire 6 lines
10-11 17:53:44.285  1774  3895 I chatty  : uid=1000(system) Binder:1774_D expire 7 lines
10-11 17:53:44.313  1774  3868 I chatty  : uid=1000(system) Binder:1774_B expire 7 lines
10-11 17:53:46.279  1774  3419 I chatty  : uid=1000(system) Binder:1774_6 expire 3 lines
10-11 17:53:46.279  5920  5920 W ContextImpl: Calling a method in the system process without a qualified user: android.app.ContextImpl.startService:1357 android.content.ContextWrapper.startService:613 android.content.ContextWrapper.startService:613 com.qualcomm.simcontacts.SimStateReceiver.sendSimState:83 com.qualcomm.simcontacts.SimStateReceiver.onReceive:53 
10-11 17:53:46.336  1774  3934 I chatty  : uid=1000(system) Binder:1774_10 expire 6 lines
10-11 17:53:46.614  1774  3748 I chatty  : uid=1000(system) Binder:1774_A expire 5 lines
10-11 17:53:46.745  5920  5920 W ContextImpl: Calling a method in the system process without a qualified user: android.app.ContextImpl.startService:1357 android.content.ContextWrapper.startService:613 android.content.ContextWrapper.startService:613 com.qualcomm.simcontacts.SimStateReceiver.sendSimState:83 com.qualcomm.simcontacts.SimStateReceiver.onReceive:53 
10-11 17:53:46.953  1774  1816 I chatty  : uid=1000(system) Binder:1774_1 expire 2 lines
10-11 17:53:47.198  5920  5920 W ContextImpl: Calling a method in the system process without a qualified user: android.app.ContextImpl.startService:1357 android.content.ContextWrapper.startService:613 android.content.ContextWrapper.startService:613 com.qualcomm.simcontacts.SimStateReceiver.sendSimState:83 com.qualcomm.simcontacts.SimStateReceiver.onReceive:53 
10-11 17:53:47.398  5920  6446 W ContextImpl: Calling a method in the system process without a qualified user: android.app.ContextImpl.startService:1357 android.content.ContextWrapper.startService:613 com.qualcomm.simcontacts.SimContactsService.createSimAccountIfNotExist:296 com.qualcomm.simcontacts.SimContactsService.-wrap0:-1 com.qualcomm.simcontacts.SimContactsService$ImportAllSimContactsThread.run:453 
10-11 17:53:47.524  1774  1818 I chatty  : uid=1000(system) android.bg expire 58 lines
10-11 17:53:47.618  4046  4685 E ActivityThread: Failed to find provider info for com.google.android.wearable.settings
10-11 17:53:48.929  6495  6537 D ActivityThread: Loading provider com.google.android.gmail.provider;com.android.mail.notifier;com.google.android.gm.email.provider;com.google.android.gm.tasks.provider;com.google.android.gm.email.notifier: com.android.email.provider.EmailProvider
10-11 17:53:49.504  4046  4695 E ActivityThread: Failed to find provider info for com.google.android.wearable.settings
10-11 17:53:49.807  1774  3033 I chatty  : uid=1000(system) NetworkStats expire 2 lines
10-11 17:53:52.182  1774  3912 I chatty  : uid=1000(system) Binder:1774_E expire 7 lines
10-11 17:53:52.193  1774  3422 I chatty  : uid=1000(system) Binder:1774_8 expire 2 lines
10-11 17:53:52.220  1774  2803 I chatty  : uid=1000(system) Binder:1774_3 expire 7 lines
10-11 17:53:52.439  1774  3423 I chatty  : uid=1000(system) Binder:1774_9 expire 11 lines
10-11 17:53:52.441  1774  3748 I chatty  : uid=1000(system) Binder:1774_A expire 12 lines
10-11 17:53:52.450  1774  3869 I chatty  : uid=1000(system) Binder:1774_C expire 9 lines
10-11 17:53:52.509  1774  3895 I chatty  : uid=1000(system) Binder:1774_D expire 8 lines
10-11 17:53:52.723  1774  1817 I chatty  : uid=1000(system) Binder:1774_2 expire 6 lines
10-11 17:53:52.730  1774  3868 I chatty  : uid=1000(system) Binder:1774_B expire 9 lines
10-11 17:53:52.986  1774  3419 I chatty  : uid=1000(system) Binder:1774_6 expire 6 lines
10-11 17:53:53.020  1774  3110 I chatty  : uid=1000(system) Binder:1774_4 expire 5 lines
10-11 17:53:53.093  4046  4695 E ActivityThread: Failed to find provider info for com.google.android.wearable.settings
10-11 17:53:53.225  1774  6238 I chatty  : uid=1000 system_server expire 102 lines
10-11 17:53:53.415  1774  3934 I chatty  : uid=1000(system) Binder:1774_10 expire 8 lines
10-11 17:53:53.484  1774  4389 I chatty  : uid=1000(system) Binder:1774_11 expire 4 lines
10-11 17:53:53.494  1774  3194 I chatty  : uid=1000(system) Binder:1774_5 expire 6 lines
10-11 17:53:53.803  1774  3421 I chatty  : uid=1000(system) Binder:1774_7 expire 6 lines
10-11 17:53:54.248  1774  3933 I chatty  : uid=1000(system) Binder:1774_F expire 8 lines
10-11 17:53:54.359  1774  1816 I chatty  : uid=1000(system) Binder:1774_1 expire 4 lines
10-11 17:53:54.805  5920  5920 W ContextImpl: Calling a method in the system process without a qualified user: android.app.ContextImpl.startService:1357 android.content.ContextWrapper.startService:613 android.content.ContextWrapper.startService:613 com.qualcomm.simcontacts.SimStateReceiver.sendSimState:83 com.qualcomm.simcontacts.SimStateReceiver.onReceive:53 
10-11 17:53:55.634  1774  1819 I chatty  : uid=1000(system) ActivityManager expire 7 lines
10-11 17:53:59.262  1774  1774 I chatty  : uid=1000 system_server expire 2 lines
10-11 17:54:02.540  1774  3042 I chatty  : uid=1000(system) ConnectivitySer expire 1 line
10-11 17:54:04.005  1774  1818 I chatty  : uid=1000(system) android.bg expire 9 lines
10-11 17:54:05.370  1774  2801 I chatty  : uid=1000(system) InputDispatcher expire 3 lines
10-11 17:54:07.225  5105  5169 E ActivityThread: Failed to find provider info for com.qti.smq.qualcommFeedback.provider
10-11 17:54:07.297  1774  6238 I chatty  : uid=1000 system_server expire 12 lines
10-11 17:54:07.998  1774  3748 I chatty  : uid=1000(system) Binder:1774_A expire 7 lines
10-11 17:54:08.420  1774  6238 I chatty  : uid=1000 system_server expire 55 lines
10-11 17:54:08.441  1774  3110 I chatty  : uid=1000(system) Binder:1774_4 expire 5 lines
10-11 17:54:08.468  1774  3895 I chatty  : uid=1000(system) Binder:1774_D expire 6 lines
10-11 17:54:08.478  1774  3194 I chatty  : uid=1000(system) Binder:1774_5 expire 16 lines
10-11 17:54:08.485  1774  4389 I chatty  : uid=1000(system) Binder:1774_11 expire 12 lines
10-11 17:54:08.532  1774  3934 I chatty  : uid=1000(system) Binder:1774_10 expire 9 lines
10-11 17:54:08.548  5920  5920 W ContextImpl: Calling a method in the system process without a qualified user: android.app.ContextImpl.startService:1357 android.content.ContextWrapper.startService:613 android.content.ContextWrapper.startService:613 com.qualcomm.simcontacts.SimStateReceiver.sendSimState:83 com.qualcomm.simcontacts.SimStateReceiver.onReceive:53 
10-11 17:54:08.550  1774  3421 I chatty  : uid=1000(system) Binder:1774_7 expire 6 lines
10-11 17:54:08.574  1774  3422 I chatty  : uid=1000(system) Binder:1774_8 expire 7 lines
10-11 17:54:08.583  1774  3423 I chatty  : uid=1000(system) Binder:1774_9 expire 6 lines
10-11 17:54:08.584  1774  3869 I chatty  : uid=1000(system) Binder:1774_C expire 18 lines
10-11 17:54:08.644  1774  3912 I chatty  : uid=1000(system) Binder:1774_E expire 4 lines
10-11 17:54:08.657  1774  2801 I chatty  : uid=1000(system) InputDispatcher expire 3 lines
10-11 17:54:08.742  1774  3419 I chatty  : uid=1000(system) Binder:1774_6 expire 10 lines
10-11 17:54:08.785  1774  2803 I chatty  : uid=1000(system) Binder:1774_3 expire 18 lines
10-11 17:54:08.870  1774  3868 I chatty  : uid=1000(system) Binder:1774_B expire 10 lines
10-11 17:54:08.896  1774  1816 I chatty  : uid=1000(system) Binder:1774_1 expire 15 lines
10-11 17:54:08.899  1774  3933 I chatty  : uid=1000(system) Binder:1774_F expire 25 lines
10-11 17:54:08.983  1774  1817 I chatty  : uid=1000(system) Binder:1774_2 expire 14 lines
10-11 17:54:09.157  4046  4685 E ActivityThread: Failed to find provider info for com.google.android.wearable.settings
10-11 17:54:10.301  1774  1818 I chatty  : uid=1000(system) android.bg expire 5 lines
10-11 17:54:10.304  1774  1774 I chatty  : uid=1000 system_server expire 1 line
10-11 17:54:11.078  5105  5169 E ActivityThread: Failed to find provider info for com.qti.smq.qualcommFeedback.provider
10-11 17:54:12.334  7451  7479 D ActivityThread: Loading provider com.android.email.provider;com.android.email.notifier: com.android.email.provider.EmailProvider
10-11 17:54:12.962  4046  4685 E ActivityThread: Failed to find provider info for com.google.android.wearable.settings
10-11 17:54:14.825   445   451 D VoldCryptCmdListener: cryptfs getpwtype
10-11 17:54:14.829  1774  2806 I chatty  : uid=1000(system) CryptdConnector expire 2 lines
10-11 17:54:15.425  1774  3033 I chatty  : uid=1000(system) NetworkStats expire 2 lines
10-11 17:54:16.703   445   451 D VoldCryptCmdListener: cryptfs getpwtype
10-11 17:54:17.741  1774  6238 D PowerManagerService: getScreenOffTimeoutLocked:  isTestFlag = false
10-11 17:54:17.743  1774  6238 D PowerManagerService: getScreenOffTimeoutLocked:  isTestFlag = false
10-11 17:54:17.757  1774  6238 D PowerManagerService: getScreenOffTimeoutLocked:  isTestFlag = false
10-11 17:54:17.785  1774  2803 D PowerManagerService: getScreenOffTimeoutLocked:  isTestFlag = false
10-11 17:54:17.905  1774  3912 D PowerManagerService: getScreenOffTimeoutLocked:  isTestFlag = false
10-11 17:54:18.083  1774  6238 D PowerManagerService: getScreenOffTimeoutLocked:  isTestFlag = false
10-11 17:54:18.091  1774  6238 D PowerManagerService: getScreenOffTimeoutLocked:  isTestFlag = false
10-11 17:54:18.195  1774  6238 D PowerManagerService: getScreenOffTimeoutLocked:  isTestFlag = false
10-11 17:54:18.313  1774  3423 W ActivityManager: Slow operation: 185ms so far, now at getContentProviderImpl: after checkContentProviderPermission
10-11 17:54:18.313  1774  3423 W ActivityManager: Slow operation: 186ms so far, now at getContentProviderImpl: incProviderCountLocked
10-11 17:54:18.314  1774  3423 W ActivityManager: Slow operation: 186ms so far, now at getContentProviderImpl: before updateOomAdj
10-11 17:54:18.316  1774  3423 W ActivityManager: Slow operation: 188ms so far, now at getContentProviderImpl: after updateOomAdj
10-11 17:54:18.316  1774  3423 W ActivityManager: Slow operation: 188ms so far, now at getContentProviderImpl: done!
10-11 17:54:18.317  1774  6238 D PowerManagerService: getScreenOffTimeoutLocked:  isTestFlag = false
10-11 17:54:18.445  1774  6238 D PowerManagerService: getScreenOffTimeoutLocked:  isTestFlag = false
10-11 17:54:18.452  1774  6238 D PowerManagerService: getScreenOffTimeoutLocked:  isTestFlag = false
10-11 17:54:18.456  1774  6238 D PowerManagerService: getScreenOffTimeoutLocked:  isTestFlag = false
10-11 17:54:18.466  1774  6238 D PowerManagerService: getScreenOffTimeoutLocked:  isTestFlag = false
10-11 17:54:18.469  1774  1817 D PowerManagerService: getScreenOffTimeoutLocked:  isTestFlag = false
10-11 17:54:18.610  1774  6238 D PowerManagerService: getScreenOffTimeoutLocked:  isTestFlag = false
10-11 17:54:18.618  1774  6238 D PowerManagerService: getScreenOffTimeoutLocked:  isTestFlag = false
10-11 17:54:18.811  1774  6238 D PowerManagerService: getScreenOffTimeoutLocked:  isTestFlag = false
10-11 17:54:18.812  1774  6238 D PowerManagerService: getScreenOffTimeoutLocked:  isTestFlag = false
10-11 17:54:19.080  1774  6238 D PowerManagerService: getScreenOffTimeoutLocked:  isTestFlag = false
