10-11 17:55:09.400  1774  3422 D PowerManagerService: getScreenOffTimeoutLocked:  isTestFlag = false
10-11 17:55:09.401  1774  3422 D PowerManagerService: getScreenOffTimeoutLocked:  isTestFlag = false
10-11 17:55:09.403  1774  3194 D PowerManagerService: getScreenOffTimeoutLocked:  isTestFlag = false
10-11 17:55:09.405  1774  1817 D PowerManagerService: getScreenOffTimeoutLocked:  isTestFlag = false
10-11 17:55:09.405  1774  3421 D PowerManagerService: getScreenOffTimeoutLocked:  isTestFlag = false
10-11 17:55:09.408  1774  3869 D PowerManagerService: getScreenOffTimeoutLocked:  isTestFlag = false
10-11 17:55:09.409  1774  4389 D PowerManagerService: getScreenOffTimeoutLocked:  isTestFlag = false
10-11 17:55:09.414  1774  3194 D PowerManagerService: getScreenOffTimeoutLocked:  isTestFlag = false
10-11 17:55:09.416  1774  3895 D PowerManagerService: getScreenOffTimeoutLocked:  isTestFlag = false
10-11 17:55:09.417  1774  3912 D PowerManagerService: getScreenOffTimeoutLocked:  isTestFlag = false
10-11 17:55:09.418  4046  4685 I CheckinUtil: Classify the device as Phone.
10-11 17:55:09.419  1774  1817 D PowerManagerService: getScreenOffTimeoutLocked:  isTestFlag = false
10-11 17:55:09.420  1774  3912 D PowerManagerService: getScreenOffTimeoutLocked:  isTestFlag = false
10-11 17:55:09.422  1774  2803 D PowerManagerService: getScreenOffTimeoutLocked:  isTestFlag = false
10-11 17:55:09.424  1774  3110 D PowerManagerService: getScreenOffTimeoutLocked:  isTestFlag = false
10-11 17:55:09.445  1774  3934 W BatteryStatsService: Timeout reading modem stats
10-11 17:55:09.460  1774  1816 V Telecom : Logging: START_SESSION: TSI.iIC@ALQ
10-11 17:55:09.463  1774  1816 V Telecom : Logging: CREATE_SUBSESSION (Invisible subsession): TSI.iIC@ALQ
10-11 17:55:09.464  1774  1816 V Telecom : Logging: CONTINUE_SUBSESSION (Invisible Subsession) with Method TSI.gDDP: TSI.iIC@ALQ
10-11 17:55:09.469  1774  1816 V Telecom : Logging: CREATE_SUBSESSION (Invisible subsession): TSI.iIC@ALQ
10-11 17:55:09.471  1774  1816 V Telecom : Logging: CONTINUE_SUBSESSION (Invisible Subsession) with Method TSI.gSDP: TSI.iIC@ALQ
10-11 17:55:09.473  1774  1816 V Telecom : Logging: END_SUBSESSION (Invisible Subsession) (dur: 1 mS): TSI.iIC@ALQ
10-11 17:55:09.476  1774  1816 V Telecom : Logging: END_SUBSESSION (Invisible Subsession) (dur: 12 mS): TSI.iIC@ALQ
10-11 17:55:09.479  1774  1816 V Telecom : Logging: CREATE_SUBSESSION (Invisible subsession): TSI.iIC@ALQ
10-11 17:55:09.480  1774  1816 V Telecom : Logging: CONTINUE_SUBSESSION (Invisible Subsession) with Method TSI.gSDP: TSI.iIC@ALQ
10-11 17:55:09.480   757  1176 D audio_hw_primary: disable_audio_route: reset and update mixer path: low-latency-playback
10-11 17:55:09.481  1774  1816 V Telecom : Logging: END_SUBSESSION (Invisible Subsession) (dur: 1 mS): TSI.iIC@ALQ
10-11 17:55:09.482  1774  1816 V Telecom : Logging: END_SUBSESSION (dur: 22 mS): TSI.iIC@ALQ
10-11 17:55:09.482   757  1176 D soundtrigger: audio_extn_sound_trigger_update_stream_status: uc_id 1 of type 0 for Event 2, with Raise=0
10-11 17:55:09.482   757  1176 D hardware_info: hw_info_append_hw_type : device_name = speaker
10-11 17:55:09.482   757  1176 D audio_hw_primary: disable_snd_device: snd_device(2: speaker)
10-11 17:55:09.483   757  1176 D msm8916_platform: platform_can_split_snd_device: snd_device(2) num devices(0) new_snd_devices(0)
10-11 17:55:09.485  1774  1816 V Telecom : Logging: END_SESSION (dur: 23 ms): TSI.iIC@ALQ
10-11 17:55:09.496  1774  3423 V Telecom : Logging: START_SESSION: TSI.iIC@ALU
10-11 17:55:09.499  1774  3423 V Telecom : Logging: CREATE_SUBSESSION (Invisible subsession): TSI.iIC@ALU
10-11 17:55:09.500   757  1176 D aud_dev_arbi: releaseOneDevice: not sending command, device argument (2) does not match any registered device
10-11 17:55:09.500   757  1176 D aud_dev_arbi: releaseOneDevice: device 2 owner is 0
10-11 17:55:09.500   757  1176 I soundtrigger: audio_extn_sound_trigger_update_device_status: device 0x2 of type 0 for Event 0, with Raise=0
10-11 17:55:09.500   757  1176 D audio_hw_primary: out_standby: exit
10-11 17:55:09.501  1774  3423 V Telecom : Logging: CONTINUE_SUBSESSION (Invisible Subsession) with Method TSI.gDDP: TSI.iIC@ALU
10-11 17:55:09.512  1774  3423 V Telecom : Logging: CREATE_SUBSESSION (Invisible subsession): TSI.iIC@ALU
10-11 17:55:09.513  1774  3423 V Telecom : Logging: CONTINUE_SUBSESSION (Invisible Subsession) with Method TSI.gSDP: TSI.iIC@ALU
10-11 17:55:09.514  1774  3423 V Telecom : Logging: END_SUBSESSION (Invisible Subsession) (dur: 1 mS): TSI.iIC@ALU
10-11 17:55:09.516  1774  3423 V Telecom : Logging: END_SUBSESSION (Invisible Subsession) (dur: 14 mS): TSI.iIC@ALU
10-11 17:55:09.521  1774  3423 V Telecom : Logging: CREATE_SUBSESSION (Invisible subsession): TSI.iIC@ALU
10-11 17:55:09.522  1774  3423 V Telecom : Logging: CONTINUE_SUBSESSION (Invisible Subsession) with Method TSI.gSDP: TSI.iIC@ALU
10-11 17:55:09.523  1774  3423 V Telecom : Logging: END_SUBSESSION (Invisible Subsession) (dur: 1 mS): TSI.iIC@ALU
10-11 17:55:09.525  1774  3423 V Telecom : Logging: END_SUBSESSION (dur: 28 mS): TSI.iIC@ALU
10-11 17:55:09.526  1774  3423 V Telecom : Logging: END_SESSION (dur: 29 ms): TSI.iIC@ALU
10-11 17:55:09.579  8744  9043 E ...ultipleAccountsLogic: No account mapping found for any account, returning null
10-11 17:55:09.580  8744  9043 E ...ultipleAccountsLogic: No account mapping found for any account, returning null
10-11 17:55:09.581  8744  9043 E AmazonKindle.com.amazon.kindle.services.authentication.MAPTokenCache: [IntentService[NwstdIntentService]]: Null or empty account: [null], key: [PFM], aborting...
10-11 17:55:09.582  8744  9043 E ...ultipleAccountsLogic: No account mapping found for any account, returning null
10-11 17:55:09.583  8744  9043 E AmazonKindle.com.amazon.kindle.services.authentication.MAPTokenCache: [IntentService[NwstdIntentService]]: Null or empty account: [null], key: [XFSN_COOKIE], aborting...
10-11 17:55:09.585  8744  9043 E ...ultipleAccountsLogic: No account mapping found for any account, returning null
10-11 17:55:09.586  8744  9043 E AmazonKindle.com.amazon.kindle.services.authentication.MAPTokenCache: [IntentService[NwstdIntentService]]: Null or empty account: [null], key: [XMAIN_AND_XACB_COOKIES], aborting...
10-11 17:55:09.704  1774  4389 D PowerManagerService: getScreenOffTimeoutLocked:  isTestFlag = false
10-11 17:55:09.706  1774  3869 D PowerManagerService: getScreenOffTimeoutLocked:  isTestFlag = false
10-11 17:55:09.718  3642  3642 E QMI_FW  : QMUXD: WARNING qmi_qmux_if_pwr_up_init failed! rc=-6
10-11 17:55:09.783   836   836 I cnss-daemon: RTM_NEWROUTE Indication
10-11 17:55:09.784   836   836 I cnss-daemon: RTM_NEWROUTE Indication
10-11 17:55:09.784   836   836 I cnss-daemon: RTM_NEWROUTE Indication
10-11 17:55:09.786  3084  3084 D wpa_supplicant: RTM_NEWLINK: ifi_index=12 ifname=rmnet_data7 operstate=0 linkmode=0 ifi_family=0 ifi_flags=0x10041 ([UP][RUNNING][LOWER_UP])
10-11 17:55:09.790   836   836 I cnss-daemon: RTM_NEWROUTE Indication
10-11 17:55:09.791  1774  3421 D PowerManagerService: getScreenOffTimeoutLocked:  isTestFlag = false
10-11 17:55:09.809  4046  4685 I EventLogChimeraService: Opted in for usage reporting
10-11 17:55:09.829  1774  3194 D PowerManagerService: getScreenOffTimeoutLocked:  isTestFlag = false
10-11 17:55:09.837   910   910 I MSM-irqbalance: Decided to move IRQ3 from CPU0 [P:0] to CPU6 [P:1] (banned)
10-11 17:55:09.838   910   910 I MSM-irqbalance: Decided to move IRQ5 from CPU0 [P:0] to CPU7 [P:1] (banned)
10-11 17:55:09.838   910   910 I MSM-irqbalance: Decided to move IRQ3 from CPU3 [P:0] to CPU4 [P:1] (banned)
10-11 17:55:09.839   910   910 I MSM-irqbalance: Decided to move IRQ5 from CPU3 [P:0] to CPU5 [P:1] (banned)
10-11 17:55:09.839  1774  3934 D PowerManagerService: getScreenOffTimeoutLocked:  isTestFlag = false
10-11 17:55:09.839   910   910 I MSM-irqbalance: Decided to move IRQ3 from CPU2 [P:0] to CPU6 [P:1] (banned)
10-11 17:55:09.839   910   910 I MSM-irqbalance: Decided to move IRQ5 from CPU2 [P:0] to CPU7 [P:1] (banned)
10-11 17:55:09.840   910   910 I MSM-irqbalance: Decided to move IRQ3 from CPU1 [P:0] to CPU4 [P:1] (banned)
10-11 17:55:09.840   910   910 I MSM-irqbalance: Decided to move IRQ5 from CPU1 [P:0] to CPU5 [P:1] (banned)
10-11 17:55:09.886   836   836 I cnss-daemon: RTM_NEWROUTE Indication
10-11 17:55:09.886   836   836 I cnss-daemon: ip type is ipv6
10-11 17:55:09.923   836   836 I cnss-daemon: RTM_NEWROUTE Indication
10-11 17:55:09.931   836   836 I cnss-daemon: RTM_NEWROUTE Indication
10-11 17:55:09.931   836   836 I cnss-daemon: RTM_NEWROUTE Indication
10-11 17:55:09.931   836   836 I cnss-daemon: RTM_NEWROUTE Indication
10-11 17:55:09.988  3084  3084 D wpa_supplicant: RTM_NEWLINK: ifi_index=12 ifname=rmnet_data7 operstate=0 linkmode=0 ifi_family=0 ifi_flags=0x10041 ([UP][RUNNING][LOWER_UP])
10-11 17:55:09.988  3084  3084 D wpa_supplicant: RTM_NEWLINK: ifi_index=12 ifname=rmnet_data7 operstate=0 linkmode=0 ifi_family=0 ifi_flags=0x10041 ([UP][RUNNING][LOWER_UP])
10-11 17:55:10.012  1774  3194 D PowerManagerService: getScreenOffTimeoutLocked:  isTestFlag = false
10-11 17:55:10.022  1774  3933 V Telecom : Logging: START_SESSION: TSI.rPA@ALY
10-11 17:55:10.045  1774  1817 D PowerManagerService: getScreenOffTimeoutLocked:  isTestFlag = false
10-11 17:55:10.046  1774  3933 D Telecom : PhoneAccountRegistrar: addOrReplacePhoneAccount(ComponentInfo{com.android.phone/com.android.services.telephony.TelephonyConnectionService}, [da4b9237bacccdf19c0760cab7aec4a8359010b0], UserHandle{0} -> [[ ] PhoneAccount: ComponentInfo{com.android.phone/com.android.services.telephony.TelephonyConnectionService}, [da4b9237bacccdf19c0760cab7aec4a8359010b0], UserHandle{0} Capabilities: CallProvider MultiUser PlaceEmerg SimSub  Audio Routes: BESW Schemes: tel voicemail  Extras: null GroupId: [da39a3ee5e6b4b0d3255bfef95601890afd80709]]): TSI.rPA@ALY
10-11 17:55:10.049  1774  3933 I Telecom : PhoneAccountRegistrar: [ComponentInfo{com.android.phone/com.android.services.telephony.TelephonyConnectionService}, [da4b9237bacccdf19c0760cab7aec4a8359010b0], UserHandle{0}(icon: Icon(typ=BITMAP size=72x72) -> Icon(typ=BITMAP size=72x72))]: TSI.rPA@ALY
10-11 17:55:10.049  1774  3933 V Telecom : PhoneAccountRegistrar: maybeReplaceOldAccount: Not replacing PhoneAccount, no group Id or default.: TSI.rPA@ALY
10-11 17:55:10.058  1774  3933 I Telecom : : Sending phone-account registered intent as user: TSI.rPA@ALY
10-11 17:55:10.084  1774  3933 V Telecom : Logging: END_SUBSESSION (dur: 61 mS): TSI.rPA@ALY
10-11 17:55:10.085  1774  3933 V Telecom : Logging: END_SESSION (dur: 62 ms): TSI.rPA@ALY
10-11 17:55:10.096  1774  1817 V Telecom : Logging: START_SESSION: TSI.gCCPA@ALc
10-11 17:55:10.108  1774  1817 V Telecom : Logging: CREATE_SUBSESSION (Invisible subsession): TSI.gCCPA@ALc
10-11 17:55:10.109  1774  1817 V Telecom : Logging: CONTINUE_SUBSESSION (Invisible Subsession) with Method TSI.gDDP: TSI.gCCPA@ALc
10-11 17:55:10.115  1774  1817 V Telecom : Logging: CREATE_SUBSESSION (Invisible subsession): TSI.gCCPA@ALc
10-11 17:55:10.116  1774  1817 V Telecom : Logging: CONTINUE_SUBSESSION (Invisible Subsession) with Method TSI.gSDP: TSI.gCCPA@ALc
10-11 17:55:10.117  1774  1817 V Telecom : Logging: END_SUBSESSION (Invisible Subsession) (dur: 1 mS): TSI.gCCPA@ALc
10-11 17:55:10.118  1774  1817 V Telecom : Logging: END_SUBSESSION (Invisible Subsession) (dur: 9 mS): TSI.gCCPA@ALc
10-11 17:55:10.119   740   773 E QC-time-services: Daemon:tod_update_ind_cb: Got Update from modem msg_id 39
10-11 17:55:10.120   740   768 D QC-time-services: Daemon:read_offset: Sending read request for offset 1
10-11 17:55:10.121  1774  1817 V Telecom : Logging: CREATE_SUBSESSION (Invisible subsession): TSI.gCCPA@ALc
10-11 17:55:10.121   740   768 D QC-time-services: Daemon:read_offset:Time received 1507715710003
10-11 17:55:10.121   740   768 D QC-time-services: Daemon:genoff_opr: Base = 15, val = 1507715710003, operation = 0
10-11 17:55:10.122   740   768 D QC-time-services: Daemon:Value read from QTimer mseconds = 243087
10-11 17:55:10.122   740   768 D QC-time-services: Daemon:Value read from RTC mseconds on boot = 2347399000
10-11 17:55:10.122   740   768 D QC-time-services: Daemon:Delta read on boot mseconds = 2347377032
10-11 17:55:10.122   740   768 D QC-time-services: Daemon:new time 1507715710003 
10-11 17:55:10.122   740   768 D QC-time-services: Daemon: delta 1505368089884 genoff 1505368089884 
10-11 17:55:10.122   740   768 D QC-time-services: Daemon:genoff_persistent_update: Writing genoff = 1505368089884 to memory
10-11 17:55:10.122   740   768 D QC-time-services: Daemon:Opening File: /persist/time/ats_15 /data/time/ats_15
10-11 17:55:10.122   740   768 D QC-time-services: Daemon:time_persistent_memory_opr:Genoff write operation 
10-11 17:55:10.123  1774  1817 V Telecom : Logging: CONTINUE_SUBSESSION (Invisible Subsession) with Method TSI.gSDP: TSI.gCCPA@ALc
10-11 17:55:10.124  1774  1817 V Telecom : Logging: END_SUBSESSION (Invisible Subsession) (dur: 1 mS): TSI.gCCPA@ALc
10-11 17:55:10.126  1774  1817 V Telecom : Logging: END_SUBSESSION (dur: 29 mS): TSI.gCCPA@ALc
10-11 17:55:10.127  1774  1817 V Telecom : Logging: END_SESSION (dur: 30 ms): TSI.gCCPA@ALc
10-11 17:55:10.128  1774  3421 D PowerManagerService: getScreenOffTimeoutLocked:  isTestFlag = false
10-11 17:55:10.135  1774  3895 V Telecom : Logging: START_SESSION: TSI.gUSOPA@ALg
10-11 17:55:10.141  1774  3895 V Telecom : Logging: END_SUBSESSION (dur: 2 mS): TSI.gUSOPA@ALg
10-11 17:55:10.141   740   769 D QC-time-services: Daemon: Connection accepted:time_genoff
10-11 17:55:10.142  1774  3895 V Telecom : Logging: END_SESSION (dur: 7 ms): TSI.gUSOPA@ALg
10-11 17:55:10.143   740  9809 D QC-time-services: Daemon:Received base = 12, unit = 1, operation = 0,value = 1507715710000
10-11 17:55:10.144   740   768 E QC-time-services: Daemon:read_offset: offset 15 updated
10-11 17:55:10.144   740  9809 D QC-time-services: Daemon:genoff_opr: Base = 12, val = 1507715710000, operation = 0
10-11 17:55:10.144   740  9809 D QC-time-services: Daemon:Value read from QTimer mseconds = 243109
10-11 17:55:10.144   740  9809 D QC-time-services: Daemon:Value read from RTC mseconds on boot = 2347399000
10-11 17:55:10.144   740  9809 D QC-time-services: Daemon:Delta read on boot mseconds = 2347377032
10-11 17:55:10.144   740  9809 D QC-time-services: Daemon:new time 1507715710000 
10-11 17:55:10.144   740  9809 D QC-time-services: Daemon: delta 1505368089859 genoff 1505368089859 
10-11 17:55:10.144   740  9809 D QC-time-services: Daemon:genoff_persistent_update: Writing genoff = 1505368089859 to memory
10-11 17:55:10.144   740  9809 D QC-time-services: Daemon:Opening File: /persist/time/ats_12 /data/time/ats_12
10-11 17:55:10.144   740  9809 D QC-time-services: Daemon:time_persistent_memory_opr:Genoff write operation 
10-11 17:55:10.147  3389  9810 I chatty  : uid=1001(radio) com.android.phone expire 2 lines
10-11 17:55:10.154   740   769 E QC-time-services: Daemon: Time-services: Waiting to acceptconnection
10-11 17:55:10.155  3389  3389 I chatty  : uid=1001(radio) com.android.phone expire 754 lines
10-11 17:55:10.159   740   769 D QC-time-services: Daemon: Connection accepted:time_genoff
10-11 17:55:10.159   740  9811 D QC-time-services: Daemon:Received base = 13, unit = 1, operation = 0,value = 1507715710000
10-11 17:55:10.159   740  9811 D QC-time-services: Daemon:genoff_opr: Base = 13, val = 1507715710000, operation = 0
10-11 17:55:10.159   740  9811 D QC-time-services: Daemon:Value read from QTimer mseconds = 243125
10-11 17:55:10.159   740  9811 D QC-time-services: Daemon:Value read from RTC mseconds on boot = 2347399000
10-11 17:55:10.159   740  9811 D QC-time-services: Daemon:Delta read on boot mseconds = 2347377032
10-11 17:55:10.159   740  9811 D QC-time-services: Daemon:new time 1507715710000 
10-11 17:55:10.159   740  9811 D QC-time-services: Daemon: delta 1505368089843 genoff 1505368089843 
10-11 17:55:10.159   740  9811 D QC-time-services: Daemon:genoff_persistent_update: Writing genoff = 1505368089843 to memory
10-11 17:55:10.159   740  9811 D QC-time-services: Daemon:Opening File: /persist/time/ats_13 /data/time/ats_13
10-11 17:55:10.159   740  9811 D QC-time-services: Daemon:time_persistent_memory_opr:Genoff write operation 
10-11 17:55:10.171   836   836 I cnss-daemon: RTM_NEWROUTE Indication
10-11 17:55:10.171  1774  3912 D PowerManagerService: getScreenOffTimeoutLocked:  isTestFlag = false
10-11 17:55:10.185  1774  3110 D PowerManagerService: getScreenOffTimeoutLocked:  isTestFlag = false
10-11 17:55:10.190  1774  3912 D PowerManagerService: getScreenOffTimeoutLocked:  isTestFlag = false
10-11 17:55:10.192  1774  3419 D PowerManagerService: getScreenOffTimeoutLocked:  isTestFlag = false
10-11 17:55:10.192   740   769 E QC-time-services: Daemon: Time-services: Waiting to acceptconnection
10-11 17:55:10.194  1774  3421 D PowerManagerService: getScreenOffTimeoutLocked:  isTestFlag = false
10-11 17:55:10.198  1774  1817 D PowerManagerService: getScreenOffTimeoutLocked:  isTestFlag = false
10-11 17:55:10.205  3084  3084 D wpa_supplicant: wlan0: Control interface command 'SIGNAL_POLL'
10-11 17:55:10.205  1774  2803 D PowerManagerService: getScreenOffTimeoutLocked:  isTestFlag = false
10-11 17:55:10.208  3084  3084 D wpa_supplicant: CTRL-DEBUG: global_ctrl_sock-sendto: sock=8 sndbuf=212992 outq=0 send_len=48
10-11 17:55:10.213  1774  3419 D PowerManagerService: getScreenOffTimeoutLocked:  isTestFlag = false
10-11 17:55:10.214  1774  3868 D PowerManagerService: getScreenOffTimeoutLocked:  isTestFlag = false
10-11 17:55:10.218  1774  3110 D PowerManagerService: getScreenOffTimeoutLocked:  isTestFlag = false
10-11 17:55:10.226  6099  6099 D QC_RIL_OEM_HOOK: Received Broadcast Intent ACTION_UNSOL_RESPONSE_OEM_HOOK_RAW
10-11 17:55:10.227  6099  6099 D QC_RIL_OEM_HOOK: Oem ID in QCRILHOOK UNSOL RESP is QOEMHOOK
10-11 17:55:10.232  3639  3685 D Diag_Lib: [IMS_DEBUG]| 743 | 3685 |qpdpl_get_config_group_value | eQP_IMS_PM_CONFIG
10-11 17:55:10.232  3639  3685 D Diag_Lib: [IMS_DEBUG]| 2442 | 3685 |QPConfigurationHandler::GetPMRATMapped Entered
10-11 17:55:10.232  3639  3685 D Diag_Lib: [IMS_DEBUG]| 2527 | 3685 |QPConfigurationHandler::GetPMRATFBMapped Entered
10-11 17:55:10.232  3639  3685 D Diag_Lib: [IMS_DEBUG]| 910 | 3685 |qpDplIODeviceGetItem
10-11 17:55:10.232  3639  3685 D Diag_Lib: [IMS_DEBUG]| 926 | 3685 |qpDplIODeviceGetItem | QP_IMS_OPRT_MODE
10-11 17:55:10.232  3639  3685 D Diag_Lib: [IMS_DEBUG]| 94 | 3685 |qpDplRegNVChangeInd - FOUND empty pos at index[0] for pCallBackFunc[992b0db8]
10-11 17:55:10.232  3639  3685 E Diag_Lib: [IMS_ERROR]| 228 | 3685 |QPConfigurationHandler::Init | RegSettingChangeCB registered with settings change cb
10-11 17:55:10.232  3639  3685 D Diag_Lib: [IMS_DEBUG]| 232 | 3685 |QPConfigurationHandler::SetLTENoVopsConfigured -LTE no Vops configured 0
10-11 17:55:10.232  3639  3685 D Diag_Lib: [IMS_DEBUG]| 252 | 3685 |QPConfigurationHandler::qpGetConfiguration QP_PM_REQUEST_ID 9
10-11 17:55:10.232  3639  3685 D Diag_Lib: [IMS_DEBUG]| 667 | 3685 |qpdpl_get_config_group_value | eQP_IMS_SIP_CONFIG
10-11 17:55:10.232  3639  3685 D Diag_Lib: [IMS_DEBUG]| 1470 | 3685 |qpDplAllocateLoSockRang : gLOSockFdStart [29501], gLOSockFdEnd [30000]
10-11 17:55:10.232  3639  3685 D Diag_Lib: [IMS_AP_D] 1492 | 3685 | qpdatadaemon_ipc.c : qpDataDaemonGetModemLinkLocal : Enter
10-11 17:55:10.232  3639  3685 D Diag_Lib: [IMS_AP_D] 1521 | 3685 | qpdatadaemon_ipc.c : qpDataDaemonGetModemLinkLocal : inet_pton success
10-11 17:55:10.232  3639  3685 D Diag_Lib: [IMS_DEBUG]| 6998 | 3685 |qpDplGetLinkLocalAddr | Return Modem Link Local address with success
10-11 17:55:10.232  3639  3685 D Diag_Lib: [IMS_DEBUG]| 7010 | 3685 |qpDplGetLinkLocalAddr | Return APSS Link Local address with success
10-11 17:55:10.232  3639  3685 D Diag_Lib: [IMS_DEBUG]| 1762 | 3685 |qpDplNetOpen: Net Open called for Connection Profile (996a4140)
10-11 17:55:10.232  3639  3685 D Diag_Lib: [IMS_DEBUG]| 6101 | 3685 |isSlotAvailNetConnProfileArray: Found an Empty index at [1] pos
10-11 17:55:10.232  3639  3685 D Diag_Lib: [IMS_DEBUG]| 1783 | 3685 |qpDplNetOpen:pNetConnProfile->eSockType 2 , pNetConnProfile->eProtoInet 2
10-11 17:55:10.233  3639  3685 D Diag_Lib: [IMS_DEBUG]| 1883 | 3685 |NET_IFACE_LINK_LOCAL hard coding family to v6
10-11 17:55:10.233  3639  3685 D Diag_Lib: [IMS_DEBUG]| 1732 | 3685 |isLocalIPAvailable: IPV6 : Local IP Configured
10-11 17:55:10.233  3639  3685 D Diag_Lib: [IMS_DEBUG]| 1945 | 3685 |qpDplNetOpen: socket create with familyType 10, socketType 2, protocol 17
10-11 17:55:10.233  3639  3685 E Diag_Lib: [IMS_ERROR]| 1980 | 3685 |qpDplNetOpen - getting NetID from - sys.ims.datadaemon.ims.netid - for IMS pdn
10-11 17:55:10.233  3639  3685 E Diag_Lib: [IMS_ERROR]| 1983 | 3685 |qpDplNetOpen - net id for ims pdn 18446744073709551615
10-11 17:55:10.233  3639  3685 D Diag_Lib: [IMS_DEBUG]| 1997 | 3685 |Socket FD 18 added to the conn profile
10-11 17:55:10.233  3639  3685 D Diag_Lib: [IMS_DEBUG]| 693 | 3685 |qpdpl_get_config_group_value | eQP_IMS_DPL_CONFIG
10-11 17:55:10.233  3639  3685 E Diag_Lib: [IMS_ERROR]| 2006 | 3685 |qpDplNetOpen: DSCP Value [0]
10-11 17:55:10.233  3639  3685 D Diag_Lib: [IMS_DEBUG]| 2040 | 3685 |qpDplNetOpen: setsockopt  SO_SNDBUF set to [36864]
10-11 17:55:10.233  3639  3685 D Diag_Lib: [IMS_DEBUG]| 2049 | 3685 |qpDplNetOpen: SO_SNDBUF option set on UDP socket [18]
10-11 17:55:10.233  3639  3685 D Diag_Lib: [IMS_DEBUG]| 2152 | 3685 |qpDplNetOpen: Remote PORT=0
10-11 17:55:10.233  3639  3685 D Diag_Lib: [IMS_DEBUG]| 2158 | 3685 |qpDplNetOpen: Local PORT=0
10-11 17:55:10.233  3639  3685 D Diag_Lib: [IMS_DEBUG]| 2186 | 3685 |qpDplNetOpen: after htons pSocketData->iLocalPort [0], original pNetConnProfile->iLocalPort 0
10-11 17:55:10.233  3639  3685 D Diag_Lib: [IMS_DEBUG]| 604 | 3685 |AllocSocketDataBlock: pSocketData=996c4000
10-11 17:55:10.233  3639  3685 D Diag_Lib: [IMS_DEBUG]| 611 | 3685 |AllocSocketDataBlock: Found block 0 to save mapping from socket descriptor to socket struct
10-11 17:55:10.233  3639  3685 D Diag_Lib: [IMS_DEBUG]| 612 | 3685 |AllocSocketDataBlock: pSocketData->iSocketFd 18
10-11 17:55:10.233  3639  3685 D Diag_Lib: [IMS_DEBUG]| 3645 | 3685 |SocketRealize: enter
10-11 17:55:10.233  3639  3685 D Diag_Lib: [IMS_DEBUG]| 3716 | 3685 |NET_SOCK_DGRAM == pSocketData->iSocketType
10-11 17:55:10.233  3639  3685 D Diag_Lib: [IMS_DEBUG]| 3720 | 3685 |ss_family == AF_INET6
10-11 17:55:10.234  3639  3685 D Diag_Lib: [IMS_DEBUG]| 3738 | 3685 |Setting scope ID 12
10-11 17:55:10.234  3639  3685 D Diag_Lib: [IMS_DEBUG]| 3743 | 3685 |SocketRealize  : ipv6 address is fe80::c35:98b1:5720:700c
10-11 17:55:10.234  3639  3685 E Diag_Lib: [IMS_ERROR]| 3765 | 3685 |SocketRealize: NET_IFACE_LINK_LOCAL not tethered or routable
10-11 17:55:10.234  3639  3685 D Diag_Lib: [IMS_DEBUG]| 4083 | 3685 |inside NET_SOCK_DGRAM , calling SocketRead(pSocketData)
10-11 17:55:10.234  3639  3685 D Diag_Lib: [IMS_DEBUG]| 4224 | 3685 |SocketRead: Error reading data on socket: errno [Try again]
10-11 17:55:10.234  3639  3685 D Diag_Lib: [IMS_DEBUG]| 4341 | 3685 |SocketRead: Error EWOULDBLOCK/EIO - socket monitor thread will take care of this
10-11 17:55:10.234  3639  3685 D Diag_Lib: [IMS_DEBUG]| 4091 | 3685 |inside NET_SOCK_DGRAM , calling SocketWrite(pSocketData)
10-11 17:55:10.234  3639  3685 D Diag_Lib: [IMS_DEBUG]| 4483 | 3685 |SocketWrite | There is no packets to write
10-11 17:55:10.234  3639  3685 D Diag_Lib: [IMS_DEBUG]| 4130 | 3685 |socekt realize exit
10-11 17:55:10.234  3639  3685 D Diag_Lib: [IMS_DEBUG]| 2277 | 3685 |qpDplNetOpen - Adding [0x7f996a4140] profile with [18] socket in [1] index
10-11 17:55:10.234  3639  3685 D Diag_Lib: [IMS_DEBUG]| 2282 | 3685 |dummy write to unblock select, Since a new socket is created
10-11 17:55:10.234  3639  3685 D Diag_Lib: [IMS_DEBUG]| 4585 | 3685 |SocketWrite : scopeid 0
10-11 17:55:10.234  3639  3685 E Diag_Lib: DPL : gIsQXDMDisabled 0, gIsADBDisabled 1, gIsDebugDisabled 0, gIsIMSLogsDisabled 0 gIsDebugDataPathDisabled = 0
10-11 17:55:10.235  3639  3685 E         : qvp_rtp_task_ctx.qvp_rtp_message_queue = 0x7f9a557230
10-11 17:55:10.236   836   836 I cnss-daemon: RTM_NEWROUTE Indication
10-11 17:55:10.243  1774  4389 D PowerManagerService: getScreenOffTimeoutLocked:  isTestFlag = false
10-11 17:55:10.246  1774  3419 D PowerManagerService: getScreenOffTimeoutLocked:  isTestFlag = false
10-11 17:55:10.252  1774  3423 D PowerManagerService: getScreenOffTimeoutLocked:  isTestFlag = false
10-11 17:55:10.255  1774  2803 D PowerManagerService: getScreenOffTimeoutLocked:  isTestFlag = false
10-11 17:55:10.265  1774  3419 D PowerManagerService: getScreenOffTimeoutLocked:  isTestFlag = false
10-11 17:55:10.276  1774  3912 I chatty  : uid=1000(system) Binder:1774_E expire 5 lines
10-11 17:55:10.277  3389  3394 I chatty  : uid=1001(radio) Jit thread pool expire 4 lines
10-11 17:55:10.284  4046  4685 E ProcessCheckinRequest: CheckinNowTaskTag : Checkin Succeeded: https://android.clients.google.com/checkin (request #1): 
10-11 17:55:10.286  1774  3933 D PowerManagerService: getScreenOffTimeoutLocked:  isTestFlag = false
10-11 17:55:10.290  1774  3419 D PowerManagerService: getScreenOffTimeoutLocked:  isTestFlag = false
10-11 17:55:10.292  1774  3748 D PowerManagerService: getScreenOffTimeoutLocked:  isTestFlag = false
10-11 17:55:10.293  1774  2803 D PowerManagerService: getScreenOffTimeoutLocked:  isTestFlag = false
10-11 17:55:10.306  1774  3748 D PowerManagerService: getScreenOffTimeoutLocked:  isTestFlag = false
10-11 17:55:10.310  1774  3912 D PowerManagerService: getScreenOffTimeoutLocked:  isTestFlag = false
10-11 17:55:10.325  1774  3419 D PowerManagerService: getScreenOffTimeoutLocked:  isTestFlag = false
10-11 17:55:10.326  1774  3421 D PowerManagerService: getScreenOffTimeoutLocked:  isTestFlag = false
10-11 17:55:10.327  1774  2803 D PowerManagerService: getScreenOffTimeoutLocked:  isTestFlag = false
10-11 17:55:10.330  5920  5920 D SimStateReceiver: received broadcast android.intent.action.SIM_STATE_CHANGED
10-11 17:55:10.331  1774  3895 D PowerManagerService: getScreenOffTimeoutLocked:  isTestFlag = false
10-11 17:55:10.334  1774  3869 D PowerManagerService: getScreenOffTimeoutLocked:  isTestFlag = false
10-11 17:55:10.336  1774  3421 D PowerManagerService: getScreenOffTimeoutLocked:  isTestFlag = false
10-11 17:55:10.342  1774  3934 D PowerManagerService: getScreenOffTimeoutLocked:  isTestFlag = false
10-11 17:55:10.344  1774  3869 D PowerManagerService: getScreenOffTimeoutLocked:  isTestFlag = false
10-11 17:55:10.348  5920  5920 D SimStateReceiver: ACTION_SIM_STATE_CHANGED intent received on sub = 0SIM STATE IS NOT_READY
10-11 17:55:10.349  5920  5920 W ContextImpl: Calling a method in the system process without a qualified user: android.app.ContextImpl.startService:1357 android.content.ContextWrapper.startService:613 android.content.ContextWrapper.startService:613 com.qualcomm.simcontacts.SimStateReceiver.sendSimState:83 com.qualcomm.simcontacts.SimStateReceiver.onReceive:53 
10-11 17:55:10.364  1774  3895 D PowerManagerService: getScreenOffTimeoutLocked:  isTestFlag = false
10-11 17:55:10.365  5920  5920 D SimContactsService: service onStart!
10-11 17:55:10.365  1774  4389 D PowerManagerService: getScreenOffTimeoutLocked:  isTestFlag = false
10-11 17:55:10.371  1774  3422 D PowerManagerService: getScreenOffTimeoutLocked:  isTestFlag = false
10-11 17:55:10.383  1774  3933 D PowerManagerService: getScreenOffTimeoutLocked:  isTestFlag = false
10-11 17:55:10.385  1774  3895 D PowerManagerService: getScreenOffTimeoutLocked:  isTestFlag = false
10-11 17:55:10.386  5920  5920 D SimContactsService: on sim state changed event, state:2, slot:0
10-11 17:55:10.390  3389  9833 I chatty  : uid=1001(radio) com.android.phone expire 2 lines
10-11 17:55:10.390  1774  3748 D PowerManagerService: getScreenOffTimeoutLocked:  isTestFlag = false
10-11 17:55:10.392  1774  3423 D PowerManagerService: getScreenOffTimeoutLocked:  isTestFlag = false
10-11 17:55:10.396  1774  1816 D PowerManagerService: getScreenOffTimeoutLocked:  isTestFlag = false
10-11 17:55:10.447  1774  3912 D PowerManagerService: getScreenOffTimeoutLocked:  isTestFlag = false
10-11 17:55:10.449  1774  3933 D PowerManagerService: getScreenOffTimeoutLocked:  isTestFlag = false
10-11 17:55:10.455  6177  6177 I chatty  : uid=1000(system) org.simalliance.openmobileapi.service:remote expire 5 lines
10-11 17:55:10.494  5920  5920 D SimContactsService: deleteDatabaseSimContacts
10-11 17:55:10.508  1774  3869 D PowerManagerService: getScreenOffTimeoutLocked:  isTestFlag = false
10-11 17:55:10.510  1774  3868 D PowerManagerService: getScreenOffTimeoutLocked:  isTestFlag = false
10-11 17:55:10.513  1774  3423 D PowerManagerService: getScreenOffTimeoutLocked:  isTestFlag = false
10-11 17:55:10.514  1774  3748 D PowerManagerService: getScreenOffTimeoutLocked:  isTestFlag = false
10-11 17:55:10.516  1774  3194 D PowerManagerService: getScreenOffTimeoutLocked:  isTestFlag = false
10-11 17:55:10.518  1774  3869 D PowerManagerService: getScreenOffTimeoutLocked:  isTestFlag = false
10-11 17:55:10.521  1774  3895 D PowerManagerService: getScreenOffTimeoutLocked:  isTestFlag = false
10-11 17:55:10.523  1774  3934 D PowerManagerService: getScreenOffTimeoutLocked:  isTestFlag = false
10-11 17:55:10.524  1774  1817 D PowerManagerService: getScreenOffTimeoutLocked:  isTestFlag = false
10-11 17:55:10.526  1774  3912 D PowerManagerService: getScreenOffTimeoutLocked:  isTestFlag = false
10-11 17:55:10.527  1774  3110 D PowerManagerService: getScreenOffTimeoutLocked:  isTestFlag = false
10-11 17:55:10.529  1774  3869 D PowerManagerService: getScreenOffTimeoutLocked:  isTestFlag = false
10-11 17:55:10.532  1774  1816 D PowerManagerService: getScreenOffTimeoutLocked:  isTestFlag = false
10-11 17:55:10.533  1774  3933 D PowerManagerService: getScreenOffTimeoutLocked:  isTestFlag = false
10-11 17:55:10.534  1774  3895 D PowerManagerService: getScreenOffTimeoutLocked:  isTestFlag = false
10-11 17:55:10.556   836   836 I cnss-daemon: RTM_NEWROUTE Indication
10-11 17:55:10.561  1774  3422 D PowerManagerService: getScreenOffTimeoutLocked:  isTestFlag = false
10-11 17:55:10.591  8744  9043 E ...ultipleAccountsLogic: No account mapping found for any account, returning null
10-11 17:55:10.592  1774  3423 V Telecom : Logging: START_SESSION: TSI.rPA@ALk
10-11 17:55:10.592  8744  9043 E ...ultipleAccountsLogic: No account mapping found for any account, returning null
10-11 17:55:10.593  8744  9043 E AmazonKindle.com.amazon.kindle.services.authentication.MAPTokenCache: [IntentService[NwstdIntentService]]: Null or empty account: [null], key: [PFM], aborting...
10-11 17:55:10.594  8744  9043 E ...ultipleAccountsLogic: No account mapping found for any account, returning null
10-11 17:55:10.595  8744  9043 E AmazonKindle.com.amazon.kindle.services.authentication.MAPTokenCache: [IntentService[NwstdIntentService]]: Null or empty account: [null], key: [XFSN_COOKIE], aborting...
10-11 17:55:10.596  8744  9043 E ...ultipleAccountsLogic: No account mapping found for any account, returning null
10-11 17:55:10.597  8744  9043 E AmazonKindle.com.amazon.kindle.services.authentication.MAPTokenCache: [IntentService[NwstdIntentService]]: Null or empty account: [null], key: [XMAIN_AND_XACB_COOKIES], aborting...
10-11 17:55:10.604  1774  3423 D Telecom : PhoneAccountRegistrar: addOrReplacePhoneAccount(ComponentInfo{com.android.phone/com.android.services.telephony.TelephonyConnectionService}, [da4b9237bacccdf19c0760cab7aec4a8359010b0], UserHandle{0} -> [[ ] PhoneAccount: ComponentInfo{com.android.phone/com.android.services.telephony.TelephonyConnectionService}, [da4b9237bacccdf19c0760cab7aec4a8359010b0], UserHandle{0} Capabilities: CallProvider MultiUser PlaceEmerg SimSub  Audio Routes: BESW Schemes: tel voicemail  Extras: null GroupId: [da39a3ee5e6b4b0d3255bfef95601890afd80709]]): TSI.rPA@ALk
10-11 17:55:10.607  1774  3423 I Telecom : PhoneAccountRegistrar: [ComponentInfo{com.android.phone/com.android.services.telephony.TelephonyConnectionService}, [da4b9237bacccdf19c0760cab7aec4a8359010b0], UserHandle{0}(icon: Icon(typ=BITMAP size=72x72) -> Icon(typ=BITMAP size=72x72))]: TSI.rPA@ALk
10-11 17:55:10.608  1774  3423 V Telecom : PhoneAccountRegistrar: maybeReplaceOldAccount: Not replacing PhoneAccount, no group Id or default.: TSI.rPA@ALk
10-11 17:55:10.615  1774  3423 I Telecom : : Sending phone-account registered intent as user: TSI.rPA@ALk
10-11 17:55:10.633  1774  3423 V Telecom : Logging: END_SUBSESSION (dur: 42 mS): TSI.rPA@ALk
10-11 17:55:10.634  1774  3423 V Telecom : Logging: END_SESSION (dur: 42 ms): TSI.rPA@ALk
10-11 17:55:10.659  1774  3423 D PowerManagerService: getScreenOffTimeoutLocked:  isTestFlag = false
10-11 17:55:10.661  1774  3194 D PowerManagerService: getScreenOffTimeoutLocked:  isTestFlag = false
10-11 17:55:10.662  1774  3895 D PowerManagerService: getScreenOffTimeoutLocked:  isTestFlag = false
10-11 17:55:10.663  1774  3934 D PowerManagerService: getScreenOffTimeoutLocked:  isTestFlag = false
10-11 17:55:10.665  1774  3422 D PowerManagerService: getScreenOffTimeoutLocked:  isTestFlag = false
10-11 17:55:10.666  1774  3933 D PowerManagerService: getScreenOffTimeoutLocked:  isTestFlag = false
10-11 17:55:10.667  1774  3869 D PowerManagerService: getScreenOffTimeoutLocked:  isTestFlag = false
10-11 17:55:10.669  1774  2803 D PowerManagerService: getScreenOffTimeoutLocked:  isTestFlag = false
10-11 17:55:10.675  1774  3110 D PowerManagerService: getScreenOffTimeoutLocked:  isTestFlag = false
10-11 17:55:10.493  1774  3422 D PowerManagerService: getScreenOffTimeoutLocked:  isTestFlag = false
10-11 17:55:10.509  1774  3419 D PowerManagerService: getScreenOffTimeoutLocked:  isTestFlag = false
10-11 17:55:10.701  1774  1817 I ActivityManager: Start proc 9848:com.google.android.configupdater/u0a5 for broadcast com.google.android.configupdater/.CertPin.CertPinUpdateRequestReceiver
10-11 17:55:10.713  1774  3423 D PowerManagerService: getScreenOffTimeoutLocked:  isTestFlag = false
10-11 17:55:10.715  1774  3422 D PowerManagerService: getScreenOffTimeoutLocked:  isTestFlag = false
10-11 17:55:10.716  1774  3748 D PowerManagerService: getScreenOffTimeoutLocked:  isTestFlag = false
10-11 17:55:10.718  1774  3419 D PowerManagerService: getScreenOffTimeoutLocked:  isTestFlag = false
10-11 17:55:10.723  1774  3110 D PowerManagerService: getScreenOffTimeoutLocked:  isTestFlag = false
10-11 17:55:10.812  1774  3868 D PowerManagerService: getScreenOffTimeoutLocked:  isTestFlag = false
10-11 17:55:10.835  1774  3933 D PowerManagerService: getScreenOffTimeoutLocked:  isTestFlag = false
10-11 17:55:10.836  9848  9848 W System  : ClassLoader referenced unknown path: /system/priv-app/ConfigUpdater/lib/arm64
10-11 17:55:10.836  1774  1816 D PowerManagerService: getScreenOffTimeoutLocked:  isTestFlag = false
10-11 17:55:10.838  1774  3110 D PowerManagerService: getScreenOffTimeoutLocked:  isTestFlag = false
10-11 17:55:10.842  1774  4389 D PowerManagerService: getScreenOffTimeoutLocked:  isTestFlag = false
10-11 17:55:10.854  1774  3869 D PowerManagerService: getScreenOffTimeoutLocked:  isTestFlag = false
10-11 17:55:10.859  3085  3085 I chatty  : uid=10032(com.android.systemui) expire 8 lines
10-11 17:55:10.874  1774  2801 D PowerManagerService: getScreenOffTimeoutLocked:  isTestFlag = false
10-11 17:55:10.885  3084  3084 D wpa_supplicant: RTM_NEWLINK: ifi_index=11 ifname=rmnet_data6 operstate=0 linkmode=0 ifi_family=0 ifi_flags=0x10041 ([UP][RUNNING][LOWER_UP])
10-11 17:55:10.887   836   836 I cnss-daemon: RTM_NEWROUTE Indication
10-11 17:55:10.887   836   836 I cnss-daemon: RTM_NEWROUTE Indication
10-11 17:55:10.887   836   836 I cnss-daemon: RTM_NEWROUTE Indication
10-11 17:55:10.889   836   836 I cnss-daemon: RTM_NEWROUTE Indication
10-11 17:55:10.898  1774  3748 D PowerManagerService: getScreenOffTimeoutLocked:  isTestFlag = false
10-11 17:55:10.915  4046  4057 I art     : Background sticky concurrent mark sweep GC freed 84007(5MB) AllocSpace objects, 32(712KB) LOS objects, 37% free, 13MB/21MB, paused 8.571ms total 60.067ms
10-11 17:55:10.924  1774  3868 D PowerManagerService: getScreenOffTimeoutLocked:  isTestFlag = false
10-11 17:55:10.939   836   836 I cnss-daemon: RTM_NEWROUTE Indication
10-11 17:55:10.982   836   836 I cnss-daemon: RTM_NEWROUTE Indication
10-11 17:55:10.982   836   836 I cnss-daemon: ip type is ipv6
10-11 17:55:10.983   836   836 I cnss-daemon: RTM_NEWROUTE Indication
10-11 17:55:10.984   836   836 I cnss-daemon: RTM_NEWROUTE Indication
10-11 17:55:10.987   878   878 E QMI_FW  : QMUXD: WARNING qmi_qmux_if_pwr_up_init failed! rc=-6
10-11 17:55:11.000  1774  1774 D PowerManagerService: getScreenOffTimeoutLocked:  isTestFlag = false
10-11 17:55:11.119  1774  1818 D PowerManagerService: getScreenOffTimeoutLocked:  isTestFlag = false
10-11 17:55:11.202  9848  9848 E ConfigUpdater: Received malformed URL while handling Gservices.CHANGED_ACTION intent_firewall: null null
10-11 17:55:11.218  1774  1774 D PowerManagerService: getScreenOffTimeoutLocked:  isTestFlag = false
10-11 17:55:11.258   836   836 I cnss-daemon: RTM_NEWROUTE Indication
10-11 17:55:11.276  3389  3389 D MccTable: updateMccMncConfiguration mccmnc='46000' fromServiceState=true
10-11 17:55:11.281  3389  3389 D MccTable: updateMccMncConfiguration defaultMccMnc=
10-11 17:55:11.281  3389  3389 D MccTable: updateMccMncConfiguration: mcc=460, mnc=0
10-11 17:55:11.281  3389  3389 D MccTable: WIFI_COUNTRY_CODE set to cn
10-11 17:55:11.282  1774  3110 I WifiService: WifiService trying to set country code to cn with persist set to false
10-11 17:55:11.286  1774  3868 D PowerManagerService: getScreenOffTimeoutLocked:  isTestFlag = false
10-11 17:55:11.288  3751  3751 I WearableService: Wearable Services stopping
10-11 17:55:11.308  1774  1818 D PowerManagerService: getScreenOffTimeoutLocked:  isTestFlag = false
10-11 17:55:11.333  9848  9848 E ConfigUpdater: Received malformed URL while handling Gservices.CHANGED_ACTION apn_db: null null
10-11 17:55:11.349  3085  3476 I chatty  : uid=10032(com.android.systemui) PhoneStatusBar expire 10 lines
10-11 17:55:11.362  3085  3085 I chatty  : uid=10032(com.android.systemui) expire 3 lines
10-11 17:55:11.380  1774  2801 D PowerManagerService: getScreenOffTimeoutLocked:  isTestFlag = false
10-11 17:55:11.408  8744  9043 E ...ultipleAccountsLogic: No account mapping found for any account, returning null
10-11 17:55:11.409  8744  9043 E ...ultipleAccountsLogic: No account mapping found for any account, returning null
10-11 17:55:11.409  9848  9848 E ConfigUpdater: Received malformed URL while handling Gservices.CHANGED_ACTION tzdata: null null
10-11 17:55:11.410  8744  9043 E AmazonKindle.com.amazon.kindle.services.authentication.MAPTokenCache: [IntentService[NwstdIntentService]]: Null or empty account: [null], key: [PFM], aborting...
10-11 17:55:11.414  8744  9043 E ...ultipleAccountsLogic: No account mapping found for any account, returning null
10-11 17:55:11.415  8744  9043 E AmazonKindle.com.amazon.kindle.services.authentication.MAPTokenCache: [IntentService[NwstdIntentService]]: Null or empty account: [null], key: [XFSN_COOKIE], aborting...
10-11 17:55:11.416  8744  9043 E ...ultipleAccountsLogic: No account mapping found for any account, returning null
10-11 17:55:11.417  8744  9043 E AmazonKindle.com.amazon.kindle.services.authentication.MAPTokenCache: [IntentService[NwstdIntentService]]: Null or empty account: [null], key: [XMAIN_AND_XACB_COOKIES], aborting...
10-11 17:55:11.425  1774  4021 D PowerManagerService: getScreenOffTimeoutLocked:  isTestFlag = false
10-11 17:55:11.428  3389  9914 I chatty  : uid=1001(radio) com.android.phone expire 1 line
10-11 17:55:11.429  3085  3476 I chatty  : uid=10032(com.android.systemui) PhoneStatusBar expire 1 line
10-11 17:55:11.429  3389  3389 D MccTable: updateMccMncConfiguration mccmnc='46002' fromServiceState=false
10-11 17:55:11.435  3389  3389 D MccTable: updateMccMncConfiguration defaultMccMnc=
10-11 17:55:11.435  3389  3389 D MccTable: updateMccMncConfiguration: mcc=460, mnc=2
10-11 17:55:11.435  3389  3389 D MccTable: updateMccMncConfiguration updateConfig config={1.0 460mcc2mnc ?localeList ?layoutDir ?swdp ?wdp ?hdp ?density ?lsize ?long ?orien ?uimode ?night ?touch ?keyb/?/? ?nav/?}
10-11 17:55:11.441  1774  3895 I ActivityManager: Config changes=2 {1.0 460mcc2mnc [en_IN] ldltr sw360dp w360dp h568dp 480dpi nrml port finger -keyb/v/h -nav/h s.6}
10-11 17:55:11.466  1774  2803 D PowerManagerService: getScreenOffTimeoutLocked:  isTestFlag = false
10-11 17:55:11.472  9848  9848 E ConfigUpdater: Received malformed URL while handling Gservices.CHANGED_ACTION selinux: null null
10-11 17:55:11.504  1774  1816 D PowerManagerService: getScreenOffTimeoutLocked:  isTestFlag = false
10-11 17:55:11.508  3085  3085 I chatty  : uid=10032(com.android.systemui) expire 3 lines
10-11 17:55:11.555  9198  9198 D MusicLifecycle: com.google.android.music.store.MusicContentProvider generated event: initializing
10-11 17:55:11.559  1774  3895 W WindowManager:  SLCODE computeScreenConfigurationLocked, the hard device name is: msm8953-snd-card-mtp Button Jack
10-11 17:55:11.560  1774  3895 W WindowManager:  SLCODE computeScreenConfigurationLocked, the hard device name is: msm8953-snd-card-mtp Headset Jack
10-11 17:55:11.560  1774  3895 W WindowManager:  SLCODE computeScreenConfigurationLocked, the hard device name is: hbtp_vm
10-11 17:55:11.560  1774  3895 W WindowManager:  SLCODE computeScreenConfigurationLocked, the hard device name is: qpnp_pon
10-11 17:55:11.560  1774  3895 W WindowManager:  SLCODE computeScreenConfigurationLocked, the hard device name is: gpio-keys
10-11 17:55:11.560  1774  3895 W WindowManager:  SLCODE computeScreenConfigurationLocked, the hard device name is: ft5435_ts
10-11 17:55:11.566  1774  3895 D PowerManagerService: getScreenOffTimeoutLocked:  isTestFlag = false
10-11 17:55:11.625   453  3739 E ANDR-PERF-MPCTL: Invalid profile no. 0, total profiles 0 only
10-11 17:55:11.643  3375  3433 W QCNEJ   : |CORE| CNE received unexpected action: android.intent.action.BATTERY_CHANGED
10-11 17:55:11.686   836   836 I cnss-daemon: RTM_NEWROUTE Indication
10-11 17:55:11.696  1774  3422 I ActivityManager: Killing 8558:com.amazon.device.information.provider/u0a35 (adj 906): empty #17
10-11 17:55:11.697  9848  9848 E ConfigUpdater: Received malformed URL while handling Gservices.CHANGED_ACTION carrier_provisioning_urls: null null
10-11 17:55:11.697  1774  4389 D PowerManagerService: getScreenOffTimeoutLocked:  isTestFlag = false
10-11 17:55:11.711  3085  3476 D NetworkController.MobileSignalController(2): networkClass=4G showRat=true slot=0
10-11 17:55:11.717  1774  3912 I ActivityManager: Killing 9081:com.qualcomm.timeservice/1000 (adj 906): empty #17
10-11 17:55:11.722  1774  3868 D PowerManagerService: getScreenOffTimeoutLocked:  isTestFlag = false
10-11 17:55:11.726  3085  3085 V KeyguardUpdateMonitor: SubInfo:{id=2, iccId=898600120917 simSlotIndex=0 displayName=CARD 1 carrierName=CMCC nameSource=0 iconTint=-13408298 dataRoaming=0 iconBitmap=android.graphics.Bitmap@e2c5545 mcc 460 mnc 2}
10-11 17:55:11.737  3375  3434 I QCNEJ   : |CORE| received protobuf msg: 
10-11 17:55:11.737  3375  3434 I QCNEJ   : |CORE| REQUEST_BRING_RAT_UP received
10-11 17:55:11.738  3375  3434 I QCNEJ   : |CORE| handleRatRequest net Type: 4 slotidx: 1
10-11 17:55:11.747  3085  3476 D TelephonyIcons: updateDataType slot=0, type=13, inetCondition=1 showAtLeast3G=false show4GforLte=true hspaDistinguishable=true
10-11 17:55:11.748  3085  3476 D TelephonyIcons: data type item name: array/telephony_data_type_sim1 id:2131427376
10-11 17:55:11.748  3375  3434 I QCNEJ   : |CORE| handleRatRequest: subId = 2
10-11 17:55:11.749  3085  3476 D TelephonyIcons: updateDataType mSelectedDataTypeIcon[0]=2130838270, mSelectedDataActivityIndex=5
10-11 17:55:11.749  3375  3434 I QCNEJ   : |CORE| inserting netType:4on receiving bringup
10-11 17:55:11.749  3375  3434 I QCNEJ   : |CORE| Bring up network: 4subId = 2
10-11 17:55:11.750  3085  3476 D TelephonyIcons: getSignalStrengthIcon: slot=0, inetCondition=1, level=4, roaming=false
10-11 17:55:11.751  1774  3748 D ConnectivityService: requestNetwork for uid/pid:1000/3375 NetworkRequest [ REQUEST id=17, [ Transports: CELLULAR Capabilities: IMS&TRUSTED&NOT_VPN Specifier: <2>] ]
10-11 17:55:11.751  3085  3476 D TelephonyIcons: signalStrengthArray.length=9
10-11 17:55:11.752  3085  3476 D TelephonyIcons: selectedTypeArray.length=2
10-11 17:55:11.753  3085  3476 D TelephonyIcons: inetArray.length=5
10-11 17:55:11.754  3085  3476 D TelephonyIcons: null signal icon name: drawable/stat_sys_signal_null
10-11 17:55:11.755  3085  3476 D TelephonyIcons: getDataTypeIcon sub=0
10-11 17:55:11.756  1774  3038 I chatty  : uid=1000(system) WifiStateMachin expire 3 lines
10-11 17:55:11.764  1774  3895 D ActivityManager: cleanUpApplicationRecord -- 8558
10-11 17:55:11.772  1774  3421 D ActivityManager: cleanUpApplicationRecord -- 9081
10-11 17:55:11.793  3085  3085 D CarrierText: updateCarrierText(): 1
10-11 17:55:11.810  5105  5164 I chatty  : uid=1000(system) RenderThread expire 1 line
10-11 17:55:11.830  1774  1774 D PowerManagerService: getScreenOffTimeoutLocked:  isTestFlag = false
10-11 17:55:11.898   836   836 I cnss-daemon: RTM_NEWROUTE Indication
10-11 17:55:11.915  4046  4046 E ChimeraProxyRslvr: Failed to instantiate com.google.android.gms.checkin.CheckinChimeraService$Receiver: java.lang.ClassNotFoundException: Didn't find class "com.google.android.gms.checkin.CheckinChimeraService$Receiver" on path: DexPathList[[zip file "/system/framework/com.android.location.provider.jar", zip file "/system/framework/com.android.media.remotedisplay.jar", zip file "/data/app/com.google.android.gms-1/base.apk"],nativeLibraryDirectories=[/data/app/com.google.android.gms-1/lib/arm64, /system/fake-libs64, /data/app/com.google.android.gms-1/base.apk!/lib/arm64-v8a, /system/lib64, /vendor/lib64]]
10-11 17:55:11.915  4046  4046 E ChimeraRcvrProxy: com.google.android.gms.checkin.CheckinServiceReceiver dropping broadcast com.google.gservices.intent.action.GSERVICES_CHANGED
10-11 17:55:11.919  5105  9752 E ActivityThread: Failed to find provider info for com.qti.smq.qualcommFeedback.provider
10-11 17:55:11.952  3085  3085 D CarrierText: Handling (subId=2): READY China Mobile
10-11 17:55:11.962  1774  1818 D PowerManagerService: getScreenOffTimeoutLocked:  isTestFlag = false
10-11 17:55:11.974  3085  3476 D NetworkController.MobileSignalController(2): networkClass=4G showRat=true slot=0
10-11 17:55:11.975  3085  3476 D TelephonyIcons: updateDataType slot=0, type=13, inetCondition=1 showAtLeast3G=false show4GforLte=true hspaDistinguishable=true
10-11 17:55:11.975  3085  3476 D TelephonyIcons: data type item name: array/telephony_data_type_sim1 id:2131427376
10-11 17:55:11.980  3085  3476 D TelephonyIcons: updateDataType mSelectedDataTypeIcon[0]=2130838270, mSelectedDataActivityIndex=5
10-11 17:55:11.981  3085  3476 D TelephonyIcons: getSignalStrengthIcon: slot=0, inetCondition=1, level=4, roaming=false
10-11 17:55:11.982  3085  3476 D TelephonyIcons: signalStrengthArray.length=9
10-11 17:55:11.982  3085  3085 D CarrierText: updateCarrierText(): 1
10-11 17:55:11.983  3085  3476 D TelephonyIcons: selectedTypeArray.length=2
10-11 17:55:11.985  3085  3476 D TelephonyIcons: inetArray.length=5
10-11 17:55:11.988  3085  3476 D TelephonyIcons: null signal icon name: drawable/stat_sys_signal_null
10-11 17:55:11.988  3085  3476 D TelephonyIcons: getDataTypeIcon sub=0
10-11 17:55:12.007  1774  3419 I chatty  : uid=1000(system) Binder:1774_6 expire 4 lines
10-11 17:55:12.051  1774  1818 D PowerManagerService: getScreenOffTimeoutLocked:  isTestFlag = false
10-11 17:55:12.085  1774  1818 D PowerManagerService: getScreenOffTimeoutLocked:  isTestFlag = false
10-11 17:55:12.110  3085  3085 D CarrierText: Handling (subId=2): READY China Mobile
10-11 17:55:12.137  1774  1774 D PowerManagerService: getScreenOffTimeoutLocked:  isTestFlag = false
10-11 17:55:12.140  1774  1818 D PowerManagerService: getScreenOffTimeoutLocked:  isTestFlag = false
10-11 17:55:12.141  3085  3085 D CarrierText: updateCarrierText(): 1
10-11 17:55:12.173  1774  1818 D PowerManagerService: getScreenOffTimeoutLocked:  isTestFlag = false
10-11 17:55:12.225  1774  1818 D PowerManagerService: getScreenOffTimeoutLocked:  isTestFlag = false
10-11 17:55:12.231  3085  3085 D CarrierText: Handling (subId=2): READY China Mobile
10-11 17:55:12.241  3085  3085 D KeyguardUpdateMonitor: handleServiceStateChange(subId=2, phoneId=0, serviceState=0 0 voice home data home CMCC CMCC 46000 CMCC CMCC 46000  LTE LTE CSS not supported -1 -1 RoamInd=-1 DefRoamInd=-1 EmergOnly=false IsDataRoamingFromRegistration=false IsUsingCarrierAggregation=false mRilImsRadioTechnology=0
10-11 17:55:12.242  3085  3085 D CarrierText: updateCarrierText(): 1
10-11 17:55:12.246  1774  1818 D PowerManagerService: getScreenOffTimeoutLocked:  isTestFlag = false
10-11 17:55:12.251  1774  1818 D PowerManagerService: getScreenOffTimeoutLocked:  isTestFlag = false
10-11 17:55:12.305  3085  3085 D CarrierText: Handling (subId=2): READY China Mobile 4G
10-11 17:55:12.305  3085  3085 D CarrierText: SIM ready and in service: subId=2, ss=0 0 voice home data home CMCC CMCC 46000 CMCC CMCC 46000  LTE LTE CSS not supported -1 -1 RoamInd=-1 DefRoamInd=-1 EmergOnly=false IsDataRoamingFromRegistration=false IsUsingCarrierAggregation=false mRilImsRadioTechnology=0
10-11 17:55:12.307  3085  3085 D CarrierText: updateCarrierText(): 1
10-11 17:55:12.384  3085  3085 D CarrierText: Handling (subId=2): READY China Mobile 4G
