10-11 17:56:07.884  3389  3389 D GsmCdmaCallTracker: [GsmCdmaCallTracker] checkNoOperationsPending: pendingOperations=0
10-11 17:56:07.884  3389  3389 D RILJ    : [4293]> GET_CURRENT_CALLS [SUB0]
10-11 17:56:07.891   818   912 I RILQ    : (0/818):RIL[0][main] qcril_qmi_get_call_list_to_send: RILVI: calls rep: reported/skipped 0/1 calls
10-11 17:56:07.893  3389  3452 D RILJ    : [4293]< GET_CURRENT_CALLS {} [SUB0]
10-11 17:56:07.894  3389  3389 D GsmCdmaCallTracker: Event EVENT_POLL_CALLS_RESULT Received
10-11 17:56:07.894  3389  3389 D GsmCdmaCallTracker: [GsmCdmaCallTracker] handle EVENT_POLL_CALL_RESULT: set needsPoll=F
10-11 17:56:07.894  3389  3389 D GsmCdmaCallTracker: [GsmCdmaCallTracker] handlePollCalls
10-11 17:56:07.894  3389  3389 D GsmCdmaCallTracker: [GsmCdmaCallTracker] poll: conn[i=0]=null, dc=null
10-11 17:56:07.894  3389  3389 D GsmCdmaCallTracker: [GsmCdmaCallTracker] poll: conn[i=1]=null, dc=null
10-11 17:56:07.894  3389  3389 D GsmCdmaCallTracker: [GsmCdmaCallTracker] poll: conn[i=2]=null, dc=null
10-11 17:56:07.895  3389  3389 D GsmCdmaCallTracker: [GsmCdmaCallTracker] poll: conn[i=3]=null, dc=null
10-11 17:56:07.895  3389  3389 D GsmCdmaCallTracker: [GsmCdmaCallTracker] poll: conn[i=4]=null, dc=null
10-11 17:56:07.895  3389  3389 D GsmCdmaCallTracker: [GsmCdmaCallTracker] poll: conn[i=5]=null, dc=null
10-11 17:56:07.895  3389  3389 D GsmCdmaCallTracker: [GsmCdmaCallTracker] poll: conn[i=6]=null, dc=null
10-11 17:56:07.895  3389  3389 D GsmCdmaCallTracker: [GsmCdmaCallTracker] poll: conn[i=7]=null, dc=null
10-11 17:56:07.895  3389  3389 D GsmCdmaCallTracker: [GsmCdmaCallTracker] poll: conn[i=8]=null, dc=null
10-11 17:56:07.895  3389  3389 D GsmCdmaCallTracker: [GsmCdmaCallTracker] poll: conn[i=9]=null, dc=null
10-11 17:56:07.896  3389  3389 D GsmCdmaCallTracker: [GsmCdmaCallTracker] poll: conn[i=10]=null, dc=null
10-11 17:56:07.896  3389  3389 D GsmCdmaCallTracker: [GsmCdmaCallTracker] poll: conn[i=11]=null, dc=null
10-11 17:56:07.896  3389  3389 D GsmCdmaCallTracker: [GsmCdmaCallTracker] poll: conn[i=12]=null, dc=null
10-11 17:56:07.896  3389  3389 D GsmCdmaCallTracker: [GsmCdmaCallTracker] poll: conn[i=13]=null, dc=null
10-11 17:56:07.896  3389  3389 D GsmCdmaCallTracker: [GsmCdmaCallTracker] poll: conn[i=14]=null, dc=null
10-11 17:56:07.896  3389  3389 D GsmCdmaCallTracker: [GsmCdmaCallTracker] poll: conn[i=15]=null, dc=null
10-11 17:56:07.896  3389  3389 D GsmCdmaCallTracker: [GsmCdmaCallTracker] poll: conn[i=16]=null, dc=null
10-11 17:56:07.897  3389  3389 D GsmCdmaCallTracker: [GsmCdmaCallTracker] poll: conn[i=17]=null, dc=null
10-11 17:56:07.897  3389  3389 D GsmCdmaCallTracker: [GsmCdmaCallTracker] poll: conn[i=18]=null, dc=null
10-11 17:56:07.897  3389  3389 D GsmCdmaCallTracker: [GsmCdmaCallTracker] handlePollCalls calling updatePhoneState()
10-11 17:56:07.897  3389  3389 D GsmCdmaCallTracker: [GsmCdmaCallTracker] update phone state, old=IDLE new=IDLE
10-11 17:56:08.047   818   990 I RILQ    : (0/818):RIL[0][event] qcril_qmi_voice_all_call_status_ind_hdlr: call state INCOMING for conn id 1
10-11 17:56:08.053  3389  3452 D RILJ    : Unsol response received for UNSOL_RESPONSE_CALL_STATE_CHANGED Sending ack to ril.cpp [SUB0]
10-11 17:56:08.053  3389  3452 D RILJ    : [UNSL]< UNSOL_RESPONSE_CALL_STATE_CHANGED [SUB0]
10-11 17:56:08.054  3389  3389 D GsmCdmaCallTracker: [GsmCdmaCallTracker] checkNoOperationsPending: pendingOperations=0
10-11 17:56:08.054  3389  3389 D RILJ    : [4296]> GET_CURRENT_CALLS [SUB0]
10-11 17:56:08.058  3389  3452 D RILJ    : Unsol response received for UNSOL_OEM_HOOK_RAW Sending ack to ril.cpp [SUB0]
10-11 17:56:08.058  3389  3452 V RILJ    : [UNSL]< UNSOL_OEM_HOOK_RAW 514f454d484f4f4bf70308001b000000767369643d3239373831363036343b63616c6c5f73746174653d31 [SUB0]
10-11 17:56:08.061  3389  3389 D QtiGsmCdmaPhone: handleMessage: Event: 34
10-11 17:56:08.063   818   912 I RILQ    : (0/818):RIL[0][main] qcril_qmi_get_call_list_to_send: RILVI: calls rep:[qmi call id 1, android call id 1, qmi call state 2] reported/skipped 1/0 calls
10-11 17:56:08.067   818   990 I RILQ    : (0/818):RIL[0][event] qcril_qmi_voice_all_call_status_ind_hdlr: RILVIMS: update 1 calls[a-c-id: 1, q-c-id 1, c-s 10 -> 2]
10-11 17:56:08.068  3389  3452 D RILJ    : Unsol response received for UNSOL_OEM_HOOK_RAW Sending ack to ril.cpp [SUB0]
10-11 17:56:08.069  3389  3452 V RILJ    : [UNSL]< UNSOL_OEM_HOOK_RAW 514f454d484f4f4bf70308001b000000767369643d3239373831363036343b63616c6c5f73746174653d31 [SUB0]
10-11 17:56:08.069  3389  3389 D QtiGsmCdmaPhone: handleMessage: Event: 34
10-11 17:56:08.072  3389  3452 V RILJ    : Incoming UUS : NOT present! [SUB0]
10-11 17:56:08.072  3389  3389 D CallManager:  handleMessage (EVENT_IN_CALL_VOICE_PRIVACY_OFF)
10-11 17:56:08.072  3389  3452 D RILJ    : InCall VoicePrivacy is disabled [SUB0]
10-11 17:56:08.073  3389  3452 D RILJ    : [4296]< GET_CURRENT_CALLS {[id=1,INCOMING,toa=129,norm,mt,0,voc,noevp,,cli=1,,3] } [SUB0]
10-11 17:56:08.073  3389  3389 D GsmCdmaCallTracker: Event EVENT_POLL_CALLS_RESULT Received
10-11 17:56:08.073  3389  3389 D GsmCdmaCallTracker: [GsmCdmaCallTracker] handle EVENT_POLL_CALL_RESULT: set needsPoll=F
10-11 17:56:08.073  3389  3389 D GsmCdmaCallTracker: [GsmCdmaCallTracker] handlePollCalls
10-11 17:56:08.074  3389  3389 D GsmCdmaCallTracker: [GsmCdmaCallTracker] poll: conn[i=0]=null, dc=id=1,INCOMING,toa=129,norm,mt,0,voc,noevp,,cli=1,,3
10-11 17:56:08.074  3389  3389 D GsmCdmaCallTracker: [GsmCdmaCallTracker] pendingMo=null, dc=id=1,INCOMING,toa=129,norm,mt,0,voc,noevp,,cli=1,,3
10-11 17:56:08.077  3389  3452 D RILJ    : Unsol response received for UNSOL_OEM_HOOK_RAW Sending ack to ril.cpp [SUB0]
10-11 17:56:08.077  3389  3452 V RILJ    : [UNSL]< UNSOL_OEM_HOOK_RAW 514f454d484f4f4bf70308001b000000767369643d3239373831363036343b63616c6c5f73746174653d31 [SUB0]
10-11 17:56:08.081  3389  3389 D GsmCdmaConnection: [GsmCdmaConn] acquireWakeLock
10-11 17:56:08.085  3389  3389 W PhoneNumberUtils: getCountryIso null
10-11 17:56:08.092  3389  3389 D PhoneFactory: getPhone:- phoneId != DEFAULT_PHONE_ID return sPhones[phoneId] phoneId=0 phone=Handler (com.qualcomm.qti.internal.telephony.QtiGsmCdmaPhone) {c01c7c0}
10-11 17:56:08.097  3389  3389 W PhoneNumberUtils: isLocalEmergencyNumberInternalCN
10-11 17:56:08.098  3389  3389 D PhoneNumberUtils: slotId:0 subId:2 country:CN useExactMatch:true emergencyNumbers: 112,000,08,118,122,911,999,119,120,110,*911,#911
10-11 17:56:08.102  3389  3389 D GsmCdmaCallTracker: [GsmCdmaCallTracker] Notify new ring id=1,INCOMING,toa=129,norm,mt,0,voc,noevp,,cli=1,,3
10-11 17:56:08.102  3389  3389 D GsmCdmaCallTracker: [GsmCdmaCallTracker] poll: conn[i=1]=null, dc=null
10-11 17:56:08.102  3389  3389 D GsmCdmaCallTracker: [GsmCdmaCallTracker] poll: conn[i=2]=null, dc=null
10-11 17:56:08.102  3389  3389 D GsmCdmaCallTracker: [GsmCdmaCallTracker] poll: conn[i=3]=null, dc=null
10-11 17:56:08.102  3389  3389 D GsmCdmaCallTracker: [GsmCdmaCallTracker] poll: conn[i=4]=null, dc=null
10-11 17:56:08.102  3389  3389 D GsmCdmaCallTracker: [GsmCdmaCallTracker] poll: conn[i=5]=null, dc=null
10-11 17:56:08.102  3389  3389 D GsmCdmaCallTracker: [GsmCdmaCallTracker] poll: conn[i=6]=null, dc=null
10-11 17:56:08.102  3389  3389 D GsmCdmaCallTracker: [GsmCdmaCallTracker] poll: conn[i=7]=null, dc=null
10-11 17:56:08.102  3389  3389 D GsmCdmaCallTracker: [GsmCdmaCallTracker] poll: conn[i=8]=null, dc=null
10-11 17:56:08.102  3389  3389 D GsmCdmaCallTracker: [GsmCdmaCallTracker] poll: conn[i=9]=null, dc=null
10-11 17:56:08.102  3389  3389 D GsmCdmaCallTracker: [GsmCdmaCallTracker] poll: conn[i=10]=null, dc=null
10-11 17:56:08.102  3389  3389 D GsmCdmaCallTracker: [GsmCdmaCallTracker] poll: conn[i=11]=null, dc=null
10-11 17:56:08.103  3389  3389 D GsmCdmaCallTracker: [GsmCdmaCallTracker] poll: conn[i=12]=null, dc=null
10-11 17:56:08.103  3389  3389 D GsmCdmaCallTracker: [GsmCdmaCallTracker] poll: conn[i=13]=null, dc=null
10-11 17:56:08.103  3389  3389 D GsmCdmaCallTracker: [GsmCdmaCallTracker] poll: conn[i=14]=null, dc=null
10-11 17:56:08.103  3389  3389 D GsmCdmaCallTracker: [GsmCdmaCallTracker] poll: conn[i=15]=null, dc=null
10-11 17:56:08.103  3389  3389 D GsmCdmaCallTracker: [GsmCdmaCallTracker] poll: conn[i=16]=null, dc=null
10-11 17:56:08.103  3389  3389 D GsmCdmaCallTracker: [GsmCdmaCallTracker] poll: conn[i=17]=null, dc=null
10-11 17:56:08.103  3389  3389 D GsmCdmaCallTracker: [GsmCdmaCallTracker] poll: conn[i=18]=null, dc=null
10-11 17:56:08.103  3389  3389 D GsmCdmaCallTracker: [GsmCdmaCallTracker] handlePollCalls calling updatePhoneState()
10-11 17:56:08.103  3389  3389 D GsmCdmaCallTracker: [GsmCdmaCallTracker] update phone state, old=IDLE new=RINGING
10-11 17:56:08.112  3389  3389 D QtiGsmCdmaPhone: handleMessage: Event: 34
10-11 17:56:08.114  3389  3389 D CallManager:  handleMessage (EVENT_NEW_RINGING_CONNECTION)
10-11 17:56:08.115  3389  3389 D SubscriptionController: [getSubId]- numSubIds == 0, return DummySubIds slotIdx=1
10-11 17:56:08.187  3389  3389 W PhoneNumberUtils: getCountryIso Country {ISO=CN, source=0, time=295587}
10-11 17:56:08.187  3389  3389 W PhoneNumberUtils: isLocalEmergencyNumberInternalCN
10-11 17:56:08.187  3389  3389 D PhoneNumberUtils: slotId:0 subId:2 country:CN useExactMatch:true emergencyNumbers: 112,000,08,118,122,911,999,119,120,110,*911,#911
10-11 17:56:08.253  3389  3389 D QtiGsmDCT: [0]QtiDcTracker handleMessage msg={ when=-150ms what=270343 obj=android.os.AsyncResult@cb59c1e target=com.qualcomm.qti.internal.telephony.dataconnection.QtiDcTracker }
10-11 17:56:08.253  3389  3389 D QtiGsmDCT: [0]onVoiceCallStarted
10-11 17:56:08.253  3389  3389 D CallManager:  handleMessage (EVENT_PRECISE_CALL_STATE_CHANGED)
10-11 17:56:08.262  1774  1774 W PhoneNumberUtils: getCountryIso null
10-11 17:56:08.266  3389  3402 D PhoneFactory: getPhone:- phoneId != DEFAULT_PHONE_ID return sPhones[phoneId] phoneId=0 phone=Handler (com.qualcomm.qti.internal.telephony.QtiGsmCdmaPhone) {c01c7c0}
10-11 17:56:08.271  1774  1774 W PhoneNumberUtils: isLocalEmergencyNumberInternalCN
10-11 17:56:08.273  1774  1774 D PhoneNumberUtils: slotId:0 subId:2 country:CN useExactMatch:true emergencyNumbers: 112,000,08,118,122,911,999,119,120,110,*911,#911
10-11 17:56:08.279  3389  4239 D PhoneFactory: getPhone:- phoneId != DEFAULT_PHONE_ID return sPhones[phoneId] phoneId=0 phone=Handler (com.qualcomm.qti.internal.telephony.QtiGsmCdmaPhone) {c01c7c0}
10-11 17:56:08.294  1774  3463 D CallerInfoAsyncQuery: Processing event: 1 token (arg1): 1 command: 0 query URI: content://com.android.contacts/phone_lookup_enterprise/xxxxxxx
10-11 17:56:08.329  1774  1774 D CallerInfoAsyncQuery: ##### onQueryComplete() #####   query complete for token: 0
10-11 17:56:08.342  3389  4312 D PhoneFactory: getPhone:- phoneId != DEFAULT_PHONE_ID return sPhones[phoneId] phoneId=0 phone=Handler (com.qualcomm.qti.internal.telephony.QtiGsmCdmaPhone) {c01c7c0}
10-11 17:56:08.342  3389  3389 D PhoneFactory: getPhone:- phoneId != DEFAULT_PHONE_ID return sPhones[phoneId] phoneId=0 phone=Handler (com.qualcomm.qti.internal.telephony.QtiGsmCdmaPhone) {c01c7c0}
10-11 17:56:08.342  3389  3389 D PhoneFactory: getPhone:- phoneId != DEFAULT_PHONE_ID return sPhones[phoneId] phoneId=0 phone=Handler (com.qualcomm.qti.internal.telephony.QtiGsmCdmaPhone) {c01c7c0}
10-11 17:56:08.345  3389  3389 D RILJ    : [4299]> SET_SUPP_SVC_NOTIFICATION [SUB0]
10-11 17:56:08.352  3389  3452 D RILJ    : [4299]< SET_SUPP_SVC_NOTIFICATION  [SUB0]
10-11 17:56:08.356  3389  3389 D PhoneNumberUtils: slotId:0 subId:2 country:null useExactMatch:true emergencyNumbers: 112,000,08,118,122,911,999,119,120,110,*911,#911
10-11 17:56:08.362  3389  3389 D PhoneNumberUtils: slotId:0 subId:2 country:null useExactMatch:true emergencyNumbers: 112,000,08,118,122,911,999,119,120,110,*911,#911
10-11 17:56:08.381  3389  3389 D PhoneNumberUtils: slotId:0 subId:2 country:null useExactMatch:true emergencyNumbers: 112,000,08,118,122,911,999,119,120,110,*911,#911
10-11 17:56:08.383  3389  3389 W PhoneNumberUtils: getCountryIso Country {ISO=CN, source=0, time=295587}
10-11 17:56:08.383  3389  3389 W PhoneNumberUtils: isLocalEmergencyNumberInternalCN
10-11 17:56:08.384  3389  3389 D PhoneNumberUtils: slotId:0 subId:2 country:CN useExactMatch:true emergencyNumbers: 112,000,08,118,122,911,999,119,120,110,*911,#911
10-11 17:56:08.392  3389  3389 D PhoneNumberUtils: slotId:0 subId:2 country:null useExactMatch:true emergencyNumbers: 112,000,08,118,122,911,999,119,120,110,*911,#911
10-11 17:56:08.397  1774  3463 D CallerInfoAsyncQuery: Processing event: 3 token (arg1): 1 command: 0 query URI: 
10-11 17:56:08.398  1774  1774 D CallerInfoAsyncQuery: notifying listener: class com.android.server.telecom.CallerInfoLookupHelper$-com_android_internal_telephony_CallerInfoAsyncQuery$OnQueryCompleteListener_makeCallerInfoQueryListener_android_net_Uri_handle_LambdaImpl0 for token: 0com.android.internal.telephony.CallerInfo@6be65c1 { name non-null, phoneNumber non-null }
10-11 17:56:08.410  1774  1774 D CallerInfoAsyncQuery: ##### onQueryComplete() #####   query complete for token: 0
10-11 17:56:08.468  1774  1774 W PhoneNumberUtils: getCountryIso Country {ISO=CN, source=0, time=295761}
10-11 17:56:08.468  1774  1774 W PhoneNumberUtils: isLocalEmergencyNumberInternalCN
10-11 17:56:08.472  1774  1774 D PhoneNumberUtils: slotId:0 subId:2 country:CN useExactMatch:true emergencyNumbers: 112,000,08,118,122,911,999,119,120,110,*911,#911
10-11 17:56:08.480  3389  4239 D PhoneFactory: getPhone:- phoneId != DEFAULT_PHONE_ID return sPhones[phoneId] phoneId=0 phone=Handler (com.qualcomm.qti.internal.telephony.QtiGsmCdmaPhone) {c01c7c0}
10-11 17:56:08.482  3389  3402 D PhoneFactory: getPhone:- phoneId != DEFAULT_PHONE_ID return sPhones[phoneId] phoneId=0 phone=Handler (com.qualcomm.qti.internal.telephony.QtiGsmCdmaPhone) {c01c7c0}
10-11 17:56:08.493  9301  9313 D PhoneNumberUtils: slotId:0 subId:2 country:null useExactMatch:true emergencyNumbers: 112,000,08,118,122,911,999,119,120,110,*911,#911
10-11 17:56:08.497  9301  9313 D PhoneNumberUtils: slotId:0 subId:2 country:null useExactMatch:true emergencyNumbers: 112,000,08,118,122,911,999,119,120,110,*911,#911
10-11 17:56:08.500  1774  3463 D CallerInfoAsyncQuery: Processing event: 1 token (arg1): 1 command: 0 query URI: content://com.android.contacts/phone_lookup_enterprise/xxxxxxx
10-11 17:56:08.501  3389  3560 D PhoneFactory: getPhone:- phoneId != DEFAULT_PHONE_ID return sPhones[phoneId] phoneId=0 phone=Handler (com.qualcomm.qti.internal.telephony.QtiGsmCdmaPhone) {c01c7c0}
10-11 17:56:08.519  1774  1774 D CallerInfoAsyncQuery: ##### onQueryComplete() #####   query complete for token: 0
10-11 17:56:08.531  3389 10041 D PhoneFactory: getPhone:- phoneId != DEFAULT_PHONE_ID return sPhones[phoneId] phoneId=0 phone=Handler (com.qualcomm.qti.internal.telephony.QtiGsmCdmaPhone) {c01c7c0}
10-11 17:56:08.542  1774  3463 D CallerInfoAsyncQuery: Processing event: 3 token (arg1): 1 command: 0 query URI: 
10-11 17:56:08.542  1774  1774 D CallerInfoAsyncQuery: notifying listener: class com.android.server.telecom.CallerInfoLookupHelper$-com_android_internal_telephony_CallerInfoAsyncQuery$OnQueryCompleteListener_makeCallerInfoQueryListener_android_net_Uri_handle_LambdaImpl0 for token: 0com.android.internal.telephony.CallerInfo@d98d554 { name non-null, phoneNumber non-null }
10-11 17:56:08.564  1774  1774 D CallerInfoAsyncQuery: ##### onQueryComplete() #####   query complete for token: 0
10-11 17:56:08.745  3389  8835 D PhoneFactory: getPhone:- phoneId != DEFAULT_PHONE_ID return sPhones[phoneId] phoneId=0 phone=Handler (com.qualcomm.qti.internal.telephony.QtiGsmCdmaPhone) {c01c7c0}
10-11 17:56:08.761  3389  4312 D PhoneFactory: getPhone:- phoneId != DEFAULT_PHONE_ID return sPhones[phoneId] phoneId=0 phone=Handler (com.qualcomm.qti.internal.telephony.QtiGsmCdmaPhone) {c01c7c0}
10-11 17:56:08.768  3389  9767 D PhoneFactory: getPhone:- phoneId != DEFAULT_PHONE_ID return sPhones[phoneId] phoneId=0 phone=Handler (com.qualcomm.qti.internal.telephony.QtiGsmCdmaPhone) {c01c7c0}
10-11 17:56:08.780  3389  3474 D PhoneFactory: getPhone:- phoneId != DEFAULT_PHONE_ID return sPhones[phoneId] phoneId=0 phone=Handler (com.qualcomm.qti.internal.telephony.QtiGsmCdmaPhone) {c01c7c0}
10-11 17:56:09.133  3389  9773 D PhoneFactory: getPhone:- phoneId != DEFAULT_PHONE_ID return sPhones[phoneId] phoneId=0 phone=Handler (com.qualcomm.qti.internal.telephony.QtiGsmCdmaPhone) {c01c7c0}
10-11 17:56:09.141  3389  9773 D SubscriptionController: [getActiveSubscriptionInfoForSimSlotIndex]+ slotIdx=0 subId={id=2, iccId=898600120917 simSlotIndex=0 displayName=China Mobile carrierName=CMCC  China Mobile nameSource=0 iconTint=-13408298 dataRoaming=0 iconBitmap=android.graphics.Bitmap@2a60764 mcc 460 mnc 2}
10-11 17:56:09.177  3389  8835 D SubscriptionController: [getPhoneId] asked for default subId=2
10-11 17:56:09.230  3389  4045 D ExtTelephonyServiceImpl: setDsdaAdapter:org.codeaurora.internal.IDsda$Stub$Proxy@249cdcd
10-11 17:56:09.233  3389  9767 D PhoneFactory: getPhone:- phoneId != DEFAULT_PHONE_ID return sPhones[phoneId] phoneId=0 phone=Handler (com.qualcomm.qti.internal.telephony.QtiGsmCdmaPhone) {c01c7c0}
10-11 17:56:09.296 10305 10305 D PhoneNumberUtils: slotId:0 subId:2 country:null useExactMatch:true emergencyNumbers: 112,000,08,118,122,911,999,119,120,110,*911,#911
10-11 17:56:09.301  3389  8835 D PhoneFactory: getPhone:- phoneId != DEFAULT_PHONE_ID return sPhones[phoneId] phoneId=0 phone=Handler (com.qualcomm.qti.internal.telephony.QtiGsmCdmaPhone) {c01c7c0}
10-11 17:56:09.357  3389  4312 D PhoneNumberUtils: slotId:0 subId:2 country:null useExactMatch:true emergencyNumbers: 112,000,08,118,122,911,999,119,120,110,*911,#911
10-11 17:56:09.422  3389  9767 D PhoneFactory: getPhone:- phoneId != DEFAULT_PHONE_ID return sPhones[phoneId] phoneId=0 phone=Handler (com.qualcomm.qti.internal.telephony.QtiGsmCdmaPhone) {c01c7c0}
10-11 17:56:09.429  3389  3474 D PhoneFactory: getPhone:- phoneId != DEFAULT_PHONE_ID return sPhones[phoneId] phoneId=0 phone=Handler (com.qualcomm.qti.internal.telephony.QtiGsmCdmaPhone) {c01c7c0}
10-11 17:56:09.912  3389  8835 D PhoneFactory: getPhone:- phoneId != DEFAULT_PHONE_ID return sPhones[phoneId] phoneId=0 phone=Handler (com.qualcomm.qti.internal.telephony.QtiGsmCdmaPhone) {c01c7c0}
10-11 17:56:09.999  3389  3389 D QtiGsmCdmaPhone: handleMessage: Event: 15
10-11 17:56:09.999  3389  3389 D Phone   : Event EVENT_CALL_RING_CONTINUE Received state=RINGING
10-11 17:56:09.999  3389  3389 D Phone   : Sending notifyIncomingRing
10-11 17:56:09.999  3389  3389 D CallManager:  handleMessage (EVENT_INCOMING_RING)
10-11 17:56:10.060  3389  3560 D PhoneFactory: getPhone:- phoneId != DEFAULT_PHONE_ID return sPhones[phoneId] phoneId=0 phone=Handler (com.qualcomm.qti.internal.telephony.QtiGsmCdmaPhone) {c01c7c0}
10-11 17:56:10.060  3389  3560 D QtiGsmDCT: [0]setPolicyDataEnabled: true
10-11 17:56:10.060  3389  3389 D QtiGsmDCT: [0]QtiDcTracker handleMessage msg={ when=0 what=270368 arg1=1 target=com.qualcomm.qti.internal.telephony.dataconnection.QtiDcTracker }
10-11 17:56:10.060  3389  3389 D CdmaSSM : subscriptionSource from settings: 0
10-11 17:56:10.170  3389  3402 D PhoneFactory: getPhone:- phoneId != DEFAULT_PHONE_ID return sPhones[phoneId] phoneId=0 phone=Handler (com.qualcomm.qti.internal.telephony.QtiGsmCdmaPhone) {c01c7c0}
10-11 17:56:10.176  3389  3402 D SubscriptionController: [getActiveSubscriptionInfo]+ subId=2 subInfo={id=2, iccId=898600120917 simSlotIndex=0 displayName=China Mobile carrierName=CMCC  China Mobile nameSource=0 iconTint=-13408298 dataRoaming=0 iconBitmap=android.graphics.Bitmap@56e35d0 mcc 460 mnc 2}
10-11 17:56:12.250  3389  9773 D PhoneFactory: getPhone:- phoneId != DEFAULT_PHONE_ID return sPhones[phoneId] phoneId=0 phone=Handler (com.qualcomm.qti.internal.telephony.QtiGsmCdmaPhone) {c01c7c0}
10-11 17:56:12.255  3389  3402 D PhoneFactory: getPhone:- phoneId != DEFAULT_PHONE_ID return sPhones[phoneId] phoneId=0 phone=Handler (com.qualcomm.qti.internal.telephony.QtiGsmCdmaPhone) {c01c7c0}
10-11 17:56:12.259  3389  8835 D PhoneFactory: getPhone:- phoneId != DEFAULT_PHONE_ID return sPhones[phoneId] phoneId=0 phone=Handler (com.qualcomm.qti.internal.telephony.QtiGsmCdmaPhone) {c01c7c0}
10-11 17:56:12.266  3389  4045 D PhoneFactory: getPhone:- phoneId != DEFAULT_PHONE_ID return sPhones[phoneId] phoneId=0 phone=Handler (com.qualcomm.qti.internal.telephony.QtiGsmCdmaPhone) {c01c7c0}
10-11 17:56:12.747  3389  3560 D PhoneFactory: getPhone:- phoneId != DEFAULT_PHONE_ID return sPhones[phoneId] phoneId=0 phone=Handler (com.qualcomm.qti.internal.telephony.QtiGsmCdmaPhone) {c01c7c0}
10-11 17:56:12.747  3389  3560 D QtiGsmDCT: [0]setPolicyDataEnabled: true
10-11 17:56:12.747  3389  3389 D QtiGsmDCT: [0]QtiDcTracker handleMessage msg={ when=0 what=270368 arg1=1 target=com.qualcomm.qti.internal.telephony.dataconnection.QtiDcTracker }
10-11 17:56:12.748  3389  3389 D CdmaSSM : subscriptionSource from settings: 0
10-11 17:56:13.000  3389  3389 D QtiGsmCdmaPhone: handleMessage: Event: 15
10-11 17:56:13.000  3389  3389 D Phone   : Event EVENT_CALL_RING_CONTINUE Received state=RINGING
10-11 17:56:13.000  3389  3389 D Phone   : Sending notifyIncomingRing
10-11 17:56:13.001  3389  3389 D CallManager:  handleMessage (EVENT_INCOMING_RING)
10-11 17:56:14.906  3389  9773 D PhoneFactory: getPhone:- phoneId != DEFAULT_PHONE_ID return sPhones[phoneId] phoneId=0 phone=Handler (com.qualcomm.qti.internal.telephony.QtiGsmCdmaPhone) {c01c7c0}
10-11 17:56:14.906  3389  9773 D QtiGsmDCT: [0]setPolicyDataEnabled: true
10-11 17:56:14.907  3389  3389 D QtiGsmDCT: [0]QtiDcTracker handleMessage msg={ when=-1ms what=270368 arg1=1 target=com.qualcomm.qti.internal.telephony.dataconnection.QtiDcTracker }
10-11 17:56:14.907  3389  3389 D CdmaSSM : subscriptionSource from settings: 0
10-11 17:56:16.002  3389  3389 D QtiGsmCdmaPhone: handleMessage: Event: 15
10-11 17:56:16.002  3389  3389 D Phone   : Event EVENT_CALL_RING_CONTINUE Received state=RINGING
10-11 17:56:16.002  3389  3389 D Phone   : Sending notifyIncomingRing
10-11 17:56:16.003  3389  3389 D CallManager:  handleMessage (EVENT_INCOMING_RING)
10-11 17:56:17.077  3389  9767 D PhoneFactory: getPhone:- phoneId != DEFAULT_PHONE_ID return sPhones[phoneId] phoneId=0 phone=Handler (com.qualcomm.qti.internal.telephony.QtiGsmCdmaPhone) {c01c7c0}
10-11 17:56:17.077  3389  9767 D QtiGsmDCT: [0]setPolicyDataEnabled: true
10-11 17:56:17.077  3389  3389 D QtiGsmDCT: [0]QtiDcTracker handleMessage msg={ when=0 what=270368 arg1=1 target=com.qualcomm.qti.internal.telephony.dataconnection.QtiDcTracker }
10-11 17:56:17.077  3389  3389 D CdmaSSM : subscriptionSource from settings: 0
10-11 17:56:17.484   818   990 I RILQ    : (0/818):RIL[0][event] qcril_qmi_nas_reset_data_snapshot_cache_and_timer: Resetting snapshot timer
10-11 17:56:17.504  3389  3452 D RILJ    : Unsol response received for UNSOL_RESPONSE_VOICE_NETWORK_STATE_CHANGED Sending ack to ril.cpp [SUB0]
10-11 17:56:17.504  3389  3452 D RILJ    : [UNSL]< UNSOL_RESPONSE_VOICE_NETWORK_STATE_CHANGED [SUB0]
10-11 17:56:17.504  3389  3389 D RILJ    : [4301]> OPERATOR [SUB0]
10-11 17:56:17.508  3389  3389 D RILJ    : [4302]> DATA_REGISTRATION_STATE [SUB0]
10-11 17:56:17.511  3389  3389 D RILJ    : [4303]> VOICE_REGISTRATION_STATE [SUB0]
10-11 17:56:17.513  3389  3389 D RILJ    : [4304]> QUERY_NETWORK_SELECTION_MODE [SUB0]
10-11 17:56:17.518  3389  3452 D RILJ    : [4301]< OPERATOR {CMCC, CMCC, 46000} [SUB0]
10-11 17:56:17.519   818 10354 I RILQ    : (0/818):RIL[0][cmd-21(504)] qcril_qmi_nas_reset_data_snapshot_cache_and_timer: Resetting snapshot timer
10-11 17:56:17.522  3389  3452 D RILJ    : [4302]< DATA_REGISTRATION_STATE {2, null, null, null, 0, 20, null, null, null, null, null} [SUB0]
10-11 17:56:17.523  3389  3389 D SST     : handlPollStateResultMessage: GsmSST setDataRegState=1 regState=2 dataRadioTechnology=0
10-11 17:56:17.524  3389  3452 D RILJ    : [4304]< QUERY_NETWORK_SELECTION_MODE {0} [SUB0]
10-11 17:56:17.524  3389  3389 D SST     : EVENT_POLL_STATE_NETWORK_SELECTION_MODE
10-11 17:56:17.524  3389  3452 D RILJ    : [4303]< VOICE_REGISTRATION_STATE {1, 18c2, 000051b2, 16, null, null, null, 0, null, null, null, null, null, 0, null} [SUB0]
10-11 17:56:17.530  3389  3389 D SST     : Poll ServiceState done:  oldSS=[0 1 voice home data home CMCC CMCC 46000 CMCC CMCC 46000  GSM Unknown CSS not supported -1 -1 RoamInd=-1 DefRoamInd=-1 EmergOnly=false IsDataRoamingFromRegistration=false IsUsingCarrierAggregation=false mRilImsRadioTechnology=0] newSS=[0 1 voice home data home CMCC CMCC 46000 CMCC CMCC 46000  GSM Unknown CSS not supported -1 -1 RoamInd=-1 DefRoamInd=-1 EmergOnly=false IsDataRoamingFromRegistration=false IsUsingCarrierAggregation=false mRilImsRadioTechnology=0] oldMaxDataCalls=20 mNewMaxDataCalls=20 oldReasonDataDenied=-1 mNewReasonDataDenied=-1
10-11 17:56:17.530  3389  3389 D SST     : getCellLocation(): X good mCellLoc=[6338,20914,-1]
10-11 17:56:17.531  1774  3869 D TelephonyRegistry: notifyCellLocationForSubscriber: subId=2 cellLocation=Bundle[mParcelledData.dataSize=64]
10-11 17:56:17.538  3389  3389 D PhoneFactory: getPhone:- phoneId != DEFAULT_PHONE_ID return sPhones[phoneId] phoneId=0 phone=Handler (com.qualcomm.qti.internal.telephony.QtiGsmCdmaPhone) {c01c7c0}
10-11 17:56:17.543  3389  4045 D PhoneFactory: getPhone:- phoneId != DEFAULT_PHONE_ID return sPhones[phoneId] phoneId=0 phone=Handler (com.qualcomm.qti.internal.telephony.QtiGsmCdmaPhone) {c01c7c0}
10-11 17:56:17.543  3389  4045 D SST     : getCellLocation(): X good mCellLoc=[6338,20914,-1]
10-11 17:56:17.545  3389  4312 D PhoneFactory: getPhone:- phoneId != DEFAULT_PHONE_ID return sPhones[phoneId] phoneId=0 phone=Handler (com.qualcomm.qti.internal.telephony.QtiGsmCdmaPhone) {c01c7c0}
10-11 17:56:17.553  3389  9773 D PhoneFactory: getPhone:- phoneId != DEFAULT_PHONE_ID return sPhones[phoneId] phoneId=0 phone=Handler (com.qualcomm.qti.internal.telephony.QtiGsmCdmaPhone) {c01c7c0}
10-11 17:56:17.560  3389  8835 D PhoneFactory: getPhone:- phoneId != DEFAULT_PHONE_ID return sPhones[phoneId] phoneId=0 phone=Handler (com.qualcomm.qti.internal.telephony.QtiGsmCdmaPhone) {c01c7c0}
10-11 17:56:17.565  3389  4312 D PhoneFactory: getPhone:- phoneId != DEFAULT_PHONE_ID return sPhones[phoneId] phoneId=0 phone=Handler (com.qualcomm.qti.internal.telephony.QtiGsmCdmaPhone) {c01c7c0}
10-11 17:56:17.679  3389  3389 I phone   : acceptCall: incoming...
10-11 17:56:17.679  3389  3389 D RILJ    : [4305]> SET_MUTE false [SUB0]
10-11 17:56:17.682  3389  3389 D GsmCdmaCallTracker: [GsmCdmaCallTracker] obtainCompleteMessage: pendingOperations=1, needsPoll=true
10-11 17:56:17.683  3389  3389 D RILJ    : [4306]> ANSWER [SUB0]
10-11 17:56:17.684  3389  3452 D RILJ    : [4305]< SET_MUTE  [SUB0]
10-11 17:56:17.697  3389  3452 D RILJ    : Unsol response received for UNSOL_OEM_HOOK_RAW Sending ack to ril.cpp [SUB0]
10-11 17:56:17.698  3389  3452 V RILJ    : [UNSL]< UNSOL_OEM_HOOK_RAW 514f454d484f4f4bf703080029000000767369643d3239373831363036343b63616c6c5f73746174653d323b63616c6c5f747970653d47534d [SUB0]
10-11 17:56:17.698  3389  3389 D QtiGsmCdmaPhone: handleMessage: Event: 34
10-11 17:56:17.727  3389  3389 D SubscriptionController: [getSubId]- numSubIds == 0, return DummySubIds slotIdx=1
10-11 17:56:17.886   818   990 I RILQ    : (0/818):RIL[0][event] qcril_qmi_voice_all_call_status_ind_hdlr: call state CONVERSATION for conn id 1
10-11 17:56:17.887  3389  3452 D RILJ    : [4306]< ANSWER  [SUB0]
10-11 17:56:17.892  3389  3452 D RILJ    : Unsol response received for UNSOL_RESPONSE_CALL_STATE_CHANGED Sending ack to ril.cpp [SUB0]
10-11 17:56:17.892  3389  3452 D RILJ    : [UNSL]< UNSOL_RESPONSE_CALL_STATE_CHANGED [SUB0]
10-11 17:56:17.903  3389  3389 D GsmCdmaCallTracker: [GsmCdmaCallTracker] operationComplete: pendingOperations=0, needsPoll=true
10-11 17:56:17.903  3389  3389 D RILJ    : [4309]> GET_CURRENT_CALLS [SUB0]
10-11 17:56:17.905  3389  3389 D GsmCdmaCallTracker: [GsmCdmaCallTracker] checkNoOperationsPending: pendingOperations=0
10-11 17:56:17.905  3389  3389 D RILJ    : [4310]> GET_CURRENT_CALLS [SUB0]
10-11 17:56:17.906   818   912 I RILQ    : (0/818):RIL[0][main] qcril_qmi_get_call_list_to_send: RILVI: calls rep:[qmi call id 1, android call id 1, qmi call state 3] reported/skipped 1/0 calls
10-11 17:56:17.907  3389  3452 V RILJ    : Incoming UUS : NOT present! [SUB0]
10-11 17:56:17.907  3389  3452 D RILJ    : InCall VoicePrivacy is disabled [SUB0]
10-11 17:56:17.907  3389  3452 D RILJ    : [4309]< GET_CURRENT_CALLS {[id=1,ACTIVE,toa=129,norm,mt,0,voc,noevp,,cli=1,,3] } [SUB0]
10-11 17:56:17.911  3389  3389 D CallManager:  handleMessage (EVENT_IN_CALL_VOICE_PRIVACY_OFF)
10-11 17:56:17.911  3389  3389 D GsmCdmaCallTracker: Event EVENT_POLL_CALLS_RESULT Received
10-11 17:56:17.912   818   912 I RILQ    : (0/818):RIL[0][main] qcril_qmi_get_call_list_to_send: RILVI: calls rep:[qmi call id 1, android call id 1, qmi call state 3] reported/skipped 1/0 calls
10-11 17:56:17.913  3389  3452 V RILJ    : Incoming UUS : NOT present! [SUB0]
10-11 17:56:17.913  3389  3452 D RILJ    : InCall VoicePrivacy is disabled [SUB0]
10-11 17:56:17.914  3389  3452 D RILJ    : [4310]< GET_CURRENT_CALLS {[id=1,ACTIVE,toa=129,norm,mt,0,voc,noevp,,cli=1,,3] } [SUB0]
10-11 17:56:17.914  3389  3389 D CallManager:  handleMessage (EVENT_IN_CALL_VOICE_PRIVACY_OFF)
10-11 17:56:17.914  3389  3389 D GsmCdmaCallTracker: Event EVENT_POLL_CALLS_RESULT Received
10-11 17:56:17.914  3389  3389 D GsmCdmaCallTracker: [GsmCdmaCallTracker] handle EVENT_POLL_CALL_RESULT: set needsPoll=F
10-11 17:56:17.914  3389  3389 D GsmCdmaCallTracker: [GsmCdmaCallTracker] handlePollCalls
10-11 17:56:17.914  3389  3389 D GsmCdmaCallTracker: [GsmCdmaCallTracker] poll: conn[i=0]= callId: TC@1_1 isExternal: N incoming: true state: INCOMING post dial state: NOT_STARTED, dc=id=1,ACTIVE,toa=129,norm,mt,0,voc,noevp,,cli=1,,3
10-11 17:56:17.915  3389  3389 D GsmCdmaConnection: [GsmCdmaConn] parent= INCOMING, newParent= IDLE
10-11 17:56:17.915  3389  3389 D GsmCdmaConnection: [GsmCdmaConn]  mNumberConverted false
10-11 17:56:17.915  3389  3389 D GsmCdmaConnection: [GsmCdmaConn] --dssds----null
10-11 17:56:17.915  3389  3389 D GsmCdmaConnection: [GsmCdmaConn] update: parent=ACTIVE, hasNewParent=false, wasConnectingInOrOut=true, wasHolding=false, isConnectingInOrOut=false, changed=true
10-11 17:56:17.915  3389  3389 D GsmCdmaConnection: [GsmCdmaConn] onConnectedInOrOut: connectTime=1507715777915
10-11 17:56:17.915  3389  3389 D GsmCdmaConnection: [GsmCdmaConn] releaseWakeLock
10-11 17:56:17.918  3389  3389 D GsmCdmaCallTracker: [GsmCdmaCallTracker] poll: conn[i=1]=null, dc=null
10-11 17:56:17.918  3389  3389 D GsmCdmaCallTracker: [GsmCdmaCallTracker] poll: conn[i=2]=null, dc=null
10-11 17:56:17.918  3389  3389 D GsmCdmaCallTracker: [GsmCdmaCallTracker] poll: conn[i=3]=null, dc=null
10-11 17:56:17.918  3389  3389 D GsmCdmaCallTracker: [GsmCdmaCallTracker] poll: conn[i=4]=null, dc=null
10-11 17:56:17.918  3389  3389 D GsmCdmaCallTracker: [GsmCdmaCallTracker] poll: conn[i=5]=null, dc=null
10-11 17:56:17.918  3389  3389 D GsmCdmaCallTracker: [GsmCdmaCallTracker] poll: conn[i=6]=null, dc=null
10-11 17:56:17.918  3389  3389 D GsmCdmaCallTracker: [GsmCdmaCallTracker] poll: conn[i=7]=null, dc=null
10-11 17:56:17.918  3389  3389 D GsmCdmaCallTracker: [GsmCdmaCallTracker] poll: conn[i=8]=null, dc=null
10-11 17:56:17.918  3389  3389 D GsmCdmaCallTracker: [GsmCdmaCallTracker] poll: conn[i=9]=null, dc=null
10-11 17:56:17.918  3389  3389 D GsmCdmaCallTracker: [GsmCdmaCallTracker] poll: conn[i=10]=null, dc=null
10-11 17:56:17.918  3389  3389 D GsmCdmaCallTracker: [GsmCdmaCallTracker] poll: conn[i=11]=null, dc=null
10-11 17:56:17.919  3389  3389 D GsmCdmaCallTracker: [GsmCdmaCallTracker] poll: conn[i=12]=null, dc=null
10-11 17:56:17.919  3389  3389 D GsmCdmaCallTracker: [GsmCdmaCallTracker] poll: conn[i=13]=null, dc=null
10-11 17:56:17.919  3389  3389 D GsmCdmaCallTracker: [GsmCdmaCallTracker] poll: conn[i=14]=null, dc=null
10-11 17:56:17.919  3389  3389 D GsmCdmaCallTracker: [GsmCdmaCallTracker] poll: conn[i=15]=null, dc=null
10-11 17:56:17.919  3389  3389 D GsmCdmaCallTracker: [GsmCdmaCallTracker] poll: conn[i=16]=null, dc=null
10-11 17:56:17.919  3389  3389 D GsmCdmaCallTracker: [GsmCdmaCallTracker] poll: conn[i=17]=null, dc=null
10-11 17:56:17.919  3389  3389 D GsmCdmaCallTracker: [GsmCdmaCallTracker] poll: conn[i=18]=null, dc=null
10-11 17:56:17.919  3389  3389 D GsmCdmaCallTracker: [GsmCdmaCallTracker] handlePollCalls calling updatePhoneState()
10-11 17:56:17.919  3389  3389 D GsmCdmaCallTracker: [GsmCdmaCallTracker] update phone state, old=RINGING new=OFFHOOK
10-11 17:56:17.929  3389  3389 D CallManager:  handleMessage (EVENT_PRECISE_CALL_STATE_CHANGED)
10-11 17:56:17.932  3389  3389 W PhoneNumberUtils: getCountryIso Country {ISO=CN, source=0, time=295587}
10-11 17:56:17.933  3389  3389 W PhoneNumberUtils: isLocalEmergencyNumberInternalCN
10-11 17:56:17.935  3389  3389 D PhoneNumberUtils: slotId:0 subId:2 country:CN useExactMatch:true emergencyNumbers: 112,000,08,118,122,911,999,119,120,110,*911,#911
10-11 17:56:17.985  3389  3398 D CAT     : CatService: Service finalized
10-11 17:56:17.995  3389  3389 D PhoneNumberUtils: slotId:0 subId:2 country:null useExactMatch:true emergencyNumbers: 112,000,08,118,122,911,999,119,120,110,*911,#911
10-11 17:56:18.223  3389  3452 D RILJ    : Unsol response received for UNSOL_OEM_HOOK_RAW Sending ack to ril.cpp [SUB0]
10-11 17:56:18.223  3389  3452 V RILJ    : [UNSL]< UNSOL_OEM_HOOK_RAW 514f454d484f4f4bf703080029000000767369643d3239373831363036343b63616c6c5f73746174653d323b63616c6c5f747970653d47534d [SUB0]
10-11 17:56:18.223   818   990 I RILQ    : (0/818):RIL[0][event] qcril_qmi_voice_all_call_status_ind_hdlr: RILVIMS: update 1 calls[a-c-id: 1, q-c-id 1, c-s 2 -> 3]
10-11 17:56:18.224  3389  3389 D QtiGsmCdmaPhone: handleMessage: Event: 34
10-11 17:56:18.472  3389  4239 D PhoneFactory: getPhone:- phoneId != DEFAULT_PHONE_ID return sPhones[phoneId] phoneId=0 phone=Handler (com.qualcomm.qti.internal.telephony.QtiGsmCdmaPhone) {c01c7c0}
10-11 17:56:18.475  3389  3402 D PhoneFactory: getPhone:- phoneId != DEFAULT_PHONE_ID return sPhones[phoneId] phoneId=0 phone=Handler (com.qualcomm.qti.internal.telephony.QtiGsmCdmaPhone) {c01c7c0}
10-11 17:56:18.788  3389  4045 D PhoneFactory: getPhone:- phoneId != DEFAULT_PHONE_ID return sPhones[phoneId] phoneId=0 phone=Handler (com.qualcomm.qti.internal.telephony.QtiGsmCdmaPhone) {c01c7c0}
10-11 17:56:18.792  3389  3560 D PhoneFactory: getPhone:- phoneId != DEFAULT_PHONE_ID return sPhones[phoneId] phoneId=0 phone=Handler (com.qualcomm.qti.internal.telephony.QtiGsmCdmaPhone) {c01c7c0}
10-11 17:56:18.810  3389  3474 D PhoneFactory: getPhone:- phoneId != DEFAULT_PHONE_ID return sPhones[phoneId] phoneId=0 phone=Handler (com.qualcomm.qti.internal.telephony.QtiGsmCdmaPhone) {c01c7c0}
10-11 17:56:18.834  3389  4239 D PhoneFactory: getPhone:- phoneId != DEFAULT_PHONE_ID return sPhones[phoneId] phoneId=0 phone=Handler (com.qualcomm.qti.internal.telephony.QtiGsmCdmaPhone) {c01c7c0}
10-11 17:56:18.841  3389  4239 D SubscriptionController: [getActiveSubscriptionInfo]+ subId=2 subInfo={id=2, iccId=898600120917 simSlotIndex=0 displayName=China Mobile carrierName=CMCC  China Mobile nameSource=0 iconTint=-13408298 dataRoaming=0 iconBitmap=android.graphics.Bitmap@d5b23da mcc 460 mnc 2}
10-11 17:56:18.969  3389  4045 D PhoneFactory: getPhone:- phoneId != DEFAULT_PHONE_ID return sPhones[phoneId] phoneId=0 phone=Handler (com.qualcomm.qti.internal.telephony.QtiGsmCdmaPhone) {c01c7c0}
10-11 17:56:19.003  3389  3389 D QtiGsmCdmaPhone: handleMessage: Event: 15
10-11 17:56:19.003  3389  3389 D Phone   : Event EVENT_CALL_RING_CONTINUE Received state=OFFHOOK
10-11 17:56:19.032  3389 10041 D SubscriptionController: [getSubId]- numSubIds == 0, return DummySubIds slotIdx=1
10-11 17:56:19.033  3389  9773 D SubscriptionController: [getSubId]- numSubIds == 0, return DummySubIds slotIdx=1
10-11 17:56:19.116  3389  4239 D PhoneFactory: getPhone:- phoneId != DEFAULT_PHONE_ID return sPhones[phoneId] phoneId=0 phone=Handler (com.qualcomm.qti.internal.telephony.QtiGsmCdmaPhone) {c01c7c0}
10-11 17:56:19.121  3389  3402 D PhoneFactory: getPhone:- phoneId != DEFAULT_PHONE_ID return sPhones[phoneId] phoneId=0 phone=Handler (com.qualcomm.qti.internal.telephony.QtiGsmCdmaPhone) {c01c7c0}
10-11 17:56:19.255  3389  4045 D PhoneFactory: getPhone:- phoneId != DEFAULT_PHONE_ID return sPhones[phoneId] phoneId=0 phone=Handler (com.qualcomm.qti.internal.telephony.QtiGsmCdmaPhone) {c01c7c0}
10-11 17:56:19.274  3389  4312 D PhoneFactory: getPhone:- phoneId != DEFAULT_PHONE_ID return sPhones[phoneId] phoneId=0 phone=Handler (com.qualcomm.qti.internal.telephony.QtiGsmCdmaPhone) {c01c7c0}
10-11 17:56:19.281  3389  9767 D PhoneFactory: getPhone:- phoneId != DEFAULT_PHONE_ID return sPhones[phoneId] phoneId=0 phone=Handler (com.qualcomm.qti.internal.telephony.QtiGsmCdmaPhone) {c01c7c0}
10-11 17:56:19.288  3389  3474 D PhoneFactory: getPhone:- phoneId != DEFAULT_PHONE_ID return sPhones[phoneId] phoneId=0 phone=Handler (com.qualcomm.qti.internal.telephony.QtiGsmCdmaPhone) {c01c7c0}
10-11 17:56:19.645  3389  4239 D PhoneFactory: getPhone:- phoneId != DEFAULT_PHONE_ID return sPhones[phoneId] phoneId=0 phone=Handler (com.qualcomm.qti.internal.telephony.QtiGsmCdmaPhone) {c01c7c0}
10-11 17:56:19.648  3389  3402 D PhoneFactory: getPhone:- phoneId != DEFAULT_PHONE_ID return sPhones[phoneId] phoneId=0 phone=Handler (com.qualcomm.qti.internal.telephony.QtiGsmCdmaPhone) {c01c7c0}
10-11 17:56:19.664  3389  4312 D PhoneFactory: getPhone:- phoneId != DEFAULT_PHONE_ID return sPhones[phoneId] phoneId=0 phone=Handler (com.qualcomm.qti.internal.telephony.QtiGsmCdmaPhone) {c01c7c0}
10-11 17:56:19.684  3389  3474 D PhoneFactory: getPhone:- phoneId != DEFAULT_PHONE_ID return sPhones[phoneId] phoneId=0 phone=Handler (com.qualcomm.qti.internal.telephony.QtiGsmCdmaPhone) {c01c7c0}
10-11 17:56:19.691  3389  3474 D SubscriptionController: [getActiveSubscriptionInfo]+ subId=2 subInfo={id=2, iccId=898600120917 simSlotIndex=0 displayName=China Mobile carrierName=CMCC  China Mobile nameSource=0 iconTint=-13408298 dataRoaming=0 iconBitmap=android.graphics.Bitmap@83a9901 mcc 460 mnc 2}
10-11 17:56:19.871  3389 10041 D PhoneFactory: getPhone:- phoneId != DEFAULT_PHONE_ID return sPhones[phoneId] phoneId=0 phone=Handler (com.qualcomm.qti.internal.telephony.QtiGsmCdmaPhone) {c01c7c0}
10-11 17:56:19.873  3389  9773 D PhoneFactory: getPhone:- phoneId != DEFAULT_PHONE_ID return sPhones[phoneId] phoneId=0 phone=Handler (com.qualcomm.qti.internal.telephony.QtiGsmCdmaPhone) {c01c7c0}
10-11 17:56:20.004  3389  3402 D PhoneFactory: getPhone:- phoneId != DEFAULT_PHONE_ID return sPhones[phoneId] phoneId=0 phone=Handler (com.qualcomm.qti.internal.telephony.QtiGsmCdmaPhone) {c01c7c0}
10-11 17:56:20.008  3389  8835 D PhoneFactory: getPhone:- phoneId != DEFAULT_PHONE_ID return sPhones[phoneId] phoneId=0 phone=Handler (com.qualcomm.qti.internal.telephony.QtiGsmCdmaPhone) {c01c7c0}
10-11 17:56:20.022  3389  9767 D PhoneFactory: getPhone:- phoneId != DEFAULT_PHONE_ID return sPhones[phoneId] phoneId=0 phone=Handler (com.qualcomm.qti.internal.telephony.QtiGsmCdmaPhone) {c01c7c0}
10-11 17:56:20.165  3389 10041 D PhoneFactory: getPhone:- phoneId != DEFAULT_PHONE_ID return sPhones[phoneId] phoneId=0 phone=Handler (com.qualcomm.qti.internal.telephony.QtiGsmCdmaPhone) {c01c7c0}
10-11 17:56:20.169  3389  9773 D PhoneFactory: getPhone:- phoneId != DEFAULT_PHONE_ID return sPhones[phoneId] phoneId=0 phone=Handler (com.qualcomm.qti.internal.telephony.QtiGsmCdmaPhone) {c01c7c0}
10-11 17:56:20.326  3389  3402 D PhoneFactory: getPhone:- phoneId != DEFAULT_PHONE_ID return sPhones[phoneId] phoneId=0 phone=Handler (com.qualcomm.qti.internal.telephony.QtiGsmCdmaPhone) {c01c7c0}
10-11 17:56:20.332  3389  8835 D PhoneFactory: getPhone:- phoneId != DEFAULT_PHONE_ID return sPhones[phoneId] phoneId=0 phone=Handler (com.qualcomm.qti.internal.telephony.QtiGsmCdmaPhone) {c01c7c0}
10-11 17:56:20.352  3389  4312 D PhoneFactory: getPhone:- phoneId != DEFAULT_PHONE_ID return sPhones[phoneId] phoneId=0 phone=Handler (com.qualcomm.qti.internal.telephony.QtiGsmCdmaPhone) {c01c7c0}
10-11 17:56:20.825  3389  3402 D PhoneFactory: getPhone:- phoneId != DEFAULT_PHONE_ID return sPhones[phoneId] phoneId=0 phone=Handler (com.qualcomm.qti.internal.telephony.QtiGsmCdmaPhone) {c01c7c0}
10-11 17:56:20.831  3389  3560 D PhoneFactory: getPhone:- phoneId != DEFAULT_PHONE_ID return sPhones[phoneId] phoneId=0 phone=Handler (com.qualcomm.qti.internal.telephony.QtiGsmCdmaPhone) {c01c7c0}
10-11 17:56:20.863  3389  3401 D PhoneFactory: getPhone:- phoneId != DEFAULT_PHONE_ID return sPhones[phoneId] phoneId=0 phone=Handler (com.qualcomm.qti.internal.telephony.QtiGsmCdmaPhone) {c01c7c0}
10-11 17:56:20.863  3389  3401 D SST     : getCellLocation(): X good mCellLoc=[6338,20914,-1]
10-11 17:56:20.867  3389  3474 D PhoneFactory: getPhone:- phoneId != DEFAULT_PHONE_ID return sPhones[phoneId] phoneId=0 phone=Handler (com.qualcomm.qti.internal.telephony.QtiGsmCdmaPhone) {c01c7c0}
10-11 17:56:20.875  3389 10041 D SST     : SST.getAllCellInfo(): E
10-11 17:56:20.876  3389 10041 D SST     : isCallerOnDifferentThread: true
10-11 17:56:20.876  3389 10041 D RILJ    : [4312]> RIL_REQUEST_GET_CELL_INFO_LIST [SUB0]
10-11 17:56:20.884  3389  3452 D RILJ    : [4312]< RIL_REQUEST_GET_CELL_INFO_LIST [CellInfoGsm:{mRegistered=YES mTimeStampType=oem_ril mTimeStamp=308373462692ns CellIdentityGsm:{ mMcc=460 mMnc=0 mLac=6338 mCid=20914 mArfcn=571 mBsic=0x2} CellSignalStrengthGsm: ss=14 ber=99 mTa=2}, CellInfoGsm:{mRegistered=NO mTimeStampType=oem_ril mTimeStamp=308373462692ns CellIdentityGsm:{ mMcc=2147483647 mMnc=2147483647 mLac=2147483647 mCid=2147483647 mArfcn=11 mBsic=0x10} CellSignalStrengthGsm: ss=15 ber=99 mTa=2147483647}, CellInfoGsm:{mRegistered=NO mTimeStampType=oem_ril mTimeStamp=308373462692ns CellIdentityGsm:{ mMcc=2147483647 mMnc=2147483647 mLac=2147483647 mCid=2147483647 mArfcn=3 mBsic=0x28} CellSignalStrengthGsm: ss=11 ber=99 mTa=2147483647}, CellInfoGsm:{mRegistered=NO mTimeStampType=oem_ril mTimeStamp=308373462692ns CellIdentityGsm:{ mMcc=2147483647 mMnc=2147483647 mLac=2147483647 mCid=2147483647 mArfcn=569 mBsic=0x13} CellSignalStrengthGsm: ss=19 ber=99 mTa=2147483647}, CellInfoGsm:{mRegistered=NO mTimeStampType=oem_ril mTimeStamp=308373462692ns CellIdentityGsm:{ mMcc=2147483647 mMnc=2147483647 mLac=2147483647 mCid=2147483647 mArfcn=575 mBsic=0x15} CellSignalStrengthGsm: ss=16 ber=99 mTa=2147483647}, CellInfoGsm:{mRegistered=NO mTimeStampType=oem_ril mTimeStamp=308373462692ns CellIdentityGsm:{ mMcc=2147483647 mMnc=2147483647 mLac=2147483647 mCid=2147483647 mArfcn=583 mBsic=0x2d} CellSignalStrengthGsm: ss=11 ber=99 mTa=2147483647}] [SUB0]
10-11 17:56:20.885  3389  3389 D SST     : EVENT_GET_CELL_INFO_LIST: size=6 list=[CellInfoGsm:{mRegistered=YES mTimeStampType=oem_ril mTimeStamp=308373462692ns CellIdentityGsm:{ mMcc=460 mMnc=0 mLac=6338 mCid=20914 mArfcn=571 mBsic=0x2} CellSignalStrengthGsm: ss=14 ber=99 mTa=2}, CellInfoGsm:{mRegistered=NO mTimeStampType=oem_ril mTimeStamp=308373462692ns CellIdentityGsm:{ mMcc=2147483647 mMnc=2147483647 mLac=2147483647 mCid=2147483647 mArfcn=11 mBsic=0x10} CellSignalStrengthGsm: ss=15 ber=99 mTa=2147483647}, CellInfoGsm:{mRegistered=NO mTimeStampType=oem_ril mTimeStamp=308373462692ns CellIdentityGsm:{ mMcc=2147483647 mMnc=2147483647 mLac=2147483647 mCid=2147483647 mArfcn=3 mBsic=0x28} CellSignalStrengthGsm: ss=11 ber=99 mTa=2147483647}, CellInfoGsm:{mRegistered=NO mTimeStampType=oem_ril mTimeStamp=308373462692ns CellIdentityGsm:{ mMcc=2147483647 mMnc=2147483647 mLac=2147483647 mCid=2147483647 mArfcn=569 mBsic=0x13} CellSignalStrengthGsm: ss=19 ber=99 mTa=2147483647}, CellInfoGsm:{mRegistered=NO mTimeStampType=oem_ril mTimeStamp=308373462692ns CellIdentityGsm:{ mMcc=2147483647 mMnc=2147483647 mLac=2147483647 mCid=2147483647 mArfcn=575 mBsic=0x15} CellSignalStrengthGsm: ss=16 ber=99 mTa=2147483647}, CellInfoGsm:{mRegistered=NO mTimeStampType=oem_ril mTimeStamp=308373462692ns CellIdentityGsm:{ mMcc=2147483647 mMnc=2147483647 mLac=2147483647 mCid=2147483647 mArfcn=583 mBsic=0x2d} CellSignalStrengthGsm: ss=11 ber=99 mTa=2147483647}]
10-11 17:56:20.887  3389 10041 D SST     : SST.getAllCellInfo(): X size=6 list=[CellInfoGsm:{mRegistered=YES mTimeStampType=oem_ril mTimeStamp=308373462692ns CellIdentityGsm:{ mMcc=460 mMnc=0 mLac=6338 mCid=20914 mArfcn=571 mBsic=0x2} CellSignalStrengthGsm: ss=14 ber=99 mTa=2}, CellInfoGsm:{mRegistered=NO mTimeStampType=oem_ril mTimeStamp=308373462692ns CellIdentityGsm:{ mMcc=2147483647 mMnc=2147483647 mLac=2147483647 mCid=2147483647 mArfcn=11 mBsic=0x10} CellSignalStrengthGsm: ss=15 ber=99 mTa=2147483647}, CellInfoGsm:{mRegistered=NO mTimeStampType=oem_ril mTimeStamp=308373462692ns CellIdentityGsm:{ mMcc=2147483647 mMnc=2147483647 mLac=2147483647 mCid=2147483647 mArfcn=3 mBsic=0x28} CellSignalStrengthGsm: ss=11 ber=99 mTa=2147483647}, CellInfoGsm:{mRegistered=NO mTimeStampType=oem_ril mTimeStamp=308373462692ns CellIdentityGsm:{ mMcc=2147483647 mMnc=2147483647 mLac=2147483647 mCid=2147483647 mArfcn=569 mBsic=0x13} CellSignalStrengthGsm: ss=19 ber=99 mTa=2147483647}, CellInfoGsm:{mRegistered=NO mTimeStampType=oem_ril mTimeStamp=308373462692ns CellIdentityGsm:{ mMcc=2147483647 mMnc=2147483647 mLac=2147483647 mCid=2147483647 mArfcn=575 mBsic=0x15} CellSignalStrengthGsm: ss=16 ber=99 mTa=2147483647}, CellInfoGsm:{mRegistered=NO mTimeStampType=oem_ril mTimeStamp=308373462692ns CellIdentityGsm:{ mMcc=2147483647 mMnc=2147483647 mLac=2147483647 mCid=2147483647 mArfcn=583 mBsic=0x2d} CellSignalStrengthGsm: ss=11 ber=99 mTa=2147483647}]
10-11 17:56:20.887  3389 10041 D SST     : SST.getAllCellInfo(): E
10-11 17:56:20.887  3389 10041 D SST     : isCallerOnDifferentThread: true
10-11 17:56:20.887  3389 10041 D SST     : SST.getAllCellInfo(): return last, back to back calls
10-11 17:56:20.889  3389 10041 D SST     : SST.getAllCellInfo(): X size=6 list=[CellInfoGsm:{mRegistered=YES mTimeStampType=oem_ril mTimeStamp=308373462692ns CellIdentityGsm:{ mMcc=460 mMnc=0 mLac=6338 mCid=20914 mArfcn=571 mBsic=0x2} CellSignalStrengthGsm: ss=14 ber=99 mTa=2}, CellInfoGsm:{mRegistered=NO mTimeStampType=oem_ril mTimeStamp=308373462692ns CellIdentityGsm:{ mMcc=2147483647 mMnc=2147483647 mLac=2147483647 mCid=2147483647 mArfcn=11 mBsic=0x10} CellSignalStrengthGsm: ss=15 ber=99 mTa=2147483647}, CellInfoGsm:{mRegistered=NO mTimeStampType=oem_ril mTimeStamp=308373462692ns CellIdentityGsm:{ mMcc=2147483647 mMnc=2147483647 mLac=2147483647 mCid=2147483647 mArfcn=3 mBsic=0x28} CellSignalStrengthGsm: ss=11 ber=99 mTa=2147483647}, CellInfoGsm:{mRegistered=NO mTimeStampType=oem_ril mTimeStamp=308373462692ns CellIdentityGsm:{ mMcc=2147483647 mMnc=2147483647 mLac=2147483647 mCid=2147483647 mArfcn=569 mBsic=0x13} CellSignalStrengthGsm: ss=19 ber=99 mTa=2147483647}, CellInfoGsm:{mRegistered=NO mTimeStampType=oem_ril mTimeStamp=308373462692ns CellIdentityGsm:{ mMcc=2147483647 mMnc=2147483647 mLac=2147483647 mCid=2147483647 mArfcn=575 mBsic=0x15} CellSignalStrengthGsm: ss=16 ber=99 mTa=2147483647}, CellInfoGsm:{mRegistered=NO mTimeStampType=oem_ril mTimeStamp=308373462692ns CellIdentityGsm:{ mMcc=2147483647 mMnc=2147483647 mLac=2147483647 mCid=2147483647 mArfcn=583 mBsic=0x2d} CellSignalStrengthGsm: ss=11 ber=99 mTa=2147483647}]
10-11 17:56:20.890  3389 10041 D SST     : SST.getAllCellInfo(): E
10-11 17:56:20.890  3389 10041 D SST     : isCallerOnDifferentThread: true
10-11 17:56:20.890  3389 10041 D RILJ    : [4313]> RIL_REQUEST_GET_CELL_INFO_LIST [SUB1]
10-11 17:56:20.897  3389  3456 D RilRequest: [4313]< RIL_REQUEST_GET_CELL_INFO_LIST error: com.android.internal.telephony.CommandException: SYSTEM_ERR ret=
10-11 17:56:20.897  3389  3389 D SST     : EVENT_GET_CELL_INFO_LIST: error ret null, e=com.android.internal.telephony.CommandException: SYSTEM_ERR
10-11 17:56:20.898  3389 10041 D SST     : SST.getAllCellInfo(): X size=0 list=null
10-11 17:56:22.548   818   990 I RILQ    : (0/818):RIL[0][event] qcril_qmi_nas_reset_data_snapshot_cache_and_timer: Resetting snapshot timer
10-11 17:56:22.560  3389  3452 D RILJ    : Unsol response received for UNSOL_RESPONSE_VOICE_NETWORK_STATE_CHANGED Sending ack to ril.cpp [SUB0]
10-11 17:56:22.561  3389  3452 D RILJ    : [UNSL]< UNSOL_RESPONSE_VOICE_NETWORK_STATE_CHANGED [SUB0]
10-11 17:56:22.561  3389  3389 D RILJ    : [4315]> OPERATOR [SUB0]
10-11 17:56:22.566  3389  3389 D RILJ    : [4316]> DATA_REGISTRATION_STATE [SUB0]
10-11 17:56:22.569  3389  3389 D RILJ    : [4317]> VOICE_REGISTRATION_STATE [SUB0]
10-11 17:56:22.572  3389  3389 D RILJ    : [4318]> QUERY_NETWORK_SELECTION_MODE [SUB0]
10-11 17:56:22.580  3389  3452 D RILJ    : [4315]< OPERATOR {CMCC, CMCC, 46000} [SUB0]
10-11 17:56:22.580   818 10381 I RILQ    : (0/818):RIL[0][cmd-21(504)] qcril_qmi_nas_reset_data_snapshot_cache_and_timer: Resetting snapshot timer
10-11 17:56:22.584  3389  3452 D RILJ    : [4317]< VOICE_REGISTRATION_STATE {1, 18c2, 0000f4a3, 16, null, null, null, 0, null, null, null, null, null, 0, null} [SUB0]
10-11 17:56:22.585  3389  3452 D RILJ    : [4318]< QUERY_NETWORK_SELECTION_MODE {0} [SUB0]
10-11 17:56:22.585  3389  3389 D SST     : EVENT_POLL_STATE_NETWORK_SELECTION_MODE
10-11 17:56:22.587  3389  3452 D RILJ    : [4316]< DATA_REGISTRATION_STATE {2, null, null, null, 0, 20, null, null, null, null, null} [SUB0]
10-11 17:56:22.588  3389  3389 D SST     : handlPollStateResultMessage: GsmSST setDataRegState=1 regState=2 dataRadioTechnology=0
