10-11 17:55:42.592   818   990 I RILQ    : (0/818):RIL[0][event] qcril_arb_set_dsd_sys_status: preferred dsd_sys_status nw=0x0, rat_value=0x3, so_mask=0x0000000000002000
10-11 17:55:44.113  3389  3402 D PhoneFactory: getPhone:- phoneId != DEFAULT_PHONE_ID return sPhones[phoneId] phoneId=0 phone=Handler (com.qualcomm.qti.internal.telephony.QtiGsmCdmaPhone) {c01c7c0}
10-11 17:55:44.119  3389  4239 D PhoneFactory: getPhone:- phoneId != DEFAULT_PHONE_ID return sPhones[phoneId] phoneId=0 phone=Handler (com.qualcomm.qti.internal.telephony.QtiGsmCdmaPhone) {c01c7c0}
10-11 17:55:46.685  3389  4312 D PhoneFactory: getPhone:- phoneId != DEFAULT_PHONE_ID return sPhones[phoneId] phoneId=0 phone=Handler (com.qualcomm.qti.internal.telephony.QtiGsmCdmaPhone) {c01c7c0}
10-11 17:55:46.693  3389 10041 D PhoneFactory: getPhone:- phoneId != DEFAULT_PHONE_ID return sPhones[phoneId] phoneId=0 phone=Handler (com.qualcomm.qti.internal.telephony.QtiGsmCdmaPhone) {c01c7c0}
10-11 17:55:48.514  3389  9773 D PhoneFactory: getPhone:- phoneId != DEFAULT_PHONE_ID return sPhones[phoneId] phoneId=0 phone=Handler (com.qualcomm.qti.internal.telephony.QtiGsmCdmaPhone) {c01c7c0}
10-11 17:55:48.514  3389  9773 D QtiGsmDCT: [0]setPolicyDataEnabled: true
10-11 17:55:48.515  3389  3389 D QtiGsmDCT: [0]QtiDcTracker handleMessage msg={ when=-1ms what=270368 arg1=1 target=com.qualcomm.qti.internal.telephony.dataconnection.QtiDcTracker }
10-11 17:55:48.515  3389  3389 D CdmaSSM : subscriptionSource from settings: 0
10-11 17:55:51.581  3389  3389 D PhoneFactory: getPhone:- phoneId != DEFAULT_PHONE_ID return sPhones[phoneId] phoneId=0 phone=Handler (com.qualcomm.qti.internal.telephony.QtiGsmCdmaPhone) {c01c7c0}
10-11 17:55:51.590  3389  3389 D SubscriptionController: [getActiveSubscriptionInfoForSimSlotIndex]+ slotIdx=0 subId={id=2, iccId=898600120917 simSlotIndex=0 displayName=China Mobile carrierName=CMCC  China Mobile nameSource=0 iconTint=-13408298 dataRoaming=0 iconBitmap=android.graphics.Bitmap@fcf70d4 mcc 460 mnc 2}
10-11 17:55:51.797  3389 10041 D PhoneFactory: getPhone:- phoneId != DEFAULT_PHONE_ID return sPhones[phoneId] phoneId=0 phone=Handler (com.qualcomm.qti.internal.telephony.QtiGsmCdmaPhone) {c01c7c0}
10-11 17:55:51.803  3389  3401 D PhoneFactory: getPhone:- phoneId != DEFAULT_PHONE_ID return sPhones[phoneId] phoneId=0 phone=Handler (com.qualcomm.qti.internal.telephony.QtiGsmCdmaPhone) {c01c7c0}
10-11 17:55:53.164  3389  9767 D PhoneFactory: getPhone:- phoneId != DEFAULT_PHONE_ID return sPhones[phoneId] phoneId=0 phone=Handler (com.qualcomm.qti.internal.telephony.QtiGsmCdmaPhone) {c01c7c0}
10-11 17:55:53.164  3389  9767 D QtiGsmDCT: [0]setPolicyDataEnabled: true
10-11 17:55:53.165  3389  3389 D QtiGsmDCT: [0]QtiDcTracker handleMessage msg={ when=-1ms what=270368 arg1=1 target=com.qualcomm.qti.internal.telephony.dataconnection.QtiDcTracker }
10-11 17:55:53.165  3389  3389 D CdmaSSM : subscriptionSource from settings: 0
10-11 17:55:54.349  3389  9773 D PhoneFactory: getPhone:- phoneId != DEFAULT_PHONE_ID return sPhones[phoneId] phoneId=0 phone=Handler (com.qualcomm.qti.internal.telephony.QtiGsmCdmaPhone) {c01c7c0}
10-11 17:55:54.356  3389  9767 D PhoneFactory: getPhone:- phoneId != DEFAULT_PHONE_ID return sPhones[phoneId] phoneId=0 phone=Handler (com.qualcomm.qti.internal.telephony.QtiGsmCdmaPhone) {c01c7c0}
10-11 17:55:56.385  3389  9773 D PhoneFactory: getPhone:- phoneId != DEFAULT_PHONE_ID return sPhones[phoneId] phoneId=0 phone=Handler (com.qualcomm.qti.internal.telephony.QtiGsmCdmaPhone) {c01c7c0}
10-11 17:55:56.385  3389  9773 D QtiGsmDCT: [0]setPolicyDataEnabled: true
10-11 17:55:56.385  3389  3389 D QtiGsmDCT: [0]QtiDcTracker handleMessage msg={ when=0 what=270368 arg1=1 target=com.qualcomm.qti.internal.telephony.dataconnection.QtiDcTracker }
10-11 17:55:56.386  3389  3389 D CdmaSSM : subscriptionSource from settings: 0
10-11 17:55:58.548  3389  3474 D PhoneFactory: getPhone:- phoneId != DEFAULT_PHONE_ID return sPhones[phoneId] phoneId=0 phone=Handler (com.qualcomm.qti.internal.telephony.QtiGsmCdmaPhone) {c01c7c0}
10-11 17:55:58.548  3389  3474 D QtiGsmDCT: [0]setPolicyDataEnabled: true
10-11 17:55:58.549  3389  3389 D QtiGsmDCT: [0]QtiDcTracker handleMessage msg={ when=0 what=270368 arg1=1 target=com.qualcomm.qti.internal.telephony.dataconnection.QtiDcTracker }
10-11 17:55:58.549  3389  3389 D CdmaSSM : subscriptionSource from settings: 0
10-11 17:55:59.462  3389  8835 D PhoneFactory: getPhone:- phoneId != DEFAULT_PHONE_ID return sPhones[phoneId] phoneId=0 phone=Handler (com.qualcomm.qti.internal.telephony.QtiGsmCdmaPhone) {c01c7c0}
10-11 17:55:59.469  3389  3474 D PhoneFactory: getPhone:- phoneId != DEFAULT_PHONE_ID return sPhones[phoneId] phoneId=0 phone=Handler (com.qualcomm.qti.internal.telephony.QtiGsmCdmaPhone) {c01c7c0}
10-11 17:56:00.615  3389  3402 D PhoneFactory: getPhone:- phoneId != DEFAULT_PHONE_ID return sPhones[phoneId] phoneId=0 phone=Handler (com.qualcomm.qti.internal.telephony.QtiGsmCdmaPhone) {c01c7c0}
10-11 17:56:00.615  3389  3402 D QtiGsmDCT: [0]setPolicyDataEnabled: true
10-11 17:56:00.616  3389  3389 D QtiGsmDCT: [0]QtiDcTracker handleMessage msg={ when=0 what=270368 arg1=1 target=com.qualcomm.qti.internal.telephony.dataconnection.QtiDcTracker }
10-11 17:56:00.616  3389  3389 D CdmaSSM : subscriptionSource from settings: 0
10-11 17:56:02.028  3389  3560 D PhoneFactory: getPhone:- phoneId != DEFAULT_PHONE_ID return sPhones[phoneId] phoneId=0 phone=Handler (com.qualcomm.qti.internal.telephony.QtiGsmCdmaPhone) {c01c7c0}
10-11 17:56:02.038  3389  3402 D PhoneFactory: getPhone:- phoneId != DEFAULT_PHONE_ID return sPhones[phoneId] phoneId=0 phone=Handler (com.qualcomm.qti.internal.telephony.QtiGsmCdmaPhone) {c01c7c0}
10-11 17:56:02.640  3389  8835 D PhoneFactory: getPhone:- phoneId != DEFAULT_PHONE_ID return sPhones[phoneId] phoneId=0 phone=Handler (com.qualcomm.qti.internal.telephony.QtiGsmCdmaPhone) {c01c7c0}
10-11 17:56:02.640  3389  8835 D QtiGsmDCT: [0]setPolicyDataEnabled: true
10-11 17:56:02.641  3389  3389 D QtiGsmDCT: [0]QtiDcTracker handleMessage msg={ when=0 what=270368 arg1=1 target=com.qualcomm.qti.internal.telephony.dataconnection.QtiDcTracker }
10-11 17:56:02.641  3389  3389 D CdmaSSM : subscriptionSource from settings: 0
10-11 17:56:04.035  3389  4045 D PhoneFactory: getPhone:- phoneId != DEFAULT_PHONE_ID return sPhones[phoneId] phoneId=0 phone=Handler (com.qualcomm.qti.internal.telephony.QtiGsmCdmaPhone) {c01c7c0}
10-11 17:56:04.040  3389  8835 D PhoneFactory: getPhone:- phoneId != DEFAULT_PHONE_ID return sPhones[phoneId] phoneId=0 phone=Handler (com.qualcomm.qti.internal.telephony.QtiGsmCdmaPhone) {c01c7c0}
10-11 17:56:05.629  3389  3560 D PhoneFactory: getPhone:- phoneId != DEFAULT_PHONE_ID return sPhones[phoneId] phoneId=0 phone=Handler (com.qualcomm.qti.internal.telephony.QtiGsmCdmaPhone) {c01c7c0}
10-11 17:56:05.629  3389  3560 D QtiGsmDCT: [0]setPolicyDataEnabled: true
10-11 17:56:05.630  3389  3389 D QtiGsmDCT: [0]QtiDcTracker handleMessage msg={ when=0 what=270368 arg1=1 target=com.qualcomm.qti.internal.telephony.dataconnection.QtiDcTracker }
10-11 17:56:05.630  3389  3389 D CdmaSSM : subscriptionSource from settings: 0
10-11 17:56:06.726  3389  3401 D PhoneFactory: getPhone:- phoneId != DEFAULT_PHONE_ID return sPhones[phoneId] phoneId=0 phone=Handler (com.qualcomm.qti.internal.telephony.QtiGsmCdmaPhone) {c01c7c0}
10-11 17:56:06.731  3389  3560 D PhoneFactory: getPhone:- phoneId != DEFAULT_PHONE_ID return sPhones[phoneId] phoneId=0 phone=Handler (com.qualcomm.qti.internal.telephony.QtiGsmCdmaPhone) {c01c7c0}
10-11 17:56:06.740  3389  3452 D RILJ    : Unsol response received for UNSOL_RESPONSE_VOICE_NETWORK_STATE_CHANGED Sending ack to ril.cpp [SUB0]
10-11 17:56:06.740  3389  3452 D RILJ    : [UNSL]< UNSOL_RESPONSE_VOICE_NETWORK_STATE_CHANGED [SUB0]
10-11 17:56:06.741  3389  3389 D RILJ    : [4275]> OPERATOR [SUB0]
10-11 17:56:06.744   937  1029 I RILQ    : (1/937):RIL[1][event] qcril_qmi_imsa_service_status_ind_hdlr: VOIP: service_status(not valid): 0, rat(not valid): 0
10-11 17:56:06.744   937  1029 I RILQ    : (1/937):RIL[1][event] qcril_qmi_imsa_service_status_ind_hdlr: VT: service_status(not valid): 0, rat(not valid): 0
10-11 17:56:06.744   937  1029 I RILQ    : (1/937):RIL[1][event] qcril_qmi_imsa_service_status_ind_hdlr: UT: service_status(valid): 0, rat(not valid): 0
10-11 17:56:06.744  3389  3389 D RILJ    : [4277]> DATA_REGISTRATION_STATE [SUB0]
10-11 17:56:06.745  3389  3452 D RILJ    : Unsol response received for UNSOL_VOICE_RADIO_TECH_CHANGED Sending ack to ril.cpp [SUB0]
10-11 17:56:06.745  3389  3452 D RILJ    : [UNSL]< UNSOL_VOICE_RADIO_TECH_CHANGED {1} [SUB0]
10-11 17:56:06.746  3389  3389 D RILJ    : [4278]> VOICE_REGISTRATION_STATE [SUB0]
10-11 17:56:06.748  3389  3389 D RILJ    : [4279]> QUERY_NETWORK_SELECTION_MODE [SUB0]
10-11 17:56:06.753  3389  3389 D QtiGsmCdmaPhone: handleMessage: Event: 39
10-11 17:56:06.753  3389  3389 D GsmCdmaPhone: [GsmCdmaPhone] EVENT_VOICE_RADIO_TECH_CHANGED: newVoiceTech=1
10-11 17:56:06.753  3389  3389 D GsmCdmaPhone: [GsmCdmaPhone] phoneObjectUpdater: newVoiceRadioTech=1
10-11 17:56:06.753  3389  3389 D GsmCdmaPhone: [GsmCdmaPhone] phoneObjectUpdater: No change ignore, newVoiceRadioTech=1 mActivePhone=GSM
10-11 17:56:06.754  3389  3452 D RILJ    : [4275]< OPERATOR {CMCC, CMCC, 46000} [SUB0]
10-11 17:56:06.758  3389  3452 D RILJ    : [4278]< VOICE_REGISTRATION_STATE {1, 18c2, 000051b1, 16, null, null, null, 0, null, null, null, null, null, 0, null} [SUB0]
10-11 17:56:06.762  3389  8835 D PhoneFactory: getPhone:- phoneId != DEFAULT_PHONE_ID return sPhones[phoneId] phoneId=0 phone=Handler (com.qualcomm.qti.internal.telephony.QtiGsmCdmaPhone) {c01c7c0}
10-11 17:56:06.765  3389  3452 D RILJ    : [4277]< DATA_REGISTRATION_STATE {1, null, null, 14, null, 20, null, null, null, null, null} [SUB0]
10-11 17:56:06.766  3389  3474 D PhoneFactory: getPhone:- phoneId != DEFAULT_PHONE_ID return sPhones[phoneId] phoneId=0 phone=Handler (com.qualcomm.qti.internal.telephony.QtiGsmCdmaPhone) {c01c7c0}
10-11 17:56:06.766  3389  3389 D SST     : handlPollStateResultMessage: GsmSST setDataRegState=0 regState=1 dataRadioTechnology=14
10-11 17:56:06.767  3389  3452 D RILJ    : [4279]< QUERY_NETWORK_SELECTION_MODE {0} [SUB0]
10-11 17:56:06.767  3389  3389 D SST     : EVENT_POLL_STATE_NETWORK_SELECTION_MODE
10-11 17:56:06.771  3389  3389 D SST     : Poll ServiceState done:  oldSS=[0 0 voice home data home CMCC CMCC 46000 CMCC CMCC 46000  LTE LTE CSS not supported -1 -1 RoamInd=-1 DefRoamInd=-1 EmergOnly=false IsDataRoamingFromRegistration=false IsUsingCarrierAggregation=false mRilImsRadioTechnology=0] newSS=[0 0 voice home data home CMCC CMCC 46000 CMCC CMCC 46000  GSM LTE CSS not supported -1 -1 RoamInd=-1 DefRoamInd=-1 EmergOnly=false IsDataRoamingFromRegistration=false IsUsingCarrierAggregation=false mRilImsRadioTechnology=0] oldMaxDataCalls=20 mNewMaxDataCalls=20 oldReasonDataDenied=-1 mNewReasonDataDenied=-1
10-11 17:56:06.771  3389  3389 D SST     : RAT switched LTE -> GSM at cell 20913
10-11 17:56:06.772   818   990 I RILQ    : (0/818):RIL[0][event] qcril_qmi_nas_evaluate_custom_emergency_numbers_for_card: cur_status 7424, card_state 3
10-11 17:56:06.772   818   990 I RILQ    : (0/818):RIL[0][event] qcril_qmi_nas_evaluate_custom_emergency_numbers_for_card: card_mcc 460, card_mnc 02
10-11 17:56:06.775   818   990 I RILQ    : (0/818):RIL[0][event] qcril_qmi_nas_add_emergency_numbers: matched with source mcc table using IMSI MCC
10-11 17:56:06.775  3389  3389 D SIMRecords: [SIMRecords] getServiceProviderName: no brandOverride, providerName=China Mobile
10-11 17:56:06.775  3389  3389 D SIMRecords: [SIMRecords] getServiceProviderName: no brandOverride, providerName=China Mobile
10-11 17:56:06.776   818   990 I RILQ    : (0/818):RIL[0][event] qcril_qmi_nas_add_emergency_numbers: matched with source voice table using IMSI MCC
10-11 17:56:06.776  3389  3389 D TelephonyManager: setTelephonyProperty: success phoneId=0 property=gsm.operator.alpha value: CMCC propVal=CMCC
10-11 17:56:06.777   818   990 I RILQ    : (0/818):RIL[0][event] qcril_qmi_nas_add_emergency_numbers: Update ril ecclist
10-11 17:56:06.777   818   990 E RILQ    : (0/818): RIL[0][event] get_ecc_property_name: ecc list name : ril.ecclist.
10-11 17:56:06.777  3389  3389 D TelephonyManager: setTelephonyProperty: success phoneId=0 property=gsm.operator.numeric value: 46000 propVal=46000
10-11 17:56:06.778   818   990 E RILQ    : (0/818): RIL[0][event] get_ecc_property_name: ecc list name : ril.ecclist.
10-11 17:56:06.780  3389  3389 D TelephonyManager: setTelephonyProperty: success phoneId=0 property=gsm.operator.iso-country value: cn propVal=cn
10-11 17:56:06.782  3389  3389 D SST     : pollStateDone: there are 2 unique offsets for iso-cc='cn testOneUniqueOffsetPath=false', do nothing
10-11 17:56:06.783  3389  3389 D SST     : shouldFixTimeZoneNow: retVal=false iccCardExist=true operatorNumeric=46000 mcc=460 prevOperatorNumeric=46000 prevMcc=460 needToFixTimeZone=false ltod=10-11 17:56:06.782
10-11 17:56:06.783  3389  3389 D TelephonyManager: setTelephonyProperty: success phoneId=0 property=gsm.operator.isroaming value: false propVal=false,false
10-11 17:56:06.783   818   990 I RILQ    : (0/818):RIL[0][event] qcril_arb_set_dsd_sys_status: old_pref_data -1374970264 - new_data_pref -1374970320
10-11 17:56:06.783   818   990 I RILQ    : (0/818):RIL[0][event] qcril_arb_set_dsd_sys_status: preferred dsd_sys_status nw=0x0, rat_value=0x0, so_mask=0x0000000000000000
10-11 17:56:06.783   818   990 I RILQ    : (0/818):RIL[0][event] qcril_arb_set_dsd_sys_status: preferred 1 - dsd_sys_status nw=0x0, rat_value=0x0, so_mask=0x0000000000000000
10-11 17:56:06.783   818   990 I RILQ    : (0/818):RIL[0][event] qcril_arb_set_dsd_sys_status: preferred 0 - dsd_sys_status nw=0x2, rat_value=0xc9, so_mask=0x0000000000000000
10-11 17:56:06.783   818   990 I RILQ    : (0/818):RIL[0][event] qcril_arb_set_dsd_sys_status: is_wwan_available 0
10-11 17:56:06.784   818   990 I RILQ    : (0/818):RIL[0][event] qcril_qmi_nas_reset_data_snapshot_cache_and_timer: Resetting snapshot timer
10-11 17:56:06.785  3389  3389 D SST     : Broadcasting ServiceState : 0 0 voice home data home CMCC CMCC 46000 CMCC CMCC 46000  GSM LTE CSS not supported -1 -1 RoamInd=-1 DefRoamInd=-1 EmergOnly=false IsDataRoamingFromRegistration=false IsUsingCarrierAggregation=false mRilImsRadioTechnology=0
10-11 17:56:06.785  3389  3389 D DefaultPhoneNotifier: nofityServiceState: mRegistry=com.android.internal.telephony.ITelephonyRegistry$Stub$Proxy@1cc1975 ss=0 0 voice home data home CMCC CMCC 46000 CMCC CMCC 46000  GSM LTE CSS not supported -1 -1 RoamInd=-1 DefRoamInd=-1 EmergOnly=false IsDataRoamingFromRegistration=false IsUsingCarrierAggregation=false mRilImsRadioTechnology=0 sender=Handler (com.qualcomm.qti.internal.telephony.QtiGsmCdmaPhone) {c01c7c0} phondId=0 subId=2
10-11 17:56:06.785  3389  3452 D RILJ    : Unsol response received for UNSOL_OEM_HOOK_RAW Sending ack to ril.cpp [SUB0]
10-11 17:56:06.785  3389  3452 V RILJ    : [UNSL]< UNSOL_OEM_HOOK_RAW 514f454d484f4f4bfa0308000100000000 [SUB0]
10-11 17:56:06.786   818   990 I RILQ    : (0/818):RIL[0][event] qcril_qmi_imsa_service_status_ind_hdlr: VOIP: service_status(not valid): 0, rat(not valid): 0
10-11 17:56:06.786   818   990 I RILQ    : (0/818):RIL[0][event] qcril_qmi_imsa_service_status_ind_hdlr: VT: service_status(not valid): 0, rat(not valid): 0
10-11 17:56:06.786   818   990 I RILQ    : (0/818):RIL[0][event] qcril_qmi_imsa_service_status_ind_hdlr: UT: service_status(valid): 0, rat(not valid): 0
10-11 17:56:06.790  3389  3452 D RILJ    : Unsol response received for UNSOL_RESPONSE_VOICE_NETWORK_STATE_CHANGED Sending ack to ril.cpp [SUB0]
10-11 17:56:06.790  3389  3452 D RILJ    : [UNSL]< UNSOL_RESPONSE_VOICE_NETWORK_STATE_CHANGED [SUB0]
10-11 17:56:06.795  3389 10041 D PhoneFactory: getPhone:- phoneId != DEFAULT_PHONE_ID return sPhones[phoneId] phoneId=0 phone=Handler (com.qualcomm.qti.internal.telephony.QtiGsmCdmaPhone) {c01c7c0}
10-11 17:56:06.795  3389 10041 D GsmCdmaPhone: [GsmCdmaPhone] getDataConnectionState apnType=default ret=DISCONNECTED
10-11 17:56:06.804  3389  3389 D PhoneFactory: getPhone:- phoneId != DEFAULT_PHONE_ID return sPhones[phoneId] phoneId=0 phone=Handler (com.qualcomm.qti.internal.telephony.QtiGsmCdmaPhone) {c01c7c0}
10-11 17:56:06.806  3389  9773 D PhoneFactory: getPhone:- phoneId != DEFAULT_PHONE_ID return sPhones[phoneId] phoneId=0 phone=Handler (com.qualcomm.qti.internal.telephony.QtiGsmCdmaPhone) {c01c7c0}
10-11 17:56:06.807  3389 10041 D PhoneFactory: getPhone:- phoneId != DEFAULT_PHONE_ID return sPhones[phoneId] phoneId=0 phone=Handler (com.qualcomm.qti.internal.telephony.QtiGsmCdmaPhone) {c01c7c0}
10-11 17:56:06.810  3389  3389 D SST     : getCellLocation(): X good mCellLoc=[6338,20913,-1]
10-11 17:56:06.811  1774  2803 D TelephonyRegistry: notifyCellLocationForSubscriber: subId=2 cellLocation=Bundle[mParcelledData.dataSize=64]
10-11 17:56:06.817  3389  9773 D PhoneFactory: getPhone:- phoneId != DEFAULT_PHONE_ID return sPhones[phoneId] phoneId=0 phone=Handler (com.qualcomm.qti.internal.telephony.QtiGsmCdmaPhone) {c01c7c0}
10-11 17:56:06.820  3389  3560 D PhoneFactory: getPhone:- phoneId != DEFAULT_PHONE_ID return sPhones[phoneId] phoneId=0 phone=Handler (com.qualcomm.qti.internal.telephony.QtiGsmCdmaPhone) {c01c7c0}
10-11 17:56:06.821  3389  4045 D PhoneFactory: getPhone:- phoneId != DEFAULT_PHONE_ID return sPhones[phoneId] phoneId=0 phone=Handler (com.qualcomm.qti.internal.telephony.QtiGsmCdmaPhone) {c01c7c0}
10-11 17:56:06.830  3389  8835 D PhoneFactory: getPhone:- phoneId != DEFAULT_PHONE_ID return sPhones[phoneId] phoneId=0 phone=Handler (com.qualcomm.qti.internal.telephony.QtiGsmCdmaPhone) {c01c7c0}
10-11 17:56:06.837  3389  8835 D SubscriptionController: [getActiveSubscriptionInfo]+ subId=2 subInfo={id=2, iccId=898600120917 simSlotIndex=0 displayName=China Mobile carrierName=CMCC  China Mobile nameSource=0 iconTint=-13408298 dataRoaming=0 iconBitmap=android.graphics.Bitmap@57bb0ca mcc 460 mnc 2}
10-11 17:56:06.840  3389  3402 D PhoneFactory: getPhone:- phoneId != DEFAULT_PHONE_ID return sPhones[phoneId] phoneId=0 phone=Handler (com.qualcomm.qti.internal.telephony.QtiGsmCdmaPhone) {c01c7c0}
10-11 17:56:06.842  3389  9767 D PhoneFactory: getPhone:- phoneId != DEFAULT_PHONE_ID return sPhones[phoneId] phoneId=0 phone=Handler (com.qualcomm.qti.internal.telephony.QtiGsmCdmaPhone) {c01c7c0}
10-11 17:56:06.846  3389  3402 D SubscriptionController: [getActiveSubscriptionInfo]+ subId=2 subInfo={id=2, iccId=898600120917 simSlotIndex=0 displayName=China Mobile carrierName=CMCC  China Mobile nameSource=0 iconTint=-13408298 dataRoaming=0 iconBitmap=android.graphics.Bitmap@bc4023b mcc 460 mnc 2}
10-11 17:56:06.852  3389  3389 D PhoneFactory: getPhone:- phoneId != DEFAULT_PHONE_ID return sPhones[phoneId] phoneId=0 phone=Handler (com.qualcomm.qti.internal.telephony.QtiGsmCdmaPhone) {c01c7c0}
10-11 17:56:06.855  3389  4239 D SubscriptionController: [getSubId]- numSubIds == 0, return DummySubIds slotIdx=1
10-11 17:56:06.859  3389  9773 D PhoneFactory: getPhone:- phoneId != DEFAULT_PHONE_ID return sPhones[phoneId] phoneId=0 phone=Handler (com.qualcomm.qti.internal.telephony.QtiGsmCdmaPhone) {c01c7c0}
10-11 17:56:06.860  3389  4045 D PhoneFactory: getPhone:- phoneId != DEFAULT_PHONE_ID return sPhones[phoneId] phoneId=0 phone=Handler (com.qualcomm.qti.internal.telephony.QtiGsmCdmaPhone) {c01c7c0}
10-11 17:56:06.860  3389  4045 D SST     : getCellLocation(): X good mCellLoc=[6338,20913,-1]
10-11 17:56:06.862  3389  8835 D PhoneFactory: getPhone:- phoneId != DEFAULT_PHONE_ID return sPhones[phoneId] phoneId=0 phone=Handler (com.qualcomm.qti.internal.telephony.QtiGsmCdmaPhone) {c01c7c0}
10-11 17:56:06.862  3389  3389 D CallManager:  handleMessage (EVENT_SERVICE_STATE_CHANGED)
10-11 17:56:06.862  3389  3389 D ImsPhone: handleMessage what=52
10-11 17:56:06.863  3389  3389 D QtiGsmCdmaPhone: handleMessage: Event: 34
10-11 17:56:06.868  3389  9767 D PhoneFactory: getPhone:- phoneId != DEFAULT_PHONE_ID return sPhones[phoneId] phoneId=0 phone=Handler (com.qualcomm.qti.internal.telephony.QtiGsmCdmaPhone) {c01c7c0}
10-11 17:56:06.874  3389  4153 D ImsManager: registrationFeatureCapabilityChanged :: serviceClass=1
10-11 17:56:06.874  3389  4153 D ImsPhoneCallTracker: [ImsPhoneCallTracker] onFeatureCapabilityChanged: VoLTE:false ViLTE:false VoWiFi:false ViWiFi:false UTLTE:false UTWiFi:false 
10-11 17:56:06.874  3389  4153 D ImsPhoneCallTracker: [ImsPhoneCallTracker] onFeatureCapabilityChanged: isVolteEnabled=false, isVideoCallEnabled=false, isVowifiEnabled=false, isUtEnabled=false
10-11 17:56:06.876  3389  3474 D PhoneFactory: getPhone:- phoneId != DEFAULT_PHONE_ID return sPhones[phoneId] phoneId=0 phone=Handler (com.qualcomm.qti.internal.telephony.QtiGsmCdmaPhone) {c01c7c0}
10-11 17:56:06.877  3389  4045 D PhoneFactory: getPhone:- phoneId != DEFAULT_PHONE_ID return sPhones[phoneId] phoneId=0 phone=Handler (com.qualcomm.qti.internal.telephony.QtiGsmCdmaPhone) {c01c7c0}
10-11 17:56:06.880  3389  4312 D PhoneFactory: getPhone:- phoneId != DEFAULT_PHONE_ID return sPhones[phoneId] phoneId=0 phone=Handler (com.qualcomm.qti.internal.telephony.QtiGsmCdmaPhone) {c01c7c0}
10-11 17:56:06.887  3389  3474 D SubscriptionController: [getActiveSubscriptionInfo]+ subId=2 subInfo={id=2, iccId=898600120917 simSlotIndex=0 displayName=China Mobile carrierName=CMCC  China Mobile nameSource=0 iconTint=-13408298 dataRoaming=0 iconBitmap=android.graphics.Bitmap@c1ab704 mcc 460 mnc 2}
10-11 17:56:06.889  3389  3402 D SST     : SST.getAllCellInfo(): E
10-11 17:56:06.889  3389  3402 D SST     : isCallerOnDifferentThread: true
10-11 17:56:06.890  3389  3402 D RILJ    : [4282]> RIL_REQUEST_GET_CELL_INFO_LIST [SUB0]
10-11 17:56:06.893  3389  3389 D PhoneFactory: getPhone:- phoneId != DEFAULT_PHONE_ID return sPhones[phoneId] phoneId=0 phone=Handler (com.qualcomm.qti.internal.telephony.QtiGsmCdmaPhone) {c01c7c0}
10-11 17:56:06.897  3389  9767 D SubscriptionController: [getSubId]- numSubIds == 0, return DummySubIds slotIdx=1
10-11 17:56:06.897  3389  3452 D RILJ    : [4282]< RIL_REQUEST_GET_CELL_INFO_LIST [CellInfoGsm:{mRegistered=YES mTimeStampType=oem_ril mTimeStamp=294385792958ns CellIdentityGsm:{ mMcc=460 mMnc=0 mLac=6338 mCid=20913 mArfcn=569 mBsic=0x13} CellSignalStrengthGsm: ss=17 ber=99 mTa=0}] [SUB0]
10-11 17:56:06.899  3389  3560 D PhoneFactory: getPhone:- phoneId != DEFAULT_PHONE_ID return sPhones[phoneId] phoneId=0 phone=Handler (com.qualcomm.qti.internal.telephony.QtiGsmCdmaPhone) {c01c7c0}
10-11 17:56:06.900  3389  3389 D SubscriptionController: [getActiveSubscriptionInfoForSimSlotIndex]+ slotIdx=0 subId={id=2, iccId=898600120917 simSlotIndex=0 displayName=China Mobile carrierName=CMCC  China Mobile nameSource=0 iconTint=-13408298 dataRoaming=0 iconBitmap=android.graphics.Bitmap@c3b54ed mcc 460 mnc 2}
10-11 17:56:06.904  3389  8835 D PhoneFactory: getPhone:- phoneId != DEFAULT_PHONE_ID return sPhones[phoneId] phoneId=0 phone=Handler (com.qualcomm.qti.internal.telephony.QtiGsmCdmaPhone) {c01c7c0}
10-11 17:56:06.908  3389  4239 D PhoneFactory: getPhone:- phoneId != DEFAULT_PHONE_ID return sPhones[phoneId] phoneId=0 phone=Handler (com.qualcomm.qti.internal.telephony.QtiGsmCdmaPhone) {c01c7c0}
10-11 17:56:06.911  3389  4045 D PhoneFactory: getPhone:- phoneId != DEFAULT_PHONE_ID return sPhones[phoneId] phoneId=0 phone=Handler (com.qualcomm.qti.internal.telephony.QtiGsmCdmaPhone) {c01c7c0}
10-11 17:56:06.914  3389  3389 D PhoneFactory: getPhone:- phoneId != DEFAULT_PHONE_ID return sPhones[phoneId] phoneId=0 phone=Handler (com.qualcomm.qti.internal.telephony.QtiGsmCdmaPhone) {c01c7c0}
10-11 17:56:06.920  3389  9773 D PhoneFactory: getPhone:- phoneId != DEFAULT_PHONE_ID return sPhones[phoneId] phoneId=0 phone=Handler (com.qualcomm.qti.internal.telephony.QtiGsmCdmaPhone) {c01c7c0}
10-11 17:56:06.921  3389  3389 D SubscriptionController: [getActiveSubscriptionInfo]+ subId=2 subInfo={id=2, iccId=898600120917 simSlotIndex=0 displayName=China Mobile carrierName=CMCC  China Mobile nameSource=0 iconTint=-13408298 dataRoaming=0 iconBitmap=android.graphics.Bitmap@fbd7b6e mcc 460 mnc 2}
10-11 17:56:06.923  3389  3389 D RILJ    : [4283]> OPERATOR [SUB0]
10-11 17:56:06.925  3389  3389 D RILJ    : [4284]> DATA_REGISTRATION_STATE [SUB0]
10-11 17:56:06.928  3389  3389 D RILJ    : [4285]> VOICE_REGISTRATION_STATE [SUB0]
10-11 17:56:06.928  3389  9773 D SubscriptionController: [getActiveSubscriptionInfo]+ subId=2 subInfo={id=2, iccId=898600120917 simSlotIndex=0 displayName=China Mobile carrierName=CMCC  China Mobile nameSource=0 iconTint=-13408298 dataRoaming=0 iconBitmap=android.graphics.Bitmap@45d420f mcc 460 mnc 2}
10-11 17:56:06.930  3389  3452 D RILJ    : [4283]< OPERATOR {CMCC, CMCC, 46000} [SUB0]
10-11 17:56:06.930  3389  3389 D RILJ    : [4286]> QUERY_NETWORK_SELECTION_MODE [SUB0]
10-11 17:56:06.931   818 10293 I RILQ    : (0/818):RIL[0][cmd-21(792)] qcril_qmi_nas_reset_data_snapshot_cache_and_timer: Resetting snapshot timer
10-11 17:56:06.934  3389  3389 D SST     : EVENT_IMS_CAPABILITY_CHANGED
10-11 17:56:06.939  3389  3389 D SIMRecords: [SIMRecords] getServiceProviderName: no brandOverride, providerName=China Mobile
10-11 17:56:06.939  3389  3389 D SIMRecords: [SIMRecords] getServiceProviderName: no brandOverride, providerName=China Mobile
10-11 17:56:06.940  3389  3474 D SubscriptionController: [getSubId]- numSubIds == 0, return DummySubIds slotIdx=1
10-11 17:56:06.940  3389  3389 D SST     : EVENT_GET_CELL_INFO_LIST: size=1 list=[CellInfoGsm:{mRegistered=YES mTimeStampType=oem_ril mTimeStamp=294385792958ns CellIdentityGsm:{ mMcc=460 mMnc=0 mLac=6338 mCid=20913 mArfcn=569 mBsic=0x13} CellSignalStrengthGsm: ss=17 ber=99 mTa=0}]
10-11 17:56:06.941  3389  3402 D SST     : SST.getAllCellInfo(): X size=1 list=[CellInfoGsm:{mRegistered=YES mTimeStampType=oem_ril mTimeStamp=294385792958ns CellIdentityGsm:{ mMcc=460 mMnc=0 mLac=6338 mCid=20913 mArfcn=569 mBsic=0x13} CellSignalStrengthGsm: ss=17 ber=99 mTa=0}]
10-11 17:56:06.941  3389  3389 D PhoneSwitcher: handle event - 110
10-11 17:56:06.941  3389  3402 D SST     : SST.getAllCellInfo(): E
10-11 17:56:06.941  3389  3402 D SST     : isCallerOnDifferentThread: true
10-11 17:56:06.941  3389  3402 D SST     : SST.getAllCellInfo(): return last, back to back calls
10-11 17:56:06.941  3389  3402 D SST     : SST.getAllCellInfo(): X size=1 list=[CellInfoGsm:{mRegistered=YES mTimeStampType=oem_ril mTimeStamp=294385792958ns CellIdentityGsm:{ mMcc=460 mMnc=0 mLac=6338 mCid=20913 mArfcn=569 mBsic=0x13} CellSignalStrengthGsm: ss=17 ber=99 mTa=0}]
10-11 17:56:06.942  3389  3402 D SST     : SST.getAllCellInfo(): E
10-11 17:56:06.942  3389  3402 D SST     : isCallerOnDifferentThread: true
10-11 17:56:06.942  3389  3402 D RILJ    : [4287]> RIL_REQUEST_GET_CELL_INFO_LIST [SUB1]
10-11 17:56:06.943  3389  3452 D RILJ    : [4285]< VOICE_REGISTRATION_STATE {1, 18c2, 000051b1, 16, null, null, null, 0, null, null, null, null, null, 0, null} [SUB0]
10-11 17:56:06.944  3389  3452 D RILJ    : [4286]< QUERY_NETWORK_SELECTION_MODE {0} [SUB0]
10-11 17:56:06.944  3389  3389 D SST     : EVENT_POLL_STATE_NETWORK_SELECTION_MODE
10-11 17:56:06.944  3389  3452 D RILJ    : [4284]< DATA_REGISTRATION_STATE {2, null, null, null, 0, 20, null, null, null, null, null} [SUB0]
10-11 17:56:06.945  3389  3389 D SST     : handlPollStateResultMessage: GsmSST setDataRegState=1 regState=2 dataRadioTechnology=0
10-11 17:56:06.948  3389  3456 D RilRequest: [4287]< RIL_REQUEST_GET_CELL_INFO_LIST error: com.android.internal.telephony.CommandException: SYSTEM_ERR ret=
10-11 17:56:06.952  3389  3389 D SST     : Poll ServiceState done:  oldSS=[0 0 voice home data home CMCC CMCC 46000 CMCC CMCC 46000  GSM LTE CSS not supported -1 -1 RoamInd=-1 DefRoamInd=-1 EmergOnly=false IsDataRoamingFromRegistration=false IsUsingCarrierAggregation=false mRilImsRadioTechnology=0] newSS=[0 1 voice home data home CMCC CMCC 46000 CMCC CMCC 46000  GSM Unknown CSS not supported -1 -1 RoamInd=-1 DefRoamInd=-1 EmergOnly=false IsDataRoamingFromRegistration=false IsUsingCarrierAggregation=false mRilImsRadioTechnology=0] oldMaxDataCalls=20 mNewMaxDataCalls=20 oldReasonDataDenied=-1 mNewReasonDataDenied=-1
10-11 17:56:06.952  3389  3389 D TelephonyManager: setTelephonyProperty: success phoneId=0 property=gsm.network.type value: Unknown propVal=Unknown,Unknown
10-11 17:56:06.958  3389  3389 D SIMRecords: [SIMRecords] getServiceProviderName: no brandOverride, providerName=China Mobile
10-11 17:56:06.958  3389  3389 D SIMRecords: [SIMRecords] getServiceProviderName: no brandOverride, providerName=China Mobile
10-11 17:56:06.959  3389  3389 D TelephonyManager: setTelephonyProperty: success phoneId=0 property=gsm.operator.alpha value: CMCC propVal=CMCC
10-11 17:56:06.961  3389  3389 D TelephonyManager: setTelephonyProperty: success phoneId=0 property=gsm.operator.numeric value: 46000 propVal=46000
10-11 17:56:06.962  3389  3389 D TelephonyManager: setTelephonyProperty: success phoneId=0 property=gsm.operator.iso-country value: cn propVal=cn
10-11 17:56:06.963  3389  3389 D SST     : pollStateDone: there are 2 unique offsets for iso-cc='cn testOneUniqueOffsetPath=false', do nothing
10-11 17:56:06.963   818   990 I RILQ    : (0/818):RIL[0][event] qcril_qmi_voice_all_call_status_ind_hdlr: call state SETUP for conn id 1
10-11 17:56:06.964   818   990 I RILQ    : (0/818):RIL[0][event] qcril_qmi_voice_voip_create_call_info_entry: Created call info entry 0x7faae20800 with call android id 1, qmi id 1, media id -1
10-11 17:56:06.964  3389  3389 D SST     : shouldFixTimeZoneNow: retVal=false iccCardExist=true operatorNumeric=46000 mcc=460 prevOperatorNumeric=46000 prevMcc=460 needToFixTimeZone=false ltod=10-11 17:56:06.963
10-11 17:56:06.964  3389  3389 D TelephonyManager: setTelephonyProperty: success phoneId=0 property=gsm.operator.isroaming value: false propVal=false,false
10-11 17:56:06.965  3389  3389 D SST     : Broadcasting ServiceState : 0 1 voice home data home CMCC CMCC 46000 CMCC CMCC 46000  GSM Unknown CSS not supported -1 -1 RoamInd=-1 DefRoamInd=-1 EmergOnly=false IsDataRoamingFromRegistration=false IsUsingCarrierAggregation=false mRilImsRadioTechnology=0
10-11 17:56:06.965  3389  3389 D DefaultPhoneNotifier: nofityServiceState: mRegistry=com.android.internal.telephony.ITelephonyRegistry$Stub$Proxy@1cc1975 ss=0 1 voice home data home CMCC CMCC 46000 CMCC CMCC 46000  GSM Unknown CSS not supported -1 -1 RoamInd=-1 DefRoamInd=-1 EmergOnly=false IsDataRoamingFromRegistration=false IsUsingCarrierAggregation=false mRilImsRadioTechnology=0 sender=Handler (com.qualcomm.qti.internal.telephony.QtiGsmCdmaPhone) {c01c7c0} phondId=0 subId=2
10-11 17:56:06.972  3389  9767 D PhoneFactory: getPhone:- phoneId != DEFAULT_PHONE_ID return sPhones[phoneId] phoneId=0 phone=Handler (com.qualcomm.qti.internal.telephony.QtiGsmCdmaPhone) {c01c7c0}
10-11 17:56:06.972  3389  9767 D GsmCdmaPhone: [GsmCdmaPhone] getDataConnectionState apnType=default ret=DISCONNECTED
10-11 17:56:06.974  3389  3452 D RILJ    : Unsol response received for UNSOL_CALL_RING Sending ack to ril.cpp [SUB0]
10-11 17:56:06.975  3389  3452 D RILJ    : [UNSL]< UNSOL_CALL_RING [C@c6fe29c [SUB0]
10-11 17:56:06.985  3389  3401 D PhoneFactory: getPhone:- phoneId != DEFAULT_PHONE_ID return sPhones[phoneId] phoneId=0 phone=Handler (com.qualcomm.qti.internal.telephony.QtiGsmCdmaPhone) {c01c7c0}
10-11 17:56:06.986  3389  3389 D PhoneFactory: getPhone:- phoneId != DEFAULT_PHONE_ID return sPhones[phoneId] phoneId=0 phone=Handler (com.qualcomm.qti.internal.telephony.QtiGsmCdmaPhone) {c01c7c0}
10-11 17:56:06.992  3389  3452 D RILJ    : Unsol response received for UNSOL_OEM_HOOK_RAW Sending ack to ril.cpp [SUB0]
10-11 17:56:06.992  3389  9773 D PhoneFactory: getPhone:- phoneId != DEFAULT_PHONE_ID return sPhones[phoneId] phoneId=0 phone=Handler (com.qualcomm.qti.internal.telephony.QtiGsmCdmaPhone) {c01c7c0}
10-11 17:56:06.992  3389  3452 V RILJ    : [UNSL]< UNSOL_OEM_HOOK_RAW 514f454d484f4f4bf70308001b000000767369643d3239373831363036343b63616c6c5f73746174653d31 [SUB0]
10-11 17:56:06.994   818   990 I RILQ    : (0/818):RIL[0][event] qcril_qmi_voice_all_call_status_ind_hdlr: RILVIMS: update 1 calls[uncached qmi call id 1, call state 10]
10-11 17:56:06.994  3389  3389 D SST     : notifyDataRegStateRilRadioTechnologyChanged: drs=1 rat=0
10-11 17:56:06.994  3389  3389 D TelephonyManager: setTelephonyProperty: success phoneId=0 property=gsm.network.type value: Unknown propVal=Unknown,Unknown
10-11 17:56:06.995  3389  3452 D RILJ    : Unsol response received for UNSOL_OEM_HOOK_RAW Sending ack to ril.cpp [SUB0]
10-11 17:56:06.995  3389  3452 V RILJ    : [UNSL]< UNSOL_OEM_HOOK_RAW 514f454d484f4f4bf70308001b000000767369643d3239373831363036343b63616c6c5f73746174653d31 [SUB0]
10-11 17:56:06.996  3389  3389 D QtiGsmDCT: [0]get all active apn types
10-11 17:56:06.996  3389  3477 D DC-1    : DcInactiveState nothandled msg.what=EVENT_DATA_CONNECTION_DRS_OR_RAT_CHANGED
10-11 17:56:06.996  3389  3477 D DC-1    : DcDefault msg=EVENT_DATA_CONNECTION_DRS_OR_RAT_CHANGED RefCount=0
10-11 17:56:06.996  3389  3477 D DC-1    : DcDefaultState: EVENT_DATA_CONNECTION_DRS_OR_RAT_CHANGED drs=1 mRilRat=0
10-11 17:56:06.997  3389  3389 D SST     : EVENT_GET_CELL_INFO_LIST: error ret null, e=com.android.internal.telephony.CommandException: SYSTEM_ERR
10-11 17:56:06.997  3389  3389 D CallManager:  handleMessage (EVENT_SERVICE_STATE_CHANGED)
10-11 17:56:06.998  3389  3402 D SST     : SST.getAllCellInfo(): X size=0 list=null
10-11 17:56:06.998  3389  3389 D ImsPhone: handleMessage what=52
10-11 17:56:06.998  3389  3389 D QtiGsmCdmaPhone: handleMessage: Event: 14
10-11 17:56:06.998  3389  3389 D Phone   : Event EVENT_CALL_RING Received state=IDLE
10-11 17:56:06.998  3389  3389 D Phone   : Sending notifyIncomingRing
10-11 17:56:06.998  3389  3389 D QtiGsmCdmaPhone: handleMessage: Event: 34
10-11 17:56:07.002  3389  3389 D QtiGsmDCT: [0]QtiDcTracker handleMessage msg={ when=-9ms what=270345 obj=android.os.AsyncResult@35734a5 target=com.qualcomm.qti.internal.telephony.dataconnection.QtiDcTracker }
10-11 17:56:07.002  3389  3389 D QtiGsmDCT: [0]onDataConnectionDetached: stop polling and notify detached
10-11 17:56:07.002  3389  3389 D QtiGsmDCT: [0]stopNetStatPoll
10-11 17:56:07.005  3389  3452 D RILJ    : Unsol response received for UNSOL_OEM_HOOK_RAW Sending ack to ril.cpp [SUB0]
10-11 17:56:07.006  3389  3452 V RILJ    : [UNSL]< UNSOL_OEM_HOOK_RAW 514f454d484f4f4bf70308001b000000767369643d3239373831363036343b63616c6c5f73746174653d31 [SUB0]
10-11 17:56:07.012  3389  9773 D PhoneFactory: getPhone:- phoneId != DEFAULT_PHONE_ID return sPhones[phoneId] phoneId=0 phone=Handler (com.qualcomm.qti.internal.telephony.QtiGsmCdmaPhone) {c01c7c0}
10-11 17:56:07.015  3389  3389 D QtiGsmDCT: [0]notifyDataConnection: reason=dataDetached
10-11 17:56:07.015  3389  3389 D CdmaSSM : subscriptionSource from settings: 0
10-11 17:56:07.015  3389  4312 D PhoneFactory: getPhone:- phoneId != DEFAULT_PHONE_ID return sPhones[phoneId] phoneId=0 phone=Handler (com.qualcomm.qti.internal.telephony.QtiGsmCdmaPhone) {c01c7c0}
10-11 17:56:07.017  3389  4045 D PhoneFactory: getPhone:- phoneId != DEFAULT_PHONE_ID return sPhones[phoneId] phoneId=0 phone=Handler (com.qualcomm.qti.internal.telephony.QtiGsmCdmaPhone) {c01c7c0}
10-11 17:56:07.025  3389  3389 D CdmaSSM : subscriptionSource from settings: 0
10-11 17:56:07.026  3389  9767 D PhoneFactory: getPhone:- phoneId != DEFAULT_PHONE_ID return sPhones[phoneId] phoneId=0 phone=Handler (com.qualcomm.qti.internal.telephony.QtiGsmCdmaPhone) {c01c7c0}
10-11 17:56:07.032  3389  3401 D PhoneFactory: getPhone:- phoneId != DEFAULT_PHONE_ID return sPhones[phoneId] phoneId=0 phone=Handler (com.qualcomm.qti.internal.telephony.QtiGsmCdmaPhone) {c01c7c0}
10-11 17:56:07.034  3389  3389 D PhoneFactory: getPhone:- phoneId != DEFAULT_PHONE_ID return sPhones[phoneId] phoneId=0 phone=Handler (com.qualcomm.qti.internal.telephony.QtiGsmCdmaPhone) {c01c7c0}
10-11 17:56:07.038  3389  3560 D PhoneFactory: getPhone:- phoneId != DEFAULT_PHONE_ID return sPhones[phoneId] phoneId=0 phone=Handler (com.qualcomm.qti.internal.telephony.QtiGsmCdmaPhone) {c01c7c0}
10-11 17:56:07.040  1774  3421 D TelephonyRegistry: Notify data connection state changed on sub: 2
10-11 17:56:07.040  1774  3421 D TelephonyRegistry: Notify data connection state changed on sub: 2
10-11 17:56:07.040  1774  3421 D TelephonyRegistry: Notify data connection state changed on sub: 2
10-11 17:56:07.041  3389 10041 D PhoneFactory: getPhone:- phoneId != DEFAULT_PHONE_ID return sPhones[phoneId] phoneId=0 phone=Handler (com.qualcomm.qti.internal.telephony.QtiGsmCdmaPhone) {c01c7c0}
10-11 17:56:07.044  3389  3401 D PhoneFactory: getPhone:- phoneId != DEFAULT_PHONE_ID return sPhones[phoneId] phoneId=0 phone=Handler (com.qualcomm.qti.internal.telephony.QtiGsmCdmaPhone) {c01c7c0}
10-11 17:56:07.045  3389  8835 D PhoneFactory: getPhone:- phoneId != DEFAULT_PHONE_ID return sPhones[phoneId] phoneId=0 phone=Handler (com.qualcomm.qti.internal.telephony.QtiGsmCdmaPhone) {c01c7c0}
10-11 17:56:07.049  3389  3389 D CdmaSSM : subscriptionSource from settings: 0
10-11 17:56:07.057  3389 10041 D SubscriptionController: [getActiveSubscriptionInfo]+ subId=2 subInfo={id=2, iccId=898600120917 simSlotIndex=0 displayName=China Mobile carrierName=CMCC  China Mobile nameSource=0 iconTint=-13408298 dataRoaming=0 iconBitmap=android.graphics.Bitmap@2b5f02b mcc 460 mnc 2}
10-11 17:56:07.058  3389  3389 D PhoneFactory: getPhone:- phoneId != DEFAULT_PHONE_ID return sPhones[phoneId] phoneId=0 phone=Handler (com.qualcomm.qti.internal.telephony.QtiGsmCdmaPhone) {c01c7c0}
10-11 17:56:07.061  3389  3560 D SST     : SST.getAllCellInfo(): E
10-11 17:56:07.061  3389  3560 D SST     : isCallerOnDifferentThread: true
10-11 17:56:07.061  3389  3560 D SST     : SST.getAllCellInfo(): return last, back to back calls
10-11 17:56:07.061  3389  3560 D SST     : SST.getAllCellInfo(): X size=1 list=[CellInfoGsm:{mRegistered=YES mTimeStampType=oem_ril mTimeStamp=294385792958ns CellIdentityGsm:{ mMcc=460 mMnc=0 mLac=6338 mCid=20913 mArfcn=569 mBsic=0x13} CellSignalStrengthGsm: ss=17 ber=99 mTa=0}]
10-11 17:56:07.061  3389  3560 D SST     : SST.getAllCellInfo(): E
10-11 17:56:07.061  3389  3560 D SST     : isCallerOnDifferentThread: true
10-11 17:56:07.061  3389  3560 D SST     : SST.getAllCellInfo(): return last, back to back calls
10-11 17:56:07.062  3389  9773 D PhoneFactory: getPhone:- phoneId != DEFAULT_PHONE_ID return sPhones[phoneId] phoneId=0 phone=Handler (com.qualcomm.qti.internal.telephony.QtiGsmCdmaPhone) {c01c7c0}
10-11 17:56:07.063  3389  3560 D SST     : SST.getAllCellInfo(): X size=1 list=[CellInfoGsm:{mRegistered=YES mTimeStampType=oem_ril mTimeStamp=294385792958ns CellIdentityGsm:{ mMcc=460 mMnc=0 mLac=6338 mCid=20913 mArfcn=569 mBsic=0x13} CellSignalStrengthGsm: ss=17 ber=99 mTa=0}]
10-11 17:56:07.064  3389  3560 D SST     : SST.getAllCellInfo(): E
10-11 17:56:07.064  3389  3560 D SST     : isCallerOnDifferentThread: true
10-11 17:56:07.064  3389  3560 D SST     : SST.getAllCellInfo(): return last, back to back calls
10-11 17:56:07.064  3389  3560 D SST     : SST.getAllCellInfo(): X size=0 list=null
10-11 17:56:07.070  3389  3389 D CdmaSSM : subscriptionSource from settings: 0
10-11 17:56:07.072  3389  3389 D PhoneFactory: getPhone:- phoneId != DEFAULT_PHONE_ID return sPhones[phoneId] phoneId=0 phone=Handler (com.qualcomm.qti.internal.telephony.QtiGsmCdmaPhone) {c01c7c0}
10-11 17:56:07.074  3389  9773 D SubscriptionController: [getActiveSubscriptionInfo]+ subId=2 subInfo={id=2, iccId=898600120917 simSlotIndex=0 displayName=China Mobile carrierName=CMCC  China Mobile nameSource=0 iconTint=-13408298 dataRoaming=0 iconBitmap=android.graphics.Bitmap@3058a46 mcc 460 mnc 2}
10-11 17:56:07.074  3389  4239 D PhoneFactory: getPhone:- phoneId != DEFAULT_PHONE_ID return sPhones[phoneId] phoneId=0 phone=Handler (com.qualcomm.qti.internal.telephony.QtiGsmCdmaPhone) {c01c7c0}
10-11 17:56:07.074  3389  9767 D PhoneFactory: getPhone:- phoneId != DEFAULT_PHONE_ID return sPhones[phoneId] phoneId=0 phone=Handler (com.qualcomm.qti.internal.telephony.QtiGsmCdmaPhone) {c01c7c0}
10-11 17:56:07.075  3389  4312 D PhoneFactory: getPhone:- phoneId != DEFAULT_PHONE_ID return sPhones[phoneId] phoneId=0 phone=Handler (com.qualcomm.qti.internal.telephony.QtiGsmCdmaPhone) {c01c7c0}
10-11 17:56:07.078  3389  8835 D PhoneFactory: getPhone:- phoneId != DEFAULT_PHONE_ID return sPhones[phoneId] phoneId=0 phone=Handler (com.qualcomm.qti.internal.telephony.QtiGsmCdmaPhone) {c01c7c0}
10-11 17:56:07.085  3389  3389 D CdmaSSM : subscriptionSource from settings: 0
10-11 17:56:07.085  3389  3560 D PhoneFactory: getPhone:- phoneId != DEFAULT_PHONE_ID return sPhones[phoneId] phoneId=0 phone=Handler (com.qualcomm.qti.internal.telephony.QtiGsmCdmaPhone) {c01c7c0}
10-11 17:56:07.086  3389  4239 D PhoneFactory: getPhone:- phoneId != DEFAULT_PHONE_ID return sPhones[phoneId] phoneId=0 phone=Handler (com.qualcomm.qti.internal.telephony.QtiGsmCdmaPhone) {c01c7c0}
10-11 17:56:07.088  3389  4312 D SubscriptionController: [getSubId]- numSubIds == 0, return DummySubIds slotIdx=1
10-11 17:56:07.090  3389  4045 D PhoneFactory: getPhone:- phoneId != DEFAULT_PHONE_ID return sPhones[phoneId] phoneId=0 phone=Handler (com.qualcomm.qti.internal.telephony.QtiGsmCdmaPhone) {c01c7c0}
10-11 17:56:07.090  3389  3389 D PhoneFactory: getPhone:- phoneId != DEFAULT_PHONE_ID return sPhones[phoneId] phoneId=0 phone=Handler (com.qualcomm.qti.internal.telephony.QtiGsmCdmaPhone) {c01c7c0}
10-11 17:56:07.100  3389  3389 D CdmaSSM : subscriptionSource from settings: 0
10-11 17:56:07.103  3389  3389 D PhoneFactory: getPhone:- phoneId != DEFAULT_PHONE_ID return sPhones[phoneId] phoneId=0 phone=Handler (com.qualcomm.qti.internal.telephony.QtiGsmCdmaPhone) {c01c7c0}
10-11 17:56:07.108  3389  3402 D PhoneFactory: getPhone:- phoneId != DEFAULT_PHONE_ID return sPhones[phoneId] phoneId=0 phone=Handler (com.qualcomm.qti.internal.telephony.QtiGsmCdmaPhone) {c01c7c0}
10-11 17:56:07.112  3389  8835 D PhoneFactory: getPhone:- phoneId != DEFAULT_PHONE_ID return sPhones[phoneId] phoneId=0 phone=Handler (com.qualcomm.qti.internal.telephony.QtiGsmCdmaPhone) {c01c7c0}
10-11 17:56:07.114  3389  3389 D PhoneFactory: getPhone:- phoneId != DEFAULT_PHONE_ID return sPhones[phoneId] phoneId=0 phone=Handler (com.qualcomm.qti.internal.telephony.QtiGsmCdmaPhone) {c01c7c0}
10-11 17:56:07.118  3389  3402 D SubscriptionController: [getActiveSubscriptionInfo]+ subId=2 subInfo={id=2, iccId=898600120917 simSlotIndex=0 displayName=China Mobile carrierName=CMCC  China Mobile nameSource=0 iconTint=-13408298 dataRoaming=0 iconBitmap=android.graphics.Bitmap@fa8535d mcc 460 mnc 2}
10-11 17:56:07.124  3389  3389 D CdmaSSM : subscriptionSource from settings: 0
10-11 17:56:07.127  3389  4045 D PhoneFactory: getPhone:- phoneId != DEFAULT_PHONE_ID return sPhones[phoneId] phoneId=0 phone=Handler (com.qualcomm.qti.internal.telephony.QtiGsmCdmaPhone) {c01c7c0}
10-11 17:56:07.128  3389  9767 D SubscriptionController: [getSubId]- numSubIds == 0, return DummySubIds slotIdx=1
10-11 17:56:07.129  3389  3389 D PhoneFactory: getPhone:- phoneId != DEFAULT_PHONE_ID return sPhones[phoneId] phoneId=0 phone=Handler (com.qualcomm.qti.internal.telephony.QtiGsmCdmaPhone) {c01c7c0}
10-11 17:56:07.140  3389  3389 D CdmaSSM : subscriptionSource from settings: 0
10-11 17:56:07.143  3389  3389 D PhoneFactory: getPhone:- phoneId != DEFAULT_PHONE_ID return sPhones[phoneId] phoneId=0 phone=Handler (com.qualcomm.qti.internal.telephony.QtiGsmCdmaPhone) {c01c7c0}
10-11 17:56:07.146  3389  3474 D PhoneFactory: getPhone:- phoneId != DEFAULT_PHONE_ID return sPhones[phoneId] phoneId=0 phone=Handler (com.qualcomm.qti.internal.telephony.QtiGsmCdmaPhone) {c01c7c0}
10-11 17:56:07.154  3389  3474 D SubscriptionController: [getActiveSubscriptionInfo]+ subId=2 subInfo={id=2, iccId=898600120917 simSlotIndex=0 displayName=China Mobile carrierName=CMCC  China Mobile nameSource=0 iconTint=-13408298 dataRoaming=0 iconBitmap=android.graphics.Bitmap@aa864a0 mcc 460 mnc 2}
10-11 17:56:07.155  3389  3389 D CdmaSSM : subscriptionSource from settings: 0
10-11 17:56:07.158  3389  3389 D PhoneFactory: getPhone:- phoneId != DEFAULT_PHONE_ID return sPhones[phoneId] phoneId=0 phone=Handler (com.qualcomm.qti.internal.telephony.QtiGsmCdmaPhone) {c01c7c0}
10-11 17:56:07.164  3389  4312 D SubscriptionController: [getSubId]- numSubIds == 0, return DummySubIds slotIdx=1
10-11 17:56:07.166  3389  3389 D QtiGsmCdmaPhone: handleMessage: Event: 34
10-11 17:56:07.167  3389  3389 D QtiGsmDCT: [0]QtiDcTracker handleMessage msg={ when=-172ms what=270377 obj=android.os.AsyncResult@c1bc859 target=com.qualcomm.qti.internal.telephony.dataconnection.QtiDcTracker }
10-11 17:56:07.168  3389  3389 D QtiGsmDCT: [0]setupDataOnConnectableApns: nwTypeChanged emergency:[state=IDLE,enabled=false] mms:[state=IDLE,enabled=false] supl:[state=IDLE,enabled=false] hipri:[state=IDLE,enabled=false] dun:[state=IDLE,enabled=false] fota:[state=IDLE,enabled=false] ims:[state=IDLE,enabled=false] default:[state=IDLE,enabled=false] cbs:[state=IDLE,enabled=false] 
10-11 17:56:07.168  3389  3389 D ImsPhone: handleMessage what=51
10-11 17:56:07.168  3389  3389 D ImsPhone: EVENT_DEFAULT_PHONE_DATA_STATE_CHANGED
10-11 17:56:07.168  3389  3389 D ImsPhone: updateDataServiceState: defSs = 0 1 voice home data home CMCC CMCC 46000 CMCC CMCC 46000  GSM Unknown CSS not supported -1 -1 RoamInd=-1 DefRoamInd=-1 EmergOnly=false IsDataRoamingFromRegistration=false IsUsingCarrierAggregation=false mRilImsRadioTechnology=0 imsSs = 1 1 voice home data home null null null null null null  Unknown Unknown CSS not supported -1 -1 RoamInd=-1 DefRoamInd=-1 EmergOnly=false IsDataRoamingFromRegistration=false IsUsingCarrierAggregation=false mRilImsRadioTechnology=0
10-11 17:56:07.168  3389  3389 D CallManager:  handleMessage (EVENT_INCOMING_RING)
10-11 17:56:07.168  3389  3389 D QtiGsmCdmaPhone: handleMessage: Event: 34
10-11 17:56:07.178  3389  3389 D PhoneFactory: getPhone:- phoneId != DEFAULT_PHONE_ID return sPhones[phoneId] phoneId=0 phone=Handler (com.qualcomm.qti.internal.telephony.QtiGsmCdmaPhone) {c01c7c0}
10-11 17:56:07.180  3389  3389 D PhoneFactory: getPhone:- phoneId != DEFAULT_PHONE_ID return sPhones[phoneId] phoneId=0 phone=Handler (com.qualcomm.qti.internal.telephony.QtiGsmCdmaPhone) {c01c7c0}
10-11 17:56:07.182  3389  3389 D PhoneFactory: getPhone:- phoneId != DEFAULT_PHONE_ID return sPhones[phoneId] phoneId=0 phone=Handler (com.qualcomm.qti.internal.telephony.QtiGsmCdmaPhone) {c01c7c0}
10-11 17:56:07.183  3389  3389 D PhoneFactory: getPhone:- phoneId != DEFAULT_PHONE_ID return sPhones[phoneId] phoneId=0 phone=Handler (com.qualcomm.qti.internal.telephony.QtiGsmCdmaPhone) {c01c7c0}
10-11 17:56:07.188  3389  3389 D PhoneFactory: getPhone:- phoneId != DEFAULT_PHONE_ID return sPhones[phoneId] phoneId=0 phone=Handler (com.qualcomm.qti.internal.telephony.QtiGsmCdmaPhone) {c01c7c0}
10-11 17:56:07.190  3389  3389 D PhoneFactory: getPhone:- phoneId != DEFAULT_PHONE_ID return sPhones[phoneId] phoneId=0 phone=Handler (com.qualcomm.qti.internal.telephony.QtiGsmCdmaPhone) {c01c7c0}
10-11 17:56:07.191  3389  3389 D PhoneFactory: getPhone:- phoneId != DEFAULT_PHONE_ID return sPhones[phoneId] phoneId=0 phone=Handler (com.qualcomm.qti.internal.telephony.QtiGsmCdmaPhone) {c01c7c0}
10-11 17:56:07.193  3389  3389 D PhoneFactory: getPhone:- phoneId != DEFAULT_PHONE_ID return sPhones[phoneId] phoneId=0 phone=Handler (com.qualcomm.qti.internal.telephony.QtiGsmCdmaPhone) {c01c7c0}
10-11 17:56:07.195  3389  3389 D PhoneFactory: getPhone:- phoneId != DEFAULT_PHONE_ID return sPhones[phoneId] phoneId=0 phone=Handler (com.qualcomm.qti.internal.telephony.QtiGsmCdmaPhone) {c01c7c0}
10-11 17:56:07.199  3389  3389 D PhoneFactory: getPhone:- phoneId != DEFAULT_PHONE_ID return sPhones[phoneId] phoneId=0 phone=Handler (com.qualcomm.qti.internal.telephony.QtiGsmCdmaPhone) {c01c7c0}
10-11 17:56:07.200  3389  3389 D PhoneFactory: getPhone:- phoneId != DEFAULT_PHONE_ID return sPhones[phoneId] phoneId=0 phone=Handler (com.qualcomm.qti.internal.telephony.QtiGsmCdmaPhone) {c01c7c0}
10-11 17:56:07.202  3389  3389 D PhoneFactory: getPhone:- phoneId != DEFAULT_PHONE_ID return sPhones[phoneId] phoneId=0 phone=Handler (com.qualcomm.qti.internal.telephony.QtiGsmCdmaPhone) {c01c7c0}
10-11 17:56:07.203  3389  3389 D PhoneFactory: getPhone:- phoneId != DEFAULT_PHONE_ID return sPhones[phoneId] phoneId=0 phone=Handler (com.qualcomm.qti.internal.telephony.QtiGsmCdmaPhone) {c01c7c0}
10-11 17:56:07.204  3389  3389 D PhoneFactory: getPhone:- phoneId != DEFAULT_PHONE_ID return sPhones[phoneId] phoneId=0 phone=Handler (com.qualcomm.qti.internal.telephony.QtiGsmCdmaPhone) {c01c7c0}
10-11 17:56:07.205  3389  3389 D PhoneFactory: getPhone:- phoneId != DEFAULT_PHONE_ID return sPhones[phoneId] phoneId=0 phone=Handler (com.qualcomm.qti.internal.telephony.QtiGsmCdmaPhone) {c01c7c0}
10-11 17:56:07.206  3389  3389 D PhoneFactory: getPhone:- phoneId != DEFAULT_PHONE_ID return sPhones[phoneId] phoneId=0 phone=Handler (com.qualcomm.qti.internal.telephony.QtiGsmCdmaPhone) {c01c7c0}
10-11 17:56:07.208  3389  3389 D PhoneFactory: getPhone:- phoneId != DEFAULT_PHONE_ID return sPhones[phoneId] phoneId=0 phone=Handler (com.qualcomm.qti.internal.telephony.QtiGsmCdmaPhone) {c01c7c0}
10-11 17:56:07.209  3389  3389 D PhoneFactory: getPhone:- phoneId != DEFAULT_PHONE_ID return sPhones[phoneId] phoneId=0 phone=Handler (com.qualcomm.qti.internal.telephony.QtiGsmCdmaPhone) {c01c7c0}
10-11 17:56:07.883  3389  3452 D RILJ    : Unsol response received for UNSOL_RESPONSE_CALL_STATE_CHANGED Sending ack to ril.cpp [SUB0]
10-11 17:56:07.883  3389  3452 D RILJ    : [UNSL]< UNSOL_RESPONSE_CALL_STATE_CHANGED [SUB0]
