10-11 17:56:22.591  3389  3389 D SST     : Poll ServiceState done:  oldSS=[0 1 voice home data home CMCC CMCC 46000 CMCC CMCC 46000  GSM Unknown CSS not supported -1 -1 RoamInd=-1 DefRoamInd=-1 EmergOnly=false IsDataRoamingFromRegistration=false IsUsingCarrierAggregation=false mRilImsRadioTechnology=0] newSS=[0 1 voice home data home CMCC CMCC 46000 CMCC CMCC 46000  GSM Unknown CSS not supported -1 -1 RoamInd=-1 DefRoamInd=-1 EmergOnly=false IsDataRoamingFromRegistration=false IsUsingCarrierAggregation=false mRilImsRadioTechnology=0] oldMaxDataCalls=20 mNewMaxDataCalls=20 oldReasonDataDenied=-1 mNewReasonDataDenied=-1
10-11 17:56:22.591  3389  3389 D SST     : getCellLocation(): X good mCellLoc=[6338,62627,-1]
10-11 17:56:22.592  1774  3934 D TelephonyRegistry: notifyCellLocationForSubscriber: subId=2 cellLocation=Bundle[mParcelledData.dataSize=64]
10-11 17:56:22.599  3389  3389 D PhoneFactory: getPhone:- phoneId != DEFAULT_PHONE_ID return sPhones[phoneId] phoneId=0 phone=Handler (com.qualcomm.qti.internal.telephony.QtiGsmCdmaPhone) {c01c7c0}
10-11 17:56:22.605  3389  3402 D PhoneFactory: getPhone:- phoneId != DEFAULT_PHONE_ID return sPhones[phoneId] phoneId=0 phone=Handler (com.qualcomm.qti.internal.telephony.QtiGsmCdmaPhone) {c01c7c0}
10-11 17:56:22.606  3389  3402 D SST     : getCellLocation(): X good mCellLoc=[6338,62627,-1]
10-11 17:56:22.607  3389  8835 D PhoneFactory: getPhone:- phoneId != DEFAULT_PHONE_ID return sPhones[phoneId] phoneId=0 phone=Handler (com.qualcomm.qti.internal.telephony.QtiGsmCdmaPhone) {c01c7c0}
10-11 17:56:22.613  3389  3401 D PhoneFactory: getPhone:- phoneId != DEFAULT_PHONE_ID return sPhones[phoneId] phoneId=0 phone=Handler (com.qualcomm.qti.internal.telephony.QtiGsmCdmaPhone) {c01c7c0}
10-11 17:56:22.619  3389  9773 D PhoneFactory: getPhone:- phoneId != DEFAULT_PHONE_ID return sPhones[phoneId] phoneId=0 phone=Handler (com.qualcomm.qti.internal.telephony.QtiGsmCdmaPhone) {c01c7c0}
10-11 17:56:22.623  3389  8835 D PhoneFactory: getPhone:- phoneId != DEFAULT_PHONE_ID return sPhones[phoneId] phoneId=0 phone=Handler (com.qualcomm.qti.internal.telephony.QtiGsmCdmaPhone) {c01c7c0}
10-11 17:56:24.423  3389  9767 D PhoneFactory: getPhone:- phoneId != DEFAULT_PHONE_ID return sPhones[phoneId] phoneId=0 phone=Handler (com.qualcomm.qti.internal.telephony.QtiGsmCdmaPhone) {c01c7c0}
10-11 17:56:24.427  3389  3401 D PhoneFactory: getPhone:- phoneId != DEFAULT_PHONE_ID return sPhones[phoneId] phoneId=0 phone=Handler (com.qualcomm.qti.internal.telephony.QtiGsmCdmaPhone) {c01c7c0}
10-11 17:56:24.431  3389  3474 D PhoneFactory: getPhone:- phoneId != DEFAULT_PHONE_ID return sPhones[phoneId] phoneId=0 phone=Handler (com.qualcomm.qti.internal.telephony.QtiGsmCdmaPhone) {c01c7c0}
10-11 17:56:24.434  3389  9773 D PhoneFactory: getPhone:- phoneId != DEFAULT_PHONE_ID return sPhones[phoneId] phoneId=0 phone=Handler (com.qualcomm.qti.internal.telephony.QtiGsmCdmaPhone) {c01c7c0}
10-11 17:56:31.139  3389  4239 D PhoneFactory: getPhone:- phoneId != DEFAULT_PHONE_ID return sPhones[phoneId] phoneId=0 phone=Handler (com.qualcomm.qti.internal.telephony.QtiGsmCdmaPhone) {c01c7c0}
10-11 17:56:31.143  3389  8835 D PhoneFactory: getPhone:- phoneId != DEFAULT_PHONE_ID return sPhones[phoneId] phoneId=0 phone=Handler (com.qualcomm.qti.internal.telephony.QtiGsmCdmaPhone) {c01c7c0}
10-11 17:56:32.837   818   990 I RILQ    : (0/818):RIL[0][event] qcril_qmi_nas_reset_data_snapshot_cache_and_timer: Resetting snapshot timer
10-11 17:56:32.842  3389  3452 D RILJ    : Unsol response received for UNSOL_RESPONSE_VOICE_NETWORK_STATE_CHANGED Sending ack to ril.cpp [SUB0]
10-11 17:56:32.842  3389  3452 D RILJ    : [UNSL]< UNSOL_RESPONSE_VOICE_NETWORK_STATE_CHANGED [SUB0]
10-11 17:56:32.842  3389  3389 D RILJ    : [4320]> OPERATOR [SUB0]
10-11 17:56:32.845  3389  3389 D RILJ    : [4321]> DATA_REGISTRATION_STATE [SUB0]
10-11 17:56:32.846  3389  3389 D RILJ    : [4322]> VOICE_REGISTRATION_STATE [SUB0]
10-11 17:56:32.848  3389  3389 D RILJ    : [4323]> QUERY_NETWORK_SELECTION_MODE [SUB0]
10-11 17:56:32.854  3389  3452 D RILJ    : [4320]< OPERATOR {CMCC, CMCC, 46000} [SUB0]
10-11 17:56:32.854   818 10396 I RILQ    : (0/818):RIL[0][cmd-21(504)] qcril_qmi_nas_reset_data_snapshot_cache_and_timer: Resetting snapshot timer
10-11 17:56:32.856  3389  3452 D RILJ    : [4322]< VOICE_REGISTRATION_STATE {1, 18c2, 000051b2, 16, null, null, null, 0, null, null, null, null, null, 0, null} [SUB0]
10-11 17:56:32.856  3389  3452 D RILJ    : [4323]< QUERY_NETWORK_SELECTION_MODE {0} [SUB0]
10-11 17:56:32.856  3389  3389 D SST     : EVENT_POLL_STATE_NETWORK_SELECTION_MODE
10-11 17:56:32.858  3389  3452 D RILJ    : [4321]< DATA_REGISTRATION_STATE {2, null, null, null, 0, 20, null, null, null, null, null} [SUB0]
10-11 17:56:32.858  3389  3389 D SST     : handlPollStateResultMessage: GsmSST setDataRegState=1 regState=2 dataRadioTechnology=0
10-11 17:56:32.861  3389  3389 D SST     : Poll ServiceState done:  oldSS=[0 1 voice home data home CMCC CMCC 46000 CMCC CMCC 46000  GSM Unknown CSS not supported -1 -1 RoamInd=-1 DefRoamInd=-1 EmergOnly=false IsDataRoamingFromRegistration=false IsUsingCarrierAggregation=false mRilImsRadioTechnology=0] newSS=[0 1 voice home data home CMCC CMCC 46000 CMCC CMCC 46000  GSM Unknown CSS not supported -1 -1 RoamInd=-1 DefRoamInd=-1 EmergOnly=false IsDataRoamingFromRegistration=false IsUsingCarrierAggregation=false mRilImsRadioTechnology=0] oldMaxDataCalls=20 mNewMaxDataCalls=20 oldReasonDataDenied=-1 mNewReasonDataDenied=-1
10-11 17:56:32.861  3389  3389 D SST     : getCellLocation(): X good mCellLoc=[6338,20914,-1]
10-11 17:56:32.862  1774  3895 D TelephonyRegistry: notifyCellLocationForSubscriber: subId=2 cellLocation=Bundle[mParcelledData.dataSize=64]
10-11 17:56:32.868  3389  3389 D PhoneFactory: getPhone:- phoneId != DEFAULT_PHONE_ID return sPhones[phoneId] phoneId=0 phone=Handler (com.qualcomm.qti.internal.telephony.QtiGsmCdmaPhone) {c01c7c0}
10-11 17:56:32.880  3389  4045 D PhoneFactory: getPhone:- phoneId != DEFAULT_PHONE_ID return sPhones[phoneId] phoneId=0 phone=Handler (com.qualcomm.qti.internal.telephony.QtiGsmCdmaPhone) {c01c7c0}
10-11 17:56:32.881  3389  4045 D SST     : getCellLocation(): X good mCellLoc=[6338,20914,-1]
10-11 17:56:32.882  3389  3560 D PhoneFactory: getPhone:- phoneId != DEFAULT_PHONE_ID return sPhones[phoneId] phoneId=0 phone=Handler (com.qualcomm.qti.internal.telephony.QtiGsmCdmaPhone) {c01c7c0}
10-11 17:56:32.890  3389 10041 D PhoneFactory: getPhone:- phoneId != DEFAULT_PHONE_ID return sPhones[phoneId] phoneId=0 phone=Handler (com.qualcomm.qti.internal.telephony.QtiGsmCdmaPhone) {c01c7c0}
10-11 17:56:32.897  3389  3402 D PhoneFactory: getPhone:- phoneId != DEFAULT_PHONE_ID return sPhones[phoneId] phoneId=0 phone=Handler (com.qualcomm.qti.internal.telephony.QtiGsmCdmaPhone) {c01c7c0}
10-11 17:56:32.902  3389  3560 D PhoneFactory: getPhone:- phoneId != DEFAULT_PHONE_ID return sPhones[phoneId] phoneId=0 phone=Handler (com.qualcomm.qti.internal.telephony.QtiGsmCdmaPhone) {c01c7c0}
10-11 17:56:35.621  3389  3401 D PhoneFactory: getPhone:- phoneId != DEFAULT_PHONE_ID return sPhones[phoneId] phoneId=0 phone=Handler (com.qualcomm.qti.internal.telephony.QtiGsmCdmaPhone) {c01c7c0}
10-11 17:56:35.625  3389 10041 D PhoneFactory: getPhone:- phoneId != DEFAULT_PHONE_ID return sPhones[phoneId] phoneId=0 phone=Handler (com.qualcomm.qti.internal.telephony.QtiGsmCdmaPhone) {c01c7c0}
10-11 17:56:35.637  3389  9773 D PhoneFactory: getPhone:- phoneId != DEFAULT_PHONE_ID return sPhones[phoneId] phoneId=0 phone=Handler (com.qualcomm.qti.internal.telephony.QtiGsmCdmaPhone) {c01c7c0}
10-11 17:56:35.641  3389  3402 D PhoneFactory: getPhone:- phoneId != DEFAULT_PHONE_ID return sPhones[phoneId] phoneId=0 phone=Handler (com.qualcomm.qti.internal.telephony.QtiGsmCdmaPhone) {c01c7c0}
10-11 17:56:37.860  3389  8835 D PhoneFactory: getPhone:- phoneId != DEFAULT_PHONE_ID return sPhones[phoneId] phoneId=0 phone=Handler (com.qualcomm.qti.internal.telephony.QtiGsmCdmaPhone) {c01c7c0}
10-11 17:56:37.865  3389  3560 D PhoneFactory: getPhone:- phoneId != DEFAULT_PHONE_ID return sPhones[phoneId] phoneId=0 phone=Handler (com.qualcomm.qti.internal.telephony.QtiGsmCdmaPhone) {c01c7c0}
10-11 17:56:40.664  3389 10041 D PhoneFactory: getPhone:- phoneId != DEFAULT_PHONE_ID return sPhones[phoneId] phoneId=0 phone=Handler (com.qualcomm.qti.internal.telephony.QtiGsmCdmaPhone) {c01c7c0}
10-11 17:56:40.669  3389  3402 D PhoneFactory: getPhone:- phoneId != DEFAULT_PHONE_ID return sPhones[phoneId] phoneId=0 phone=Handler (com.qualcomm.qti.internal.telephony.QtiGsmCdmaPhone) {c01c7c0}
10-11 17:56:40.677  3389  3560 D PhoneFactory: getPhone:- phoneId != DEFAULT_PHONE_ID return sPhones[phoneId] phoneId=0 phone=Handler (com.qualcomm.qti.internal.telephony.QtiGsmCdmaPhone) {c01c7c0}
10-11 17:56:41.668  3389  3389 D PhoneFactory: getPhone:- phoneId != DEFAULT_PHONE_ID return sPhones[phoneId] phoneId=0 phone=Handler (com.qualcomm.qti.internal.telephony.QtiGsmCdmaPhone) {c01c7c0}
10-11 17:56:41.676  3389  3389 D SubscriptionController: [getActiveSubscriptionInfoForSimSlotIndex]+ slotIdx=0 subId={id=2, iccId=898600120917 simSlotIndex=0 displayName=China Mobile carrierName=CMCC  China Mobile nameSource=0 iconTint=-13408298 dataRoaming=0 iconBitmap=android.graphics.Bitmap@64c1194 mcc 460 mnc 2}
10-11 17:56:41.690   818   990 I RILQ    : (0/818):RIL[0][event] qcril_qmi_voice_all_call_status_ind_hdlr: call state DISCONNECTING for conn id 1
10-11 17:56:41.695   818   990 I RILQ    : (0/818):RIL[0][event] qcril_qmi_voice_all_call_status_ind_hdlr: RILVIMS: update 1 calls[a-c-id: 1, q-c-id 1, c-s 3 -> 8]
10-11 17:56:41.695  3389  3452 D RILJ    : Unsol response received for UNSOL_OEM_HOOK_RAW Sending ack to ril.cpp [SUB0]
10-11 17:56:41.695  3389  3452 V RILJ    : [UNSL]< UNSOL_OEM_HOOK_RAW 514f454d484f4f4bf703080029000000767369643d3239373831363036343b63616c6c5f73746174653d323b63616c6c5f747970653d47534d [SUB0]
10-11 17:56:41.695  3389  3389 D QtiGsmCdmaPhone: handleMessage: Event: 34
10-11 17:56:41.827   818   990 I RILQ    : (0/818):RIL[0][event] qcril_qmi_voice_all_call_status_ind_hdlr: call state END for conn id 1
10-11 17:56:41.827   818   990 I RILQ    : (0/818):RIL[0][event] qcril_qmi_voice_map_qmi_to_ril_last_call_failure_cause: map qmi reason: 145 to ril reason: 16
10-11 17:56:41.827   818   990 I RILQ    : (0/818):RIL[0][event] qcril_qmi_voice_map_qmi_to_ril_last_call_failure_cause: ril reason str: Normal call clearing
10-11 17:56:41.830  3389  3452 D RILJ    : Unsol response received for UNSOL_RESPONSE_CALL_STATE_CHANGED Sending ack to ril.cpp [SUB0]
10-11 17:56:41.830  3389  3452 D RILJ    : [UNSL]< UNSOL_RESPONSE_CALL_STATE_CHANGED [SUB0]
10-11 17:56:41.831  3389  3389 D GsmCdmaCallTracker: [GsmCdmaCallTracker] checkNoOperationsPending: pendingOperations=0
10-11 17:56:41.831  3389  3389 D RILJ    : [4326]> GET_CURRENT_CALLS [SUB0]
10-11 17:56:41.834   818   912 I RILQ    : (0/818):RIL[0][main] qcril_qmi_get_call_list_to_send: RILVI: calls rep: reported/skipped 0/1 calls
10-11 17:56:41.835  3389  3452 D RILJ    : [4326]< GET_CURRENT_CALLS {} [SUB0]
10-11 17:56:41.835  3389  3389 D GsmCdmaCallTracker: Event EVENT_POLL_CALLS_RESULT Received
10-11 17:56:41.836  3389  3389 D GsmCdmaCallTracker: [GsmCdmaCallTracker] handle EVENT_POLL_CALL_RESULT: set needsPoll=F
10-11 17:56:41.836  3389  3389 D GsmCdmaCallTracker: [GsmCdmaCallTracker] handlePollCalls
10-11 17:56:41.836  3389  3389 D GsmCdmaCallTracker: [GsmCdmaCallTracker] poll: conn[i=0]= callId: TC@1_1 isExternal: N incoming: true state: ACTIVE post dial state: NOT_STARTED, dc=null
10-11 17:56:41.836  3389  3389 D GsmCdmaCallTracker: [GsmCdmaCallTracker] poll: conn[i=1]=null, dc=null
10-11 17:56:41.836  3389  3389 D GsmCdmaCallTracker: [GsmCdmaCallTracker] poll: conn[i=2]=null, dc=null
10-11 17:56:41.836  3389  3389 D GsmCdmaCallTracker: [GsmCdmaCallTracker] poll: conn[i=3]=null, dc=null
10-11 17:56:41.836  3389  3389 D GsmCdmaCallTracker: [GsmCdmaCallTracker] poll: conn[i=4]=null, dc=null
10-11 17:56:41.836  3389  3389 D GsmCdmaCallTracker: [GsmCdmaCallTracker] poll: conn[i=5]=null, dc=null
10-11 17:56:41.836  3389  3389 D GsmCdmaCallTracker: [GsmCdmaCallTracker] poll: conn[i=6]=null, dc=null
10-11 17:56:41.836  3389  3389 D GsmCdmaCallTracker: [GsmCdmaCallTracker] poll: conn[i=7]=null, dc=null
10-11 17:56:41.836  3389  3389 D GsmCdmaCallTracker: [GsmCdmaCallTracker] poll: conn[i=8]=null, dc=null
10-11 17:56:41.836  3389  3389 D GsmCdmaCallTracker: [GsmCdmaCallTracker] poll: conn[i=9]=null, dc=null
10-11 17:56:41.836  3389  3389 D GsmCdmaCallTracker: [GsmCdmaCallTracker] poll: conn[i=10]=null, dc=null
10-11 17:56:41.836  3389  3389 D GsmCdmaCallTracker: [GsmCdmaCallTracker] poll: conn[i=11]=null, dc=null
10-11 17:56:41.836  3389  3389 D GsmCdmaCallTracker: [GsmCdmaCallTracker] poll: conn[i=12]=null, dc=null
10-11 17:56:41.836  3389  3389 D GsmCdmaCallTracker: [GsmCdmaCallTracker] poll: conn[i=13]=null, dc=null
10-11 17:56:41.836  3389  3389 D GsmCdmaCallTracker: [GsmCdmaCallTracker] poll: conn[i=14]=null, dc=null
10-11 17:56:41.836  3389  3389 D GsmCdmaCallTracker: [GsmCdmaCallTracker] poll: conn[i=15]=null, dc=null
10-11 17:56:41.836  3389  3389 D GsmCdmaCallTracker: [GsmCdmaCallTracker] poll: conn[i=16]=null, dc=null
10-11 17:56:41.836  3389  3389 D GsmCdmaCallTracker: [GsmCdmaCallTracker] poll: conn[i=17]=null, dc=null
10-11 17:56:41.836  3389  3389 D GsmCdmaCallTracker: [GsmCdmaCallTracker] poll: conn[i=18]=null, dc=null
10-11 17:56:41.837  3389  3389 D RILJ    : [4327]> LAST_CALL_FAIL_CAUSE [SUB0]
10-11 17:56:41.840   937  1029 I RILQ    : (1/937):RIL[1][event] qcril_qmi_imsa_service_status_ind_hdlr: VOIP: service_status(not valid): 0, rat(not valid): 0
10-11 17:56:41.840   937  1029 I RILQ    : (1/937):RIL[1][event] qcril_qmi_imsa_service_status_ind_hdlr: VT: service_status(not valid): 0, rat(not valid): 0
10-11 17:56:41.840   937  1029 I RILQ    : (1/937):RIL[1][event] qcril_qmi_imsa_service_status_ind_hdlr: UT: service_status(valid): 2, rat(valid): 1
10-11 17:56:41.841  3389  3389 D GsmCdmaCallTracker: [GsmCdmaCallTracker] handlePollCalls calling updatePhoneState()
10-11 17:56:41.841  3389  3389 D GsmCdmaCallTracker: [GsmCdmaCallTracker] update phone state, old=OFFHOOK new=OFFHOOK
10-11 17:56:41.843  3389  3452 D RILJ    : [4327]< LAST_CALL_FAIL_CAUSE com.android.internal.telephony.LastCallFailCause@836c43d causeCode: 16 vendorCause: Normal call clearing [SUB0]
10-11 17:56:41.844  3389  3389 D GsmCdmaCallTracker: [GsmCdmaCallTracker] operationComplete: pendingOperations=0, needsPoll=false
10-11 17:56:41.844  3389  3389 D GsmCdmaConnection: onDisconnect: cause=2
10-11 17:56:41.846  3389  3389 D GsmCdmaCallTracker: [GsmCdmaCallTracker] update phone state, old=OFFHOOK new=IDLE
10-11 17:56:41.854  3389  3389 D CallManager:  handleMessage (EVENT_DISCONNECT)
10-11 17:56:41.856  3389  3389 W PhoneNumberUtils: getCountryIso Country {ISO=CN, source=0, time=295587}
10-11 17:56:41.856  3389  3389 W PhoneNumberUtils: isLocalEmergencyNumberInternalCN
10-11 17:56:41.859  3389  3389 D PhoneNumberUtils: slotId:0 subId:2 country:CN useExactMatch:true emergencyNumbers: 112,000,08,118,122,911,999,119,120,110,*911,#911
10-11 17:56:41.994  3389  3389 D RILJ    : [4328]> SET_SUPP_SVC_NOTIFICATION [SUB0]
10-11 17:56:41.999  3389  3389 D QtiGsmDCT: [0]QtiDcTracker handleMessage msg={ when=-153ms what=270344 obj=android.os.AsyncResult@34a5432 target=com.qualcomm.qti.internal.telephony.dataconnection.QtiDcTracker }
10-11 17:56:41.999  3389  3389 D QtiGsmDCT: [0]onVoiceCallEnded
10-11 17:56:41.999  3389  3389 D QtiGsmDCT: [0]setupDataOnConnectableApns: 2GVoiceCallEnded emergency:[state=IDLE,enabled=false] mms:[state=IDLE,enabled=false] supl:[state=IDLE,enabled=false] hipri:[state=IDLE,enabled=false] dun:[state=IDLE,enabled=false] fota:[state=IDLE,enabled=false] ims:[state=IDLE,enabled=false] default:[state=IDLE,enabled=false] cbs:[state=IDLE,enabled=false] 
10-11 17:56:42.000  3389  3389 D CallManager:  handleMessage (EVENT_PRECISE_CALL_STATE_CHANGED)
10-11 17:56:42.000  3389  3389 D PhoneSwitcher: handle event - 108
10-11 17:56:42.002  3389  3389 D PhoneSwitcher: EVENT_VOICE_CALL_ENDED
10-11 17:56:42.002  3389  3389 D PhoneSwitcher: isAnyVoiceCallActiveOnDevice: false
10-11 17:56:42.022  3389  3452 D RILJ    : Unsol response received for UNSOL_OEM_HOOK_RAW Sending ack to ril.cpp [SUB0]
10-11 17:56:42.022  3389  3452 V RILJ    : [UNSL]< UNSOL_OEM_HOOK_RAW 514f454d484f4f4bf70308001b000000767369643d3239373831363036343b63616c6c5f73746174653d31 [SUB0]
10-11 17:56:42.031  3389  3452 D RILJ    : Unsol response received for UNSOL_OEM_HOOK_RAW Sending ack to ril.cpp [SUB0]
10-11 17:56:42.031  3389  3452 V RILJ    : [UNSL]< UNSOL_OEM_HOOK_RAW 514f454d484f4f4bf70308001b000000767369643d3239373831363036343b63616c6c5f73746174653d31 [SUB0]
10-11 17:56:42.032   818   990 I RILQ    : (0/818):RIL[0][event] qcril_qmi_voice_all_call_status_ind_hdlr: RILVIMS: update 1 calls[a-c-id: 1, q-c-id 1, c-s 8 -> 9]
10-11 17:56:42.034   818   990 I RILQ    : (0/818):RIL[0][event] qcril_arb_set_dsd_sys_status: old_pref_data -1374970264 - new_data_pref -1374970320
10-11 17:56:42.034   818   990 I RILQ    : (0/818):RIL[0][event] qcril_arb_set_dsd_sys_status: preferred dsd_sys_status nw=0x0, rat_value=0x2, so_mask=0x0000000000000080
10-11 17:56:42.034   818   990 I RILQ    : (0/818):RIL[0][event] qcril_arb_set_dsd_sys_status: preferred 1 - dsd_sys_status nw=0x0, rat_value=0x2, so_mask=0x0000000000000080
10-11 17:56:42.034   818   990 I RILQ    : (0/818):RIL[0][event] qcril_arb_set_dsd_sys_status: preferred 0 - dsd_sys_status nw=0x2, rat_value=0xc9, so_mask=0x0000000000000000
10-11 17:56:42.034   818   990 I RILQ    : (0/818):RIL[0][event] qcril_arb_set_dsd_sys_status: is_wwan_available 0
10-11 17:56:42.034  3389  3452 D RILJ    : Unsol response received for UNSOL_OEM_HOOK_RAW Sending ack to ril.cpp [SUB0]
10-11 17:56:42.035  3389  3452 V RILJ    : [UNSL]< UNSOL_OEM_HOOK_RAW 514f454d484f4f4bf70308001b000000767369643d3239373831363036343b63616c6c5f73746174653d31 [SUB0]
10-11 17:56:42.036  3389  3452 D RILJ    : Unsol response received for UNSOL_OEM_HOOK_RAW Sending ack to ril.cpp [SUB0]
10-11 17:56:42.036  3389  3452 V RILJ    : [UNSL]< UNSOL_OEM_HOOK_RAW 514f454d484f4f4bfa0308000100000000 [SUB0]
10-11 17:56:42.037   818   990 I RILQ    : (0/818):RIL[0][event] qcril_qmi_imsa_service_status_ind_hdlr: VOIP: service_status(not valid): 0, rat(not valid): 0
10-11 17:56:42.037   818   990 I RILQ    : (0/818):RIL[0][event] qcril_qmi_imsa_service_status_ind_hdlr: VT: service_status(not valid): 0, rat(not valid): 0
10-11 17:56:42.037   818   990 I RILQ    : (0/818):RIL[0][event] qcril_qmi_imsa_service_status_ind_hdlr: UT: service_status(valid): 2, rat(valid): 1
10-11 17:56:42.039  3389  3452 D RILJ    : Unsol response received for UNSOL_RESPONSE_VOICE_NETWORK_STATE_CHANGED Sending ack to ril.cpp [SUB0]
10-11 17:56:42.039  3389  3452 D RILJ    : [UNSL]< UNSOL_RESPONSE_VOICE_NETWORK_STATE_CHANGED [SUB0]
10-11 17:56:42.040  3389  3452 D RILJ    : [4328]< SET_SUPP_SVC_NOTIFICATION  [SUB0]
10-11 17:56:42.044  3389  3389 D QtiGsmCdmaPhone: handleMessage: Event: 34
10-11 17:56:42.045  3389  3389 D QtiGsmCdmaPhone: handleMessage: Event: 34
10-11 17:56:42.046  3389  3389 D QtiGsmCdmaPhone: handleMessage: Event: 34
10-11 17:56:42.047  3389  3389 D QtiGsmCdmaPhone: handleMessage: Event: 34
10-11 17:56:42.051  3389  3389 D RILJ    : [4334]> OPERATOR [SUB0]
10-11 17:56:42.053  3389  3401 D PhoneFactory: getPhone:- phoneId != DEFAULT_PHONE_ID return sPhones[phoneId] phoneId=0 phone=Handler (com.qualcomm.qti.internal.telephony.QtiGsmCdmaPhone) {c01c7c0}
10-11 17:56:42.053  3389  3389 D RILJ    : [4335]> DATA_REGISTRATION_STATE [SUB0]
10-11 17:56:42.055  3389  3389 D RILJ    : [4336]> VOICE_REGISTRATION_STATE [SUB0]
10-11 17:56:42.056  3389  3389 D RILJ    : [4337]> QUERY_NETWORK_SELECTION_MODE [SUB0]
10-11 17:56:42.060  3389 10041 D PhoneFactory: getPhone:- phoneId != DEFAULT_PHONE_ID return sPhones[phoneId] phoneId=0 phone=Handler (com.qualcomm.qti.internal.telephony.QtiGsmCdmaPhone) {c01c7c0}
10-11 17:56:42.061  3389  4153 D ImsManager: registrationFeatureCapabilityChanged :: serviceClass=1
10-11 17:56:42.061  3389  4153 D ImsPhoneCallTracker: [ImsPhoneCallTracker] onFeatureCapabilityChanged: VoLTE:false ViLTE:false VoWiFi:false ViWiFi:false UTLTE:true UTWiFi:false 
10-11 17:56:42.061  3389  4153 D ImsPhoneCallTracker: [ImsPhoneCallTracker] onFeatureCapabilityChanged: isVolteEnabled=false, isVideoCallEnabled=false, isVowifiEnabled=false, isUtEnabled=true
10-11 17:56:42.068  3389  3452 D RILJ    : [4336]< VOICE_REGISTRATION_STATE {1, 18c2, 000051b2, 16, null, null, null, 0, null, null, null, null, null, 0, null} [SUB0]
10-11 17:56:42.069  3389  3452 D RILJ    : [4334]< OPERATOR {CMCC, CMCC, 46000} [SUB0]
10-11 17:56:42.070  3389  3452 D RILJ    : [4335]< DATA_REGISTRATION_STATE {1, 18c2, 000051b2, 1, null, 20, null, null, null, null, null} [SUB0]
10-11 17:56:42.071  3389  3452 D RILJ    : [4337]< QUERY_NETWORK_SELECTION_MODE {0} [SUB0]
10-11 17:56:42.074  3389  8835 D PhoneFactory: getPhone:- phoneId != DEFAULT_PHONE_ID return sPhones[phoneId] phoneId=0 phone=Handler (com.qualcomm.qti.internal.telephony.QtiGsmCdmaPhone) {c01c7c0}
10-11 17:56:42.074  3389  3452 D RILJ    : Unsol response received for UNSOL_RESPONSE_VOICE_NETWORK_STATE_CHANGED Sending ack to ril.cpp [SUB0]
10-11 17:56:42.074  3389  3452 D RILJ    : [UNSL]< UNSOL_RESPONSE_VOICE_NETWORK_STATE_CHANGED [SUB0]
10-11 17:56:42.091  3389  3389 D PhoneFactory: getPhone:- phoneId != DEFAULT_PHONE_ID return sPhones[phoneId] phoneId=0 phone=Handler (com.qualcomm.qti.internal.telephony.QtiGsmCdmaPhone) {c01c7c0}
10-11 17:56:42.097  3389  3389 D SubscriptionController: [getActiveSubscriptionInfoForSimSlotIndex]+ slotIdx=0 subId={id=2, iccId=898600120917 simSlotIndex=0 displayName=China Mobile carrierName=CMCC  China Mobile nameSource=0 iconTint=-13408298 dataRoaming=0 iconBitmap=android.graphics.Bitmap@384a2d7 mcc 460 mnc 2}
10-11 17:56:42.108  3389  3389 D PhoneFactory: getPhone:- phoneId != DEFAULT_PHONE_ID return sPhones[phoneId] phoneId=0 phone=Handler (com.qualcomm.qti.internal.telephony.QtiGsmCdmaPhone) {c01c7c0}
10-11 17:56:42.113  3389  3389 D SubscriptionController: [getActiveSubscriptionInfo]+ subId=2 subInfo={id=2, iccId=898600120917 simSlotIndex=0 displayName=China Mobile carrierName=CMCC  China Mobile nameSource=0 iconTint=-13408298 dataRoaming=0 iconBitmap=android.graphics.Bitmap@e5c2de2 mcc 460 mnc 2}
10-11 17:56:42.130  3389  3389 D SST     : EVENT_IMS_CAPABILITY_CHANGED
10-11 17:56:42.133  3389  3389 D SIMRecords: [SIMRecords] getServiceProviderName: no brandOverride, providerName=China Mobile
10-11 17:56:42.133  3389  3389 D SIMRecords: [SIMRecords] getServiceProviderName: no brandOverride, providerName=China Mobile
10-11 17:56:42.134  3389  3389 D SST     : handlPollStateResultMessage: GsmSST setDataRegState=0 regState=1 dataRadioTechnology=1
10-11 17:56:42.134  3389  3389 D SST     : EVENT_POLL_STATE_NETWORK_SELECTION_MODE
10-11 17:56:42.136  3389  3389 D SST     : Poll ServiceState done:  oldSS=[0 1 voice home data home CMCC CMCC 46000 CMCC CMCC 46000  GSM Unknown CSS not supported -1 -1 RoamInd=-1 DefRoamInd=-1 EmergOnly=false IsDataRoamingFromRegistration=false IsUsingCarrierAggregation=false mRilImsRadioTechnology=0] newSS=[0 0 voice home data home CMCC CMCC 46000 CMCC CMCC 46000  GSM GPRS CSS not supported -1 -1 RoamInd=-1 DefRoamInd=-1 EmergOnly=false IsDataRoamingFromRegistration=false IsUsingCarrierAggregation=false mRilImsRadioTechnology=0] oldMaxDataCalls=20 mNewMaxDataCalls=20 oldReasonDataDenied=-1 mNewReasonDataDenied=-1
10-11 17:56:42.137  3389  3389 D TelephonyManager: setTelephonyProperty: success phoneId=0 property=gsm.network.type value: GPRS propVal=GPRS,Unknown
10-11 17:56:42.168  3389  3389 D SIMRecords: [SIMRecords] getServiceProviderName: no brandOverride, providerName=China Mobile
10-11 17:56:42.168  3389  3389 D SIMRecords: [SIMRecords] getServiceProviderName: no brandOverride, providerName=China Mobile
10-11 17:56:42.170  3389  3389 D TelephonyManager: setTelephonyProperty: success phoneId=0 property=gsm.operator.alpha value: CMCC propVal=CMCC
10-11 17:56:42.170  3389  3389 D TelephonyManager: setTelephonyProperty: success phoneId=0 property=gsm.operator.numeric value: 46000 propVal=46000
10-11 17:56:42.175  3389  3389 D TelephonyManager: setTelephonyProperty: success phoneId=0 property=gsm.operator.iso-country value: cn propVal=cn
10-11 17:56:42.184  3389  3389 D SST     : pollStateDone: there are 2 unique offsets for iso-cc='cn testOneUniqueOffsetPath=false', do nothing
10-11 17:56:42.184  3389  3389 D SST     : shouldFixTimeZoneNow: retVal=false iccCardExist=true operatorNumeric=46000 mcc=460 prevOperatorNumeric=46000 prevMcc=460 needToFixTimeZone=false ltod=10-11 17:56:42.184
10-11 17:56:42.184  3389  3389 D TelephonyManager: setTelephonyProperty: success phoneId=0 property=gsm.operator.isroaming value: false propVal=false,false
10-11 17:56:42.185  3389  3389 D SST     : Broadcasting ServiceState : 0 0 voice home data home CMCC CMCC 46000 CMCC CMCC 46000  GSM GPRS CSS not supported -1 -1 RoamInd=-1 DefRoamInd=-1 EmergOnly=false IsDataRoamingFromRegistration=false IsUsingCarrierAggregation=false mRilImsRadioTechnology=0
10-11 17:56:42.185  3389  3389 D DefaultPhoneNotifier: nofityServiceState: mRegistry=com.android.internal.telephony.ITelephonyRegistry$Stub$Proxy@1cc1975 ss=0 0 voice home data home CMCC CMCC 46000 CMCC CMCC 46000  GSM GPRS CSS not supported -1 -1 RoamInd=-1 DefRoamInd=-1 EmergOnly=false IsDataRoamingFromRegistration=false IsUsingCarrierAggregation=false mRilImsRadioTechnology=0 sender=Handler (com.qualcomm.qti.internal.telephony.QtiGsmCdmaPhone) {c01c7c0} phondId=0 subId=2
10-11 17:56:42.192  3389  4239 D PhoneFactory: getPhone:- phoneId != DEFAULT_PHONE_ID return sPhones[phoneId] phoneId=0 phone=Handler (com.qualcomm.qti.internal.telephony.QtiGsmCdmaPhone) {c01c7c0}
10-11 17:56:42.192  3389  4239 D GsmCdmaPhone: [GsmCdmaPhone] getDataConnectionState apnType=default ret=DISCONNECTED
10-11 17:56:42.194  3389  3389 D PhoneFactory: getPhone:- phoneId != DEFAULT_PHONE_ID return sPhones[phoneId] phoneId=0 phone=Handler (com.qualcomm.qti.internal.telephony.QtiGsmCdmaPhone) {c01c7c0}
10-11 17:56:42.203  3389  3389 D SST     : notifyDataRegStateRilRadioTechnologyChanged: drs=0 rat=1
10-11 17:56:42.204  3389  3389 D TelephonyManager: setTelephonyProperty: success phoneId=0 property=gsm.network.type value: GPRS propVal=GPRS,Unknown
10-11 17:56:42.204  3389  3389 D QtiGsmDCT: [0]get all active apn types
10-11 17:56:42.204  3389  3477 D DC-1    : DcInactiveState nothandled msg.what=EVENT_DATA_CONNECTION_DRS_OR_RAT_CHANGED
10-11 17:56:42.205  3389  3477 D DC-1    : DcDefault msg=EVENT_DATA_CONNECTION_DRS_OR_RAT_CHANGED RefCount=0
10-11 17:56:42.205  3389  3389 D RILJ    : [4339]> OPERATOR [SUB0]
10-11 17:56:42.205  3389  3477 D DC-1    : DcDefaultState: EVENT_DATA_CONNECTION_DRS_OR_RAT_CHANGED drs=0 mRilRat=1
10-11 17:56:42.207  3389  9773 D PhoneFactory: getPhone:- phoneId != DEFAULT_PHONE_ID return sPhones[phoneId] phoneId=0 phone=Handler (com.qualcomm.qti.internal.telephony.QtiGsmCdmaPhone) {c01c7c0}
10-11 17:56:42.207  3389  3389 D RILJ    : [4340]> DATA_REGISTRATION_STATE [SUB0]
10-11 17:56:42.214  3389  3389 D RILJ    : [4341]> VOICE_REGISTRATION_STATE [SUB0]
10-11 17:56:42.218  3389  3452 D RILJ    : [4339]< OPERATOR {CMCC, CMCC, 46000} [SUB0]
10-11 17:56:42.219  3389  3389 D RILJ    : [4342]> QUERY_NETWORK_SELECTION_MODE [SUB0]
10-11 17:56:42.221  3389  3560 D PhoneFactory: getPhone:- phoneId != DEFAULT_PHONE_ID return sPhones[phoneId] phoneId=0 phone=Handler (com.qualcomm.qti.internal.telephony.QtiGsmCdmaPhone) {c01c7c0}
10-11 17:56:42.222  3389  3452 D RILJ    : [4340]< DATA_REGISTRATION_STATE {1, 18c2, 000051b2, 1, null, 20, null, null, null, null, null} [SUB0]
10-11 17:56:42.223  3389  3452 D RILJ    : [4341]< VOICE_REGISTRATION_STATE {1, 18c2, 000051b2, 16, null, null, null, 0, null, null, 1, null, null, 0, null} [SUB0]
10-11 17:56:42.224  3389  9767 D PhoneFactory: getPhone:- phoneId != DEFAULT_PHONE_ID return sPhones[phoneId] phoneId=0 phone=Handler (com.qualcomm.qti.internal.telephony.QtiGsmCdmaPhone) {c01c7c0}
10-11 17:56:42.224  3389  3452 D RILJ    : [4342]< QUERY_NETWORK_SELECTION_MODE {0} [SUB0]
10-11 17:56:42.227  3389  3474 D PhoneFactory: getPhone:- phoneId != DEFAULT_PHONE_ID return sPhones[phoneId] phoneId=0 phone=Handler (com.qualcomm.qti.internal.telephony.QtiGsmCdmaPhone) {c01c7c0}
10-11 17:56:42.251  3389  3474 D PhoneFactory: getPhone:- phoneId != DEFAULT_PHONE_ID return sPhones[phoneId] phoneId=0 phone=Handler (com.qualcomm.qti.internal.telephony.QtiGsmCdmaPhone) {c01c7c0}
10-11 17:56:42.260  3389  3401 D PhoneFactory: getPhone:- phoneId != DEFAULT_PHONE_ID return sPhones[phoneId] phoneId=0 phone=Handler (com.qualcomm.qti.internal.telephony.QtiGsmCdmaPhone) {c01c7c0}
10-11 17:56:42.289  3389  3389 D PhoneSwitcher: handle event - 110
10-11 17:56:42.290  3389  3389 D CallManager:  handleMessage (EVENT_SERVICE_STATE_CHANGED)
10-11 17:56:42.290  3389  3389 D ImsPhone: handleMessage what=52
10-11 17:56:42.292  3389  3389 D QtiGsmDCT: [0]QtiDcTracker handleMessage msg={ when=-88ms what=270352 obj=android.os.AsyncResult@493462e target=com.qualcomm.qti.internal.telephony.dataconnection.QtiDcTracker }
10-11 17:56:42.292  3389  3389 D QtiGsmDCT: [0]onDataConnectionAttached
10-11 17:56:42.294  3389  3389 D CdmaSSM : subscriptionSource from settings: 0
10-11 17:56:42.295  3389  9767 D PhoneFactory: getPhone:- phoneId != DEFAULT_PHONE_ID return sPhones[phoneId] phoneId=0 phone=Handler (com.qualcomm.qti.internal.telephony.QtiGsmCdmaPhone) {c01c7c0}
10-11 17:56:42.295  3389  3401 D SubscriptionController: [getActiveSubscriptionInfo]+ subId=2 subInfo={id=2, iccId=898600120917 simSlotIndex=0 displayName=China Mobile carrierName=CMCC  China Mobile nameSource=0 iconTint=-13408298 dataRoaming=0 iconBitmap=android.graphics.Bitmap@7ab15cf mcc 460 mnc 2}
10-11 17:56:42.303  3389  3389 D CdmaSSM : subscriptionSource from settings: 0
10-11 17:56:42.304  3389  3402 D PhoneFactory: getPhone:- phoneId != DEFAULT_PHONE_ID return sPhones[phoneId] phoneId=0 phone=Handler (com.qualcomm.qti.internal.telephony.QtiGsmCdmaPhone) {c01c7c0}
10-11 17:56:42.311  3389  3389 D PhoneFactory: getPhone:- phoneId != DEFAULT_PHONE_ID return sPhones[phoneId] phoneId=0 phone=Handler (com.qualcomm.qti.internal.telephony.QtiGsmCdmaPhone) {c01c7c0}
10-11 17:56:42.311  3389  3560 D PhoneFactory: getPhone:- phoneId != DEFAULT_PHONE_ID return sPhones[phoneId] phoneId=0 phone=Handler (com.qualcomm.qti.internal.telephony.QtiGsmCdmaPhone) {c01c7c0}
10-11 17:56:42.315  1774  3869 D TelephonyRegistry: Notify data connection state changed on sub: 2
10-11 17:56:42.315  1774  3869 D TelephonyRegistry: Notify data connection state changed on sub: 2
10-11 17:56:42.315  1774  3869 D TelephonyRegistry: Notify data connection state changed on sub: 2
10-11 17:56:42.319  3389  9767 D SubscriptionController: [getActiveSubscriptionInfo]+ subId=2 subInfo={id=2, iccId=898600120917 simSlotIndex=0 displayName=China Mobile carrierName=CMCC  China Mobile nameSource=0 iconTint=-13408298 dataRoaming=0 iconBitmap=android.graphics.Bitmap@1978b5c mcc 460 mnc 2}
10-11 17:56:42.327  3389  8835 D PhoneFactory: getPhone:- phoneId != DEFAULT_PHONE_ID return sPhones[phoneId] phoneId=0 phone=Handler (com.qualcomm.qti.internal.telephony.QtiGsmCdmaPhone) {c01c7c0}
10-11 17:56:42.336  3389 10041 D SST     : SST.getAllCellInfo(): E
10-11 17:56:42.336  3389 10041 D SST     : isCallerOnDifferentThread: true
10-11 17:56:42.336  3389 10041 D RILJ    : [4343]> RIL_REQUEST_GET_CELL_INFO_LIST [SUB0]
10-11 17:56:42.348  3389  3389 D CdmaSSM : subscriptionSource from settings: 0
10-11 17:56:42.350  3389  3452 D RILJ    : [4343]< RIL_REQUEST_GET_CELL_INFO_LIST [CellInfoGsm:{mRegistered=YES mTimeStampType=oem_ril mTimeStamp=329840122476ns CellIdentityGsm:{ mMcc=2147483647 mMnc=2147483647 mLac=2147483647 mCid=2147483647 mArfcn=0 mBsic=0x0} CellSignalStrengthGsm: ss=0 ber=99 mTa=2}] [SUB0]
10-11 17:56:42.354  3389  4045 D SubscriptionController: [getSubId]- numSubIds == 0, return DummySubIds slotIdx=1
10-11 17:56:42.363  3389  4239 D PhoneFactory: getPhone:- phoneId != DEFAULT_PHONE_ID return sPhones[phoneId] phoneId=0 phone=Handler (com.qualcomm.qti.internal.telephony.QtiGsmCdmaPhone) {c01c7c0}
10-11 17:56:42.365  3389  3389 D PhoneFactory: getPhone:- phoneId != DEFAULT_PHONE_ID return sPhones[phoneId] phoneId=0 phone=Handler (com.qualcomm.qti.internal.telephony.QtiGsmCdmaPhone) {c01c7c0}
10-11 17:56:42.365  3389  8835 D PhoneFactory: getPhone:- phoneId != DEFAULT_PHONE_ID return sPhones[phoneId] phoneId=0 phone=Handler (com.qualcomm.qti.internal.telephony.QtiGsmCdmaPhone) {c01c7c0}
10-11 17:56:42.377  3389  3389 D CdmaSSM : subscriptionSource from settings: 0
10-11 17:56:42.380  3389  3389 D PhoneFactory: getPhone:- phoneId != DEFAULT_PHONE_ID return sPhones[phoneId] phoneId=0 phone=Handler (com.qualcomm.qti.internal.telephony.QtiGsmCdmaPhone) {c01c7c0}
10-11 17:56:42.395  3389  3474 D PhoneFactory: getPhone:- phoneId != DEFAULT_PHONE_ID return sPhones[phoneId] phoneId=0 phone=Handler (com.qualcomm.qti.internal.telephony.QtiGsmCdmaPhone) {c01c7c0}
10-11 17:56:42.401  3389  3389 D CdmaSSM : subscriptionSource from settings: 0
10-11 17:56:42.404  3389  4045 D PhoneFactory: getPhone:- phoneId != DEFAULT_PHONE_ID return sPhones[phoneId] phoneId=0 phone=Handler (com.qualcomm.qti.internal.telephony.QtiGsmCdmaPhone) {c01c7c0}
10-11 17:56:42.411  3389  3389 D PhoneFactory: getPhone:- phoneId != DEFAULT_PHONE_ID return sPhones[phoneId] phoneId=0 phone=Handler (com.qualcomm.qti.internal.telephony.QtiGsmCdmaPhone) {c01c7c0}
10-11 17:56:42.412  3389  3560 D PhoneFactory: getPhone:- phoneId != DEFAULT_PHONE_ID return sPhones[phoneId] phoneId=0 phone=Handler (com.qualcomm.qti.internal.telephony.QtiGsmCdmaPhone) {c01c7c0}
10-11 17:56:42.413  3389  4045 D SubscriptionController: [getActiveSubscriptionInfo]+ subId=2 subInfo={id=2, iccId=898600120917 simSlotIndex=0 displayName=China Mobile carrierName=CMCC  China Mobile nameSource=0 iconTint=-13408298 dataRoaming=0 iconBitmap=android.graphics.Bitmap@d6d3feb mcc 460 mnc 2}
10-11 17:56:42.424  3389  3389 D CdmaSSM : subscriptionSource from settings: 0
10-11 17:56:42.425  3389  4312 D SubscriptionController: [getSubId]- numSubIds == 0, return DummySubIds slotIdx=1
10-11 17:56:42.431  3389  3389 D PhoneFactory: getPhone:- phoneId != DEFAULT_PHONE_ID return sPhones[phoneId] phoneId=0 phone=Handler (com.qualcomm.qti.internal.telephony.QtiGsmCdmaPhone) {c01c7c0}
10-11 17:56:42.447  3389  3401 D PhoneFactory: getPhone:- phoneId != DEFAULT_PHONE_ID return sPhones[phoneId] phoneId=0 phone=Handler (com.qualcomm.qti.internal.telephony.QtiGsmCdmaPhone) {c01c7c0}
10-11 17:56:42.457  3389  3560 D PhoneFactory: getPhone:- phoneId != DEFAULT_PHONE_ID return sPhones[phoneId] phoneId=0 phone=Handler (com.qualcomm.qti.internal.telephony.QtiGsmCdmaPhone) {c01c7c0}
10-11 17:56:42.463  3389  4239 D PhoneFactory: getPhone:- phoneId != DEFAULT_PHONE_ID return sPhones[phoneId] phoneId=0 phone=Handler (com.qualcomm.qti.internal.telephony.QtiGsmCdmaPhone) {c01c7c0}
10-11 17:56:42.465  3389  3389 D PhoneFactory: getPhone:- phoneId != DEFAULT_PHONE_ID return sPhones[phoneId] phoneId=0 phone=Handler (com.qualcomm.qti.internal.telephony.QtiGsmCdmaPhone) {c01c7c0}
10-11 17:56:42.470  3389  4239 D SubscriptionController: [getActiveSubscriptionInfo]+ subId=2 subInfo={id=2, iccId=898600120917 simSlotIndex=0 displayName=China Mobile carrierName=CMCC  China Mobile nameSource=0 iconTint=-13408298 dataRoaming=0 iconBitmap=android.graphics.Bitmap@5f1ed06 mcc 460 mnc 2}
10-11 17:56:42.484  3389  8835 D SubscriptionController: [getSubId]- numSubIds == 0, return DummySubIds slotIdx=1
10-11 17:56:42.487  3389  3389 D CdmaSSM : subscriptionSource from settings: 0
10-11 17:56:42.493  3389  3389 D PhoneFactory: getPhone:- phoneId != DEFAULT_PHONE_ID return sPhones[phoneId] phoneId=0 phone=Handler (com.qualcomm.qti.internal.telephony.QtiGsmCdmaPhone) {c01c7c0}
10-11 17:56:42.501  3389  3389 D CdmaSSM : subscriptionSource from settings: 0
10-11 17:56:42.504  3389  3389 D PhoneFactory: getPhone:- phoneId != DEFAULT_PHONE_ID return sPhones[phoneId] phoneId=0 phone=Handler (com.qualcomm.qti.internal.telephony.QtiGsmCdmaPhone) {c01c7c0}
10-11 17:56:42.516  3389  3389 D CdmaSSM : subscriptionSource from settings: 0
10-11 17:56:42.534   818   990 I RILQ    : (0/818):RIL[0][event] qcril_qmi_nas_evaluate_custom_emergency_numbers_for_card: cur_status 7424, card_state 3
10-11 17:56:42.534   818   990 I RILQ    : (0/818):RIL[0][event] qcril_qmi_nas_evaluate_custom_emergency_numbers_for_card: card_mcc 460, card_mnc 02
10-11 17:56:42.536   818   990 I RILQ    : (0/818):RIL[0][event] qcril_qmi_nas_add_emergency_numbers: matched with source mcc table using IMSI MCC
10-11 17:56:42.537   818   990 I RILQ    : (0/818):RIL[0][event] qcril_qmi_nas_add_emergency_numbers: matched with source voice table using IMSI MCC
10-11 17:56:42.537   818   990 I RILQ    : (0/818):RIL[0][event] qcril_qmi_nas_add_emergency_numbers: Update ril ecclist
10-11 17:56:42.537   818   990 E RILQ    : (0/818): RIL[0][event] get_ecc_property_name: ecc list name : ril.ecclist.
10-11 17:56:42.538   818   990 E RILQ    : (0/818): RIL[0][event] get_ecc_property_name: ecc list name : ril.ecclist.
10-11 17:56:42.542  3389  3389 D PhoneFactory: getPhone:- phoneId != DEFAULT_PHONE_ID return sPhones[phoneId] phoneId=0 phone=Handler (com.qualcomm.qti.internal.telephony.QtiGsmCdmaPhone) {c01c7c0}
10-11 17:56:42.542   818   990 I RILQ    : (0/818):RIL[0][event] qcril_arb_set_dsd_sys_status: old_pref_data -1374970264 - new_data_pref -1374970320
10-11 17:56:42.542   818   990 I RILQ    : (0/818):RIL[0][event] qcril_arb_set_dsd_sys_status: preferred dsd_sys_status nw=0x0, rat_value=0x0, so_mask=0x0000000000000000
10-11 17:56:42.542   818   990 I RILQ    : (0/818):RIL[0][event] qcril_arb_set_dsd_sys_status: preferred 1 - dsd_sys_status nw=0x0, rat_value=0x0, so_mask=0x0000000000000000
10-11 17:56:42.542   818   990 I RILQ    : (0/818):RIL[0][event] qcril_arb_set_dsd_sys_status: preferred 0 - dsd_sys_status nw=0x2, rat_value=0xc9, so_mask=0x0000000000000000
10-11 17:56:42.542   818   990 I RILQ    : (0/818):RIL[0][event] qcril_arb_set_dsd_sys_status: is_wwan_available 0
10-11 17:56:42.543   818   990 I RILQ    : (0/818):RIL[0][event] qcril_qmi_nas_reset_data_snapshot_cache_and_timer: Resetting snapshot timer
10-11 17:56:42.546   818   990 I RILQ    : (0/818):RIL[0][event] qcril_arb_set_dsd_sys_status: old_pref_data -1374970264 - new_data_pref -1374970320
10-11 17:56:42.546   818   990 I RILQ    : (0/818):RIL[0][event] qcril_arb_set_dsd_sys_status: preferred dsd_sys_status nw=0x0, rat_value=0x3, so_mask=0x0000000000002000
10-11 17:56:42.546   818   990 I RILQ    : (0/818):RIL[0][event] qcril_arb_set_dsd_sys_status: preferred 1 - dsd_sys_status nw=0x0, rat_value=0x3, so_mask=0x0000000000002000
10-11 17:56:42.546   818   990 I RILQ    : (0/818):RIL[0][event] qcril_arb_set_dsd_sys_status: preferred 0 - dsd_sys_status nw=0x2, rat_value=0xc9, so_mask=0x0000000000000000
10-11 17:56:42.546   818   990 I RILQ    : (0/818):RIL[0][event] qcril_arb_set_dsd_sys_status: is_wwan_available 0
10-11 17:56:42.546  3389  3452 D RILJ    : Unsol response received for UNSOL_RESPONSE_VOICE_NETWORK_STATE_CHANGED Sending ack to ril.cpp [SUB0]
10-11 17:56:42.547  3389  3452 D RILJ    : [UNSL]< UNSOL_RESPONSE_VOICE_NETWORK_STATE_CHANGED [SUB0]
10-11 17:56:42.548  3389  3452 D RILJ    : Unsol response received for UNSOL_OEM_HOOK_RAW Sending ack to ril.cpp [SUB0]
10-11 17:56:42.548  3389  3452 V RILJ    : [UNSL]< UNSOL_OEM_HOOK_RAW 514f454d484f4f4bfa0308000100000000 [SUB0]
10-11 17:56:42.550  3389  3389 D QtiGsmDCT: [0]setupDataOnConnectableApns: dataAttached emergency:[state=IDLE,enabled=false] mms:[state=IDLE,enabled=false] supl:[state=IDLE,enabled=false] hipri:[state=IDLE,enabled=false] dun:[state=IDLE,enabled=false] fota:[state=IDLE,enabled=false] ims:[state=IDLE,enabled=false] default:[state=IDLE,enabled=false] cbs:[state=IDLE,enabled=false] 
10-11 17:56:42.550  3389  3452 D RILJ    : Unsol response received for UNSOL_RESPONSE_VOICE_NETWORK_STATE_CHANGED Sending ack to ril.cpp [SUB0]
10-11 17:56:42.551  3389  3452 D RILJ    : [UNSL]< UNSOL_RESPONSE_VOICE_NETWORK_STATE_CHANGED [SUB0]
10-11 17:56:42.551  3389  3389 D QtiGsmDCT: [0]QtiDcTracker handleMessage msg={ when=-347ms what=270377 obj=android.os.AsyncResult@6ddefc7 target=com.qualcomm.qti.internal.telephony.dataconnection.QtiDcTracker }
10-11 17:56:42.551  3389  3389 D QtiGsmDCT: [0]setupDataOnConnectableApns: nwTypeChanged emergency:[state=IDLE,enabled=false] mms:[state=IDLE,enabled=false] supl:[state=IDLE,enabled=false] hipri:[state=IDLE,enabled=false] dun:[state=IDLE,enabled=false] fota:[state=IDLE,enabled=false] ims:[state=IDLE,enabled=false] default:[state=IDLE,enabled=false] cbs:[state=IDLE,enabled=false] 
10-11 17:56:42.551  3389  3389 D ImsPhone: handleMessage what=51
10-11 17:56:42.551  3389  3389 D ImsPhone: EVENT_DEFAULT_PHONE_DATA_STATE_CHANGED
10-11 17:56:42.551  3389  3389 D ImsPhone: updateDataServiceState: defSs = 0 0 voice home data home CMCC CMCC 46000 CMCC CMCC 46000  GSM GPRS CSS not supported -1 -1 RoamInd=-1 DefRoamInd=-1 EmergOnly=false IsDataRoamingFromRegistration=false IsUsingCarrierAggregation=false mRilImsRadioTechnology=0 imsSs = 1 0 voice home data home null null null null null null  Unknown GPRS CSS not supported -1 -1 RoamInd=-1 DefRoamInd=-1 EmergOnly=false IsDataRoamingFromRegistration=false IsUsingCarrierAggregation=false mRilImsRadioTechnology=0
10-11 17:56:42.552  3389  3389 D SST     : handlPollStateResultMessage: GsmSST setDataRegState=0 regState=1 dataRadioTechnology=1
10-11 17:56:42.552  3389  3389 D SST     : EVENT_POLL_STATE_NETWORK_SELECTION_MODE
10-11 17:56:42.557  3389  3452 D RILJ    : Unsol response received for UNSOL_OEM_HOOK_RAW Sending ack to ril.cpp [SUB0]
10-11 17:56:42.557  3389  3452 V RILJ    : [UNSL]< UNSOL_OEM_HOOK_RAW 514f454d484f4f4bfa0308000100000000 [SUB0]
10-11 17:56:42.559  3389  3452 D RILJ    : Unsol response received for UNSOL_RESPONSE_VOICE_NETWORK_STATE_CHANGED Sending ack to ril.cpp [SUB0]
10-11 17:56:42.559  3389  3452 D RILJ    : [UNSL]< UNSOL_RESPONSE_VOICE_NETWORK_STATE_CHANGED [SUB0]
10-11 17:56:42.562  3389  3389 D SST     : Poll ServiceState done:  oldSS=[0 0 voice home data home CMCC CMCC 46000 CMCC CMCC 46000  GSM GPRS CSS not supported -1 -1 RoamInd=-1 DefRoamInd=-1 EmergOnly=false IsDataRoamingFromRegistration=false IsUsingCarrierAggregation=false mRilImsRadioTechnology=0] newSS=[0 0 voice home data home CMCC CMCC 46000 CMCC CMCC 46000  GSM GPRS CSS not supported -1 -1 RoamInd=-1 DefRoamInd=-1 EmergOnly=false IsDataRoamingFromRegistration=false IsUsingCarrierAggregation=false mRilImsRadioTechnology=0] oldMaxDataCalls=20 mNewMaxDataCalls=20 oldReasonDataDenied=-1 mNewReasonDataDenied=-1
10-11 17:56:42.562  3389  3452 D RILJ    : Unsol response received for UNSOL_RESPONSE_VOICE_NETWORK_STATE_CHANGED Sending ack to ril.cpp [SUB0]
10-11 17:56:42.563  3389  3452 D RILJ    : [UNSL]< UNSOL_RESPONSE_VOICE_NETWORK_STATE_CHANGED [SUB0]
10-11 17:56:42.574  3389  4239 D PhoneFactory: getPhone:- phoneId != DEFAULT_PHONE_ID return sPhones[phoneId] phoneId=0 phone=Handler (com.qualcomm.qti.internal.telephony.QtiGsmCdmaPhone) {c01c7c0}
10-11 17:56:42.580  3389  4312 D PhoneFactory: getPhone:- phoneId != DEFAULT_PHONE_ID return sPhones[phoneId] phoneId=0 phone=Handler (com.qualcomm.qti.internal.telephony.QtiGsmCdmaPhone) {c01c7c0}
10-11 17:56:42.598  3389  8835 D PhoneFactory: getPhone:- phoneId != DEFAULT_PHONE_ID return sPhones[phoneId] phoneId=0 phone=Handler (com.qualcomm.qti.internal.telephony.QtiGsmCdmaPhone) {c01c7c0}
10-11 17:56:42.602  3389  3560 D PhoneFactory: getPhone:- phoneId != DEFAULT_PHONE_ID return sPhones[phoneId] phoneId=0 phone=Handler (com.qualcomm.qti.internal.telephony.QtiGsmCdmaPhone) {c01c7c0}
10-11 17:56:42.677  3389  9767 D PhoneFactory: getPhone:- phoneId != DEFAULT_PHONE_ID return sPhones[phoneId] phoneId=0 phone=Handler (com.qualcomm.qti.internal.telephony.QtiGsmCdmaPhone) {c01c7c0}
10-11 17:56:42.692  3389  3402 D PhoneFactory: getPhone:- phoneId != DEFAULT_PHONE_ID return sPhones[phoneId] phoneId=0 phone=Handler (com.qualcomm.qti.internal.telephony.QtiGsmCdmaPhone) {c01c7c0}
10-11 17:56:42.693  3389  3389 D PhoneFactory: getPhone:- phoneId != DEFAULT_PHONE_ID return sPhones[phoneId] phoneId=0 phone=Handler (com.qualcomm.qti.internal.telephony.QtiGsmCdmaPhone) {c01c7c0}
10-11 17:56:42.694  3389  3389 D PhoneFactory: getPhone:- phoneId != DEFAULT_PHONE_ID return sPhones[phoneId] phoneId=0 phone=Handler (com.qualcomm.qti.internal.telephony.QtiGsmCdmaPhone) {c01c7c0}
10-11 17:56:42.697  3389  3389 D SST     : EVENT_GET_CELL_INFO_LIST: size=1 list=[CellInfoGsm:{mRegistered=YES mTimeStampType=oem_ril mTimeStamp=329840122476ns CellIdentityGsm:{ mMcc=2147483647 mMnc=2147483647 mLac=2147483647 mCid=2147483647 mArfcn=0 mBsic=0x0} CellSignalStrengthGsm: ss=0 ber=99 mTa=2}]
10-11 17:56:42.698  3389 10041 D SST     : SST.getAllCellInfo(): X size=1 list=[CellInfoGsm:{mRegistered=YES mTimeStampType=oem_ril mTimeStamp=329840122476ns CellIdentityGsm:{ mMcc=2147483647 mMnc=2147483647 mLac=2147483647 mCid=2147483647 mArfcn=0 mBsic=0x0} CellSignalStrengthGsm: ss=0 ber=99 mTa=2}]
10-11 17:56:42.698  3389 10041 D SST     : SST.getAllCellInfo(): E
10-11 17:56:42.698  3389 10041 D SST     : isCallerOnDifferentThread: true
10-11 17:56:42.698  3389 10041 D SST     : SST.getAllCellInfo(): return last, back to back calls
10-11 17:56:42.698  3389 10041 D SST     : SST.getAllCellInfo(): X size=1 list=[CellInfoGsm:{mRegistered=YES mTimeStampType=oem_ril mTimeStamp=329840122476ns CellIdentityGsm:{ mMcc=2147483647 mMnc=2147483647 mLac=2147483647 mCid=2147483647 mArfcn=0 mBsic=0x0} CellSignalStrengthGsm: ss=0 ber=99 mTa=2}]
10-11 17:56:42.698  3389 10041 D SST     : SST.getAllCellInfo(): E
10-11 17:56:42.699  3389 10041 D SST     : isCallerOnDifferentThread: true
10-11 17:56:42.699  3389 10041 D RILJ    : [4350]> RIL_REQUEST_GET_CELL_INFO_LIST [SUB1]
10-11 17:56:42.707  3389  3389 D PhoneFactory: getPhone:- phoneId != DEFAULT_PHONE_ID return sPhones[phoneId] phoneId=0 phone=Handler (com.qualcomm.qti.internal.telephony.QtiGsmCdmaPhone) {c01c7c0}
10-11 17:56:42.713  3389  3389 D PhoneFactory: getPhone:- phoneId != DEFAULT_PHONE_ID return sPhones[phoneId] phoneId=0 phone=Handler (com.qualcomm.qti.internal.telephony.QtiGsmCdmaPhone) {c01c7c0}
10-11 17:56:42.721  3389  3389 D PhoneFactory: getPhone:- phoneId != DEFAULT_PHONE_ID return sPhones[phoneId] phoneId=0 phone=Handler (com.qualcomm.qti.internal.telephony.QtiGsmCdmaPhone) {c01c7c0}
10-11 17:56:42.727  3389  3389 D PhoneFactory: getPhone:- phoneId != DEFAULT_PHONE_ID return sPhones[phoneId] phoneId=0 phone=Handler (com.qualcomm.qti.internal.telephony.QtiGsmCdmaPhone) {c01c7c0}
10-11 17:56:42.728  3389  3456 D RilRequest: [4350]< RIL_REQUEST_GET_CELL_INFO_LIST error: com.android.internal.telephony.CommandException: SYSTEM_ERR ret=
10-11 17:56:42.729  3389  3389 D PhoneFactory: getPhone:- phoneId != DEFAULT_PHONE_ID return sPhones[phoneId] phoneId=0 phone=Handler (com.qualcomm.qti.internal.telephony.QtiGsmCdmaPhone) {c01c7c0}
10-11 17:56:42.739  3389  3389 D PhoneFactory: getPhone:- phoneId != DEFAULT_PHONE_ID return sPhones[phoneId] phoneId=0 phone=Handler (com.qualcomm.qti.internal.telephony.QtiGsmCdmaPhone) {c01c7c0}
10-11 17:56:42.751  3389  3389 D PhoneFactory: getPhone:- phoneId != DEFAULT_PHONE_ID return sPhones[phoneId] phoneId=0 phone=Handler (com.qualcomm.qti.internal.telephony.QtiGsmCdmaPhone) {c01c7c0}
10-11 17:56:42.755  3389  3389 D PhoneFactory: getPhone:- phoneId != DEFAULT_PHONE_ID return sPhones[phoneId] phoneId=0 phone=Handler (com.qualcomm.qti.internal.telephony.QtiGsmCdmaPhone) {c01c7c0}
10-11 17:56:42.756  3389  3389 D PhoneFactory: getPhone:- phoneId != DEFAULT_PHONE_ID return sPhones[phoneId] phoneId=0 phone=Handler (com.qualcomm.qti.internal.telephony.QtiGsmCdmaPhone) {c01c7c0}
10-11 17:56:42.761  3389  3389 D PhoneFactory: getPhone:- phoneId != DEFAULT_PHONE_ID return sPhones[phoneId] phoneId=0 phone=Handler (com.qualcomm.qti.internal.telephony.QtiGsmCdmaPhone) {c01c7c0}
10-11 17:56:42.767  3389  3389 D PhoneFactory: getPhone:- phoneId != DEFAULT_PHONE_ID return sPhones[phoneId] phoneId=0 phone=Handler (com.qualcomm.qti.internal.telephony.QtiGsmCdmaPhone) {c01c7c0}
10-11 17:56:42.770  3389  3389 D PhoneFactory: getPhone:- phoneId != DEFAULT_PHONE_ID return sPhones[phoneId] phoneId=0 phone=Handler (com.qualcomm.qti.internal.telephony.QtiGsmCdmaPhone) {c01c7c0}
10-11 17:56:42.771  3389  3389 D PhoneFactory: getPhone:- phoneId != DEFAULT_PHONE_ID return sPhones[phoneId] phoneId=0 phone=Handler (com.qualcomm.qti.internal.telephony.QtiGsmCdmaPhone) {c01c7c0}
10-11 17:56:42.773  3389  3389 D PhoneFactory: getPhone:- phoneId != DEFAULT_PHONE_ID return sPhones[phoneId] phoneId=0 phone=Handler (com.qualcomm.qti.internal.telephony.QtiGsmCdmaPhone) {c01c7c0}
10-11 17:56:42.774  3389  3389 D RILJ    : [4351]> OPERATOR [SUB0]
10-11 17:56:42.777  3389  3389 D RILJ    : [4352]> DATA_REGISTRATION_STATE [SUB0]
10-11 17:56:42.778  3389  3389 D RILJ    : [4353]> VOICE_REGISTRATION_STATE [SUB0]
10-11 17:56:42.782  3389  3389 D RILJ    : [4354]> QUERY_NETWORK_SELECTION_MODE [SUB0]
10-11 17:56:42.784  3389  3389 D QtiGsmCdmaPhone: handleMessage: Event: 34
10-11 17:56:42.791  3389  4239 D PhoneFactory: getPhone:- phoneId != DEFAULT_PHONE_ID return sPhones[phoneId] phoneId=0 phone=Handler (com.qualcomm.qti.internal.telephony.QtiGsmCdmaPhone) {c01c7c0}
10-11 17:56:42.793  3389  3452 D RILJ    : [4351]< OPERATOR {CMCC, CMCC, 46000} [SUB0]
