10-11 17:55:20.501  3389  3389 D PhoneFactory: getPhone:- phoneId != DEFAULT_PHONE_ID return sPhones[phoneId] phoneId=0 phone=Handler (com.qualcomm.qti.internal.telephony.QtiGsmCdmaPhone) {c01c7c0}
10-11 17:55:20.503  3389  3389 D PhoneFactory: getPhone:- phoneId != DEFAULT_PHONE_ID return sPhones[phoneId] phoneId=1 phone=Handler (com.qualcomm.qti.internal.telephony.QtiGsmCdmaPhone) {61ebcf9}
10-11 17:55:20.504  3389  3474 D PhoneFactory: getPhone:- phoneId != DEFAULT_PHONE_ID return sPhones[phoneId] phoneId=0 phone=Handler (com.qualcomm.qti.internal.telephony.QtiGsmCdmaPhone) {c01c7c0}
10-11 17:55:20.524  3389  3389 D QtiSubscriptionController: getPhoneId, received dummy subId 2147483644
10-11 17:55:20.526  3389  4045 D PhoneFactory: getPhone:- phoneId != DEFAULT_PHONE_ID return sPhones[phoneId] phoneId=0 phone=Handler (com.qualcomm.qti.internal.telephony.QtiGsmCdmaPhone) {c01c7c0}
10-11 17:55:20.537  3389  4045 D SubscriptionController: [getActiveSubscriptionInfo]+ subId=2 subInfo={id=2, iccId=898600120917 simSlotIndex=0 displayName=China Mobile carrierName=CMCC nameSource=0 iconTint=-13408298 dataRoaming=0 iconBitmap=android.graphics.Bitmap@42d2509 mcc 460 mnc 2}
10-11 17:55:20.543  3389  3560 D PhoneFactory: getPhone:- phoneId != DEFAULT_PHONE_ID return sPhones[phoneId] phoneId=0 phone=Handler (com.qualcomm.qti.internal.telephony.QtiGsmCdmaPhone) {c01c7c0}
10-11 17:55:20.544  3389  4312 D SubscriptionController: [getSubId]- numSubIds == 0, return DummySubIds slotIdx=1
10-11 17:55:20.548  3389  3389 D PhoneFactory: getPhone:- phoneId != DEFAULT_PHONE_ID return sPhones[phoneId] phoneId=0 phone=Handler (com.qualcomm.qti.internal.telephony.QtiGsmCdmaPhone) {c01c7c0}
10-11 17:55:20.557  3389  3560 D SubscriptionController: [getActiveSubscriptionInfo]+ subId=2 subInfo={id=2, iccId=898600120917 simSlotIndex=0 displayName=China Mobile carrierName=CMCC nameSource=0 iconTint=-13408298 dataRoaming=0 iconBitmap=android.graphics.Bitmap@786f33c mcc 460 mnc 2}
10-11 17:55:20.564  3389 10041 D PhoneFactory: getPhone:- phoneId != DEFAULT_PHONE_ID return sPhones[phoneId] phoneId=0 phone=Handler (com.qualcomm.qti.internal.telephony.QtiGsmCdmaPhone) {c01c7c0}
10-11 17:55:20.571  3389 10041 D SubscriptionController: [getActiveSubscriptionInfo]+ subId=2 subInfo={id=2, iccId=898600120917 simSlotIndex=0 displayName=China Mobile carrierName=CMCC nameSource=0 iconTint=-13408298 dataRoaming=0 iconBitmap=android.graphics.Bitmap@46e0728 mcc 460 mnc 2}
10-11 17:55:20.577  3389  3389 D PhoneFactory: getPhone:- phoneId != DEFAULT_PHONE_ID return sPhones[phoneId] phoneId=0 phone=Handler (com.qualcomm.qti.internal.telephony.QtiGsmCdmaPhone) {c01c7c0}
10-11 17:55:20.580  3389  9767 D SubscriptionController: [getSubId]- numSubIds == 0, return DummySubIds slotIdx=1
10-11 17:55:20.616  3389  3474 D PhoneFactory: getPhone:- phoneId != DEFAULT_PHONE_ID return sPhones[phoneId] phoneId=0 phone=Handler (com.qualcomm.qti.internal.telephony.QtiGsmCdmaPhone) {c01c7c0}
10-11 17:55:20.620  3389  8835 D PhoneFactory: getPhone:- phoneId != DEFAULT_PHONE_ID return sPhones[phoneId] phoneId=0 phone=Handler (com.qualcomm.qti.internal.telephony.QtiGsmCdmaPhone) {c01c7c0}
10-11 17:55:20.626  3389  3389 D PhoneFactory: getPhone:- phoneId != DEFAULT_PHONE_ID return sPhones[phoneId] phoneId=0 phone=Handler (com.qualcomm.qti.internal.telephony.QtiGsmCdmaPhone) {c01c7c0}
10-11 17:55:20.628  3389  3389 D TelephonyManager: getLteOnCdmaMode=1 curVal=1 product_type='' lteOnCdmaProductType=''
10-11 17:55:20.633  3389  3389 D PhoneFactory: getPhone:- phoneId != DEFAULT_PHONE_ID return sPhones[phoneId] phoneId=0 phone=Handler (com.qualcomm.qti.internal.telephony.QtiGsmCdmaPhone) {c01c7c0}
10-11 17:55:20.635  3389  3389 D PhoneFactory: getPhone:- phoneId != DEFAULT_PHONE_ID return sPhones[phoneId] phoneId=0 phone=Handler (com.qualcomm.qti.internal.telephony.QtiGsmCdmaPhone) {c01c7c0}
10-11 17:55:20.639  3389  8835 D SubscriptionController: [getActiveSubscriptionInfo]+ subId=2 subInfo={id=2, iccId=898600120917 simSlotIndex=0 displayName=China Mobile carrierName=CMCC nameSource=0 iconTint=-13408298 dataRoaming=0 iconBitmap=android.graphics.Bitmap@10ba36c mcc 460 mnc 2}
10-11 17:55:20.648  3389 10041 D SubscriptionController: [getSubId]- numSubIds == 0, return DummySubIds slotIdx=1
10-11 17:55:20.682  3389  3389 D PhoneFactory: getPhone:- phoneId != DEFAULT_PHONE_ID return sPhones[phoneId] phoneId=0 phone=Handler (com.qualcomm.qti.internal.telephony.QtiGsmCdmaPhone) {c01c7c0}
10-11 17:55:20.684  3389  3389 D PhoneFactory: getPhone:- phoneId != DEFAULT_PHONE_ID return sPhones[phoneId] phoneId=1 phone=Handler (com.qualcomm.qti.internal.telephony.QtiGsmCdmaPhone) {61ebcf9}
10-11 17:55:20.868  3389  3389 D QtiGsmCdmaPhone: handleMessage: Event: 40
10-11 17:55:20.868  3389  3389 D GsmCdmaPhone: [GsmCdmaPhone] EVENT_REQUEST_VOICE_RADIO_TECH_DONE: newVoiceTech=3
10-11 17:55:20.868  3389  3389 D GsmCdmaPhone: [GsmCdmaPhone] phoneObjectUpdater: newVoiceRadioTech=3
10-11 17:55:20.868  3389  3389 D GsmCdmaPhone: [GsmCdmaPhone] phoneObjectUpdater: No change ignore, newVoiceRadioTech=3 mActivePhone=GSM
10-11 17:55:20.869  3389  3389 D SST     : SubscriptionListener.onSubscriptionInfoChanged
10-11 17:55:20.869  3389  3389 D QtiGsmDCT: [0]SubscriptionListener.onSubscriptionInfoChanged
10-11 17:55:20.928  3389  3389 D SST     : SubscriptionListener.onSubscriptionInfoChanged
10-11 17:55:20.928  3389  3389 D SubscriptionController: [getSubId]- numSubIds == 0, return DummySubIds slotIdx=1
10-11 17:55:20.928  3389  3389 D QtiGsmDCT: [1]SubscriptionListener.onSubscriptionInfoChanged
10-11 17:55:20.928  3389  3389 D SubscriptionController: [getSubId]- numSubIds == 0, return DummySubIds slotIdx=1
10-11 17:55:20.930  3389  3389 D PhoneSwitcher: handle event - 102
10-11 17:55:20.931  3389  3389 D PhoneSwitcher: isUiccProvisioned = true
10-11 17:55:20.932  3389  3389 D SubscriptionController: [getSubId]- numSubIds == 0, return DummySubIds slotIdx=1
10-11 17:55:20.932  3389  3389 D PhoneSwitcher: Broadcast network specifier set intent
10-11 17:55:20.997  3389  3389 D SubscriptionController: [getSubId]- numSubIds == 0, return DummySubIds slotIdx=1
10-11 17:55:21.033  3389  3389 D PhoneFactory: getPhone:- phoneId != DEFAULT_PHONE_ID return sPhones[phoneId] phoneId=0 phone=Handler (com.qualcomm.qti.internal.telephony.QtiGsmCdmaPhone) {c01c7c0}
10-11 17:55:21.052  3389  3389 D PhoneFactory: getPhone:- phoneId != DEFAULT_PHONE_ID return sPhones[phoneId] phoneId=0 phone=Handler (com.qualcomm.qti.internal.telephony.QtiGsmCdmaPhone) {c01c7c0}
10-11 17:55:21.059  3389  3389 D PhoneFactory: getPhone:- phoneId != DEFAULT_PHONE_ID return sPhones[phoneId] phoneId=0 phone=Handler (com.qualcomm.qti.internal.telephony.QtiGsmCdmaPhone) {c01c7c0}
10-11 17:55:21.068  3389  3389 D PhoneFactory: getPhone:- phoneId != DEFAULT_PHONE_ID return sPhones[phoneId] phoneId=0 phone=Handler (com.qualcomm.qti.internal.telephony.QtiGsmCdmaPhone) {c01c7c0}
10-11 17:55:21.080  3389  3389 D PhoneFactory: getPhone:- phoneId != DEFAULT_PHONE_ID return sPhones[phoneId] phoneId=0 phone=Handler (com.qualcomm.qti.internal.telephony.QtiGsmCdmaPhone) {c01c7c0}
10-11 17:55:21.094  3389  3389 D PhoneFactory: getPhone:- phoneId != DEFAULT_PHONE_ID return sPhones[phoneId] phoneId=0 phone=Handler (com.qualcomm.qti.internal.telephony.QtiGsmCdmaPhone) {c01c7c0}
10-11 17:55:21.103  3389  3389 D SubscriptionController: [getActiveSubscriptionInfo]+ subId=2 subInfo={id=2, iccId=898600120917 simSlotIndex=0 displayName=China Mobile carrierName=CMCC nameSource=0 iconTint=-13408298 dataRoaming=0 iconBitmap=android.graphics.Bitmap@b34f404 mcc 460 mnc 2}
10-11 17:55:21.151  3389  3389 D SubscriptionController: [getSubId]- numSubIds == 0, return DummySubIds slotIdx=1
10-11 17:55:21.201  3389 10082 D PhoneFactory: getPhone:- phoneId != DEFAULT_PHONE_ID return sPhones[phoneId] phoneId=0 phone=Handler (com.qualcomm.qti.internal.telephony.QtiGsmCdmaPhone) {c01c7c0}
10-11 17:55:21.209  3389  3389 D PhoneFactory: getPhone:- phoneId != DEFAULT_PHONE_ID return sPhones[phoneId] phoneId=0 phone=Handler (com.qualcomm.qti.internal.telephony.QtiGsmCdmaPhone) {c01c7c0}
10-11 17:55:21.218  3389  9773 D RILJ    : [4157]> RIL_REQUEST_GSM_BROADCAST_ACTIVATION [SUB0]
10-11 17:55:21.226  3389  3452 D RilRequest: [4157]< RIL_REQUEST_GSM_BROADCAST_ACTIVATION error: com.android.internal.telephony.CommandException: MODEM_ERR ret=
10-11 17:55:21.582  3389  3389 D PhoneFactory: getPhone:- phoneId != DEFAULT_PHONE_ID return sPhones[phoneId] phoneId=0 phone=Handler (com.qualcomm.qti.internal.telephony.QtiGsmCdmaPhone) {c01c7c0}
10-11 17:55:21.597  3389  3389 D PhoneFactory: getPhone:- phoneId != DEFAULT_PHONE_ID return sPhones[phoneId] phoneId=0 phone=Handler (com.qualcomm.qti.internal.telephony.QtiGsmCdmaPhone) {c01c7c0}
10-11 17:55:21.606  3389  3389 D SubscriptionController: [getActiveSubscriptionInfo]+ subId=2 subInfo={id=2, iccId=898600120917 simSlotIndex=0 displayName=China Mobile carrierName=CMCC nameSource=0 iconTint=-13408298 dataRoaming=0 iconBitmap=android.graphics.Bitmap@5499aa3 mcc 460 mnc 2}
10-11 17:55:21.619  3389  4312 D SubscriptionController: [getPhoneId]- subId=0 not found return default phoneId=0
10-11 17:55:21.694  3389 10041 D PhoneFactory: getPhone:- phoneId != DEFAULT_PHONE_ID return sPhones[phoneId] phoneId=0 phone=Handler (com.qualcomm.qti.internal.telephony.QtiGsmCdmaPhone) {c01c7c0}
10-11 17:55:21.727  3389  3389 D PhoneFactory: getPhone:- phoneId != DEFAULT_PHONE_ID return sPhones[phoneId] phoneId=0 phone=Handler (com.qualcomm.qti.internal.telephony.QtiGsmCdmaPhone) {c01c7c0}
10-11 17:55:21.735  3389  3389 D SubscriptionController: [getActiveSubscriptionInfoForSimSlotIndex]+ slotIdx=0 subId={id=2, iccId=898600120917 simSlotIndex=0 displayName=China Mobile carrierName=CMCC nameSource=0 iconTint=-13408298 dataRoaming=0 iconBitmap=android.graphics.Bitmap@dd13dff mcc 460 mnc 2}
10-11 17:55:21.755  3389  3402 D PhoneFactory: getPhone:- phoneId != DEFAULT_PHONE_ID return sPhones[phoneId] phoneId=0 phone=Handler (com.qualcomm.qti.internal.telephony.QtiGsmCdmaPhone) {c01c7c0}
10-11 17:55:21.773  3389  3389 D PhoneFactory: getPhone:- phoneId != DEFAULT_PHONE_ID return sPhones[phoneId] phoneId=0 phone=Handler (com.qualcomm.qti.internal.telephony.QtiGsmCdmaPhone) {c01c7c0}
10-11 17:55:21.774  3389  9773 D RILJ    : [4158]> RIL_REQUEST_GSM_SET_BROADCAST_CONFIG with 3 configs :  [SUB0]
10-11 17:55:21.774  3389  9773 D RILJ    : SmsBroadcastConfigInfo: Id [4352,4354] Code [0,255] ENABLED [SUB0]
10-11 17:55:21.774  3389  9773 D RILJ    : SmsBroadcastConfigInfo: Id [4356,4356] Code [0,255] ENABLED [SUB0]
10-11 17:55:21.775  3389  9773 D RILJ    : SmsBroadcastConfigInfo: Id [4370,4370] Code [0,255] ENABLED [SUB0]
10-11 17:55:21.780  3389  4239 D PhoneFactory: getPhone:- phoneId != DEFAULT_PHONE_ID return sPhones[phoneId] phoneId=0 phone=Handler (com.qualcomm.qti.internal.telephony.QtiGsmCdmaPhone) {c01c7c0}
10-11 17:55:21.781  3389  3389 D SubscriptionController: [getActiveSubscriptionInfoForSimSlotIndex]+ slotIdx=0 subId={id=2, iccId=898600120917 simSlotIndex=0 displayName=China Mobile carrierName=CMCC nameSource=0 iconTint=-13408298 dataRoaming=0 iconBitmap=android.graphics.Bitmap@505bb1b mcc 460 mnc 2}
10-11 17:55:21.830  3389  3401 D IccProvider: [IccProvider] query
10-11 17:55:21.832  3389  3401 D IccProvider: [IccProvider] getRequestSubId url: content://icc/adn/subId/2
10-11 17:55:21.832  3389  3401 D IccProvider: [IccProvider] loadFromEf: efType=0x6F3A, subscription=2
10-11 17:55:21.833  3389  3401 D IccPhoneBookIM: [IccPbInterfaceManager] getAdnRecordsInEF: efid=0x4F30
10-11 17:55:21.835  3389  3401 D SimPhoneBookAdnRecordCache: start to queryAdnRecord
10-11 17:55:21.835  3389  3401 D RILJ    : [4159]> RIL_REQUEST_GET_ADN_RECORD [SUB0]
10-11 17:55:21.843  3389  3452 D RILJ    : Unsol response received for RIL_UNSOL_RESPONSE_ADN_RECORDS Sending ack to ril.cpp [SUB0]
10-11 17:55:21.843  3389  3452 D RILJ    : [SimPhoneBookAdnRecord{index =1, name = Bbbbbbbbb, number = 123456789, email count = 1, email = [zzzzz@huaqin.com], ad number count = 0, ad number = null}] [SUB0]
10-11 17:55:21.843  3389  3452 D RILJ    : [UNSL]< RIL_UNSOL_RESPONSE_ADN_RECORDS [SUB0]
10-11 17:55:21.844  3389  3389 D SimPhoneBookAdnRecordCache: Loading ADN record done
10-11 17:55:21.844  3389  3452 D RILJ    : [4159]< RIL_REQUEST_GET_ADN_RECORD {500, 1, 100, 1, 500, 0} [SUB0]
10-11 17:55:21.844  3389  3389 D SimPhoneBookAdnRecordCache: Querying ADN record done
10-11 17:55:21.844  3389  3389 D SimPhoneBookAdnRecordCache: Max ADN count is: 500, Valid ADN count is: 1, Email count is: 100, Valid Email count is: 1, Add number count is: 500, Valid Add number count is: 0
10-11 17:55:21.844  3389  3389 D SimPhoneBookAdnRecordCache: Loading all ADN records done
10-11 17:55:21.844  3389  3466 D IccPhoneBookIM: [IccPbInterfaceManager] Load ADN records done
10-11 17:55:21.845  3389  3401 D IccProvider: [IccProvider] adnRecords.size=1
10-11 17:55:21.845  3389  3401 D IccProvider: [IccProvider] loadRecord: Bbbbbbbbb, [98O8HYCOBHMq32eZZczDTKeuNEE]
10-11 17:55:21.846  3389  3401 D IccProvider: [IccProvider] Adding email:[27d4JpidP9pzDQRt2hPJU82D-UA]
10-11 17:55:21.978  3389  3452 D RILJ    : [4158]< RIL_REQUEST_GSM_SET_BROADCAST_CONFIG  [SUB0]
10-11 17:55:21.978  3389  9773 D RILJ    : [4161]> RIL_REQUEST_GSM_BROADCAST_ACTIVATION [SUB0]
10-11 17:55:21.988  3389  3452 D RilRequest: [4161]< RIL_REQUEST_GSM_BROADCAST_ACTIVATION error: com.android.internal.telephony.CommandException: MODEM_ERR ret=
10-11 17:55:22.028  3389  4239 D PhoneFactory: getPhone:- phoneId != DEFAULT_PHONE_ID return sPhones[phoneId] phoneId=0 phone=Handler (com.qualcomm.qti.internal.telephony.QtiGsmCdmaPhone) {c01c7c0}
10-11 17:55:22.049  3389  8835 D RILJ    : [4162]> RIL_REQUEST_GSM_SET_BROADCAST_CONFIG with 4 configs :  [SUB0]
10-11 17:55:22.049  3389  8835 D RILJ    : SmsBroadcastConfigInfo: Id [4352,4354] Code [0,255] ENABLED [SUB0]
10-11 17:55:22.049  3389  8835 D RILJ    : SmsBroadcastConfigInfo: Id [4356,4356] Code [0,255] ENABLED [SUB0]
10-11 17:55:22.049  3389  8835 D RILJ    : SmsBroadcastConfigInfo: Id [4370,4370] Code [0,255] ENABLED [SUB0]
10-11 17:55:22.049  3389  8835 D RILJ    : SmsBroadcastConfigInfo: Id [4371,4372] Code [0,255] ENABLED [SUB0]
10-11 17:55:22.252  3389  3452 D RILJ    : [4162]< RIL_REQUEST_GSM_SET_BROADCAST_CONFIG  [SUB0]
10-11 17:55:22.253  3389  8835 D RILJ    : [4163]> RIL_REQUEST_GSM_BROADCAST_ACTIVATION [SUB0]
10-11 17:55:22.265  3389  3452 D RilRequest: [4163]< RIL_REQUEST_GSM_BROADCAST_ACTIVATION error: com.android.internal.telephony.CommandException: MODEM_ERR ret=
10-11 17:55:22.328  3389  4312 D PhoneFactory: getPhone:- phoneId != DEFAULT_PHONE_ID return sPhones[phoneId] phoneId=0 phone=Handler (com.qualcomm.qti.internal.telephony.QtiGsmCdmaPhone) {c01c7c0}
10-11 17:55:22.352  3389 10041 D PhoneFactory: getPhone:- phoneId != DEFAULT_PHONE_ID return sPhones[phoneId] phoneId=0 phone=Handler (com.qualcomm.qti.internal.telephony.QtiGsmCdmaPhone) {c01c7c0}
10-11 17:55:22.360  3389  3402 D PhoneFactory: getPhone:- phoneId != DEFAULT_PHONE_ID return sPhones[phoneId] phoneId=0 phone=Handler (com.qualcomm.qti.internal.telephony.QtiGsmCdmaPhone) {c01c7c0}
10-11 17:55:22.413  3389  9773 D RILJ    : [4164]> RIL_REQUEST_GSM_SET_BROADCAST_CONFIG with 4 configs :  [SUB0]
10-11 17:55:22.414  3389  9773 D RILJ    : SmsBroadcastConfigInfo: Id [4352,4354] Code [0,255] ENABLED [SUB0]
10-11 17:55:22.414  3389  9773 D RILJ    : SmsBroadcastConfigInfo: Id [4356,4356] Code [0,255] ENABLED [SUB0]
10-11 17:55:22.414  3389  9773 D RILJ    : SmsBroadcastConfigInfo: Id [4370,4372] Code [0,255] ENABLED [SUB0]
10-11 17:55:22.414  3389  9773 D RILJ    : SmsBroadcastConfigInfo: Id [4373,4378] Code [0,255] ENABLED [SUB0]
10-11 17:55:22.826  3389  3389 D PhoneFactory: getPhone:- phoneId != DEFAULT_PHONE_ID return sPhones[phoneId] phoneId=0 phone=Handler (com.qualcomm.qti.internal.telephony.QtiGsmCdmaPhone) {c01c7c0}
10-11 17:55:22.837  3389  3389 D SubscriptionController: [getActiveSubscriptionInfoForSimSlotIndex]+ slotIdx=0 subId={id=2, iccId=898600120917 simSlotIndex=0 displayName=China Mobile carrierName=CMCC nameSource=0 iconTint=-13408298 dataRoaming=0 iconBitmap=android.graphics.Bitmap@1a2c464 mcc 460 mnc 2}
10-11 17:55:22.859  3389  3452 D RILJ    : [4164]< RIL_REQUEST_GSM_SET_BROADCAST_CONFIG  [SUB0]
10-11 17:55:22.859  3389  9773 D RILJ    : [4165]> RIL_REQUEST_GSM_BROADCAST_ACTIVATION [SUB0]
10-11 17:55:22.860  3389 10041 D SubscriptionController: [getPhoneId]- subId=0 not found return default phoneId=0
10-11 17:55:22.876  3389  3452 D RilRequest: [4165]< RIL_REQUEST_GSM_BROADCAST_ACTIVATION error: com.android.internal.telephony.CommandException: MODEM_ERR ret=
10-11 17:55:22.944  3389  3402 D PhoneFactory: getPhone:- phoneId != DEFAULT_PHONE_ID return sPhones[phoneId] phoneId=0 phone=Handler (com.qualcomm.qti.internal.telephony.QtiGsmCdmaPhone) {c01c7c0}
10-11 17:55:22.955  3389  4239 D RILJ    : [4166]> RIL_REQUEST_GSM_SET_BROADCAST_CONFIG with 4 configs :  [SUB0]
10-11 17:55:22.955  3389  4239 D RILJ    : SmsBroadcastConfigInfo: Id [4352,4354] Code [0,255] ENABLED [SUB0]
10-11 17:55:22.955  3389  4239 D RILJ    : SmsBroadcastConfigInfo: Id [4356,4356] Code [0,255] ENABLED [SUB0]
10-11 17:55:22.955  3389  4239 D RILJ    : SmsBroadcastConfigInfo: Id [4370,4378] Code [0,255] ENABLED [SUB0]
10-11 17:55:22.955  3389  4239 D RILJ    : SmsBroadcastConfigInfo: Id [4379,4379] Code [0,255] ENABLED [SUB0]
10-11 17:55:23.000  3389  4312 D PhoneFactory: getPhone:- phoneId != DEFAULT_PHONE_ID return sPhones[phoneId] phoneId=0 phone=Handler (com.qualcomm.qti.internal.telephony.QtiGsmCdmaPhone) {c01c7c0}
10-11 17:55:23.147  3389  3389 D PhoneFactory: getPhone:- phoneId != DEFAULT_PHONE_ID return sPhones[phoneId] phoneId=0 phone=Handler (com.qualcomm.qti.internal.telephony.QtiGsmCdmaPhone) {c01c7c0}
10-11 17:55:23.164  3389  3452 D RILJ    : [4166]< RIL_REQUEST_GSM_SET_BROADCAST_CONFIG  [SUB0]
10-11 17:55:23.188  3389  3389 D PhoneFactory: getPhone:- phoneId != DEFAULT_PHONE_ID return sPhones[phoneId] phoneId=0 phone=Handler (com.qualcomm.qti.internal.telephony.QtiGsmCdmaPhone) {c01c7c0}
10-11 17:55:23.204  3389  4239 D RILJ    : [4167]> RIL_REQUEST_GSM_BROADCAST_ACTIVATION [SUB0]
10-11 17:55:23.210  3389  3452 D RilRequest: [4167]< RIL_REQUEST_GSM_BROADCAST_ACTIVATION error: com.android.internal.telephony.CommandException: MODEM_ERR ret=
10-11 17:55:23.231  3389  3389 D PhoneFactory: getPhone:- phoneId != DEFAULT_PHONE_ID return sPhones[phoneId] phoneId=0 phone=Handler (com.qualcomm.qti.internal.telephony.QtiGsmCdmaPhone) {c01c7c0}
10-11 17:55:23.247  3389  3560 D PhoneFactory: getPhone:- phoneId != DEFAULT_PHONE_ID return sPhones[phoneId] phoneId=0 phone=Handler (com.qualcomm.qti.internal.telephony.QtiGsmCdmaPhone) {c01c7c0}
10-11 17:55:23.262  3389  3389 D PhoneFactory: getPhone:- phoneId != DEFAULT_PHONE_ID return sPhones[phoneId] phoneId=0 phone=Handler (com.qualcomm.qti.internal.telephony.QtiGsmCdmaPhone) {c01c7c0}
10-11 17:55:23.280  3389  4312 D IccProvider: [IccProvider] query
10-11 17:55:23.281  3389  4312 D IccProvider: [IccProvider] getRequestSubId url: content://icc/adn/subId/2
10-11 17:55:23.281  3389  4312 D IccProvider: [IccProvider] loadFromEf: efType=0x6F3A, subscription=2
10-11 17:55:23.282  3389  4312 D IccPhoneBookIM: [IccPbInterfaceManager] getAdnRecordsInEF: efid=0x4F30
10-11 17:55:23.282  3389  4312 D SimPhoneBookAdnRecordCache: ADN cache has already filled in
10-11 17:55:23.282  3389  4312 D SimPhoneBookAdnRecordCache: refreshAdnCache
10-11 17:55:23.282  3389  4312 D SimPhoneBookAdnRecordCache: start to queryAdnRecord
10-11 17:55:23.283  3389  4312 D RILJ    : [4168]> RIL_REQUEST_GET_ADN_RECORD [SUB0]
10-11 17:55:23.290  3389  3452 D RILJ    : [4168]< RIL_REQUEST_GET_ADN_RECORD {500, 1, 100, 1, 500, 0} [SUB0]
10-11 17:55:23.304  3389  3452 D RILJ    : Unsol response received for RIL_UNSOL_RESPONSE_ADN_RECORDS Sending ack to ril.cpp [SUB0]
10-11 17:55:23.304  3389  3452 D RILJ    : [SimPhoneBookAdnRecord{index =1, name = Bbbbbbbbb, number = 123456789, email count = 1, email = [zzzzz@huaqin.com], ad number count = 0, ad number = null}] [SUB0]
10-11 17:55:23.304  3389  3452 D RILJ    : [UNSL]< RIL_UNSOL_RESPONSE_ADN_RECORDS [SUB0]
10-11 17:55:23.306  3389  3389 D SimPhoneBookAdnRecordCache: Querying ADN record done
10-11 17:55:23.307  3389  3389 D SimPhoneBookAdnRecordCache: Max ADN count is: 500, Valid ADN count is: 1, Email count is: 100, Valid Email count is: 1, Add number count is: 500, Valid Add number count is: 0
10-11 17:55:23.307  3389  3389 D SimPhoneBookAdnRecordCache: Loading ADN record done
10-11 17:55:23.307  3389  3389 D SimPhoneBookAdnRecordCache: Loading all ADN records done
10-11 17:55:23.307  3389  3466 D IccPhoneBookIM: [IccPbInterfaceManager] Load ADN records done
10-11 17:55:23.307  3389  4312 D IccProvider: [IccProvider] adnRecords.size=1
10-11 17:55:23.308  3389  4312 D IccProvider: [IccProvider] loadRecord: Bbbbbbbbb, [98O8HYCOBHMq32eZZczDTKeuNEE]
10-11 17:55:23.308  3389  4312 D IccProvider: [IccProvider] Adding email:[27d4JpidP9pzDQRt2hPJU82D-UA]
10-11 17:55:23.312  3389  3401 D PhoneFactory: getPhone:- phoneId != DEFAULT_PHONE_ID return sPhones[phoneId] phoneId=0 phone=Handler (com.qualcomm.qti.internal.telephony.QtiGsmCdmaPhone) {c01c7c0}
10-11 17:55:23.336  3389 10041 D RILJ    : [4170]> RIL_REQUEST_GSM_SET_BROADCAST_CONFIG with 4 configs :  [SUB0]
10-11 17:55:23.336  3389 10041 D RILJ    : SmsBroadcastConfigInfo: Id [4352,4354] Code [0,255] ENABLED [SUB0]
10-11 17:55:23.336  3389 10041 D RILJ    : SmsBroadcastConfigInfo: Id [4356,4356] Code [0,255] ENABLED [SUB0]
10-11 17:55:23.336  3389 10041 D RILJ    : SmsBroadcastConfigInfo: Id [4370,4379] Code [0,255] ENABLED [SUB0]
10-11 17:55:23.336  3389 10041 D RILJ    : SmsBroadcastConfigInfo: Id [4383,4383] Code [0,255] ENABLED [SUB0]
10-11 17:55:23.366  3389  3389 D PhoneFactory: getPhone:- phoneId != DEFAULT_PHONE_ID return sPhones[phoneId] phoneId=0 phone=Handler (com.qualcomm.qti.internal.telephony.QtiGsmCdmaPhone) {c01c7c0}
10-11 17:55:23.394  3389  3389 D PhoneFactory: getPhone:- phoneId != DEFAULT_PHONE_ID return sPhones[phoneId] phoneId=0 phone=Handler (com.qualcomm.qti.internal.telephony.QtiGsmCdmaPhone) {c01c7c0}
10-11 17:55:23.481  3389  3389 D ImsManager: setAdvanced4GMode: turnOffIms
10-11 17:55:23.489  3389  3389 D ImsManager: setLteFeatureValues: false
10-11 17:55:23.489  3389  3389 D ImsManager: getConfigInterface(), mConfig= com.android.ims.ImsConfig@8c941a4
10-11 17:55:23.489  3389  3389 D ImsConfig: setFeatureValue: feature = 0, network =13, value =0, listener =com.android.internal.telephony.imsphone.ImsPhoneCallTracker$5@e5a5f4f
10-11 17:55:23.494   818   990 I RILQ    : (0/818):RIL[0][event] qcril_qmi_imss_set_reg_mgr_config_resp_hdlr: ril_err: 0, qmi res: 0
10-11 17:55:23.495  3389  3389 D ImsConfig: setFeatureValue: feature = 1, network =13, value =0, listener =com.android.internal.telephony.imsphone.ImsPhoneCallTracker$5@e5a5f4f
10-11 17:55:23.525   937  1029 I RILQ    : (1/937):RIL[1][event] qcril_qmi_imsa_service_status_ind_hdlr: VOIP: service_status(valid): 0, rat(valid): 1
10-11 17:55:23.525   937  1029 I RILQ    : (1/937):RIL[1][event] qcril_qmi_imsa_service_status_ind_hdlr: VT: service_status(valid): 0, rat(valid): 1
10-11 17:55:23.525   937  1029 I RILQ    : (1/937):RIL[1][event] qcril_qmi_imsa_service_status_ind_hdlr: UT: service_status(not valid): 0, rat(not valid): 0
10-11 17:55:23.526   818   990 I RILQ    : (0/818):RIL[0][event] qcril_qmi_imsa_service_status_ind_hdlr: VOIP: service_status(valid): 0, rat(valid): 1
10-11 17:55:23.526   818   990 I RILQ    : (0/818):RIL[0][event] qcril_qmi_imsa_service_status_ind_hdlr: VT: service_status(valid): 0, rat(valid): 1
10-11 17:55:23.526   818   990 I RILQ    : (0/818):RIL[0][event] qcril_qmi_imsa_service_status_ind_hdlr: UT: service_status(not valid): 0, rat(not valid): 0
10-11 17:55:23.541  3389  3452 D RILJ    : [4170]< RIL_REQUEST_GSM_SET_BROADCAST_CONFIG  [SUB0]
10-11 17:55:23.563   818   990 I RILQ    : (0/818):RIL[0][event] qcril_qmi_imss_set_qipcall_config_resp_hdlr: ril_err: 0, qmi res: 0
10-11 17:55:23.564   818   990 I RILQ    : (0/818):RIL[0][event] qcril_qmi_imss_set_qipcall_config_resp_hdlr: ril_err: 0, qmi res: 0
10-11 17:55:23.577  3389  4153 D ImsManager: registrationDisconnected :: imsReasonInfoImsReasonInfo :: {1000, 0, null}
10-11 17:55:23.577  3389  4153 D ImsPhoneCallTracker: [ImsPhoneCallTracker] onImsDisconnected imsReasonInfo=ImsReasonInfo :: {1000, 0, null}
10-11 17:55:23.577  3389  4153 D ImsPhone: updateDataServiceState: defSs = 0 0 voice home data home CMCC CMCC 46000 CMCC CMCC 46000  LTE LTE CSS supported -1 -1 RoamInd=-1 DefRoamInd=-1 EmergOnly=false IsDataRoamingFromRegistration=false IsUsingCarrierAggregation=false mRilImsRadioTechnology=14 imsSs = 1 0 voice home data home null null null null null null  Unknown LTE CSS not supported -1 -1 RoamInd=-1 DefRoamInd=-1 EmergOnly=false IsDataRoamingFromRegistration=false IsUsingCarrierAggregation=false mRilImsRadioTechnology=14
10-11 17:55:23.579  3389  4153 D ImsManager: registrationFeatureCapabilityChanged :: serviceClass=1
10-11 17:55:23.579  3389  4153 D ImsPhoneCallTracker: [ImsPhoneCallTracker] onFeatureCapabilityChanged: VoLTE:false ViLTE:false VoWiFi:false ViWiFi:false UTLTE:true UTWiFi:false 
10-11 17:55:23.579  3389  4153 D ImsPhoneCallTracker: [ImsPhoneCallTracker] onFeatureCapabilityChanged: isVolteEnabled=false, isVideoCallEnabled=false, isVowifiEnabled=false, isUtEnabled=true
10-11 17:55:23.595  3389  3452 D RILJ    : Unsol response received for UNSOL_DATA_CALL_LIST_CHANGED Sending ack to ril.cpp [SUB0]
10-11 17:55:23.596  3389  3452 D RILJ    : responseDataCallList ver=11 num=1 [SUB0]
10-11 17:55:23.596  3389  3452 D RILJ    : [UNSL]< UNSOL_DATA_CALL_LIST_CHANGED [DataCallResponse: {version=11 status=0 retry=-1 cid=0 active=1 type=IPV4V6 ifname=rmnet_data6 mtu=1500 addresses=[2409:8804:8038:1fcc:50b8:cddb:4825:f75d/64] dnses=[] gateways=[fe80:0000:0000:0000:9d0a:d73c:f334:80eb] pcscf=[]}] [SUB0]
10-11 17:55:23.598  3389  3452 D RILJ    : Unsol response received for UNSOL_DATA_CALL_LIST_CHANGED Sending ack to ril.cpp [SUB0]
10-11 17:55:23.598  3389  3452 D RILJ    : responseDataCallList ver=11 num=1 [SUB0]
10-11 17:55:23.598  3389  3452 D RILJ    : [UNSL]< UNSOL_DATA_CALL_LIST_CHANGED [DataCallResponse: {version=11 status=0 retry=-1 cid=0 active=1 type=IPV4V6 ifname=rmnet_data6 mtu=1500 addresses=[2409:8804:8038:1fcc:50b8:cddb:4825:f75d/64] dnses=[] gateways=[fe80:0000:0000:0000:9d0a:d73c:f334:80eb] pcscf=[]}] [SUB0]
10-11 17:55:23.600   818   990 I RILQ    : (0/818):RIL[0][event] qcril_qmi_imsa_service_status_ind_hdlr: VOIP: service_status(not valid): 0, rat(not valid): 0
10-11 17:55:23.600   818   990 I RILQ    : (0/818):RIL[0][event] qcril_qmi_imsa_service_status_ind_hdlr: VT: service_status(not valid): 0, rat(not valid): 0
10-11 17:55:23.600   818   990 I RILQ    : (0/818):RIL[0][event] qcril_qmi_imsa_service_status_ind_hdlr: UT: service_status(not valid): 0, rat(not valid): 0
10-11 17:55:23.600   937  1029 I RILQ    : (1/937):RIL[1][event] qcril_qmi_imsa_service_status_ind_hdlr: VOIP: service_status(not valid): 0, rat(not valid): 0
10-11 17:55:23.600   937  1029 I RILQ    : (1/937):RIL[1][event] qcril_qmi_imsa_service_status_ind_hdlr: VT: service_status(not valid): 0, rat(not valid): 0
10-11 17:55:23.600   937  1029 I RILQ    : (1/937):RIL[1][event] qcril_qmi_imsa_service_status_ind_hdlr: UT: service_status(not valid): 0, rat(not valid): 0
10-11 17:55:23.602  3389  3477 D Dcc     : onDataStateChanged: dcsList=[DataCallResponse: {version=11 status=0 retry=-1 cid=0 active=1 type=IPV4V6 ifname=rmnet_data6 mtu=1500 addresses=[2409:8804:8038:1fcc:50b8:cddb:4825:f75d/64] dnses=[] gateways=[fe80:0000:0000:0000:9d0a:d73c:f334:80eb] pcscf=[]}] mDcListActiveByCid={0={DC-1: State=DcActiveState mApnSetting=[ApnSettingV3] ims, 404, 46002, ims, , , , , , -1, ims, IPV4V6, IPV4V6, true, 0, 0, 0, false, 0, 0, 0, 0, , , false RefCount=1 mCid=0 mCreateTime=-1 mLastastFailTime=-1 mLastFailCause=NONE mTag=2 mLinkProperties={InterfaceName: rmnet_data6 LinkAddresses: [2409:8804:8038:1fcc:50b8:cddb:4825:f75d/64,]  Routes: [::/0 -> fe80::9d0a:d73c:f334:80eb rmnet_data6,] DnsAddresses: [] Domains: null MTU: 1500 TcpBufferSizes: 2097152,4194304,8388608,262144,524288,1048576} linkCapabilities=[ Transports: CELLULAR Capabilities: IMS&NOT_METERED&NOT_RESTRICTED&TRUSTED&NOT_VPN LinkUpBandwidth>=51200Kbps LinkDnBandwidth>=102400Kbps Specifier: <2>] mRestrictedNetworkOverride=false mApnContexts={{mApnType=ims mState=CONNECTED mWaitingApns={[[ApnSettingV3] ims, 404, 46002, ims, , , , , , -1, ims, IPV4V6, IPV4V6, true, 0, 0, 0, false, 0, 0, 0, 0, , , false]} mApnSetting={[ApnSettingV3] ims, 404, 46002, ims, , , , , , -1, ims, IPV4V6, IPV4V6, true, 0, 0, 0, false, 0, 0, 0, 0, , , false} mReason=connected mDataEnabled=true mDependencyMet=true}={mTag=2 mApnContext={mApnType=ims mState=CONNECTED mWaitingApns={[[ApnSettingV3] ims, 404, 46002, ims, , , , , , -1, ims, IPV4V6, IPV4V6, true, 0, 0, 0, false, 0, 0, 0, 0, , , false]} mApnSetting={[ApnSettingV3] ims, 404, 46002, ims, , , , , , -1, ims, IPV4V6, IPV4V6, true, 0, 0, 0, false, 0, 0, 0, 0, , , false} mReason=connected mDataEnabled=true mDependencyMet=true} mProfileId=2 mRat=14 mOnCompletedMsg={what=0x42000 when=-4m11s92ms obj=Pair{{mApnType=ims mState=CONNECTED mWaitingApns={[[ApnSettingV3] ims, 404, 46002, ims, , , , , , -1, ims, IPV4V6, IPV4V6, true, 0, 0, 0, false, 0, 0, 0, 0, , , false]} mApnSetting={[ApnSettingV3] ims, 404, 46002, ims, , , , , , -1, ims, IPV4V6, IPV4V6, true, 0, 0, 0, false, 0, 0, 0, 0, , , false} mReason=connected mDataEnabled=true mDependencyMet=true} 1} target=Handler (com.qualcomm.qti.internal.telephony.dataconnection.QtiDcTracker) {6b150a7} replyTo=null}}}}}
10-11 17:55:23.602  3389  3477 D Dcc     : onDataStateChanged: dcsToRetry=[]
10-11 17:55:23.602  3389  3477 D Dcc     : onDataStateChanged: Found ConnId=0 newState=DataCallResponse: {version=11 status=0 retry=-1 cid=0 active=1 type=IPV4V6 ifname=rmnet_data6 mtu=1500 addresses=[2409:8804:8038:1fcc:50b8:cddb:4825:f75d/64] dnses=[] gateways=[fe80:0000:0000:0000:9d0a:d73c:f334:80eb] pcscf=[]}
10-11 17:55:23.603  3389  3477 D DataCallResponse: addr/pl=2409:8804:8038:1fcc:50b8:cddb:4825:f75d/64
10-11 17:55:23.604  3389  3477 D DC-1    : MTU set by call response to: 1500
10-11 17:55:23.604  3389  3477 D Dcc     : onDataStateChanged: no change
10-11 17:55:23.604  3389  3477 D Dcc     : onDataStateChanged: Data Activity updated to DORMANT. stopNetStatePoll
10-11 17:55:23.605  3389  3477 D Dcc     : onDataStateChanged: dcsToRetry=[] apnsToCleanup=[]
10-11 17:55:23.609  3389  3452 D RILJ    : Unsol response received for UNSOL_RESPONSE_IMS_NETWORK_STATE_CHANGED Sending ack to ril.cpp [SUB0]
10-11 17:55:23.609  3389  3452 D RILJ    : [UNSL]< UNSOL_RESPONSE_IMS_NETWORK_STATE_CHANGED [SUB0]
10-11 17:55:23.611  3389  3452 D RILJ    : Unsol response received for UNSOL_RESPONSE_IMS_NETWORK_STATE_CHANGED Sending ack to ril.cpp [SUB0]
10-11 17:55:23.611  3389  3452 D RILJ    : [UNSL]< UNSOL_RESPONSE_IMS_NETWORK_STATE_CHANGED [SUB0]
10-11 17:55:23.614  3389  3389 D PhoneFactory: getPhone:- phoneId != DEFAULT_PHONE_ID return sPhones[phoneId] phoneId=0 phone=Handler (com.qualcomm.qti.internal.telephony.QtiGsmCdmaPhone) {c01c7c0}
10-11 17:55:23.615  3389  3477 D Dcc     : onDataStateChanged: dcsList=[DataCallResponse: {version=11 status=0 retry=-1 cid=0 active=1 type=IPV4V6 ifname=rmnet_data6 mtu=1500 addresses=[2409:8804:8038:1fcc:50b8:cddb:4825:f75d/64] dnses=[] gateways=[fe80:0000:0000:0000:9d0a:d73c:f334:80eb] pcscf=[]}] mDcListActiveByCid={0={DC-1: State=DcActiveState mApnSetting=[ApnSettingV3] ims, 404, 46002, ims, , , , , , -1, ims, IPV4V6, IPV4V6, true, 0, 0, 0, false, 0, 0, 0, 0, , , false RefCount=1 mCid=0 mCreateTime=-1 mLastastFailTime=-1 mLastFailCause=NONE mTag=2 mLinkProperties={InterfaceName: rmnet_data6 LinkAddresses: [2409:8804:8038:1fcc:50b8:cddb:4825:f75d/64,]  Routes: [::/0 -> fe80::9d0a:d73c:f334:80eb rmnet_data6,] DnsAddresses: [] Domains: null MTU: 1500 TcpBufferSizes: 2097152,4194304,8388608,262144,524288,1048576} linkCapabilities=[ Transports: CELLULAR Capabilities: IMS&NOT_METERED&NOT_RESTRICTED&TRUSTED&NOT_VPN LinkUpBandwidth>=51200Kbps LinkDnBandwidth>=102400Kbps Specifier: <2>] mRestrictedNetworkOverride=false mApnContexts={{mApnType=ims mState=CONNECTED mWaitingApns={[[ApnSettingV3] ims, 404, 46002, ims, , , , , , -1, ims, IPV4V6, IPV4V6, true, 0, 0, 0, false, 0, 0, 0, 0, , , false]} mApnSetting={[ApnSettingV3] ims, 404, 46002, ims, , , , , , -1, ims, IPV4V6, IPV4V6, true, 0, 0, 0, false, 0, 0, 0, 0, , , false} mReason=connected mDataEnabled=true mDependencyMet=true}={mTag=2 mApnContext={mApnType=ims mState=CONNECTED mWaitingApns={[[ApnSettingV3] ims, 404, 46002, ims, , , , , , -1, ims, IPV4V6, IPV4V6, true, 0, 0, 0, false, 0, 0, 0, 0, , , false]} mApnSetting={[ApnSettingV3] ims, 404, 46002, ims, , , , , , -1, ims, IPV4V6, IPV4V6, true, 0, 0, 0, false, 0, 0, 0, 0, , , false} mReason=connected mDataEnabled=true mDependencyMet=true} mProfileId=2 mRat=14 mOnCompletedMsg={what=0x42000 when=-4m11s106ms obj=Pair{{mApnType=ims mState=CONNECTED mWaitingApns={[[ApnSettingV3] ims, 404, 46002, ims, , , , , , -1, ims, IPV4V6, IPV4V6, true, 0, 0, 0, false, 0, 0, 0, 0, , , false]} mApnSetting={[ApnSettingV3] ims, 404, 46002, ims, , , , , , -1, ims, IPV4V6, IPV4V6, true, 0, 0, 0, false, 0, 0, 0, 0, , , false} mReason=connected mDataEnabled=true mDependencyMet=true} 1} target=Handler (com.qualcomm.qti.internal.telephony.dataconnection.QtiDcTracker) {6b150a7} replyTo=null}}}}}
10-11 17:55:23.615  3389  3477 D Dcc     : onDataStateChanged: dcsToRetry=[]
10-11 17:55:23.615  3389  3477 D Dcc     : onDataStateChanged: Found ConnId=0 newState=DataCallResponse: {version=11 status=0 retry=-1 cid=0 active=1 type=IPV4V6 ifname=rmnet_data6 mtu=1500 addresses=[2409:8804:8038:1fcc:50b8:cddb:4825:f75d/64] dnses=[] gateways=[fe80:0000:0000:0000:9d0a:d73c:f334:80eb] pcscf=[]}
10-11 17:55:23.616  3389  3477 D DataCallResponse: addr/pl=2409:8804:8038:1fcc:50b8:cddb:4825:f75d/64
10-11 17:55:23.616  3389  3477 D DC-1    : MTU set by call response to: 1500
10-11 17:55:23.617  3389  3477 D Dcc     : onDataStateChanged: no change
10-11 17:55:23.617  3389  3477 D Dcc     : onDataStateChanged: Data Activity updated to DORMANT. stopNetStatePoll
10-11 17:55:23.617  3389  3477 D Dcc     : onDataStateChanged: dcsToRetry=[] apnsToCleanup=[]
10-11 17:55:23.628  3389  3389 D SubscriptionController: [getActiveSubscriptionInfoForSimSlotIndex]+ slotIdx=0 subId={id=2, iccId=898600120917 simSlotIndex=0 displayName=China Mobile carrierName=CMCC nameSource=0 iconTint=-13408298 dataRoaming=0 iconBitmap=android.graphics.Bitmap@40e46cf mcc 460 mnc 2}
10-11 17:55:23.648  3389  3389 D PhoneFactory: getPhone:- phoneId != DEFAULT_PHONE_ID return sPhones[phoneId] phoneId=0 phone=Handler (com.qualcomm.qti.internal.telephony.QtiGsmCdmaPhone) {c01c7c0}
10-11 17:55:23.654  3389  3389 D SubscriptionController: [getActiveSubscriptionInfo]+ subId=2 subInfo={id=2, iccId=898600120917 simSlotIndex=0 displayName=China Mobile carrierName=CMCC nameSource=0 iconTint=-13408298 dataRoaming=0 iconBitmap=android.graphics.Bitmap@42f3c3a mcc 460 mnc 2}
10-11 17:55:23.779  3389 10041 D RILJ    : [4175]> RIL_REQUEST_GSM_BROADCAST_ACTIVATION [SUB0]
10-11 17:55:23.783  3389  3389 D PhoneFactory: getPhone:- phoneId != DEFAULT_PHONE_ID return sPhones[phoneId] phoneId=0 phone=Handler (com.qualcomm.qti.internal.telephony.QtiGsmCdmaPhone) {c01c7c0}
10-11 17:55:23.786  3389  3452 D RilRequest: [4175]< RIL_REQUEST_GSM_BROADCAST_ACTIVATION error: com.android.internal.telephony.CommandException: MODEM_ERR ret=
10-11 17:55:23.822  3389  3389 D PhoneFactory: getPhone:- phoneId != DEFAULT_PHONE_ID return sPhones[phoneId] phoneId=0 phone=Handler (com.qualcomm.qti.internal.telephony.QtiGsmCdmaPhone) {c01c7c0}
10-11 17:55:23.829  3389  3389 D SubscriptionController: [getActiveSubscriptionInfo]+ subId=2 subInfo={id=2, iccId=898600120917 simSlotIndex=0 displayName=China Mobile carrierName=CMCC nameSource=0 iconTint=-13408298 dataRoaming=0 iconBitmap=android.graphics.Bitmap@45640c7 mcc 460 mnc 2}
10-11 17:55:23.908  3389  3452 D RILJ    : Unsol response received for UNSOL_DATA_CALL_LIST_CHANGED Sending ack to ril.cpp [SUB0]
10-11 17:55:23.909  3389  3452 D RILJ    : responseDataCallList ver=11 num=1 [SUB0]
10-11 17:55:23.909  3389  3452 D RILJ    : [UNSL]< UNSOL_DATA_CALL_LIST_CHANGED [DataCallResponse: {version=11 status=0 retry=-1 cid=0 active=1 type=IPV4V6 ifname=rmnet_data6 mtu=1500 addresses=[2409:8804:8038:1fcc:50b8:cddb:4825:f75d/64] dnses=[] gateways=[fe80:0000:0000:0000:9d0a:d73c:f334:80eb] pcscf=[]}] [SUB0]
10-11 17:55:23.936  3389  3477 D Dcc     : onDataStateChanged: dcsList=[DataCallResponse: {version=11 status=0 retry=-1 cid=0 active=1 type=IPV4V6 ifname=rmnet_data6 mtu=1500 addresses=[2409:8804:8038:1fcc:50b8:cddb:4825:f75d/64] dnses=[] gateways=[fe80:0000:0000:0000:9d0a:d73c:f334:80eb] pcscf=[]}] mDcListActiveByCid={0={DC-1: State=DcActiveState mApnSetting=[ApnSettingV3] ims, 404, 46002, ims, , , , , , -1, ims, IPV4V6, IPV4V6, true, 0, 0, 0, false, 0, 0, 0, 0, , , false RefCount=1 mCid=0 mCreateTime=-1 mLastastFailTime=-1 mLastFailCause=NONE mTag=2 mLinkProperties={InterfaceName: rmnet_data6 LinkAddresses: [2409:8804:8038:1fcc:50b8:cddb:4825:f75d/64,]  Routes: [::/0 -> fe80::9d0a:d73c:f334:80eb rmnet_data6,] DnsAddresses: [] Domains: null MTU: 1500 TcpBufferSizes: 2097152,4194304,8388608,262144,524288,1048576} linkCapabilities=[ Transports: CELLULAR Capabilities: IMS&NOT_METERED&NOT_RESTRICTED&TRUSTED&NOT_VPN LinkUpBandwidth>=51200Kbps LinkDnBandwidth>=102400Kbps Specifier: <2>] mRestrictedNetworkOverride=false mApnContexts={{mApnType=ims mState=CONNECTED mWaitingApns={[[ApnSettingV3] ims, 404, 46002, ims, , , , , , -1, ims, IPV4V6, IPV4V6, true, 0, 0, 0, false, 0, 0, 0, 0, , , false]} mApnSetting={[ApnSettingV3] ims, 404, 46002, ims, , , , , , -1, ims, IPV4V6, IPV4V6, true, 0, 0, 0, false, 0, 0, 0, 0, , , false} mReason=connected mDataEnabled=true mDependencyMet=true}={mTag=2 mApnContext={mApnType=ims mState=CONNECTED mWaitingApns={[[ApnSettingV3] ims, 404, 46002, ims, , , , , , -1, ims, IPV4V6, IPV4V6, true, 0, 0, 0, false, 0, 0, 0, 0, , , false]} mApnSetting={[ApnSettingV3] ims, 404, 46002, ims, , , , , , -1, ims, IPV4V6, IPV4V6, true, 0, 0, 0, false, 0, 0, 0, 0, , , false} mReason=connected mDataEnabled=true mDependencyMet=true} mProfileId=2 mRat=14 mOnCompletedMsg={what=0x42000 when=-4m11s427ms obj=Pair{{mApnType=ims mState=CONNECTED mWaitingApns={[[ApnSettingV3] ims, 404, 46002, ims, , , , , , -1, ims, IPV4V6, IPV4V6, true, 0, 0, 0, false, 0, 0, 0, 0, , , false]} mApnSetting={[ApnSettingV3] ims, 404, 46002, ims, , , , , , -1, ims, IPV4V6, IPV4V6, true, 0, 0, 0, false, 0, 0, 0, 0, , , false} mReason=connected mDataEnabled=true mDependencyMet=true} 1} target=Handler (com.qualcomm.qti.internal.telephony.dataconnection.QtiDcTracker) {6b150a7} replyTo=null}}}}}
10-11 17:55:23.936  3389  3477 D Dcc     : onDataStateChanged: dcsToRetry=[]
10-11 17:55:23.936  3389  3477 D Dcc     : onDataStateChanged: Found ConnId=0 newState=DataCallResponse: {version=11 status=0 retry=-1 cid=0 active=1 type=IPV4V6 ifname=rmnet_data6 mtu=1500 addresses=[2409:8804:8038:1fcc:50b8:cddb:4825:f75d/64] dnses=[] gateways=[fe80:0000:0000:0000:9d0a:d73c:f334:80eb] pcscf=[]}
10-11 17:55:23.937  3389  3477 D DataCallResponse: addr/pl=2409:8804:8038:1fcc:50b8:cddb:4825:f75d/64
10-11 17:55:23.937  3389  3477 D DC-1    : MTU set by call response to: 1500
10-11 17:55:23.938  3389  3477 D Dcc     : onDataStateChanged: no change
10-11 17:55:23.938  3389  3477 D Dcc     : onDataStateChanged: Data Activity updated to DORMANT. stopNetStatePoll
10-11 17:55:23.938  3389  3477 D Dcc     : onDataStateChanged: dcsToRetry=[] apnsToCleanup=[]
10-11 17:55:23.941  3389  3389 D SST     : EVENT_IMS_CAPABILITY_CHANGED
10-11 17:55:23.947  3389  3389 D SIMRecords: [SIMRecords] getServiceProviderName: no brandOverride, providerName=China Mobile
10-11 17:55:23.947  3389  3389 D SIMRecords: [SIMRecords] getServiceProviderName: no brandOverride, providerName=China Mobile
10-11 17:55:23.948  3389  3389 D SST     : updateSpnDisplay: changed sending intent rule=3 showPlmn='true' plmn='CMCC' showSpn='true' spn='China Mobile' dataSpn='China Mobile' subId='2'
10-11 17:55:23.963  3389  3389 D SubscriptionController: [setCarrierText]+ text:CMCC  China Mobile subId:2
10-11 17:55:23.992  3389  3389 D SubscriptionController: notifySubscriptionInfoChanged:
10-11 17:55:23.996  3389  3401 D SubscriptionController: [getSubId]- numSubIds == 0, return DummySubIds slotIdx=1
10-11 17:55:24.008  3389  3389 I SST     : updateRilImsRadioTechnology : Old ims RAT: 14 new ims RAT: 0
10-11 17:55:24.009  3389  3389 D DefaultPhoneNotifier: nofityServiceState: mRegistry=com.android.internal.telephony.ITelephonyRegistry$Stub$Proxy@1cc1975 ss=0 0 voice home data home CMCC CMCC 46000 CMCC CMCC 46000  LTE LTE CSS supported -1 -1 RoamInd=-1 DefRoamInd=-1 EmergOnly=false IsDataRoamingFromRegistration=false IsUsingCarrierAggregation=false mRilImsRadioTechnology=0 sender=Handler (com.qualcomm.qti.internal.telephony.QtiGsmCdmaPhone) {c01c7c0} phondId=0 subId=2
10-11 17:55:24.013  3389  4312 D PhoneFactory: getPhone:- phoneId != DEFAULT_PHONE_ID return sPhones[phoneId] phoneId=0 phone=Handler (com.qualcomm.qti.internal.telephony.QtiGsmCdmaPhone) {c01c7c0}
10-11 17:55:24.014  3389  9767 D PhoneFactory: getPhone:- phoneId != DEFAULT_PHONE_ID return sPhones[phoneId] phoneId=0 phone=Handler (com.qualcomm.qti.internal.telephony.QtiGsmCdmaPhone) {c01c7c0}
10-11 17:55:24.015  3389  9767 D GsmCdmaPhone: [GsmCdmaPhone] getDataConnectionState apnType=default ret=DISCONNECTED
10-11 17:55:24.022  3389  3389 D PhoneFactory: getPhone:- phoneId != DEFAULT_PHONE_ID return sPhones[phoneId] phoneId=0 phone=Handler (com.qualcomm.qti.internal.telephony.QtiGsmCdmaPhone) {c01c7c0}
10-11 17:55:24.040  3389  3560 D PhoneFactory: getPhone:- phoneId != DEFAULT_PHONE_ID return sPhones[phoneId] phoneId=0 phone=Handler (com.qualcomm.qti.internal.telephony.QtiGsmCdmaPhone) {c01c7c0}
10-11 17:55:24.041  3389  4045 D PhoneFactory: getPhone:- phoneId != DEFAULT_PHONE_ID return sPhones[phoneId] phoneId=0 phone=Handler (com.qualcomm.qti.internal.telephony.QtiGsmCdmaPhone) {c01c7c0}
10-11 17:55:24.054  3389  3402 D PhoneFactory: getPhone:- phoneId != DEFAULT_PHONE_ID return sPhones[phoneId] phoneId=0 phone=Handler (com.qualcomm.qti.internal.telephony.QtiGsmCdmaPhone) {c01c7c0}
10-11 17:55:24.056  3389  9767 D PhoneFactory: getPhone:- phoneId != DEFAULT_PHONE_ID return sPhones[phoneId] phoneId=0 phone=Handler (com.qualcomm.qti.internal.telephony.QtiGsmCdmaPhone) {c01c7c0}
10-11 17:55:24.062  3389  3560 D SubscriptionController: [getActiveSubscriptionInfo]+ subId=2 subInfo={id=2, iccId=898600120917 simSlotIndex=0 displayName=China Mobile carrierName=CMCC  China Mobile nameSource=0 iconTint=-13408298 dataRoaming=0 iconBitmap=android.graphics.Bitmap@37481bf mcc 460 mnc 2}
10-11 17:55:24.071  3389  3401 D PhoneFactory: getPhone:- phoneId != DEFAULT_PHONE_ID return sPhones[phoneId] phoneId=0 phone=Handler (com.qualcomm.qti.internal.telephony.QtiGsmCdmaPhone) {c01c7c0}
10-11 17:55:24.072  3389  4045 D PhoneFactory: getPhone:- phoneId != DEFAULT_PHONE_ID return sPhones[phoneId] phoneId=0 phone=Handler (com.qualcomm.qti.internal.telephony.QtiGsmCdmaPhone) {c01c7c0}
10-11 17:55:24.078  3389  3389 D QtiGsmDCT: [0]QtiDcTracker handleMessage msg={ when=-482ms what=270340 obj=android.os.AsyncResult@dda08c target=com.qualcomm.qti.internal.telephony.dataconnection.QtiDcTracker }
10-11 17:55:24.078  3389  3389 D QtiGsmDCT: [0]QtiDcTracker handleMessage msg={ when=-480ms what=270340 obj=android.os.AsyncResult@d9033d5 target=com.qualcomm.qti.internal.telephony.dataconnection.QtiDcTracker }
10-11 17:55:24.080  3389  4153 D ImsManager: registrationFeatureCapabilityChanged :: serviceClass=1
10-11 17:55:24.080  3389  4153 D ImsPhoneCallTracker: [ImsPhoneCallTracker] onFeatureCapabilityChanged: VoLTE:false ViLTE:false VoWiFi:false ViWiFi:false UTLTE:true UTWiFi:false 
10-11 17:55:24.080  3389  4153 D ImsPhoneCallTracker: [ImsPhoneCallTracker] onFeatureCapabilityChanged: isVolteEnabled=false, isVideoCallEnabled=false, isVowifiEnabled=false, isUtEnabled=true
10-11 17:55:24.101  3389  3452 D RILJ    : Unsol response received for UNSOL_DATA_CALL_LIST_CHANGED Sending ack to ril.cpp [SUB0]
10-11 17:55:24.104  3389  3452 D RILJ    : responseDataCallList ver=11 num=1 [SUB0]
10-11 17:55:24.104  3389  3452 D RILJ    : [UNSL]< UNSOL_DATA_CALL_LIST_CHANGED [DataCallResponse: {version=11 status=0 retry=-1 cid=0 active=1 type=IPV4V6 ifname=rmnet_data6 mtu=1500 addresses=[2409:8804:8038:1fcc:50b8:cddb:4825:f75d/64] dnses=[] gateways=[fe80:0000:0000:0000:9d0a:d73c:f334:80eb] pcscf=[]}] [SUB0]
10-11 17:55:24.108  3389  8835 D PhoneFactory: getPhone:- phoneId != DEFAULT_PHONE_ID return sPhones[phoneId] phoneId=0 phone=Handler (com.qualcomm.qti.internal.telephony.QtiGsmCdmaPhone) {c01c7c0}
10-11 17:55:24.110  3389  3402 D PhoneFactory: getPhone:- phoneId != DEFAULT_PHONE_ID return sPhones[phoneId] phoneId=0 phone=Handler (com.qualcomm.qti.internal.telephony.QtiGsmCdmaPhone) {c01c7c0}
10-11 17:55:24.117  3389  3477 D Dcc     : onDataStateChanged: dcsList=[DataCallResponse: {version=11 status=0 retry=-1 cid=0 active=1 type=IPV4V6 ifname=rmnet_data6 mtu=1500 addresses=[2409:8804:8038:1fcc:50b8:cddb:4825:f75d/64] dnses=[] gateways=[fe80:0000:0000:0000:9d0a:d73c:f334:80eb] pcscf=[]}] mDcListActiveByCid={0={DC-1: State=DcActiveState mApnSetting=[ApnSettingV3] ims, 404, 46002, ims, , , , , , -1, ims, IPV4V6, IPV4V6, true, 0, 0, 0, false, 0, 0, 0, 0, , , false RefCount=1 mCid=0 mCreateTime=-1 mLastastFailTime=-1 mLastFailCause=NONE mTag=2 mLinkProperties={InterfaceName: rmnet_data6 LinkAddresses: [2409:8804:8038:1fcc:50b8:cddb:4825:f75d/64,]  Routes: [::/0 -> fe80::9d0a:d73c:f334:80eb rmnet_data6,] DnsAddresses: [] Domains: null MTU: 1500 TcpBufferSizes: 2097152,4194304,8388608,262144,524288,1048576} linkCapabilities=[ Transports: CELLULAR Capabilities: IMS&NOT_METERED&NOT_RESTRICTED&TRUSTED&NOT_VPN LinkUpBandwidth>=51200Kbps LinkDnBandwidth>=102400Kbps Specifier: <2>] mRestrictedNetworkOverride=false mApnContexts={{mApnType=ims mState=CONNECTED mWaitingApns={[[ApnSettingV3] ims, 404, 46002, ims, , , , , , -1, ims, IPV4V6, IPV4V6, true, 0, 0, 0, false, 0, 0, 0, 0, , , false]} mApnSetting={[ApnSettingV3] ims, 404, 46002, ims, , , , , , -1, ims, IPV4V6, IPV4V6, true, 0, 0, 0, false, 0, 0, 0, 0, , , false} mReason=connected mDataEnabled=true mDependencyMet=true}={mTag=2 mApnContext={mApnType=ims mState=CONNECTED mWaitingApns={[[ApnSettingV3] ims, 404, 46002, ims, , , , , , -1, ims, IPV4V6, IPV4V6, true, 0, 0, 0, false, 0, 0, 0, 0, , , false]} mApnSetting={[ApnSettingV3] ims, 404, 46002, ims, , , , , , -1, ims, IPV4V6, IPV4V6, true, 0, 0, 0, false, 0, 0, 0, 0, , , false} mReason=connected mDataEnabled=true mDependencyMet=true} mProfileId=2 mRat=14 mOnCompletedMsg={what=0x42000 when=-4m11s607ms obj=Pair{{mApnType=ims mState=CONNECTED mWaitingApns={[[ApnSettingV3] ims, 404, 46002, ims, , , , , , -1, ims, IPV4V6, IPV4V6, true, 0, 0, 0, false, 0, 0, 0, 0, , , false]} mApnSetting={[ApnSettingV3] ims, 404, 46002, ims, , , , , , -1, ims, IPV4V6, IPV4V6, true, 0, 0, 0, false, 0, 0, 0, 0, , , false} mReason=connected mDataEnabled=true mDependencyMet=true} 1} target=Handler (com.qualcomm.qti.internal.telephony.dataconnection.QtiDcTracker) {6b150a7} replyTo=null}}}}}
10-11 17:55:24.117  3389  3477 D Dcc     : onDataStateChanged: dcsToRetry=[]
10-11 17:55:24.117  3389  3477 D Dcc     : onDataStateChanged: Found ConnId=0 newState=DataCallResponse: {version=11 status=0 retry=-1 cid=0 active=1 type=IPV4V6 ifname=rmnet_data6 mtu=1500 addresses=[2409:8804:8038:1fcc:50b8:cddb:4825:f75d/64] dnses=[] gateways=[fe80:0000:0000:0000:9d0a:d73c:f334:80eb] pcscf=[]}
10-11 17:55:24.117  3389  3477 D DataCallResponse: addr/pl=2409:8804:8038:1fcc:50b8:cddb:4825:f75d/64
10-11 17:55:24.120  3389  3477 D DC-1    : MTU set by call response to: 1500
10-11 17:55:24.121  3389  3477 D Dcc     : onDataStateChanged: no change
10-11 17:55:24.121  3389  3477 D Dcc     : onDataStateChanged: Data Activity updated to DORMANT. stopNetStatePoll
10-11 17:55:24.121  3389  3477 D Dcc     : onDataStateChanged: dcsToRetry=[] apnsToCleanup=[]
10-11 17:55:24.126  3389  4239 D PhoneFactory: getPhone:- phoneId != DEFAULT_PHONE_ID return sPhones[phoneId] phoneId=0 phone=Handler (com.qualcomm.qti.internal.telephony.QtiGsmCdmaPhone) {c01c7c0}
10-11 17:55:24.128  3389  3474 D PhoneFactory: getPhone:- phoneId != DEFAULT_PHONE_ID return sPhones[phoneId] phoneId=0 phone=Handler (com.qualcomm.qti.internal.telephony.QtiGsmCdmaPhone) {c01c7c0}
10-11 17:55:24.131  3389  4312 D PhoneFactory: getPhone:- phoneId != DEFAULT_PHONE_ID return sPhones[phoneId] phoneId=0 phone=Handler (com.qualcomm.qti.internal.telephony.QtiGsmCdmaPhone) {c01c7c0}
10-11 17:55:24.142  3389  3389 D PhoneFactory: getPhone:- phoneId != DEFAULT_PHONE_ID return sPhones[phoneId] phoneId=0 phone=Handler (com.qualcomm.qti.internal.telephony.QtiGsmCdmaPhone) {c01c7c0}
10-11 17:55:24.146  3389  3401 D PhoneFactory: getPhone:- phoneId != DEFAULT_PHONE_ID return sPhones[phoneId] phoneId=0 phone=Handler (com.qualcomm.qti.internal.telephony.QtiGsmCdmaPhone) {c01c7c0}
10-11 17:55:24.153  3389  3389 D SubscriptionController: [getActiveSubscriptionInfoForSimSlotIndex]+ slotIdx=0 subId={id=2, iccId=898600120917 simSlotIndex=0 displayName=China Mobile carrierName=CMCC  China Mobile nameSource=0 iconTint=-13408298 dataRoaming=0 iconBitmap=android.graphics.Bitmap@c5a6a53 mcc 460 mnc 2}
