09-27 14:54:47.604  5307  5468 I AmazonKindle.com.amazon.kcp.application.HardwareInfoLogger:  CPU InstructionSets: [arm64-v8a, armeabi-v7a, armeabi] 
09-27 14:54:47.604  5307  5468 I AmazonKindle.com.amazon.kcp.application.HardwareInfoLogger:  Manufacturer: 10or 
09-27 14:54:47.604  5307  5468 I AmazonKindle.com.amazon.kcp.application.HardwareInfoLogger:  Hardware: qcom 
09-27 14:54:47.604  5307  5468 I AmazonKindle.com.amazon.kcp.application.HardwareInfoLogger:  Model: G 
09-27 14:54:47.604  5307  5468 I AmazonKindle.com.amazon.kcp.application.HardwareInfoLogger:  Brand: 10or 
09-27 14:54:47.604  5307  5468 I AmazonKindle.com.amazon.kcp.application.HardwareInfoLogger:  OS Version: 7.1.2 
09-27 14:54:47.604  5307  5468 I AmazonKindle.com.amazon.kcp.application.HardwareInfoLogger:  API Level: 25
09-27 14:54:47.607  1774  2823 W BackupManagerService: dataChanged but no participant pkg='com.amazon.kindle' uid=10095
09-27 14:54:47.610  5307  5468 I AmazonKindle.com.amazon.kcp.application.HardwareInfoLogger: [ThreadPoolManager1-thread-5]: Logging hardware info to Reading Streams
09-27 14:54:47.683  5307  5468 D com.amazon.kcp.font.DynamicFontDownloadHelper: Acquired lock for OpenDyslexicFontRS
09-27 14:54:47.690  1774  2737 W BackupManagerService: dataChanged but no participant pkg='com.amazon.kindle' uid=10095
09-27 14:54:47.692  1774  2835 W BackupManagerService: dataChanged but no participant pkg='com.amazon.kindle' uid=10095
09-27 14:54:47.694  1774  2797 W BackupManagerService: dataChanged but no participant pkg='com.amazon.kindle' uid=10095
09-27 14:54:47.695  1774  2901 W BackupManagerService: dataChanged but no participant pkg='com.amazon.kindle' uid=10095
09-27 14:54:47.696  1774  2795 W BackupManagerService: dataChanged but no participant pkg='com.amazon.kindle' uid=10095
09-27 14:54:47.697  1774  2902 W BackupManagerService: dataChanged but no participant pkg='com.amazon.kindle' uid=10095
09-27 14:54:47.699  1774  2069 W BackupManagerService: dataChanged but no participant pkg='com.amazon.kindle' uid=10095
09-27 14:54:47.701  1774  2279 W BackupManagerService: dataChanged but no participant pkg='com.amazon.kindle' uid=10095
09-27 14:54:47.702  1774  2883 W BackupManagerService: dataChanged but no participant pkg='com.amazon.kindle' uid=10095
09-27 14:54:47.706  5307  5419 I AmazonKindle.com.amazon.kindle.analytics.AnalyticsUtils: [AsyncTask #1]: Mobile Analytics >>initialized appID and identityPool to release values
09-27 14:54:47.711  5307  5456 V MetricsServiceAdapter: record - [ Redding , ApplicationStartup ];
09-27 14:54:47.711  5307  5357 V MetricsServiceAdapter: record - [ Redding , ApplicationStartup ];
09-27 14:54:47.712  5307  5410 D Metrics:BatchCreator: addMetricEntry - Adding metric entry; metricEntry: 1506495287711 Redding ApplicationStartup  [ExploreByTouchDisabled,1.0,1]  [AppVersion,1194066035,1] 
09-27 14:54:47.713  5307  5410 D Metrics:BatchCreator: addMetricEntry - Adding metric entry; metricEntry: 1506495287711 Redding ApplicationStartup  [TalkbackDisabled,1.0,1]  [AppVersion,1194066035,1] 
09-27 14:54:47.714  5307  5357 V MetricsServiceAdapter: record - [ Redding , ApplicationStartup ];
09-27 14:54:47.715  5307  5468 D com.amazon.kcp.font.DynamicFontDownloadHelper: Releasing lock for OpenDyslexicFontRS
09-27 14:54:47.715  5307  5410 D Metrics:BatchCreator: addMetricEntry - Adding metric entry; metricEntry: 1506495287714 Redding ApplicationStartup  [ThirdPartyAccessibilityDisabled,1.0,1]  [AppVersion,1194066035,1] 
09-27 14:54:47.729  5307  5498 W ActivityThread: ClassLoader.getResources: The class loader returned by Thread.getContextClassLoader() may fail for processes that host multiple applications. You should explicitly specify a context class loader. For example: Thread.setContextClassLoader(getClass().getClassLoader());
09-27 14:54:47.733  5307  5307 I AmazonKindle.com.amazon.kcp.application.ReddingApplication: [main]: Process started: com.amazon.kindle
09-27 14:54:47.788  5307  5307 I ...rage.LambortishClock: Users clock moved. System time is 1506495287787 and timestamp is 1506495287757
09-27 14:54:47.800  5307  5498 D CognitoCachingCredentialsProvider: Loading credentials from SharedPreferences
09-27 14:54:47.801  5307  5459 D CognitoCachingCredentialsProvider: Loading credentials from SharedPreferences
09-27 14:54:47.801  5307  5498 D CognitoCachingCredentialsProvider: No valid credentials found in SharedPreferences
09-27 14:54:47.801  5307  5459 D CognitoCachingCredentialsProvider: No valid credentials found in SharedPreferences
09-27 14:54:47.822  1774  2069 I ActivityManager: Start proc 5503:com.amazon.widgets/u0a93 for broadcast com.amazon.widgets/com.amazon.identity.auth.device.storage.LambortishClock$ChangeTimestampsBroadcastReceiver
09-27 14:54:47.834  5307  5498 I AmazonWebServiceClient: {mobileanalytics, us-east-1} was not found in region metadata, trying to construct an endpoint using the standard pattern for this region: 'mobileanalytics.us-east-1.amazonaws.com'.
09-27 14:54:47.835  1774  2069 I ActivityManager: Killing 3071:com.android.providers.calendar/u0a2 (adj 906): empty #17
09-27 14:54:47.852  5307  5498 I InactiveSessionState: InactiveSession starting
09-27 14:54:47.855  5307  5498 V SessionClientState: Firing Session Event: _session.start
09-27 14:54:47.857  5307  5498 D MobileAnalyticsManager: Amazon Mobile Analytics SDK(2.2.2) initialization successfully completed
09-27 14:54:47.859  5307  5498 E AmazonKindle.com.amazon.kindle.services.authentication.MAPTokenCache: [AnalyticsUtils_worker-1]: Null or empty account: [null], key: [PFM], aborting...
09-27 14:54:47.860  5307  5498 I AmazonKindle.com.amazon.kindle.analytics.AnalyticsUtils: [AnalyticsUtils_worker-1]: Mobile Analytics >>adding network attributes to event AppInit
09-27 14:54:47.860  5307  5498 I AmazonKindle.com.amazon.kindle.analytics.AnalyticsUtils: [AnalyticsUtils_worker-1]: Mobile Analytics >>creating event AppInit
09-27 14:54:47.861  5307  5498 I AmazonKindle.com.amazon.kindle.analytics.AnalyticsUtils: [AnalyticsUtils_worker-1]: Mobile Analytics >>recording event AppInit
09-27 14:54:47.866  5307  5519 I DefaultDeliveryClient: Event: '_sess...' recorded to local filestore
09-27 14:54:47.866  5307  5519 D DefaultDeliveryClient: Time of enqueueEventForDelivery: 10
09-27 14:54:47.873  5307  5519 I DefaultDeliveryClient: Event: 'AppIn...' recorded to local filestore
09-27 14:54:47.874  5307  5519 D DefaultDeliveryClient: Time of enqueueEventForDelivery: 7
09-27 14:54:47.876  5307  5459 E AmazonKindle.com.amazon.kindle.services.authentication.MAPTokenCache: [AsyncTask #3]: Null or empty account: [null], key: [PFM], aborting...
09-27 14:54:47.877  1774  2795 D ActivityManager: cleanUpApplicationRecord -- 3071
09-27 14:54:47.895  5503  5503 I art     : Starting a blocking GC AddRemoveAppImageSpace
09-27 14:54:47.902  5503  5503 W System  : ClassLoader referenced unknown path: /system/app/com.amazon.widgets/lib/arm
09-27 14:54:47.934  5307  5307 W DownloadReceiver:  received intent action: android.net.conn.CONNECTIVITY_CHANGE
09-27 14:54:47.947  5503  5525 I ...h.device.api.MAPInit: Initializing MAP (130050002 / MAPAndroidLib-1.0.1546.0) for app com.amazon.widgets
09-27 14:54:47.948  5503  5525 I ...ing.PlatformSettings: DCP settings not available; using defaults
09-27 14:54:47.951  5307  5526 W AmazonKindle.com.amazon.kindle.services.events.DeadEventHandler: [pool-37-thread-1]: dead message detected: com.amazon.kindlefc.ConnectivityChangeReceiver$ConnectivityEvent@eb70701
09-27 14:54:47.956  5503  5525 I ...ures.FeatureSetCache: Caching feature IsolateApplication as false
09-27 14:54:47.966  5307  5527 I AmazonKindle.com.amazon.nwstd.utils.ReaderTokensAvailabilityHelper: [IntentService[NwstdIntentService]]: Preloading reader data
09-27 14:54:47.969  5307  5527 E AmazonKindle.com.amazon.kindle.services.authentication.MAPTokenCache: [IntentService[NwstdIntentService]]: Null or empty account: [null], key: [PFM], aborting...
09-27 14:54:47.973  5307  5527 E AmazonKindle.com.amazon.kindle.services.authentication.MAPTokenCache: [IntentService[NwstdIntentService]]: Null or empty account: [null], key: [XFSN_COOKIE], aborting...
09-27 14:54:47.976  5307  5527 E AmazonKindle.com.amazon.kindle.services.authentication.MAPTokenCache: [IntentService[NwstdIntentService]]: Null or empty account: [null], key: [XMAIN_AND_XACB_COOKIES], aborting...
09-27 14:54:47.977  5503  5525 I ...tils.CentralApkUtils: Cannot find amazon authenticator. returning null
09-27 14:54:47.977  5503  5525 I ...tils.CentralApkUtils: No central apk detected. This should be a 3P device.
09-27 14:54:47.977  5503  5525 I ...taStorageFactoryImpl: Creating new DataStorageFactoryImpl
09-27 14:54:47.978  5503  5525 I ...taStorageFactoryImpl: Initializing new DataStorage
09-27 14:54:47.980  5503  5525 I ...DeviceAttributeCache: Setting device attribute CentralAPK to false
09-27 14:54:47.980  5503  5525 I ...taStorageFactoryImpl: Creating and using new DistributedDataStorage
09-27 14:54:48.003  5307  5307 I AmazonLauncher.BuildVariant: Device build variant: Engineering
09-27 14:54:48.007  5307  5307 I AmazonLauncher.SicsGraph: SICS graph constructed for instance MEDIUM using mode: Bitmap
09-27 14:54:48.008  5503  5530 I ...amework.MAPInitTasks: Get DataStorage instance for initialization
09-27 14:54:48.008  5503  5530 I ...amework.MAPInitTasks: Initialize DataStorage instance
09-27 14:54:48.021  5307  5307 I AmazonLauncher.SicsConfig: -------------------------
09-27 14:54:48.021  5307  5307 I AmazonLauncher.SicsConfig: SICS Version                   : TabletSICS 2.5.24
09-27 14:54:48.021  5307  5307 I AmazonLauncher.SicsConfig: SICS Cache Name                : MEDIUM
09-27 14:54:48.021  5307  5307 I AmazonLauncher.SicsConfig: Image Maximum Height           : 900
09-27 14:54:48.021  5307  5307 I AmazonLauncher.SicsConfig: Image Maximum Width            : 900
09-27 14:54:48.021  5307  5307 I AmazonLauncher.SicsConfig: Log Level                      : Warning
09-27 14:54:48.021  5307  5307 I AmazonLauncher.SicsConfig: Available Cache Size           : 41
09-27 14:54:48.021  5307  5307 I AmazonLauncher.SicsConfig: CSR Cache Size                 : 0
09-27 14:54:48.021  5307  5307 I AmazonLauncher.SicsConfig: CSR File Name                  : /data/user/0/com.amazon.kindle/cache/.csr/MEDIUM.csr
09-27 14:54:48.021  5307  5307 I AmazonLauncher.SicsConfig: Downloaded Cache Size          : 250
09-27 14:54:48.021  5307  5307 I AmazonLauncher.SicsConfig: Download Cache Path            : /data/user/0/com.amazon.kindle/cache/.dl
09-27 14:54:48.021  5307  5307 I AmazonLauncher.SicsConfig: Requested Mode                 : Auto
09-27 14:54:48.021  5307  5307 I AmazonLauncher.SicsConfig: Custom ThreadModel             : true
09-27 14:54:48.021  5307  5307 I AmazonLauncher.SicsConfig: Custom FileIdentifier          : false
09-27 14:54:48.021  5307  5307 I AmazonLauncher.SicsConfig: Transaction Error Resol.       : ContinueWithBestEffort
09-27 14:54:48.021  5307  5307 I AmazonLauncher.SicsConfig: Scheme Resolvers               : false
09-27 14:54:48.021  5307  5307 I AmazonLauncher.SicsConfig: Available Cache Max. Pool Size : {}
09-27 14:54:48.021  5307  5307 I AmazonLauncher.SicsConfig: -------------------------
09-27 14:54:48.035  5503  5503 W nAnnotationIntrospector: Unable to load JDK7 annotation types; will have to skip
09-27 14:54:48.049  5307  5307 I AmazonLauncher.SicsGraph: SICS graph constructed for instance SMALL using mode: Bitmap
09-27 14:54:48.051  5307  5307 I AmazonLauncher.SicsConfig: -------------------------
09-27 14:54:48.051  5307  5307 I AmazonLauncher.SicsConfig: SICS Version                   : TabletSICS 2.5.24
09-27 14:54:48.051  5307  5307 I AmazonLauncher.SicsConfig: SICS Cache Name                : SMALL
09-27 14:54:48.051  5307  5307 I AmazonLauncher.SicsConfig: Image Maximum Height           : 450
09-27 14:54:48.051  5307  5307 I AmazonLauncher.SicsConfig: Image Maximum Width            : 300
09-27 14:54:48.051  5307  5307 I AmazonLauncher.SicsConfig: Log Level                      : Warning
09-27 14:54:48.051  5307  5307 I AmazonLauncher.SicsConfig: Available Cache Size           : 248
09-27 14:54:48.051  5307  5307 I AmazonLauncher.SicsConfig: CSR Cache Size                 : 0
09-27 14:54:48.051  5307  5307 I AmazonLauncher.SicsConfig: CSR File Name                  : /data/user/0/com.amazon.kindle/cache/.csr/SMALL.csr
09-27 14:54:48.051  5307  5307 I AmazonLauncher.SicsConfig: Downloaded Cache Size          : 250
09-27 14:54:48.051  5307  5307 I AmazonLauncher.SicsConfig: Download Cache Path            : /data/user/0/com.amazon.kindle/cache/.dl
09-27 14:54:48.051  5307  5307 I AmazonLauncher.SicsConfig: Requested Mode                 : Auto
09-27 14:54:48.051  5307  5307 I AmazonLauncher.SicsConfig: Custom ThreadModel             : true
09-27 14:54:48.051  5307  5307 I AmazonLauncher.SicsConfig: Custom FileIdentifier          : false
09-27 14:54:48.051  5307  5307 I AmazonLauncher.SicsConfig: Transaction Error Resol.       : ContinueWithBestEffort
09-27 14:54:48.051  5307  5307 I AmazonLauncher.SicsConfig: Scheme Resolvers               : false
09-27 14:54:48.051  5307  5307 I AmazonLauncher.SicsConfig: Available Cache Max. Pool Size : {}
09-27 14:54:48.051  5307  5307 I AmazonLauncher.SicsConfig: -------------------------
09-27 14:54:48.056  5307  5482 E com.amazon.reader.notifications.impl.SettingsTask: Exception while trying to register
09-27 14:54:48.056  5307  5482 E com.amazon.reader.notifications.impl.SettingsTask: java.io.IOException: AUTHENTICATION_FAILED
09-27 14:54:48.056  5307  5482 E com.amazon.reader.notifications.impl.SettingsTask: 	at com.google.android.gms.gcm.GoogleCloudMessaging.register(Unknown Source)
09-27 14:54:48.056  5307  5482 E com.amazon.reader.notifications.impl.SettingsTask: 	at com.amazon.reader.notifications.impl.RegistrationTaskThirdParty.getRegistrationToken(RegistrationTaskThirdParty.java:51)
09-27 14:54:48.056  5307  5482 E com.amazon.reader.notifications.impl.SettingsTask: 	at com.amazon.reader.notifications.impl.SettingsManager.getRegistrationToken(SettingsManager.java:94)
09-27 14:54:48.056  5307  5482 E com.amazon.reader.notifications.impl.SettingsTask: 	at com.amazon.reader.notifications.impl.SettingsManager.run(SettingsManager.java:119)
09-27 14:54:48.056  5307  5482 E com.amazon.reader.notifications.impl.SettingsTask: 	at com.amazon.reader.notifications.impl.SettingsTask.run(SettingsTask.java:86)
09-27 14:54:48.056  5307  5482 E com.amazon.reader.notifications.impl.SettingsTask: 	at java.util.concurrent.Executors$RunnableAdapter.call(Executors.java:428)
09-27 14:54:48.056  5307  5482 E com.amazon.reader.notifications.impl.SettingsTask: 	at java.util.concurrent.FutureTask.run(FutureTask.java:237)
09-27 14:54:48.056  5307  5482 E com.amazon.reader.notifications.impl.SettingsTask: 	at java.util.concurrent.ThreadPoolExecutor.runWorker(ThreadPoolExecutor.java:1133)
09-27 14:54:48.056  5307  5482 E com.amazon.reader.notifications.impl.SettingsTask: 	at java.util.concurrent.ThreadPoolExecutor$Worker.run(ThreadPoolExecutor.java:607)
09-27 14:54:48.056  5307  5482 E com.amazon.reader.notifications.impl.SettingsTask: 	at java.lang.Thread.run(Thread.java:761)
09-27 14:54:48.057  5307  5482 E AmazonKindle.com.amazon.kcp.notifications.util.PushNotificationHelper: [pool-29-thread-1]: AndroidReaderNotificationsClient called onException.
09-27 14:54:48.057  5307  5482 E AmazonKindle.com.amazon.kcp.notifications.util.PushNotificationHelper: java.io.IOException: AUTHENTICATION_FAILED
09-27 14:54:48.057  5307  5482 E AmazonKindle.com.amazon.kcp.notifications.util.PushNotificationHelper: 	at com.google.android.gms.gcm.GoogleCloudMessaging.register(Unknown Source)
09-27 14:54:48.057  5307  5482 E AmazonKindle.com.amazon.kcp.notifications.util.PushNotificationHelper: 	at com.amazon.reader.notifications.impl.RegistrationTaskThirdParty.getRegistrationToken(RegistrationTaskThirdParty.java:51)
09-27 14:54:48.057  5307  5482 E AmazonKindle.com.amazon.kcp.notifications.util.PushNotificationHelper: 	at com.amazon.reader.notifications.impl.SettingsManager.getRegistrationToken(SettingsManager.java:94)
09-27 14:54:48.057  5307  5482 E AmazonKindle.com.amazon.kcp.notifications.util.PushNotificationHelper: 	at com.amazon.reader.notifications.impl.SettingsManager.run(SettingsManager.java:119)
09-27 14:54:48.057  5307  5482 E AmazonKindle.com.amazon.kcp.notifications.util.PushNotificationHelper: 	at com.amazon.reader.notifications.impl.SettingsTask.run(SettingsTask.java:86)
09-27 14:54:48.057  5307  5482 E AmazonKindle.com.amazon.kcp.notifications.util.PushNotificationHelper: 	at java.util.concurrent.Executors$RunnableAdapter.call(Executors.java:428)
09-27 14:54:48.057  5307  5482 E AmazonKindle.com.amazon.kcp.notifications.util.PushNotificationHelper: 	at java.util.concurrent.FutureTask.run(FutureTask.java:237)
09-27 14:54:48.057  5307  5482 E AmazonKindle.com.amazon.kcp.notifications.util.PushNotificationHelper: 	at java.util.concurrent.ThreadPoolExecutor.runWorker(ThreadPoolExecutor.java:1133)
09-27 14:54:48.057  5307  5482 E AmazonKindle.com.amazon.kcp.notifications.util.PushNotificationHelper: 	at java.util.concurrent.ThreadPoolExecutor$Worker.run(ThreadPoolExecutor.java:607)
09-27 14:54:48.057  5307  5482 E AmazonKindle.com.amazon.kcp.notifications.util.PushNotificationHelper: 	at java.lang.Thread.run(Thread.java:761)
09-27 14:54:48.059  5307  5307 D AmazonDownloadManager: connection to download service established
09-27 14:54:48.066  5503  5530 I ...amework.MAPInitTasks: Setup DataStorage instance
09-27 14:54:48.093  1940  2334 D TelephonyIcons: updateDataType slot=1, type=13, inetCondition=0 showAtLeast3G=false show4GforLte=true hspaDistinguishable=true
09-27 14:54:48.093  1940  2334 D TelephonyIcons: data type item name: array/telephony_data_type_sim1 id:2131427376
09-27 14:54:48.094  1940  2334 D TelephonyIcons: updateDataType mSelectedDataTypeIcon[1]=2130838270, mSelectedDataActivityIndex=5
09-27 14:54:48.095  1940  2334 D TelephonyIcons: getSignalStrengthIcon: slot=1, inetCondition=0, level=4, roaming=false
09-27 14:54:48.095  1940  2334 D TelephonyIcons: signalStrengthArray.length=9
09-27 14:54:48.096  1940  2334 D TelephonyIcons: selectedTypeArray.length=2
09-27 14:54:48.097  1940  2334 D TelephonyIcons: inetArray.length=5
09-27 14:54:48.098  1940  2334 D TelephonyIcons: getDataActivity, slot=1, activity=3
09-27 14:54:48.101  1940  2334 D TelephonyIcons: null signal icon name: drawable/stat_sys_signal_null
09-27 14:54:48.102  1940  2334 D TelephonyIcons: getDataTypeIcon sub=1
09-27 14:54:48.115  5503  5503 I JobSchedulingHelper: Found an existing job with the same ID, not rescheduling
09-27 14:54:48.115  5503  5503 E PackageComponent: initializePackageComponent(...) called when the PackageComponent has already been initialized
09-27 14:54:48.143  5503  5535 I ...DeviceAttributeCache: Setting device attribute CentralDeviceType to A26P7JWNT6HZZG
09-27 14:54:48.154  5503  5535 V BoundedNumberEvaluator: fieldName - value; 65536: greater than max value, 10000: using max value
09-27 14:54:48.154  5503  5535 V BoundedNumberEvaluator: fieldName - value; 65536: greater than max value, 10000: using max value
09-27 14:54:48.155  5503  5535 V BoundedNumberEvaluator: fieldName - value; 65536: greater than max value, 10000: using max value
09-27 14:54:48.155  5503  5535 V BoundedNumberEvaluator: fieldName - value; 65536: greater than max value, 10000: using max value
09-27 14:54:48.155  5503  5535 D MetricsServiceAdapter: initialize - initialize(context) - Metrics service;
09-27 14:54:48.157  5503  5535 I DPLogger: DPLogger - Name was too long. Truncating; original name: BaseMetricsServiceFactory, truncated name: BaseMetricsServiceFacto
09-27 14:54:48.158  5503  5535 V BaseMetricsServiceFacto: shouldUsePassThroughMode - Looking up transport preferences at transport-preferences;
09-27 14:54:48.160  5503  5535 V BaseMetricsServiceFacto: shouldUsePassThroughMode - usePassThroughMode; false
09-27 14:54:48.160  5503  5535 V BaseMetricsServiceFacto: createMetricsService - Getting MetricsFactory via getSystemService().;
09-27 14:54:48.160  5503  5535 V BaseMetricsServiceFacto: createMetricsService - Could not obtain MetricsFactory via context.getSystemService(). Falling back on AndroidMetricsFactoryImpl.getInstance(context);
09-27 14:54:48.170  5503  5535 D NetworkSecurityConfig: No Network Security Config specified, using platform default
09-27 14:54:48.204  5503  5543 I ...eAccountPluginHolder: Returning Default multiple profile settings
09-27 14:54:48.206  5503  5543 D AmazonMobileAds AdsIdentity: No Amazon account found.
09-27 14:54:48.207  5503  5535 I DpmTcmClient: RegisterTcmMonitor from: org.apache.http.impl.conn.TcmIdleTimerMonitor
09-27 14:54:48.212  5503  5535 I DPLogger: DPLogger - Name was too long. Truncating; original name: TComm.HttpClientSrrManager, truncated name: TComm.HttpClientSrrMana
09-27 14:54:48.212  5503  5503 I ...rage.LambortishClock: Users clock moved. System time is 1506495288209 and timestamp is 1506495288169
09-27 14:54:48.212  5503  5535 I DPLogger: DPLogger - Name was too long. Truncating; original name: AndroidDeviceInfoManager, truncated name: AndroidDeviceInfoManage
09-27 14:54:48.213  5503  5535 V AndroidDeviceInfoManage: Metrics.AndroidDeviceInfoManager - deviceInfo; softwareVersion: eng.shigui.20170926.191820, hardware: qcom, buildType: eng, platform: G, model: G
09-27 14:54:48.213  5503  5535 W BaseMetricsServiceFacto: createMetricsService - Skipping batch pipeline setup for Priority NORMAL and Channel LOCATION because no configuration is provided.;
09-27 14:54:48.214  5503  5535 I DPLogger: DPLogger - Name was too long. Truncating; original name: Metrics:BoundedByteArrayQueue, truncated name: Metrics:BoundedByteArra
09-27 14:54:48.214  5503  5535 I DPLogger: DPLogger - Name was too long. Truncating; original name: Metrics:NonVolatileBoundedByteArrayQueue, truncated name: Metrics:NonVolatileBoun
09-27 14:54:48.214  1774  1884 D PowerManagerService: getScreenOffTimeoutLocked:  isTestFlag = false
09-27 14:54:48.216  5503  5535 I DPLogger: DPLogger - Name was too long. Truncating; original name: OverridingDeviceInfoManager, truncated name: OverridingDeviceInfoMan
09-27 14:54:48.217  5503  5535 V AndroidDeviceInfoManage: Metrics.AndroidDeviceInfoManager - deviceInfo; softwareVersion: eng.shigui.20170926.191820, hardware: qcom, buildType: eng, platform: G, model: G
09-27 14:54:48.231  1774  2823 I ActivityManager: Killing 4472:com.google.android.gms.ui/u0a14 (adj 906): empty #17
09-27 14:54:48.231  5503  5535 I OverridingDeviceInfoMan: getOrCreateCustomerIDSharedPref - Obtained CustomerID: 322362671;
09-27 14:54:48.233  5503  5535 I DPLogger: DPLogger - Name was too long. Truncating; original name: Metrics:BatchTransmitter, truncated name: Metrics:BatchTransmitte
09-27 14:54:48.233  5503  5535 I DPLogger: DPLogger - Name was too long. Truncating; original name: Metrics:ThreadPoolBatchTransmitter, truncated name: Metrics:ThreadPoolBatch
09-27 14:54:48.233  5503  5535 I DPLogger: DPLogger - Name was too long. Truncating; original name: PeriodicBatchTransmitter, truncated name: PeriodicBatchTransmitte
09-27 14:54:48.235  5503  5535 W BaseMetricsServiceFacto: createMetricsService - Skipping batch pipeline setup for Priority NORMAL and Channel NON_ANONYMOUS because no configuration is provided.;
09-27 14:54:48.236  5503  5535 W BaseMetricsServiceFacto: createMetricsService - Skipping batch pipeline setup for Priority HIGH and Channel LOCATION because no configuration is provided.;
09-27 14:54:48.238  5503  5535 V AndroidDeviceInfoManage: Metrics.AndroidDeviceInfoManager - deviceInfo; softwareVersion: eng.shigui.20170926.191820, hardware: qcom, buildType: eng, platform: G, model: G
09-27 14:54:48.238  5503  5535 I OverridingDeviceInfoMan: getOrCreateCustomerIDSharedPref - Obtained CustomerID: 322362671;
09-27 14:54:48.240  5503  5535 I DPLogger: DPLogger - Name was too long. Truncating; original name: Metrics:UrgentBatchTransmitter, truncated name: Metrics:UrgentBatchTran
09-27 14:54:48.242  5503  5535 W BaseMetricsServiceFacto: createMetricsService - Skipping batch pipeline setup for Priority HIGH and Channel NON_ANONYMOUS because no configuration is provided.;
09-27 14:54:48.247  5503  5535 W BaseMetricsServiceFacto: createMetricsService - Skipping batch pipeline setup for Priority RESERVED_FOR_LOCATION_SERVICE and Channel LOCATION because no configuration is provided.;
09-27 14:54:48.248  5503  5535 W BaseMetricsServiceFacto: createMetricsService - Skipping batch pipeline setup for Priority RESERVED_FOR_LOCATION_SERVICE and Channel ANONYMOUS because no configuration is provided.;
09-27 14:54:48.249  5503  5535 W BaseMetricsServiceFacto: createMetricsService - Skipping batch pipeline setup for Priority RESERVED_FOR_LOCATION_SERVICE and Channel NON_ANONYMOUS because no configuration is provided.;
09-27 14:54:48.250  5503  5535 W BaseMetricsServiceFacto: createMetricsService - Skipping batch pipeline setup for Priority RESERVED_FOR_NON_ANONYMOUS_METRICS and Channel LOCATION because no configuration is provided.;
09-27 14:54:48.251  5503  5535 W BaseMetricsServiceFacto: createMetricsService - Skipping batch pipeline setup for Priority RESERVED_FOR_NON_ANONYMOUS_METRICS and Channel ANONYMOUS because no configuration is provided.;
09-27 14:54:48.263  5503  5535 V AndroidDeviceInfoManage: Metrics.AndroidDeviceInfoManager - deviceInfo; softwareVersion: eng.shigui.20170926.191820, hardware: qcom, buildType: eng, platform: G, model: G
09-27 14:54:48.263  5503  5535 I OverridingDeviceInfoMan: getOrCreateCustomerIDSharedPref - Obtained CustomerID: 456737915;
09-27 14:54:48.266  5503  5535 V BaseMetricsServiceFacto: createMetricsService - Triggering intial push for stored metrics on service startup;
09-27 14:54:48.269  5503  5556 V Metrics:BatchTransmitte: QueuePusher.run - Transmitting batches.;
09-27 14:54:48.274  5503  5559 V Metrics:BatchTransmitte: QueuePusher.run - Transmitting batches.;
09-27 14:54:48.274  5503  5557 V Metrics:BatchTransmitte: QueuePusher.run - Transmitting batches.;
09-27 14:54:48.274  5503  5559 I Metrics:BatchTransmitte: QueuePusher.sendBatches - Drained batch queue.; Number of RESERVED_FOR_NON_ANONYMOUS_METRICS_NON_ANONYMOUS queue batches sent: 0
09-27 14:54:48.274  5503  5557 I Metrics:BatchTransmitte: QueuePusher.sendBatches - Drained batch queue.; Number of HIGH_ANONYMOUS queue batches sent: 0
09-27 14:54:48.276  5503  5535 I DPLogger: DPLogger - Name was too long. Truncating; original name: MetricsBroadcastReceiver, truncated name: MetricsBroadcastReceive
09-27 14:54:48.299  5503  5535 D CrashManager.DedupeUtil: loadFromSharedPreference - finish loading, map size = 0;
09-27 14:54:48.303  5503  5535 I com.amazon.device.crashmanager.CrashDetectionHelper: Installing crash detector as default exception handler.
09-27 14:54:48.310  5503  5562 I com.amazon.device.crashmanager.CrashDetectionHelper: Skipping crash report upload. WiFi/Ethernet is not connected AND upload over WAN is not allowed
09-27 14:54:48.312  1774  2280 D PowerManagerService: getScreenOffTimeoutLocked:  isTestFlag = false
09-27 14:54:48.317  4923  4923 I chatty  : uid=1000(system) com.qualcomm.qti.logkit expire 1 line
09-27 14:54:48.318   775  1359 I AudioPolicyManagerCustom: FLAG None hence request for a primary output
09-27 14:54:48.319  4923  4956 I chatty  : uid=1000(system) handler expire 40 lines
09-27 14:54:48.320   775  1909 I AudioPolicyManagerCustom: FLAG None hence request for a primary output
09-27 14:54:48.323  1774  1785 I ActivityManager: Start proc 5563:com.google.android.deskclock/u0a46 for broadcast com.google.android.deskclock/com.android.deskclock.AlarmInitReceiver
09-27 14:54:48.334  1774  2737 D ActivityManager: cleanUpApplicationRecord -- 4472
09-27 14:54:48.334  1774  2901 D PowerManagerService: getScreenOffTimeoutLocked:  isTestFlag = false
09-27 14:54:48.336  4923  4923 I chatty  : uid=1000(system) com.qualcomm.qti.logkit expire 14 lines
09-27 14:54:48.366  1774  2279 I ActivityManager: Killing 4435:com.google.android.videos/u0a91 (adj 906): empty #17
09-27 14:54:48.409  1774  2279 I ActivityManager: Killing 3782:com.android.vending/u0a30 (adj 906): empty #17
09-27 14:54:48.413  1774  2835 D ActivityManager: cleanUpApplicationRecord -- 4435
09-27 14:54:48.422  5563  5563 I art     : Starting a blocking GC AddRemoveAppImageSpace
09-27 14:54:48.426  5563  5563 W System  : ClassLoader referenced unknown path: /system/app/DeskClockGoogle/lib/arm64
09-27 14:54:48.459  1774  1785 D ActivityManager: cleanUpApplicationRecord -- 3782
09-27 14:54:48.506  5563  5563 I GAv4    : Google Analytics 10.0.84 is starting up. To enable debug logging on a device run:
09-27 14:54:48.506  5563  5563 I GAv4    :   adb shell setprop log.tag.GAv4 DEBUG
09-27 14:54:48.506  5563  5563 I GAv4    :   adb logcat -s GAv4
09-27 14:54:48.525  5563  5582 W GAv4    : AnalyticsReceiver is not registered or is disabled. Register the receiver for reliable dispatching on non-Google Play devices. See http://goo.gl/8Rd3yj for instructions.
09-27 14:54:48.543  5563  5563 I AlarmClock: AlarmInitReceiver android.intent.action.TIME_SET
09-27 14:54:48.546  5563  5582 W GAv4    : CampaignTrackingReceiver is not registered, not exported or is disabled. Installation campaign tracking is not possible. See http://goo.gl/8Rd3yj for instructions.
09-27 14:54:48.552  1774  2901 D PowerManagerService: getScreenOffTimeoutLocked:  isTestFlag = false
09-27 14:54:48.558  5563  5582 W GAv4    : AnalyticsService not registered in the app manifest. Hits might not be delivered reliably. See http://goo.gl/8Rd3yj for instructions.
09-27 14:54:48.641  5563  5586 W RingtoneManager: No READ_EXTERNAL_STORAGE permission, ignoring ringtones on ext storage
09-27 14:54:48.702  5563  5586 E ExtMediaPlayer-JNI: env->IsInstanceOf fails
09-27 14:54:48.702  5563  5586 E MediaPlayer-JNI: JNIMediaPlayerFactory: bIsQCMediaPlayerPresent 0
09-27 14:54:48.702  5563  5586 E ExtMediaPlayer-JNI: env->IsInstanceOf fails
09-27 14:54:48.702  5563  5586 E MediaPlayer-JNI: JNIMediaPlayerFactory: bIsQCMediaPlayerPresent 0
09-27 14:54:48.709  1774  2736 D PowerManagerService: getScreenOffTimeoutLocked:  isTestFlag = false
09-27 14:54:48.710  1774  2736 D PowerManagerService: getScreenOffTimeoutLocked:  isTestFlag = false
09-27 14:54:48.713  1774  2736 D PowerManagerService: getScreenOffTimeoutLocked:  isTestFlag = false
09-27 14:54:48.735  5563  5587 I AlarmClock: Started indexing all application data.
09-27 14:54:48.751   813  2088 I ExtendedNuUtils: printFileName fd(7) -> /data/system_de/0/ringtones/alarm_alert_cache
09-27 14:54:48.774   810  2199 I ExtendedExtractor: QTIParser is prefered .. flags 2
09-27 14:54:48.776   810  2199 D MMParserExtractor: setExtraFlags called with flags 2 for paser instance f4507230
09-27 14:54:48.776   810  2199 D MMParserExtractor: using bigger parser buffers
09-27 14:54:48.776   810  2199 I ExtendedExtractor: ExtendedExtractor::create 0xf4507230
09-27 14:54:48.788   813  5588 D NuPlayerDriver: notifyListener_l(0xef08c000), (1, 0, 0), loop setting(0, 0)
09-27 14:54:48.788  5563  5586 D MediaPlayer: setSubtitleAnchor in MediaPlayer
09-27 14:54:48.788  5563  5563 D MediaPlayer: setSubtitleAnchor in MediaPlayer
09-27 14:54:48.797  5563  5586 D Ringtone: Successfully created local player
09-27 14:54:48.871  5563  5586 I AlarmClock: Removing AlarmClockInfo
09-27 14:54:48.878  1774  2069 D PowerManagerService: getScreenOffTimeoutLocked:  isTestFlag = false
09-27 14:54:48.884  5563  5563 I DigitalWidgetProvider: onReceive: Intent { act=android.intent.action.TIME_SET flg=0x24000010 cmp=com.google.android.deskclock/com.android.alarmclock.DigitalAppWidgetProvider }
09-27 14:54:48.892  1774  2279 D PowerManagerService: getScreenOffTimeoutLocked:  isTestFlag = false
09-27 14:54:48.904  1774  2835 D PowerManagerService: getScreenOffTimeoutLocked:  isTestFlag = false
09-27 14:54:48.919  1774  2823 I ActivityManager: Killing 4594:com.google.android.youtube/u0a96 (adj 906): empty #17
09-27 14:54:48.980  5307  5527 E AmazonKindle.com.amazon.kindle.services.authentication.MAPTokenCache: [IntentService[NwstdIntentService]]: Null or empty account: [null], key: [PFM], aborting...
09-27 14:54:48.982  5307  5527 E AmazonKindle.com.amazon.kindle.services.authentication.MAPTokenCache: [IntentService[NwstdIntentService]]: Null or empty account: [null], key: [XFSN_COOKIE], aborting...
09-27 14:54:48.983  5307  5527 E AmazonKindle.com.amazon.kindle.services.authentication.MAPTokenCache: [IntentService[NwstdIntentService]]: Null or empty account: [null], key: [XMAIN_AND_XACB_COOKIES], aborting...
09-27 14:54:48.987  5563  5587 D AppIndexApi: Logging objectbis@f7924cc
09-27 14:54:49.043  1774  2797 D ActivityManager: cleanUpApplicationRecord -- 4594
09-27 14:54:49.159  1774  2797 D PowerManagerService: getScreenOffTimeoutLocked:  isTestFlag = false
09-27 14:54:49.177  2651  3210 W Icing   : isOptedInForAppHistory: empty Account Name encountered
09-27 14:54:49.184  1774  2835 D PowerManagerService: getScreenOffTimeoutLocked:  isTestFlag = false
09-27 14:54:49.213  1774  2737 D PowerManagerService: getScreenOffTimeoutLocked:  isTestFlag = false
09-27 14:54:49.234  1774  1886 D PowerManagerService: getScreenOffTimeoutLocked:  isTestFlag = false
09-27 14:54:49.241  5563  5587 I AlarmClock: Finished indexing all application data.
09-27 14:54:49.242  1774  1785 D PowerManagerService: getScreenOffTimeoutLocked:  isTestFlag = false
09-27 14:54:49.264  1774  2797 D PowerManagerService: getScreenOffTimeoutLocked:  isTestFlag = false
09-27 14:54:49.341  1774  1785 I ActivityManager: Start proc 5598:com.qualcomm.timeservice/1000 for broadcast com.qualcomm.timeservice/.TimeServiceBroadcastReceiver
09-27 14:54:49.431  5598  5598 I art     : Starting a blocking GC AddRemoveAppImageSpace
09-27 14:54:49.434  5598  5598 W System  : ClassLoader referenced unknown path: /system/app/TimeService/lib/arm64
09-27 14:54:49.449   758   843 D ThermalEngine: sensor_wait: case_therm Wait done.
09-27 14:54:49.451   758   843 D ThermalEngine: sensor_monitor: case_therm Reading 45000 .
09-27 14:54:49.451   758   843 I ThermalEngine: Sensor:case_therm:45000 mC
09-27 14:54:49.451   758   843 D ThermalEngine: sensor_thresh_notify: Update recieved BATTERY_CHARGING_CTL 45000
09-27 14:54:49.451   758   843 D ThermalEngine: update_active_thresh: case_therm Active(1), Hi(1) 80000, Lo(0) -2147483648, Interval(1) 10000
09-27 14:54:49.451   758   843 D ThermalEngine: sensor_monitor: case_therm Sensor wait.
09-27 14:54:49.451   758   843 D ThermalEngine: sensor_wait: case_therm Wait start. 10000ms
09-27 14:54:49.451   758   863 D ThermalEngine: sensor_monitor: Thresh EVT
09-27 14:54:49.453   758   863 I ThermalEngine: Sensor:case_therm:45000 mC
09-27 14:54:49.453   758   863 D ThermalEngine: TM Id BATTERY_CHARGING_CTL Sensor case_therm Reading 45000
09-27 14:54:49.453   758   863 D ThermalEngine: handle_thresh_sig: TM Id BATTERY_CHARGING_CTL Sensor case_therm Temp 45000
09-27 14:54:49.453   758   863 I ThermalEngine: TM Id 'BATTERY_CHARGING_CTL' Sensor 'case_therm' - alarm  raised 3 at 45.0 degC
09-27 14:54:49.453   758   863 D ThermalEngine: sensor_update_thresholds: TM Id BATTERY_CHARGING_CTL Sensor case_therm threshold_type 1, level 3
09-27 14:54:49.453   758   863 D ThermalEngine: sensors_manager_set_thresh_lvl: case_therm Hi(1) 60000, Lo(1) 42000, Interval(1) 10000
09-27 14:54:49.453   758   863 D ThermalEngine: update_active_thresh: case_therm Active(1), Hi(1) 60000, Lo(1) 42000, Interval(1) 10000
09-27 14:54:49.453   758   863 I ThermalEngine: j=0 i=2 TM Id BATTERY_CHARGING_CTL Sensor case_therm: Action battery value 4
09-27 14:54:49.453   758   863 D ThermalEngine: devices_manager_set_lvl: DEV battery, lvl 4
09-27 14:54:49.454   758   863 D ThermalEngine: ACTION: BATTERY - Setting battery charging mitigation to 4
09-27 14:54:49.454   758   863 I ThermalEngine: Mitigation:Battery:4
09-27 14:54:49.454   758   863 D ThermalEngine: sensor_monitor: Wait for EV
09-27 14:54:49.472  4991  4991 I LKCore  : vendor/qcom/proprietary/qti-logkit/LKCore/SocketConnector.h:554: IsConnected true
09-27 14:54:49.519  5598  5598 D TimeService: Receivedandroid.intent.action.TIME_SET intent. Current Time is 1506495289519
09-27 14:54:49.519  5598  5598 D         : TimeServiceNative: User Time to be set is 1506495289519
09-27 14:54:49.519  5598  5598 D QC-time-services: Lib:time_genoff_operation: pargs->base = 2
09-27 14:54:49.519  5598  5598 D QC-time-services: Lib:time_genoff_operation: pargs->operation = 0
09-27 14:54:49.519  5598  5598 D QC-time-services: Lib:time_genoff_operation: pargs->ts_val = 1506495289519
09-27 14:54:49.520  5598  5598 D QC-time-services: Lib:time_genoff_operation: Send to server  passed!!
09-27 14:54:49.520   755   779 D QC-time-services: Daemon: Connection accepted:time_genoff
09-27 14:54:49.520   755  5614 D QC-time-services: Daemon:Received base = 2, unit = 1, operation = 0,value = 1506495289519
09-27 14:54:49.520   755  5614 D QC-time-services: Daemon:genoff_opr: Base = 2, val = 1506495289519, operation = 0
09-27 14:54:49.521   755  5614 D QC-time-services: Daemon:Value read from QTimer mseconds = 101649
09-27 14:54:49.521   755  5614 D QC-time-services: Daemon:Value read from RTC mseconds on boot = 449170000
09-27 14:54:49.521   755  5614 D QC-time-services: Daemon:Delta read on boot mseconds = 449148664
09-27 14:54:49.521   755  5614 D QC-time-services: Daemon:new time 1506495289519 
09-27 14:54:49.521   755  5614 D QC-time-services: Daemon: delta 1506046039206 genoff 1506046039206 
09-27 14:54:49.521   755  5614 D QC-time-services: Daemon:genoff_persistent_update: Writing genoff = 1506046039206 to memory
09-27 14:54:49.521   755  5614 D QC-time-services: Daemon:Opening File: /persist/time/ats_2 /data/time/ats_2
09-27 14:54:49.521   755  5614 D QC-time-services: Daemon:time_persistent_memory_opr:Genoff write operation 
09-27 14:54:49.538   755  5614 D QC-time-services: Updating the TOD offset
09-27 14:54:49.538   755  5614 D QC-time-services: Daemon:genoff_persistent_update: Writing genoff = 1506046039206 to memory
09-27 14:54:49.538   755  5614 D QC-time-services: Daemon:Opening File: /persist/time/ats_1 /data/time/ats_1
09-27 14:54:49.538   755  5614 D QC-time-services: Daemon:time_persistent_memory_opr:Genoff write operation 
09-27 14:54:49.544   755  5614 E QC-time-services: Daemon:Update to modem bit set
09-27 14:54:49.545   755  5614 D QC-time-services: Daemon:genoff_send_modem: Sending data to MODEM !
09-27 14:54:49.545   755  5614 D QC-time-services: Daemon: Base = 2, Value being sent to MODEM = 1190081239206
09-27 14:54:49.545   755   783 E QC-time-services: Daemon:tod_update_ind_cb: Got Update from modem msg_id 40
09-27 14:54:49.546   755   779 E QC-time-services: Daemon: Time-services: Waiting to acceptconnection
09-27 14:54:49.546  5598  5598 E QC-time-services: Receive Passed == base = 2, unit = 1, operation = 0, result = 0
09-27 14:54:49.585  1774  1785 I ActivityManager: Start proc 5615:in.amazon.mShop.android.shopping/u0a80 for broadcast in.amazon.mShop.android.shopping/com.amazon.identity.auth.device.storage.LambortishClock$ChangeTimestampsBroadcastReceiver
09-27 14:54:49.594  1774  1785 I ActivityManager: Killing 4722:com.huaqin.runtime/1000 (adj 906): empty #17
09-27 14:54:49.652  1774  1981 D ActivityManager: cleanUpApplicationRecord -- 4722
09-27 14:54:49.735  5615  5615 I art     : Starting a blocking GC AddRemoveAppImageSpace
09-27 14:54:49.748  5615  5615 W System  : ClassLoader referenced unknown path: /system/app/MShopAndroidPhoneApp/lib/arm64
09-27 14:54:49.844  5615  5615 V ApplicationStateListener: Application is created at time: 1506495289838
09-27 14:54:49.923   920   920 I MSM-irqbalance: Decided to move IRQ3 from CPU1 [P:0] to CPU4 [P:1] (banned)
09-27 14:54:49.924   920   920 I MSM-irqbalance: Decided to move IRQ5 from CPU1 [P:0] to CPU6 [P:1] (banned)
09-27 14:54:49.925   920   920 I MSM-irqbalance: Decided to move IRQ3 from CPU0 [P:0] to CPU5 [P:1] (banned)
09-27 14:54:49.926   920   920 I MSM-irqbalance: Decided to move IRQ5 from CPU0 [P:0] to CPU7 [P:1] (banned)
09-27 14:54:49.926   920   920 I MSM-irqbalance: Decided to move IRQ3 from CPU3 [P:0] to CPU4 [P:1] (banned)
09-27 14:54:49.927   920   920 I MSM-irqbalance: Decided to move IRQ5 from CPU3 [P:0] to CPU6 [P:1] (banned)
09-27 14:54:49.928   920   920 I MSM-irqbalance: Decided to move IRQ3 from CPU2 [P:0] to CPU5 [P:1] (banned)
09-27 14:54:49.928   920   920 I MSM-irqbalance: Decided to move IRQ5 from CPU2 [P:0] to CPU7 [P:1] (banned)
09-27 14:54:50.017  5307  5527 E AmazonKindle.com.amazon.kindle.services.authentication.MAPTokenCache: [IntentService[NwstdIntentService]]: Null or empty account: [null], key: [PFM], aborting...
09-27 14:54:50.019  5307  5527 E AmazonKindle.com.amazon.kindle.services.authentication.MAPTokenCache: [IntentService[NwstdIntentService]]: Null or empty account: [null], key: [XFSN_COOKIE], aborting...
09-27 14:54:50.022  5307  5527 E AmazonKindle.com.amazon.kindle.services.authentication.MAPTokenCache: [IntentService[NwstdIntentService]]: Null or empty account: [null], key: [XMAIN_AND_XACB_COOKIES], aborting...
09-27 14:54:50.462  5503  5556 W DefaultRequestDirector: Authentication error: Unable to respond to any of these challenges: {}
09-27 14:54:50.465  5503  5556 I DPLogger: DPLogger - Name was too long. Truncating; original name: TComm.HttpResponseValidator, truncated name: TComm.HttpResponseValid
09-27 14:54:50.466  5503  5556 D TComm.HttpResponseValid: validateContentLength - Ignoring non-2xx status code; statusCode: 401
09-27 14:54:50.473  5503  5556 D HTTPMetricsTransport: transmit - HttpResponse status code:401;
09-27 14:54:50.479  1774  2736 D PowerManagerService: getScreenOffTimeoutLocked:  isTestFlag = false
09-27 14:54:50.482  1774  1786 D PowerManagerService: getScreenOffTimeoutLocked:  isTestFlag = false
09-27 14:54:50.483  5503  5556 E Metrics:BatchTransmitte: QueuePusher.sendBatches - Batch transmission failed on client error, discarded.;
09-27 14:54:50.486  5503  5556 I Metrics:BatchTransmitte: QueuePusher.sendBatches - Drained batch queue.; Number of NORMAL_ANONYMOUS queue batches sent: 0
09-27 14:54:50.489  5503  5556 W IdleConnectionHandler: Removing a connection that never existed!
09-27 14:54:50.552  5186  5352 I AmazonVideo: Network Change: DetailedNetworkInfo[type=WAN, class=FOUR_G, state=FULL_ACCESS, extra=94784755] --> DetailedNetworkInfo[type=WAN, class=FOUR_G, state=LIMITED_ACCESS, extra=94784755]
09-27 14:54:50.554  5186  5350 I AmazonVideo: No network available; pausing any active downloads
09-27 14:54:50.558  5186  5350 I AmazonVideo: Acquired pause token: PauseToken{token=java.lang.Object@ba7b23a, cause=WIFI_DISCONNECTED_PAUSE}
09-27 14:54:50.558  5186  5350 I AmazonVideo: Cannot get the next deletion because no user registered.
09-27 14:54:50.558  5186  5350 I AmazonVideo: Cannot get the next download because no user registered.
09-27 14:54:50.559  5186  5346 I AmazonVideo: Cannot get the next deletion because no user registered.
09-27 14:54:50.560  5186  5350 I AmazonVideo: Releasing pause token: PauseToken{token=java.lang.Object@6aa106a, cause=WAN_CONNECTED_PAUSE}
09-27 14:54:50.560  5186  5347 I AmazonVideo: Cannot get the next download because no user registered.
09-27 14:54:50.561  5186  5350 I AmazonVideo: Cannot get the next deletion because no user registered.
09-27 14:54:50.561  5186  5350 I AmazonVideo: Cannot get the next download because no user registered.
09-27 14:54:50.561  5186  5346 I AmazonVideo: Cannot get the next deletion because no user registered.
09-27 14:54:50.562  5186  5347 I AmazonVideo: Cannot get the next download because no user registered.
09-27 14:54:50.563  5186  5350 I AmazonVideo: Download pause token (PauseToken{token=java.lang.Object@6aa106a, cause=WAN_CONNECTED_PAUSE}) was present, but the reason has changed, paused with new token (PauseToken{token=java.lang.Object@ba7b23a, cause=WIFI_DISCONNECTED_PAUSE})
09-27 14:54:50.759  5615  5615 W System  : ClassLoader referenced unknown path: /system/app/Chrome/lib/arm64
09-27 14:54:50.763  5615  5615 D ApplicationLoaders: ignored Vulkan layer search path /system/app/Chrome/lib/arm64:/system/app/Chrome/Chrome.apk!/lib/arm64-v8a:/system/lib64:/vendor/lib64 for namespace 0x7fabe170f0
09-27 14:54:50.770  5615  5615 I WebViewFactory: Loading com.android.chrome version 59.0.3071.125 (code 307112552)
09-27 14:54:50.842  5615  5615 I cr_LibraryLoader: Time to load native libraries: 5 ms (timestamps 7315-7320)
09-27 14:54:50.877  5615  5615 I chromium: [INFO:library_loader_hooks.cc(144)] Chromium logging enabled: level = 0, default verbosity = 0
09-27 14:54:50.878  5615  5615 I cr_LibraryLoader: Expected native library version number "59.0.3071.125", actual native library version number "59.0.3071.125"
09-27 14:54:50.963  5615  5615 I cr_BrowserStartup: Initializing chromium process, singleProcess=true
09-27 14:54:51.027  5307  5527 E AmazonKindle.com.amazon.kindle.services.authentication.MAPTokenCache: [IntentService[NwstdIntentService]]: Null or empty account: [null], key: [PFM], aborting...
09-27 14:54:51.031  5307  5527 E AmazonKindle.com.amazon.kindle.services.authentication.MAPTokenCache: [IntentService[NwstdIntentService]]: Null or empty account: [null], key: [XFSN_COOKIE], aborting...
09-27 14:54:51.042  5307  5527 E AmazonKindle.com.amazon.kindle.services.authentication.MAPTokenCache: [IntentService[NwstdIntentService]]: Null or empty account: [null], key: [XMAIN_AND_XACB_COOKIES], aborting...
09-27 14:54:51.141  5615  5615 I Adreno  : QUALCOMM build                   : dd15ef5, Ic280a69317
09-27 14:54:51.141  5615  5615 I Adreno  : Build Date                       : 05/09/17
09-27 14:54:51.141  5615  5615 I Adreno  : OpenGL ES Shader Compiler Version: XE031.09.00.04
09-27 14:54:51.141  5615  5615 I Adreno  : Local Branch                     : 
09-27 14:54:51.141  5615  5615 I Adreno  : Remote Branch                    : quic/gfx-adreno.lnx.1.0.r5-rel
09-27 14:54:51.141  5615  5615 I Adreno  : Remote Branch                    : NONE
09-27 14:54:51.141  5615  5615 I Adreno  : Reconstruct Branch               : NOTHING
09-27 14:54:51.320  3194  4419 I CheckinService: Done disabling old GoogleServicesFramework version
09-27 14:54:51.405  5615  5649 W cr_BindingManager: Cannot setInForeground() - never saw a connection for the pid: 5615
09-27 14:54:51.467   775  1289 D audio_hw_primary: out_standby: enter: stream (0xef890800) usecase(1: low-latency-playback)
09-27 14:54:51.518  5615  5615 D AbstractMetricsFactoryImpl: Setting non-anonymous customer ID and session ID to null, and anonymous tag to true as the metric entry was not recorded in non-anonymous queue.
09-27 14:54:51.521  5615  5615 D MetricsServiceAdapter: initialize - initialize(context) - Metrics service;
09-27 14:54:51.524  5615  5615 I DPLogger: DPLogger - Name was too long. Truncating; original name: BaseMetricsServiceFactory, truncated name: BaseMetricsServiceFacto
09-27 14:54:51.526  5615  5615 I DPLogger: DPLogger - Name was too long. Truncating; original name: MetricsConfigurationParser, truncated name: MetricsConfigurationPar
09-27 14:54:51.543  5615  5615 I MetricsConfigurationPar: MetricsConfigurationParser - Picking configuration; Domain: prod, Build: eng, isDebuggable: false
09-27 14:54:51.548  5615  5615 V BoundedNumberEvaluator: fieldName - value; 65536: greater than max value, 10000: using max value
09-27 14:54:51.549  5615  5615 V BoundedNumberEvaluator: fieldName - value; 65536: greater than max value, 10000: using max value
09-27 14:54:51.551  5615  5615 V BoundedNumberEvaluator: fieldName - value; 65536: greater than max value, 10000: using max value
09-27 14:54:51.551  5615  5615 V BoundedNumberEvaluator: fieldName - value; 65536: greater than max value, 10000: using max value
09-27 14:54:51.552  5615  5615 V BaseMetricsServiceFacto: shouldUsePassThroughMode - Looking up transport preferences at transport-preferences;
09-27 14:54:51.556  5615  5615 V BaseMetricsServiceFacto: shouldUsePassThroughMode - usePassThroughMode; false
09-27 14:54:51.557  5615  5615 V BaseMetricsServiceFacto: createMetricsService - Getting MetricsFactory via getSystemService().;
09-27 14:54:51.557  5615  5615 V BaseMetricsServiceFacto: createMetricsService - Could not obtain MetricsFactory via context.getSystemService(). Falling back on AndroidMetricsFactoryImpl.getInstance(context);
09-27 14:54:51.570  5615  5615 D NetworkSecurityConfig: No Network Security Config specified, using platform default
09-27 14:54:51.598  5615  5615 I DpmTcmClient: RegisterTcmMonitor from: org.apache.http.impl.conn.TcmIdleTimerMonitor
09-27 14:54:51.601  5615  5615 I DPLogger: DPLogger - Name was too long. Truncating; original name: TComm.HttpClientSrrManager, truncated name: TComm.HttpClientSrrMana
09-27 14:54:51.609  5615  5615 I DPLogger: DPLogger - Name was too long. Truncating; original name: AndroidDeviceInfoManager, truncated name: AndroidDeviceInfoManage
09-27 14:54:51.610  5615  5615 V AndroidDeviceInfoManage: Metrics.AndroidDeviceInfoManager - deviceInfo; softwareVersion: eng.shigui.20170926.191820, hardware: qcom, buildType: eng, platform: G, model: G
09-27 14:54:51.611  5615  5615 W BaseMetricsServiceFacto: createMetricsService - Skipping batch pipeline setup for Priority NORMAL and Channel LOCATION because no configuration is provided.;
09-27 14:54:51.612  5615  5615 I DPLogger: DPLogger - Name was too long. Truncating; original name: Metrics:BoundedByteArrayQueue, truncated name: Metrics:BoundedByteArra
09-27 14:54:51.612  5615  5615 I DPLogger: DPLogger - Name was too long. Truncating; original name: Metrics:NonVolatileBoundedByteArrayQueue, truncated name: Metrics:NonVolatileBoun
