--------- beginning of main
01-06 12:45:59.115   433   433 W auditd  : type=2000 audit(0.0:1): initialized
01-06 12:46:03.379   433   433 I auditd  : type=1403 audit(0.0:2): policy loaded auid=4294967295 ses=4294967295
01-06 12:46:03.389   433   433 W auditd  : type=1404 audit(0.0:3): enforcing=1 old_enforcing=0 auid=4294967295 ses=4294967295
01-06 12:46:06.146   443   443 I         : debuggerd: starting
01-06 12:46:06.183   442   442 I         : debuggerd: starting
--------- beginning of system
01-06 12:46:06.204   444   444 I vold    : Vold 3.0 (the awakening) firing up
01-06 12:46:06.204   444   444 V vold    : Detected support for: ext4 vfat
01-06 12:46:06.207   444   444 W Vold    : Tearing down stale mount /mnt/silead/tmp
01-06 12:46:06.249   444   454 D vold    : e4crypt_init_user0
01-06 12:46:06.249   444   454 D vold    : e4crypt_prepare_user_storage for volume null, user 0, serial 0, flags 1
01-06 12:46:06.249   444   454 D vold    : Preparing: /data/system/users/0
01-06 12:46:06.250   444   454 D vold    : Preparing: /data/misc/profiles/cur/0
01-06 12:46:06.250   444   454 D vold    : Preparing: /data/misc/profiles/cur/0/foreign-dex
01-06 12:46:06.250   444   454 D vold    : Preparing: /data/system_de/0
01-06 12:46:06.250   444   454 D vold    : Preparing: /data/misc_de/0
01-06 12:46:06.250   444   454 D vold    : Preparing: /data/user_de/0
01-06 12:46:06.250   444   454 D vold    : e4crypt_unlock_user_key 0 serial=0 token_present=0
01-06 12:46:06.250   444   454 E vold    : Failed to chmod /data/system_ce/0: No such file or directory
01-06 12:46:06.251   444   454 E vold    : Failed to chmod /data/misc_ce/0: No such file or directory
01-06 12:46:06.251   444   454 E vold    : Failed to chmod /data/media/0: No such file or directory
01-06 12:46:06.252     1     1 I vdc     : 200 445 Command succeeded
01-06 12:46:06.288   455   455 I /system/bin/tzdatacheck: tzdata file /data/misc/zoneinfo/current/tzdata does not exist. No action required.
01-06 12:46:06.340   456   456 E ANDR-PERF-MPCTL: Checking boot complete
01-06 12:46:07.218   506   506 I BOOT    : MSM target '', SoC 'QRD', HwID '293', SoC ver '131072' 
01-06 12:46:07.746   553   553 I irsc_util: Starting irsc tool
01-06 12:46:07.752   553   553 I irsc_util: Num of entries:290
01-06 12:46:07.757   553   553 I irsc_util: Ending irsc tool
01-06 12:46:07.769   565   565 W esepmdaemon: type=1400 audit(0.0:4): avc: denied { getattr } for path="/vendor" dev="rootfs" ino=6724 scontext=u:r:esepmdaemon:s0 tcontext=u:object_r:rootfs:s0 tclass=lnk_file permissive=0
01-06 12:46:07.775   556   556 I tftp_server: Starting...
01-06 12:46:07.775   554   554 I rmt_storage: Shared memory initialised successfully.
01-06 12:46:07.776   554   554 I rmt_storage: Registering modemst1: 0x4a /boot/modem_fs1
01-06 12:46:07.776   554   554 I rmt_storage: Registering modemst2: 0x4b /boot/modem_fs2
01-06 12:46:07.776   554   554 I rmt_storage: Registering fsc: 0xff /boot/modem_fsc
01-06 12:46:07.776   554   554 I rmt_storage: Registering fsg: 0x58 /boot/modem_fsg
01-06 12:46:07.776   554   554 I rmt_storage: 4 GPT partitions found
01-06 12:46:07.777   554   554 I rmt_storage: Capset success!
01-06 12:46:07.786   556   556 D tftp_server: pid=556 tid=556 tftp-server : DBG :[tftp_os_wakelocks_la.c, 204] Capset success!
01-06 12:46:07.803   568   568 I qcom-bluetooth: /system/etc/init.qcom.bt.sh: init.qcom.bt.sh config = onboot 
01-06 12:46:07.805   556   556 D tftp_server: pid=556 tid=556 tftp-server : DBG :[tftp_server.c, 597] Server waiting for client-connection.
01-06 12:46:07.815   565   565 D eSEPowerManagerServer: loading eseservice
01-06 12:46:07.815   565   565 D QSEECOMAPI: QSEECom_get_handle sb_length = 0x400
01-06 12:46:07.815   565   565 D QSEECOMAPI: App is not loaded in QSEE
01-06 12:46:07.815   565   565 E QSEECOMAPI: Error::Cannot open the file /system/etc/firmware/eseservice.mdt errno = 2
01-06 12:46:07.815   565   565 E QSEECOMAPI: Error::Loading image failed with ret = -1
01-06 12:46:07.815   565   565 E eSEPowerManagerServer: loading eseservice failed
01-06 12:46:07.816   565   565 D eSEPowerManagerServer: IeSEPowerManager is starting
01-06 12:46:07.831   573   573 D QSEECOMD: : qseecom listener services process entry PPID = 1
01-06 12:46:07.831   573   573 E QSEECOMD: : Listener: index = 0, hierarchy = 0
01-06 12:46:07.834   573   573 D QSEECOMD: : Init dlopen(librpmb.so, RTLD_NOW) succeeds
01-06 12:46:07.834   573   573 D QSEECOMD: : Init::Init dlsym(g_FSHandle rpmb_init_service) succeeds
01-06 12:46:07.835   573   573 I rpmb_emmc: RPMB Mult (512-bytes sector) = 8192, Rel_sec_cnt = 32
01-06 12:46:07.835   573   573 E DrmLibRpmb: rpmb_init succeeded! with ret = 0
01-06 12:46:07.835   573   573 D QSEECOMD: : Init rpmb_init_service ret = 0
01-06 12:46:07.835   573   573 D QSEECOMD: : RPMB system services: init (Listener ID = 8192)
01-06 12:46:07.835   573   573 E QSEECOMD: : Listener: index = 1, hierarchy = 0
01-06 12:46:07.836   573   573 D QSEECOMD: : Init dlopen(libssd.so, RTLD_NOW) succeeds
01-06 12:46:07.837   573   573 D QSEECOMD: : Init::Init dlsym(g_FSHandle ssd_init_service) succeeds
01-06 12:46:07.837   573   573 E SSD     : ssd_init_service succeeded!
01-06 12:46:07.837   573   573 D QSEECOMD: : Init ssd_init_service ret = 0
01-06 12:46:07.837   573   573 D QSEECOMD: : SSD system services: init (Listener ID = 12288)
01-06 12:46:07.837   573   573 E QSEECOMD: : Listener: index = 2, hierarchy = 0
01-06 12:46:07.857   576   576 I PerMgrSrv: Adding entry for modem : offTimeout : 500 ackTimeout : 200
01-06 12:46:07.859   583   583 I lowmemorykiller: Using in-kernel low memory killer interface
01-06 12:46:07.879   599   599 W logcat  : type=1400 audit(0.0:5): avc: denied { getattr } for path="/vendor" dev="rootfs" ino=6724 scontext=u:r:logdumpd:s0 tcontext=u:object_r:rootfs:s0 tclass=lnk_file permissive=0
01-06 12:46:07.930   573   573 D QSEECOMD: : Init dlopen(libsecureui.so, RTLD_NOW) succeeds
01-06 12:46:07.931   573   573 D QSEECOMD: : Init::Init dlsym(g_FSHandle secure_ui_init) succeeds
01-06 12:46:07.931   573   573 D QSEECOMD: : Init secure_ui_init ret = 0
01-06 12:46:07.931   573   573 D QSEECOMD: : secure UI services: init (Listener ID = 16384)
01-06 12:46:07.933   573   573 D QSEECOMD: : Parent qseecom daemon process paused!! 
01-06 12:46:07.936   444   454 D VoldCryptCmdListener: cryptfs mountdefaultencrypted
01-06 12:46:07.947   615   615 D QSEECOMD: : qseecom listener service threads starting!!! 
01-06 12:46:07.948   615   615 D QSEECOMD: : Total listener services to start = 9
01-06 12:46:07.948   615   615 E QSEECOMD: : Listener: index = 0, hierarchy = 1
01-06 12:46:07.948   615   615 D QSEECOMD: : Init dlopen(librpmb.so, RTLD_NOW) succeeds
01-06 12:46:07.948   615   615 D QSEECOMD: : Init::Init dlsym(g_FSHandle rpmb_start) succeeds
01-06 12:46:07.949   615   615 D QSEECOMAPI: QSEECom_register_listener 8192 sb_length = 0x6400
01-06 12:46:07.955   605   605 E PerMgrProxy: Starting pm-proxy service
01-06 12:46:07.957   605   605 I PerMgrProxy: Found internal modem
01-06 12:46:07.968   444   616 I Cryptfs : cryptfs_check_passwd
01-06 12:46:07.970   444   616 D         : HW based disk encryption is enabled 
01-06 12:46:07.971   444   616 D Cryptfs : crypt_ftr->fs_size = 49404847
01-06 12:46:07.971   444   616 D         : HW based disk encryption is enabled 
01-06 12:46:07.977   444   616 I Cryptfs : Using scrypt with keymaster for cryptfs KDF
01-06 12:46:08.138   642   642 I qcom-bluetooth: /system/etc/init.qcom.bt.sh: Bluetooth stack is Bluedroid 
01-06 12:46:08.149   609   609 E Sensors : sns_debug_main.c(283):Debug Config File missing in EFS!
01-06 12:46:08.326   605   605 I ServiceManager: Waiting for service vendor.qcom.PeripheralManager...
01-06 12:46:08.327   586   586 I SurfaceFlinger: SurfaceFlinger is starting
01-06 12:46:08.328   586   586 I SurfaceFlinger: SurfaceFlinger's main thread ready to run. Initializing graphics H/W...
01-06 12:46:08.337   586   586 D libEGL  : loaded /vendor/lib64/egl/libEGL_adreno.so
01-06 12:46:08.338   615   615 D QSEECOMD: : Init rpmb_start ret = 0
01-06 12:46:08.338   615   615 D QSEECOMD: : RPMB system services: Started (Listener ID = 8192)
01-06 12:46:08.339   615   615 E QSEECOMD: : Listener: index = 1, hierarchy = 1
01-06 12:46:08.339   615   615 D QSEECOMD: : Init dlopen(libssd.so, RTLD_NOW) succeeds
01-06 12:46:08.339   615   615 D QSEECOMD: : Init::Init dlsym(g_FSHandle ssd_start) succeeds
01-06 12:46:08.339   615   615 D QSEECOMAPI: QSEECom_register_listener 12288 sb_length = 0x5000
01-06 12:46:08.340   615   615 D QSEECOMD: : Init ssd_start ret = 0
01-06 12:46:08.341   615   615 D QSEECOMD: : SSD system services: Started (Listener ID = 12288)
01-06 12:46:08.341   615   615 E QSEECOMD: : Listener: index = 2, hierarchy = 1
01-06 12:46:08.341   615   615 D QSEECOMD: : Init dlopen(libsecureui.so, RTLD_NOW) succeeds
01-06 12:46:08.341   615   615 D QSEECOMD: : Init::Init dlsym(g_FSHandle secure_ui_start) succeeds
01-06 12:46:08.341   615   615 D QSEECOMAPI: QSEECom_register_listener 16384 sb_length = 0x10a8
01-06 12:46:08.342   615   615 D QSEECOMD: : Init secure_ui_start ret = 0
01-06 12:46:08.342   615   615 D QSEECOMD: : secure UI services: Started (Listener ID = 16384)
01-06 12:46:08.342   615   615 E QSEECOMD: : Listener: index = 3, hierarchy = 1
01-06 12:46:08.345   615   615 D QSEECOMD: : Init dlopen(libdrmtime.so, RTLD_NOW) succeeds
01-06 12:46:08.345   615   615 D QSEECOMD: : Init::Init dlsym(g_FSHandle atime_start) succeeds
01-06 12:46:08.345   615   615 D DrmLibTime: QSEE Time Listener: atime_start
01-06 12:46:08.345   615   615 D QSEECOMAPI: QSEECom_register_listener 11 sb_length = 0x5000
01-06 12:46:08.346   615   615 D DrmLibTime: registering fs service to QSEECom is done!
01-06 12:46:08.346   615   615 D DrmLibTime: begin to create a thread!
01-06 12:46:08.347   615   615 D DrmLibTime: Creating a pthread in atime_start is done! return 0
01-06 12:46:08.347   615   615 D QSEECOMD: : Init atime_start ret = 0
01-06 12:46:08.347   615   615 D QSEECOMD: : time services: Started (Listener ID = 11)
01-06 12:46:08.347   615   615 E QSEECOMD: : Listener: index = 4, hierarchy = 1
01-06 12:46:08.347   615   656 D DrmLibTime: QSEE Time Listener: dispatch
01-06 12:46:08.347   615   656 D DrmLibTime: before calling ioctl to read the next time_cmd
01-06 12:46:08.347   615   615 D QSEECOMD: : Init dlopen(libdrmfs.so, RTLD_NOW) succeeds
01-06 12:46:08.347   615   615 D QSEECOMD: : Init::Init dlsym(g_FSHandle fs_start) succeeds
01-06 12:46:08.347   615   615 D QSEECOMAPI: QSEECom_register_listener 10 sb_length = 0x5000
01-06 12:46:08.348   615   615 D QSEECOMD: : Init fs_start ret = 0
01-06 12:46:08.348   615   615 D QSEECOMD: : file system services: Started (Listener ID = 10)
01-06 12:46:08.348   615   615 E QSEECOMD: : Listener: index = 5, hierarchy = 1
01-06 12:46:08.348   615   615 D QSEECOMD: : Init dlopen(libdrmfs.so, RTLD_NOW) succeeds
01-06 12:46:08.348   615   615 D QSEECOMD: : Init::Init dlsym(g_FSHandle gpfs_start) succeeds
01-06 12:46:08.348   615   615 D QSEECOMAPI: QSEECom_register_listener 28672 sb_length = 0x7e000
01-06 12:46:08.352   615   615 D QSEECOMD: : Init gpfs_start ret = 0
01-06 12:46:08.352   615   615 D QSEECOMD: : gpfile system services: Started (Listener ID = 28672)
01-06 12:46:08.352   615   615 E QSEECOMD: : Listener: index = 6, hierarchy = 1
01-06 12:46:08.353   615   615 D QSEECOMD: : Init dlopen(libqisl.so, RTLD_NOW) succeeds
01-06 12:46:08.353   615   615 D QSEECOMD: : Init::Init dlsym(g_FSHandle qisl_start) succeeds
01-06 12:46:08.354   615   659 I QISL    : QSEE Interrupt Service Listener Thread is started
01-06 12:46:08.354   615   659 D QSEECOMAPI: QSEECom_register_listener 36864 sb_length = 0x1f4
01-06 12:46:08.356   615   659 I QISL    : QSEE Interrupt Service Listener was activated successfully
01-06 12:46:08.356   615   615 D QSEECOMD: : Init qisl_start ret = 0
01-06 12:46:08.356   615   615 D QSEECOMD: : interrupt services: Started (Listener ID = 36864)
01-06 12:46:08.356   615   615 E QSEECOMD: : Listener: index = 7, hierarchy = 1
01-06 12:46:08.356   615   615 E QSEECOMD: : Init dlopen(libspl.so, RLTD_NOW) is failed....
01-06 12:46:08.356   615   615 E QSEECOMD: : Listener: index = 8, hierarchy = 1
01-06 12:46:08.363   615   615 D QSEECOMD: : Init dlopen(libGPreqcancel.so, RTLD_NOW) succeeds
01-06 12:46:08.363   615   615 D QSEECOMD: : Init::Init dlsym(g_FSHandle gp_reqcancel_start) succeeds
01-06 12:46:08.363   615   615 D QSEECOMAPI: QSEECom_register_listener 4352 sb_length = 0x5000
01-06 12:46:08.364   615   615 D QSEECOMD: : Init gp_reqcancel_start ret = 0
01-06 12:46:08.365   615   615 D QSEECOMD: : gp request cancellation services: Started (Listener ID = 4352)
01-06 12:46:08.366   615   615 D QSEECOMAPI: QSEECom_get_handle sb_length = 0x400
01-06 12:46:08.367   615   615 D QSEECOMAPI: App is not loaded in QSEE
01-06 12:46:08.367   615   615 E QSEECOMAPI: Error::Cannot open the file /firmware/image/keymaste.mdt errno = 2
01-06 12:46:08.367   615   615 E QSEECOMAPI: Error::Loading image failed with ret = -1
01-06 12:46:08.367   615   615 D QSEECOMAPI: QSEECom_get_handle sb_length = 0x400
01-06 12:46:08.367   615   615 D QSEECOMAPI: App is already loaded QSEE and app id = 65537
01-06 12:46:08.373   615   615 D QSEECOMD: : QSEECOM DAEMON RUNNING 
01-06 12:46:08.448   586   586 D libEGL  : loaded /vendor/lib64/egl/libGLESv1_CM_adreno.so
01-06 12:46:08.455   586   586 D libEGL  : loaded /vendor/lib64/egl/libGLESv2_adreno.so
01-06 12:46:08.468   586   586 I Adreno  : QUALCOMM build                   : dd15ef5, Ic280a69317
01-06 12:46:08.468   586   586 I Adreno  : Build Date                       : 05/09/17
01-06 12:46:08.468   586   586 I Adreno  : OpenGL ES Shader Compiler Version: XE031.09.00.04
01-06 12:46:08.468   586   586 I Adreno  : Local Branch                     : 
01-06 12:46:08.468   586   586 I Adreno  : Remote Branch                    : quic/gfx-adreno.lnx.1.0.r5-rel
01-06 12:46:08.468   586   586 I Adreno  : Remote Branch                    : NONE
01-06 12:46:08.468   586   586 I Adreno  : Reconstruct Branch               : NOTHING
01-06 12:46:08.549   586   586 I SDM     : ExtensionInterface::CreateExtensionInterface: 
01-06 12:46:08.549   586   586 I SDM     : SDM-EXTENSION Version: Date: 05/09/17, Commit: 77b9f27, Change: Ifbacd02586
01-06 12:46:08.550   586   586 I SDM     : HWInfo::GetHWResourceInfo: SDE Version = 500, SDE Revision = 10100000, RGB = 2, VIG = 1, DMA = 1, Cursor = 1
01-06 12:46:08.550   586   586 I SDM     : HWInfo::GetHWResourceInfo: Upscale Ratio = 20, Downscale Ratio = 4, Blending Stages = 4
01-06 12:46:08.550   586   586 I SDM     : HWInfo::GetHWResourceInfo: SourceSplit = 0 QSEED3 = 0
01-06 12:46:08.550   586   586 I SDM     : HWInfo::GetHWResourceInfo: BWC = 0, UBWC = 1, Decimation = 1, Tile Format = 0 Concurrent Writeback = 0
01-06 12:46:08.550   586   586 I SDM     : HWInfo::GetHWResourceInfo: MaxLowBw = 3400000 , MaxHighBw = 3400000
01-06 12:46:08.550   586   586 I SDM     : HWInfo::GetHWResourceInfo: MaxPipeBw = 2300000 KBps, MaxSDEClock = 400000000 Hz, ClockFudgeFactor = 1.050000
01-06 12:46:08.550   586   586 I SDM     : HWInfo::GetHWResourceInfo: Prefill factors: Tiled_NV12 = 8, Tiled = 4, Linear = 1, Scale = 1, Fudge_factor = 2
01-06 12:46:08.550   586   586 I SDM     : HWInfo::GetMDSSRotatorInfo: MDSS Rotator: Count = 1, Downscale = 1
01-06 12:46:08.550   586   586 I SDM     : HWInfo::GetHWResourceInfo: Has Support for multiple bw limits shown below
01-06 12:46:08.550   586   586 I SDM     : HWInfo::GetHWResourceInfo: Mode-index=0  total_bw_limit=3400000 and pipe_bw_limit=2300000
01-06 12:46:08.550   586   586 I SDM     : HWInfo::GetHWResourceInfo: Mode-index=1  total_bw_limit=3100000 and pipe_bw_limit=2300000
01-06 12:46:08.550   586   586 I SDM     : HWInfo::GetHWResourceInfo: Mode-index=2  total_bw_limit=3400000 and pipe_bw_limit=2300000
01-06 12:46:08.550   586   586 I SDM     : HWInfo::GetHWResourceInfo: Mode-index=3  total_bw_limit=3400000 and pipe_bw_limit=2300000
01-06 12:46:08.559   586   586 I SDM     : CoreInterface::CreateCore: Open interface handle = 0x7f85c7ba00
01-06 12:46:08.559   586   586 I SDM     : HWInfo::GetFirstDisplayInterfaceType: First display is internal display
01-06 12:46:08.559   586   586 I SDM     : CPUHint::Init: Invalid CPU Hint Pre-enable Window -1
01-06 12:46:08.560   586   586 I SDM     : HWDevice::GetHWPanelMaxBrightnessFromNode: Max brightness level = 255
01-06 12:46:08.561   586   586 I SDM     : HWDevice::GetHWPanelMaxBrightnessFromNode: Max brightness level = 255
01-06 12:46:08.561   586   586 I SDM     : HWDevice::PopulateHWPanelInfo: Device type = 0, Display Port = 1, Display Mode = 1, Device Node = 0, Is Primary = 1
01-06 12:46:08.561   586   586 I SDM     : HWDevice::PopulateHWPanelInfo: Partial Update = 0, Dynamic FPS = 0
01-06 12:46:08.561   586   586 I SDM     : HWDevice::PopulateHWPanelInfo: Align: left = 0, width = 0, top = 0, height = 0
01-06 12:46:08.561   586   586 I SDM     : HWDevice::PopulateHWPanelInfo: ROI: min_width = 0, min_height = 0, need_merge = 0
01-06 12:46:08.561   586   586 I SDM     : HWDevice::PopulateHWPanelInfo: FPS: min = 0, max =0
01-06 12:46:08.561   586   586 I SDM     : HWDevice::PopulateHWPanelInfo: Left Split = 0, Right Split = 0
01-06 12:46:08.562   586   586 I SDM     : HWInfo::GetHWResourceInfo: SDE Version = 500, SDE Revision = 10100000, RGB = 2, VIG = 1, DMA = 1, Cursor = 1
01-06 12:46:08.562   586   586 I SDM     : HWInfo::GetHWResourceInfo: Upscale Ratio = 20, Downscale Ratio = 4, Blending Stages = 4
01-06 12:46:08.562   586   586 I SDM     : HWInfo::GetHWResourceInfo: SourceSplit = 0 QSEED3 = 0
01-06 12:46:08.562   586   586 I SDM     : HWInfo::GetHWResourceInfo: BWC = 0, UBWC = 1, Decimation = 1, Tile Format = 0 Concurrent Writeback = 0
01-06 12:46:08.562   586   586 I SDM     : HWInfo::GetHWResourceInfo: MaxLowBw = 3400000 , MaxHighBw = 3400000
01-06 12:46:08.562   586   586 I SDM     : HWInfo::GetHWResourceInfo: MaxPipeBw = 2300000 KBps, MaxSDEClock = 400000000 Hz, ClockFudgeFactor = 1.050000
01-06 12:46:08.562   586   586 I SDM     : HWInfo::GetHWResourceInfo: Prefill factors: Tiled_NV12 = 8, Tiled = 4, Linear = 1, Scale = 1, Fudge_factor = 2
01-06 12:46:08.562   586   586 I SDM     : HWInfo::GetMDSSRotatorInfo: MDSS Rotator: Count = 1, Downscale = 1
01-06 12:46:08.562   586   586 I SDM     : HWInfo::GetHWResourceInfo: Has Support for multiple bw limits shown below
01-06 12:46:08.562   586   586 I SDM     : HWInfo::GetHWResourceInfo: Mode-index=0  total_bw_limit=3400000 and pipe_bw_limit=2300000
01-06 12:46:08.562   586   586 I SDM     : HWInfo::GetHWResourceInfo: Mode-index=1  total_bw_limit=3100000 and pipe_bw_limit=2300000
01-06 12:46:08.562   586   586 I SDM     : HWInfo::GetHWResourceInfo: Mode-index=2  total_bw_limit=3400000 and pipe_bw_limit=2300000
01-06 12:46:08.562   586   586 I SDM     : HWInfo::GetHWResourceInfo: Mode-index=3  total_bw_limit=3400000 and pipe_bw_limit=2300000
01-06 12:46:08.563   586   586 I SDM     : HWDevice::GetHWPanelMaxBrightnessFromNode: Max brightness level = 255
01-06 12:46:08.564   586   586 I SDM     : HWDevice::GetHWPanelMaxBrightnessFromNode: Max brightness level = 255
01-06 12:46:08.564   586   586 W SDM     : HWDevice::GetHWPanelInfoByNode: Failed to open msm_fb_panel_info node device node 2
01-06 12:46:08.564   586   586 I SDM     : HWDevice::GetHWPanelMaxBrightnessFromNode: Max brightness level = 255
01-06 12:46:08.565   586   586 I SDM     : HWDevice::GetHWPanelMaxBrightnessFromNode: Max brightness level = 255
01-06 12:46:08.565   586   586 W SDM     : HWDevice::GetHWPanelInfoByNode: Failed to open msm_fb_panel_info node device node 2
01-06 12:46:08.566   586   586 I SDM     : HWInfo::GetHWResourceInfo: SDE Version = 500, SDE Revision = 10100000, RGB = 2, VIG = 1, DMA = 1, Cursor = 1
01-06 12:46:08.566   586   586 I SDM     : HWInfo::GetHWResourceInfo: Upscale Ratio = 20, Downscale Ratio = 4, Blending Stages = 4
01-06 12:46:08.566   586   586 I SDM     : HWInfo::GetHWResourceInfo: SourceSplit = 0 QSEED3 = 0
01-06 12:46:08.566   586   586 I SDM     : HWInfo::GetHWResourceInfo: BWC = 0, UBWC = 1, Decimation = 1, Tile Format = 0 Concurrent Writeback = 0
01-06 12:46:08.566   586   586 I SDM     : HWInfo::GetHWResourceInfo: MaxLowBw = 3400000 , MaxHighBw = 3400000
01-06 12:46:08.566   586   586 I SDM     : HWInfo::GetHWResourceInfo: MaxPipeBw = 2300000 KBps, MaxSDEClock = 400000000 Hz, ClockFudgeFactor = 1.050000
01-06 12:46:08.566   586   586 I SDM     : HWInfo::GetHWResourceInfo: Prefill factors: Tiled_NV12 = 8, Tiled = 4, Linear = 1, Scale = 1, Fudge_factor = 2
01-06 12:46:08.566   586   586 I SDM     : HWInfo::GetMDSSRotatorInfo: MDSS Rotator: Count = 1, Downscale = 1
01-06 12:46:08.566   586   586 I SDM     : HWInfo::GetHWResourceInfo: Has Support for multiple bw limits shown below
01-06 12:46:08.566   586   586 I SDM     : HWInfo::GetHWResourceInfo: Mode-index=0  total_bw_limit=3400000 and pipe_bw_limit=2300000
01-06 12:46:08.566   586   586 I SDM     : HWInfo::GetHWResourceInfo: Mode-index=1  total_bw_limit=3100000 and pipe_bw_limit=2300000
01-06 12:46:08.566   586   586 I SDM     : HWInfo::GetHWResourceInfo: Mode-index=2  total_bw_limit=3400000 and pipe_bw_limit=2300000
01-06 12:46:08.566   586   586 I SDM     : HWInfo::GetHWResourceInfo: Mode-index=3  total_bw_limit=3400000 and pipe_bw_limit=2300000
01-06 12:46:08.567   586   586 W SDM     : ColorManager::CreateColorManagerProxy: PAV2 version is versions = 11, version = 11 
01-06 12:46:08.567   586   586 I SDM     : DisplayBase::SetFrameBufferConfig: New framebuffer resolution (1080x1920)
01-06 12:46:08.567   586   586 I SDM     : HWCDisplay::SetFrameBufferResolution: New framebuffer resolution (1080x1920)
01-06 12:46:08.569   586   586 I SDM     : HWCColorManager::CreateColorManager: Successfully loaded libsdm-disp-apis.so
01-06 12:46:08.575   586   586 I SDM     : HWCColorManager::CreateColorManager: Successfully loaded libsdm-disp-apis.so and libsdm-diag.so and diag_init'ed
01-06 12:46:08.575   586   586 I SurfaceFlinger: Using composer version 1.5
01-06 12:46:08.575   586   586 W SDM     : HWCDisplay::GetDisplayAttributes: Spurious attribute type = 6
01-06 12:46:08.576   586   586 I SurfaceFlinger: EGL information:
01-06 12:46:08.576   586   586 I SurfaceFlinger: vendor    : Android
01-06 12:46:08.576   586   586 I SurfaceFlinger: version   : 1.4 Android META-EGL
01-06 12:46:08.576   586   586 I SurfaceFlinger: extensions: EGL_KHR_get_all_proc_addresses EGL_ANDROID_presentation_time EGL_KHR_swap_buffers_with_damage EGL_ANDROID_create_native_client_buffer EGL_ANDROID_front_buffer_auto_refresh EGL_KHR_image EGL_KHR_image_base EGL_KHR_lock_surface EGL_KHR_gl_texture_2D_image EGL_KHR_gl_texture_3D_image EGL_KHR_gl_texture_cubemap_image EGL_KHR_gl_renderbuffer_image EGL_KHR_reusable_sync EGL_KHR_fence_sync EGL_KHR_create_context EGL_KHR_surfaceless_context EGL_EXT_create_context_robustness EGL_ANDROID_image_native_buffer EGL_KHR_wait_sync EGL_ANDROID_recordable EGL_KHR_partial_update EGL_KHR_create_context_no_error EGL_KHR_mutable_render_buffer EGL_EXT_yuv_surface EGL_EXT_protected_content 
01-06 12:46:08.576   586   586 I SurfaceFlinger: Client API: OpenGL_ES
01-06 12:46:08.576   586   586 I SurfaceFlinger: EGLSurface: 8-8-8-8, config=0x7f83e72060
01-06 12:46:08.584   603   603 I Dpps    : static DppsServer *DppsServer::GetInstance(): DppsServer ref count increased to 1
01-06 12:46:08.585   586   586 I SurfaceFlinger: OpenGL ES informations:
01-06 12:46:08.585   586   586 I SurfaceFlinger: vendor    : Qualcomm
01-06 12:46:08.585   586   586 I SurfaceFlinger: renderer  : Adreno (TM) 506
01-06 12:46:08.585   586   586 I SurfaceFlinger: version   : OpenGL ES 3.2 V@145.0 (GIT@Ic280a69317)
01-06 12:46:08.585   586   586 I SurfaceFlinger: extensions: GL_OES_EGL_image GL_OES_EGL_image_external GL_OES_EGL_sync GL_OES_vertex_half_float GL_OES_framebuffer_object GL_OES_rgb8_rgba8 GL_OES_compressed_ETC1_RGB8_texture GL_AMD_compressed_ATC_texture GL_KHR_texture_compression_astc_ldr GL_KHR_texture_compression_astc_hdr GL_OES_texture_compression_astc GL_OES_texture_npot GL_EXT_texture_filter_anisotropic GL_EXT_texture_format_BGRA8888 GL_OES_texture_3D GL_EXT_color_buffer_float GL_EXT_color_buffer_half_float GL_QCOM_alpha_test GL_OES_depth24 GL_OES_packed_depth_stencil GL_OES_depth_texture GL_OES_depth_texture_cube_map GL_EXT_sRGB GL_OES_texture_float GL_OES_texture_float_linear GL_OES_texture_half_float GL_OES_texture_half_float_linear GL_EXT_texture_type_2_10_10_10_REV GL_EXT_texture_sRGB_decode GL_OES_element_index_uint GL_EXT_copy_image GL_EXT_geometry_shader GL_EXT_tessellation_shader GL_OES_texture_stencil8 GL_EXT_shader_io_blocks GL_OES_shader_image_atomic GL_OES_sample_variables GL_EXT_texture_border_clamp GL_EXT_multisampled_render_to_texture
01-06 12:46:08.585   586   586 I SurfaceFlinger: GL_MAX_TEXTURE_SIZE = 16384
01-06 12:46:08.585   586   586 I SurfaceFlinger: GL_MAX_VIEWPORT_DIMS = 16384
01-06 12:46:08.585   603   603 I Dpps    : InitPrimaryContextFeatures():270 Dpps feature enable properties are false, skipping primary feature context init
01-06 12:46:08.651   444   616 I Cryptfs : keymaster module name is Keymaster QTI HAL
01-06 12:46:08.651   444   616 I Cryptfs : keymaster version is 256
01-06 12:46:08.651   444   616 I Cryptfs : Found keymaster1 module, using keymaster1 API.
01-06 12:46:08.652   444   616 D QSEECOMAPI: QSEECom_get_handle sb_length = 0xa000
01-06 12:46:08.652   444   616 D QSEECOMAPI: App is already loaded QSEE and app id = 65537
01-06 12:46:08.658   444   616 E keymaster1_device: Keymaster Initialized
01-06 12:46:08.658   444   616 E keymaster1_device: TA API Major Verion: 1
01-06 12:46:08.658   444   616 E keymaster1_device: TA API Minor Verion: 0
01-06 12:46:08.658   444   616 E keymaster1_device: TA Major Verion: 1
01-06 12:46:08.658   444   616 E keymaster1_device: TA Minor Verion: 10
01-06 12:46:08.658   444   616 E keymaster1_device: set_version_req->flags: 1
01-06 12:46:08.658   444   616 I Cryptfs : Signing safely-padded object
01-06 12:46:08.663   615   652 E rpmb_emmc: ----------------------------rpmb_emmc_read-----------------------------
01-06 12:46:08.666   615   652 E rpmb_emmc: ----------------------------rpmb_emmc_read-----------------------------
01-06 12:46:08.774   444   616 E keymaster1_device: HwKmClose
01-06 12:46:08.774   444   616 D QSEECOMAPI: QSEECom_dealloc_memory 
01-06 12:46:08.774   444   616 D QSEECOMAPI: QSEECom_shutdown_app, app_id = 65537
01-06 12:46:08.804   586   586 D SurfaceFlinger: shader cache generated - 24 shaders in 189.370621 ms
01-06 12:46:08.807   586   586 D SurfaceFlinger: Set power mode=2, type=0 flinger=0x7f85c48000
01-06 12:46:08.807   586   586 I SDM     : HWCDisplay::SetPowerMode: display = 0, mode = 2
01-06 12:46:08.807   586   586 I SDM     : DisplayBase::SetDisplayState: Set state = 1, display 0
01-06 12:46:08.799   675   675 W bootanimation: type=1400 audit(0.0:6): avc: denied { getattr } for path="/vendor" dev="rootfs" ino=6724 scontext=u:r:bootanim:s0 tcontext=u:object_r:rootfs:s0 tclass=lnk_file permissive=0
01-06 12:46:08.843   586   586 D qdutils : DEBUG_CALC_FPS: 0
01-06 12:46:08.843   586   586 D qdutils : period: 10
01-06 12:46:08.843   586   586 D qdutils : ignorethresh_us: 500000
01-06 12:46:09.230   675   678 D libEGL  : loaded /vendor/lib64/egl/libEGL_adreno.so
01-06 12:46:09.246   675   678 D libEGL  : loaded /vendor/lib64/egl/libGLESv1_CM_adreno.so
01-06 12:46:09.254   675   678 D libEGL  : loaded /vendor/lib64/egl/libGLESv2_adreno.so
01-06 12:46:09.269   675   678 I Adreno  : QUALCOMM build                   : dd15ef5, Ic280a69317
01-06 12:46:09.269   675   678 I Adreno  : Build Date                       : 05/09/17
01-06 12:46:09.269   675   678 I Adreno  : OpenGL ES Shader Compiler Version: XE031.09.00.04
01-06 12:46:09.269   675   678 I Adreno  : Local Branch                     : 
01-06 12:46:09.269   675   678 I Adreno  : Remote Branch                    : quic/gfx-adreno.lnx.1.0.r5-rel
01-06 12:46:09.269   675   678 I Adreno  : Remote Branch                    : NONE
01-06 12:46:09.269   675   678 I Adreno  : Reconstruct Branch               : NOTHING
01-06 12:46:09.287   675   678 D         : Environment::getMediaFile() = /system/vendor/Default/system/media/bootanimation.zip
01-06 12:46:09.287   675   678 E BootAnimation: Get Carrier Animation type: 0,status:0
01-06 12:46:09.288   675   678 D         : Environment::getMediaFile() = /system/vendor/Default/system/media/bootanimation.zip
01-06 12:46:09.288   675   678 E BootAnimation: Get Carrier Animation type: 0,status:0
01-06 12:46:09.324   576   576 I PerMgrSrv: Peripheral Mananager service start
01-06 12:46:09.324   576   576 I PerMgrSrv: power-off timeout 500,ms; event-ack timeout 200,ms; debug-mode false
01-06 12:46:09.324   576   576 I PerMgrSrv: Statistics for : modem
01-06 12:46:09.324   576   576 I PerMgrSrv: modem: Current State : is off-line
01-06 12:46:09.324   576   576 I PerMgrSrv: modem: Voter/Listener count : 0/0
01-06 12:46:09.324   576   576 I PerMgrSrv: modem: Power on count : 0
01-06 12:46:09.324   576   576 I PerMgrSrv: modem: Power off count: 0
01-06 12:46:09.324   576   576 I PerMgrSrv: modem: Client list:
01-06 12:46:09.326   576   680 I PerMgrSrv: QMI service start
01-06 12:46:09.309   680   680 W pm-service: type=1400 audit(0.0:7): avc: denied { net_raw } for capability=13 scontext=u:r:per_mgr:s0 tcontext=u:r:per_mgr:s0 tclass=capability permissive=0
01-06 12:46:09.341   576   681 D PerMgrSrv: modem state: is off-line, add client PM-PROXY-THREAD
01-06 12:46:09.341   576   681 D PerMgrSrv: PM-PROXY-THREAD registered
01-06 12:46:09.342   605   605 D PerMgrLib: PM-PROXY-THREAD successfully registered for modem
01-06 12:46:09.342   605   605 I PerMgrProxy: pm-proxy-thread Voting for internal modem
01-06 12:46:09.342   605   605 D PerMgrLib: PM-PROXY-THREAD voting for modem
01-06 12:46:09.342   576   682 D PerMgrSrv: PM-PROXY-THREAD voting for modem
01-06 12:46:09.342   576   682 D PerMgrSrv: modem new state: going on-line
01-06 12:46:09.342   576   682 D PerMgrSrv: modem num voters is 1
01-06 12:46:09.410   444   616 D         : HW based disk encryption is enabled 
01-06 12:46:09.410   444   616 D         : Success loading QSEECom_create_key 
01-06 12:46:09.411   444   616 D         : Success loading QSEECom_update_key_user_info
01-06 12:46:09.411   444   616 D         : Success loading QSEECom_wipe_key 
01-06 12:46:09.411   444   616 E         : get_tmp_passwd: Passed argument is NULL 
01-06 12:46:09.646   444   616 E QSEECOMAPI: SUCESS::ioctl call to create encryption key for usage 4 success with ret = 0
01-06 12:46:09.646   444   616 I Cryptfs : Ascii password was updated
01-06 12:46:09.650   444   616 D         : HW based disk encryption is enabled 
01-06 12:46:09.650   444   616 D         : HW based disk encryption is enabled 
01-06 12:46:09.650   444   616 I Cryptfs : target_type = req-crypt
01-06 12:46:09.650   444   616 I Cryptfs : real_blk_name = /dev/block/bootdevice/by-name/userdata, extra_params = fde_enabled ice
01-06 12:46:09.657   444   452 D vold    : Disk at 253:0 changed
01-06 12:46:09.657   444   616 D Cryptfs : Password is default - restarting filesystem
01-06 12:46:09.659   444   616 D Cryptfs : unmounting /data succeeded
01-06 12:46:10.331   576   681 D PerMgrSrv: modem new state: is on-line
01-06 12:46:10.439   554   554 I rmt_storage: rmt_storage_connect_cb: clnt_h=0x1 conn_h=0x7f9022a000
01-06 12:46:10.439   554   554 I rmt_storage: rmt_storage_open_cb: /boot/modem_fs1: req_h=0x1 msg_id=1: Client found
01-06 12:46:10.439   554   735 I rmt_storage: rmt_storage_client_thread: /boot/modem_fs1: Worker thread started
01-06 12:46:10.439   554   554 I rmt_storage: rmt_storage_open_cb: /boot/modem_fs1: req_h=0x1 msg_id=1: Send response: res=0 err=0
01-06 12:46:10.439   554   735 I rmt_storage: wake lock name: rmt_storage_547878728784, name creation success: 24
01-06 12:46:10.440   554   554 I rmt_storage: rmt_storage_disconnect_cb: clnt_h=0x1 conn_h=0x7f9022a000
01-06 12:46:10.440   554   554 I rmt_storage: rmt_storage_connect_cb: clnt_h=0x2 conn_h=0x7f9022a000
01-06 12:46:10.440   554   554 I rmt_storage: rmt_storage_open_cb: /boot/modem_fs2: req_h=0x2 msg_id=1: Client found
01-06 12:46:10.440   554   554 I rmt_storage: rmt_storage_open_cb: /boot/modem_fs2: req_h=0x2 msg_id=1: Send response: res=0 err=0
01-06 12:46:10.440   554   736 I rmt_storage: rmt_storage_client_thread: /boot/modem_fs2: Worker thread started
01-06 12:46:10.440   554   736 I rmt_storage: wake lock name: rmt_storage_547877692496, name creation success: 24
01-06 12:46:10.441   554   554 I rmt_storage: rmt_storage_disconnect_cb: clnt_h=0x2 conn_h=0x7f9022a000
01-06 12:46:10.441   554   554 I rmt_storage: rmt_storage_connect_cb: clnt_h=0x3 conn_h=0x7f9022a000
01-06 12:46:10.441   554   554 I rmt_storage: rmt_storage_open_cb: /boot/modem_fsg: req_h=0x3 msg_id=1: Client found
01-06 12:46:10.441   554   554 I rmt_storage: rmt_storage_open_cb: /boot/modem_fsg: req_h=0x3 msg_id=1: Send response: res=0 err=0
01-06 12:46:10.441   554   737 I rmt_storage: rmt_storage_client_thread: /boot/modem_fsg: Worker thread started
01-06 12:46:10.441   554   737 I rmt_storage: wake lock name: rmt_storage_547876656208, name creation success: 24
01-06 12:46:10.441   554   554 I rmt_storage: rmt_storage_disconnect_cb: clnt_h=0x3 conn_h=0x7f9022a000
01-06 12:46:10.442   554   554 I rmt_storage: rmt_storage_connect_cb: clnt_h=0x4 conn_h=0x7f9022a000
01-06 12:46:10.442   554   554 I rmt_storage: rmt_storage_open_cb: /boot/modem_fsc: req_h=0x4 msg_id=1: Client found
01-06 12:46:10.442   554   554 I rmt_storage: rmt_storage_open_cb: /boot/modem_fsc: req_h=0x4 msg_id=1: Send response: res=0 err=0
01-06 12:46:10.442   554   738 I rmt_storage: rmt_storage_client_thread: /boot/modem_fsc: Worker thread started
01-06 12:46:10.442   554   738 I rmt_storage: wake lock name: rmt_storage_547875619920, name creation success: 24
01-06 12:46:10.442   554   554 I rmt_storage: rmt_storage_disconnect_cb: clnt_h=0x4 conn_h=0x7f9022a000
01-06 12:46:10.443   554   554 I rmt_storage: rmt_storage_connect_cb: clnt_h=0x5 conn_h=0x7f9022a000
01-06 12:46:10.443   554   554 I rmt_storage: rmt_storage_alloc_buff_cb: /boot/modem_fs1: req_h=0x5 msg_id=4: Alloc request received: Size: 0
01-06 12:46:10.443   554   554 I rmt_storage: rmt_storage_alloc_buff_cb: /boot/modem_fs1: req_h=0x5 msg_id=4: New client making a dummy request with buffer req size 0
01-06 12:46:10.443   554   554 I rmt_storage: rmt_storage_alloc_buff_cb: /boot/modem_fs1: req_h=0x5 msg_id=4: Send response: res=0 err=0
01-06 12:46:10.443   554   554 I rmt_storage: rmt_storage_disconnect_cb: clnt_h=0x5 conn_h=0x7f9022a000
01-06 12:46:10.445   444   616 D Cryptfs : Just triggered post_fs_data
01-06 12:46:10.445   554   554 I rmt_storage: rmt_storage_connect_cb: clnt_h=0x6 conn_h=0x7f9022a000
01-06 12:46:10.445   554   554 I rmt_storage: rmt_storage_rw_iovec_cb: /boot/modem_fs1: req_h=0x6 msg_id=3: R/W request received
01-06 12:46:10.445   554   554 I rmt_storage: wakelock acquired: 1, error no: 42
01-06 12:46:10.445   554   735 I rmt_storage: rmt_storage_client_thread: /boot/modem_fs1: Unblock worker thread (th_id: 547878728784)
01-06 12:46:10.446   554   735 I rmt_storage: rmt_storage_client_thread: /boot/modem_fs1: req_h=0x6 msg_id=3: Bytes read = 512
01-06 12:46:10.446   554   735 I rmt_storage: rmt_storage_client_thread: /boot/modem_fs1: req_h=0x6 msg_id=3: Send response: res=0 err=0
01-06 12:46:10.446   554   735 I rmt_storage: rmt_storage_client_thread: /boot/modem_fs1: About to block rmt_storage client thread (th_id: 547878728784) wakelock released: 1, error no: 0
01-06 12:46:10.446   554   735 I rmt_storage: 
01-06 12:46:10.447   554   554 I rmt_storage: rmt_storage_disconnect_cb: clnt_h=0x6 conn_h=0x7f9022a000
01-06 12:46:10.447   554   554 I rmt_storage: rmt_storage_connect_cb: clnt_h=0x7 conn_h=0x7f9022a000
01-06 12:46:10.447   554   554 I rmt_storage: rmt_storage_rw_iovec_cb: /boot/modem_fs2: req_h=0x7 msg_id=3: R/W request received
01-06 12:46:10.447   554   554 I rmt_storage: wakelock acquired: 1, error no: 42
01-06 12:46:10.447   554   736 I rmt_storage: rmt_storage_client_thread: /boot/modem_fs2: Unblock worker thread (th_id: 547877692496)
01-06 12:46:10.447   554   736 I rmt_storage: rmt_storage_client_thread: /boot/modem_fs2: req_h=0x7 msg_id=3: Bytes read = 512
01-06 12:46:10.447   554   736 I rmt_storage: rmt_storage_client_thread: /boot/modem_fs2: req_h=0x7 msg_id=3: Send response: res=0 err=0
01-06 12:46:10.448   554   736 I rmt_storage: rmt_storage_client_thread: /boot/modem_fs2: About to block rmt_storage client thread (th_id: 547877692496) wakelock released: 1, error no: 0
01-06 12:46:10.448   554   736 I rmt_storage: 
01-06 12:46:10.448   554   554 I rmt_storage: rmt_storage_disconnect_cb: clnt_h=0x7 conn_h=0x7f9022a000
01-06 12:46:10.449   554   554 I rmt_storage: rmt_storage_connect_cb: clnt_h=0x8 conn_h=0x7f9022a000
01-06 12:46:10.449   554   554 I rmt_storage: rmt_storage_rw_iovec_cb: /boot/modem_fs2: req_h=0x8 msg_id=3: R/W request received
01-06 12:46:10.449   554   554 I rmt_storage: wakelock acquired: 1, error no: 42
01-06 12:46:10.449   554   736 I rmt_storage: rmt_storage_client_thread: /boot/modem_fs2: Unblock worker thread (th_id: 547877692496)
01-06 12:46:10.456   554   736 I rmt_storage: rmt_storage_client_thread: /boot/modem_fs2: req_h=0x8 msg_id=3: Bytes read = 1571840
01-06 12:46:10.456   554   736 I rmt_storage: rmt_storage_client_thread: /boot/modem_fs2: req_h=0x8 msg_id=3: Send response: res=0 err=0
01-06 12:46:10.456   554   736 I rmt_storage: rmt_storage_client_thread: /boot/modem_fs2: About to block rmt_storage client thread (th_id: 547877692496) wakelock released: 1, error no: 0
01-06 12:46:10.456   554   736 I rmt_storage: 
01-06 12:46:10.457   554   554 I rmt_storage: rmt_storage_disconnect_cb: clnt_h=0x8 conn_h=0x7f9022a000
01-06 12:46:10.526   556   556 D tftp_server: pid=556 tid=556 tftp-server : DBG :[tftp_os_wakelocks_la.c, 304] Wake-lock acquired successfully
01-06 12:46:10.526   556   556 D tftp_server: pid=556 tid=556 tftp-server : DBG :[tftp_server.c, 597] Server waiting for client-connection.
01-06 12:46:10.527   556   741 D tftp_server: pid=556 tid=741 tftp-server : DBG :[tftp_server_utils.c, 101] Normalized file [/readwrite/server_check.txt] to : [/system/rfs/msm/mpss/readwrite/server_chec
01-06 12:46:10.527   556   741 D tftp_server: pid=556 tid=741 tftp-server : DBG :[tftp_server.c, 721] Using temp file[/system/rfs/msm/mpss/readwrite/server_check.txt.rfs_tmp] for atomic put
01-06 12:46:10.530   444   454 D vold    : e4crypt_init_user0
01-06 12:46:10.530   444   454 D vold    : e4crypt_prepare_user_storage for volume null, user 0, serial 0, flags 1
01-06 12:46:10.530   444   454 D vold    : Preparing: /data/system/users/0
01-06 12:46:10.531   444   454 D vold    : Preparing: /data/misc/profiles/cur/0
01-06 12:46:10.531   556   741 D tftp_server: pid=556 tid=741 tftp-server : DBG :[tftp_protocol.c, 1301] Sent last ACK: *Waiting* on reply.
01-06 12:46:10.531   444   454 D vold    : Preparing: /data/misc/profiles/cur/0/foreign-dex
01-06 12:46:10.532   444   454 D vold    : Preparing: /data/system_de/0
01-06 12:46:10.532   444   454 D vold    : Preparing: /data/misc_de/0
01-06 12:46:10.533   444   454 D vold    : Preparing: /data/user_de/0
01-06 12:46:10.533   444   454 D vold    : e4crypt_unlock_user_key 0 serial=0 token_present=0
01-06 12:46:10.536     1     1 I vdc     : 200 740 Command succeeded
01-06 12:46:10.570   742   742 I /system/bin/tzdatacheck: tzdata file /data/misc/zoneinfo/current/tzdata does not exist. No action required.
01-06 12:46:10.595   444   616 D Cryptfs : post_fs_data done
01-06 12:46:10.597   444   616 D Cryptfs : Just triggered restart_framework
01-06 12:46:10.654   745   745 I bootstat: Service started: /system/bin/bootstat -r post_decrypt_time_elapsed 
01-06 12:46:10.690   748   748 E HQLogd  : UNKNOW CMD
01-06 12:46:10.707   752   752 D WLAN_PSA: PTT_SOCKET_APP Start
01-06 12:46:10.707   752   752 E WLAN_PSA: FFBM mode
01-06 12:46:10.708   752   752 E WLAN_PSA: Set as Blocked Operation
01-06 12:46:10.714   755   755 D QC-time-services: Daemon:genoff_pre_init::Base = 0
01-06 12:46:10.714   755   755 D QC-time-services: Daemon:ats_rtc_init: Time read from RTC -- year = 70, month = 0,day = 6
01-06 12:46:10.715   755   755 D QC-time-services: Daemon ats_rtc_init: seconds = 449170
01-06 12:46:10.715   755   755 D QC-time-services: Daemon:Value read from RTC seconds = 449170000
01-06 12:46:10.715   755   755 D QC-time-services: Daemon:genoff_init_config: ATS_RTC initialized with rc: 0
01-06 12:46:10.715   755   755 D QC-time-services: Daemon:genoff_pre_init::Base = 1
01-06 12:46:10.715   755   755 D QC-time-services: Daemon: Storage Name: ats_1 
01-06 12:46:10.715   755   755 D QC-time-services: Daemon:Opening File: /persist/time/ats_1 /data/time/ats_1
01-06 12:46:10.715   755   755 D QC-time-services: Daemon:time_persistent_memory_opr:Genoff Read operation 
01-06 12:46:10.717   752   752 D WLAN_PSA: FTM Test App: Diag_LSM_Init succeeded. 
01-06 12:46:10.717   752   752 D WLAN_PSA: PTT_SOCKET_APP Init done, wait clients
01-06 12:46:10.725   755   755 D QC-time-services: Daemon:Open File: /data/time/ats_1
01-06 12:46:10.727   753   753 I CNSS    : log_capture_location  = /sdcard/wlan_logs/
01-06 12:46:10.728   753   753 I CNSS    : cnss_open_log_file: create directory /sdcard/wlan_logs/ ret = -1 errno= 2
01-06 12:46:10.728   755   755 D QC-time-services: Daemon:genoff_pre_init::Base = 2
01-06 12:46:10.728   755   755 D QC-time-services: Daemon: Storage Name: ats_2 
01-06 12:46:10.728   755   755 D QC-time-services: Daemon:Opening File: /persist/time/ats_2 /data/time/ats_2
01-06 12:46:10.728   755   755 D QC-time-services: Daemon:time_persistent_memory_opr:Genoff Read operation 
01-06 12:46:10.728   755   755 D QC-time-services: Daemon:Open File: /data/time/ats_2
01-06 12:46:10.729   755   755 D QC-time-services: Daemon:genoff_pre_init::Base = 3
01-06 12:46:10.729   755   755 D QC-time-services: Daemon: Storage Name: ats_3 
01-06 12:46:10.729   755   755 D QC-time-services: Daemon:Opening File: /persist/time/ats_3 /data/time/ats_3
01-06 12:46:10.729   755   755 D QC-time-services: Daemon:time_persistent_memory_opr:Genoff Read operation 
01-06 12:46:10.729   755   755 D QC-time-services: Daemon:Open File: /data/time/ats_3
01-06 12:46:10.730   755   755 D QC-time-services: Daemon:Unable to open filefor read
01-06 12:46:10.730   755   755 D QC-time-services: Daemon:genoff_post_init:Error in accessing storage
01-06 12:46:10.730   755   755 D QC-time-services: Daemon:genoff_pre_init::Base = 4
01-06 12:46:10.730   755   755 D QC-time-services: Daemon: Storage Name: ats_4 
01-06 12:46:10.730   755   755 D QC-time-services: Daemon:Opening File: /persist/time/ats_4 /data/time/ats_4
01-06 12:46:10.730   755   755 D QC-time-services: Daemon:time_persistent_memory_opr:Genoff Read operation 
01-06 12:46:10.730   755   755 D QC-time-services: Daemon:Open File: /data/time/ats_4
01-06 12:46:10.730   755   755 D QC-time-services: Daemon:Unable to open filefor read
01-06 12:46:10.730   755   755 D QC-time-services: Daemon:genoff_post_init:Error in accessing storage
01-06 12:46:10.730   755   755 D QC-time-services: Daemon:genoff_pre_init::Base = 5
01-06 12:46:10.730   755   755 D QC-time-services: Daemon: Storage Name: ats_5 
01-06 12:46:10.730   755   755 D QC-time-services: Daemon:Opening File: /persist/time/ats_5 /data/time/ats_5
01-06 12:46:10.730   755   755 D QC-time-services: Daemon:time_persistent_memory_opr:Genoff Read operation 
01-06 12:46:10.730   755   755 D QC-time-services: Daemon:Open File: /data/time/ats_5
01-06 12:46:10.730   755   755 D QC-time-services: Daemon:Unable to open filefor read
01-06 12:46:10.730   755   755 D QC-time-services: Daemon:genoff_post_init:Error in accessing storage
01-06 12:46:10.730   755   755 D QC-time-services: Daemon:genoff_pre_init::Base = 6
01-06 12:46:10.730   755   755 D QC-time-services: Daemon: Storage Name: ats_6 
01-06 12:46:10.730   755   755 D QC-time-services: Daemon:Opening File: /persist/time/ats_6 /data/time/ats_6
01-06 12:46:10.730   755   755 D QC-time-services: Daemon:time_persistent_memory_opr:Genoff Read operation 
01-06 12:46:10.730   755   755 D QC-time-services: Daemon:Open File: /data/time/ats_6
01-06 12:46:10.730   755   755 D QC-time-services: Daemon:Unable to open filefor read
01-06 12:46:10.730   755   755 D QC-time-services: Daemon:genoff_post_init:Error in accessing storage
01-06 12:46:10.730   755   755 D QC-time-services: Daemon:genoff_pre_init::Base = 7
01-06 12:46:10.730   755   755 D QC-time-services: Daemon: Storage Name: ats_7 
01-06 12:46:10.730   755   755 D QC-time-services: Daemon:Opening File: /persist/time/ats_7 /data/time/ats_7
01-06 12:46:10.730   755   755 D QC-time-services: Daemon:time_persistent_memory_opr:Genoff Read operation 
01-06 12:46:10.730   755   755 D QC-time-services: Daemon:Open File: /data/time/ats_7
01-06 12:46:10.730   755   755 D QC-time-services: Daemon:Unable to open filefor read
01-06 12:46:10.730   755   755 D QC-time-services: Daemon:genoff_post_init:Error in accessing storage
01-06 12:46:10.730   755   755 D QC-time-services: Daemon:genoff_pre_init::Base = 8
01-06 12:46:10.730   755   755 D QC-time-services: Daemon: Storage Name: ats_8 
01-06 12:46:10.730   755   755 D QC-time-services: Daemon:Opening File: /persist/time/ats_8 /data/time/ats_8
01-06 12:46:10.730   755   755 D QC-time-services: Daemon:time_persistent_memory_opr:Genoff Read operation 
01-06 12:46:10.730   755   755 D QC-time-services: Daemon:Open File: /data/time/ats_8
01-06 12:46:10.730   755   755 D QC-time-services: Daemon:Unable to open filefor read
01-06 12:46:10.730   755   755 D QC-time-services: Daemon:genoff_post_init:Error in accessing storage
01-06 12:46:10.730   755   755 D QC-time-services: Daemon:genoff_pre_init::Base = 9
01-06 12:46:10.731   755   755 D QC-time-services: Daemon: Storage Name: ats_9 
01-06 12:46:10.731   755   755 D QC-time-services: Daemon:Opening File: /persist/time/ats_9 /data/time/ats_9
01-06 12:46:10.731   755   755 D QC-time-services: Daemon:time_persistent_memory_opr:Genoff Read operation 
01-06 12:46:10.731   755   755 D QC-time-services: Daemon:Open File: /data/time/ats_9
01-06 12:46:10.731   755   755 D QC-time-services: Daemon:Unable to open filefor read
01-06 12:46:10.731   755   755 D QC-time-services: Daemon:genoff_post_init:Error in accessing storage
01-06 12:46:10.731   755   755 D QC-time-services: Daemon:genoff_pre_init::Base = 10
01-06 12:46:10.731   755   755 D QC-time-services: Daemon: Storage Name: ats_10 
01-06 12:46:10.731   755   755 D QC-time-services: Daemon:Opening File: /persist/time/ats_10 /data/time/ats_10
01-06 12:46:10.731   755   755 D QC-time-services: Daemon:time_persistent_memory_opr:Genoff Read operation 
01-06 12:46:10.731   755   755 D QC-time-services: Daemon:Open File: /data/time/ats_10
01-06 12:46:10.731   755   755 D QC-time-services: Daemon:Unable to open filefor read
01-06 12:46:10.731   755   755 D QC-time-services: Daemon:genoff_post_init:Error in accessing storage
01-06 12:46:10.731   755   755 D QC-time-services: Daemon:genoff_pre_init::Base = 11
01-06 12:46:10.731   755   755 D QC-time-services: Daemon: Storage Name: ats_11 
01-06 12:46:10.731   755   755 D QC-time-services: Daemon:Opening File: /persist/time/ats_11 /data/time/ats_11
01-06 12:46:10.731   755   755 D QC-time-services: Daemon:time_persistent_memory_opr:Genoff Read operation 
01-06 12:46:10.731   755   755 D QC-time-services: Daemon:Open File: /data/time/ats_11
01-06 12:46:10.731   755   755 D QC-time-services: Daemon:Unable to open filefor read
01-06 12:46:10.731   755   755 D QC-time-services: Daemon:genoff_post_init:Error in accessing storage
01-06 12:46:10.731   755   755 D QC-time-services: Daemon:genoff_pre_init::Base = 12
01-06 12:46:10.731   755   755 D QC-time-services: Daemon: Storage Name: ats_12 
01-06 12:46:10.731   755   755 D QC-time-services: Daemon:Opening File: /persist/time/ats_12 /data/time/ats_12
01-06 12:46:10.731   755   755 D QC-time-services: Daemon:time_persistent_memory_opr:Genoff Read operation 
01-06 12:46:10.731   755   755 D QC-time-services: Daemon:Open File: /data/time/ats_12
01-06 12:46:10.732   755   755 D QC-time-services: Daemon:genoff_pre_init::Base = 13
01-06 12:46:10.732   755   755 D QC-time-services: Daemon: Storage Name: ats_13 
01-06 12:46:10.732   755   755 D QC-time-services: Daemon:Opening File: /persist/time/ats_13 /data/time/ats_13
01-06 12:46:10.732   755   755 D QC-time-services: Daemon:time_persistent_memory_opr:Genoff Read operation 
01-06 12:46:10.732   755   755 D QC-time-services: Daemon:Open File: /data/time/ats_13
01-06 12:46:10.732   755   755 D QC-time-services: Daemon:genoff_pre_init::Base = 14
01-06 12:46:10.732   755   755 D QC-time-services: Daemon: Storage Name: ats_14 
01-06 12:46:10.733   755   755 D QC-time-services: Daemon:Opening File: /persist/time/ats_14 /data/time/ats_14
01-06 12:46:10.733   755   755 D QC-time-services: Daemon:time_persistent_memory_opr:Genoff Read operation 
01-06 12:46:10.733   755   755 D QC-time-services: Daemon:Open File: /data/time/ats_14
01-06 12:46:10.733   755   755 D QC-time-services: Daemon:Unable to open filefor read
01-06 12:46:10.733   755   755 D QC-time-services: Daemon:genoff_post_init:Error in accessing storage
01-06 12:46:10.733   755   755 D QC-time-services: Daemon:genoff_pre_init::Base = 15
01-06 12:46:10.733   755   755 D QC-time-services: Daemon: Storage Name: ats_15 
01-06 12:46:10.733   755   755 D QC-time-services: Daemon:Opening File: /persist/time/ats_15 /data/time/ats_15
