09-27 14:54:17.551  1774  2736 D PowerManagerService: getScreenOffTimeoutLocked:  isTestFlag = false
09-27 14:54:17.559  1774  1886 D PowerManagerService: getScreenOffTimeoutLocked:  isTestFlag = false
09-27 14:54:17.587  1774  2737 D PowerManagerService: getScreenOffTimeoutLocked:  isTestFlag = false
09-27 14:54:17.596  1774  2883 D PowerManagerService: getScreenOffTimeoutLocked:  isTestFlag = false
09-27 14:54:17.617  1774  1774 I Telecom : PhoneAccountRegistrar: SimCallManager queried, returning: null: TSI.gSCMFU@AFY
09-27 14:54:17.626  1774  2069 D PowerManagerService: getScreenOffTimeoutLocked:  isTestFlag = false
09-27 14:54:17.651  1774  2901 D PowerManagerService: getScreenOffTimeoutLocked:  isTestFlag = false
09-27 14:54:17.661  1774  1981 D PowerManagerService: getScreenOffTimeoutLocked:  isTestFlag = false
09-27 14:54:17.668  1774  1785 I LockSettingsService: Unlocking user 0 with token length 69
09-27 14:54:17.678  1774  2902 W ActivityManager: Unable to start service Intent { cmp=com.android.email/.service.AttachmentService } U=0: not found
09-27 14:54:17.679  1774  2069 D PowerManagerService: getScreenOffTimeoutLocked:  isTestFlag = false
09-27 14:54:17.689  1774  2901 D PowerManagerService: getScreenOffTimeoutLocked:  isTestFlag = false
09-27 14:54:17.693  1774  2280 D PowerManagerService: getScreenOffTimeoutLocked:  isTestFlag = false
09-27 14:54:17.695  1774  1886 D PowerManagerService: getScreenOffTimeoutLocked:  isTestFlag = false
09-27 14:54:17.723  1774  2746 I ActivityManager: Start proc 3731:com.android.managedprovisioning/u0a22 for broadcast com.android.managedprovisioning/.BootReminder
09-27 14:54:17.728  1774  1785 W ActivityManager: Expected user 0 in state RUNNING_LOCKED but was in state RUNNING_UNLOCKED
09-27 14:54:17.732  1774  2902 D PowerManagerService: getScreenOffTimeoutLocked:  isTestFlag = false
09-27 14:54:17.733  1774  2279 W ActivityManager: Unable to start service Intent { cmp=com.android.email/.service.AttachmentService } U=0: not found
09-27 14:54:17.738  1774  1774 D PowerManagerService: getScreenOffTimeoutLocked:  isTestFlag = false
09-27 14:54:17.762  1774  2835 D PowerManagerService: getScreenOffTimeoutLocked:  isTestFlag = false
09-27 14:54:17.848  1774  2737 D PowerManagerService: getScreenOffTimeoutLocked:  isTestFlag = false
09-27 14:54:17.882  1774  1774 D PowerManagerService: getScreenOffTimeoutLocked:  isTestFlag = false
09-27 14:54:17.900  1774  2901 W WindowManager:  SLCODE computeScreenConfigurationLocked, the hard device name is: msm8953-snd-card-mtp Button Jack
09-27 14:54:17.900  1774  2901 W WindowManager:  SLCODE computeScreenConfigurationLocked, the hard device name is: msm8953-snd-card-mtp Headset Jack
09-27 14:54:17.900  1774  2901 W WindowManager:  SLCODE computeScreenConfigurationLocked, the hard device name is: hbtp_vm
09-27 14:54:17.900  1774  2901 W WindowManager:  SLCODE computeScreenConfigurationLocked, the hard device name is: qpnp_pon
09-27 14:54:17.901  1774  2901 W WindowManager:  SLCODE computeScreenConfigurationLocked, the hard device name is: gpio-keys
09-27 14:54:17.901  1774  2901 W WindowManager:  SLCODE computeScreenConfigurationLocked, the hard device name is: ft5435_ts
09-27 14:54:17.932  1774  1788 I VrManagerService: VR mode is allowed
09-27 14:54:18.006  1774  2069 D PowerManagerService: getScreenOffTimeoutLocked:  isTestFlag = false
09-27 14:54:18.076  3674  3674 E ActivityThread: Service com.android.email.service.EmailBroadcastProcessorService has leaked ServiceConnection com.android.emailcommon.service.ServiceProxy$ProxyConnection@1930315 that was originally bound here
09-27 14:54:18.076  3674  3674 E ActivityThread: android.app.ServiceConnectionLeaked: Service com.android.email.service.EmailBroadcastProcessorService has leaked ServiceConnection com.android.emailcommon.service.ServiceProxy$ProxyConnection@1930315 that was originally bound here
09-27 14:54:18.076  3674  3674 E ActivityThread: 	at android.app.LoadedApk$ServiceDispatcher.<init>(LoadedApk.java:1336)
09-27 14:54:18.076  3674  3674 E ActivityThread: 	at android.app.LoadedApk.getServiceDispatcher(LoadedApk.java:1231)
09-27 14:54:18.076  3674  3674 E ActivityThread: 	at android.app.ContextImpl.bindServiceCommon(ContextImpl.java:1450)
09-27 14:54:18.076  3674  3674 E ActivityThread: 	at android.app.ContextImpl.bindService(ContextImpl.java:1422)
09-27 14:54:18.076  3674  3674 E ActivityThread: 	at android.content.ContextWrapper.bindService(ContextWrapper.java:636)
09-27 14:54:18.076  3674  3674 E ActivityThread: 	at com.android.emailcommon.service.ServiceProxy.setTask(ServiceProxy.java:229)
09-27 14:54:18.076  3674  3674 E ActivityThread: 	at com.android.emailcommon.service.ServiceProxy.test(ServiceProxy.java:272)
09-27 14:54:18.076  3674  3674 E ActivityThread: 	at com.android.email.service.EmailServiceUtils.isServiceAvailable(EmailServiceUtils.java:160)
09-27 14:54:18.076  3674  3674 E ActivityThread: 	at com.android.email.provider.AccountReconciler.reconcileAccountsInternal(AccountReconciler.java:171)
09-27 14:54:18.076  3674  3674 E ActivityThread: 	at com.android.email.provider.AccountReconciler.reconcileAccounts(AccountReconciler.java:115)
09-27 14:54:18.076  3674  3674 E ActivityThread: 	at com.android.email.service.EmailBroadcastProcessorService.reconcileAndStartServices(EmailBroadcastProcessorService.java:305)
09-27 14:54:18.076  3674  3674 E ActivityThread: 	at com.android.email.service.EmailBroadcastProcessorService.onBootCompleted(EmailBroadcastProcessorService.java:295)
09-27 14:54:18.076  3674  3674 E ActivityThread: 	at com.android.email.service.EmailBroadcastProcessorService.onHandleIntent(EmailBroadcastProcessorService.java:130)
09-27 14:54:18.076  3674  3674 E ActivityThread: 	at android.app.IntentService$ServiceHandler.handleMessage(IntentService.java:68)
09-27 14:54:18.076  3674  3674 E ActivityThread: 	at android.os.Handler.dispatchMessage(Handler.java:102)
09-27 14:54:18.076  3674  3674 E ActivityThread: 	at android.os.Looper.loop(Looper.java:154)
09-27 14:54:18.076  3674  3674 E ActivityThread: 	at android.os.HandlerThread.run(HandlerThread.java:61)
09-27 14:54:18.077  1774  1787 D PowerManagerService: getScreenOffTimeoutLocked:  isTestFlag = false
09-27 14:54:18.116  1940  1940 V KeyguardDisplayManager: hide
09-27 14:54:18.129  3674  3674 E ActivityThread: Service com.android.email.service.EmailBroadcastProcessorService has leaked ServiceConnection com.android.emailcommon.service.ServiceProxy$ProxyConnection@dc6e62a that was originally bound here
09-27 14:54:18.129  3674  3674 E ActivityThread: android.app.ServiceConnectionLeaked: Service com.android.email.service.EmailBroadcastProcessorService has leaked ServiceConnection com.android.emailcommon.service.ServiceProxy$ProxyConnection@dc6e62a that was originally bound here
09-27 14:54:18.129  3674  3674 E ActivityThread: 	at android.app.LoadedApk$ServiceDispatcher.<init>(LoadedApk.java:1336)
09-27 14:54:18.129  3674  3674 E ActivityThread: 	at android.app.LoadedApk.getServiceDispatcher(LoadedApk.java:1231)
09-27 14:54:18.129  3674  3674 E ActivityThread: 	at android.app.ContextImpl.bindServiceCommon(ContextImpl.java:1450)
09-27 14:54:18.129  3674  3674 E ActivityThread: 	at android.app.ContextImpl.bindService(ContextImpl.java:1422)
09-27 14:54:18.129  3674  3674 E ActivityThread: 	at android.content.ContextWrapper.bindService(ContextWrapper.java:636)
09-27 14:54:18.129  3674  3674 E ActivityThread: 	at com.android.emailcommon.service.ServiceProxy.setTask(ServiceProxy.java:229)
09-27 14:54:18.129  3674  3674 E ActivityThread: 	at com.android.emailcommon.service.ServiceProxy.test(ServiceProxy.java:272)
09-27 14:54:18.129  3674  3674 E ActivityThread: 	at com.android.email.service.EmailServiceUtils.isServiceAvailable(EmailServiceUtils.java:160)
09-27 14:54:18.129  3674  3674 E ActivityThread: 	at com.android.email.provider.AccountReconciler.reconcileAccountsInternal(AccountReconciler.java:171)
09-27 14:54:18.129  3674  3674 E ActivityThread: 	at com.android.email.provider.AccountReconciler.reconcileAccounts(AccountReconciler.java:115)
09-27 14:54:18.129  3674  3674 E ActivityThread: 	at com.android.email.service.EmailBroadcastProcessorService.reconcileAndStartServices(EmailBroadcastProcessorService.java:305)
09-27 14:54:18.129  3674  3674 E ActivityThread: 	at com.android.email.service.EmailBroadcastProcessorService.onBootCompleted(EmailBroadcastProcessorService.java:295)
09-27 14:54:18.129  3674  3674 E ActivityThread: 	at com.android.email.service.EmailBroadcastProcessorService.onHandleIntent(EmailBroadcastProcessorService.java:130)
09-27 14:54:18.129  3674  3674 E ActivityThread: 	at android.app.IntentService$ServiceHandler.handleMessage(IntentService.java:68)
09-27 14:54:18.129  3674  3674 E ActivityThread: 	at android.os.Handler.dispatchMessage(Handler.java:102)
09-27 14:54:18.129  3674  3674 E ActivityThread: 	at android.os.Looper.loop(Looper.java:154)
09-27 14:54:18.129  3674  3674 E ActivityThread: 	at android.os.HandlerThread.run(HandlerThread.java:61)
09-27 14:54:18.213  1774  1886 I ActivityManager: Killing 2338:com.android.cellbroadcastreceiver/u0a6 (adj 906): empty #17
09-27 14:54:18.218  1774  2069 I Telecom : PhoneAccountRegistrar: [ComponentInfo{com.android.phone/com.android.services.telephony.TelephonyConnectionService}, [356a192b7913b04c54574d18c28d46e6395428ab], UserHandle{0}(icon: Icon(typ=BITMAP size=72x72) -> Icon(typ=BITMAP size=72x72))(lbl: China Mobile -> CMCC)]: TSI.rPA@AFc
09-27 14:54:18.222  1774  1886 I ActivityManager: Killing 2854:com.android.keychain/1000 (adj 906): empty #17
09-27 14:54:18.230  1774  2069 I Telecom : : Sending phone-account registered intent as user: TSI.rPA@AFc
09-27 14:54:18.251  1774  2069 D ActivityManager: cleanUpApplicationRecord -- 2854
09-27 14:54:18.318  1774  1774 I Telecom : PhoneAccountRegistrar: SimCallManager queried, returning: null: TSI.gSCMFU@AFg
09-27 14:54:18.350  1774  1886 D ActivityManager: cleanUpApplicationRecord -- 2338
09-27 14:54:18.402  1774  2069 D PowerManagerService: getScreenOffTimeoutLocked:  isTestFlag = false
09-27 14:54:18.462  1774  2069 I Telecom : PhoneAccountRegistrar: [ComponentInfo{com.android.phone/com.android.services.telephony.TelephonyConnectionService}, [356a192b7913b04c54574d18c28d46e6395428ab], UserHandle{0}(icon: Icon(typ=BITMAP size=72x72) -> Icon(typ=BITMAP size=72x72))]: TSI.rPA@AFk
09-27 14:54:18.473  1774  2069 I Telecom : : Sending phone-account registered intent as user: TSI.rPA@AFk
09-27 14:54:18.768  1774  2736 D PowerManagerService: getScreenOffTimeoutLocked:  isTestFlag = false
09-27 14:54:18.776  1774  2797 D PowerManagerService: getScreenOffTimeoutLocked:  isTestFlag = false
09-27 14:54:18.786  1774  1886 D PowerManagerService: getScreenOffTimeoutLocked:  isTestFlag = false
09-27 14:54:18.793  1774  2736 D PowerManagerService: getScreenOffTimeoutLocked:  isTestFlag = false
09-27 14:54:18.826  1774  2737 I ActivityManager: Setting hasTopUi=false for pid=1940
09-27 14:54:18.831  1774  2822 D PowerManagerService: getScreenOffTimeoutLocked:  isTestFlag = false
09-27 14:54:18.837  1774  1981 D PowerManagerService: getScreenOffTimeoutLocked:  isTestFlag = false
09-27 14:54:18.840  1774  2902 D PowerManagerService: getScreenOffTimeoutLocked:  isTestFlag = false
09-27 14:54:18.853  1774  2902 D PowerManagerService: getScreenOffTimeoutLocked:  isTestFlag = false
09-27 14:54:18.856  1774  2822 D PowerManagerService: getScreenOffTimeoutLocked:  isTestFlag = false
09-27 14:54:18.860  1774  1786 D PowerManagerService: getScreenOffTimeoutLocked:  isTestFlag = false
09-27 14:54:18.871  1774  1886 D PowerManagerService: getScreenOffTimeoutLocked:  isTestFlag = false
09-27 14:54:19.018  1774  2902 I Telecom : PhoneAccountRegistrar: [ComponentInfo{com.android.phone/com.android.services.telephony.TelephonyConnectionService}, [356a192b7913b04c54574d18c28d46e6395428ab], UserHandle{0}(icon: Icon(typ=BITMAP size=72x72) -> Icon(typ=BITMAP size=72x72))]: TSI.rPA@AFw
09-27 14:54:19.032  1774  2902 I Telecom : : Sending phone-account registered intent as user: TSI.rPA@AFw
09-27 14:54:19.100  1774  1981 D PowerManagerService: getScreenOffTimeoutLocked:  isTestFlag = false
09-27 14:54:19.103  1774  2795 D PowerManagerService: getScreenOffTimeoutLocked:  isTestFlag = false
09-27 14:54:19.107  1774  2280 D PowerManagerService: getScreenOffTimeoutLocked:  isTestFlag = false
09-27 14:54:19.149  1774  2822 D PowerManagerService: getScreenOffTimeoutLocked:  isTestFlag = false
09-27 14:54:19.186  1774  2822 D PowerManagerService: getScreenOffTimeoutLocked:  isTestFlag = false
09-27 14:54:19.225  1774  2795 D PowerManagerService: getScreenOffTimeoutLocked:  isTestFlag = false
09-27 14:54:19.274  1774  1785 D PowerManagerService: getScreenOffTimeoutLocked:  isTestFlag = false
09-27 14:54:19.280  1774  1886 D PowerManagerService: getScreenOffTimeoutLocked:  isTestFlag = false
09-27 14:54:19.293  1774  2280 D PowerManagerService: getScreenOffTimeoutLocked:  isTestFlag = false
09-27 14:54:19.300  1774  2822 D PowerManagerService: getScreenOffTimeoutLocked:  isTestFlag = false
09-27 14:54:19.335  1774  1786 D PowerManagerService: getScreenOffTimeoutLocked:  isTestFlag = false
09-27 14:54:19.342  1774  2797 D PowerManagerService: getScreenOffTimeoutLocked:  isTestFlag = false
09-27 14:54:19.345  1774  2902 D PowerManagerService: getScreenOffTimeoutLocked:  isTestFlag = false
09-27 14:54:19.347  1774  1785 D PowerManagerService: getScreenOffTimeoutLocked:  isTestFlag = false
09-27 14:54:19.350  1774  2736 D PowerManagerService: getScreenOffTimeoutLocked:  isTestFlag = false
09-27 14:54:19.361  1774  2279 D PowerManagerService: getScreenOffTimeoutLocked:  isTestFlag = false
09-27 14:54:19.405  1774  2737 D PowerManagerService: getScreenOffTimeoutLocked:  isTestFlag = false
09-27 14:54:19.459  1774  2280 I ActivityManager: Start proc 3782:com.android.vending/u0a30 for broadcast com.android.vending/com.google.android.finsky.receivers.BootCompletedReceiver
09-27 14:54:19.946  1774  2835 D PowerManagerService: getScreenOffTimeoutLocked:  isTestFlag = false
09-27 14:54:19.951  1774  2069 D PowerManagerService: getScreenOffTimeoutLocked:  isTestFlag = false
09-27 14:54:20.343  1774  2279 D PowerManagerService: getScreenOffTimeoutLocked:  isTestFlag = false
09-27 14:54:21.096  1774  1774 D PowerManagerService: getScreenOffTimeoutLocked:  isTestFlag = false
09-27 14:54:21.233  1774  2736 D PowerManagerService: getScreenOffTimeoutLocked:  isTestFlag = false
09-27 14:54:21.238  1774  2883 D PowerManagerService: getScreenOffTimeoutLocked:  isTestFlag = false
09-27 14:54:21.297  1774  1774 W ContextImpl: Calling a method in the system process without a qualified user: android.app.ContextImpl.startService:1357 android.content.ContextWrapper.startService:613 android.content.ContextWrapper.startService:613 com.dsi.ant.server.AntService.startService:129 com.dsi.ant.server.startup.BootCompletedReceiver.onReceive:41 
09-27 14:54:21.306  1774  1774 W BroadcastQueue: Permission Denial: receiving Intent { act=android.intent.action.BOOT_COMPLETED flg=0x9000010 (has extras) } to com.google.android.apps.docs/.notification.common.NotificationChannelReceiver requires android.permission.RECEIVE_BOOT_COMPLETED due to sender null (uid 1000)
09-27 14:54:21.347  1774  1788 I ActivityManager: Start proc 3836:com.google.android.apps.maps/u0a84 for broadcast com.google.android.apps.maps/com.google.android.apps.gmm.navigation.service.detection.StartDetectionReceiver
09-27 14:54:21.548  1774  1981 D PowerManagerService: getScreenOffTimeoutLocked:  isTestFlag = false
09-27 14:54:21.750  1774  2901 I ActivityManager: Killing 3002:com.google.android.deskclock/u0a46 (adj 906): empty #17
09-27 14:54:21.775  1774  1886 D ActivityManager: cleanUpApplicationRecord -- 3002
09-27 14:54:22.082  1774  2797 I ActivityManager: Start proc 3875:com.google.android.apps.messaging/u0a86 for broadcast com.google.android.apps.messaging/.shared.receiver.BootAndPackageReplacedReceiver
09-27 14:54:22.089  1774  2797 I ActivityManager: Killing 2032:com.android.settings/1000 (adj 906): empty #17
09-27 14:54:22.132  1774  2822 D CryptdConnector: SND -> {6 cryptfs getpwtype}
09-27 14:54:22.134   444   454 D VoldCryptCmdListener: cryptfs getpwtype
09-27 14:54:22.135  1774  1889 D CryptdConnector: RCV <- {213 6 default}
09-27 14:54:22.144  1774  2835 D ActivityManager: cleanUpApplicationRecord -- 2032
09-27 14:54:23.000  1774  1785 W ActivityManager: Slow operation: 55ms so far, now at startProcess: returned from zygote!
09-27 14:54:23.001  1774  1785 W ActivityManager: Slow operation: 56ms so far, now at startProcess: done updating battery stats
09-27 14:54:23.001  1774  1785 W ActivityManager: Slow operation: 56ms so far, now at startProcess: building log message
09-27 14:54:23.001  1774  1785 I ActivityManager: Start proc 3898:com.google.android.apps.messaging:rcs/u0a86 for service com.google.android.apps.messaging/com.google.android.ims.service.JibeService
09-27 14:54:23.001  1774  1785 W ActivityManager: Slow operation: 57ms so far, now at startProcess: starting to update pids map
09-27 14:54:23.002  1774  1785 W ActivityManager: Slow operation: 57ms so far, now at startProcess: done updating pids map
09-27 14:54:23.002  1774  1785 W ActivityManager: Slow operation: 58ms so far, now at startProcess: done starting proc!
09-27 14:54:23.181  1774  2901 I ActivityManager: Killing 3028:com.android.launcher3:wallpaper_chooser/u0a21 (adj 906): empty #17
09-27 14:54:23.212  1774  2279 D ActivityManager: cleanUpApplicationRecord -- 3028
09-27 14:54:23.217  1774  2069 D MmsServiceBroker: getCarrierConfigValues() by com.google.android.apps.messaging
09-27 14:54:23.217  1774  2069 W MmsServiceBroker: MmsService not connected. Try connecting...
09-27 14:54:23.217  1774  1774 I MmsServiceBroker: Connecting to MmsService
09-27 14:54:23.217  1774  1774 W ContextImpl: Calling a method in the system process without a qualified user: android.app.ContextImpl.bindService:1421 com.android.server.MmsServiceBroker.tryConnecting:241 com.android.server.MmsServiceBroker.-wrap3:-1 com.android.server.MmsServiceBroker$1.handleMessage:83 android.os.Handler.dispatchMessage:102 
09-27 14:54:23.232  1774  2280 D CryptdConnector: SND -> {7 cryptfs getpwtype}
09-27 14:54:23.234   444   454 D VoldCryptCmdListener: cryptfs getpwtype
09-27 14:54:23.235  1774  1889 D CryptdConnector: RCV <- {213 7 default}
09-27 14:54:23.267  1774  1774 I MmsServiceBroker: MmsService connected
09-27 14:54:23.358  1774  2823 D MmsServiceBroker: getCarrierConfigValues() by com.google.android.apps.messaging
09-27 14:54:23.436  1774  2737 D MmsServiceBroker: getCarrierConfigValues() by com.google.android.apps.messaging
09-27 14:54:23.828  1774  1884 D PowerManagerService: getScreenOffTimeoutLocked:  isTestFlag = false
09-27 14:54:24.153  1774  2797 D PowerManagerService: getScreenOffTimeoutLocked:  isTestFlag = false
09-27 14:54:24.228  1774  1886 I ActivityManager: Start proc 3935:com.google.android.apps.photos/u0a94 for broadcast com.google.android.apps.photos/.camerashortcut.CameraShortcutBroadcastReceiver
09-27 14:54:24.228  1774  1886 W ActivityManager: Slow operation: 51ms so far, now at startProcess: done starting proc!
09-27 14:54:24.233  1774  1883 D PowerManagerService: getScreenOffTimeoutLocked:  isTestFlag = false
09-27 14:54:24.498  1774  2822 D CountryDetector: The first listener is added
09-27 14:54:24.868  1774  2746 D PowerManagerService: getScreenOffTimeoutLocked:  isTestFlag = false
09-27 14:54:24.877  1774  1884 D PowerManagerService: getScreenOffTimeoutLocked:  isTestFlag = false
09-27 14:54:25.064  1774  1774 D PowerManagerService: getScreenOffTimeoutLocked:  isTestFlag = false
09-27 14:54:25.074  1774  1774 D PowerManagerService: getScreenOffTimeoutLocked:  isTestFlag = false
09-27 14:54:25.086  1774  1774 D PowerManagerService: getScreenOffTimeoutLocked:  isTestFlag = false
09-27 14:54:25.116  1774  2901 D PowerManagerService: getScreenOffTimeoutLocked:  isTestFlag = false
09-27 14:54:25.155  1774  1774 D PowerManagerService: getScreenOffTimeoutLocked:  isTestFlag = false
09-27 14:54:25.161  1774  2069 I ActivityManager: Start proc 3971:com.google.android.apps.tachyon/u0a66 for broadcast com.google.android.apps.tachyon/.BootReceiver
09-27 14:54:25.177  1774  2823 D PowerManagerService: getScreenOffTimeoutLocked:  isTestFlag = false
09-27 14:54:25.187  1774  1774 D PowerManagerService: getScreenOffTimeoutLocked:  isTestFlag = false
09-27 14:54:25.263  1774  1774 D PowerManagerService: getScreenOffTimeoutLocked:  isTestFlag = false
09-27 14:54:25.751  1774  2823 I ActivityManager: Start proc 4000:com.google.android.gms.feedback/u0a14 for service com.google.android.gms/.feedback.FeedbackService
09-27 14:54:25.802  1774  1884 D PowerManagerService: getScreenOffTimeoutLocked:  isTestFlag = false
09-27 14:54:25.911  1774  1774 D PowerManagerService: getScreenOffTimeoutLocked:  isTestFlag = false
09-27 14:54:25.938  1774  2902 I ActivityManager: START u0 {act=android.intent.action.MAIN cat=[android.intent.category.LAUNCHER] flg=0x10200000 cmp=com.android.settings/.Settings bnds=[27,1092][283,1434] (has extras)} from uid 10021 on display 0
09-27 14:54:25.947  1774  2901 D PowerManagerService: getScreenOffTimeoutLocked:  isTestFlag = false
09-27 14:54:25.950  1774  2737 D PowerManagerService: getScreenOffTimeoutLocked:  isTestFlag = false
09-27 14:54:25.952  1774  1981 D PowerManagerService: getScreenOffTimeoutLocked:  isTestFlag = false
09-27 14:54:25.955  1774  2069 D PowerManagerService: getScreenOffTimeoutLocked:  isTestFlag = false
09-27 14:54:25.958  1774  2902 D PowerManagerService: getScreenOffTimeoutLocked:  isTestFlag = false
09-27 14:54:26.011  1774  2902 I ActivityManager: Start proc 4024:com.android.settings/1000 for activity com.android.settings/.Settings
09-27 14:54:26.049  1774  2736 W WindowManager:  SLCODE computeScreenConfigurationLocked, the hard device name is: msm8953-snd-card-mtp Button Jack
09-27 14:54:26.049  1774  2736 W WindowManager:  SLCODE computeScreenConfigurationLocked, the hard device name is: msm8953-snd-card-mtp Headset Jack
09-27 14:54:26.049  1774  2736 W WindowManager:  SLCODE computeScreenConfigurationLocked, the hard device name is: hbtp_vm
09-27 14:54:26.049  1774  2736 W WindowManager:  SLCODE computeScreenConfigurationLocked, the hard device name is: qpnp_pon
09-27 14:54:26.049  1774  2736 W WindowManager:  SLCODE computeScreenConfigurationLocked, the hard device name is: gpio-keys
09-27 14:54:26.050  1774  2736 W WindowManager:  SLCODE computeScreenConfigurationLocked, the hard device name is: ft5435_ts
09-27 14:54:26.143  1774  2736 I ActivityManager: Start proc 4046:com.google.android.calendar/u0a47 for broadcast com.google.android.calendar/.alerts.AlertReceiver
09-27 14:54:26.175  1774  1785 I ActivityManager: Killing 2526:org.codeaurora.ims/1001 (adj 906): empty #17
09-27 14:54:26.230  1774  2883 D ActivityManager: cleanUpApplicationRecord -- 2526
09-27 14:54:26.475  1774  2823 D PowerManagerService: getScreenOffTimeoutLocked:  isTestFlag = false
09-27 14:54:26.480  1774  1774 D PowerManagerService: getScreenOffTimeoutLocked:  isTestFlag = false
09-27 14:54:26.490  1774  2823 I ActivityManager: Killing 2701:com.android.printspooler/u0a75 (adj 906): empty #17
09-27 14:54:26.494  1774  2795 D PowerManagerService: getScreenOffTimeoutLocked:  isTestFlag = false
09-27 14:54:26.497  1774  1786 D PowerManagerService: getScreenOffTimeoutLocked:  isTestFlag = false
09-27 14:54:26.506  1774  2822 D PowerManagerService: getScreenOffTimeoutLocked:  isTestFlag = false
09-27 14:54:26.537  1774  1886 D ActivityManager: cleanUpApplicationRecord -- 2701
09-27 14:54:26.617  4024  4068 E ActivityThread: Failed to find provider info for com.qti.smq.qualcommFeedback.provider
09-27 14:54:26.627  1774  2901 D PowerManagerService: getScreenOffTimeoutLocked:  isTestFlag = false
09-27 14:54:26.648  1774  2901 D PowerManagerService: getScreenOffTimeoutLocked:  isTestFlag = false
09-27 14:54:26.654  1774  1785 D PowerManagerService: getScreenOffTimeoutLocked:  isTestFlag = false
09-27 14:54:26.685  1774  2737 D PowerManagerService: getScreenOffTimeoutLocked:  isTestFlag = false
09-27 14:54:26.686  1774  2736 I ActivityManager: Killing 2938:com.google.android.googlequicksearchbox:search/u0a37 (adj 906): empty #17
09-27 14:54:26.723  1774  2822 I ActivityManager: Start proc 4075:com.android.cellbroadcastreceiver/u0a6 for content provider com.android.cellbroadcastreceiver/.CellBroadcastSearchIndexableProvider
09-27 14:54:26.761  1774  1886 D ActivityManager: cleanUpApplicationRecord -- 2938
09-27 14:54:26.765  1774  2902 D PowerManagerService: getScreenOffTimeoutLocked:  isTestFlag = false
09-27 14:54:26.807  1774  2280 D PowerManagerService: getScreenOffTimeoutLocked:  isTestFlag = false
09-27 14:54:26.809  1774  2797 D PowerManagerService: getScreenOffTimeoutLocked:  isTestFlag = false
09-27 14:54:26.863  1774  1785 D PowerManagerService: getScreenOffTimeoutLocked:  isTestFlag = false
09-27 14:54:26.866  1774  1786 D PowerManagerService: getScreenOffTimeoutLocked:  isTestFlag = false
09-27 14:54:26.917  1774  2797 D PowerManagerService: getScreenOffTimeoutLocked:  isTestFlag = false
09-27 14:54:26.921  1774  1786 D PowerManagerService: getScreenOffTimeoutLocked:  isTestFlag = false
09-27 14:54:26.957  1774  1786 D PowerManagerService: getScreenOffTimeoutLocked:  isTestFlag = false
09-27 14:54:26.959  1774  2823 D PowerManagerService: getScreenOffTimeoutLocked:  isTestFlag = false
09-27 14:54:26.964  1774  1785 D PowerManagerService: getScreenOffTimeoutLocked:  isTestFlag = false
09-27 14:54:27.004  1774  2737 D PowerManagerService: getScreenOffTimeoutLocked:  isTestFlag = false
09-27 14:54:27.017  1774  2901 D PowerManagerService: getScreenOffTimeoutLocked:  isTestFlag = false
09-27 14:54:27.025  1774  2795 D PowerManagerService: getScreenOffTimeoutLocked:  isTestFlag = false
09-27 14:54:27.044  1774  2746 I BroadcastQueue: Delay finish: com.google.android.calendar/.alerts.HabitsIntentReceiver
09-27 14:54:27.046  1774  2279 D PowerManagerService: getScreenOffTimeoutLocked:  isTestFlag = false
09-27 14:54:27.053  1774  2902 I BroadcastQueue: Resuming delayed broadcast
09-27 14:54:27.091  1774  2902 I ActivityManager: Start proc 4123:com.google.android.configupdater/u0a4 for broadcast com.google.android.configupdater/.CertPin.CertPinUpdateRequestReceiver
09-27 14:54:27.119  1774  2069 D PowerManagerService: getScreenOffTimeoutLocked:  isTestFlag = false
09-27 14:54:27.240  1774  1774 D PowerManagerService: getScreenOffTimeoutLocked:  isTestFlag = false
09-27 14:54:27.339  1774  1774 D PowerManagerService: getScreenOffTimeoutLocked:  isTestFlag = false
09-27 14:54:27.599  1774  2902 I ProcessStatsService: Added stats: 1970-01-06-09-33-49, over +3h11m53s214ms
09-27 14:54:27.706  1774  1886 W ActivityManager: Slow operation: 88ms so far, now at startProcess: returned from zygote!
09-27 14:54:27.706  1774  1886 W ActivityManager: Slow operation: 88ms so far, now at startProcess: done updating battery stats
09-27 14:54:27.707  1774  1886 W ActivityManager: Slow operation: 89ms so far, now at startProcess: building log message
09-27 14:54:27.707  1774  1886 I ActivityManager: Start proc 4164:com.google.android.deskclock/u0a46 for broadcast com.google.android.deskclock/com.android.deskclock.AlarmInitReceiver
09-27 14:54:27.707  1774  1886 W ActivityManager: Slow operation: 89ms so far, now at startProcess: starting to update pids map
09-27 14:54:27.707  1774  1886 W ActivityManager: Slow operation: 89ms so far, now at startProcess: done updating pids map
09-27 14:54:27.707  1774  1886 W ActivityManager: Slow operation: 89ms so far, now at startProcess: done starting proc!
09-27 14:54:27.720  1774  1886 I ActivityManager: Killing 2967:com.qualcomm.location.XT/1000 (adj 906): empty #17
09-27 14:54:27.765  1774  2901 D ActivityManager: cleanUpApplicationRecord -- 2967
09-27 14:54:27.976  1774  2883 I ActivityManager: Start proc 4187:com.google.android.gm/u0a59 for broadcast com.google.android.gm/.GoogleMailDeviceStartupReceiver
09-27 14:54:27.986  1774  2902 I ActivityManager: Killing 3345:com.android.timerswitch/1000 (adj 906): empty #17
09-27 14:54:28.078  1774  1786 D ActivityManager: cleanUpApplicationRecord -- 3345
09-27 14:54:28.136  1774  1886 I ActivityManager: Start proc 4202:com.android.printspooler/u0a75 for service com.android.printspooler/.model.PrintSpoolerService
09-27 14:54:28.153  1774  2737 I ActivityManager: Killing 3098:com.google.android.partnersetup/u0a19 (adj 906): empty #17
09-27 14:54:28.155  1774  2795 D PowerManagerService: getScreenOffTimeoutLocked:  isTestFlag = false
09-27 14:54:28.189  1774  2822 D ActivityManager: cleanUpApplicationRecord -- 3098
09-27 14:54:28.230  1774  2736 D PowerManagerService: getScreenOffTimeoutLocked:  isTestFlag = false
09-27 14:54:28.231  1774  2736 D PowerManagerService: getScreenOffTimeoutLocked:  isTestFlag = false
09-27 14:54:28.232  1774  2736 D PowerManagerService: getScreenOffTimeoutLocked:  isTestFlag = false
09-27 14:54:28.437  4187  4229 D ActivityThread: Loading provider com.google.android.gmail.provider;com.android.mail.notifier;com.google.android.gm.email.provider;com.google.android.gm.tasks.provider;com.google.android.gm.email.notifier: com.android.email.provider.EmailProvider
09-27 14:54:28.568  1774  2795 D PowerManagerService: getScreenOffTimeoutLocked:  isTestFlag = false
09-27 14:54:28.714  1774  2901 W ActivityManager: Unable to start service Intent { cmp=com.google.android.gm/com.android.email.service.AttachmentService } U=0: not found
09-27 14:54:28.859  1774  2822 E BatteryStatsService: no controller energy info supplied
09-27 14:54:28.860  1774  2822 E BatteryStatsService: no controller energy info supplied
09-27 14:54:28.865  1774  2746 D PowerManagerService: getScreenOffTimeoutLocked:  isTestFlag = false
09-27 14:54:28.877  1774  2902 D PowerManagerService: getScreenOffTimeoutLocked:  isTestFlag = false
09-27 14:54:29.112  1774  1981 W ActivityManager: Unable to start service Intent { cmp=com.google.android.gm.exchange/com.android.exchange.service.EasService } U=0: not found
09-27 14:54:29.388  1774  2737 W ActivityManager: Unable to start service Intent { cmp=com.google.android.gm.exchange/com.android.exchange.service.EasService } U=0: not found
09-27 14:54:29.402  1774  2795 D PowerManagerService: getScreenOffTimeoutLocked:  isTestFlag = false
09-27 14:54:29.453  1774  1786 I ActivityManager: Killing 3380:com.qualcomm.display/1000 (adj 906): empty #17
09-27 14:54:29.496  1774  2797 D ActivityManager: cleanUpApplicationRecord -- 3380
09-27 14:54:29.651  1774  2883 I ActivityManager: Start proc 4257:com.google.android.googlequicksearchbox:search/u0a37 for broadcast com.google.android.googlequicksearchbox/com.google.android.apps.gsa.googlequicksearchbox.GelStubAppWatcher
09-27 14:54:29.796  1774  1788 I ActivityManager: Waited long enough for: ServiceRecord{2e8ba8e u0 com.qti.diagservices/.QTIDiagServices}
09-27 14:54:30.315  1774  2279 I ActivityManager: Start proc 4297:com.android.chrome/u0a52 for service com.android.chrome/org.chromium.chrome.browser.customtabs.CustomTabsConnectionService
09-27 14:54:30.315  1774  2279 W ActivityManager: Slow operation: 51ms so far, now at startProcess: done starting proc!
09-27 14:54:30.372  1774  2746 D PowerManagerService: getScreenOffTimeoutLocked:  isTestFlag = false
09-27 14:54:30.392  1774  2746 D PowerManagerService: getScreenOffTimeoutLocked:  isTestFlag = false
09-27 14:54:30.541  1774  2883 I ActivityManager: Start proc 4324:com.google.android.onetimeinitializer/u0a17 for broadcast com.google.android.onetimeinitializer/.OneTimeInitializerReceiver
09-27 14:54:30.708  1774  1886 D PowerManagerService: getScreenOffTimeoutLocked:  isTestFlag = false
09-27 14:54:30.823  1774  1785 I ActivityManager: Start proc 4359:com.google.android.partnersetup/u0a19 for broadcast com.google.android.partnersetup/.GooglePartnerSetup
09-27 14:54:30.889  1774  2279 I ActivityManager: Killing 3403:com.android.dialer/u0a16 (adj 906): empty #17
09-27 14:54:30.945  1774  1886 D PowerManagerService: getScreenOffTimeoutLocked:  isTestFlag = false
09-27 14:54:30.948  1774  1886 D ActivityManager: cleanUpApplicationRecord -- 3403
09-27 14:54:30.954  1774  2797 D PowerManagerService: getScreenOffTimeoutLocked:  isTestFlag = false
09-27 14:54:30.955  1774  2737 D PowerManagerService: getScreenOffTimeoutLocked:  isTestFlag = false
09-27 14:54:30.963  1774  2795 D PowerManagerService: getScreenOffTimeoutLocked:  isTestFlag = false
09-27 14:54:30.969  1774  2736 D PowerManagerService: getScreenOffTimeoutLocked:  isTestFlag = false
09-27 14:54:30.993  1774  2823 D PowerManagerService: getScreenOffTimeoutLocked:  isTestFlag = false
09-27 14:54:30.996  1774  2902 D PowerManagerService: getScreenOffTimeoutLocked:  isTestFlag = false
09-27 14:54:31.025  1774  1788 I ActivityManager: Waited long enough for: ServiceRecord{2c529b4 u0 com.qualcomm.qti.qs/.QSService}
09-27 14:54:31.153  1774  1786 I ActivityManager: Start proc 4395:com.google.process.gapps/u0a56 for broadcast com.google.android.syncadapters.contacts/.ContactsSyncAdapterBroadcastReceiver
09-27 14:54:31.236  1774  1886 D PowerManagerService: getScreenOffTimeoutLocked:  isTestFlag = false
09-27 14:54:31.240  1774  2736 D PowerManagerService: getScreenOffTimeoutLocked:  isTestFlag = false
09-27 14:54:31.242  1774  1981 D PowerManagerService: getScreenOffTimeoutLocked:  isTestFlag = false
09-27 14:54:31.377  1774  1981 I ActivityManager: Killing 2922:com.google.android.marvin.talkback/u0a90 (adj 906): empty #17
09-27 14:54:31.405  1774  2069 D ActivityManager: cleanUpApplicationRecord -- 2922
09-27 14:54:31.487  1774  2797 D PowerManagerService: getScreenOffTimeoutLocked:  isTestFlag = false
09-27 14:54:31.499  1774  2883 D PowerManagerService: getScreenOffTimeoutLocked:  isTestFlag = false
09-27 14:54:31.519  1774  2737 D PowerManagerService: getScreenOffTimeoutLocked:  isTestFlag = false
09-27 14:54:31.597  1774  1785 I ActivityManager: Start proc 4435:com.google.android.videos/u0a91 for broadcast com.google.android.videos/.service.drm.RefreshLicenseTaskService$Initializer
09-27 14:54:31.702  1774  2902 W ActivityManager: Unable to start service Intent { act=com.google.android.gms.analytics.service.START cmp=com.google.android.gms/.analytics.service.AnalyticsService (has extras) } U=0: not found
09-27 14:54:31.782  1774  2835 I ActivityManager: Killing 3287:com.amazon.device.information.provider/u0a35 (adj 906): empty #17
09-27 14:54:31.822  1774  1981 I ActivityManager: Killing 3581:tenor.consumer.android/u0a61 (adj 906): empty #17
09-27 14:54:31.839  1774  1981 I ActivityManager: Killing 3597:com.android.carrierconfig/u0a3 (adj 906): empty #17
09-27 14:54:31.844  1774  2883 D ActivityManager: cleanUpApplicationRecord -- 3287
09-27 14:54:31.860  1774  2901 D ActivityManager: cleanUpApplicationRecord -- 3581
09-27 14:54:31.884  1774  2823 D ActivityManager: cleanUpApplicationRecord -- 3597
09-27 14:54:31.921  1774  2902 D PowerManagerService: getScreenOffTimeoutLocked:  isTestFlag = false
09-27 14:54:31.924  1774  1785 D PowerManagerService: getScreenOffTimeoutLocked:  isTestFlag = false
09-27 14:54:31.926  1774  2279 D PowerManagerService: getScreenOffTimeoutLocked:  isTestFlag = false
09-27 14:54:31.929  1774  2069 D PowerManagerService: getScreenOffTimeoutLocked:  isTestFlag = false
09-27 14:54:31.950  1774  2736 D PowerManagerService: getScreenOffTimeoutLocked:  isTestFlag = false
09-27 14:54:31.957  1774  2901 D PowerManagerService: getScreenOffTimeoutLocked:  isTestFlag = false
09-27 14:54:32.082  1774  2883 D PowerManagerService: getScreenOffTimeoutLocked:  isTestFlag = false
09-27 14:54:32.213  1774  2823 I ActivityManager: Start proc 4472:com.google.android.gms.ui/u0a14 for service com.google.android.gms/.chimera.UiIntentOperationService
09-27 14:54:32.553  1774  2736 D PowerManagerService: getScreenOffTimeoutLocked:  isTestFlag = false
09-27 14:54:32.559  3194  4424 E ActivityThread: Failed to find provider info for com.google.android.wearable.settings
09-27 14:54:32.660  1774  2746 D PowerManagerService: getScreenOffTimeoutLocked:  isTestFlag = false
09-27 14:54:32.661  1774  2883 D PowerManagerService: getScreenOffTimeoutLocked:  isTestFlag = false
09-27 14:54:32.667  1774  2797 D PowerManagerService: getScreenOffTimeoutLocked:  isTestFlag = false
09-27 14:54:32.677  1774  2069 D PowerManagerService: getScreenOffTimeoutLocked:  isTestFlag = false
09-27 14:54:32.840  1774  2795 D PowerManagerService: getScreenOffTimeoutLocked:  isTestFlag = false
09-27 14:54:32.869  1774  1886 D PowerManagerService: getScreenOffTimeoutLocked:  isTestFlag = false
09-27 14:54:32.970  1774  2279 D PowerManagerService: getScreenOffTimeoutLocked:  isTestFlag = false
09-27 14:54:33.108  1774  2279 D PowerManagerService: getScreenOffTimeoutLocked:  isTestFlag = false
09-27 14:54:33.326  1774  2797 D PowerManagerService: getScreenOffTimeoutLocked:  isTestFlag = false
09-27 14:54:33.376  1774  2902 I ActivityManager: Killing 3731:com.android.managedprovisioning/u0a22 (adj 906): empty #17
09-27 14:54:33.444  1774  2736 D ActivityManager: cleanUpApplicationRecord -- 3731
09-27 14:54:33.668  1774  2835 D PowerManagerService: getScreenOffTimeoutLocked:  isTestFlag = false
09-27 14:54:33.725  1774  1785 W ActivityManager: Unable to start service Intent { act=com.google.android.gms.analytics.service.START cmp=com.google.android.gms/.analytics.service.AnalyticsService (has extras) } U=0: not found
09-27 14:54:33.858  1774  1981 D PowerManagerService: getScreenOffTimeoutLocked:  isTestFlag = false
09-27 14:54:34.154  1774  2736 I ActivityManager: Start proc 4576:com.google.android.gms.unstable/u0a14 for service com.google.android.gms/.droidguard.DroidGuardService
09-27 14:54:34.168  1774  2795 D PowerManagerService: getScreenOffTimeoutLocked:  isTestFlag = false
09-27 14:54:34.193  1774  2746 D PowerManagerService: getScreenOffTimeoutLocked:  isTestFlag = false
09-27 14:54:34.311  1774  2737 I ActivityManager: Start proc 4594:com.google.android.youtube/u0a96 for broadcast com.google.android.youtube/com.google.android.libraries.youtube.mdx.background.MdxBackgroundScanBootReceiver
09-27 14:54:34.391  1774  2823 I ActivityManager: Killing 3700:com.android.exchange/u0a50 (adj 906): empty #17
09-27 14:54:34.436  1774  2797 D ActivityManager: cleanUpApplicationRecord -- 3700
09-27 14:54:34.555  1774  2280 D PowerManagerService: getScreenOffTimeoutLocked:  isTestFlag = false
09-27 14:54:34.561  1774  2883 D PowerManagerService: getScreenOffTimeoutLocked:  isTestFlag = false
09-27 14:54:34.562  1774  2279 D PowerManagerService: getScreenOffTimeoutLocked:  isTestFlag = false
09-27 14:54:34.572  1774  2797 D PowerManagerService: getScreenOffTimeoutLocked:  isTestFlag = false
09-27 14:54:34.687  1774  2902 D PowerManagerService: getScreenOffTimeoutLocked:  isTestFlag = false
09-27 14:54:34.782  1774  1884 D PowerManagerService: getScreenOffTimeoutLocked:  isTestFlag = false
09-27 14:54:34.793  1774  2069 I ActivityManager: Setting hasTopUi=true for pid=1940
09-27 14:54:34.899  1774  1786 D PowerManagerService: getScreenOffTimeoutLocked:  isTestFlag = false
09-27 14:54:35.245  1774  1886 D PowerManagerService: getScreenOffTimeoutLocked:  isTestFlag = false
09-27 14:54:35.246  1774  1981 D PowerManagerService: getScreenOffTimeoutLocked:  isTestFlag = false
09-27 14:54:35.253  1774  2797 D PowerManagerService: getScreenOffTimeoutLocked:  isTestFlag = false
09-27 14:54:35.281  1774  2280 D PowerManagerService: getScreenOffTimeoutLocked:  isTestFlag = false
09-27 14:54:35.878  1774  2795 D PowerManagerService: getScreenOffTimeoutLocked:  isTestFlag = false
09-27 14:54:36.196  1774  2279 I ActivityManager: Start proc 4722:com.huaqin.runtime/1000 for broadcast com.huaqin.runtime/.RuntimeTestBootReceiver
09-27 14:54:36.224  1774  2279 I ActivityManager: Killing 3260:com.amazon.widgets/u0a93 (adj 906): empty #17
09-27 14:54:36.244  1774  2835 D PowerManagerService: getScreenOffTimeoutLocked:  isTestFlag = false
09-27 14:54:36.261  1774  1886 D PowerManagerService: getScreenOffTimeoutLocked:  isTestFlag = false
09-27 14:54:36.290  1774  2737 D ActivityManager: cleanUpApplicationRecord -- 3260
09-27 14:54:36.296  1774  2797 D PowerManagerService: getScreenOffTimeoutLocked:  isTestFlag = false
09-27 14:54:36.307  1774  1785 D PowerManagerService: getScreenOffTimeoutLocked:  isTestFlag = false
09-27 14:54:36.318  1774  2797 D PowerManagerService: getScreenOffTimeoutLocked:  isTestFlag = false
09-27 14:54:36.444  1774  1786 I ActivityManager: Killing 3836:com.google.android.apps.maps/u0a84 (adj 906): empty #17
09-27 14:54:36.485  2235  2235 W ContextImpl: Calling a method in the system process without a qualified user: android.app.ContextImpl.startService:1357 android.content.ContextWrapper.startService:613 android.content.ContextWrapper.startService:613 com.qti.dpmserviceapp.DpmServiceAppReceiver.onReceive:33 android.app.ActivityThread.handleReceiver:3041 
09-27 14:54:36.504  2777  2777 W ContextImpl: Calling a method in the system process without a qualified user: android.app.ContextImpl.startService:1357 android.content.ContextWrapper.startService:613 android.content.ContextWrapper.startService:613 com.qti.launcherunreadservice.BootCompletReceiver.onReceive:41 android.app.ActivityThread.handleReceiver:3041 
09-27 14:54:36.505  1774  2736 D ActivityManager: cleanUpApplicationRecord -- 3836
09-27 14:54:36.552  2235  2235 W ContextImpl: Calling a method in the system process without a qualified user: android.app.ContextImpl.sendStickyBroadcast:1126 android.content.ContextWrapper.sendStickyBroadcast:534 com.qti.dpm.DpmService.<init>:1023 com.qti.dpmserviceapp.DpmServiceApp.onCreate:32 android.app.ActivityThread.handleCreateService:3192 
09-27 14:54:36.641  1774  2797 D PowerManagerService: getScreenOffTimeoutLocked:  isTestFlag = false
09-27 14:54:36.657  1774  2737 D PowerManagerService: getScreenOffTimeoutLocked:  isTestFlag = false
09-27 14:54:36.870  1774  2736 W ActivityManager: Unable to start service Intent { act=com.google.android.gms.analytics.service.START cmp=com.google.android.gms/.analytics.service.AnalyticsService (has extras) } U=0: not found
09-27 14:54:36.894  1774  2823 D PowerManagerService: getScreenOffTimeoutLocked:  isTestFlag = false
09-27 14:54:36.900  1774  2901 D PowerManagerService: getScreenOffTimeoutLocked:  isTestFlag = false
09-27 14:54:36.908  1774  2901 D PowerManagerService: getScreenOffTimeoutLocked:  isTestFlag = false
09-27 14:54:36.944  1774  2746 I ActivityManager: Start proc 4752:com.qualcomm.telephony/1000 for broadcast com.qualcomm.atfwd/.AtFwdAutoboot
09-27 14:54:36.965  1774  2279 D PowerManagerService: getScreenOffTimeoutLocked:  isTestFlag = false
09-27 14:54:36.988  1774  2901 D PowerManagerService: getScreenOffTimeoutLocked:  isTestFlag = false
09-27 14:54:36.990  1774  2280 D PowerManagerService: getScreenOffTimeoutLocked:  isTestFlag = false
09-27 14:54:37.000  1774  2823 D PowerManagerService: getScreenOffTimeoutLocked:  isTestFlag = false
09-27 14:54:37.000  1774  1884 D PowerManagerService: getScreenOffTimeoutLocked:  isTestFlag = false
09-27 14:54:37.006  1774  2822 D PowerManagerService: getScreenOffTimeoutLocked:  isTestFlag = false
09-27 14:54:37.016  1774  2746 D PowerManagerService: getScreenOffTimeoutLocked:  isTestFlag = false
09-27 14:54:37.043  2777  2777 W ContextImpl: Calling a method in the system process without a qualified user: android.app.ContextImpl.sendBroadcast:877 android.content.ContextWrapper.sendBroadcast:421 com.qti.launcherunreadservice.LauncherUnreadService.sendUnreadChangedBroadcast:319 com.qti.launcherunreadservice.LauncherUnreadService.onStartCommand:167 android.app.ActivityThread.handleServiceArgs:3327 
09-27 14:54:37.131  1774  2902 D PowerManagerService: getScreenOffTimeoutLocked:  isTestFlag = false
09-27 14:54:37.152  1774  2901 D PowerManagerService: getScreenOffTimeoutLocked:  isTestFlag = false
09-27 14:54:37.157  1774  2795 D PowerManagerService: getScreenOffTimeoutLocked:  isTestFlag = false
09-27 14:54:37.164  1774  1785 D PowerManagerService: getScreenOffTimeoutLocked:  isTestFlag = false
09-27 14:54:37.177  1774  1981 D PowerManagerService: getScreenOffTimeoutLocked:  isTestFlag = false
09-27 14:54:37.184  1774  2736 D PowerManagerService: getScreenOffTimeoutLocked:  isTestFlag = false
09-27 14:54:37.202  1774  2797 D PowerManagerService: getScreenOffTimeoutLocked:  isTestFlag = false
09-27 14:54:37.204  2777  2777 W ContextImpl: Calling a method in the system process without a qualified user: android.app.ContextImpl.sendBroadcast:877 android.content.ContextWrapper.sendBroadcast:421 com.qti.launcherunreadservice.LauncherUnreadService.sendUnreadChangedBroadcast:319 com.qti.launcherunreadservice.LauncherUnreadService.onStartCommand:168 android.app.ActivityThread.handleServiceArgs:3327 
09-27 14:54:37.211  4752  4752 W ContextImpl: Calling a method in the system process without a qualified user: android.app.ContextImpl.startService:1357 android.content.ContextWrapper.startService:613 android.content.ContextWrapper.startService:613 com.qualcomm.atfwd.AtFwdAutoboot.onReceive:24 android.app.ActivityThread.handleReceiver:3041 
09-27 14:54:37.331  1774  2746 W ActivityManager: Slow operation: 54ms so far, now at startProcess: returned from zygote!
09-27 14:54:37.331  1774  2746 W ActivityManager: Slow operation: 54ms so far, now at startProcess: done updating battery stats
09-27 14:54:37.332  1774  2746 W ActivityManager: Slow operation: 55ms so far, now at startProcess: building log message
09-27 14:54:37.332  1774  2746 I ActivityManager: Start proc 4775:com.qualcomm.embms/u0a88 for broadcast com.qualcomm.embms/.EmbmsBootReceiver
09-27 14:54:37.332  1774  2746 W ActivityManager: Slow operation: 55ms so far, now at startProcess: starting to update pids map
09-27 14:54:37.332  1774  2746 W ActivityManager: Slow operation: 55ms so far, now at startProcess: done updating pids map
09-27 14:54:37.332  1774  2746 W ActivityManager: Slow operation: 56ms so far, now at startProcess: done starting proc!
09-27 14:54:37.408  1774  2279 D PowerManagerService: getScreenOffTimeoutLocked:  isTestFlag = false
09-27 14:54:37.419  1774  2823 D PowerManagerService: getScreenOffTimeoutLocked:  isTestFlag = false
09-27 14:54:37.421  1774  2902 D PowerManagerService: getScreenOffTimeoutLocked:  isTestFlag = false
09-27 14:54:37.425  1774  2280 D PowerManagerService: getScreenOffTimeoutLocked:  isTestFlag = false
09-27 14:54:37.434  2777  2777 W ContextImpl: Calling a method in the system process without a qualified user: android.app.ContextImpl.sendBroadcast:877 android.content.ContextWrapper.sendBroadcast:421 com.qti.launcherunreadservice.LauncherUnreadService.sendUnreadChangedBroadcast:319 com.qti.launcherunreadservice.LauncherUnreadService.onStartCommand:169 android.app.ActivityThread.handleServiceArgs:3327 
09-27 14:54:37.434  1774  2797 D PowerManagerService: getScreenOffTimeoutLocked:  isTestFlag = false
09-27 14:54:37.441  1774  1886 D PowerManagerService: getScreenOffTimeoutLocked:  isTestFlag = false
09-27 14:54:37.446  1774  1785 D PowerManagerService: getScreenOffTimeoutLocked:  isTestFlag = false
09-27 14:54:37.450  2777  2777 W ContextImpl: Calling a method in the system process without a qualified user: android.app.ContextImpl.sendBroadcast:877 android.content.ContextWrapper.sendBroadcast:421 com.qti.launcherunreadservice.LauncherUnreadService.onStartCommand:172 android.app.ActivityThread.handleServiceArgs:3327 android.app.ActivityThread.-wrap21:-1 
09-27 14:54:37.516  1774  2736 D PowerManagerService: getScreenOffTimeoutLocked:  isTestFlag = false
09-27 14:54:37.528  1774  2795 D PowerManagerService: getScreenOffTimeoutLocked:  isTestFlag = false
09-27 14:54:37.533  1774  1981 W InputMethodManagerService: Window already focused, ignoring focus gain of: com.android.internal.view.IInputMethodClient$Stub$Proxy@5f8642e attribute=null, token = android.os.BinderProxy@ead3633
09-27 14:54:37.578  1774  2746 I ActivityManager: Start proc 4804:com.qualcomm.embms:remote/u0a88 for service com.qualcomm.embms/.EmbmsService
09-27 14:54:37.619  1774  2797 I ActivityManager: Killing 3875:com.google.android.apps.messaging/u0a86 (adj 906): empty #17
09-27 14:54:37.658  1774  1786 I ActivityManager: Setting hasTopUi=false for pid=1940
09-27 14:54:37.903  1774  2279 D ActivityManager: cleanUpApplicationRecord -- 3875
09-27 14:54:37.972  1774  1774 I ActivityManager: Start proc 4838:com.qualcomm.location.XT/1000 for broadcast com.qualcomm.location.XT/.XTBroadcastReceiver
09-27 14:54:37.987  1774  2883 D PowerManagerService: getScreenOffTimeoutLocked:  isTestFlag = false
09-27 14:54:37.992  1774  3500 D PowerManagerService: getScreenOffTimeoutLocked:  isTestFlag = false
09-27 14:54:37.993  1774  1786 D PowerManagerService: getScreenOffTimeoutLocked:  isTestFlag = false
09-27 14:54:38.003  1774  1886 D PowerManagerService: getScreenOffTimeoutLocked:  isTestFlag = false
09-27 14:54:38.016  1774  2902 D PowerManagerService: getScreenOffTimeoutLocked:  isTestFlag = false
09-27 14:54:38.020  1774  3500 D PowerManagerService: getScreenOffTimeoutLocked:  isTestFlag = false
09-27 14:54:38.033  1774  1981 D PowerManagerService: getScreenOffTimeoutLocked:  isTestFlag = false
09-27 14:54:38.060  1774  1901 D ConnectivityService: NetworkAgentInfo [MOBILE (LTE) - 101] validation failed
09-27 14:54:38.129  1774  1785 D PowerManagerService: getScreenOffTimeoutLocked:  isTestFlag = false
09-27 14:54:38.133  1774  2822 D PowerManagerService: getScreenOffTimeoutLocked:  isTestFlag = false
09-27 14:54:38.137  1774  2737 D PowerManagerService: getScreenOffTimeoutLocked:  isTestFlag = false
09-27 14:54:38.139  1774  1981 D PowerManagerService: getScreenOffTimeoutLocked:  isTestFlag = false
