09-27 14:53:56.271  1774  1774 D UsbAlsaManager: Adding ALSA device AlsaDevice: [card: 0, device: 11, type: 2]
09-27 14:53:56.271  1774  1774 D UsbAlsaManager: Adding ALSA device AlsaDevice: [card: 0, device: 10, type: 2]
09-27 14:53:56.271  1774  1774 D UsbAlsaManager: Adding ALSA device AlsaDevice: [card: 0, device: 10, type: 1]
09-27 14:53:56.271  1774  1774 D UsbAlsaManager: Adding ALSA device AlsaDevice: [card: 0, device: 8, type: 2]
09-27 14:53:56.271  1774  1774 D UsbAlsaManager: Adding ALSA device AlsaDevice: [card: 0, device: 7, type: 1]
09-27 14:53:56.272  1774  1774 D UsbAlsaManager: Adding ALSA device AlsaDevice: [card: 0, device: 6, type: 2]
09-27 14:53:56.272  1774  1774 D UsbAlsaManager: Adding ALSA device AlsaDevice: [card: 0, device: 5, type: 1]
09-27 14:53:56.272  1774  1774 D UsbAlsaManager: Adding ALSA device AlsaDevice: [card: 0, device: 4, type: 1]
09-27 14:53:56.272  1774  1774 D UsbAlsaManager: Adding ALSA device AlsaDevice: [card: 0, device: 3, type: 2]
09-27 14:53:56.272  1774  1774 D UsbAlsaManager: Adding ALSA device AlsaDevice: [card: 0, device: 3, type: 1]
09-27 14:53:56.273  1774  1774 D UsbAlsaManager: Adding ALSA device AlsaDevice: [card: 0, device: 2, type: 2]
09-27 14:53:56.273  1774  1774 D UsbAlsaManager: Adding ALSA device AlsaDevice: [card: 0, device: 2, type: 1]
09-27 14:53:56.273  1774  1774 D UsbAlsaManager: Adding ALSA device AlsaDevice: [card: 0, device: 1, type: 2]
09-27 14:53:56.273  1774  1774 D UsbAlsaManager: Adding ALSA device AlsaDevice: [card: 0, device: 1, type: 1]
09-27 14:53:56.273  1774  1774 D UsbAlsaManager: Adding ALSA device AlsaDevice: [card: 0, device: 0, type: 2]
09-27 14:53:56.274  1774  1774 D UsbAlsaManager: Adding ALSA device AlsaDevice: [card: 0, device: 0, type: 1]
09-27 14:53:56.276  1774  1774 I SystemServer: WebViewFactory preparation
09-27 14:53:56.280   775  1909 I AudioFlinger: systemReady
09-27 14:53:56.285  1954  1954 W sdcard  : Device explicitly disabled sdcardfs
09-27 14:53:56.314  1774  1774 D WebViewFactory: Setting new address space to 113072704
09-27 14:53:56.318  1774  1888 D VoldConnector: RCV <- {651 emulated 2}
09-27 14:53:56.320  1774  1888 D VoldConnector: RCV <- {200 6 Command succeeded}
09-27 14:53:56.337  1774  1897 D wifi    : set interface wlan0 flags (UP)
09-27 14:53:56.337  1774  1897 I WifiHAL : Initializing wifi
09-27 14:53:56.340  1317  1963 E LOWI-ROME-RTT: RomeNLRecvMessage:  received message of subtype: 2
09-27 14:53:56.340  1774  1897 E WifiHAL : get_firmware_bus_max_size_supported: requestResponse Error:-95
09-27 14:53:56.340  1774  1897 E WifiHAL : Failed to get supported bus size, error : -95
09-27 14:53:56.340  1774  1897 D wifi    : Did set static halHandle = 0x7f8e44fa80
09-27 14:53:56.340  1774  1897 D wifi    : halHandle = 0x7f8e44fa80, mVM = 0x7fa82e8000, mCls = 0x2008d2
09-27 14:53:56.341  1774  1897 D wifi    : array field set
09-27 14:53:56.342  1774  1964 I WifiNative-HAL: Waiting for HAL events mWifiHalHandle=547847731840
09-27 14:53:56.342  1774  1964 D wifi    : waitForHalEvents called, vm = 0x7fa82e8000, obj = 0x2008d2, env = 0x7f9fe4c880
09-27 14:53:56.380  1926  1926 W System  : ClassLoader referenced unknown path: /system/app/LatinImeGoogle/lib/arm64
09-27 14:53:56.402  1774  1960 E WVMExtractor: Failed to open libwvm.so: dlopen failed: library "libwvm.so" not found
09-27 14:53:56.404  1940  1940 W System  : ClassLoader referenced unknown path: /system/priv-app/SystemUI/lib/arm64
09-27 14:53:56.421  1774  1774 I Zygote  : Process: zygote socket opened, supported ABIS: armeabi-v7a,armeabi
09-27 14:53:56.425   771   771 I art     : Starting a blocking GC Background
09-27 14:53:56.446   810   810 I ExtendedExtractor: QTIParser is prefered .. flags 0
09-27 14:53:56.446   810   810 D MMParserExtractor: setExtraFlags called with flags 0 for paser instance f5dadaa0
09-27 14:53:56.446   810   810 I ExtendedExtractor: ExtendedExtractor::create 0xf5dadaa0
09-27 14:53:56.447   810   999 E MM_OSAL : FileSource::FileSource
09-27 14:53:56.447   810   999 E MM_OSAL : FileSource::FileSource m_bEveryThingOK 1
09-27 14:53:56.447   810   999 E MM_OSAL : MM_File_Create failed .Efs Error No -1 , File Name /data/mmosal_logmask.cfg , Mode 0
09-27 14:53:56.447   810   999 E MM_OSAL : Open or read fail on /data/mmosal_logmask.cfg. Possible permission denied issue. Looking for /data/misc/media/mmosal_logmask.cfg
09-27 14:53:56.447   810   999 E MM_OSAL : MM_File_Create failed .Efs Error No -1 , File Name /data/misc/media/mmosal_logmask.cfg , Mode 0
09-27 14:53:56.452   813   813 I MediaPlayerService: MediaPlayerService::getOMX
09-27 14:53:56.466   813   813 E OMXMaster: A component of name 'OMX.qcom.audio.decoder.aac' already exists, ignoring this one.
09-27 14:53:56.467   813   813 E OMXMaster: A component of name 'OMX.qcom.file.muxer' already exists, ignoring this one.
09-27 14:53:56.470   800   800 E OMXMaster: A component of name 'OMX.qcom.audio.decoder.aac' already exists, ignoring this one.
09-27 14:53:56.470   800   800 E OMXMaster: A component of name 'OMX.qcom.file.muxer' already exists, ignoring this one.
09-27 14:53:56.471   813   813 I OMXClient: MuxOMX ctor
09-27 14:53:56.477   813   813 I MediaPlayerService: MediaPlayerService::getOMX
09-27 14:53:56.478   813   813 I OMXClient: MuxOMX ctor
09-27 14:53:56.478   800   800 I OMXMaster: makeComponentInstance(OMX.google.mp3.decoder) in mediacodec process
09-27 14:53:56.483   813   813 I MediaPlayerService: MediaPlayerService::getOMX
09-27 14:53:56.484   813   813 I OMXClient: MuxOMX ctor
09-27 14:53:56.484   800  1972 I OMXMaster: makeComponentInstance(OMX.google.amrnb.decoder) in mediacodec process
09-27 14:53:56.489  1966  1966 D wpa_supplicant: wpa_supplicant v2.6-devel-7.1.2
09-27 14:53:56.490  1966  1966 D wpa_supplicant: random: Added entropy from /data/misc/wifi/entropy.bin (own_pool_ready=2)
09-27 14:53:56.490  1966  1966 D wpa_supplicant: random: Trying to read entropy from /dev/random
09-27 14:53:56.490  1966  1966 D wpa_supplicant: Get randomness: len=20 entropy=1
09-27 14:53:56.491   813   813 I MediaPlayerService: MediaPlayerService::getOMX
09-27 14:53:56.492   813   813 I OMXClient: MuxOMX ctor
09-27 14:53:56.492   800   800 I OMXMaster: makeComponentInstance(OMX.google.amrwb.decoder) in mediacodec process
09-27 14:53:56.492  1966  1966 D wpa_supplicant: random: Updated entropy file /data/misc/wifi/entropy.bin (own_pool_ready=2)
09-27 14:53:56.492  1966  1966 D wpa_supplicant: Global control interface '@android:wpa_wlan0'
09-27 14:53:56.492  1966  1966 D wpa_supplicant: Using Android control socket 'wpa_wlan0'
09-27 14:53:56.492  1966  1966 I wpa_supplicant: Successfully initialized wpa_supplicant
09-27 14:53:56.492  1966  1966 D wpa_supplicant: Override interface parameter: ctrl_interface ('(null)' -> '/data/misc/wifi/sockets')
09-27 14:53:56.492  1966  1966 D wpa_supplicant: Initializing interface 'p2p0' conf '/data/misc/wifi/p2p_supplicant.conf' driver 'nl80211' ctrl_interface '/data/misc/wifi/sockets' bridge 'N/A'
09-27 14:53:56.492  1966  1966 D wpa_supplicant: Configuration file '/data/misc/wifi/p2p_supplicant.conf' -> '/data/misc/wifi/p2p_supplicant.conf'
09-27 14:53:56.492  1966  1966 D wpa_supplicant: Reading configuration file '/data/misc/wifi/p2p_supplicant.conf'
09-27 14:53:56.493  1966  1966 D wpa_supplicant: ctrl_interface='/data/misc/wifi/sockets'
09-27 14:53:56.493  1966  1966 D wpa_supplicant: disable_scan_offload=1
09-27 14:53:56.493  1966  1966 D wpa_supplicant: update_config=1
09-27 14:53:56.493  1966  1966 D wpa_supplicant: device_name='G'
09-27 14:53:56.493  1966  1966 D wpa_supplicant: config_methods='virtual_push_button physical_display keypad'
09-27 14:53:56.493  1966  1966 D wpa_supplicant: p2p_ssid_postfix='-G'
09-27 14:53:56.493  1966  1966 D wpa_supplicant: persistent_reconnect=1
09-27 14:53:56.493  1966  1966 D wpa_supplicant: p2p_no_group_iface=1
09-27 14:53:56.493  1966  1966 D wpa_supplicant: pmf=1
09-27 14:53:56.493  1966  1966 D wpa_supplicant: Reading configuration file '/system/etc/wifi/p2p_supplicant_overlay.conf'
09-27 14:53:56.494  1966  1966 D wpa_supplicant: disable_scan_offload=1
09-27 14:53:56.494  1966  1966 D wpa_supplicant: p2p_no_group_iface=1
09-27 14:53:56.496  1319  1380 W XTCC-5.1.0.23-d: [CS-RIL-LISTENER] timerCallback fired for ril update registering, re-register
09-27 14:53:56.496   813   813 I MediaPlayerService: MediaPlayerService::getOMX
09-27 14:53:56.496   813   813 I OMXClient: MuxOMX ctor
09-27 14:53:56.496  1966  1966 D wpa_supplicant: nl80211: Using driver-based roaming
09-27 14:53:56.496  1966  1966 D wpa_supplicant: nl80211: TDLS supported
09-27 14:53:56.496  1966  1966 D wpa_supplicant: nl80211: TDLS external setup
09-27 14:53:56.496  1966  1966 D wpa_supplicant: nl80211: Supported cipher 00-0f-ac:1
09-27 14:53:56.496  1966  1966 D wpa_supplicant: nl80211: Supported cipher 00-0f-ac:5
09-27 14:53:56.496  1966  1966 D wpa_supplicant: nl80211: Supported cipher 00-0f-ac:2
09-27 14:53:56.496  1966  1966 D wpa_supplicant: nl80211: Supported cipher 00-0f-ac:4
09-27 14:53:56.496  1966  1966 D wpa_supplicant: nl80211: Supported cipher 00-14-72:1
09-27 14:53:56.496   800   996 I OMXMaster: makeComponentInstance(OMX.google.aac.decoder) in mediacodec process
09-27 14:53:56.496  1966  1966 D wpa_supplicant: nl80211: Supported cipher 00-0f-ac:6
09-27 14:53:56.496  1966  1966 D wpa_supplicant: nl80211: Supports Probe Response offload in AP mode
09-27 14:53:56.496  1966  1966 D wpa_supplicant: nl80211: Using driver-based off-channel TX
09-27 14:53:56.497  1966  1966 D wpa_supplicant: nl80211: Supported vendor command: vendor_id=0x1374 subcmd=9
09-27 14:53:56.497  1966  1966 D wpa_supplicant: nl80211: Supported vendor command: vendor_id=0x1374 subcmd=12
09-27 14:53:56.497  1966  1966 D wpa_supplicant: nl80211: Supported vendor command: vendor_id=0x1374 subcmd=16
09-27 14:53:56.497  1966  1966 D wpa_supplicant: nl80211: Supported vendor command: vendor_id=0x1374 subcmd=14
09-27 14:53:56.497  1966  1966 D wpa_supplicant: nl80211: Supported vendor command: vendor_id=0x1374 subcmd=15
09-27 14:53:56.497  1966  1966 D wpa_supplicant: nl80211: Supported vendor command: vendor_id=0x1374 subcmd=20
09-27 14:53:56.497  1966  1966 D wpa_supplicant: nl80211: Supported vendor command: vendor_id=0x1374 subcmd=21
09-27 14:53:56.497  1966  1966 D wpa_supplicant: nl80211: Supported vendor command: vendor_id=0x1374 subcmd=22
09-27 14:53:56.497  1966  1966 D wpa_supplicant: nl80211: Supported vendor command: vendor_id=0x1374 subcmd=23
09-27 14:53:56.497  1966  1966 D wpa_supplicant: nl80211: Supported vendor command: vendor_id=0x1374 subcmd=24
09-27 14:53:56.497  1966  1966 D wpa_supplicant: nl80211: Supported vendor command: vendor_id=0x1374 subcmd=29
09-27 14:53:56.497  1966  1966 D wpa_supplicant: nl80211: Supported vendor command: vendor_id=0x1374 subcmd=30
09-27 14:53:56.497  1966  1966 D wpa_supplicant: nl80211: Supported vendor command: vendor_id=0x1374 subcmd=65
09-27 14:53:56.497  1966  1966 D wpa_supplicant: nl80211: Supported vendor command: vendor_id=0x1374 subcmd=66
09-27 14:53:56.497  1966  1966 D wpa_supplicant: nl80211: Supported vendor command: vendor_id=0x1374 subcmd=34
09-27 14:53:56.497  1966  1966 D wpa_supplicant: nl80211: Supported vendor command: vendor_id=0x1374 subcmd=35
09-27 14:53:56.497  1966  1966 D wpa_supplicant: nl80211: Supported vendor command: vendor_id=0x1374 subcmd=36
09-27 14:53:56.497  1966  1966 D wpa_supplicant: nl80211: Supported vendor command: vendor_id=0x1374 subcmd=38
09-27 14:53:56.497  1966  1966 D wpa_supplicant: nl80211: Supported vendor command: vendor_id=0x1374 subcmd=40
09-27 14:53:56.497  1966  1966 D wpa_supplicant: nl80211: Supported vendor command: vendor_id=0x1374 subcmd=39
09-27 14:53:56.497  1966  1966 D wpa_supplicant: nl80211: Supported vendor command: vendor_id=0x1374 subcmd=42
09-27 14:53:56.497  1966  1966 D wpa_supplicant: nl80211: Supported vendor command: vendor_id=0x1374 subcmd=63
09-27 14:53:56.497  1966  1966 D wpa_supplicant: nl80211: Supported vendor command: vendor_id=0x1374 subcmd=105
09-27 14:53:56.497  1966  1966 D wpa_supplicant: nl80211: Supported vendor command: vendor_id=0x1374 subcmd=62
09-27 14:53:56.497  1966  1966 D wpa_supplicant: nl80211: Supported vendor command: vendor_id=0x1374 subcmd=61
09-27 14:53:56.497  1966  1966 D wpa_supplicant: nl80211: Supported vendor command: vendor_id=0x1374 subcmd=77
09-27 14:53:56.497  1966  1966 D wpa_supplicant: nl80211: Supported vendor command: vendor_id=0x1374 subcmd=80
09-27 14:53:56.497  1966  1966 D wpa_supplicant: nl80211: Supported vendor command: vendor_id=0x1374 subcmd=79
09-27 14:53:56.497  1966  1966 D wpa_supplicant: nl80211: Supported vendor command: vendor_id=0x1374 subcmd=101
09-27 14:53:56.498  1966  1966 D wpa_supplicant: nl80211: Supported vendor command: vendor_id=0x1374 subcmd=74
09-27 14:53:56.498  1966  1966 D wpa_supplicant: nl80211: Supported vendor command: vendor_id=0x1374 subcmd=149
09-27 14:53:56.498  1966  1966 D wpa_supplicant: nl80211: Supported vendor command: vendor_id=0x1374 subcmd=150
09-27 14:53:56.498  1966  1966 D wpa_supplicant: nl80211: Supported vendor event: vendor_id=0x1374 subcmd=10
09-27 14:53:56.498  1966  1966 D wpa_supplicant: nl80211: Supported vendor event: vendor_id=0x1374 subcmd=14
09-27 14:53:56.498  1966  1966 D wpa_supplicant: nl80211: Supported vendor event: vendor_id=0x1374 subcmd=15
09-27 14:53:56.498  1966  1966 D wpa_supplicant: nl80211: Supported vendor event: vendor_id=0x1374 subcmd=16
09-27 14:53:56.498  1966  1966 D wpa_supplicant: nl80211: Supported vendor event: vendor_id=0x1374 subcmd=17
09-27 14:53:56.498  1966  1966 D wpa_supplicant: nl80211: Supported vendor event: vendor_id=0x1374 subcmd=18
09-27 14:53:56.498  1966  1966 D wpa_supplicant: nl80211: Supported vendor event: vendor_id=0x1374 subcmd=19
09-27 14:53:56.498  1966  1966 D wpa_supplicant: nl80211: Supported vendor event: vendor_id=0x1374 subcmd=20
09-27 14:53:56.498  1966  1966 D wpa_supplicant: nl80211: Supported vendor event: vendor_id=0x1374 subcmd=21
09-27 14:53:56.498  1966  1966 D wpa_supplicant: nl80211: Supported vendor event: vendor_id=0x1374 subcmd=23
09-27 14:53:56.498  1966  1966 D wpa_supplicant: nl80211: Supported vendor event: vendor_id=0x1374 subcmd=24
09-27 14:53:56.498  1966  1966 D wpa_supplicant: nl80211: Supported vendor event: vendor_id=0x1374 subcmd=25
09-27 14:53:56.498  1966  1966 D wpa_supplicant: nl80211: Supported vendor event: vendor_id=0x1374 subcmd=26
09-27 14:53:56.498  1966  1966 D wpa_supplicant: nl80211: Supported vendor event: vendor_id=0x1374 subcmd=27
09-27 14:53:56.498  1966  1966 D wpa_supplicant: nl80211: Supported vendor event: vendor_id=0x1374 subcmd=28
09-27 14:53:56.498  1966  1966 D wpa_supplicant: nl80211: Supported vendor event: vendor_id=0x1374 subcmd=29
09-27 14:53:56.498  1966  1966 D wpa_supplicant: nl80211: Supported vendor event: vendor_id=0x1374 subcmd=30
09-27 14:53:56.498  1966  1966 D wpa_supplicant: nl80211: Supported vendor event: vendor_id=0x1374 subcmd=65
09-27 14:53:56.498  1966  1966 D wpa_supplicant: nl80211: Supported vendor event: vendor_id=0x1374 subcmd=66
09-27 14:53:56.498  1966  1966 D wpa_supplicant: nl80211: Supported vendor event: vendor_id=0x1374 subcmd=63
09-27 14:53:56.498  1966  1966 D wpa_supplicant: nl80211: Supported vendor event: vendor_id=0x1374 subcmd=12
09-27 14:53:56.498  1966  1966 D wpa_supplicant: nl80211: Supported vendor event: vendor_id=0x1374 subcmd=61
09-27 14:53:56.498  1966  1966 D wpa_supplicant: nl80211: Supported vendor event: vendor_id=0x1374 subcmd=67
09-27 14:53:56.498  1966  1966 D wpa_supplicant: nl80211: Supported vendor event: vendor_id=0x1374 subcmd=68
09-27 14:53:56.498  1966  1966 D wpa_supplicant: nl80211: Supported vendor event: vendor_id=0x1374 subcmd=80
09-27 14:53:56.498  1966  1966 D wpa_supplicant: nl80211: Supported vendor event: vendor_id=0x1374 subcmd=41
09-27 14:53:56.498  1966  1966 D wpa_supplicant: nl80211: Supported vendor event: vendor_id=0x1374 subcmd=150
09-27 14:53:56.498  1966  1966 D wpa_supplicant: nl80211: Use separate P2P group interface (driver advertised support)
09-27 14:53:56.498  1966  1966 D wpa_supplicant: nl80211: Enable multi-channel concurrent (driver advertised support)
09-27 14:53:56.498  1966  1966 D wpa_supplicant: nl80211: interface p2p0 in phy phy0
09-27 14:53:56.499  1966  1966 D wpa_supplicant: nl80211: Set mode ifindex 23 iftype 2 (STATION)
09-27 14:53:56.499  1966  1966 D wpa_supplicant: nl80211: Subscribe to mgmt frames with non-AP handle 0x7fa624c200
09-27 14:53:56.499  1966  1966 D wpa_supplicant: nl80211: Register frame type=0xd0 (WLAN_FC_STYPE_ACTION) nl_handle=0x7fa624c200 match=0104
09-27 14:53:56.499  1966  1966 D wpa_supplicant: nl80211: Register frame type=0xd0 (WLAN_FC_STYPE_ACTION) nl_handle=0x7fa624c200 match=040a
09-27 14:53:56.499  1966  1966 D wpa_supplicant: nl80211: Register frame type=0xd0 (WLAN_FC_STYPE_ACTION) nl_handle=0x7fa624c200 match=040b
09-27 14:53:56.499  1966  1966 D wpa_supplicant: nl80211: Register frame type=0xd0 (WLAN_FC_STYPE_ACTION) nl_handle=0x7fa624c200 match=040c
09-27 14:53:56.499  1966  1966 D wpa_supplicant: nl80211: Register frame type=0xd0 (WLAN_FC_STYPE_ACTION) nl_handle=0x7fa624c200 match=040d
09-27 14:53:56.499  1966  1966 D wpa_supplicant: nl80211: Register frame type=0xd0 (WLAN_FC_STYPE_ACTION) nl_handle=0x7fa624c200 match=090a
09-27 14:53:56.499  1966  1966 D wpa_supplicant: nl80211: Register frame type=0xd0 (WLAN_FC_STYPE_ACTION) nl_handle=0x7fa624c200 match=090b
09-27 14:53:56.500  1966  1966 D wpa_supplicant: nl80211: Register frame type=0xd0 (WLAN_FC_STYPE_ACTION) nl_handle=0x7fa624c200 match=090c
09-27 14:53:56.500  1966  1966 D wpa_supplicant: nl80211: Register frame type=0xd0 (WLAN_FC_STYPE_ACTION) nl_handle=0x7fa624c200 match=090d
09-27 14:53:56.500  1966  1966 D wpa_supplicant: nl80211: Register frame type=0xd0 (WLAN_FC_STYPE_ACTION) nl_handle=0x7fa624c200 match=0409506f9a09
09-27 14:53:56.500  1966  1966 D wpa_supplicant: nl80211: Register frame type=0xd0 (WLAN_FC_STYPE_ACTION) nl_handle=0x7fa624c200 match=7f506f9a09
09-27 14:53:56.500  1966  1966 D wpa_supplicant: nl80211: Register frame type=0xd0 (WLAN_FC_STYPE_ACTION) nl_handle=0x7fa624c200 match=0801
09-27 14:53:56.500  1966  1966 D wpa_supplicant: nl80211: Register frame type=0xd0 (WLAN_FC_STYPE_ACTION) nl_handle=0x7fa624c200 match=040e
09-27 14:53:56.500  1966  1966 D wpa_supplicant: nl80211: Register frame type=0xd0 (WLAN_FC_STYPE_ACTION) nl_handle=0x7fa624c200 match=12
09-27 14:53:56.500  1966  1966 D wpa_supplicant: nl80211: Register frame type=0xd0 (WLAN_FC_STYPE_ACTION) nl_handle=0x7fa624c200 match=06
09-27 14:53:56.500  1966  1966 D wpa_supplicant: nl80211: Register frame type=0xd0 (WLAN_FC_STYPE_ACTION) nl_handle=0x7fa624c200 match=0a07
09-27 14:53:56.500  1966  1966 D wpa_supplicant: nl80211: Register frame type=0xd0 (WLAN_FC_STYPE_ACTION) nl_handle=0x7fa624c200 match=0a11
09-27 14:53:56.501  1966  1966 D wpa_supplicant: nl80211: Register frame type=0xd0 (WLAN_FC_STYPE_ACTION) nl_handle=0x7fa624c200 match=0a1a
09-27 14:53:56.501  1966  1966 D wpa_supplicant: nl80211: Register frame type=0xd0 (WLAN_FC_STYPE_ACTION) nl_handle=0x7fa624c200 match=1101
09-27 14:53:56.501  1966  1966 D wpa_supplicant: nl80211: Register frame type=0xd0 (WLAN_FC_STYPE_ACTION) nl_handle=0x7fa624c200 match=1102
09-27 14:53:56.501  1966  1966 D wpa_supplicant: nl80211: Register frame type=0xd0 (WLAN_FC_STYPE_ACTION) nl_handle=0x7fa624c200 match=0505
09-27 14:53:56.502  1966  1966 I wpa_supplicant: rfkill: Cannot open RFKILL control device
09-27 14:53:56.502  1966  1966 D wpa_supplicant: nl80211: RFKILL status not available
09-27 14:53:56.503  1966  1966 D wpa_supplicant: netlink: Operstate: ifindex=23 linkmode=1 (userspace-control), operstate=5 (IF_OPER_DORMANT)
09-27 14:53:56.505  1966  1966 D wpa_supplicant: Add interface p2p0 to a new radio phy0
09-27 14:53:56.506  1966  1966 D wpa_supplicant: nl80211: Regulatory information - country=00
09-27 14:53:56.506  1966  1966 D wpa_supplicant: nl80211: 2402-2472 @ 40 MHz 20 mBm
09-27 14:53:56.506  1966  1966 D wpa_supplicant: nl80211: 2457-2482 @ 40 MHz 20 mBm (no IR)
09-27 14:53:56.506  1966  1966 D wpa_supplicant: nl80211: 2474-2494 @ 20 MHz 20 mBm (no OFDM) (no IR)
09-27 14:53:56.506  1966  1966 D wpa_supplicant: nl80211: 5170-5250 @ 80 MHz 20 mBm (no IR)
09-27 14:53:56.506  1966  1966 D wpa_supplicant: nl80211: 5250-5330 @ 80 MHz 20 mBm (no IR)
09-27 14:53:56.506  1966  1966 D wpa_supplicant: nl80211: 5490-5710 @ 80 MHz 20 mBm (no IR)
09-27 14:53:56.506  1966  1966 D wpa_supplicant: nl80211: 5735-5835 @ 80 MHz 20 mBm (no IR)
09-27 14:53:56.506  1966  1966 D wpa_supplicant: nl80211: 57240-63720 @ 2160 MHz 0 mBm
09-27 14:53:56.506  1966  1966 D wpa_supplicant: nl80211: Added 802.11b mode based on 802.11g information
09-27 14:53:56.507   813   813 I MediaPlayerService: MediaPlayerService::getOMX
09-27 14:53:56.508   813   813 I OMXClient: MuxOMX ctor
09-27 14:53:56.508   800  1972 I OMXMaster: makeComponentInstance(OMX.google.g711.alaw.decoder) in mediacodec process
09-27 14:53:56.516   813   813 I MediaPlayerService: MediaPlayerService::getOMX
09-27 14:53:56.517   813   813 I OMXClient: MuxOMX ctor
09-27 14:53:56.517   800   800 I OMXMaster: makeComponentInstance(OMX.google.g711.mlaw.decoder) in mediacodec process
09-27 14:53:56.520   813   813 I MediaPlayerService: MediaPlayerService::getOMX
09-27 14:53:56.520   813   813 I OMXClient: MuxOMX ctor
09-27 14:53:56.520   800   996 I OMXMaster: makeComponentInstance(OMX.google.vorbis.decoder) in mediacodec process
09-27 14:53:56.524   813   813 I MediaPlayerService: MediaPlayerService::getOMX
09-27 14:53:56.525   813   813 I OMXClient: MuxOMX ctor
09-27 14:53:56.525   800  1972 I OMXMaster: makeComponentInstance(OMX.google.opus.decoder) in mediacodec process
09-27 14:53:56.529   813   813 I MediaPlayerService: MediaPlayerService::getOMX
09-27 14:53:56.529   813   813 I OMXClient: MuxOMX ctor
09-27 14:53:56.529   800   800 I OMXMaster: makeComponentInstance(OMX.google.raw.decoder) in mediacodec process
09-27 14:53:56.533   813   813 I MediaPlayerService: MediaPlayerService::getOMX
09-27 14:53:56.533   813   813 I OMXClient: MuxOMX ctor
09-27 14:53:56.534   800   996 I OMXMaster: makeComponentInstance(OMX.google.aac.encoder) in mediacodec process
09-27 14:53:56.535  1774  1774 W ActivityManager: Slow operation: 126ms so far, now at startProcess: returned from zygote!
09-27 14:53:56.535  1774  1774 W ActivityManager: Slow operation: 126ms so far, now at startProcess: done updating battery stats
09-27 14:53:56.535  1774  1774 W ActivityManager: Slow operation: 126ms so far, now at startProcess: building log message
09-27 14:53:56.536  1774  1774 I ActivityManager: Start proc 1992:WebViewLoader-armeabi-v7a/1037 [android.webkit.WebViewFactory$RelroFileCreator] for 
09-27 14:53:56.536  1774  1774 W ActivityManager: Slow operation: 127ms so far, now at startProcess: starting to update pids map
09-27 14:53:56.536  1774  1774 W ActivityManager: Slow operation: 127ms so far, now at startProcess: done updating pids map
09-27 14:53:56.536  1774  1774 W ActivityManager: Slow operation: 128ms so far, now at startProcess: done starting proc!
09-27 14:53:56.542   813   813 I MediaPlayerService: MediaPlayerService::getOMX
09-27 14:53:56.543   813   813 I OMXClient: MuxOMX ctor
09-27 14:53:56.543   800  1972 I OMXMaster: makeComponentInstance(OMX.google.amrnb.encoder) in mediacodec process
09-27 14:53:56.548   813   813 I MediaPlayerService: MediaPlayerService::getOMX
09-27 14:53:56.549   813   813 I OMXClient: MuxOMX ctor
09-27 14:53:56.549   800   996 I OMXMaster: makeComponentInstance(OMX.google.amrwb.encoder) in mediacodec process
09-27 14:53:56.554  1992  1992 V WebViewFactory: RelroFileCreator (64bit = false),  32-bit lib: /system/app/Chrome/Chrome.apk!/lib/armeabi-v7a/libmonochrome.so, 64-bit lib: /system/app/Chrome/Chrome.apk!/lib/arm64-v8a/libmonochrome.so
09-27 14:53:56.554   813   813 I MediaPlayerService: MediaPlayerService::getOMX
09-27 14:53:56.554   813   813 I OMXClient: MuxOMX ctor
09-27 14:53:56.555   800   800 I OMXMaster: makeComponentInstance(OMX.google.flac.encoder) in mediacodec process
09-27 14:53:56.562  1774  1774 I ActivityManager: Start proc 2012:WebViewLoader-arm64-v8a/1037 [android.webkit.WebViewFactory$RelroFileCreator] for 
09-27 14:53:56.563   813   813 I MediaPlayerService: MediaPlayerService::getOMX
09-27 14:53:56.563   813   813 I OMXClient: MuxOMX ctor
09-27 14:53:56.564  1774  1897 D WifiMonitor: startMonitoring(wlan0) with mConnected = false
09-27 14:53:56.564   800  1972 I OMXMaster: makeComponentInstance(OMX.google.gsm.decoder) in mediacodec process
09-27 14:53:56.569  1774  1774 D NetworkManagement: enabling bandwidth control
09-27 14:53:56.570   813   813 I MediaPlayerService: MediaPlayerService::getOMX
09-27 14:53:56.570   813   813 I OMXClient: MuxOMX ctor
09-27 14:53:56.571   800   996 I OMXMaster: makeComponentInstance(OMX.qcom.video.encoder.hevc) in mediacodec process
09-27 14:53:56.575  1966  1966 D wpa_supplicant: p2p0: Own MAC address: 02:0a:f5:ad:01:24
09-27 14:53:56.576  1966  1966 D wpa_supplicant: wpa_driver_nl80211_set_key: ifindex=23 (p2p0) alg=0 addr=0x0 key_idx=0 set_tx=0 seq_len=0 key_len=0
09-27 14:53:56.576  1966  1966 D wpa_supplicant: wpa_driver_nl80211_set_key: ifindex=23 (p2p0) alg=0 addr=0x0 key_idx=1 set_tx=0 seq_len=0 key_len=0
09-27 14:53:56.576  1966  1966 D wpa_supplicant: wpa_driver_nl80211_set_key: ifindex=23 (p2p0) alg=0 addr=0x0 key_idx=2 set_tx=0 seq_len=0 key_len=0
09-27 14:53:56.576  1966  1966 D wpa_supplicant: wpa_driver_nl80211_set_key: ifindex=23 (p2p0) alg=0 addr=0x0 key_idx=3 set_tx=0 seq_len=0 key_len=0
09-27 14:53:56.576  1966  1966 D wpa_supplicant: wpa_driver_nl80211_set_key: ifindex=23 (p2p0) alg=0 addr=0x0 key_idx=4 set_tx=0 seq_len=0 key_len=0
09-27 14:53:56.576  1966  1966 D wpa_supplicant: wpa_driver_nl80211_set_key: ifindex=23 (p2p0) alg=0 addr=0x0 key_idx=5 set_tx=0 seq_len=0 key_len=0
09-27 14:53:56.576  1966  1966 D wpa_supplicant: p2p0: RSN: flushing PMKID list in the driver
09-27 14:53:56.576  1966  1966 D wpa_supplicant: nl80211: Flush PMKIDs
09-27 14:53:56.577  1966  1966 D wpa_supplicant: p2p0: State: DISCONNECTED -> INACTIVE
09-27 14:53:56.581  2012  2012 V WebViewFactory: RelroFileCreator (64bit = true),  32-bit lib: /system/app/Chrome/Chrome.apk!/lib/armeabi-v7a/libmonochrome.so, 64-bit lib: /system/app/Chrome/Chrome.apk!/lib/arm64-v8a/libmonochrome.so
09-27 14:53:56.583   800   996 I OMX-VENC: Video encode perflock acquired,handle=-1
09-27 14:53:56.608  1774  1788 I ActivityManager: Start proc 2032:com.android.settings/1000 for broadcast com.android.settings/.wifi.ManagerPasspointReceiver
09-27 14:53:56.641  1926  1926 I LatinApp: onCreate()
09-27 14:53:56.650  1940  1940 V SystemUIService: Starting SystemUI services for user 0.
09-27 14:53:56.664  1992  1992 I art     : System.exit called, status: 0
09-27 14:53:56.664  1992  1992 I AndroidRuntime: VM exiting with result code 0, cleanup skipped.
09-27 14:53:56.675  1966  1966 D wpa_supplicant: TDLS: TDLS operation supported by driver
09-27 14:53:56.675  1966  1966 D wpa_supplicant: TDLS: Driver uses external link setup
09-27 14:53:56.675  1966  1966 D wpa_supplicant: TDLS: Driver does not support TDLS channel switching
09-27 14:53:56.675  1966  1966 D wpa_supplicant: p2p0: WPS: UUID based on MAC address: dd0c091f-7622-508c-816d-d8299de79714
09-27 14:53:56.676  1966  1966 D wpa_supplicant: eap_proxy: eap_proxy_init  wpa_qmi_ssr 0
09-27 14:53:56.676  1966  1966 D wpa_supplicant: EAPOL: SUPP_PAE entering state DISCONNECTED
09-27 14:53:56.676  1966  1966 D wpa_supplicant: EAPOL: Supplicant port status: Unauthorized
09-27 14:53:56.676  1966  1966 D wpa_supplicant: nl80211: Skip set_supp_port(unauthorized) while not associated
09-27 14:53:56.676  1966  1966 D wpa_supplicant: EAPOL: KEY_RX entering state NO_KEY_RECEIVE
09-27 14:53:56.676  1966  1966 D wpa_supplicant: EAPOL: SUPP_BE entering state INITIALIZE
09-27 14:53:56.676  1966  1966 D wpa_supplicant: EAP: EAP entering state DISABLED
09-27 14:53:56.676  1966  1966 D wpa_supplicant: Using existing control interface directory.
09-27 14:53:56.677  1966  1966 D wpa_supplicant: P2P: Add operating class 81
09-27 14:53:56.677  1966  1966 D wpa_supplicant: P2P: Channels - hexdump(len=11): 01 02 03 04 05 06 07 08 09 0a 0b
09-27 14:53:56.677  1966  1966 D wpa_supplicant: P2P: Own listen channel: 81:11
09-27 14:53:56.678  1966  1966 D wpa_supplicant: P2P: Random operating channel: 81:6
09-27 14:53:56.678  1966  1966 D wpa_supplicant: P2P: initialized
09-27 14:53:56.679  1966  1966 D wpa_supplicant: P2P: channels: 81:1,2,3,4,5,6,7,8,9,10,11
09-27 14:53:56.679  1966  1966 D wpa_supplicant: P2P: cli_channels:
09-27 14:53:56.679  1966  1966 E wpa_supplicant: eap_proxy:eap_proxy_get_imsi: Not initialized
09-27 14:53:56.679  1966  1966 D wpa_supplicant: eap_proxy: IMSI not available
09-27 14:53:56.679  1966  1966 D wpa_supplicant: nl80211: Scan default IEs - hexdump(len=7): 7f 05 00 00 0a 02 01
09-27 14:53:56.689  1940  1940 V MediaRouter: Adding route: RouteInfo{ name=Phone, description=null, status=null, category=RouteCategory{ name=null types=ROUTE_TYPE_LIVE_AUDIO ROUTE_TYPE_LIVE_VIDEO  groupable=false }, supportedTypes=ROUTE_TYPE_LIVE_AUDIO ROUTE_TYPE_LIVE_VIDEO , presentationDisplay=null }
09-27 14:53:56.691  1966  1966 E wpa_supplicant: nl80211: Set scan default IEs failed: ret=-524 (Unknown error 524)
09-27 14:53:56.691  1966  1966 D wpa_supplicant: p2p0: Added interface p2p0
09-27 14:53:56.691  1966  1966 D wpa_supplicant: p2p0: State: INACTIVE -> DISCONNECTED
09-27 14:53:56.691  1966  1966 D wpa_supplicant: nl80211: Set p2p0 operstate 0->0 (DORMANT)
09-27 14:53:56.691  1966  1966 D wpa_supplicant: netlink: Operstate: ifindex=23 linkmode=-1 (no change), operstate=5 (IF_OPER_DORMANT)
09-27 14:53:56.692  1966  1966 D wpa_supplicant: p2p0: Determining shared radio frequencies (max len 2)
09-27 14:53:56.692  1966  1966 D wpa_supplicant: p2p0: Shared frequencies (len=0): completed iteration
09-27 14:53:56.692  1966  1966 D wpa_supplicant: P2P: Add operating class 81
09-27 14:53:56.692  1966  1966 D wpa_supplicant: P2P: Channels - hexdump(len=11): 01 02 03 04 05 06 07 08 09 0a 0b
09-27 14:53:56.692  1966  1966 D wpa_supplicant: P2P: Update channel list
09-27 14:53:56.692  1966  1966 D wpa_supplicant: P2P: channels: 81:1,2,3,4,5,6,7,8,9,10,11
09-27 14:53:56.692  1966  1966 D wpa_supplicant: P2P: cli_channels:
09-27 14:53:56.692  1966  1966 D wpa_supplicant: Override interface parameter: ctrl_interface ('(null)' -> '/data/misc/wifi/sockets')
09-27 14:53:56.692  1966  1966 D wpa_supplicant: Initializing interface 'wlan0' conf '/data/misc/wifi/wpa_supplicant.conf' driver 'nl80211' ctrl_interface '/data/misc/wifi/sockets' bridge 'N/A'
09-27 14:53:56.692  1966  1966 D wpa_supplicant: Configuration file '/data/misc/wifi/wpa_supplicant.conf' -> '/data/misc/wifi/wpa_supplicant.conf'
09-27 14:53:56.692  1966  1966 D wpa_supplicant: Reading configuration file '/data/misc/wifi/wpa_supplicant.conf'
09-27 14:53:56.693  1966  1966 D wpa_supplicant: ctrl_interface='/data/misc/wifi/sockets'
09-27 14:53:56.693  1966  1966 D wpa_supplicant: disable_scan_offload=1
09-27 14:53:56.693  1966  1966 D wpa_supplicant: driver_param='use_p2p_group_interface=1'
09-27 14:53:56.693  1966  1966 D wpa_supplicant: update_config=1
09-27 14:53:56.693  1966  1966 D wpa_supplicant: device_name='G'
09-27 14:53:56.693  1966  1966 D wpa_supplicant: manufacturer='10or'
09-27 14:53:56.693  1966  1966 D wpa_supplicant: model_name='G'
09-27 14:53:56.693  1966  1966 D wpa_supplicant: model_number='G'
09-27 14:53:56.693  1966  1966 D wpa_supplicant: serial_number='f2b4049'
09-27 14:53:56.693  1966  1966 D wpa_supplicant: config_methods='physical_display virtual_push_button'
09-27 14:53:56.693  1966  1966 D wpa_supplicant: p2p_disabled=1
09-27 14:53:56.693  1966  1966 D wpa_supplicant: pmf=1
09-27 14:53:56.693  1966  1966 D wpa_supplicant: external_sim=1
09-27 14:53:56.693  1966  1966 D wpa_supplicant: tdls_external_control=1
09-27 14:53:56.693  1966  1966 D wpa_supplicant: Reading configuration file '/system/etc/wifi/wpa_supplicant_overlay.conf'
09-27 14:53:56.694  1966  1966 D wpa_supplicant: disable_scan_offload=1
09-27 14:53:56.694  1966  1966 D wpa_supplicant: p2p_disabled=1
09-27 14:53:56.695  1966  1966 D wpa_supplicant: nl80211: Using driver-based roaming
09-27 14:53:56.695  1966  1966 D wpa_supplicant: nl80211: TDLS supported
09-27 14:53:56.695  1966  1966 D wpa_supplicant: nl80211: TDLS external setup
09-27 14:53:56.695  1966  1966 D wpa_supplicant: nl80211: Supported cipher 00-0f-ac:1
09-27 14:53:56.695  1966  1966 D wpa_supplicant: nl80211: Supported cipher 00-0f-ac:5
09-27 14:53:56.695  1966  1966 D wpa_supplicant: nl80211: Supported cipher 00-0f-ac:2
09-27 14:53:56.695  1966  1966 D wpa_supplicant: nl80211: Supported cipher 00-0f-ac:4
09-27 14:53:56.695  1966  1966 D wpa_supplicant: nl80211: Supported cipher 00-14-72:1
09-27 14:53:56.695  1966  1966 D wpa_supplicant: nl80211: Supported cipher 00-0f-ac:6
09-27 14:53:56.695  1966  1966 D wpa_supplicant: nl80211: Supports Probe Response offload in AP mode
09-27 14:53:56.695  1966  1966 D wpa_supplicant: nl80211: Using driver-based off-channel TX
09-27 14:53:56.695  1966  1966 D wpa_supplicant: nl80211: Supported vendor command: vendor_id=0x1374 subcmd=9
09-27 14:53:56.695  1966  1966 D wpa_supplicant: nl80211: Supported vendor command: vendor_id=0x1374 subcmd=12
09-27 14:53:56.695  1966  1966 D wpa_supplicant: nl80211: Supported vendor command: vendor_id=0x1374 subcmd=16
09-27 14:53:56.695  1966  1966 D wpa_supplicant: nl80211: Supported vendor command: vendor_id=0x1374 subcmd=14
09-27 14:53:56.695  1966  1966 D wpa_supplicant: nl80211: Supported vendor command: vendor_id=0x1374 subcmd=15
09-27 14:53:56.696  1966  1966 D wpa_supplicant: nl80211: Supported vendor command: vendor_id=0x1374 subcmd=20
09-27 14:53:56.696  1966  1966 D wpa_supplicant: nl80211: Supported vendor command: vendor_id=0x1374 subcmd=21
09-27 14:53:56.696  1966  1966 D wpa_supplicant: nl80211: Supported vendor command: vendor_id=0x1374 subcmd=22
09-27 14:53:56.696  1966  1966 D wpa_supplicant: nl80211: Supported vendor command: vendor_id=0x1374 subcmd=23
09-27 14:53:56.696  1966  1966 D wpa_supplicant: nl80211: Supported vendor command: vendor_id=0x1374 subcmd=24
09-27 14:53:56.696  1966  1966 D wpa_supplicant: nl80211: Supported vendor command: vendor_id=0x1374 subcmd=29
09-27 14:53:56.696  1966  1966 D wpa_supplicant: nl80211: Supported vendor command: vendor_id=0x1374 subcmd=30
09-27 14:53:56.696  1966  1966 D wpa_supplicant: nl80211: Supported vendor command: vendor_id=0x1374 subcmd=65
09-27 14:53:56.696  1966  1966 D wpa_supplicant: nl80211: Supported vendor command: vendor_id=0x1374 subcmd=66
09-27 14:53:56.696  1966  1966 D wpa_supplicant: nl80211: Supported vendor command: vendor_id=0x1374 subcmd=34
09-27 14:53:56.696  1966  1966 D wpa_supplicant: nl80211: Supported vendor command: vendor_id=0x1374 subcmd=35
09-27 14:53:56.696  1966  1966 D wpa_supplicant: nl80211: Supported vendor command: vendor_id=0x1374 subcmd=36
09-27 14:53:56.696  1966  1966 D wpa_supplicant: nl80211: Supported vendor command: vendor_id=0x1374 subcmd=38
09-27 14:53:56.696  1966  1966 D wpa_supplicant: nl80211: Supported vendor command: vendor_id=0x1374 subcmd=40
09-27 14:53:56.696  1966  1966 D wpa_supplicant: nl80211: Supported vendor command: vendor_id=0x1374 subcmd=39
09-27 14:53:56.696  1966  1966 D wpa_supplicant: nl80211: Supported vendor command: vendor_id=0x1374 subcmd=42
09-27 14:53:56.696  1966  1966 D wpa_supplicant: nl80211: Supported vendor command: vendor_id=0x1374 subcmd=63
09-27 14:53:56.696  1966  1966 D wpa_supplicant: nl80211: Supported vendor command: vendor_id=0x1374 subcmd=105
09-27 14:53:56.696  1966  1966 D wpa_supplicant: nl80211: Supported vendor command: vendor_id=0x1374 subcmd=62
09-27 14:53:56.696  1966  1966 D wpa_supplicant: nl80211: Supported vendor command: vendor_id=0x1374 subcmd=61
09-27 14:53:56.696  1966  1966 D wpa_supplicant: nl80211: Supported vendor command: vendor_id=0x1374 subcmd=77
09-27 14:53:56.696  1966  1966 D wpa_supplicant: nl80211: Supported vendor command: vendor_id=0x1374 subcmd=80
09-27 14:53:56.696  1966  1966 D wpa_supplicant: nl80211: Supported vendor command: vendor_id=0x1374 subcmd=79
09-27 14:53:56.696  1966  1966 D wpa_supplicant: nl80211: Supported vendor command: vendor_id=0x1374 subcmd=101
09-27 14:53:56.696  1966  1966 D wpa_supplicant: nl80211: Supported vendor command: vendor_id=0x1374 subcmd=74
09-27 14:53:56.696  1966  1966 D wpa_supplicant: nl80211: Supported vendor command: vendor_id=0x1374 subcmd=149
09-27 14:53:56.696  1966  1966 D wpa_supplicant: nl80211: Supported vendor command: vendor_id=0x1374 subcmd=150
09-27 14:53:56.696  1966  1966 D wpa_supplicant: nl80211: Supported vendor event: vendor_id=0x1374 subcmd=10
09-27 14:53:56.696  1966  1966 D wpa_supplicant: nl80211: Supported vendor event: vendor_id=0x1374 subcmd=14
09-27 14:53:56.696  1966  1966 D wpa_supplicant: nl80211: Supported vendor event: vendor_id=0x1374 subcmd=15
09-27 14:53:56.696  1966  1966 D wpa_supplicant: nl80211: Supported vendor event: vendor_id=0x1374 subcmd=16
09-27 14:53:56.696  1966  1966 D wpa_supplicant: nl80211: Supported vendor event: vendor_id=0x1374 subcmd=17
09-27 14:53:56.696  1966  1966 D wpa_supplicant: nl80211: Supported vendor event: vendor_id=0x1374 subcmd=18
09-27 14:53:56.696  1966  1966 D wpa_supplicant: nl80211: Supported vendor event: vendor_id=0x1374 subcmd=19
09-27 14:53:56.696  1966  1966 D wpa_supplicant: nl80211: Supported vendor event: vendor_id=0x1374 subcmd=20
09-27 14:53:56.696  1966  1966 D wpa_supplicant: nl80211: Supported vendor event: vendor_id=0x1374 subcmd=21
09-27 14:53:56.696  1966  1966 D wpa_supplicant: nl80211: Supported vendor event: vendor_id=0x1374 subcmd=23
09-27 14:53:56.696  1966  1966 D wpa_supplicant: nl80211: Supported vendor event: vendor_id=0x1374 subcmd=24
09-27 14:53:56.696  1966  1966 D wpa_supplicant: nl80211: Supported vendor event: vendor_id=0x1374 subcmd=25
09-27 14:53:56.696  1966  1966 D wpa_supplicant: nl80211: Supported vendor event: vendor_id=0x1374 subcmd=26
09-27 14:53:56.696  1966  1966 D wpa_supplicant: nl80211: Supported vendor event: vendor_id=0x1374 subcmd=27
09-27 14:53:56.696  1966  1966 D wpa_supplicant: nl80211: Supported vendor event: vendor_id=0x1374 subcmd=28
09-27 14:53:56.696  1966  1966 D wpa_supplicant: nl80211: Supported vendor event: vendor_id=0x1374 subcmd=29
09-27 14:53:56.696  1966  1966 D wpa_supplicant: nl80211: Supported vendor event: vendor_id=0x1374 subcmd=30
09-27 14:53:56.696  1966  1966 D wpa_supplicant: nl80211: Supported vendor event: vendor_id=0x1374 subcmd=65
09-27 14:53:56.696  1966  1966 D wpa_supplicant: nl80211: Supported vendor event: vendor_id=0x1374 subcmd=66
09-27 14:53:56.696  1966  1966 D wpa_supplicant: nl80211: Supported vendor event: vendor_id=0x1374 subcmd=63
09-27 14:53:56.697  1966  1966 D wpa_supplicant: nl80211: Supported vendor event: vendor_id=0x1374 subcmd=12
09-27 14:53:56.697  1966  1966 D wpa_supplicant: nl80211: Supported vendor event: vendor_id=0x1374 subcmd=61
09-27 14:53:56.697  1966  1966 D wpa_supplicant: nl80211: Supported vendor event: vendor_id=0x1374 subcmd=67
09-27 14:53:56.697  1966  1966 D wpa_supplicant: nl80211: Supported vendor event: vendor_id=0x1374 subcmd=68
09-27 14:53:56.697  1966  1966 D wpa_supplicant: nl80211: Supported vendor event: vendor_id=0x1374 subcmd=80
09-27 14:53:56.697  1966  1966 D wpa_supplicant: nl80211: Supported vendor event: vendor_id=0x1374 subcmd=41
09-27 14:53:56.697  1966  1966 D wpa_supplicant: nl80211: Supported vendor event: vendor_id=0x1374 subcmd=150
09-27 14:53:56.697  1966  1966 D wpa_supplicant: nl80211: Use separate P2P group interface (driver advertised support)
09-27 14:53:56.697  1966  1966 D wpa_supplicant: nl80211: Enable multi-channel concurrent (driver advertised support)
09-27 14:53:56.697  1966  1966 D wpa_supplicant: nl80211: interface wlan0 in phy phy0
09-27 14:53:56.697  1966  1966 D wpa_supplicant: nl80211: Set mode ifindex 22 iftype 2 (STATION)
09-27 14:53:56.697  2032  2032 W System  : ClassLoader referenced unknown path: /system/priv-app/Settings/lib/arm64
09-27 14:53:56.697  1966  1966 D wpa_supplicant: nl80211: Subscribe to mgmt frames with non-AP handle 0x7fa624c540
09-27 14:53:56.697  1966  1966 D wpa_supplicant: nl80211: Register frame type=0xd0 (WLAN_FC_STYPE_ACTION) nl_handle=0x7fa624c540 match=0104
09-27 14:53:56.697  1966  1966 D wpa_supplicant: nl80211: Register frame type=0xd0 (WLAN_FC_STYPE_ACTION) nl_handle=0x7fa624c540 match=040a
09-27 14:53:56.697  1966  1966 D wpa_supplicant: nl80211: Register frame type=0xd0 (WLAN_FC_STYPE_ACTION) nl_handle=0x7fa624c540 match=040b
09-27 14:53:56.697  1966  1966 D wpa_supplicant: nl80211: Register frame type=0xd0 (WLAN_FC_STYPE_ACTION) nl_handle=0x7fa624c540 match=040c
09-27 14:53:56.697  1966  1966 D wpa_supplicant: nl80211: Register frame type=0xd0 (WLAN_FC_STYPE_ACTION) nl_handle=0x7fa624c540 match=040d
09-27 14:53:56.697  1966  1966 D wpa_supplicant: nl80211: Register frame type=0xd0 (WLAN_FC_STYPE_ACTION) nl_handle=0x7fa624c540 match=090a
09-27 14:53:56.698  1966  1966 D wpa_supplicant: nl80211: Register frame type=0xd0 (WLAN_FC_STYPE_ACTION) nl_handle=0x7fa624c540 match=090b
09-27 14:53:56.698  1966  1966 D wpa_supplicant: nl80211: Register frame type=0xd0 (WLAN_FC_STYPE_ACTION) nl_handle=0x7fa624c540 match=090c
09-27 14:53:56.698  1966  1966 D wpa_supplicant: nl80211: Register frame type=0xd0 (WLAN_FC_STYPE_ACTION) nl_handle=0x7fa624c540 match=090d
09-27 14:53:56.698  1966  1966 D wpa_supplicant: nl80211: Register frame type=0xd0 (WLAN_FC_STYPE_ACTION) nl_handle=0x7fa624c540 match=0409506f9a09
09-27 14:53:56.698  1966  1966 D wpa_supplicant: nl80211: Register frame type=0xd0 (WLAN_FC_STYPE_ACTION) nl_handle=0x7fa624c540 match=7f506f9a09
09-27 14:53:56.698  1966  1966 D wpa_supplicant: nl80211: Register frame type=0xd0 (WLAN_FC_STYPE_ACTION) nl_handle=0x7fa624c540 match=0801
09-27 14:53:56.698  1966  1966 D wpa_supplicant: nl80211: Register frame type=0xd0 (WLAN_FC_STYPE_ACTION) nl_handle=0x7fa624c540 match=040e
09-27 14:53:56.698  1966  1966 D wpa_supplicant: nl80211: Register frame type=0xd0 (WLAN_FC_STYPE_ACTION) nl_handle=0x7fa624c540 match=12
09-27 14:53:56.698  1966  1966 D wpa_supplicant: nl80211: Register frame type=0xd0 (WLAN_FC_STYPE_ACTION) nl_handle=0x7fa624c540 match=06
09-27 14:53:56.698  1966  1966 D wpa_supplicant: nl80211: Register frame type=0xd0 (WLAN_FC_STYPE_ACTION) nl_handle=0x7fa624c540 match=0a07
09-27 14:53:56.698  1966  1966 D wpa_supplicant: nl80211: Register frame type=0xd0 (WLAN_FC_STYPE_ACTION) nl_handle=0x7fa624c540 match=0a11
09-27 14:53:56.698  1966  1966 D wpa_supplicant: nl80211: Register frame type=0xd0 (WLAN_FC_STYPE_ACTION) nl_handle=0x7fa624c540 match=0a1a
09-27 14:53:56.699  1966  1966 D wpa_supplicant: nl80211: Register frame type=0xd0 (WLAN_FC_STYPE_ACTION) nl_handle=0x7fa624c540 match=1101
09-27 14:53:56.699  1966  1966 D wpa_supplicant: nl80211: Register frame type=0xd0 (WLAN_FC_STYPE_ACTION) nl_handle=0x7fa624c540 match=1102
09-27 14:53:56.699  1966  1966 D wpa_supplicant: nl80211: Register frame type=0xd0 (WLAN_FC_STYPE_ACTION) nl_handle=0x7fa624c540 match=0505
09-27 14:53:56.699  2012  2012 I art     : System.exit called, status: 0
09-27 14:53:56.699  2012  2012 I AndroidRuntime: VM exiting with result code 0, cleanup skipped.
09-27 14:53:56.699  1966  1966 I wpa_supplicant: rfkill: Cannot open RFKILL control device
09-27 14:53:56.699  1966  1966 D wpa_supplicant: nl80211: RFKILL status not available
09-27 14:53:56.700  1966  1966 D wpa_supplicant: netlink: Operstate: ifindex=22 linkmode=1 (userspace-control), operstate=5 (IF_OPER_DORMANT)
09-27 14:53:56.701  1940  1940 V MediaRouter: Updating audio routes: AudioRoutesInfo{ type=SPEAKER }
09-27 14:53:56.701  1966  1966 D wpa_supplicant: nl80211: driver param='use_p2p_group_interface=1'
09-27 14:53:56.701  1966  1966 D wpa_supplicant: nl80211: Use separate P2P group interface
09-27 14:53:56.701  1966  1966 D wpa_supplicant: Add interface wlan0 to existing radio phy0
09-27 14:53:56.702  1966  1966 D wpa_supplicant: nl80211: Regulatory information - country=00
09-27 14:53:56.702  1966  1966 D wpa_supplicant: nl80211: 2402-2472 @ 40 MHz 20 mBm
09-27 14:53:56.702  1966  1966 D wpa_supplicant: nl80211: 2457-2482 @ 40 MHz 20 mBm (no IR)
09-27 14:53:56.702  1966  1966 D wpa_supplicant: nl80211: 2474-2494 @ 20 MHz 20 mBm (no OFDM) (no IR)
09-27 14:53:56.702  1966  1966 D wpa_supplicant: nl80211: 5170-5250 @ 80 MHz 20 mBm (no IR)
09-27 14:53:56.702  1966  1966 D wpa_supplicant: nl80211: 5250-5330 @ 80 MHz 20 mBm (no IR)
09-27 14:53:56.702  1966  1966 D wpa_supplicant: nl80211: 5490-5710 @ 80 MHz 20 mBm (no IR)
09-27 14:53:56.702  1966  1966 D wpa_supplicant: nl80211: 5735-5835 @ 80 MHz 20 mBm (no IR)
09-27 14:53:56.702  1966  1966 D wpa_supplicant: nl80211: 57240-63720 @ 2160 MHz 0 mBm
09-27 14:53:56.702  1966  1966 D wpa_supplicant: nl80211: Added 802.11b mode based on 802.11g information
09-27 14:53:56.706  1940  1940 V MediaRouter: Selecting route: RouteInfo{ name=Phone, description=null, status=null, category=RouteCategory{ name=null types=ROUTE_TYPE_LIVE_AUDIO ROUTE_TYPE_LIVE_VIDEO  groupable=false }, supportedTypes=ROUTE_TYPE_LIVE_AUDIO ROUTE_TYPE_LIVE_VIDEO , presentationDisplay=null }
09-27 14:53:56.723   800   996 I OMX-VENC: Component_init : OMX.qcom.video.encoder.hevc : return = 0x0
09-27 14:53:56.725   813   813 W ACodec  : do not know color format 0x7fa30c04 = 2141391876
09-27 14:53:56.726   813   813 W ACodec  : do not know color format 0x7f000789 = 2130708361
09-27 14:53:56.727   800  2062 E OMX-VENC: async_venc_message_thread interrupted to be exited
09-27 14:53:56.729   800  1972 I OMX-VENC: Component Deinit
09-27 14:53:56.730   800  1972 I OMX-VENC: Video encode perflock released
09-27 14:53:56.742   813   813 I MediaPlayerService: MediaPlayerService::getOMX
09-27 14:53:56.743   813   813 I OMXClient: MuxOMX ctor
09-27 14:53:56.744   800   800 I OMXMaster: makeComponentInstance(OMX.qcom.video.encoder.avc) in mediacodec process
09-27 14:53:56.748   800   800 I OMX-VENC: Video encode perflock acquired,handle=-1
09-27 14:53:56.750  1940  1940 V KeyguardUpdateMonitor: startListeningForFingerprint()
09-27 14:53:56.754   800   800 I OMX-VENC: Component_init : OMX.qcom.video.encoder.avc : return = 0x0
09-27 14:53:56.756   813   813 W ACodec  : do not know color format 0x7fa30c04 = 2141391876
09-27 14:53:56.757   813   813 W ACodec  : do not know color format 0x7f000789 = 2130708361
09-27 14:53:56.758   800  2067 E OMX-VENC: async_venc_message_thread interrupted to be exited
09-27 14:53:56.759   800  1972 I OMX-VENC: Component Deinit
09-27 14:53:56.760   800  1972 I OMX-VENC: Video encode perflock released
09-27 14:53:56.762   813   813 I MediaPlayerService: MediaPlayerService::getOMX
09-27 14:53:56.763   813   813 I OMXClient: MuxOMX ctor
09-27 14:53:56.763   800   800 I OMXMaster: makeComponentInstance(OMX.qcom.video.encoder.mpeg4) in mediacodec process
09-27 14:53:56.766  1966  1966 D wpa_supplicant: wlan0: Own MAC address: 00:0a:f5:ad:01:24
09-27 14:53:56.767  1966  1966 D wpa_supplicant: wpa_driver_nl80211_set_key: ifindex=22 (wlan0) alg=0 addr=0x0 key_idx=0 set_tx=0 seq_len=0 key_len=0
09-27 14:53:56.767  1966  1966 D wpa_supplicant: wpa_driver_nl80211_set_key: ifindex=22 (wlan0) alg=0 addr=0x0 key_idx=1 set_tx=0 seq_len=0 key_len=0
09-27 14:53:56.767  1966  1966 D wpa_supplicant: wpa_driver_nl80211_set_key: ifindex=22 (wlan0) alg=0 addr=0x0 key_idx=2 set_tx=0 seq_len=0 key_len=0
09-27 14:53:56.767  1966  1966 D wpa_supplicant: wpa_driver_nl80211_set_key: ifindex=22 (wlan0) alg=0 addr=0x0 key_idx=3 set_tx=0 seq_len=0 key_len=0
09-27 14:53:56.768  1966  1966 D wpa_supplicant: wpa_driver_nl80211_set_key: ifindex=22 (wlan0) alg=0 addr=0x0 key_idx=4 set_tx=0 seq_len=0 key_len=0
09-27 14:53:56.768  1966  1966 D wpa_supplicant: wpa_driver_nl80211_set_key: ifindex=22 (wlan0) alg=0 addr=0x0 key_idx=5 set_tx=0 seq_len=0 key_len=0
09-27 14:53:56.768  1966  1966 D wpa_supplicant: wlan0: RSN: flushing PMKID list in the driver
09-27 14:53:56.768  1966  1966 D wpa_supplicant: nl80211: Flush PMKIDs
09-27 14:53:56.768  1966  1966 D wpa_supplicant: wlan0: State: DISCONNECTED -> INACTIVE
09-27 14:53:56.768  1966  1966 D wpa_supplicant: wlan0: Determining shared radio frequencies (max len 2)
09-27 14:53:56.768  1966  1966 D wpa_supplicant: wlan0: Shared frequencies (len=0): completed iteration
09-27 14:53:56.768  1966  1966 D wpa_supplicant: P2P: Add operating class 81
09-27 14:53:56.768  1966  1966 D wpa_supplicant: P2P: Channels - hexdump(len=11): 01 02 03 04 05 06 07 08 09 0a 0b
09-27 14:53:56.768  1966  1966 D wpa_supplicant: P2P: Update channel list
09-27 14:53:56.768  1966  1966 D wpa_supplicant: P2P: channels: 81:1,2,3,4,5,6,7,8,9,10,11
09-27 14:53:56.768  1966  1966 D wpa_supplicant: P2P: cli_channels:
09-27 14:53:56.768   800   800 I OMX-VENC: Video encode perflock acquired,handle=-1
09-27 14:53:56.776   800   800 I OMX-VENC: Component_init : OMX.qcom.video.encoder.mpeg4 : return = 0x0
09-27 14:53:56.778   800  1972 E OMX-VENC: get_parameter: OMX_IndexParamVideoProfileLevelQuerySupported nProfileIndex ret NoMore 2
09-27 14:53:56.778   813   813 W ACodec  : do not know color format 0x7fa30c04 = 2141391876
09-27 14:53:56.779   813   813 W ACodec  : do not know color format 0x7f000789 = 2130708361
09-27 14:53:56.781  1926  1926 I AndroidIME: com.google.android.apps.inputmethod.libs.framework.core.InputBundleManager: Subtype changes from  to en_IN
09-27 14:53:56.781   800  2072 E OMX-VENC: async_venc_message_thread interrupted to be exited
09-27 14:53:56.782   800   800 I OMX-VENC: Component Deinit
