09-27 14:54:45.653  5186  5209 I OverridingDeviceInfoMan: getCustomerId - Returning unique Customer id for non-anonymous metrics;
09-27 14:54:45.653  5186  5341 V MetricsServiceAdapter: record - [ ATVAndroid , playback/GetDefaultSettings-NetworkExceptions ];
09-27 14:54:45.654  5186  5208 I AmazonVideo: DI:ThirdPartyApplication:Initialization:RegisterFeatures
09-27 14:54:45.654  5186  5341 W AmazonVideo.http: FetchFromServer: (464ms, #3) Aborting network retry due to com.amazon.bolthttp.policy.RetryLimitException: Retry limit (3, 30000ms) reached for Request@d008dcd[GET https://andr-b7a56873cd-52b9fa6f2a5a240b-cd0aa9856147b6c5b4-990151.eu.api.amazonvideo.com/cdp/playback/GetDefaultSettings?deviceTypeID=A43PXU4ZN2AL1&screenWidth=sw360dp&firmware=fmw%3A25-app%3A3.0.99.15101&<REMOVED>&version=1&screenDensity=XXHDPI&supportsPKMZ=true&format=json&responseFormatVersion=1.0.0]
09-27 14:54:45.654  5186  5208 I AmazonVideo: Completed initialize for DI:ThirdPartyApplication
09-27 14:54:45.655  5186  5209 D Metrics:BatchCreator: addMetricEntry - Adding metric entry; metricEntry: 1506495285651 ATVAndroid playback/GetDefaultSettings-NetworkCall  [FailureAttempt-3,5.0,1]  [vcrPivot,Excluded:HOME,1]  [appVersion:currentCountry,Clerks5:CN,1]  [appVersion:vcrPivot,Clerks5:Excluded:HOME,1]  [appVersion,Clerks5,1]  [currentCountry,CN,1]  [vcr,CN,1]  [appVersion:vcr,Clerks5:CN,1]  [anonymous,true,1]  [HTTP_USER_AGENT,AMZN(SmartPhone/G/A43PXU4ZN2AL1,Android/7.1.2,//,DCM),1] 
09-27 14:54:45.655  5186  5209 D OverridingDeviceInfoMan: getDeviceSerialNumber - Returning unique device id for non-anonymous metrics;
09-27 14:54:45.655  5186  5209 D OverridingDeviceInfoMan: getSessionID - Returning unique session id for non-anonymous metrics;
09-27 14:54:45.655  5186  5209 I OverridingDeviceInfoMan: getCustomerID - Inside get customer id for Overriding Device InfoManager;
09-27 14:54:45.655  5186  5209 I OverridingDeviceInfoMan: getCustomerId - Returning unique Customer id for non-anonymous metrics;
09-27 14:54:45.655  5307  5357 I chatty  : uid=10095(com.amazon.kindle) expire 6 lines
09-27 14:54:45.655  5186  5247 I AmazonVideo.profiler: Marker[SECOND_SCREEN_READY_FOR_INITIALIZATION] null
09-27 14:54:45.657  5186  5209 D Metrics:BatchCreator: addMetricEntry - Adding metric entry; metricEntry: 1506495285653 ATVAndroid playback/GetDefaultSettings-NetworkExceptions  [MissingCustomerException,1.0,1]  [vcrPivot,Excluded:HOME,1]  [appVersion:currentCountry,Clerks5:CN,1]  [appVersion:vcrPivot,Clerks5:Excluded:HOME,1]  [appVersion,Clerks5,1]  [currentCountry,CN,1]  [vcr,CN,1]  [appVersion:vcr,Clerks5:CN,1]  [anonymous,true,1]  [HTTP_USER_AGENT,AMZN(SmartPhone/G/A43PXU4ZN2AL1,Android/7.1.2,//,DCM),1] 
09-27 14:54:45.660  5186  5338 I AmazonVideo.profiler: Metric[name=playback/GetDefaultSettings-Execution, type=[Failure], duration=529]
09-27 14:54:45.661  5186  5338 D AbstractMetricsFactoryImpl: Setting non-anonymous customer ID and session ID to null, and anonymous tag to true as the metric entry was not recorded in non-anonymous queue.
09-27 14:54:45.661  5186  5338 V MetricsServiceAdapter: record - [ ATVAndroid , playback/GetDefaultSettings-Execution ];
09-27 14:54:45.662  5186  5209 D OverridingDeviceInfoMan: getDeviceSerialNumber - Returning unique device id for non-anonymous metrics;
09-27 14:54:45.662  5186  5209 D OverridingDeviceInfoMan: getSessionID - Returning unique session id for non-anonymous metrics;
09-27 14:54:45.662  5186  5209 I OverridingDeviceInfoMan: getCustomerID - Inside get customer id for Overriding Device InfoManager;
09-27 14:54:45.662  5186  5209 I OverridingDeviceInfoMan: getCustomerId - Returning unique Customer id for non-anonymous metrics;
09-27 14:54:45.664  5186  5331 E AmazonVideo: EXCEPTION BoltException in BoltHttpCaller.execute: Bolt exception thrown for Request@d008dcd[GET https://andr-b7a56873cd-52b9fa6f2a5a240b-cd0aa9856147b6c5b4-990151.eu.api.amazonvideo.com/cdp/playback/GetDefaultSettings?deviceTypeID=A43PXU4ZN2AL1&screenWidth=sw360dp&firmware=fmw%3A25-app%3A3.0.99.15101&<REMOVED>&version=1&screenDensity=XXHDPI&supportsPKMZ=true&format=json&responseFormatVersion=1.0.0]: com.amazon.bolthttp.policy.RetryLimitException: Retry limit (3, 30000ms) reached
09-27 14:54:45.664  5186  5209 D Metrics:BatchCreator: addMetricEntry - Adding metric entry; metricEntry: 1506495285661 ATVAndroid playback/GetDefaultSettings-Execution  [Failure,529.0,1]  [vcrPivot,Excluded:HOME,1]  [appVersion:currentCountry,Clerks5:CN,1]  [appVersion:vcrPivot,Clerks5:Excluded:HOME,1]  [appVersion,Clerks5,1]  [currentCountry,CN,1]  [vcr,CN,1]  [appVersion:vcr,Clerks5:CN,1]  [anonymous,true,1]  [HTTP_USER_AGENT,AMZN(SmartPhone/G/A43PXU4ZN2AL1,Android/7.1.2,//,DCM),1] 
09-27 14:54:45.665  5186  5331 E AmazonVideo: ERROR: Caller com.amazon.avod.service.BoltHttpCaller@54c81e8 completed. Error while sending request.
09-27 14:54:45.687  5186  5331 E AmazonVideo: ERROR: Sending QOS error for exception: org.apache.http.HttpException: Network Exception
09-27 14:54:45.687  5186  5331 W AmazonVideo: Warning: There is an error while getting playback settings. Skip updating
09-27 14:54:45.688  5186  5331 W AmazonVideo: Warning: Bad time value. delayTimeMillis when storing: -1 ms. storedTimeMillis: -1 ms.
09-27 14:54:45.691  5186  5186 I AmazonVideo: ARSM: received a Enable trigger and is entering UninitializedState
09-27 14:54:45.695  5186  5186 I AmazonVideo: ARSM: received a StartCounting trigger and is entering CountingState
09-27 14:54:45.702  5186  5331 D AmazonVideo.http: Received Request@50885df[GET https://andr-b7a56873cd-52b9fa6f2a5a240b-cd0aa9856147b6c5b4-990151.eu.api.amazonvideo.com/cdp/playback/GetDefaultSettings?deviceTypeID=A43PXU4ZN2AL1&screenWidth=sw360dp&firmware=fmw%3A25-app%3A3.0.99.15101&<REMOVED>&version=1&screenDensity=XXHDPI&supportsPKMZ=true&format=json&responseFormatVersion=1.0.0] from thread HeuristicsConfigurationScheduler-0
09-27 14:54:45.711  5186  5371 W AmazonVideo.http: FetchFromServer: (1ms, #1) Caught exception com.amazon.avod.core.MissingCustomerException: Cannot authenticate call w/o current user for Request@50885df
09-27 14:54:45.713  5186  5371 I AmazonVideo.profiler: Metric[name=playback/GetDefaultSettings-NetworkCall, type=[Failure, FailureAttempt-1], duration=1]
09-27 14:54:45.714  5186  5327 I         : T5327: DrmSession::getDrmSession: Trying to get a session id: DrmLicensingSession
09-27 14:54:45.714  5186  5327 I         : T5327: DrmSession::getDrmSession: Created a new DRM Session DrmLicensingSession (0xe7541340)
09-27 14:54:45.714  5186  5371 D AbstractMetricsFactoryImpl: Setting non-anonymous customer ID and session ID to null, and anonymous tag to true as the metric entry was not recorded in non-anonymous queue.
09-27 14:54:45.715  5186  5371 V MetricsServiceAdapter: record - [ ATVAndroid , playback/GetDefaultSettings-NetworkCall ];
09-27 14:54:45.715  5186  5191 I art     : Do partial code cache collection, code=62KB, data=57KB
09-27 14:54:45.716  5186  5209 D OverridingDeviceInfoMan: getDeviceSerialNumber - Returning unique device id for non-anonymous metrics;
09-27 14:54:45.716  5186  5209 D OverridingDeviceInfoMan: getSessionID - Returning unique session id for non-anonymous metrics;
09-27 14:54:45.716  5186  5191 I art     : After code cache collection, code=62KB, data=57KB
09-27 14:54:45.717  5186  5209 I OverridingDeviceInfoMan: getCustomerID - Inside get customer id for Overriding Device InfoManager;
09-27 14:54:45.717  5186  5191 I art     : Increasing code cache capacity to 256KB
09-27 14:54:45.717  5186  5209 I OverridingDeviceInfoMan: getCustomerId - Returning unique Customer id for non-anonymous metrics;
09-27 14:54:45.717  5186  5371 D AbstractMetricsFactoryImpl: Setting non-anonymous customer ID and session ID to null, and anonymous tag to true as the metric entry was not recorded in non-anonymous queue.
09-27 14:54:45.717  5186  5371 V MetricsServiceAdapter: record - [ ATVAndroid , playback/GetDefaultSettings-NetworkCall ];
09-27 14:54:45.718  5186  5371 I AmazonVideo.profiler: Metric[name=playback/GetDefaultSettings-NetworkExceptions, type=[MissingCustomerException], val=1]
09-27 14:54:45.719  5186  5209 D Metrics:BatchCreator: addMetricEntry - Adding metric entry; metricEntry: 1506495285715 ATVAndroid playback/GetDefaultSettings-NetworkCall  [Failure,1.0,1]  [vcrPivot,Excluded:HOME,1]  [appVersion:currentCountry,Clerks5:CN,1]  [appVersion:vcrPivot,Clerks5:Excluded:HOME,1]  [appVersion,Clerks5,1]  [currentCountry,CN,1]  [vcr,CN,1]  [appVersion:vcr,Clerks5:CN,1]  [anonymous,true,1]  [HTTP_USER_AGENT,AMZN(SmartPhone/G/A43PXU4ZN2AL1,Android/7.1.2,//,DCM),1] 
09-27 14:54:45.719  5186  5209 D OverridingDeviceInfoMan: getDeviceSerialNumber - Returning unique device id for non-anonymous metrics;
09-27 14:54:45.719  5186  5371 D AbstractMetricsFactoryImpl: Setting non-anonymous customer ID and session ID to null, and anonymous tag to true as the metric entry was not recorded in non-anonymous queue.
09-27 14:54:45.719  5186  5209 D OverridingDeviceInfoMan: getSessionID - Returning unique session id for non-anonymous metrics;
09-27 14:54:45.719  5186  5209 I OverridingDeviceInfoMan: getCustomerID - Inside get customer id for Overriding Device InfoManager;
09-27 14:54:45.719  5186  5209 I OverridingDeviceInfoMan: getCustomerId - Returning unique Customer id for non-anonymous metrics;
09-27 14:54:45.719  5186  5371 V MetricsServiceAdapter: record - [ ATVAndroid , playback/GetDefaultSettings-NetworkExceptions ];
09-27 14:54:45.721  5186  5209 D Metrics:BatchCreator: addMetricEntry - Adding metric entry; metricEntry: 1506495285717 ATVAndroid playback/GetDefaultSettings-NetworkCall  [FailureAttempt-1,1.0,1]  [vcrPivot,Excluded:HOME,1]  [appVersion:currentCountry,Clerks5:CN,1]  [appVersion:vcrPivot,Clerks5:Excluded:HOME,1]  [appVersion,Clerks5,1]  [currentCountry,CN,1]  [vcr,CN,1]  [appVersion:vcr,Clerks5:CN,1]  [anonymous,true,1]  [HTTP_USER_AGENT,AMZN(SmartPhone/G/A43PXU4ZN2AL1,Android/7.1.2,//,DCM),1] 
09-27 14:54:45.722  5186  5209 D OverridingDeviceInfoMan: getDeviceSerialNumber - Returning unique device id for non-anonymous metrics;
09-27 14:54:45.722  5186  5209 D OverridingDeviceInfoMan: getSessionID - Returning unique session id for non-anonymous metrics;
09-27 14:54:45.722  5186  5209 I OverridingDeviceInfoMan: getCustomerID - Inside get customer id for Overriding Device InfoManager;
09-27 14:54:45.722  5186  5209 I OverridingDeviceInfoMan: getCustomerId - Returning unique Customer id for non-anonymous metrics;
09-27 14:54:45.724  5186  5209 D Metrics:BatchCreator: addMetricEntry - Adding metric entry; metricEntry: 1506495285719 ATVAndroid playback/GetDefaultSettings-NetworkExceptions  [MissingCustomerException,1.0,1]  [vcrPivot,Excluded:HOME,1]  [appVersion:currentCountry,Clerks5:CN,1]  [appVersion:vcrPivot,Clerks5:Excluded:HOME,1]  [appVersion,Clerks5,1]  [currentCountry,CN,1]  [vcr,CN,1]  [appVersion:vcr,Clerks5:CN,1]  [anonymous,true,1]  [HTTP_USER_AGENT,AMZN(SmartPhone/G/A43PXU4ZN2AL1,Android/7.1.2,//,DCM),1] 
09-27 14:54:45.728  5186  5363 I AmazonVideo: Downloads syncing for actions [MarkMissingLicenseSyncAction]
09-27 14:54:45.729  5307  5372 I chatty  : uid=10095(com.amazon.kindle) expire 6 lines
09-27 14:54:45.731  5186  5363 I AmazonVideo: Attempted to MARK_MISSING_LICENSE sync 0 asins. Successes : 0. Failures : 0
09-27 14:54:45.734  5186  5363 I AmazonVideo: Downloads syncing for actions [RepairLicenseSyncAction]
09-27 14:54:45.735  5186  5363 I AmazonVideo: Attempted to LICENSE_REPAIR sync 0 asins. Successes : 0. Failures : 0
09-27 14:54:45.737  5186  5363 I AmazonVideo: Downloads syncing for actions []
09-27 14:54:45.739  5186  5363 I AmazonVideo: Downloads syncing for actions []
09-27 14:54:45.740  5186  5363 I AmazonVideo: Cannot get the next deletion because no user registered.
09-27 14:54:45.740  5186  5363 I AmazonVideo: Cannot get the next download because no user registered.
09-27 14:54:45.741  5186  5346 I AmazonVideo: Cannot get the next deletion because no user registered.
09-27 14:54:45.741  5186  5347 I AmazonVideo: Cannot get the next download because no user registered.
09-27 14:54:45.764  3194  4112 E GCM     : Missing checkin config file
09-27 14:54:45.766  3194  4112 W GCM     : GCM FAILED TO INITIALIZE - missing checkin
09-27 14:54:45.769  5186  5359 I AmazonVideo: Push registration error: RegistrationError{exception:com.amazon.avod.pushnotification.registration.BasePushRegistrationLogic$RegistrationIdAcquisitionException: java.io.IOException: AUTHENTICATION_FAILED}
09-27 14:54:45.770  5186  5359 I AmazonVideo.profiler: Metric[name=PNRegistrationFailure_GCM, type=[Counter], val=1]
09-27 14:54:45.771  5186  5359 D AbstractMetricsFactoryImpl: Setting non-anonymous customer ID and session ID to null, and anonymous tag to true as the metric entry was not recorded in non-anonymous queue.
09-27 14:54:45.772  5186  5359 V MetricsServiceAdapter: record - [ ATVAndroid , PNRegistrationFailure_GCM ];
09-27 14:54:45.772  5186  5209 D OverridingDeviceInfoMan: getDeviceSerialNumber - Returning unique device id for non-anonymous metrics;
09-27 14:54:45.772  5186  5209 D OverridingDeviceInfoMan: getSessionID - Returning unique session id for non-anonymous metrics;
09-27 14:54:45.772  5186  5209 I OverridingDeviceInfoMan: getCustomerID - Inside get customer id for Overriding Device InfoManager;
09-27 14:54:45.772  5186  5209 I OverridingDeviceInfoMan: getCustomerId - Returning unique Customer id for non-anonymous metrics;
09-27 14:54:45.775  5186  5209 D Metrics:BatchCreator: addMetricEntry - Adding metric entry; metricEntry: 1506495285771 ATVAndroid PNRegistrationFailure_GCM  [Counter,1.0,1]  [vcrPivot,Excluded:HOME,1]  [appVersion:currentCountry,Clerks5:CN,1]  [appVersion:vcrPivot,Clerks5:Excluded:HOME,1]  [appVersion,Clerks5,1]  [currentCountry,CN,1]  [vcr,CN,1]  [appVersion:vcr,Clerks5:CN,1]  [anonymous,true,1]  [HTTP_USER_AGENT,AMZN(SmartPhone/G/A43PXU4ZN2AL1,Android/7.1.2,//,DCM),1] 
09-27 14:54:45.923  5186  5371 W AmazonVideo.http: FetchFromServer: (212ms, #2) Caught exception com.amazon.avod.core.MissingCustomerException: Cannot authenticate call w/o current user for Request@50885df
09-27 14:54:45.924  5186  5371 I AmazonVideo.profiler: Metric[name=playback/GetDefaultSettings-NetworkCall, type=[Failure, FailureAttempt-2], duration=2]
09-27 14:54:45.926  5186  5371 D AbstractMetricsFactoryImpl: Setting non-anonymous customer ID and session ID to null, and anonymous tag to true as the metric entry was not recorded in non-anonymous queue.
09-27 14:54:45.926  5186  5371 V MetricsServiceAdapter: record - [ ATVAndroid , playback/GetDefaultSettings-NetworkCall ];
09-27 14:54:45.927  5186  5209 D OverridingDeviceInfoMan: getDeviceSerialNumber - Returning unique device id for non-anonymous metrics;
09-27 14:54:45.927  5186  5209 D OverridingDeviceInfoMan: getSessionID - Returning unique session id for non-anonymous metrics;
09-27 14:54:45.927  5186  5209 I OverridingDeviceInfoMan: getCustomerID - Inside get customer id for Overriding Device InfoManager;
09-27 14:54:45.927  5186  5209 I OverridingDeviceInfoMan: getCustomerId - Returning unique Customer id for non-anonymous metrics;
09-27 14:54:45.927  5186  5371 D AbstractMetricsFactoryImpl: Setting non-anonymous customer ID and session ID to null, and anonymous tag to true as the metric entry was not recorded in non-anonymous queue.
09-27 14:54:45.928  5186  5371 V MetricsServiceAdapter: record - [ ATVAndroid , playback/GetDefaultSettings-NetworkCall ];
09-27 14:54:45.929  5186  5371 I AmazonVideo.profiler: Metric[name=playback/GetDefaultSettings-NetworkExceptions, type=[MissingCustomerException], val=1]
09-27 14:54:45.929  5186  5209 D Metrics:BatchCreator: addMetricEntry - Adding metric entry; metricEntry: 1506495285926 ATVAndroid playback/GetDefaultSettings-NetworkCall  [Failure,2.0,1]  [vcrPivot,Excluded:HOME,1]  [appVersion:currentCountry,Clerks5:CN,1]  [appVersion:vcrPivot,Clerks5:Excluded:HOME,1]  [appVersion,Clerks5,1]  [currentCountry,CN,1]  [vcr,CN,1]  [appVersion:vcr,Clerks5:CN,1]  [anonymous,true,1]  [HTTP_USER_AGENT,AMZN(SmartPhone/G/A43PXU4ZN2AL1,Android/7.1.2,//,DCM),1] 
09-27 14:54:45.929  5186  5209 D OverridingDeviceInfoMan: getDeviceSerialNumber - Returning unique device id for non-anonymous metrics;
09-27 14:54:45.929  5186  5209 D OverridingDeviceInfoMan: getSessionID - Returning unique session id for non-anonymous metrics;
09-27 14:54:45.929  5186  5209 I OverridingDeviceInfoMan: getCustomerID - Inside get customer id for Overriding Device InfoManager;
09-27 14:54:45.929  5186  5209 I OverridingDeviceInfoMan: getCustomerId - Returning unique Customer id for non-anonymous metrics;
09-27 14:54:45.930  5186  5371 D AbstractMetricsFactoryImpl: Setting non-anonymous customer ID and session ID to null, and anonymous tag to true as the metric entry was not recorded in non-anonymous queue.
09-27 14:54:45.930  5186  5371 V MetricsServiceAdapter: record - [ ATVAndroid , playback/GetDefaultSettings-NetworkExceptions ];
09-27 14:54:45.931  5186  5209 D Metrics:BatchCreator: addMetricEntry - Adding metric entry; metricEntry: 1506495285928 ATVAndroid playback/GetDefaultSettings-NetworkCall  [FailureAttempt-2,2.0,1]  [vcrPivot,Excluded:HOME,1]  [appVersion:currentCountry,Clerks5:CN,1]  [appVersion:vcrPivot,Clerks5:Excluded:HOME,1]  [appVersion,Clerks5,1]  [currentCountry,CN,1]  [vcr,CN,1]  [appVersion:vcr,Clerks5:CN,1]  [anonymous,true,1]  [HTTP_USER_AGENT,AMZN(SmartPhone/G/A43PXU4ZN2AL1,Android/7.1.2,//,DCM),1] 
09-27 14:54:45.932  5186  5209 D OverridingDeviceInfoMan: getDeviceSerialNumber - Returning unique device id for non-anonymous metrics;
09-27 14:54:45.932  5186  5209 D OverridingDeviceInfoMan: getSessionID - Returning unique session id for non-anonymous metrics;
09-27 14:54:45.932  5186  5209 I OverridingDeviceInfoMan: getCustomerID - Inside get customer id for Overriding Device InfoManager;
09-27 14:54:45.932  5186  5209 I OverridingDeviceInfoMan: getCustomerId - Returning unique Customer id for non-anonymous metrics;
09-27 14:54:45.934  5186  5209 D Metrics:BatchCreator: addMetricEntry - Adding metric entry; metricEntry: 1506495285930 ATVAndroid playback/GetDefaultSettings-NetworkExceptions  [MissingCustomerException,1.0,1]  [vcrPivot,Excluded:HOME,1]  [appVersion:currentCountry,Clerks5:CN,1]  [appVersion:vcrPivot,Clerks5:Excluded:HOME,1]  [appVersion,Clerks5,1]  [currentCountry,CN,1]  [vcr,CN,1]  [appVersion:vcr,Clerks5:CN,1]  [anonymous,true,1]  [HTTP_USER_AGENT,AMZN(SmartPhone/G/A43PXU4ZN2AL1,Android/7.1.2,//,DCM),1] 
09-27 14:54:45.958  1774  2737 W BackupManagerService: dataChanged but no participant pkg='com.amazon.kindle' uid=10095
09-27 14:54:45.962  1774  2069 W BackupManagerService: dataChanged but no participant pkg='com.amazon.kindle' uid=10095
09-27 14:54:45.968  5307  5379 I chatty  : uid=10095(com.amazon.kindle) expire 4 lines
09-27 14:54:45.968  1774  1785 W BackupManagerService: dataChanged but no participant pkg='com.amazon.kindle' uid=10095
09-27 14:54:45.970  1774  1886 W BackupManagerService: dataChanged but no participant pkg='com.amazon.kindle' uid=10095
09-27 14:54:45.973  1774  2822 W BackupManagerService: dataChanged but no participant pkg='com.amazon.kindle' uid=10095
09-27 14:54:45.974  1774  1786 W BackupManagerService: dataChanged but no participant pkg='com.amazon.kindle' uid=10095
09-27 14:54:45.976  1774  2823 W BackupManagerService: dataChanged but no participant pkg='com.amazon.kindle' uid=10095
09-27 14:54:45.978  1774  2883 W BackupManagerService: dataChanged but no participant pkg='com.amazon.kindle' uid=10095
09-27 14:54:46.018  1774  2835 I chatty  : uid=1000(system) Binder:1774_F expire 1 line
09-27 14:54:46.089  5307  5381 I chatty  : uid=10095(com.amazon.kindle) expire 1 line
09-27 14:54:46.099  5307  5388 I chatty  : uid=10095(com.amazon.kindle) expire 14 lines
09-27 14:54:46.114  5307  5389 I chatty  : uid=10095(com.amazon.kindle) expire 9 lines
09-27 14:54:46.116  5307  5384 I chatty  : uid=10095(com.amazon.kindle) expire 29 lines
09-27 14:54:46.121  5307  5390 I chatty  : uid=10095(com.amazon.kindle) expire 7 lines
09-27 14:54:46.136  5186  5371 W AmazonVideo.http: FetchFromServer: (426ms, #3) Caught exception com.amazon.avod.core.MissingCustomerException: Cannot authenticate call w/o current user for Request@50885df
09-27 14:54:46.138  5186  5371 I AmazonVideo.profiler: Metric[name=playback/GetDefaultSettings-NetworkCall, type=[Failure, FailureAttempt-3], duration=6]
09-27 14:54:46.139  5186  5371 D AbstractMetricsFactoryImpl: Setting non-anonymous customer ID and session ID to null, and anonymous tag to true as the metric entry was not recorded in non-anonymous queue.
09-27 14:54:46.139  5186  5371 V MetricsServiceAdapter: record - [ ATVAndroid , playback/GetDefaultSettings-NetworkCall ];
09-27 14:54:46.140  5186  5209 D OverridingDeviceInfoMan: getDeviceSerialNumber - Returning unique device id for non-anonymous metrics;
09-27 14:54:46.140  5186  5209 D OverridingDeviceInfoMan: getSessionID - Returning unique session id for non-anonymous metrics;
09-27 14:54:46.140  5186  5209 I OverridingDeviceInfoMan: getCustomerID - Inside get customer id for Overriding Device InfoManager;
09-27 14:54:46.140  5186  5209 I OverridingDeviceInfoMan: getCustomerId - Returning unique Customer id for non-anonymous metrics;
09-27 14:54:46.141  5186  5371 D AbstractMetricsFactoryImpl: Setting non-anonymous customer ID and session ID to null, and anonymous tag to true as the metric entry was not recorded in non-anonymous queue.
09-27 14:54:46.141  5186  5371 V MetricsServiceAdapter: record - [ ATVAndroid , playback/GetDefaultSettings-NetworkCall ];
09-27 14:54:46.142  5186  5371 I AmazonVideo.profiler: Metric[name=playback/GetDefaultSettings-NetworkExceptions, type=[MissingCustomerException], val=1]
09-27 14:54:46.142  5186  5209 D Metrics:BatchCreator: addMetricEntry - Adding metric entry; metricEntry: 1506495286139 ATVAndroid playback/GetDefaultSettings-NetworkCall  [Failure,6.0,1]  [vcrPivot,Excluded:HOME,1]  [appVersion:currentCountry,Clerks5:CN,1]  [appVersion:vcrPivot,Clerks5:Excluded:HOME,1]  [appVersion,Clerks5,1]  [currentCountry,CN,1]  [vcr,CN,1]  [appVersion:vcr,Clerks5:CN,1]  [anonymous,true,1]  [HTTP_USER_AGENT,AMZN(SmartPhone/G/A43PXU4ZN2AL1,Android/7.1.2,//,DCM),1] 
09-27 14:54:46.142  5186  5209 D OverridingDeviceInfoMan: getDeviceSerialNumber - Returning unique device id for non-anonymous metrics;
09-27 14:54:46.143  5186  5209 D OverridingDeviceInfoMan: getSessionID - Returning unique session id for non-anonymous metrics;
09-27 14:54:46.143  5186  5209 I OverridingDeviceInfoMan: getCustomerID - Inside get customer id for Overriding Device InfoManager;
09-27 14:54:46.143  5186  5209 I OverridingDeviceInfoMan: getCustomerId - Returning unique Customer id for non-anonymous metrics;
09-27 14:54:46.143  5186  5371 D AbstractMetricsFactoryImpl: Setting non-anonymous customer ID and session ID to null, and anonymous tag to true as the metric entry was not recorded in non-anonymous queue.
09-27 14:54:46.143  5186  5371 V MetricsServiceAdapter: record - [ ATVAndroid , playback/GetDefaultSettings-NetworkExceptions ];
09-27 14:54:46.145  5186  5209 D Metrics:BatchCreator: addMetricEntry - Adding metric entry; metricEntry: 1506495286141 ATVAndroid playback/GetDefaultSettings-NetworkCall  [FailureAttempt-3,6.0,1]  [vcrPivot,Excluded:HOME,1]  [appVersion:currentCountry,Clerks5:CN,1]  [appVersion:vcrPivot,Clerks5:Excluded:HOME,1]  [appVersion,Clerks5,1]  [currentCountry,CN,1]  [vcr,CN,1]  [appVersion:vcr,Clerks5:CN,1]  [anonymous,true,1]  [HTTP_USER_AGENT,AMZN(SmartPhone/G/A43PXU4ZN2AL1,Android/7.1.2,//,DCM),1] 
09-27 14:54:46.145  5186  5371 W AmazonVideo.http: FetchFromServer: (435ms, #3) Aborting network retry due to com.amazon.bolthttp.policy.RetryLimitException: Retry limit (3, 30000ms) reached for Request@50885df[GET https://andr-b7a56873cd-52b9fa6f2a5a240b-cd0aa9856147b6c5b4-990151.eu.api.amazonvideo.com/cdp/playback/GetDefaultSettings?deviceTypeID=A43PXU4ZN2AL1&screenWidth=sw360dp&firmware=fmw%3A25-app%3A3.0.99.15101&<REMOVED>&version=1&screenDensity=XXHDPI&supportsPKMZ=true&format=json&responseFormatVersion=1.0.0]
09-27 14:54:46.145  5186  5209 D OverridingDeviceInfoMan: getDeviceSerialNumber - Returning unique device id for non-anonymous metrics;
09-27 14:54:46.145  5186  5209 D OverridingDeviceInfoMan: getSessionID - Returning unique session id for non-anonymous metrics;
09-27 14:54:46.146  5186  5209 I OverridingDeviceInfoMan: getCustomerID - Inside get customer id for Overriding Device InfoManager;
09-27 14:54:46.146  5186  5209 I OverridingDeviceInfoMan: getCustomerId - Returning unique Customer id for non-anonymous metrics;
09-27 14:54:46.147  5186  5338 I AmazonVideo.profiler: Metric[name=playback/GetDefaultSettings-Execution, type=[Failure], duration=444]
09-27 14:54:46.148  5186  5209 D Metrics:BatchCreator: addMetricEntry - Adding metric entry; metricEntry: 1506495286143 ATVAndroid playback/GetDefaultSettings-NetworkExceptions  [MissingCustomerException,1.0,1]  [vcrPivot,Excluded:HOME,1]  [appVersion:currentCountry,Clerks5:CN,1]  [appVersion:vcrPivot,Clerks5:Excluded:HOME,1]  [appVersion,Clerks5,1]  [currentCountry,CN,1]  [vcr,CN,1]  [appVersion:vcr,Clerks5:CN,1]  [anonymous,true,1]  [HTTP_USER_AGENT,AMZN(SmartPhone/G/A43PXU4ZN2AL1,Android/7.1.2,//,DCM),1] 
09-27 14:54:46.153  5186  5338 D AbstractMetricsFactoryImpl: Setting non-anonymous customer ID and session ID to null, and anonymous tag to true as the metric entry was not recorded in non-anonymous queue.
09-27 14:54:46.160  5186  5338 V MetricsServiceAdapter: record - [ ATVAndroid , playback/GetDefaultSettings-Execution ];
09-27 14:54:46.160  5186  5209 D OverridingDeviceInfoMan: getDeviceSerialNumber - Returning unique device id for non-anonymous metrics;
09-27 14:54:46.160  5186  5209 D OverridingDeviceInfoMan: getSessionID - Returning unique session id for non-anonymous metrics;
09-27 14:54:46.160  5186  5209 I OverridingDeviceInfoMan: getCustomerID - Inside get customer id for Overriding Device InfoManager;
09-27 14:54:46.160  5186  5209 I OverridingDeviceInfoMan: getCustomerId - Returning unique Customer id for non-anonymous metrics;
09-27 14:54:46.161  5186  5331 E AmazonVideo: EXCEPTION BoltException in BoltHttpCaller.execute: Bolt exception thrown for Request@50885df[GET https://andr-b7a56873cd-52b9fa6f2a5a240b-cd0aa9856147b6c5b4-990151.eu.api.amazonvideo.com/cdp/playback/GetDefaultSettings?deviceTypeID=A43PXU4ZN2AL1&screenWidth=sw360dp&firmware=fmw%3A25-app%3A3.0.99.15101&<REMOVED>&version=1&screenDensity=XXHDPI&supportsPKMZ=true&format=json&responseFormatVersion=1.0.0]: com.amazon.bolthttp.policy.RetryLimitException: Retry limit (3, 30000ms) reached
09-27 14:54:46.161  5186  5331 E AmazonVideo: ERROR: Caller com.amazon.avod.service.BoltHttpCaller@54c81e8 completed. Error while sending request.
09-27 14:54:46.163  4991  5164 I LKCore  : vendor/qcom/proprietary/qti-logkit/LKCore/SocketConnector.cpp:384: read 71 bytes
09-27 14:54:46.163  4991  5164 I LKCore  : vendor/qcom/proprietary/qti-logkit/LKCore/SocketConnector.cpp:400: Buffer: 02 00 00 00 03 00 00 00 3b 00 00 00 02 00 00 00 03 00 00 00 2f 64 61 74 61 2f 6d 69 73 63 2f 71 74 69 2d 6c 6f 67 6b 69 74 2f 73 68 61 72 65 64 2d 70 72 69 76 69 6c 65 67 65 64 2f 73 62 6c 64 75 6d 70 2e 62 69 6e 
09-27 14:54:46.163  4991  5164 I LKCore  : vendor/qcom/proprietary/qti-logkit/LKCore/SocketConnector.cpp:1471: Bad type 2
09-27 14:54:46.163  4991  5164 I LKCore  : vendor/qcom/proprietary/qti-logkit/LKCore/SocketConnector.cpp:540: ClientThread 27 exit
09-27 14:54:46.164  5186  5209 D Metrics:BatchCreator: addMetricEntry - Adding metric entry; metricEntry: 1506495286154 ATVAndroid playback/GetDefaultSettings-Execution  [Failure,444.0,1]  [vcrPivot,Excluded:HOME,1]  [appVersion:currentCountry,Clerks5:CN,1]  [appVersion:vcrPivot,Clerks5:Excluded:HOME,1]  [appVersion,Clerks5,1]  [currentCountry,CN,1]  [vcr,CN,1]  [appVersion:vcr,Clerks5:CN,1]  [anonymous,true,1]  [HTTP_USER_AGENT,AMZN(SmartPhone/G/A43PXU4ZN2AL1,Android/7.1.2,//,DCM),1] 
09-27 14:54:46.178  5186  5331 E AmazonVideo: ERROR: Sending QOS error for exception: org.apache.http.HttpException: Network Exception
09-27 14:54:46.178  5186  5331 W AmazonVideo: Warning: There is an error while getting playback settings. Skip updating
09-27 14:54:46.216  5307  5391 I chatty  : uid=10095(com.amazon.kindle) expire 33 lines
09-27 14:54:46.321  5307  5405 I chatty  : uid=10095(com.amazon.kindle) expire 8 lines
09-27 14:54:46.329  5307  5386 I chatty  : uid=10095(com.amazon.kindle) expire 4 lines
09-27 14:54:46.626  4923  5421 I chatty  : uid=1000(system) com.qualcomm.qti.logkit expire 2 lines
09-27 14:54:46.679  5307  5423 I chatty  : uid=10095(com.amazon.kindle) expire 10 lines
09-27 14:54:46.692  5307  5418 I chatty  : uid=10095(com.amazon.kindle) expire 2 lines
09-27 14:54:46.733  5307  5432 I chatty  : uid=10095(com.amazon.kindle) expire 2 lines
09-27 14:54:46.735  5307  5429 I chatty  : uid=10095(com.amazon.kindle) expire 2 lines
09-27 14:54:46.744  5307  5313 I chatty  : uid=10095(com.amazon.kindle) expire 3 lines
09-27 14:54:46.753  5307  5433 I chatty  : uid=10095(com.amazon.kindle) expire 2 lines
09-27 14:54:46.785  5307  5410 I chatty  : uid=10095(com.amazon.kindle) expire 13 lines
09-27 14:54:46.785  1774  2835 W BackupManagerService: dataChanged but no participant pkg='com.amazon.kindle' uid=10095
09-27 14:54:46.786  1774  2901 W BackupManagerService: dataChanged but no participant pkg='com.amazon.kindle' uid=10095
09-27 14:54:46.790  1774  2069 W BackupManagerService: dataChanged but no participant pkg='com.amazon.kindle' uid=10095
09-27 14:54:46.791  1774  2822 W BackupManagerService: dataChanged but no participant pkg='com.amazon.kindle' uid=10095
09-27 14:54:46.793  1774  2883 W BackupManagerService: dataChanged but no participant pkg='com.amazon.kindle' uid=10095
09-27 14:54:46.794  1774  2797 W BackupManagerService: dataChanged but no participant pkg='com.amazon.kindle' uid=10095
09-27 14:54:46.796  1774  2279 W BackupManagerService: dataChanged but no participant pkg='com.amazon.kindle' uid=10095
09-27 14:54:46.799  1774  1785 W BackupManagerService: dataChanged but no participant pkg='com.amazon.kindle' uid=10095
09-27 14:54:46.835  5307  5385 I chatty  : uid=10095(com.amazon.kindle) expire 4 lines
09-27 14:54:46.838  5307  5387 I chatty  : uid=10095(com.amazon.kindle) expire 3 lines
09-27 14:54:46.976  5307  5456 I chatty  : uid=10095(com.amazon.kindle) expire 2 lines
09-27 14:54:47.055  5307  5457 I chatty  : uid=10095(com.amazon.kindle) expire 2 lines
09-27 14:54:47.094  1774  1884 D PowerManagerService: getScreenOffTimeoutLocked:  isTestFlag = false
09-27 14:54:47.105  1774  1884 D PowerManagerService: getScreenOffTimeoutLocked:  isTestFlag = false
09-27 14:54:47.114   775  1909 I AudioPolicyManagerCustom: FLAG None hence request for a primary output
09-27 14:54:47.115   775  2436 I AudioPolicyManagerCustom: FLAG None hence request for a primary output
09-27 14:54:47.130  5307  5467 I chatty  : uid=10095(com.amazon.kindle) expire 1 line
09-27 14:54:47.133  5307  5387 I chatty  : uid=10095(com.amazon.kindle) expire 2 lines
09-27 14:54:47.141  5307  5391 I chatty  : uid=10095(com.amazon.kindle) expire 1 line
09-27 14:54:47.145  5307  5429 I chatty  : uid=10095(com.amazon.kindle) expire 1 line
09-27 14:54:47.147  5307  5342 I chatty  : uid=10095(com.amazon.kindle) expire 1 line
09-27 14:54:47.147  5307  5410 I chatty  : uid=10095(com.amazon.kindle) expire 2 lines
09-27 14:54:47.151  5307  5468 I chatty  : uid=10095(com.amazon.kindle) expire 1 line
09-27 14:54:47.152  5307  5456 I chatty  : uid=10095(com.amazon.kindle) expire 1 line
09-27 14:54:47.152  5307  5410 I chatty  : uid=10095(com.amazon.kindle) expire 1 line
09-27 14:54:47.153  5307  5388 I chatty  : uid=10095(com.amazon.kindle) expire 1 line
09-27 14:54:47.153  5307  5410 I chatty  : uid=10095(com.amazon.kindle) expire 1 line
09-27 14:54:47.153  5307  5386 I chatty  : uid=10095(com.amazon.kindle) expire 2 lines
09-27 14:54:47.154  5307  5456 I chatty  : uid=10095(com.amazon.kindle) expire 1 line
09-27 14:54:47.155  5307  5410 I chatty  : uid=10095(com.amazon.kindle) expire 1 line
09-27 14:54:47.156  5307  5357 I chatty  : uid=10095(com.amazon.kindle) expire 1 line
09-27 14:54:47.161  5307  5456 I chatty  : uid=10095(com.amazon.kindle) expire 1 line
09-27 14:54:47.162  5307  5357 I chatty  : uid=10095(com.amazon.kindle) expire 1 line
09-27 14:54:47.162  5307  5410 I chatty  : uid=10095(com.amazon.kindle) expire 2 lines
09-27 14:54:47.170  5307  5456 I chatty  : uid=10095(com.amazon.kindle) expire 3 lines
09-27 14:54:47.178  4991  4994 I LKCore  : vendor/qcom/proprietary/qti-logkit/LKCore/SocketConnector.h:537: cleaning up client 27
09-27 14:54:47.178  4991  4994 I LKCore  : vendor/qcom/proprietary/qti-logkit/LKCore/DiagMuxer.h:400: RemoveClient 27
09-27 14:54:47.178  4991  4994 I LKCore  : vendor/qcom/proprietary/qti-logkit/LKCore/SocketConnector.h:581: RemoveHLOSClient 27
09-27 14:54:47.178  4991  4994 I LKCore  : vendor/qcom/proprietary/qti-logkit/LKCore/SocketConnector.h:554: IsConnected true
09-27 14:54:47.178  4991  4994 I LKCore  : vendor/qcom/proprietary/qti-logkit/LKCore/SocketConnector.cpp:250: received client connect on /data/misc/qti-logkit/socket-privileged/socket, Client ID 23
09-27 14:54:47.179  4991  4994 I LKCore  : vendor/qcom/proprietary/qti-logkit/LKCore/SocketConnector.cpp:109: creating socket for type 0
09-27 14:54:47.179  4991  5471 I LKCore  : vendor/qcom/proprietary/qti-logkit/LKCore/SocketConnector.cpp:315: ClientThread started for 23
09-27 14:54:47.180  4991  4994 I LKCore  : vendor/qcom/proprietary/qti-logkit/LKCore/SocketConnector.cpp:193: waiting for client connect on /data/misc/qti-logkit/socket-privileged/socket
09-27 14:54:47.181  5307  5307 I chatty  : uid=10095(com.amazon.kindle) expire 1 line
09-27 14:54:47.206  5307  5357 I chatty  : uid=10095(com.amazon.kindle) expire 2 lines
09-27 14:54:47.208  5307  5456 I chatty  : uid=10095(com.amazon.kindle) expire 1 line
09-27 14:54:47.209  5307  5307 I chatty  : uid=10095(com.amazon.kindle) expire 2 lines
09-27 14:54:47.211  5307  5456 I chatty  : uid=10095(com.amazon.kindle) expire 1 line
09-27 14:54:47.212  5307  5307 I chatty  : uid=10095(com.amazon.kindle) expire 5 lines
09-27 14:54:47.219  5307  5477 I chatty  : uid=10095(com.amazon.kindle) expire 1 line
09-27 14:54:47.230  5307  5307 I chatty  : uid=10095(com.amazon.kindle) expire 116 lines
09-27 14:54:47.260  5307  5357 I chatty  : uid=10095(com.amazon.kindle) expire 3 lines
09-27 14:54:47.261  5307  5410 I chatty  : uid=10095(com.amazon.kindle) expire 2 lines
09-27 14:54:47.262  5307  5482 I chatty  : uid=10095(com.amazon.kindle) expire 2 lines
09-27 14:54:47.297  5307  5307 E AmazonKindle.com.amazon.kcp.font.StandaloneFontConfigInitializer: [main]: Failed to copy font fileOpenDyslexic-BoldItalic.otf
09-27 14:54:47.297  5307  5307 E AmazonKindle.com.amazon.kcp.font.StandaloneFontConfigInitializer: java.io.FileNotFoundException: OpenDyslexic-BoldItalic.otf
09-27 14:54:47.297  5307  5307 E AmazonKindle.com.amazon.kcp.font.StandaloneFontConfigInitializer: 	at android.content.res.AssetManager.openAsset(Native Method)
09-27 14:54:47.297  5307  5307 E AmazonKindle.com.amazon.kcp.font.StandaloneFontConfigInitializer: 	at android.content.res.AssetManager.open(AssetManager.java:347)
09-27 14:54:47.297  5307  5307 E AmazonKindle.com.amazon.kcp.font.StandaloneFontConfigInitializer: 	at android.content.res.AssetManager.open(AssetManager.java:321)
09-27 14:54:47.297  5307  5307 E AmazonKindle.com.amazon.kcp.font.StandaloneFontConfigInitializer: 	at com.amazon.kcp.font.StandaloneFontConfigInitializer.copyAssetToInternalStorage(StandaloneFontConfigInitializer.java:150)
09-27 14:54:47.297  5307  5307 E AmazonKindle.com.amazon.kcp.font.StandaloneFontConfigInitializer: 	at com.amazon.kcp.font.StandaloneFontConfigInitializer.unpackBundledFonts(StandaloneFontConfigInitializer.java:112)
09-27 14:54:47.297  5307  5307 E AmazonKindle.com.amazon.kcp.font.StandaloneFontConfigInitializer: 	at com.amazon.kcp.font.StandaloneFontConfigInitializer.onAppStartup(StandaloneFontConfigInitializer.java:215)
09-27 14:54:47.297  5307  5307 E AmazonKindle.com.amazon.kcp.font.StandaloneFontConfigInitializer: 	at com.amazon.kcp.application.StandaloneApplication.initializeAppState(StandaloneApplication.java:158)
09-27 14:54:47.297  5307  5307 E AmazonKindle.com.amazon.kcp.font.StandaloneFontConfigInitializer: 	at com.amazon.kcp.application.ReddingApplication$1.call(ReddingApplication.java:282)
09-27 14:54:47.297  5307  5307 E AmazonKindle.com.amazon.kcp.font.StandaloneFontConfigInitializer: 	at com.amazon.kcp.application.ReddingApplication$1.call(ReddingApplication.java:237)
09-27 14:54:47.297  5307  5307 E AmazonKindle.com.amazon.kcp.font.StandaloneFontConfigInitializer: 	at com.amazon.kcp.application.StandaloneApplication.doAppStartup(StandaloneApplication.java:93)
09-27 14:54:47.297  5307  5307 E AmazonKindle.com.amazon.kcp.font.StandaloneFontConfigInitializer: 	at com.amazon.kcp.application.ReddingApplication.onCreate(ReddingApplication.java:236)
09-27 14:54:47.297  5307  5307 E AmazonKindle.com.amazon.kcp.font.StandaloneFontConfigInitializer: 	at com.amazon.kcp.application.StandaloneApplication.onCreate(StandaloneApplication.java:57)
09-27 14:54:47.297  5307  5307 E AmazonKindle.com.amazon.kcp.font.StandaloneFontConfigInitializer: 	at android.app.Instrumentation.callApplicationOnCreate(Instrumentation.java:1025)
09-27 14:54:47.297  5307  5307 E AmazonKindle.com.amazon.kcp.font.StandaloneFontConfigInitializer: 	at android.app.ActivityThread.handleBindApplication(ActivityThread.java:5405)
09-27 14:54:47.297  5307  5307 E AmazonKindle.com.amazon.kcp.font.StandaloneFontConfigInitializer: 	at android.app.ActivityThread.-wrap2(ActivityThread.java)
09-27 14:54:47.297  5307  5307 E AmazonKindle.com.amazon.kcp.font.StandaloneFontConfigInitializer: 	at android.app.ActivityThread$H.handleMessage(ActivityThread.java:1546)
09-27 14:54:47.297  5307  5307 E AmazonKindle.com.amazon.kcp.font.StandaloneFontConfigInitializer: 	at android.os.Handler.dispatchMessage(Handler.java:102)
09-27 14:54:47.297  5307  5307 E AmazonKindle.com.amazon.kcp.font.StandaloneFontConfigInitializer: 	at android.os.Looper.loop(Looper.java:154)
09-27 14:54:47.297  5307  5307 E AmazonKindle.com.amazon.kcp.font.StandaloneFontConfigInitializer: 	at android.app.ActivityThread.main(ActivityThread.java:6121)
09-27 14:54:47.297  5307  5307 E AmazonKindle.com.amazon.kcp.font.StandaloneFontConfigInitializer: 	at java.lang.reflect.Method.invoke(Native Method)
09-27 14:54:47.297  5307  5307 E AmazonKindle.com.amazon.kcp.font.StandaloneFontConfigInitializer: 	at com.android.internal.os.ZygoteInit$MethodAndArgsCaller.run(ZygoteInit.java:889)
09-27 14:54:47.297  5307  5307 E AmazonKindle.com.amazon.kcp.font.StandaloneFontConfigInitializer: 	at com.android.internal.os.ZygoteInit.main(ZygoteInit.java:779)
09-27 14:54:47.299  5307  5307 E AmazonKindle.com.amazon.kcp.font.StandaloneFontConfigInitializer: [main]: Failed to copy font fileOpenDyslexic-Italic.otf
09-27 14:54:47.299  5307  5307 E AmazonKindle.com.amazon.kcp.font.StandaloneFontConfigInitializer: java.io.FileNotFoundException: OpenDyslexic-Italic.otf
09-27 14:54:47.299  5307  5307 E AmazonKindle.com.amazon.kcp.font.StandaloneFontConfigInitializer: 	at android.content.res.AssetManager.openAsset(Native Method)
09-27 14:54:47.299  5307  5307 E AmazonKindle.com.amazon.kcp.font.StandaloneFontConfigInitializer: 	at android.content.res.AssetManager.open(AssetManager.java:347)
09-27 14:54:47.299  5307  5307 E AmazonKindle.com.amazon.kcp.font.StandaloneFontConfigInitializer: 	at android.content.res.AssetManager.open(AssetManager.java:321)
09-27 14:54:47.299  5307  5307 E AmazonKindle.com.amazon.kcp.font.StandaloneFontConfigInitializer: 	at com.amazon.kcp.font.StandaloneFontConfigInitializer.copyAssetToInternalStorage(StandaloneFontConfigInitializer.java:150)
09-27 14:54:47.299  5307  5307 E AmazonKindle.com.amazon.kcp.font.StandaloneFontConfigInitializer: 	at com.amazon.kcp.font.StandaloneFontConfigInitializer.unpackBundledFonts(StandaloneFontConfigInitializer.java:112)
09-27 14:54:47.299  5307  5307 E AmazonKindle.com.amazon.kcp.font.StandaloneFontConfigInitializer: 	at com.amazon.kcp.font.StandaloneFontConfigInitializer.onAppStartup(StandaloneFontConfigInitializer.java:215)
09-27 14:54:47.299  5307  5307 E AmazonKindle.com.amazon.kcp.font.StandaloneFontConfigInitializer: 	at com.amazon.kcp.application.StandaloneApplication.initializeAppState(StandaloneApplication.java:158)
09-27 14:54:47.299  5307  5307 E AmazonKindle.com.amazon.kcp.font.StandaloneFontConfigInitializer: 	at com.amazon.kcp.application.ReddingApplication$1.call(ReddingApplication.java:282)
09-27 14:54:47.299  5307  5307 E AmazonKindle.com.amazon.kcp.font.StandaloneFontConfigInitializer: 	at com.amazon.kcp.application.ReddingApplication$1.call(ReddingApplication.java:237)
09-27 14:54:47.299  5307  5307 E AmazonKindle.com.amazon.kcp.font.StandaloneFontConfigInitializer: 	at com.amazon.kcp.application.StandaloneApplication.doAppStartup(StandaloneApplication.java:93)
09-27 14:54:47.299  5307  5307 E AmazonKindle.com.amazon.kcp.font.StandaloneFontConfigInitializer: 	at com.amazon.kcp.application.ReddingApplication.onCreate(ReddingApplication.java:236)
09-27 14:54:47.299  5307  5307 E AmazonKindle.com.amazon.kcp.font.StandaloneFontConfigInitializer: 	at com.amazon.kcp.application.StandaloneApplication.onCreate(StandaloneApplication.java:57)
09-27 14:54:47.299  5307  5307 E AmazonKindle.com.amazon.kcp.font.StandaloneFontConfigInitializer: 	at android.app.Instrumentation.callApplicationOnCreate(Instrumentation.java:1025)
09-27 14:54:47.299  5307  5307 E AmazonKindle.com.amazon.kcp.font.StandaloneFontConfigInitializer: 	at android.app.ActivityThread.handleBindApplication(ActivityThread.java:5405)
09-27 14:54:47.299  5307  5307 E AmazonKindle.com.amazon.kcp.font.StandaloneFontConfigInitializer: 	at android.app.ActivityThread.-wrap2(ActivityThread.java)
09-27 14:54:47.299  5307  5307 E AmazonKindle.com.amazon.kcp.font.StandaloneFontConfigInitializer: 	at android.app.ActivityThread$H.handleMessage(ActivityThread.java:1546)
09-27 14:54:47.299  5307  5307 E AmazonKindle.com.amazon.kcp.font.StandaloneFontConfigInitializer: 	at android.os.Handler.dispatchMessage(Handler.java:102)
09-27 14:54:47.299  5307  5307 E AmazonKindle.com.amazon.kcp.font.StandaloneFontConfigInitializer: 	at android.os.Looper.loop(Looper.java:154)
09-27 14:54:47.299  5307  5307 E AmazonKindle.com.amazon.kcp.font.StandaloneFontConfigInitializer: 	at android.app.ActivityThread.main(ActivityThread.java:6121)
09-27 14:54:47.299  5307  5307 E AmazonKindle.com.amazon.kcp.font.StandaloneFontConfigInitializer: 	at java.lang.reflect.Method.invoke(Native Method)
09-27 14:54:47.299  5307  5307 E AmazonKindle.com.amazon.kcp.font.StandaloneFontConfigInitializer: 	at com.android.internal.os.ZygoteInit$MethodAndArgsCaller.run(ZygoteInit.java:889)
09-27 14:54:47.299  5307  5307 E AmazonKindle.com.amazon.kcp.font.StandaloneFontConfigInitializer: 	at com.android.internal.os.ZygoteInit.main(ZygoteInit.java:779)
09-27 14:54:47.316  5307  5307 W AmazonKindle.com.amazon.kcp.font.StandaloneFontConfigInitializer: [main]: CN default font is not in assets folder, skip the copy process
09-27 14:54:47.316  5307  5357 I com.amazon.appexpan.client.download.ResourceDownloadManager: Setting allowDownloadsOverWAN flag to true
09-27 14:54:47.328  5307  5487 W AmazonKindle.com.amazon.kindle.services.events.DeadEventHandler: [pool-31-thread-1]: dead message detected: com.amazon.kcp.debug.DebugActivity$RegisterEvent@d8222ed
09-27 14:54:47.345  2651  3190 E GCM     : Missing checkin config file
09-27 14:54:47.345  2651  3190 W GCM     : GCM FAILED TO INITIALIZE - missing checkin
09-27 14:54:47.367  5055  5060 I art     : Do partial code cache collection, code=61KB, data=49KB
09-27 14:54:47.367  5055  5060 I art     : After code cache collection, code=61KB, data=49KB
09-27 14:54:47.367  5055  5060 I art     : Increasing code cache capacity to 256KB
09-27 14:54:47.400  1940  2334 D TelephonyIcons: updateDataType slot=1, type=13, inetCondition=0 showAtLeast3G=false show4GforLte=true hspaDistinguishable=true
09-27 14:54:47.401  1940  2334 D TelephonyIcons: data type item name: array/telephony_data_type_sim1 id:2131427376
09-27 14:54:47.402  1940  2334 D TelephonyIcons: updateDataType mSelectedDataTypeIcon[1]=2130838270, mSelectedDataActivityIndex=5
09-27 14:54:47.402  1940  2334 D TelephonyIcons: getSignalStrengthIcon: slot=1, inetCondition=0, level=4, roaming=false
09-27 14:54:47.403  1940  2334 D TelephonyIcons: signalStrengthArray.length=9
09-27 14:54:47.404  1940  2334 D TelephonyIcons: selectedTypeArray.length=2
09-27 14:54:47.404  1940  2334 D TelephonyIcons: inetArray.length=5
09-27 14:54:47.405  1940  2334 D TelephonyIcons: getDataActivity, slot=1, activity=2
09-27 14:54:47.407  1940  2334 D TelephonyIcons: null signal icon name: drawable/stat_sys_signal_null
09-27 14:54:47.410  1940  2334 D TelephonyIcons: getDataTypeIcon sub=1
09-27 14:54:47.505  5491  5491 D libEGL  : failed to load libgui: dlopen failed: library "libgui.so" wasn't loaded and RTLD_NOLOAD prevented it
09-27 14:54:47.508  5491  5491 D libEGL  : loaded /vendor/lib/egl/libEGL_adreno.so
09-27 14:54:47.525  5491  5491 D libEGL  : loaded /vendor/lib/egl/libGLESv1_CM_adreno.so
09-27 14:54:47.537  5491  5491 D libEGL  : loaded /vendor/lib/egl/libGLESv2_adreno.so
09-27 14:54:47.556  5491  5491 I Adreno  : QUALCOMM build                   : dd15ef5, Ic280a69317
09-27 14:54:47.556  5491  5491 I Adreno  : Build Date                       : 05/09/17
09-27 14:54:47.556  5491  5491 I Adreno  : OpenGL ES Shader Compiler Version: XE031.09.00.04
09-27 14:54:47.556  5491  5491 I Adreno  : Local Branch                     : 
09-27 14:54:47.556  5491  5491 I Adreno  : Remote Branch                    : quic/gfx-adreno.lnx.1.0.r5-rel
09-27 14:54:47.556  5491  5491 I Adreno  : Remote Branch                    : NONE
09-27 14:54:47.556  5491  5491 I Adreno  : Reconstruct Branch               : NOTHING
09-27 14:54:47.583  5491  5494 E libEGL  : validate_display:99 error 3008 (EGL_BAD_DISPLAY)
09-27 14:54:47.587  5491  5491 E libEGL  : validate_display:99 error 3008 (EGL_BAD_DISPLAY)
09-27 14:54:47.603  5307  5468 I AmazonKindle.com.amazon.kcp.application.HardwareInfoLogger: [ThreadPoolManager1-thread-5]: The result of sniff test: 0
09-27 14:54:47.604  5307  5468 I AmazonKindle.com.amazon.kcp.application.HardwareInfoLogger: [ThreadPoolManager1-thread-5]: TestVersion: 1.0.0.2 
09-27 14:54:47.604  5307  5468 I AmazonKindle.com.amazon.kcp.application.HardwareInfoLogger:  TestResult: 0 
09-27 14:54:47.604  5307  5468 I AmazonKindle.com.amazon.kcp.application.HardwareInfoLogger:  GLRenderer: Adreno (TM) 506 
09-27 14:54:47.604  5307  5468 I AmazonKindle.com.amazon.kcp.application.HardwareInfoLogger:  GLVersion: OpenGL ES 3.2 V@145.0 (GIT@Ic280a69317) 
09-27 14:54:47.604  5307  5468 I AmazonKindle.com.amazon.kcp.application.HardwareInfoLogger:  GLVendor: Qualcomm 
09-27 14:54:47.604  5307  5468 I AmazonKindle.com.amazon.kcp.application.HardwareInfoLogger:  GLExtensions: GL_OES_EGL_image GL_OES_EGL_image_external GL_OES_EGL_sync GL_OES_vertex_half_float GL_OES_framebuffer_object GL_OES_rgb8_rgba8 GL_OES_compressed_ETC1_RGB8_texture GL_AMD_compressed_ATC_texture GL_KHR_texture_compression_astc_ldr GL_KHR_texture_compression_astc_hdr GL_OES_texture_compression_astc GL_OES_texture_npot GL_EXT_texture_filter_anisotropic GL_EXT_texture_format_BGRA8888 GL_OES_texture_3D GL_EXT_color_buffer_float GL_EXT_color_buffer_half_float GL_QCOM_alpha_test GL_OES_depth24 GL_OES_packed_depth_stencil GL_OES_depth_texture GL_OES_depth_texture_cube_map GL_EXT_sRGB GL_OES_texture_float GL_OES_texture_float_linear GL_OES_texture_half_float GL_OES_texture_half_float_linear GL_EXT_texture_type_2_10_10_10_REV GL_EXT_texture_sRGB_decode GL_OES_element_index_uint GL_EXT_copy_image GL_EXT_geometry_shader GL_EXT_tessellation_shader GL_OES_texture_stencil8 GL_EXT_shader_io_blocks GL_OES_shader_image_atomic GL_OES_sample_variables GL_EXT_texture_border_clamp GL_EXT_multisampled_render_to_texture GL_OES_shader_multisample_interpolation GL_EXT_texture_cube_map_array GL_EXT_draw_buffers_indexed GL_EXT_gpu_shader5 GL_EXT_robustness GL_EXT_texture_buffer GL_EXT_shader_framebuffer_fetch GL_ARM_shader_framebuffer_fetch_depth_stencil GL_OES_texture_storage_multisample_2d_array GL_OES_sample_shading GL_OES_get_program_binary GL_EXT_debug_label GL_KHR_blend_equation_advanced GL_KHR_blend_equation_advanced_coherent GL_QCOM_tiled_rendering GL_ANDROID_extension_pack_es31a GL_EXT_primitive_bounding_box GL_OES_standard_derivatives GL_OES_vertex_array_object GL_EXT_disjoint_timer_query GL_KHR_debug GL_EXT_YUV_target GL_EXT_sRGB_write_control GL_EXT_texture_norm16 GL_EXT_discard_framebuffer GL_OES_surfaceless_context GL_OVR_multiview GL_OVR_multiview2 GL_EXT_texture_sRGB_R8 GL_KHR_no_error GL_EXT_debug_marker GL_OES_EGL_image_external_essl3 GL_OVR_multiview_multisampled_render_to_texture GL_EXT_buffer_storage GL_EXT_blit_framebuffer_params GL_EXT_clip_cull_distance GL_EXT_protected_textures GL_EXT_shader_non_constant_global_initializers 
09-27 14:54:47.604  5307  5468 I AmazonKindle.com.amazon.kcp.application.HardwareInfoLogger: [ThreadPoolManager1-thread-5]: CPUFeatures:half thumb fastmult vfp edsp neon vfpv3 tls vfpv4 idiva idivt lpae evtstrm aes pmull sha1 sha2 crc32 
09-27 14:54:47.604  5307  5468 I AmazonKindle.com.amazon.kcp.application.HardwareInfoLogger:  Processor: aarch64 processor rev 4 (aarch64) 
09-27 14:54:47.604  5307  5468 I AmazonKindle.com.amazon.kcp.application.HardwareInfoLogger:  CPU Architecture: 8 
