09-27 15:15:30.571   881   881 E mm-camera: <SENSOR><ERROR> ov13855_gt24c64a_chicony_eeprom_format_wbdata: 150: OTP:AWB:D50 awb_r_over_gr: 0.481445,awb_b_over_gr: 0.637695,awb_gb_over_gr: 0.999023
09-27 15:15:30.571   881   881 E mm-camera: <SENSOR><ERROR> ov13855_gt24c64a_chicony_eeprom_format_wbdata: 167: [WENDELL]-ov13855_gt24c64a_chicony_eeprom_format_wbdata: EXIT
09-27 15:15:30.571   881   881 E mm-camera: 
09-27 15:15:30.571   881   881 E mm-camera: <SENSOR><ERROR> ov13855_gt24c64a_chicony_eeprom_format_lensshading: 187: [WENDELL]-ov13855_gt24c64a_chicony_eeprom_format_lensshading: Enter
09-27 15:15:30.571   881   881 E mm-camera: 
09-27 15:15:30.571   881   881 E mm-camera: <SENSOR><ERROR> ov13855_gt24c64a_chicony_eeprom_format_lensshading: 250: [WENDELL]-ov13855_gt24c64a_chicony_eeprom_format_lensshading: EXIT
09-27 15:15:30.571   881   881 E mm-camera: 
09-27 15:15:30.571   881   881 E mm-camera: <SENSOR><ERROR> ov13855_gt24c64a_chicony_eeprom_format_afdata: 273: [WENDELL]-ov13855_gt24c64a_chicony_eeprom_format_afdata: Enter
09-27 15:15:30.571   881   881 E mm-camera: 
09-27 15:15:30.571   881   881 E mm-camera: Macro DAC 621,Infinity DAC 306, Starting DAC 306
09-27 15:15:30.571   881   881 E mm-camera: with margin: Macro DAC 778,Infinity DAC 148, Starting DAC 148
09-27 15:15:30.571   881   881 E mm-camera: <SENSOR><ERROR> ov13855_gt24c64a_chicony_eeprom_format_afdata: 308: [WENDELL]-ov13855_gt24c64a_chicony_eeprom_format_afdata: EXIT
09-27 15:15:30.571   881   881 E mm-camera: 
09-27 15:15:30.571   881   881 E mm-camera: <SENSOR><ERROR> ov13855_gt24c64a_chicony_eeprom_get_calibration_items: 85: [WENDELL]-ov13855_gt24c64a_chicony_eeprom_get_calibration_items: Enter
09-27 15:15:30.571   881   881 E mm-camera: 
09-27 15:15:30.571   881   881 E mm-camera: <SENSOR><ERROR> ov13855_gt24c64a_chicony_eeprom_get_calibration_items: 102: [WENDELL]-ov13855_gt24c64a_chicony_eeprom_get_calibration_items: EXIT
09-27 15:15:30.571   881   881 E mm-camera: 
09-27 15:15:30.572   881   881 E mm-camera: <SENSOR><ERROR> 6904: module_sensor_init_eeprom: dlopen lib /system/vendor/lib/libIQM_OTP_Correction.so ,OK
09-27 15:15:30.572   881   881 E mm-camera: <SENSOR><ERROR> 6919: module_sensor_init_eeprom: module_sensor_init_eeprom:6919 /system/vendor/lib/libIQM_OTP_Correction.so version[1]
09-27 15:15:30.572   881   881 E mm-camera: <SENSOR><ERROR> 6925: module_sensor_init_eeprom: module_sensor_init_eeprom:6925 OTP_Correction return value[2]
09-27 15:15:30.587  1327  1327 D LocSvc_LBSProxy: static bool lbs_core::LBSProxy::checkIfLocationExtendedClientExists()] File Exists
09-27 15:15:30.587  1326  1326 D LocSvc_LBSProxy: static bool lbs_core::LBSProxy::checkIfLocationExtendedClientExists()] File Exists
09-27 15:15:30.588  1327  1327 D LocSvc_LBSProxy: static bool lbs_core::LBSProxy::checkIfNativeXtraClientExists()] XTRA Client 2.0 Exist
09-27 15:15:30.588  1326  1326 D LocSvc_LBSProxy: static bool lbs_core::LBSProxy::checkIfNativeXtraClientExists()] XTRA Client 2.0 Exist
09-27 15:15:30.588  1326  1326 W XTCC-5.1.0.23-d: [CCC-Main] wifi: 1, ap cell: 0, modem cell: 1, waa: 0, sstp: 0
09-27 15:15:30.588  1327  1327 D LocSvc_utils_cfg: D/loc_read_conf: using /etc/gps.conf
09-27 15:15:30.588  1327  1327 D LocSvc_utils_cfg: D/int loc_read_conf_r(FILE *, const loc_param_s_type *, uint32_t):283]: num_params: 1
09-27 15:15:30.588  1327  1327 D LocSvc_utils_cfg: D/loc_set_config_entry: PARAM DEBUG_LEVEL = 3
09-27 15:15:30.588  1327  1327 D LocSvc_utils_cfg: D/int loc_read_conf_r(FILE *, const loc_param_s_type *, uint32_t):283]: num_params: 2
09-27 15:15:30.588  1327  1327 D LocSvc_utils_cfg: D/loc_set_config_entry: PARAM DEBUG_LEVEL = 3
09-27 15:15:30.589  1327  1327 D LocSvc_utils_cfg: D/int loc_read_conf_r(FILE *, const loc_param_s_type *, uint32_t):287]: fgets returned NULL
09-27 15:15:30.591  1327  1354 E slim_daemon: [NDK] bindNDKSensors: Sensor server is unavailable.
09-27 15:15:30.593  1327  1355 E libsensor1: check_sensors_enabled: Sensors enabled = true
09-27 15:15:30.598  1327  1327 E QMI_FW  : xport_reg Failed for service_id=0x37 version=0x101 on 18
09-27 15:15:30.598  1327  1327 E slim_daemon: [QMISLIM] slim_QSQmiSvcTask_Init: Failed to register QMI service
09-27 15:15:30.600  1327  1327 I slim_daemon: [SLIM] slim_ProviderConfigure: Updated available providers for service 0: 00000001.
09-27 15:15:30.600  1327  1327 I slim_daemon: [SLIM] slim_ProviderConfigure: Updated available providers for service 1: 00000001.
09-27 15:15:30.600  1327  1327 I slim_daemon: [SLIM] slim_ProviderConfigure: Updated available providers for service 2: 00000001.
09-27 15:15:30.600  1327  1327 I slim_daemon: [SLIM] slim_ProviderConfigure: Updated available providers for service 3: 00000001.
09-27 15:15:30.600  1327  1327 I slim_daemon: [SLIM] slim_ProviderConfigure: Updated available providers for service 7: 00000001.
09-27 15:15:30.600  1327  1327 I slim_daemon: [SLIM] slim_ProviderConfigure: Updated available providers for service 8: 00000001.
09-27 15:15:30.600  1327  1327 I slim_daemon: [SLIM] slim_ProviderConfigure: Updated available providers for service 13: 00000001.
09-27 15:15:30.600  1327  1327 I slim_daemon: [SLIM] slim_ProviderConfigure: Updated available providers for service 14: 00000001.
09-27 15:15:30.600  1327  1327 I slim_daemon: [SLIM] slim_ProviderConfigure: Updated available providers for service 16: 00000001.
09-27 15:15:30.600  1327  1361 E LocSvc_api_v02: I/locClientOpen:1907]: Service instance id is -1
09-27 15:15:30.601  1327  1361 E LocSvc_api_v02: I/---> locClientOpenInstance line 1787 loc client open
09-27 15:15:30.603  1327  1361 E QMI_FW  : QMUXD: WARNING qmi_qmux_if_pwr_up_init failed! rc=-6
09-27 15:15:30.604  1327  1361 E LocSvc_api_v02: I/---> locClientSendReq line 2064 QMI_LOC_REG_EVENTS_REQ_V02
09-27 15:15:30.606  1327  1361 E LocSvc_api_v02: I/---> locClientSupportMsgCheck line 2182 QMI_LOC_GET_SUPPORTED_MSGS_REQ_V02
09-27 15:15:30.606  1326  1326 E XTCC-5.1.0.23-d: [StorageMgr] init tile_folder = /data/misc/location/xtwifi
09-27 15:15:30.607  1327  1361 E LocSvc_api_v02: I/---> locClientSendReq line 2064 QMI_LOC_QUERY_AON_CONFIG_REQ_V02
09-27 15:15:30.607  1327  1363 E LocSvc_ApiV02: I/<--- void globalRespCb(locClientHandleType, uint32_t, const locClientRespIndUnionType, uint32_t, void *) line 140 QMI_LOC_QUERY_AON_CONFIG_REQ_V02
09-27 15:15:30.607  1327  1361 E LocSvc_api_v02: I/---> locClientSendReq line 2064 QMI_LOC_GET_SUPPORTED_FEATURE_REQ_V02
09-27 15:15:30.608  1327  1363 E QMI_FW  : QCCI qmi_cci_xport_recv: txn not found. svc_id: 16
09-27 15:15:30.608  1327  1361 E LocSvc_ApiV02: E/virtual enum loc_api_adapter_err LocApiV02::open(LOC_API_ADAPTER_EVENT_MASK_T):396:2]: Failed to get features supported from QMI_LOC_GET_SUPPORTED_FEATURE_REQ_V02. 
09-27 15:15:30.608  1327  1361 E LocSvc_api_v02: I/---> locClientSendReq line 2064 QMI_LOC_SET_PREMIUM_SERVICES_CONFIG_REQ_V02
09-27 15:15:30.610  1327  1363 E LocSvc_ApiV02: I/<--- void globalRespCb(locClientHandleType, uint32_t, const locClientRespIndUnionType, uint32_t, void *) line 140 QMI_LOC_SET_PREMIUM_SERVICES_CONFIG_REQ_V02
09-27 15:15:30.611  1327  1361 E LocSvc_api_v02: I/---> locClientSendReq line 2064 QMI_LOC_SET_PREMIUM_SERVICES_CONFIG_REQ_V02
09-27 15:15:30.611  1327  1361 E LocSvc_LBSApiV02: E/virtual void lbs_core::LBSApiV02::injectFeatureConfig(e_premium_mode, e_premium_mode, e_premium_mode):710]: Error : st = 3, ind.status = 0
09-27 15:15:30.611  1327  1363 E QMI_FW  : QCCI qmi_cci_xport_recv: txn not found. svc_id: 16
09-27 15:15:30.611  1327  1361 E LocSvc_api_v02: I/---> locClientSendReq line 2064 QMI_LOC_SET_PREMIUM_SERVICES_CONFIG_REQ_V02
09-27 15:15:30.613  1327  1363 E LocSvc_ApiV02: I/<--- void globalRespCb(locClientHandleType, uint32_t, const locClientRespIndUnionType, uint32_t, void *) line 140 QMI_LOC_SET_PREMIUM_SERVICES_CONFIG_REQ_V02
09-27 15:15:30.613  1327  1361 E LocSvc_api_v02: I/---> locClientSendReq line 2064 QMI_LOC_REG_EVENTS_REQ_V02
09-27 15:15:30.616   854   854 I ServiceManager: Waiting for service AtCmdFwd...
09-27 15:15:30.634  1326  1326 E XTCC-5.1.0.23-d: [CacheMgr] populateSavedBalacklistedAps: failed: 101
09-27 15:15:30.637  1326  1368 E LocSvc_api_v02: I/locClientOpen:1907]: Service instance id is -1
09-27 15:15:30.637  1326  1368 E LocSvc_api_v02: I/---> locClientOpenInstance line 1787 loc client open
09-27 15:15:30.637  1326  1326 E XTCC-5.1.0.23-d: [NvParamMgr] getNvDataBlob, nv item GTP_FDAL_ENABLEMENT_CONTROL not found
09-27 15:15:30.637  1326  1326 E XTCC-5.1.0.23-d: [FDAL_Manager] init: failed to retrieve WLAN_FDAL_ENABLEMENT_CONTROL, default true
09-27 15:15:30.639  1326  1368 E QMI_FW  : QMUXD: WARNING qmi_qmux_if_pwr_up_init failed! rc=-6
09-27 15:15:30.639  1326  1368 E LocSvc_api_v02: I/---> locClientSendReq line 2064 QMI_LOC_REG_EVENTS_REQ_V02
09-27 15:15:30.640  1326  1368 E LocSvc_api_v02: I/---> locClientSupportMsgCheck line 2182 QMI_LOC_GET_SUPPORTED_MSGS_REQ_V02
09-27 15:15:30.641  1326  1368 E LocSvc_api_v02: I/---> locClientSendReq line 2064 QMI_LOC_QUERY_AON_CONFIG_REQ_V02
09-27 15:15:30.641  1326  1371 E LocSvc_ApiV02: I/<--- void globalRespCb(locClientHandleType, uint32_t, const locClientRespIndUnionType, uint32_t, void *) line 140 QMI_LOC_QUERY_AON_CONFIG_REQ_V02
09-27 15:15:30.641  1326  1368 E LocSvc_api_v02: I/---> locClientSendReq line 2064 QMI_LOC_GET_SUPPORTED_FEATURE_REQ_V02
09-27 15:15:30.642  1326  1368 E LocSvc_ApiV02: E/virtual enum loc_api_adapter_err LocApiV02::open(LOC_API_ADAPTER_EVENT_MASK_T):396:2]: Failed to get features supported from QMI_LOC_GET_SUPPORTED_FEATURE_REQ_V02. 
09-27 15:15:30.642  1326  1368 E LocSvc_api_v02: I/---> locClientSendReq line 2064 QMI_LOC_SET_PREMIUM_SERVICES_CONFIG_REQ_V02
09-27 15:15:30.645  1326  1371 E QMI_FW  : QCCI qmi_cci_xport_recv: txn not found. svc_id: 16
09-27 15:15:30.645  1326  1371 E LocSvc_ApiV02: I/<--- void globalRespCb(locClientHandleType, uint32_t, const locClientRespIndUnionType, uint32_t, void *) line 140 QMI_LOC_SET_PREMIUM_SERVICES_CONFIG_REQ_V02
09-27 15:15:30.645  1326  1368 E LocSvc_api_v02: I/---> locClientSendReq line 2064 QMI_LOC_SET_PREMIUM_SERVICES_CONFIG_REQ_V02
09-27 15:15:30.646  1326  1368 E LocSvc_LBSApiV02: E/virtual void lbs_core::LBSApiV02::injectFeatureConfig(e_premium_mode, e_premium_mode, e_premium_mode):710]: Error : st = 3, ind.status = 0
09-27 15:15:30.646  1326  1371 E QMI_FW  : QCCI qmi_cci_xport_recv: txn not found. svc_id: 16
09-27 15:15:30.646  1326  1368 E LocSvc_api_v02: I/---> locClientSendReq line 2064 QMI_LOC_SET_PREMIUM_SERVICES_CONFIG_REQ_V02
09-27 15:15:30.646  1326  1371 E LocSvc_ApiV02: I/<--- void globalRespCb(locClientHandleType, uint32_t, const locClientRespIndUnionType, uint32_t, void *) line 140 QMI_LOC_SET_PREMIUM_SERVICES_CONFIG_REQ_V02
09-27 15:15:30.666   773   773 E Typeface: Error mapping font file /system/fonts/DroidSansFallback.ttf
09-27 15:15:30.694  1326  1326 E XTCC-5.1.0.23-d: [NvParamMgr] getNvDataBlob, nv item GTP_WLAN_CS_INTERVAL_SEC_COLLECT not found
09-27 15:15:30.694  1326  1326 E XTCC-5.1.0.23-d: [NvParamMgr] getNvDataBlob, nv item GTP_WLAN_CS_INTERVAL_SEC_SCAN not found
09-27 15:15:30.694  1326  1326 E XTCC-5.1.0.23-d: [NvParamMgr] getNvDataBlob, nv item GTP_WLAN_CS_INTERVAL_MINUTE_FORCED_SCAN not found
09-27 15:15:30.695  1326  1326 E XTCC-5.1.0.23-d: [NvParamMgr] getNvDataBlob, nv item GTP_WLAN_CS_INTERVAL_MINUTE_UPLOAD not found
09-27 15:15:30.695  1326  1326 E XTCC-5.1.0.23-d: [NvParamMgr] getNvDataBlob, nv item GTP_WLAN_CS_INTERVAL_MINUTE_FORCED_UPLOAD not found
09-27 15:15:30.696  1326  1326 E XTCC-5.1.0.23-d: [NvParamMgr] getNvDataBlob, nv item GTP_WLAN_CS_HEPE_THRESHOLD_METER not found
09-27 15:15:30.697  1326  1326 E XTCC-5.1.0.23-d: [NvParamMgr] getNvDataBlob, nv item GTP_WLAN_CS_SIMILARITY_THRESHOLD not found
09-27 15:15:30.697  1326  1326 E XTCC-5.1.0.23-d: [NvParamMgr] getNvDataBlob, nv item GTP_WLAN_CS_SIMILARITY_THRESHOLD not found
09-27 15:15:30.698  1326  1326 E XTCC-5.1.0.23-d: [NvParamMgr] getNvDataBlob, nv item GTP_WLAN_CS_MAX_NUM_AP_SETS_PER_UPLOAD not found
09-27 15:15:30.698  1326  1326 E XTCC-5.1.0.23-d: [NvParamMgr] getNvDataBlob, nv item GTP_WLAN_CS_MAX_NUM_APS_PER_UPLOAD not found
09-27 15:15:30.699  1326  1326 E XTCC-5.1.0.23-d: [NvParamMgr] getNvDataBlob, nv item GTP_WWAN_CS_ENABLED not found
09-27 15:15:30.699  1326  1326 E XTCC-5.1.0.23-d: [NvParamMgr] getNvDataBlob, nv item GTP_WLAN_CS_RECORD_INCL_IND not found
09-27 15:15:30.702  1326  1386 E XTCC-5.1.0.23-d: [TdpCsClient] unknown postcard info. reason:REGISTER-EVENT, 
09-27 15:15:30.702  1326  1386 E XTCC-5.1.0.23-d: [TdpCsClient] unknown postcard info. reason:REGISTER-EVENT, 
09-27 15:15:30.702  1326  1386 E XTCC-5.1.0.23-d: [TdpCsClient] unknown postcard info. reason:REGISTER-EVENT, 
09-27 15:15:30.702  1326  1386 E XTCC-5.1.0.23-d: [TdpCsClient] unknown postcard info. reason:REGISTER-EVENT, 
09-27 15:15:30.703  1326  1368 E LocSvc_api_v02: I/---> locClientSendReq line 2064 QMI_LOC_INJECT_APDONOTCACHE_DATA_REQ_V02
09-27 15:15:30.718   774   774 E Typeface: Error mapping font file /system/fonts/DroidSansFallback.ttf
09-27 15:15:30.884   890   890 D QSEECOMAPI: Loaded image: APP id = 262146
09-27 15:15:30.889   890   890 D QSEECOMAPI: QSEECom_get_handle sb_length = 0x400
09-27 15:15:30.889   890   890 D QSEECOMAPI: App is already loaded QSEE and app id = 65537
09-27 15:15:30.895   890   890 D QSEECOMAPI: QSEECom_dealloc_memory 
09-27 15:15:30.895   890   890 D QSEECOMAPI: QSEECom_shutdown_app, app_id = 65537
09-27 15:15:30.937   890   890 D QSEECOMAPI: QSEECom_dealloc_memory 
09-27 15:15:30.937   890   890 D QSEECOMAPI: QSEECom_shutdown_app, app_id = 262146
09-27 15:15:31.007   973  1238 E QMI_FW  : QMUXD: WARNING qmi_qmux_if_pwr_up_init failed! rc=-6
09-27 15:15:31.446   890   890 D QSEECOMAPI: QSEECom_get_handle sb_length = 0x144c0
09-27 15:15:31.446   890   890 D QSEECOMAPI: App is not loaded in QSEE
09-27 15:15:31.446   890   890 D QSEECOMAPI: app_arch = 1, total_files = 8
09-27 15:15:31.591  1327  1354 E slim_daemon: [NDK] bindNDKSensors: Sensor server is unavailable.
09-27 15:15:31.616   854   854 I ServiceManager: Waiting for service AtCmdFwd...
09-27 15:15:31.678   881   881 E mm-camera: Total bytes in OTP buffer: 8192
09-27 15:15:31.678   881   881 E mm-camera: <SENSOR><ERROR> ov13358_gt24c64a_chicony_eeprom_format_calibration_data: 440: [WENDELL]: MODULE_INFO checksum error
09-27 15:15:31.678   881   881 E mm-camera: 
09-27 15:15:31.678   881   881 E mm-camera: <SENSOR><ERROR> ov13358_gt24c64a_chicony_eeprom_get_calibration_items: 85: [WENDELL]-ov13358_gt24c64a_chicony_eeprom_get_calibration_items: Enter
09-27 15:15:31.678   881   881 E mm-camera: 
09-27 15:15:31.678   881   881 E mm-camera: <SENSOR><ERROR> ov13358_gt24c64a_chicony_eeprom_get_calibration_items: 100: [WENDELL]-ov13358_gt24c64a_chicony_eeprom_get_calibration_items: EXIT
09-27 15:15:31.678   881   881 E mm-camera: 
09-27 15:15:31.679   881   881 E mm-camera: <SENSOR><ERROR> 6904: module_sensor_init_eeprom: dlopen lib /system/vendor/lib/libIQM_OTP_Correction.so ,OK
09-27 15:15:31.679   881   881 E mm-camera: <SENSOR><ERROR> 6919: module_sensor_init_eeprom: module_sensor_init_eeprom:6919 /system/vendor/lib/libIQM_OTP_Correction.so version[1]
09-27 15:15:31.679   881   881 E mm-camera: <SENSOR><ERROR> 6925: module_sensor_init_eeprom: module_sensor_init_eeprom:6925 OTP_Correction return value[2]
09-27 15:15:31.703  1326  1368 E LocSvc_api_v02: E/loc_sync_wait_for_ind:458]: slot 0, timed out for ind_id QMI_LOC_INJECT_APDONOTCACHE_DATA_REQ_V02
09-27 15:15:31.703  1326  1368 E LocSvc_api_v02: E/loc_sync_send_req:529]: loc_api_wait_for_ind failed, err -110, select id 0, status eLOC_CLIENT_FAILURE_TIMEOUT
09-27 15:15:31.704  1326  1368 E LocSvc_IzatApiV02: E/virtual int izat_core::IzatApiV02::injectApCacheBlacklist(APCacheBlacklistData):857]: Error : st = 6, ind.status = 0
09-27 15:15:31.704  1326  1368 E LocSvc_IzatApiV02: E/virtual int izat_core::IzatApiV02::injectApCacheBlacklist(APCacheBlacklistData):869]: inject AP Cache - blacklistto modem failed. 
09-27 15:15:31.704  1326  1368 E LocSvc_api_v02: I/---> locClientSendReq line 2064 QMI_LOC_INJECT_APDONOTCACHE_DATA_REQ_V02
09-27 15:15:31.858   881   881 E mm-camera: <SENSOR><ERROR> 687: eeprom_init: EEPROM Init ioctl failed
09-27 15:15:31.858   881   881 E mm-camera: <SENSOR><ERROR> 805: eeprom_process: eeprom_init failed
09-27 15:15:31.858   881   881 E mm-camera: <SENSOR><ERROR> 6852: module_sensor_init_eeprom: Failed in EEPROM_INIT
09-27 15:15:31.874   890   890 D QSEECOMAPI: Loaded image: APP id = 327682
09-27 15:15:31.879   890   890 D QSEECOMAPI: QSEECom_get_handle sb_length = 0x400
09-27 15:15:31.879   890   890 D QSEECOMAPI: App is already loaded QSEE and app id = 65537
09-27 15:15:31.885   890   890 D QSEECOMAPI: QSEECom_dealloc_memory 
09-27 15:15:31.885   890   890 D QSEECOMAPI: QSEECom_shutdown_app, app_id = 65537
09-27 15:15:31.927   890   890 D QSEECOMAPI: QSEECom_dealloc_memory 
09-27 15:15:31.927   890   890 D QSEECOMAPI: QSEECom_shutdown_app, app_id = 327682
09-27 15:15:32.021   881   881 I mm-camera: <MCT   >< INFO> 98: server_process_module_init: Begin init mods
09-27 15:15:32.101   881   881 I mm-camera: <ISP   >< INFO> 3972: isp_resource_get_isp_hw_limit: isp hw limit 0
09-27 15:15:32.137   881   881 I mm-camera: <ISP   >< INFO> 105: module_color_correct40_init: name color_correct40
09-27 15:15:32.141   881   881 I mm-camera: <ISP   >< INFO> 97: module_luma_adaptation40_init: name luma_adaptation40
09-27 15:15:32.168   881   881 I mm-camera: <ISP   >< INFO> 3972: isp_resource_get_isp_hw_limit: isp hw limit 0
09-27 15:15:32.177   881   881 I mm-camera: <ISP   >< INFO> 105: module_color_correct40_init: name color_correct40
09-27 15:15:32.178   881   881 I mm-camera: <ISP   >< INFO> 97: module_luma_adaptation40_init: name luma_adaptation40
09-27 15:15:32.183   881   881 I mm-camera: <ISP   >< INFO> 893: module_isp_init: module 0xeef2ac60
09-27 15:15:32.200   881   881 I mm-camera: <CPP   >< INFO> 155: cpp_module_init: info: CPP module_init successful
09-27 15:15:32.212   881   881 E mm-camera: <IMGLIB><ERROR> 957: frameproc_comp_load_fn_ptrs: img_algo_post_process can be NULL for few AOST features
09-27 15:15:32.216   881   881 E mm-camera: <IMGLIB><ERROR> 957: frameproc_comp_load_fn_ptrs: img_algo_post_process can be NULL for few AOST features
09-27 15:15:32.230   881   881 E mm-camera: <IMGLIB><ERROR> 957: frameproc_comp_load_fn_ptrs: img_algo_post_process can be NULL for few AOST features
09-27 15:15:32.231   881   881 E mm-camera: <IMGLIB><ERROR> 1168: frameproc_comp_reload_lib: frameproc_comp_reload_lib:1168] Error opening frameproc library libmmcamera_sw_tnr.so error dlopen failed: library "libmmcamera_sw_tnr.so" not found
09-27 15:15:32.231   881   881 E mm-camera: <IMGLIB><ERROR> 1037: frameproc_comp_load: frameproc_comp_load:1037] cannot load libmmcamera_sw_tnr.so
09-27 15:15:32.231   881   881 E mm-camera: <IMGLIB><ERROR> 3096: module_imgbase_init: module_imgbase_init_sw_tnr:3096] Error rc -7
09-27 15:15:32.242   881   881 E mm-camera: <IMGLIB><ERROR> 957: frameproc_comp_load_fn_ptrs: img_algo_post_process can be NULL for few AOST features
09-27 15:15:32.243   881   881 E mm-camera: <IMGLIB><ERROR> 202: faceproc_hw_comp_get_fd_device_name: Can not discover face-detect device
09-27 15:15:32.243   881   881 E mm-camera: <IMGLIB><ERROR> 4685: faceproc_hw_comp_load: Can not find device name
09-27 15:15:32.257   881   881 E mm-camera: <IMGLIB><ERROR> 1168: frameproc_comp_reload_lib: frameproc_comp_reload_lib:1168] Error opening frameproc library libmmcamera_trueportrait_lib.so error dlopen failed: library "libmmcamera_trueportrait_lib.so" not found
09-27 15:15:32.257   881   881 E mm-camera: <IMGLIB><ERROR> 1037: frameproc_comp_load: frameproc_comp_load:1037] cannot load libmmcamera_trueportrait_lib.so
09-27 15:15:32.257   881   881 E mm-camera: <IMGLIB><ERROR> 3096: module_imgbase_init: module_imgbase_init_imglib_trueportrait:3096] Error rc -7
09-27 15:15:32.257   881   881 E mm-camera: <IMGLIB><ERROR> 744: module_imglib_create_topology: module_imglib_create_topology:744] Can not init the module imglib_trueportrait
09-27 15:15:32.260   881   881 E mm-camera: <IMGLIB><ERROR> 957: frameproc_comp_load_fn_ptrs: img_algo_post_process can be NULL for few AOST features
09-27 15:15:32.260   881   881 E mm-camera: <IMGLIB><ERROR> 744: module_imglib_create_topology: module_imglib_create_topology:744] Can not init the module imglib_oem1
09-27 15:15:32.260   881   881 I mm-camera: <MCT   >< INFO> 135: server_process_module_init: CAMERA_DAEMON: init mods done
09-27 15:15:32.262   807   807 I QCamera : <MCI><INFO> get_num_of_cameras: 1906: dev_info[id=0,name='video1']
09-27 15:15:32.262   807   807 I QCamera : <MCI><INFO> get_num_of_cameras: 1906: dev_info[id=1,name='video2']
09-27 15:15:32.262   807   807 I QCamera : <MCI><INFO> get_num_of_cameras: 1906: dev_info[id=2,name='video3']
09-27 15:15:32.262   807   807 I QCamera : <MCI><INFO> sort_camera_info: 1678: YUV Aux camera exposed 0
09-27 15:15:32.262   807   807 I QCamera : <MCI><INFO> sort_camera_info: 1755: Camera id: 0 facing: 0, type: 1 is_yuv: 0
09-27 15:15:32.262   807   807 I QCamera : <MCI><INFO> sort_camera_info: 1755: Camera id: 1 facing: 1, type: 0 is_yuv: 0
09-27 15:15:32.262   807   807 I QCamera : <MCI><INFO> sort_camera_info: 1755: Camera id: 2 facing: 0, type: 2 is_yuv: 0
09-27 15:15:32.262   807   807 I QCamera : <MCI><INFO> sort_camera_info: 1758: Number of cameras 3 sorted 3
09-27 15:15:32.262   807   807 I QCamera : <MCI><INFO> get_num_of_cameras: 1924: num_cameras=3
09-27 15:15:32.262   807   807 I CameraService: Loaded "QCamera Module" camera module
09-27 15:15:32.263   807   807 I QCamera : <HAL><INFO> int qcamera::QCamera2Factory::getCameraInfo(int, struct camera_info *): 351: Camera id 0 API version 256
09-27 15:15:32.263   881   881 I mm-camera: < INFO> 395: void enable_memleak_trace(int): start memleak tracking.
09-27 15:15:32.276   881   881 I mm-camera: <MCT   >< INFO> 63: mct_controller_new: Creating new mct_controller with session-id 1
09-27 15:15:32.276   881  1595 I mm-camera: <MCT   >< INFO> 4549: mct_pipeline_start_session_thread: E sensor
09-27 15:15:32.276   881  1595 I mm-camera: <MCT   >< INFO> 4556: mct_pipeline_start_session_thread: Calling start_session on Module sensor
09-27 15:15:32.276   881  1595 E         : <ALTEK_LOG><LOG> module_sensor_start_session: 1335: 0 
09-27 15:15:32.276   881  1596 I mm-camera: <MCT   >< INFO> 4549: mct_pipeline_start_session_thread: E iface
09-27 15:15:32.276   881  1596 I mm-camera: <MCT   >< INFO> 4556: mct_pipeline_start_session_thread: Calling start_session on Module iface
09-27 15:15:32.277   881  1598 I mm-camera: <MCT   >< INFO> 4549: mct_pipeline_start_session_thread: E isp
09-27 15:15:32.277   881  1598 I mm-camera: <MCT   >< INFO> 4556: mct_pipeline_start_session_thread: Calling start_session on Module isp
09-27 15:15:32.277   881  1598 I mm-camera: <ISP   >< INFO> 201: isp_module_start_session: session id 1
09-27 15:15:32.277   881  1599 I mm-camera: <MCT   >< INFO> 4549: mct_pipeline_start_session_thread: E stats
09-27 15:15:32.277   881  1599 I mm-camera: <MCT   >< INFO> 4556: mct_pipeline_start_session_thread: Calling start_session on Module stats
09-27 15:15:32.277   881  1599 E mm-3a-core: <ALTEK_LOG><LOG> stats_module_start_session: 239: 0 
09-27 15:15:32.278   881  1595 E mm-camera: <SENSOR><ERROR> 2724: sensor_open: [WENDELL]sensor_open:2724 - dc_mode = 0
09-27 15:15:32.278   881  1596 I mm-camera: <MCT   >< INFO> 4559: mct_pipeline_start_session_thread: Module iface start_session rc = 1
09-27 15:15:32.278   881  1596 I mm-camera: <MCT   >< INFO> 4567: mct_pipeline_start_session_thread: started_num = 1, success = 1
09-27 15:15:32.278   881  1596 I mm-camera: <MCT   >< INFO> 4574: mct_pipeline_start_session_thread: X iface
09-27 15:15:32.284   881  1601 I mm-camera: <MCT   >< INFO> 4549: mct_pipeline_start_session_thread: E pproc
09-27 15:15:32.284   881  1599 I alFineSearch: alHAF vesion5000.570
09-27 15:15:32.284   881  1601 I mm-camera: <MCT   >< INFO> 4556: mct_pipeline_start_session_thread: Calling start_session on Module pproc
09-27 15:15:32.284   881  1599 W alFineSearch: [ST.WRONG] turn off customer af log!
09-27 15:15:32.285   881  1602 I mm-camera: <MCT   >< INFO> 4549: mct_pipeline_start_session_thread: E imglib
09-27 15:15:32.285   881  1602 I mm-camera: <MCT   >< INFO> 4556: mct_pipeline_start_session_thread: Calling start_session on Module imglib
09-27 15:15:32.286   881  1602 I mm-camera: <MCT   >< INFO> 4559: mct_pipeline_start_session_thread: Module imglib start_session rc = 1
09-27 15:15:32.286   881  1602 I mm-camera: <MCT   >< INFO> 4567: mct_pipeline_start_session_thread: started_num = 2, success = 2
09-27 15:15:32.286   881  1602 I mm-camera: <MCT   >< INFO> 4574: mct_pipeline_start_session_thread: X imglib
09-27 15:15:32.290   881  1601 I mm-camera: <MCT   >< INFO> 4559: mct_pipeline_start_session_thread: Module pproc start_session rc = 1
09-27 15:15:32.291   881  1601 I mm-camera: <MCT   >< INFO> 4567: mct_pipeline_start_session_thread: started_num = 3, success = 3
09-27 15:15:32.291   881  1601 I mm-camera: <MCT   >< INFO> 4574: mct_pipeline_start_session_thread: X pproc
09-27 15:15:32.291   881  1595 I mm-camera: <MCT   >< INFO> 4559: mct_pipeline_start_session_thread: Module sensor start_session rc = 1
09-27 15:15:32.291   881  1595 I mm-camera: <MCT   >< INFO> 4567: mct_pipeline_start_session_thread: started_num = 4, success = 4
09-27 15:15:32.291   881  1595 I mm-camera: <MCT   >< INFO> 4574: mct_pipeline_start_session_thread: X sensor
09-27 15:15:32.294   881  1607 I ServiceManager: Waiting for service sensorservice...
09-27 15:15:32.295   881  1599 I mm-camera: <MCT   >< INFO> 4559: mct_pipeline_start_session_thread: Module stats start_session rc = 1
09-27 15:15:32.295   881  1599 I mm-camera: <MCT   >< INFO> 4567: mct_pipeline_start_session_thread: started_num = 5, success = 5
09-27 15:15:32.295   881  1599 I mm-camera: <MCT   >< INFO> 4574: mct_pipeline_start_session_thread: X stats
09-27 15:15:32.295   881  1598 I mm-camera: <MCT   >< INFO> 4559: mct_pipeline_start_session_thread: Module isp start_session rc = 1
09-27 15:15:32.295   881  1598 I mm-camera: <MCT   >< INFO> 4567: mct_pipeline_start_session_thread: started_num = 6, success = 6
09-27 15:15:32.295   881  1598 I mm-camera: <MCT   >< INFO> 4574: mct_pipeline_start_session_thread: X isp
09-27 15:15:32.309   881   881 I mm-camera: <MCT   >< INFO> 4470: mct_pipeline_start_stream_internal: Adding session stream streamid= 0xf for session=1
09-27 15:15:32.309   881   881 I mm-camera: <MCT   >< INFO> 4518: mct_pipeline_start_stream_internal: Linking session stream for session 1
09-27 15:15:32.309   881   881 I mm-camera: <MCT   >< INFO> 516: mct_stream_start_link: Start linking Session-stream 0x1000f
09-27 15:15:32.310   881   881 I mm-camera: <IFACE >< INFO> 338: iface_util_find_primary_cid: iface_util_find_primary_cid:338 error cannot find primary sensor format cids 1
09-27 15:15:32.310   881   881 I mm-camera: <ISP   >< INFO> 801: isp_port_check_caps_reserve: port 0xeb0eb140 ide 1000f type 10 dim 0 0
09-27 15:15:32.310   881   881 I mm-camera: <PPROC >< INFO> 446: pproc_port_add_modules_to_stream: in identity 1000f stream 10 int_link = 0xeb174900
09-27 15:15:32.310   881   881 I mm-camera: <PPROC >< INFO> 458: pproc_port_add_modules_to_stream: :LINK linking mods tmod and ppeiscore for identity 1000f
09-27 15:15:32.311   881   881 I mm-camera: <PPROC >< INFO> 458: pproc_port_add_modules_to_stream: :LINK linking mods ppeiscore and c2d for identity 1000f
09-27 15:15:32.311   881   881 I mm-camera: <C2D   >< INFO> 1490: c2d_module_notify_add_stream: width 0, height 0, stride 0, scanline 0, is_type 0
09-27 15:15:32.311   881   881 I mm-camera: <PPROC >< INFO> 458: pproc_port_add_modules_to_stream: :LINK linking mods c2d and cpp for identity 1000f
09-27 15:15:32.312   881   881 I mm-camera: <CPP   >< INFO> 2154: cpp_module_notify_add_stream: :width 0, height 0, stride 0, scanline 0, framelen 0
09-27 15:15:32.312   881   881 I mm-camera: <CPP   >< INFO> 2326: cpp_module_notify_add_stream: : stream 10, fmt 1, asf_mode 0, sharpness_level 0.000000,asf mask 0, denoise 0, denoise_mask 0, dsdn mask 0,dsdn enable 0, tnr mask 0, tnr enable 0, ds_mask 0
09-27 15:15:32.312   881   881 I mm-camera: <PPROC >< INFO> 458: pproc_port_add_modules_to_stream: :LINK linking mods cpp and paaf for identity 1000f
09-27 15:15:32.312   881   881 I mm-camera: <PPROC >< INFO> 458: pproc_port_add_modules_to_stream: :LINK linking mods paaf and llvd for identity 1000f
09-27 15:15:32.313   881   881 I mm-camera: <PPROC >< INFO> 458: pproc_port_add_modules_to_stream: :LINK linking mods llvd and ezt for identity 1000f
09-27 15:15:32.313   881   881 I mm-camera: <PPROC >< INFO> 458: pproc_port_add_modules_to_stream: :LINK linking mods ezt and quadracfa for identity 1000f
09-27 15:15:32.314   881   881 E mm-camera: <STATS ><ERROR> 2822: stats_port_check_caps_reserve: Invalid Port capability type!
09-27 15:15:32.314   881   881 E mm-camera: <STATS ><ERROR> 2822: stats_port_check_caps_reserve: Invalid Port capability type!
09-27 15:15:32.314   881   881 E mm-camera: <STATS ><ERROR> 2822: stats_port_check_caps_reserve: Invalid Port capability type!
09-27 15:15:32.314   881   881 E mm-camera: <STATS ><ERROR> 2822: stats_port_check_caps_reserve: Invalid Port capability type!
09-27 15:15:32.314   881   881 E mm-camera: <STATS ><ERROR> 2822: stats_port_check_caps_reserve: Invalid Port capability type!
09-27 15:15:32.315   881   881 I mm-camera: <MCT   >< INFO> 4527: mct_pipeline_start_stream_internal: Session stream linked successfully session 1
09-27 15:15:32.374   881  1597 E mm-camera: <SENSOR><ERROR> ov13855_gt24c64a_chicony_eeprom_get_calibration_items: 85: [WENDELL]-ov13855_gt24c64a_chicony_eeprom_get_calibration_items: Enter
09-27 15:15:32.374   881  1597 E mm-camera: 
09-27 15:15:32.374   881  1597 E mm-camera: <SENSOR><ERROR> ov13855_gt24c64a_chicony_eeprom_get_calibration_items: 102: [WENDELL]-ov13855_gt24c64a_chicony_eeprom_get_calibration_items: EXIT
09-27 15:15:32.374   881  1597 E mm-camera: 
09-27 15:15:32.390   881  1617 I mm-camera: <IMGLIB>< INFO> 2062: module_faceproc_query_mod: Caps ROI 10 scene_mode_cnt 1 HW analysis supported 0
09-27 15:15:32.390   881  1617 I mm-camera: <MCT   >< INFO> 1771: mct_pipeline_append_fps_entry:  Added hal_table[0]: (15.000000, 15.000000)
09-27 15:15:32.390   881  1617 I mm-camera: <MCT   >< INFO> 1771: mct_pipeline_append_fps_entry:  Added hal_table[1]: (20.000000, 20.000000)
09-27 15:15:32.390   881  1617 I mm-camera: <MCT   >< INFO> 1771: mct_pipeline_append_fps_entry:  Added hal_table[2]: (7.500000, 24.000000)
09-27 15:15:32.390   881  1617 I mm-camera: <MCT   >< INFO> 1784: mct_pipeline_append_fps_entry:  Added hal_table[3]: (24.000000, 24.000000)
09-27 15:15:32.390   881  1617 I mm-camera: <MCT   >< INFO> 1771: mct_pipeline_append_fps_entry:  Added hal_table[4]: (7.000000, 30.000000)
09-27 15:15:32.391   881  1617 I mm-camera: <MCT   >< INFO> 1784: mct_pipeline_append_fps_entry:  Added hal_table[5]: (30.000000, 30.000000)
09-27 15:15:32.391   881  1617 I mm-camera: <MCT   >< INFO> 2955: mct_pipeline_fill_dimensions_snapshot: Cam 0: FPS range selection complete. Publishing 6 ranges.
09-27 15:15:32.392   881   881 I mm-camera: <MCT   >< INFO> 219: mct_controller_destroy: Initiating destroy sequence for session = 1
09-27 15:15:32.392   881   881 I mm-camera: <MCT   >< INFO> 237: mct_controller_destroy: serv_thread closed
09-27 15:15:32.392   881   881 I mm-camera: <MCT   >< INFO> 252: mct_controller_destroy: bus_handler thread closed
09-27 15:15:32.392   881   881 I mm-camera: <MCT   >< INFO> 4627: mct_pipeline_stop_session: Initiating stop_session on session 1
09-27 15:15:32.392   881   881 I mm-camera: <MCT   >< INFO> 3668: mct_pipeline_process_set: command=800000b
09-27 15:15:32.392   881   881 I mm-camera: <MCT   >< INFO> 3886: mct_pipeline_process_set: Issuing DEL_STREAM on stream 0x1000f and stream type=10
09-27 15:15:32.392   881   881 I mm-camera: <IFACE >< INFO> 677: iface_unreserve_sink_port: stream_id f mode 0 
09-27 15:15:32.392   881   881 I mm-camera: <ISP   >< INFO> 890: isp_port_check_caps_unreserve: ide 1000f port 0xeb0eb140
09-27 15:15:32.393   881   881 I mm-camera: <MCT   >< INFO> 3897: mct_pipeline_process_set: Stream 0x1000f and stream type=10, successfully deleted
09-27 15:15:32.394   881  1625 I mm-camera: <MCT   >< INFO> 4361: mct_pipeline_stop_session_thread: Stop module name: sensor - E
09-27 15:15:32.394   881  1626 I mm-camera: <MCT   >< INFO> 4361: mct_pipeline_stop_session_thread: Stop module name: iface - E
09-27 15:15:32.394   881  1627 I mm-camera: <MCT   >< INFO> 4361: mct_pipeline_stop_session_thread: Stop module name: isp - E
09-27 15:15:32.395   881  1626 I mm-camera: <MCT   >< INFO> 4369: mct_pipeline_stop_session_thread: Stop module name: iface - X
09-27 15:15:32.395   881  1627 I mm-camera: <ISP   >< INFO> 487: isp_module_stop_session: session id 1
09-27 15:15:32.395   881  1628 I mm-camera: <MCT   >< INFO> 4361: mct_pipeline_stop_session_thread: Stop module name: stats - E
09-27 15:15:32.395   881  1629 I mm-camera: <MCT   >< INFO> 4361: mct_pipeline_stop_session_thread: Stop module name: pproc - E
09-27 15:15:32.397   881   881 I mm-camera: <MCT   >< INFO> 4649: mct_pipeline_stop_session: Modules left: 5
09-27 15:15:32.397   881  1627 I mm-camera: <MCT   >< INFO> 4369: mct_pipeline_stop_session_thread: Stop module name: isp - X
09-27 15:15:32.397   881   881 I mm-camera: <MCT   >< INFO> 4649: mct_pipeline_stop_session: Modules left: 4
09-27 15:15:32.399   881  1630 I mm-camera: <MCT   >< INFO> 4361: mct_pipeline_stop_session_thread: Stop module name: imglib - E
09-27 15:15:32.401   881  1629 I mm-camera: <MCT   >< INFO> 4369: mct_pipeline_stop_session_thread: Stop module name: pproc - X
09-27 15:15:32.401   881  1630 I mm-camera: <MCT   >< INFO> 4369: mct_pipeline_stop_session_thread: Stop module name: imglib - X
09-27 15:15:32.401   881   881 I mm-camera: <MCT   >< INFO> 4649: mct_pipeline_stop_session: Modules left: 3
09-27 15:15:32.401   881   881 I mm-camera: <MCT   >< INFO> 4649: mct_pipeline_stop_session: Modules left: 2
09-27 15:15:32.404   881  1628 I mm-camera: <MCT   >< INFO> 4369: mct_pipeline_stop_session_thread: Stop module name: stats - X
09-27 15:15:32.404   881   881 I mm-camera: <MCT   >< INFO> 4649: mct_pipeline_stop_session: Modules left: 1
09-27 15:15:32.420   881  1625 I mm-camera: <MCT   >< INFO> 4369: mct_pipeline_stop_session_thread: Stop module name: sensor - X
09-27 15:15:32.420   881   881 I mm-camera: <MCT   >< INFO> 4649: mct_pipeline_stop_session: Modules left: 0
09-27 15:15:32.420   881   881 I mm-camera: <MCT   >< INFO> 4659: mct_pipeline_stop_session: Stopped session 1 successfully
09-27 15:15:32.420   881   881 I mm-camera: <MCT   >< INFO> 4937: mct_pipeline_destroy: E: session:1
09-27 15:15:32.420   881   881 I mm-camera: <MCT   >< INFO> 5010: mct_pipeline_destroy: X: Pipeline destroyed successfully session =1
09-27 15:15:32.420   881   881 I mm-camera: <MCT   >< INFO> 286: mct_controller_destroy: X Successfully closed mct_controller session 1
09-27 15:15:32.422   807   807 I QCamera : <HAL><INFO> static int qcamera::QCamera3HardwareInterface::getCamInfo(uint32_t, struct camera_info *): 8770: camera 0 resource cost is 100
09-27 15:15:32.422   807   807 I QCamera : <HAL><INFO> int qcamera::QCamera2Factory::getCameraInfo(int, struct camera_info *): 351: Camera id 1 API version 256
09-27 15:15:32.422   881   881 I mm-camera: < INFO> 395: void enable_memleak_trace(int): start memleak tracking.
09-27 15:15:32.431   881   881 I mm-camera: <MCT   >< INFO> 63: mct_controller_new: Creating new mct_controller with session-id 3
09-27 15:15:32.431   881  1637 I mm-camera: <MCT   >< INFO> 4549: mct_pipeline_start_session_thread: E sensor
09-27 15:15:32.432   881  1637 I mm-camera: <MCT   >< INFO> 4556: mct_pipeline_start_session_thread: Calling start_session on Module sensor
09-27 15:15:32.432   881  1637 E         : <ALTEK_LOG><LOG> module_sensor_start_session: 1335: 0 
09-27 15:15:32.432   881  1638 I mm-camera: <MCT   >< INFO> 4549: mct_pipeline_start_session_thread: E iface
09-27 15:15:32.432   881  1638 I mm-camera: <MCT   >< INFO> 4556: mct_pipeline_start_session_thread: Calling start_session on Module iface
09-27 15:15:32.432   881  1640 I mm-camera: <MCT   >< INFO> 4549: mct_pipeline_start_session_thread: E isp
09-27 15:15:32.432   881  1640 I mm-camera: <MCT   >< INFO> 4556: mct_pipeline_start_session_thread: Calling start_session on Module isp
09-27 15:15:32.432   881  1640 I mm-camera: <ISP   >< INFO> 201: isp_module_start_session: session id 3
09-27 15:15:32.433   881  1638 I mm-camera: <MCT   >< INFO> 4559: mct_pipeline_start_session_thread: Module iface start_session rc = 1
09-27 15:15:32.433   881  1638 I mm-camera: <MCT   >< INFO> 4567: mct_pipeline_start_session_thread: started_num = 1, success = 1
09-27 15:15:32.433   881  1638 I mm-camera: <MCT   >< INFO> 4574: mct_pipeline_start_session_thread: X iface
09-27 15:15:32.433   881  1641 I mm-camera: <MCT   >< INFO> 4549: mct_pipeline_start_session_thread: E stats
09-27 15:15:32.434   881  1641 I mm-camera: <MCT   >< INFO> 4556: mct_pipeline_start_session_thread: Calling start_session on Module stats
09-27 15:15:32.434   881  1641 E mm-3a-core: <ALTEK_LOG><LOG> stats_module_start_session: 239: 0 
09-27 15:15:32.436   890   890 D QSEECOMAPI: QSEECom_get_handle sb_length = 0x144c0
09-27 15:15:32.436   890   890 D QSEECOMAPI: App is not loaded in QSEE
09-27 15:15:32.436   890   890 D QSEECOMAPI: app_arch = 1, total_files = 8
09-27 15:15:32.439   881  1644 I mm-camera: <MCT   >< INFO> 4549: mct_pipeline_start_session_thread: E pproc
09-27 15:15:32.439   881  1644 I mm-camera: <MCT   >< INFO> 4556: mct_pipeline_start_session_thread: Calling start_session on Module pproc
09-27 15:15:32.439   881  1641 I alFineSearch: alHAF vesion5000.570
09-27 15:15:32.439   881  1641 W alFineSearch: [ST.WRONG] turn off customer af log!
09-27 15:15:32.439   881  1646 I mm-camera: <MCT   >< INFO> 4549: mct_pipeline_start_session_thread: E imglib
09-27 15:15:32.439   881  1646 I mm-camera: <MCT   >< INFO> 4556: mct_pipeline_start_session_thread: Calling start_session on Module imglib
09-27 15:15:32.440   881  1640 I mm-camera: <MCT   >< INFO> 4559: mct_pipeline_start_session_thread: Module isp start_session rc = 1
09-27 15:15:32.440   881  1640 I mm-camera: <MCT   >< INFO> 4567: mct_pipeline_start_session_thread: started_num = 2, success = 2
09-27 15:15:32.440   881  1640 I mm-camera: <MCT   >< INFO> 4574: mct_pipeline_start_session_thread: X isp
09-27 15:15:32.441   881  1646 I mm-camera: <MCT   >< INFO> 4559: mct_pipeline_start_session_thread: Module imglib start_session rc = 1
09-27 15:15:32.441   881  1646 I mm-camera: <MCT   >< INFO> 4567: mct_pipeline_start_session_thread: started_num = 3, success = 3
09-27 15:15:32.441   881  1646 I mm-camera: <MCT   >< INFO> 4574: mct_pipeline_start_session_thread: X imglib
09-27 15:15:32.441   881  1644 I mm-camera: <MCT   >< INFO> 4559: mct_pipeline_start_session_thread: Module pproc start_session rc = 1
09-27 15:15:32.441   881  1644 I mm-camera: <MCT   >< INFO> 4567: mct_pipeline_start_session_thread: started_num = 4, success = 4
09-27 15:15:32.441   881  1644 I mm-camera: <MCT   >< INFO> 4574: mct_pipeline_start_session_thread: X pproc
09-27 15:15:32.444   881  1641 I mm-camera: <MCT   >< INFO> 4559: mct_pipeline_start_session_thread: Module stats start_session rc = 1
09-27 15:15:32.444   881  1641 I mm-camera: <MCT   >< INFO> 4567: mct_pipeline_start_session_thread: started_num = 5, success = 5
09-27 15:15:32.444   881  1641 I mm-camera: <MCT   >< INFO> 4574: mct_pipeline_start_session_thread: X stats
09-27 15:15:32.447   881  1637 I mm-camera: <MCT   >< INFO> 4559: mct_pipeline_start_session_thread: Module sensor start_session rc = 1
09-27 15:15:32.447   881  1637 I mm-camera: <MCT   >< INFO> 4567: mct_pipeline_start_session_thread: started_num = 6, success = 6
09-27 15:15:32.447   881  1637 I mm-camera: <MCT   >< INFO> 4574: mct_pipeline_start_session_thread: X sensor
09-27 15:15:32.454   881   881 I mm-camera: <MCT   >< INFO> 4470: mct_pipeline_start_stream_internal: Adding session stream streamid= 0xf for session=3
09-27 15:15:32.454   881   881 I mm-camera: <MCT   >< INFO> 4518: mct_pipeline_start_stream_internal: Linking session stream for session 3
09-27 15:15:32.454   881   881 I mm-camera: <MCT   >< INFO> 516: mct_stream_start_link: Start linking Session-stream 0x3000f
09-27 15:15:32.454   881   881 I mm-camera: <ISP   >< INFO> 801: isp_port_check_caps_reserve: port 0xeb0eb140 ide 3000f type 10 dim 0 0
09-27 15:15:32.454   881   881 I mm-camera: <PPROC >< INFO> 446: pproc_port_add_modules_to_stream: in identity 3000f stream 10 int_link = 0xeb174900
09-27 15:15:32.454   881   881 I mm-camera: <PPROC >< INFO> 458: pproc_port_add_modules_to_stream: :LINK linking mods tmod and ppeiscore for identity 3000f
09-27 15:15:32.465   881   881 I mm-camera: <PPROC >< INFO> 458: pproc_port_add_modules_to_stream: :LINK linking mods ppeiscore and c2d for identity 3000f
09-27 15:15:32.465   881   881 I mm-camera: <C2D   >< INFO> 1490: c2d_module_notify_add_stream: width 0, height 0, stride 0, scanline 0, is_type 0
09-27 15:15:32.465   881   881 I mm-camera: <PPROC >< INFO> 458: pproc_port_add_modules_to_stream: :LINK linking mods c2d and cpp for identity 3000f
09-27 15:15:32.465   881   881 I mm-camera: <CPP   >< INFO> 2154: cpp_module_notify_add_stream: :width 0, height 0, stride 0, scanline 0, framelen 0
09-27 15:15:32.465   881   881 I mm-camera: <CPP   >< INFO> 2326: cpp_module_notify_add_stream: : stream 10, fmt 1, asf_mode 0, sharpness_level 0.000000,asf mask 0, denoise 0, denoise_mask 0, dsdn mask 0,dsdn enable 0, tnr mask 0, tnr enable 0, ds_mask 0
09-27 15:15:32.465   881   881 I mm-camera: <PPROC >< INFO> 458: pproc_port_add_modules_to_stream: :LINK linking mods cpp and paaf for identity 3000f
09-27 15:15:32.465   881   881 I mm-camera: <PPROC >< INFO> 458: pproc_port_add_modules_to_stream: :LINK linking mods paaf and llvd for identity 3000f
09-27 15:15:32.466   881   881 I mm-camera: <PPROC >< INFO> 458: pproc_port_add_modules_to_stream: :LINK linking mods llvd and ezt for identity 3000f
09-27 15:15:32.466   881   881 I mm-camera: <PPROC >< INFO> 458: pproc_port_add_modules_to_stream: :LINK linking mods ezt and quadracfa for identity 3000f
09-27 15:15:32.467   881   881 E mm-camera: <STATS ><ERROR> 2822: stats_port_check_caps_reserve: Invalid Port capability type!
09-27 15:15:32.467   881   881 E mm-camera: <STATS ><ERROR> 2822: stats_port_check_caps_reserve: Invalid Port capability type!
09-27 15:15:32.467   881   881 E mm-camera: <STATS ><ERROR> 2822: stats_port_check_caps_reserve: Invalid Port capability type!
09-27 15:15:32.467   881   881 E mm-camera: <STATS ><ERROR> 2822: stats_port_check_caps_reserve: Invalid Port capability type!
09-27 15:15:32.467   881   881 E mm-camera: <STATS ><ERROR> 2822: stats_port_check_caps_reserve: Invalid Port capability type!
09-27 15:15:32.469   881   881 I mm-camera: <MCT   >< INFO> 4527: mct_pipeline_start_stream_internal: Session stream linked successfully session 3
09-27 15:15:32.527   773   773 I art     : Thread[1,tid=773,Native,Thread*=0x7f80095a00,peer=0x12c460d0,"main"] recursive attempt to load library "/system/lib64/libmedia_jni.so"
09-27 15:15:32.528   773   773 D MtpDeviceJNI: register_android_mtp_MtpDevice
09-27 15:15:32.531   773   773 I art     : Thread[1,tid=773,Native,Thread*=0x7f80095a00,peer=0x12c460d0,"main"] recursive attempt to load library "/system/lib64/libmedia_jni.so"
09-27 15:15:32.532   773   773 I art     : Thread[1,tid=773,Native,Thread*=0x7f80095a00,peer=0x12c460d0,"main"] recursive attempt to load library "/system/lib64/libmedia_jni.so"
09-27 15:15:32.592  1327  1354 E slim_daemon: [NDK] bindNDKSensors: Sensor server is unavailable.
09-27 15:15:32.617   854   854 W Atfwd_Sendcmd: AtCmdFwd service not published, waiting... retryCnt : 1
09-27 15:15:32.662   969  1060 D Diag_Lib: [IMS_DEBUG]| 201 | 1060 |clientThreadHandler_ipc : Received a buffer of size 28
09-27 15:15:32.662   969  1060 D Diag_Lib: [IMS_DEBUG]| 208 | 1060 |clientThreadHandler_ipc : msg.ipc_request_id is 0
09-27 15:15:32.663   969  1060 D Diag_Lib: [IMS_DEBUG]| 216 | 1060 |clientThreadHandler_ipc : DATAD_GET_HANDLE
09-27 15:15:32.663   969  1060 D Diag_Lib: [IMS_DEBUG]| 662 | 1060 |Datad_SocketHandler_ipc : Len 28, Bytes Consumed [28], Bytes Remaining [0]
09-27 15:15:32.663   969  1060 D Diag_Lib: [IMS_DEBUG]| 831 | 1060 |datad_select_fd : clientThreadHandler_ipc retrun 0
09-27 15:15:32.663   969  1060 D Diag_Lib: [IMS_DEBUG]| 942 | 1060 |qpDataD_ipc_get_handle : Exit success with --AppID 20--
09-27 15:15:32.663   969  1060 D Diag_Lib: [IMS_DEBUG]| 1187 | 1060 |qpDataD_ipc_startService : Enter
09-27 15:15:32.663   969  1060 D Diag_Lib: [IMS_DEBUG]| 1091 | 1060 |datad_send_ipc_request : Enter
09-27 15:15:32.663   969  1060 D Diag_Lib: [IMS_DEBUG]| 1100 | 1060 |datad_send_ipc_request : App ID match found at 0
09-27 15:15:32.663   969  1060 D Diag_Lib: [IMS_DEBUG]| 1141 | 1060 |datad_send_ipc_request : Send 2 bytes 29
09-27 15:15:32.663   969  1060 D Diag_Lib: [IMS_DEBUG]| 823 | 1060 |datad_select_fd : Enter : fd 13
09-27 15:15:32.663   969  1060 D Diag_Lib: [IMS_DEBUG]| 168 | 1060 |clientThreadHandler_ipc : client thread created
09-27 15:15:32.663   969  1060 D Diag_Lib: [IMS_DEBUG]| 182 | 1060 |clientThreadHandler_ipc : waiting to read
09-27 15:15:32.675   969  1060 D Diag_Lib: [IMS_DEBUG]| 201 | 1060 |clientThreadHandler_ipc : Received a buffer of size 28
09-27 15:15:32.676   969  1060 D Diag_Lib: [IMS_DEBUG]| 208 | 1060 |clientThreadHandler_ipc : msg.ipc_request_id is 1
09-27 15:15:32.676   969  1060 D Diag_Lib: [IMS_DEBUG]| 239 | 1060 |clientThreadHandler_ipc : DATAD_START_SERVICE
09-27 15:15:32.676   969  1060 D Diag_Lib: [IMS_DEBUG]| 662 | 1060 |Datad_SocketHandler_ipc : Len 28, Bytes Consumed [28], Bytes Remaining [0]
09-27 15:15:32.676   969  1060 D Diag_Lib: [IMS_DEBUG]| 831 | 1060 |datad_select_fd : clientThreadHandler_ipc retrun 0
09-27 15:15:32.676   969  1060 D Diag_Lib: [IMS_DEBUG]| 1159 | 1060 |datad_send_ipc_request : Return with success
09-27 15:15:32.676   969  1060 E Diag_Lib: [IMS_ERROR]| 1205 | 1060 |qpDataD_ipc_startService : Success
09-27 15:15:32.676   969  1060 D Diag_Lib: [IMS_DEBUG]| 204 | 1060 |qpActivateLinkLocal | Waiting on Sem for event from Datadaemon
09-27 15:15:32.676   969  1060 D Diag_Lib: [IMS_DEBUG]| 823 | 1060 |datad_select_fd : Enter : fd 13
09-27 15:15:32.676   969  1060 D Diag_Lib: [IMS_DEBUG]| 168 | 1060 |clientThreadHandler_ipc : client thread created
09-27 15:15:32.676   969  1060 D Diag_Lib: [IMS_DEBUG]| 182 | 1060 |clientThreadHandler_ipc : waiting to read
09-27 15:15:32.683   851   851 I cnss-daemon: RTM_NEWROUTE Indication
09-27 15:15:32.683   851   851 I cnss-daemon: RTM_NEWROUTE Indication
09-27 15:15:32.684   851   851 I cnss-daemon: RTM_NEWROUTE Indication
09-27 15:15:32.687   851   851 I cnss-daemon: RTM_NEWROUTE Indication
09-27 15:15:32.704  1326  1368 E LocSvc_api_v02: E/loc_sync_wait_for_ind:458]: slot 0, timed out for ind_id QMI_LOC_INJECT_APDONOTCACHE_DATA_REQ_V02
09-27 15:15:32.705  1326  1368 E LocSvc_api_v02: E/loc_sync_send_req:529]: loc_api_wait_for_ind failed, err -110, select id 0, status eLOC_CLIENT_FAILURE_TIMEOUT
09-27 15:15:32.705  1326  1368 E LocSvc_IzatApiV02: E/virtual int izat_core::IzatApiV02::injectApCacheBlacklist(APCacheBlacklistData):857]: Error : st = 6, ind.status = 0
09-27 15:15:32.705  1326  1368 E LocSvc_IzatApiV02: E/virtual int izat_core::IzatApiV02::injectApCacheBlacklist(APCacheBlacklistData):869]: inject AP Cache - blacklistto modem failed. 
09-27 15:15:32.705  1326  1368 E LocSvc_api_v02: I/---> locClientSendReq line 2064 QMI_LOC_INJECT_APDONOTCACHE_DATA_REQ_V02
09-27 15:15:32.732   774   774 I art     : Thread[1,tid=774,Native,Thread*=0xe9d05400,peer=0x12c04f70,"main"] recursive attempt to load library "/system/lib/libmedia_jni.so"
09-27 15:15:32.733   774   774 D MtpDeviceJNI: register_android_mtp_MtpDevice
09-27 15:15:32.736   774   774 I art     : Thread[1,tid=774,Native,Thread*=0xe9d05400,peer=0x12c04f70,"main"] recursive attempt to load library "/system/lib/libmedia_jni.so"
09-27 15:15:32.737   774   774 I art     : Thread[1,tid=774,Native,Thread*=0xe9d05400,peer=0x12c04f70,"main"] recursive attempt to load library "/system/lib/libmedia_jni.so"
09-27 15:15:32.744   881  1658 I mm-camera: <IMGLIB>< INFO> 2062: module_faceproc_query_mod: Caps ROI 10 scene_mode_cnt 1 HW analysis supported 0
09-27 15:15:32.744   881  1658 I mm-camera: <MCT   >< INFO> 1771: mct_pipeline_append_fps_entry:  Added hal_table[0]: (15.000000, 15.000000)
09-27 15:15:32.744   881  1658 I mm-camera: <MCT   >< INFO> 1771: mct_pipeline_append_fps_entry:  Added hal_table[1]: (7.500000, 20.000000)
09-27 15:15:32.744   881  1658 I mm-camera: <MCT   >< INFO> 1784: mct_pipeline_append_fps_entry:  Added hal_table[2]: (20.000000, 20.000000)
09-27 15:15:32.744   881  1658 I mm-camera: <MCT   >< INFO> 1771: mct_pipeline_append_fps_entry:  Added hal_table[3]: (7.500000, 24.000000)
09-27 15:15:32.744   881  1658 I mm-camera: <MCT   >< INFO> 1784: mct_pipeline_append_fps_entry:  Added hal_table[4]: (24.000000, 24.000000)
09-27 15:15:32.744   881  1658 I mm-camera: <MCT   >< INFO> 1771: mct_pipeline_append_fps_entry:  Added hal_table[5]: (7.000000, 30.000000)
09-27 15:15:32.744   881  1658 I mm-camera: <MCT   >< INFO> 1784: mct_pipeline_append_fps_entry:  Added hal_table[6]: (30.000000, 30.000000)
09-27 15:15:32.744   881  1658 I mm-camera: <MCT   >< INFO> 2955: mct_pipeline_fill_dimensions_snapshot: Cam 1: FPS range selection complete. Publishing 7 ranges.
