09-27 15:15:51.244  1777  1886 D EventHub: No input device configuration file found for device 'qpnp_pon'.
09-27 15:15:51.246  1777  1886 W EventHub: Unable to disable kernel key repeat for /dev/input/event0: Function not implemented
09-27 15:15:51.247  1777  1886 I EventHub: New device: id=4, fd=195, path='/dev/input/event0', name='qpnp_pon', classes=0x1, configuration='', keyLayout='/system/usr/keylayout/Generic.kl', keyCharacterMap='/system/usr/keychars/Generic.kcm', builtinKeyboard=false, wakeMechanism=EPOLLWAKEUP, usingClockIoctl=true
09-27 15:15:51.247  1777  1886 E EventHub: could not get driver version for /dev/input/mice, Not a typewriter
09-27 15:15:51.302   881  1607 E mm-camera: <STATS_AIS ><ERROR> 617: sensor_native_thread_handler: Laser Sensor not found!
09-27 15:15:51.302   881  1651 E mm-camera: <STATS_AIS ><ERROR> 617: sensor_native_thread_handler: Laser Sensor not found!
09-27 15:15:51.304   881  1727 E mm-camera: <STATS_AIS ><ERROR> 617: sensor_native_thread_handler: Laser Sensor not found!
09-27 15:15:51.404  1777  1886 D EventHub: No input device configuration file found for device 'gpio-keys'.
09-27 15:15:51.405   881  1651 I mm-camera: <STATS_AIS >< INFO> 757: sensor_native_thread_handler: camera session close, exit the thread; free obj
09-27 15:15:51.405   881  1727 I mm-camera: <STATS_AIS >< INFO> 757: sensor_native_thread_handler: camera session close, exit the thread; free obj
09-27 15:15:51.409  1777  1886 W EventHub: Unable to disable kernel key repeat for /dev/input/event3: Function not implemented
09-27 15:15:51.409  1777  1886 I EventHub: New device: id=5, fd=196, path='/dev/input/event3', name='gpio-keys', classes=0x1, configuration='', keyLayout='/system/usr/keylayout/Vendor_0001_Product_0001.kl', keyCharacterMap='/system/usr/keychars/Generic.kcm', builtinKeyboard=false, wakeMechanism=EPOLLWAKEUP, usingClockIoctl=true
09-27 15:15:51.409  1777  1886 D EventHub: No input device configuration file found for device 'ft5435_ts'.
09-27 15:15:51.412  1777  1886 W EventHub: Unable to disable kernel key repeat for /dev/input/event1: Function not implemented
09-27 15:15:51.412  1777  1886 I EventHub: New device: id=6, fd=199, path='/dev/input/event1', name='ft5435_ts', classes=0x15, configuration='', keyLayout='/system/usr/keylayout/Generic.kl', keyCharacterMap='/system/usr/keychars/Generic.kcm', builtinKeyboard=false, wakeMechanism=EPOLLWAKEUP, usingClockIoctl=true
09-27 15:15:51.415  1777  1886 I InputReader: Device added: id=-1, name='Virtual', sources=0x00000301
09-27 15:15:51.417  1777  1886 I InputReader:   Touch device 'ft5435_ts' could not query the properties of its associated display.  The device will be inoperable until the display size becomes available.
09-27 15:15:51.417  1777  1886 I InputReader: Device added: id=6, name='ft5435_ts', sources=0x00001103
09-27 15:15:51.417  1777  1886 I InputReader: Device added: id=5, name='gpio-keys', sources=0x00000101
09-27 15:15:51.417  1777  1886 I InputReader: Device added: id=4, name='qpnp_pon', sources=0x00000101
09-27 15:15:51.434  1777  1886 I InputReader: Device added: id=3, name='hbtp_vm', sources=0x00002002
09-27 15:15:51.434  1777  1886 I InputReader: Device added: id=2, name='msm8953-snd-card-mtp Headset Jack', sources=0x80000000
09-27 15:15:51.434  1777  1886 I InputReader: Device added: id=1, name='msm8953-snd-card-mtp Button Jack', sources=0x00000101
09-27 15:15:51.566  1777  1777 I SystemServer: StartAccessibilityManagerService
09-27 15:15:51.580  1777  1777 W WindowManager:  SLCODE computeScreenConfigurationLocked, the hard device name is: msm8953-snd-card-mtp Button Jack
09-27 15:15:51.580  1777  1777 W WindowManager:  SLCODE computeScreenConfigurationLocked, the hard device name is: msm8953-snd-card-mtp Headset Jack
09-27 15:15:51.580  1777  1777 W WindowManager:  SLCODE computeScreenConfigurationLocked, the hard device name is: hbtp_vm
09-27 15:15:51.580  1777  1777 W WindowManager:  SLCODE computeScreenConfigurationLocked, the hard device name is: qpnp_pon
09-27 15:15:51.581  1777  1777 W WindowManager:  SLCODE computeScreenConfigurationLocked, the hard device name is: gpio-keys
09-27 15:15:51.581  1777  1777 W WindowManager:  SLCODE computeScreenConfigurationLocked, the hard device name is: ft5435_ts
09-27 15:15:51.581  1777  1777 I ActivityManager: Config changes=1df8 {1.0 ?mcc?mnc [en_IN] ldltr sw360dp w360dp h640dp 480dpi nrml long port ?uimode ?night -touch -keyb/v/h -nav/h s.2}
09-27 15:15:51.586  1777  1777 W WindowManager:  SLCODE computeScreenConfigurationLocked, the hard device name is: msm8953-snd-card-mtp Button Jack
09-27 15:15:51.586  1777  1777 W WindowManager:  SLCODE computeScreenConfigurationLocked, the hard device name is: msm8953-snd-card-mtp Headset Jack
09-27 15:15:51.586  1777  1777 W WindowManager:  SLCODE computeScreenConfigurationLocked, the hard device name is: hbtp_vm
09-27 15:15:51.586  1777  1777 W WindowManager:  SLCODE computeScreenConfigurationLocked, the hard device name is: qpnp_pon
09-27 15:15:51.586  1777  1777 W WindowManager:  SLCODE computeScreenConfigurationLocked, the hard device name is: gpio-keys
09-27 15:15:51.587  1777  1777 W WindowManager:  SLCODE computeScreenConfigurationLocked, the hard device name is: ft5435_ts
09-27 15:15:51.591  1777  1799 W WindowManager:  SLCODE computeScreenConfigurationLocked, the hard device name is: msm8953-snd-card-mtp Button Jack
09-27 15:15:51.591  1777  1799 W WindowManager:  SLCODE computeScreenConfigurationLocked, the hard device name is: msm8953-snd-card-mtp Headset Jack
09-27 15:15:51.591  1777  1799 W WindowManager:  SLCODE computeScreenConfigurationLocked, the hard device name is: hbtp_vm
09-27 15:15:51.591  1777  1799 W WindowManager:  SLCODE computeScreenConfigurationLocked, the hard device name is: qpnp_pon
09-27 15:15:51.592  1777  1799 W WindowManager:  SLCODE computeScreenConfigurationLocked, the hard device name is: gpio-keys
09-27 15:15:51.592  1777  1799 W WindowManager:  SLCODE computeScreenConfigurationLocked, the hard device name is: ft5435_ts
09-27 15:15:51.592  1777  1799 I ActivityManager: Config changes=508 {1.0 ?mcc?mnc [en_IN] ldltr sw360dp w360dp h568dp 480dpi nrml port ?uimode ?night finger -keyb/v/h -nav/h s.3}
09-27 15:15:51.598  1777  1799 W WindowManager:  SLCODE computeScreenConfigurationLocked, the hard device name is: msm8953-snd-card-mtp Button Jack
09-27 15:15:51.598  1777  1799 W WindowManager:  SLCODE computeScreenConfigurationLocked, the hard device name is: msm8953-snd-card-mtp Headset Jack
09-27 15:15:51.598  1777  1799 W WindowManager:  SLCODE computeScreenConfigurationLocked, the hard device name is: hbtp_vm
09-27 15:15:51.598  1777  1799 W WindowManager:  SLCODE computeScreenConfigurationLocked, the hard device name is: qpnp_pon
09-27 15:15:51.599  1777  1799 W WindowManager:  SLCODE computeScreenConfigurationLocked, the hard device name is: gpio-keys
09-27 15:15:51.599  1777  1799 W WindowManager:  SLCODE computeScreenConfigurationLocked, the hard device name is: ft5435_ts
09-27 15:15:51.600  1327  1354 E Sensors : No packages for calling UID
09-27 15:15:51.603  1327  1327 I slim_daemon: [SLIM] slim_ProviderConfigure: Updated available providers for service 0: 00000003.
09-27 15:15:51.603  1327  1327 I slim_daemon: [SLIM] slim_ProviderConfigure: Updated available providers for service 2: 00000003.
09-27 15:15:51.603  1327  1327 I slim_daemon: [SLIM] slim_ProviderConfigure: Updated available providers for service 13: 00000003.
09-27 15:15:51.603  1327  1327 I slim_daemon: [SLIM] slim_ProviderConfigure: Updated available providers for service 14: 00000003.
09-27 15:15:51.616  1777  1777 W WindowManager:  SLCODE computeScreenConfigurationLocked, the hard device name is: msm8953-snd-card-mtp Button Jack
09-27 15:15:51.616  1777  1777 W WindowManager:  SLCODE computeScreenConfigurationLocked, the hard device name is: msm8953-snd-card-mtp Headset Jack
09-27 15:15:51.616  1777  1777 W WindowManager:  SLCODE computeScreenConfigurationLocked, the hard device name is: hbtp_vm
09-27 15:15:51.616  1777  1777 W WindowManager:  SLCODE computeScreenConfigurationLocked, the hard device name is: qpnp_pon
09-27 15:15:51.616  1777  1777 W WindowManager:  SLCODE computeScreenConfigurationLocked, the hard device name is: gpio-keys
09-27 15:15:51.616  1777  1777 W WindowManager:  SLCODE computeScreenConfigurationLocked, the hard device name is: ft5435_ts
09-27 15:15:51.618  1777  1886 I InputReader: Reconfiguring input devices.  changes=0x00000004
09-27 15:15:51.618  1777  1886 I InputReader: Device reconfigured: id=6, name='ft5435_ts', size 1080x1920, orientation 0, mode 1, display id 0
09-27 15:15:51.618  1777  1777 I SystemServiceManager: Starting com.android.server.MountService$Lifecycle
09-27 15:15:51.618   854   854 I ServiceManager: Waiting for service AtCmdFwd...
09-27 15:15:51.628  1777  1777 I SystemServiceManager: Starting com.android.server.UiModeManagerService
09-27 15:15:51.628  1777  1888 D MountService: Thinking about init, mSystemReady=false, mDaemonConnected=true
09-27 15:15:51.629  1777  1888 D MountService: Thinking about reset, mSystemReady=false, mDaemonConnected=true
09-27 15:15:51.629  1777  1888 D MountService: Thinking about init, mSystemReady=false, mDaemonConnected=true
09-27 15:15:51.629  1777  1888 D MountService: Thinking about reset, mSystemReady=false, mDaemonConnected=true
09-27 15:15:51.629  1777  1888 D CryptdConnector: SND -> {1 cryptfs getfield SystemLocale}
09-27 15:15:51.631  1777  1777 I ActivityManager: Config changes=200 {1.0 ?mcc?mnc [en_IN] ldltr sw360dp w360dp h568dp 480dpi nrml port finger -keyb/v/h -nav/h s.4}
09-27 15:15:51.634  1777  1890 D CryptdConnector: RCV <- {113 1 en-IN}
09-27 15:15:51.636  1777  1890 D CryptdConnector: RCV <- {200 1 0}
09-27 15:15:51.638  1777  1777 W WindowManager:  SLCODE computeScreenConfigurationLocked, the hard device name is: msm8953-snd-card-mtp Button Jack
09-27 15:15:51.638  1777  1777 W WindowManager:  SLCODE computeScreenConfigurationLocked, the hard device name is: msm8953-snd-card-mtp Headset Jack
09-27 15:15:51.638  1777  1777 W WindowManager:  SLCODE computeScreenConfigurationLocked, the hard device name is: hbtp_vm
09-27 15:15:51.638  1777  1777 W WindowManager:  SLCODE computeScreenConfigurationLocked, the hard device name is: qpnp_pon
09-27 15:15:51.638  1777  1777 W WindowManager:  SLCODE computeScreenConfigurationLocked, the hard device name is: gpio-keys
09-27 15:15:51.638  1777  1777 W WindowManager:  SLCODE computeScreenConfigurationLocked, the hard device name is: ft5435_ts
09-27 15:15:51.639  1777  1888 D MountService: Got locale en-IN from mount service
09-27 15:15:51.642  1777  1888 D MountService: Setting system properties to en-IN from mount service
09-27 15:15:51.645  1777  1777 I SystemServer: StartLockSettingsService
09-27 15:15:51.645  1777  1777 I SystemServiceManager: Starting com.android.server.LockSettingsService$Lifecycle
09-27 15:15:51.649  1777  1888 W MountService: No primary storage mounted!
09-27 15:15:51.650  1777  1888 D VoldConnector: SND -> {1 asec list}
09-27 15:15:51.653  1777  1889 D VoldConnector: RCV <- {200 1 asec operation succeeded}
09-27 15:15:51.655  1777  1888 I PackageManager: No secure containers found
09-27 15:15:51.660  1777  1888 W PackageManager: Not granting permission android.permission.MANAGE_DOCUMENTS to package com.google.android.youtube (protectionLevel=2 flags=0x385bbe45)
09-27 15:15:51.661  1777  1888 W PackageManager: Unknown permission com.sec.android.provider.badge.permission.READ in package com.google.android.youtube
09-27 15:15:51.662  1777  1888 W PackageManager: Unknown permission com.sec.android.provider.badge.permission.WRITE in package com.google.android.youtube
09-27 15:15:51.662  1777  1888 W PackageManager: Unknown permission com.htc.launcher.permission.READ_SETTINGS in package com.google.android.youtube
09-27 15:15:51.662  1777  1888 W PackageManager: Unknown permission com.htc.launcher.permission.UPDATE_SHORTCUT in package com.google.android.youtube
09-27 15:15:51.662  1777  1888 W PackageManager: Unknown permission com.sonyericsson.home.permission.BROADCAST_BADGE in package com.google.android.youtube
09-27 15:15:51.662  1777  1888 W PackageManager: Unknown permission com.sonymobile.home.permission.PROVIDER_INSERT_BADGE in package com.google.android.youtube
09-27 15:15:51.664  1777  1888 W PackageManager: Unknown permission android.permission.ACCESS_ALL_EXTERNAL_STORAGE in package com.huaqin.runtime
09-27 15:15:51.666  1777  1888 W PackageManager: Unknown permission com.google.android.launcher.permission.CONTENT_REDIRECT in package com.google.android.googlequicksearchbox
09-27 15:15:51.666  1777  1888 W PackageManager: Unknown permission com.google.android.voicesearch.SHORTCUTS_ACCESS in package com.google.android.googlequicksearchbox
09-27 15:15:51.666  1777  1888 W PackageManager: Unknown permission com.google.android.voicesearch.ACCESS_SETTINGS in package com.google.android.googlequicksearchbox
09-27 15:15:51.667  1777  1888 W PackageManager: Unknown permission com.android.browser.permission.PRELOAD in package com.google.android.googlequicksearchbox
09-27 15:15:51.667  1777  1888 W PackageManager: Unknown permission com.google.android.ears.permission.WRITE in package com.google.android.googlequicksearchbox
09-27 15:15:51.668  1777  1888 W PackageManager: Unknown permission com.google.googlenav.friend.permission.OPT_IN in package com.google.android.googlequicksearchbox
09-27 15:15:51.669  1777  1888 W PackageManager: Unknown permission com.google.android.apps.googlevoice.permission.AUTO_SEND in package com.google.android.googlequicksearchbox
09-27 15:15:51.670  1777  1888 W PackageManager: Unknown permission com.google.android.hangouts.START_HANGOUT in package com.google.android.googlequicksearchbox
09-27 15:15:51.670  1777  1888 W PackageManager: Unknown permission com.android.chrome.PRERENDER_URL in package com.google.android.googlequicksearchbox
09-27 15:15:51.671  1777  1888 W PackageManager: Not granting permission com.google.android.googleapps.permission.GOOGLE_AUTH to package com.android.providers.calendar (protectionLevel=2 flags=0x30083e45)
09-27 15:15:51.671  1777  1888 W PackageManager: Not granting permission com.google.android.googleapps.permission.GOOGLE_AUTH.cl to package com.android.providers.calendar (protectionLevel=2 flags=0x30083e45)
09-27 15:15:51.673  1777  1777 I SystemServiceManager: Starting com.android.server.PersistentDataBlockService
09-27 15:15:51.675  1777  1888 W PackageManager: Unknown permission com.android.nfc.permission.NFCEE_ADMIN in package org.simalliance.openmobileapi.service
09-27 15:15:51.675  1777  1888 W PackageManager: Unknown permission org.simalliance.openmobileapi.permission.SIM_STATE_CHANGED in package org.simalliance.openmobileapi.service
09-27 15:15:51.679  1777  1888 W PackageManager: Unknown permission com.google.android.ims.providers.ACCESS_DATA in package com.google.android.apps.messaging
09-27 15:15:51.679  1777  1888 W PackageManager: Unknown permission com.google.android.ims.LOG_ACCESS in package com.google.android.apps.messaging
09-27 15:15:51.679  1777  1888 W PackageManager: Unknown permission com.sec.android.provider.badge.permission.READ in package com.google.android.apps.messaging
09-27 15:15:51.680  1777  1888 W PackageManager: Unknown permission com.sec.android.provider.badge.permission.WRITE in package com.google.android.apps.messaging
09-27 15:15:51.680  1777  1888 W PackageManager: Unknown permission com.htc.launcher.permission.READ_SETTINGS in package com.google.android.apps.messaging
09-27 15:15:51.680  1777  1888 W PackageManager: Unknown permission com.htc.launcher.permission.UPDATE_SHORTCUT in package com.google.android.apps.messaging
09-27 15:15:51.680  1777  1888 W PackageManager: Unknown permission com.sonyericsson.home.permission.BROADCAST_BADGE in package com.google.android.apps.messaging
09-27 15:15:51.680  1777  1888 W PackageManager: Unknown permission com.sonymobile.home.permission.PROVIDER_INSERT_BADGE in package com.google.android.apps.messaging
09-27 15:15:51.680  1777  1888 W PackageManager: Unknown permission com.anddoes.launcher.permission.UPDATE_COUNT in package com.google.android.apps.messaging
09-27 15:15:51.680  1777  1888 W PackageManager: Unknown permission com.majeur.launcher.permission.UPDATE_BADGE in package com.google.android.apps.messaging
09-27 15:15:51.681  1777  1888 W PackageManager: Unknown permission com.huawei.android.launcher.permission.CHANGE_BADGE in package com.google.android.apps.messaging
09-27 15:15:51.681  1777  1888 W PackageManager: Unknown permission com.huawei.android.launcher.permission.READ_SETTINGS in package com.google.android.apps.messaging
09-27 15:15:51.681  1777  1888 W PackageManager: Unknown permission com.huawei.android.launcher.permission.WRITE_SETTINGS in package com.google.android.apps.messaging
09-27 15:15:51.681  1777  1888 W PackageManager: Unknown permission android.permission.READ_APP_BADGE in package com.google.android.apps.messaging
09-27 15:15:51.681  1777  1888 W PackageManager: Unknown permission com.oppo.launcher.permission.READ_SETTINGS in package com.google.android.apps.messaging
09-27 15:15:51.681  1777  1888 W PackageManager: Unknown permission com.oppo.launcher.permission.WRITE_SETTINGS in package com.google.android.apps.messaging
09-27 15:15:51.683  1777  1888 W PackageManager: Unknown permission com.android.launcher.permission.READ_SETTINGS in package in.amazon.mShop.android.shopping
09-27 15:15:51.684  1777  1888 W PackageManager: Unknown permission amazon.permission.COLLECT_METRICS in package in.amazon.mShop.android.shopping
09-27 15:15:51.684  1777  1888 W PackageManager: Unknown permission com.amazon.dcp.metrics.permission.METRICS_PERMISSION in package in.amazon.mShop.android.shopping
09-27 15:15:51.684  1777  1888 W PackageManager: Unknown permission com.amazon.dcp.config.permission.DYN_CONFIG_VALUES_UPDATED in package in.amazon.mShop.android.shopping
09-27 15:15:51.685  1777  1888 W PackageManager: Unknown permission com.amazon.identity.permission.GENERIC_IPC in package in.amazon.mShop.android.shopping
09-27 15:15:51.685  1777  1888 W PackageManager: Unknown permission com.amazon.dcp.sso.permission.USE_DEVICE_CREDENTIALS in package in.amazon.mShop.android.shopping
09-27 15:15:51.685  1777  1888 W PackageManager: Unknown permission com.amazon.dcp.sso.permission.MANAGE_COR_PFM in package in.amazon.mShop.android.shopping
09-27 15:15:51.685  1777  1888 W PackageManager: Unknown permission com.amazon.dcp.sso.permission.CUSTOMER_ATTRIBUTE_SERVICE in package in.amazon.mShop.android.shopping
09-27 15:15:51.685  1777  1888 W PackageManager: Unknown permission android.permission.RECIEVE_SMS in package in.amazon.mShop.android.shopping
09-27 15:15:51.688  1777  1888 W PackageManager: Not granting permission android.permission.SEND_DOWNLOAD_COMPLETED_INTENTS to package com.android.vending (protectionLevel=2 flags=0x384abe45)
09-27 15:15:51.689  1777  1888 W PackageManager: Not granting permission android.permission.SET_PREFERRED_APPLICATIONS to package com.android.vending (protectionLevel=2 flags=0x384abe45)
09-27 15:15:51.690  1777  1888 W PackageManager: Unknown permission android.permission.ACCESS_INSTANT_APPS in package com.android.vending
09-27 15:15:51.690  1777  1888 W PackageManager: Unknown permission android.permission.ALLOCATE_AGGRESSIVE in package com.android.vending
09-27 15:15:51.690  1777  1888 W PackageManager: Unknown permission com.sec.android.provider.badge.permission.READ in package com.android.vending
09-27 15:15:51.690  1777  1888 W PackageManager: Unknown permission com.sec.android.provider.badge.permission.WRITE in package com.android.vending
09-27 15:15:51.690  1777  1888 W PackageManager: Unknown permission com.htc.launcher.permission.READ_SETTINGS in package com.android.vending
09-27 15:15:51.690  1777  1888 W PackageManager: Unknown permission com.htc.launcher.permission.UPDATE_SHORTCUT in package com.android.vending
09-27 15:15:51.691  1777  1888 W PackageManager: Unknown permission com.sonyericsson.home.permission.BROADCAST_BADGE in package com.android.vending
09-27 15:15:51.691  1777  1888 W PackageManager: Unknown permission com.sonymobile.home.permission.PROVIDER_INSERT_BADGE in package com.android.vending
09-27 15:15:51.691  1777  1888 W PackageManager: Unknown permission com.anddoes.launcher.permission.UPDATE_COUNT in package com.android.vending
09-27 15:15:51.691  1777  1888 W PackageManager: Unknown permission com.majeur.launcher.permission.UPDATE_BADGE in package com.android.vending
09-27 15:15:51.691  1777  1888 W PackageManager: Unknown permission com.huawei.android.launcher.permission.CHANGE_BADGE in package com.android.vending
09-27 15:15:51.691  1777  1888 W PackageManager: Unknown permission com.huawei.android.launcher.permission.READ_SETTINGS in package com.android.vending
09-27 15:15:51.691  1777  1888 W PackageManager: Unknown permission com.huawei.android.launcher.permission.WRITE_SETTINGS in package com.android.vending
09-27 15:15:51.692  1777  1888 W PackageManager: Unknown permission android.permission.READ_APP_BADGE in package com.android.vending
09-27 15:15:51.692  1777  1888 W PackageManager: Unknown permission com.oppo.launcher.permission.READ_SETTINGS in package com.android.vending
09-27 15:15:51.692  1777  1888 W PackageManager: Unknown permission com.oppo.launcher.permission.WRITE_SETTINGS in package com.android.vending
09-27 15:15:51.694  1777  1888 W PackageManager: Unknown permission android.permission.MMS_PUSH in package org.codeaurora.bluetooth
09-27 15:15:51.695  1777  1888 W PackageManager: Unknown permission com.amazon.dcp.metrics.permission.METRICS_PERMISSION in package com.amazon.widgets
09-27 15:15:51.695  1777  1888 W PackageManager: Unknown permission com.amazon.dcp.config.permission.DYN_CONFIG_VALUES_UPDATED in package com.amazon.widgets
09-27 15:15:51.695  1777  1888 W PackageManager: Unknown permission com.amazon.identity.permission.GENERIC_IPC in package com.amazon.widgets
09-27 15:15:51.696  1777  1888 W PackageManager: Unknown permission com.amazon.dcp.sso.permission.USE_DEVICE_CREDENTIALS in package com.amazon.widgets
09-27 15:15:51.696  1777  1888 W PackageManager: Unknown permission com.amazon.dcp.sso.permission.MANAGE_COR_PFM in package com.amazon.widgets
09-27 15:15:51.696  1777  1888 W PackageManager: Unknown permission com.amazon.dcp.sso.permission.CUSTOMER_ATTRIBUTE_SERVICE in package com.amazon.widgets
09-27 15:15:51.696  1777  1888 W PackageManager: Unknown permission amazon.permission.COLLECT_METRICS in package com.amazon.widgets
09-27 15:15:51.698  1777  1888 W PackageManager: Unknown permission com.qualcomm.qti.internal.permission.ACCESS_ENRICHED_CALL in package com.android.contacts
09-27 15:15:51.701  1777  1888 W PackageManager: Unknown permission com.android.launcher.permission.READ_SETTINGS in package com.android.launcher3
09-27 15:15:51.701  1777  1888 W PackageManager: Unknown permission com.android.launcher.permission.WRITE_SETTINGS in package com.android.launcher3
09-27 15:15:51.705  1777  1888 W PackageManager: Unknown permission com.google.android.email.permission.ACCESS_PROVIDER in package com.google.android.gm
09-27 15:15:51.706  1777  1888 W PackageManager: Unknown permission com.google.android.gm.exchange.BIND in package com.google.android.gm
09-27 15:15:51.706  1777  1888 W PackageManager: Unknown permission com.android.email.partnerprovider.PARTNER_PROVIDER in package com.google.android.gm
09-27 15:15:51.712  1777  1888 W PackageManager: Unknown permission com.samsung.android.providers.context.permission.WRITE_USE_APP_FEATURE_SURVEY in package com.google.android.music
09-27 15:15:51.712  1777  1888 W PackageManager: Unknown permission com.amazon.dcp.sso.permission.MANAGE_COR_PFM in package com.amazon.firstrun.in
09-27 15:15:51.713  1777  1888 W PackageManager: Unknown permission amazon.permission.COLLECT_METRICS in package com.amazon.firstrun.in
09-27 15:15:51.713  1777  1888 W PackageManager: Unknown permission com.amazon.dcp.metrics.permission.METRICS_PERMISSION in package com.amazon.firstrun.in
09-27 15:15:51.713  1777  1888 W PackageManager: Unknown permission com.amazon.dcp.config.permission.DYN_CONFIG_VALUES_UPDATED in package com.amazon.firstrun.in
09-27 15:15:51.713  1777  1888 W PackageManager: Unknown permission com.amazon.identity.permission.GENERIC_IPC in package com.amazon.firstrun.in
09-27 15:15:51.714  1777  1888 W PackageManager: Unknown permission com.amazon.dcp.sso.permission.USE_DEVICE_CREDENTIALS in package com.amazon.firstrun.in
09-27 15:15:51.714  1777  1888 W PackageManager: Unknown permission com.amazon.dcp.sso.permission.CUSTOMER_ATTRIBUTE_SERVICE in package com.amazon.firstrun.in
09-27 15:15:51.716  1777  1888 W PackageManager: Unknown permission android.permission.WRITE_SYNC_STATS in package com.google.android.apps.docs
09-27 15:15:51.720  1777  1888 W PackageManager: Unknown permission com.qualcomm.qti.internal.permission.ACCESS_ENRICHED_CALL in package com.android.server.telecom
09-27 15:15:51.721  1777  1888 W PackageManager: Not granting permission android.permission.INTERACT_ACROSS_USERS to package com.google.android.syncadapters.contacts (protectionLevel=50 flags=0x38083e45)
09-27 15:15:51.721  1777  1888 W PackageManager: Unknown permission com.google.android.syncadapters.contacts.permission.GAL_SEARCH in package com.google.android.syncadapters.contacts
09-27 15:15:51.722  1777  1888 W PackageManager: Unknown permission com.chrome.permission.DEVICE_EXTRAS in package com.android.chrome
09-27 15:15:51.723  1777  1888 W PackageManager: Unknown permission com.sec.enterprise.knox.MDM_CONTENT_PROVIDER in package com.android.chrome
09-27 15:15:51.726  1777  1888 W PackageManager: Unknown permission com.qualcomm.qti.internal.permission.ACCESS_ENRICHED_CALL in package com.android.dialer
09-27 15:15:51.727  1777  1888 W PackageManager: Unknown permission com.google.android.permission.INSTALL_WEARABLE_PACKAGES in package com.google.android.packageinstaller
09-27 15:15:51.729  1777  1888 W PackageManager: Unknown permission com.google.android.apps.enterprise.dmagent.permission.AutoSyncPermission in package com.google.android.gms
09-27 15:15:51.732  1777  1888 W PackageManager: Unknown permission com.google.android.hangouts.START_HANGOUT in package com.google.android.gms
09-27 15:15:51.733  1777  1888 W PackageManager: Unknown permission com.google.android.permission.ACCESSIBILITY_SCAN_SERVICE in package com.google.android.gms
09-27 15:15:51.733  1777  1888 W PackageManager: Unknown permission android.permission.PROVIDE_RESOLVER_RANKER_SERVICE in package com.google.android.gms
09-27 15:15:51.733  1777  1888 W PackageManager: Unknown permission com.google.android.wearable.READ_SETTINGS in package com.google.android.gms
09-27 15:15:51.739  1777  1888 W PackageManager: Unknown permission com.android.launcher.permission.PRELOAD_WORKSPACE in package com.google.android.partnersetup
09-27 15:15:51.739  1777  1888 W PackageManager: Not granting permission com.google.android.googleapps.permission.GOOGLE_AUTH to package com.google.android.videos (protectionLevel=2 flags=0x385bbe45)
09-27 15:15:51.742  1777  1888 W PackageManager: Not granting permission android.permission.WRITE_MEDIA_STORAGE to package com.google.android.apps.photos (protectionLevel=18 flags=0x3859be45)
09-27 15:15:51.743  1777  1888 W PackageManager: Unknown permission com.google.android.gm.exchange.BIND in package com.google.android.calendar
09-27 15:15:51.745  1777  1888 W PackageManager: Unknown permission com.google.android.gallery3d.permission.PICASA_STORE in package com.android.dreams.phototable
09-27 15:15:51.745  1777  1888 W PackageManager: Unknown permission com.samsung.permission.USE_MHDR_SERVICE in package com.amazon.avod.thirdpartyclient
09-27 15:15:51.746  1777  1888 W PackageManager: Unknown permission amazon.permission.COLLECT_METRICS in package com.amazon.avod.thirdpartyclient
09-27 15:15:51.746  1777  1888 W PackageManager: Unknown permission com.amazon.dcp.metrics.permission.METRICS_PERMISSION in package com.amazon.avod.thirdpartyclient
09-27 15:15:51.746  1777  1888 W PackageManager: Unknown permission com.amazon.dcp.config.permission.DYN_CONFIG_VALUES_UPDATED in package com.amazon.avod.thirdpartyclient
09-27 15:15:51.746  1777  1888 W PackageManager: Unknown permission com.amazon.identity.permission.GENERIC_IPC in package com.amazon.avod.thirdpartyclient
09-27 15:15:51.746  1777  1888 W PackageManager: Unknown permission com.amazon.dcp.sso.permission.USE_DEVICE_CREDENTIALS in package com.amazon.avod.thirdpartyclient
09-27 15:15:51.746  1777  1888 W PackageManager: Unknown permission com.amazon.dcp.sso.permission.MANAGE_COR_PFM in package com.amazon.avod.thirdpartyclient
09-27 15:15:51.747  1777  1888 W PackageManager: Unknown permission com.amazon.dcp.sso.permission.CUSTOMER_ATTRIBUTE_SERVICE in package com.amazon.avod.thirdpartyclient
09-27 15:15:51.747  1777  1888 W PackageManager: Not granting permission android.permission.INTERACT_ACROSS_USERS to package com.amazon.avod.thirdpartyclient (protectionLevel=50 flags=0x3818be45)
09-27 15:15:51.748  1777  1888 W PackageManager: Not granting permission android.permission.CONTROL_KEYGUARD to package com.google.android.gsf.login (protectionLevel=2 flags=0x3048be45)
09-27 15:15:51.749  1777  1888 W PackageManager: Unknown permission com.android.vending.billing.IBillingAccountService.BIND2 in package com.google.android.gsf.login
09-27 15:15:51.753  1777  1888 W PackageManager: Unknown permission com.android.launcher.permission.READ_SETTINGS in package com.android.settings
09-27 15:15:51.754  1777  1888 W PackageManager: Unknown permission com.android.launcher.permission.WRITE_SETTINGS in package com.android.settings
09-27 15:15:51.756  1777  1888 W PackageManager: Unknown permission com.qualcomm.permission.ACCESS_LOCATION_API in package com.qualcomm.location
09-27 15:15:51.769  1777  1888 W PackageManager: Not granting permission android.permission.INTERACT_ACROSS_USERS_FULL to package org.codeaurora.snapcam (protectionLevel=258 flags=0x3858bc45)
09-27 15:15:51.770  1777  1888 W PackageManager: Not granting permission android.permission.SET_ORIENTATION to package org.codeaurora.snapcam (protectionLevel=2 flags=0x3858bc45)
09-27 15:15:51.781  1777  1888 W PackageManager: Unknown permission android.permission.WRITE_OWNER_DATA in package com.android.huaqin.factory
09-27 15:15:51.782  1777  1888 W PackageManager: Unknown permission android.permission.ACCESS_MTK_MMHW in package com.android.huaqin.factory
09-27 15:15:51.785  1777  1888 W PackageManager: Unknown permission com.google.android.gallery3d.permission.GALLERY_PROVIDER in package com.android.bluetooth
09-27 15:15:51.789  1777  1888 W PackageManager: Unknown permission com.amazon.dcp.sso.permission.AMAZON_ACCOUNT_PROPERTY in package com.amazon.kindle
09-27 15:15:51.789  1777  1888 W PackageManager: Unknown permission android.permission.C2D_MESSAGE in package com.amazon.kindle
09-27 15:15:51.789  1777  1888 W PackageManager: Unknown permission com.samsung.android.providers.context.permission.WRITE_USE_APP_FEATURE_SURVEY in package com.amazon.kindle
09-27 15:15:51.789  1777  1888 W PackageManager: Unknown permission com.amazon.android.permission.ACCESS_DOWNLOAD_MANAGER_ADVANCED in package com.amazon.kindle
09-27 15:15:51.790  1777  1888 W PackageManager: Unknown permission com.amazon.android.permission.ACCESS_DOWNLOAD_MANAGER in package com.amazon.kindle
09-27 15:15:51.790  1777  1888 W PackageManager: Unknown permission com.amazon.android.permission.DOWNLOAD_WITHOUT_NOTIFICATION in package com.amazon.kindle
09-27 15:15:51.790  1777  1888 W PackageManager: Unknown permission com.amazon.dcp.metrics.permission.METRICS_PERMISSION in package com.amazon.kindle
09-27 15:15:51.790  1777  1888 W PackageManager: Unknown permission com.amazon.dcp.config.permission.DYN_CONFIG_VALUES_UPDATED in package com.amazon.kindle
09-27 15:15:51.790  1777  1888 W PackageManager: Unknown permission com.amazon.identity.permission.GENERIC_IPC in package com.amazon.kindle
09-27 15:15:51.790  1777  1888 W PackageManager: Unknown permission com.amazon.dcp.sso.permission.USE_DEVICE_CREDENTIALS in package com.amazon.kindle
09-27 15:15:51.791  1777  1888 W PackageManager: Unknown permission com.amazon.dcp.sso.permission.MANAGE_COR_PFM in package com.amazon.kindle
09-27 15:15:51.791  1777  1888 W PackageManager: Unknown permission com.amazon.dcp.sso.permission.CUSTOMER_ATTRIBUTE_SERVICE in package com.amazon.kindle
09-27 15:15:51.791  1777  1888 W PackageManager: Unknown permission amazon.permission.COLLECT_METRICS in package com.amazon.kindle
09-27 15:15:51.791  1777  1888 W PackageManager: Not granting permission android.permission.SEND_DOWNLOAD_COMPLETED_INTENTS to package com.amazon.kindle (protectionLevel=2 flags=0x38183e45)
09-27 15:15:51.791  1777  1888 W PackageManager: Not granting permission android.permission.ACCESS_DOWNLOAD_MANAGER to package com.amazon.kindle (protectionLevel=18 flags=0x38183e45)
09-27 15:15:51.792  1777  1888 W PackageManager: Unknown permission com.amazon.permission.FORCE_AUTH_ACCT in package com.amazon.kindle
09-27 15:15:51.792  1777  1888 W PackageManager: Not granting permission android.permission.INTERACT_ACROSS_USERS to package com.amazon.kindle (protectionLevel=50 flags=0x38183e45)
09-27 15:15:51.792  1777  1888 W PackageManager: Not granting permission android.permission.MANAGE_USERS to package com.amazon.kindle (protectionLevel=18 flags=0x38183e45)
09-27 15:15:51.792  1777  1888 W PackageManager: Unknown permission com.amazon.dcp.settings.permission.READ_SETTINGS in package com.amazon.kindle
09-27 15:15:51.792  1777  1888 W PackageManager: Unknown permission com.amazon.dcp.sso.permission.EXPIRE_ACCESS_TOKEN in package com.amazon.kindle
09-27 15:15:51.793  1777  1888 W PackageManager: Unknown permission com.amazon.kindle.cms.CMS_ACCESS in package com.amazon.kindle
09-27 15:15:51.793  1777  1888 W PackageManager: Unknown permission com.amazon.kindle.cms.CMS_CALLBACK_ACCESS in package com.amazon.kindle
09-27 15:15:51.793  1777  1888 W PackageManager: Unknown permission com.amazon.dcp.messaging.permission.HANDLE_DEVICE_MESSAGE in package com.amazon.kindle
09-27 15:15:51.793  1777  1888 W PackageManager: Unknown permission com.audible.hushpuppy.tablet.permission.COMPANION_MAPPING in package com.amazon.kindle
09-27 15:15:51.793  1777  1888 W PackageManager: Unknown permission com.amazon.kindle.otter.settings.RECEIVE_GOODREADS_UNLINK in package com.amazon.kindle
09-27 15:15:52.270  1777  1790 I UsageStatsService: User[0] Rollover scheduled @ 2017-09-28 11:41:54(1506570114738)
09-27 15:15:52.619   854   854 I ServiceManager: Waiting for service AtCmdFwd...
09-27 15:15:53.096   934   934 I MSM-irqbalance: Decided to move IRQ3 from CPU0 [P:0] to CPU6 [P:1] (banned)
09-27 15:15:53.097   934   934 I MSM-irqbalance: Decided to move IRQ197 from CPU0 [P:0] to CPU7 [P:1] (banned)
09-27 15:15:53.098   934   934 I MSM-irqbalance: Decided to move IRQ3 from CPU3 [P:0] to CPU4 [P:1] (banned)
09-27 15:15:53.098   934   934 I MSM-irqbalance: Decided to move IRQ3 from CPU1 [P:0] to CPU5 [P:1] (banned)
09-27 15:15:53.099   934   934 I MSM-irqbalance: Decided to move IRQ3 from CPU2 [P:0] to CPU6 [P:1] (banned)
09-27 15:15:53.526  1777  1777 W art     : Long monitor contention with owner MountService (1888) at void com.android.server.pm.PackageManagerService.loadMediaPackages(android.util.ArrayMap, int[], boolean)(PackageManagerService.java:19485) waiters=0 in int com.android.server.pm.PackageManagerService.getPackageUid(java.lang.String, int, int) for 1.852s
09-27 15:15:53.526  1777  1790 W art     : Long monitor contention with owner MountService (1888) at void com.android.server.pm.PackageManagerService.loadMediaPackages(android.util.ArrayMap, int[], boolean)(PackageManagerService.java:19485) waiters=1 in void com.android.server.pm.Settings$RuntimePermissionPersistence.writePermissionsSync(int) for 1.165s
09-27 15:15:53.526  1777  1888 W MountService: No primary storage defined yet; hacking together a stub
09-27 15:15:53.532  1777  1777 I SystemServiceManager: Starting com.android.server.DeviceIdleController
09-27 15:15:53.535  1777  1888 W MountService: No primary storage defined yet; hacking together a stub
09-27 15:15:53.536  1777  1888 W MountService: No primary storage mounted!
09-27 15:15:53.537  1777  1888 D VoldConnector: SND -> {2 asec list}
09-27 15:15:53.539  1777  1889 D VoldConnector: RCV <- {200 2 asec operation succeeded}
09-27 15:15:53.541  1777  1777 I SystemServiceManager: Starting com.android.server.devicepolicy.DevicePolicyManagerService$Lifecycle
09-27 15:15:53.548  1777  1777 I SystemServer: StartStatusBarManagerService
09-27 15:15:53.551  1777  1777 I SystemServer: StartClipboardService
09-27 15:15:53.554  1777  1777 I SystemServer: StartNetworkManagementService
09-27 15:15:53.557  1777  1891 I NetworkManagement: onDaemonConnected()
09-27 15:15:53.561  1777  1777 I SystemServiceManager: Starting com.android.server.TextServicesManagerService$Lifecycle
09-27 15:15:53.565  1777  1777 W TextServicesManagerService: no available spell checker services found
09-27 15:15:53.566  1777  1777 I SystemServer: StartNetworkScoreService
09-27 15:15:53.568  1777  1777 I SystemServer: StartNetworkStatsService
09-27 15:15:53.575  1777  1777 I SystemServer: StartNetworkPolicyManagerService
09-27 15:15:53.581  1777  1777 I SystemServer: No Wi-Fi NAN Service (NAN support Not Present)
09-27 15:15:53.581  1777  1777 I SystemServiceManager: Starting com.android.server.wifi.p2p.WifiP2pService
09-27 15:15:53.619   854   854 I ServiceManager: Waiting for service AtCmdFwd...
09-27 15:15:53.621  1777  1777 I WifiP2pService: Registering wifip2p
09-27 15:15:53.623  1777  1777 I SystemServiceManager: Starting com.android.server.wifi.WifiService
09-27 15:15:53.677  1777  1777 D WifiStateMachine: fst disabled
09-27 15:15:53.679  1777  1777 D HS20    : Passpoint is enabled, false
09-27 15:15:53.703  1777  1898 E IpManager.wlan0: Failed to disable IPv6java.lang.IllegalStateException: command '1 interface ipv6 wlan0 disable' failed with '400 1 Failed to change IPv6 state (No such file or directory)'
09-27 15:15:53.705   831  1767 D CommandListener: Clearing all IP addresses on wlan0
09-27 15:15:53.904  1777  1897 D WifiHW  : Unable to unload driver module "wlan": No such file or directory
09-27 15:15:53.904  1777  1777 W art     : Long monitor contention with owner WifiStateMachine (1897) at boolean com.android.server.wifi.WifiNative.unloadDriverNative()(WifiNative.java:-2) waiters=0 in java.lang.String com.android.server.wifi.WifiNative.doStringCommand(java.lang.String) for 197ms
09-27 15:15:53.905  1777  1777 E WifiLogger: no ring buffers found
09-27 15:15:53.905  1777  1777 E WifiLogger: Failed to start packet fate monitoring
09-27 15:15:53.905  1777  1897 D WifiApConfigStore: 2G band allowed channels are:1,6,11
09-27 15:15:53.911  1777  1777 D WifiController: isAirplaneModeOn = false, isWifiEnabled = true, isScanningAvailable = true
09-27 15:15:53.915  1777  1777 E WifiService: ensureConcurrencyFile template file doesnt existjava.io.FileNotFoundException: /etc/wifi/wifi_concurrency_cfg.txt (No such file or directory)
09-27 15:15:53.916  1777  1777 I WifiService: Registering wifi
09-27 15:15:53.917  1777  1777 I SystemServiceManager: Starting com.android.server.wifi.scanner.WifiScanningService
09-27 15:15:53.917  1777  1777 I WifiScanningService: Creating wifiscanner
09-27 15:15:53.919  1777  1777 I WifiScanningService: Publishing wifiscanner
09-27 15:15:53.920  1777  1777 I SystemServiceManager: Starting com.android.server.wifi.RttService
09-27 15:15:53.921  1777  1777 I RttService: Creating rttmanager
09-27 15:15:53.921  1777  1777 I RttService: Starting rttmanager
09-27 15:15:53.923  1777  1777 I SystemServer: StartConnectivityService
09-27 15:15:53.947  1777  1777 D ConnectivityService: ConnectivityService starting up
09-27 15:15:53.953  1777  1777 D ConnectivityService: wifiOnly=false
09-27 15:15:53.956  1777  1777 E ConnectivityService: Ignoring protectedNetwork 14
09-27 15:15:53.986  1777  1777 I SystemServer: StartNsdService
09-27 15:15:53.991  1777  1777 I SystemServer: StartUpdateLockService
09-27 15:15:53.994  1777  1777 I SystemServiceManager: Starting com.android.server.RecoverySystemService
09-27 15:15:53.996  1777  1777 I SystemServiceManager: Starting com.android.server.notification.NotificationManagerService
09-27 15:15:54.015  1777  1777 D ConditionProviders.SCP: new ScheduleConditionProvider()
09-27 15:15:54.036  1777  1777 D ZenLog  : config: readXml,ZenModeConfig[user=0,allowCalls=true,allowRepeatCallers=false,allowMessages=false,allowCallsFrom=contacts,allowMessagesFrom=contacts,allowReminders=true,allowEvents=true,allowWhenScreenOff=true,allowWhenScreenOn=true,automaticRules={82fd6015e7e1455583e84a806baf9798=ZenRule[enabled=false,snoozing=false,name=Event,zenMode=ZEN_MODE_ALARMS,conditionId=condition://android/event?userId=-10000&calendar=&reply=1,condition=Condition[id=condition://android/event?userId=-10000&calendar=&reply=1,summary=...,line1=...,line2=...,icon=0,state=STATE_FALSE,flags=2],component=ComponentInfo{android/com.android.server.notification.EventConditionProvider},id=82fd6015e7e1455583e84a806baf9798,creationTime=437721937,enabler=null], c78a06a7c6be48809398f97323063616=ZenRule[enabled=false,snoozing=false,name=Weekend,zenMode=ZEN_MODE_ALARMS,conditionId=condition://android/schedule?days=6.7&start=23.30&end=10.0&exitAtAlarm=false,condition=Condition[id=condition://android/schedule?days=6.7&start=23.30&end=10.0&exitAtAlarm=false,summary=...,line1=...,line2=...,icon=0,state=STATE_FALSE,flags=2],component=ComponentInfo{android/com.android.server.notification.ScheduleConditionProvider},id=c78a06a7c6be48809398f97323063616,creationTime=437721936,enabler=null], ff1dfaf3f16449d9ba35ff104149defb=ZenRule[enabled=false,snoozing=false,name=Weeknight,zenMode=ZEN_MODE_ALARMS,conditionId=condition://android/schedule?days=1.2.3.4.5&start=22.0&end=7.0&exitAtAlarm=false,condition=Condition[id=condition://android/schedule?days=1.2.3.4.5&start=22.0&end=7.0&exitAtAlarm=false,summary=...,line1=...,line2=...,icon=0,state=STATE_FALSE,flags=2],component=ComponentInfo{android/com.android.server.notification.ScheduleConditionProvider},id=ff1dfaf3f16449d9ba35ff104149defb,creationTime=437721935,enabler=null]},manualRule=null],Diff[automaticRule[2d16a1def6d740b8ab90ddeb472ab8b4]:delete,automaticRule[5fcb9b52f056464f82584fa32fb39437]:delete,automaticRule[82fd6015e7e1455583e84a806baf9798]:insert,automaticRule[c78a06a7c6be48809398f97323063616]:insert,automaticRule[ff1dfaf3f16449d9ba35ff104149defb]:insert,automaticRule[0b89b8e78bed40419e4bb7719cfe4288]:delete]
09-27 15:15:54.173   756   756 I CNSS    : cnss_open_log_file: create directory /sdcard/wlan_logs/ ret = -1 errno= 2
09-27 15:15:54.244  1777  1777 D ZenLog  : set_zen_mode: off,init
09-27 15:15:54.250  1777  1777 I SystemServiceManager: Starting com.android.server.storage.DeviceStorageMonitorService
09-27 15:15:54.255  1777  1777 I SystemServer: StartLocationManagerService
09-27 15:15:54.258  1777  1777 I SystemServer: StartCountryDetectorService
09-27 15:15:54.260  1777  1777 I SystemServer: StartSearchManagerService
09-27 15:15:54.260  1777  1777 I SystemServiceManager: Starting com.android.server.search.SearchManagerService$Lifecycle
09-27 15:15:54.264  1777  1777 I SystemServiceManager: Starting com.android.server.DropBoxManagerService
09-27 15:15:54.267  1777  1777 I SystemServer: StartWallpaperManagerService
09-27 15:15:54.267  1777  1777 I SystemServiceManager: Starting com.android.server.wallpaper.WallpaperManagerService$Lifecycle
09-27 15:15:54.272  1777  1777 E BitmapFactory: Unable to decode stream: java.io.FileNotFoundException: /data/system/users/0/wallpaper_orig (No such file or directory)
09-27 15:15:54.272  1777  1777 E WallpaperManagerService: Invalid wallpaper data
09-27 15:15:54.273  1777  1777 E WallpaperManagerService: Unable to apply new wallpaper
09-27 15:15:54.281  1777  1777 I SystemServer: StartAudioService
09-27 15:15:54.281  1777  1777 I SystemServiceManager: Starting com.android.server.audio.AudioService$Lifecycle
09-27 15:15:54.289   775  1318 D PermissionCache: checking android.permission.MODIFY_AUDIO_SETTINGS for uid=1000 => granted (868 us)
09-27 15:15:54.289   775  1318 D AudioPolicyManagerCustom: setForceUse() usage 4, config 11, mPhoneState 0
09-27 15:15:54.291  1777  1777 W TelecomManager: Telecom Service not found.
09-27 15:15:54.293   775   775 D AudioPolicyManagerCustom: setForceUse() usage 3, config 8, mPhoneState 0
09-27 15:15:54.294   775  1909 D AudioPolicyManagerCustom: setForceUse() usage 6, config 0, mPhoneState 0
09-27 15:15:54.297  1777  1788 E BatteryStatsService: power: Missing API
09-27 15:15:54.298   775  1274 W AudioFlinger: no wake lock to update, system not ready yet
09-27 15:15:54.298   775  1281 W AudioFlinger: no wake lock to update, system not ready yet
09-27 15:15:54.299   775  1283 W AudioFlinger: no wake lock to update, system not ready yet
09-27 15:15:54.299   775  1285 W AudioFlinger: no wake lock to update, system not ready yet
09-27 15:15:54.300   775  1318 D audio_hw_primary: adev_set_mic_mute state 0
09-27 15:15:54.391  1777  1777 I SystemServiceManager: Starting com.android.server.DockObserver
09-27 15:15:54.391  1777  1777 W DockObserver: This kernel does not have dock station support
09-27 15:15:54.393  1777  1777 I SystemServer: StartWiredAccessoryManager
09-27 15:15:54.395  1777  1777 W WiredAccessoryManager: This kernel does not have usb audio support
09-27 15:15:54.395  1777  1777 W WiredAccessoryManager: This kernel does not have HDMI audio support
09-27 15:15:54.396  1777  1777 I SystemServiceManager: Starting com.android.server.midi.MidiService$Lifecycle
09-27 15:15:54.398  1777  1777 I SystemServiceManager: Starting com.android.server.usb.UsbService$Lifecycle
09-27 15:15:54.406  1777  1777 I UsbDeviceManager: UsbHandler persisted: diag,serial_smd,rmnet_ipa,adb  usbDataUnlocked: false
09-27 15:15:54.415  1777  1777 I SystemServer: StartSerialService
09-27 15:15:54.418  1777  1777 E HardwarePropertiesManagerService-JNI: Couldn't load thermal module (No such file or directory)
09-27 15:15:54.419  1777  1777 I SystemServiceManager: Starting com.android.server.twilight.TwilightService
09-27 15:15:54.420  1777  1777 I SystemServiceManager: Starting com.android.server.job.JobSchedulerService
09-27 15:15:54.426  1777  1777 D JobStore: Start tag: job-info
09-27 15:15:54.438  1777  1777 I SystemServiceManager: Starting com.android.server.soundtrigger.SoundTriggerService
09-27 15:15:54.440  1777  1777 I SystemServiceManager: Starting com.android.server.backup.BackupManagerService$Lifecycle
09-27 15:15:54.443  1777  1777 I SystemServiceManager: Starting com.android.server.appwidget.AppWidgetService
09-27 15:15:54.455  1777  1777 I SystemServiceManager: Starting com.android.server.voiceinteraction.VoiceInteractionManagerService
09-27 15:15:54.458  1777  1777 I SystemServer: Gesture Launcher Service
09-27 15:15:54.459  1777  1777 I SystemServiceManager: Starting com.android.server.GestureLauncherService
09-27 15:15:54.459  1777  1777 I SystemServiceManager: Starting com.android.server.SensorNotificationService
09-27 15:15:54.459  1777  1777 I SystemServiceManager: Starting com.android.server.ContextHubSystemService
09-27 15:15:54.461  1777  1777 E ContextHubService: ** Could not load context_hub module : err No such file or directory
09-27 15:15:54.461  1777  1777 W ContextHubService: No Context Hub Module present
09-27 15:15:54.461  1777  1777 I SystemServer: StartDiskStatsService
09-27 15:15:54.464  1777  1777 I SystemServer: StartSamplingProfilerService
09-27 15:15:54.475  1777  1777 I SystemServer: StartNetworkTimeUpdateService
09-27 15:15:54.477  1777  1777 I SystemServer: StartCommonTimeManagementService
09-27 15:15:54.478  1777  1777 I SystemServer: CertBlacklister
09-27 15:15:54.481  1777  1777 I SystemServiceManager: Starting com.android.server.emergency.EmergencyAffordanceService
09-27 15:15:54.482  1777  1777 I SystemServiceManager: Starting com.android.server.dreams.DreamManagerService
09-27 15:15:54.484  1777  1777 I SystemServer: StartAssetAtlasService
09-27 15:15:54.499  1777  1777 I SystemServiceManager: Starting com.android.server.print.PrintManagerService
09-27 15:15:54.500  1777  1912 D AssetAtlas: Loaded configuration: SliceMinArea (1280x896) flags=0x2 count=91
09-27 15:15:54.505  1777  1777 I SystemServiceManager: Starting com.android.server.restrictions.RestrictionsManagerService
09-27 15:15:54.508  1777  1777 I SystemServiceManager: Starting com.android.server.media.MediaSessionService
09-27 15:15:54.513  1777  1777 I SystemServer: StartMediaRouterService
09-27 15:15:54.515  1777  1777 I SystemServiceManager: Starting com.android.server.trust.TrustManagerService
09-27 15:15:54.518  1777  1777 I SystemServiceManager: Starting com.android.server.fingerprint.FingerprintService
09-27 15:15:54.525   892   892 D PermissionCache: checking android.permission.MANAGE_FINGERPRINT for uid=1000 => granted (952 us)
09-27 15:15:54.525   892   892 V fingerprintd: nativeOpenHal()
09-27 15:15:54.525   892   892 D fingerprintd: SLCODE-OpenHal, PROPERTY_VALUE_MAX=92,
09-27 15:15:54.525   892   892 D fingerprintd: SLCODE-OpenHal, FINGERPRINT_HARDWARE_MODULE_ID=fingerprint,
09-27 15:15:54.525   892   892 E fingerprintd: SLCODE-openHal, fpModuleName: fingerprint,
09-27 15:15:54.534  1777  1912 I Adreno  : QUALCOMM build                   : dd15ef5, Ic280a69317
09-27 15:15:54.534  1777  1912 I Adreno  : Build Date                       : 05/09/17
09-27 15:15:54.534  1777  1912 I Adreno  : OpenGL ES Shader Compiler Version: XE031.09.00.04
09-27 15:15:54.534  1777  1912 I Adreno  : Local Branch                     : 
