09-27 15:15:27.406   762   861 D ThermalEngine: TSENS threshold at 2 enabled: 1
09-27 15:15:27.406   762   819 D ThermalEngine: sensor_monitor: tsens_tz_sensor11 Sensor wait.
09-27 15:15:27.406   762   861 I ThermalEngine: Sensor:tsens_tz_sensor10:59000 mC
09-27 15:15:27.406   762   819 D ThermalEngine: sensor_monitor: tsens_tz_sensor11 Reading 60000 .
09-27 15:15:27.406   762   861 D ThermalEngine: TM Id VDD_RSTR_MONITOR-TSENS10 Sensor tsens_tz_sensor10 Reading 59000
09-27 15:15:27.406   762   819 I ThermalEngine: Sensor:tsens_tz_sensor11:60000 mC
09-27 15:15:27.406   762   861 D ThermalEngine: handle_thresh_sig: TM Id VDD_RSTR_MONITOR-TSENS10 Sensor tsens_tz_sensor10 Temp 59000
09-27 15:15:27.406   762   819 D ThermalEngine: update_active_thresh: tsens_tz_sensor11 Active(1), Hi(0) 2147483647, Lo(1) 5000, Interval(1) 1000
09-27 15:15:27.406   762   861 D ThermalEngine: sensor_update_thresholds: TM Id VDD_RSTR_MONITOR-TSENS10 Sensor tsens_tz_sensor10 threshold_type 0, level 0
09-27 15:15:27.406   762   819 D ThermalEngine: enable_threshold: tsens_tz_sensor11 (/sys/devices/virtual/thermal/thermal_zone16/trip_point_1_type)
09-27 15:15:27.406   762   819 D ThermalEngine: TSENS threshold at 1 enabled: 0
09-27 15:15:27.406   762   819 D ThermalEngine: Setting up TSENS thresholds low: 5
09-27 15:15:27.407   762   819 D ThermalEngine: enable_threshold: tsens_tz_sensor11 (/sys/devices/virtual/thermal/thermal_zone16/trip_point_2_type)
09-27 15:15:27.407   762   819 D ThermalEngine: TSENS threshold at 2 enabled: 1
09-27 15:15:27.407   762   819 D ThermalEngine: sensor_monitor: tsens_tz_sensor11 Sensor wait.
09-27 15:15:27.407   762   861 D ThermalEngine: sensors_manager_set_thresh_lvl: tsens_tz_sensor10 Hi(0) 10000, Lo(1) 5000, Interval(1) 1000
09-27 15:15:27.407   762   861 D ThermalEngine: update_active_thresh: tsens_tz_sensor10 Active(1), Hi(0) 2147483647, Lo(1) 5000, Interval(1) 1000
09-27 15:15:27.407   762   861 D ThermalEngine: enable_threshold: tsens_tz_sensor10 (/sys/devices/virtual/thermal/thermal_zone15/trip_point_1_type)
09-27 15:15:27.407   762   861 D ThermalEngine: TSENS threshold at 1 enabled: 0
09-27 15:15:27.407   762   861 D ThermalEngine: enable_threshold: tsens_tz_sensor10 (/sys/devices/virtual/thermal/thermal_zone15/trip_point_2_type)
09-27 15:15:27.407   762   861 D ThermalEngine: TSENS threshold at 2 enabled: 1
09-27 15:15:27.407   762   815 D ThermalEngine: sensor_monitor: tsens_tz_sensor10 Sensor wait.
09-27 15:15:27.407   762   815 D ThermalEngine: sensor_monitor: tsens_tz_sensor10 Reading 59000 .
09-27 15:15:27.407   762   815 I ThermalEngine: Sensor:tsens_tz_sensor10:59000 mC
09-27 15:15:27.407   762   815 D ThermalEngine: update_active_thresh: tsens_tz_sensor10 Active(1), Hi(0) 2147483647, Lo(1) 5000, Interval(1) 1000
09-27 15:15:27.408   762   815 D ThermalEngine: enable_threshold: tsens_tz_sensor10 (/sys/devices/virtual/thermal/thermal_zone15/trip_point_1_type)
09-27 15:15:27.408   762   815 D ThermalEngine: TSENS threshold at 1 enabled: 0
09-27 15:15:27.408   762   815 D ThermalEngine: Setting up TSENS thresholds low: 5
09-27 15:15:27.446   851   873 E QMI_FW  : QMUXD: WARNING qmi_qmux_if_pwr_up_init failed! rc=-6
09-27 15:15:27.455   762   861 D ThermalEngine: KERNEL mitigation disabled
09-27 15:15:27.455   762   861 D ThermalEngine: vdd_rstr_ktm_disable_cb: req.value 0
09-27 15:15:27.455   762   861 D ThermalEngine: vdd_rstr_ktm_disable_cb: vdd_rstr_enabled 0
09-27 15:15:27.455   763   763 E wcnss_service: wcnss_service: num_modems = 1
09-27 15:15:27.455   763   763 E wcnss_qmi: wcnss_init_qmi: Initialize wcnss QMI Interface
09-27 15:15:27.457   763   763 E QMI_FW  : QMUXD: WARNING qmi_qmux_if_pwr_up_init failed! rc=-6
09-27 15:15:27.458   762   861 I ThermalEngine: ACTION: MODEM - Vdd_restriction mitigation succeeded for level 0.
09-27 15:15:27.458   762   861 I ThermalEngine: Mitigation:VDD[MODEM]:0
09-27 15:15:27.458   762   861 I ThermalEngine: vdd_restrict_qmi_request: ADSP req level(0) is recorded and waiting for completing QMI registration
09-27 15:15:27.458   762   861 D ThermalEngine: hotplug_ktm_disable_cb: req.value 0.
09-27 15:15:27.459   762   861 I ThermalEngine: hotplug_ktm_disable_cb: write out 0
09-27 15:15:27.459   762   861 D ThermalEngine: sensor_monitor: Wait for EV
09-27 15:15:27.465   763   763 E wcnss_qmi: wcnss_qmi_get_wlan_address: Mac Address_valid: 0 Mac Address Len: 0
09-27 15:15:27.465   763   763 E wcnss_qmi: wcnss_qmi_get_wlan_address: Failed to Read WLAN MAC Address
09-27 15:15:27.465   763   763 E wcnss_service: Failed to Get MAC addr from modem
09-27 15:15:27.235   813   813 W mediacodec: type=1400 audit(0.0:11): avc: denied { getattr } for path="/vendor" dev="rootfs" ino=6724 scontext=u:r:mediacodec:s0 tcontext=u:object_r:rootfs:s0 tclass=lnk_file permissive=0
09-27 15:15:27.465   763   763 E wcnss_qmi: wcnss_qmi_deinit: Deinitialize wcnss QMI Interface
09-27 15:15:27.466   763   763 I wcnss_service: data_nvfile_path /system/etc/wifi/nvbin/msm8953_293_0x00_0x02_0x00_nv.bin
09-27 15:15:27.466   763   763 E wcnss_service: source file do not exist /system/etc/wifi/nvbin/msm8953_293_0x00_0x02_0x00_nv.bin
09-27 15:15:27.466   763   763 E wcnss_service: Get source file path fail !
09-27 15:15:27.467   763   763 E wcnss_service: Serial Number is  f2b4049
09-27 15:15:27.467   763   763 E wcnss_service: CAL file not found
09-27 15:15:27.485   854   854 I Atfwd_Daemon: *** Starting ATFWD-daemon *** 
09-27 15:15:27.492   854   854 I Atfwd_Daemon: QCCI supported for target msm8953, use QCCI
09-27 15:15:27.492   854   854 I Atfwd_Daemon: init all signals
09-27 15:15:27.492   854   854 I Atfwd_Daemon: Explicitly disbling qmux 
09-27 15:15:27.492   854   854 I Atfwd_Daemon: Disabling QMUX complete...
09-27 15:15:27.492   854   854 I Atfwd_Daemon: getting at svc obj for access terminal QMI svc
09-27 15:15:27.492   854   854 I Atfwd_Daemon: 
09-27 15:15:27.492   854   854 I Atfwd_Daemon: 
09-27 15:15:27.492   854   854 I Atfwd_Daemon:  TrtyInit: retryCnt: 1
09-27 15:15:27.492   854   854 I Atfwd_Daemon: QCCI supported for target msm8953, use QCCI
09-27 15:15:27.492   854   854 I Atfwd_Daemon: Using QCCI. Skipping qmi_init
09-27 15:15:27.492   854   854 I Atfwd_Daemon: result : 1 	 ,Init step :0 	 ,qmiErrorCode: 0
09-27 15:15:27.492   854   854 I Atfwd_Daemon: 
09-27 15:15:27.492   854   854 I Atfwd_Daemon:  Back to main.
09-27 15:15:27.492   854   854 I Atfwd_Daemon:  tryinit complete with connectresult: 1
09-27 15:15:27.492   854   854 I Atfwd_Daemon: 
09-27 15:15:27.492   854   854 I Atfwd_Daemon: 
09-27 15:15:27.492   854   854 I Atfwd_Daemon:  TrtyInit: retryCnt: 1
09-27 15:15:27.492   854   854 I Atfwd_Daemon: QCCI supported for target msm8953, use QCCI
09-27 15:15:27.492   854   854 I Atfwd_Daemon: 
09-27 15:15:27.492   854   854 I Atfwd_Daemon:  qmi_client_init_instance....
09-27 15:15:27.499   854   854 I Atfwd_Daemon: qmi_client_init_instance status: 0, num_retries: 1, retryCnt: 1
09-27 15:15:27.499   854   854 I Atfwd_Daemon: qmi_client_register_error_cb status: 0
09-27 15:15:27.499   854   854 I Atfwd_Daemon: result : 0 	 ,Init step :1 	 ,qmiErrorCode: 0
09-27 15:15:27.499   854   854 I Atfwd_Daemon: 
09-27 15:15:27.499   854   854 I Atfwd_Daemon:  Back to main.
09-27 15:15:27.499   854   854 I Atfwd_Daemon:  tryinit complete with connectresult: 0
09-27 15:15:27.499   854   854 I Atfwd_Daemon: 
09-27 15:15:27.499   854   854 I Atfwd_Daemon: 
09-27 15:15:27.499   854   854 I Atfwd_Daemon:  TrtyInit: retryCnt: 1
09-27 15:15:27.531   831   831 I Netd    : Netd 1.0 starting
09-27 15:15:27.533   831   831 D TetherController: Setting IP forward enable = 0
09-27 15:15:27.535   811   811 E keymaster1_device: Keymaster Initialized
09-27 15:15:27.535   811   811 E keymaster1_device: TA API Major Verion: 1
09-27 15:15:27.535   811   811 E keymaster1_device: TA API Minor Verion: 0
09-27 15:15:27.535   811   811 E keymaster1_device: TA Major Verion: 1
09-27 15:15:27.535   811   811 E keymaster1_device: TA Minor Verion: 10
09-27 15:15:27.535   811   811 E keymaster1_device: set_version_req->flags: 1
09-27 15:15:27.535   811   811 D keystore: Wrapping keymaster1 module Keymaster QTI HAL with SofKeymasterDevice
09-27 15:15:27.535   811   811 D SoftKeymaster: system/keymaster/soft_keymaster_device.cpp, Line 178: Reinitializing SoftKeymasterDevice to use HW keymaster1
09-27 15:15:27.537   811   811 I SoftKeymaster: system/keymaster/soft_keymaster_device.cpp, Line 131: Creating device
09-27 15:15:27.537   811   811 D SoftKeymaster: system/keymaster/soft_keymaster_device.cpp, Line 132: Device address: 0x7facc3e400
09-27 15:15:27.557   831   831 D QtiConnectivityAdapter: Successfully loaded libconnectivitycontroller
09-27 15:15:27.557   831   831 D         : initConnectivityController cons 
09-27 15:15:27.557   831   831 D ConnectivityController: QtiTetherCommand cons done
09-27 15:15:27.557   831   831 I libconnctrl: Creating a NetlinkRelay
09-27 15:15:27.558   831   831 I libconnctrl: NetlinkRelay constructor
09-27 15:15:27.564   831   831 I         : Successfully loaded Zero Balance libdatacontroller
09-27 15:15:27.565   831   831 E         : Failed to open libcsm_data, some features may not be present.
09-27 15:15:27.565   831   831 D         : initDataController cons 
09-27 15:15:27.731   890   890 D QSEECOMAPI: QSEECom_get_handle sb_length = 0x144c0
09-27 15:15:27.731   890   890 D QSEECOMAPI: App is not loaded in QSEE
09-27 15:15:27.750   890   890 D QSEECOMAPI: app_arch = 1, total_files = 8
09-27 15:15:27.767   887   887 I goodixfingerprintd: Starting goodixfingerprintd
09-27 15:15:27.767   887   887 I goodixfingerprintd: GoodixFingerprintDaemon version:goodixfingerprintd_v1.1.1
09-27 15:15:27.785   827   827 V MediaUtils: physMem: 2891710464
09-27 15:15:27.785   827   827 V MediaUtils: requested limit: 578342080
09-27 15:15:27.785   827   827 V MediaUtils: actual limit: 578342080
09-27 15:15:27.785   827   827 V MediaUtils: original limits: 4294967295/4294967295
09-27 15:15:27.785   827   827 V MediaUtils: new limits: 578342080/4294967295
09-27 15:15:27.785   827   827 W         : No seccomp filter defined for this architecture.
09-27 15:15:27.809   892   892 I fingerprintd: Starting fingerprintd
09-27 15:15:27.816   856   856 I Gobi    : vendor/qcom/proprietary/RIDL/RIDLClient/Android/main.cpp:79: Not running as root
09-27 15:15:27.817   856   856 I Gobi    : vendor/qcom/proprietary/RIDL/RIDLClient/Component.cpp:925: Running command logcat -v time -d > /data/misc/SelfHost/RIDLCrash.txt
09-27 15:15:27.867   775   775 I         : sMaxFastTracks = 8
09-27 15:15:27.898   908   908 I perfprofd: starting Android Wide Profiling daemon
09-27 15:15:27.255   807   807 W cameraserver: type=1400 audit(0.0:12): avc: denied { getattr } for path="/vendor" dev="rootfs" ino=6724 scontext=u:r:cameraserver:s0 tcontext=u:object_r:rootfs:s0 tclass=lnk_file permissive=0
09-27 15:15:27.265   822   822 W mediadrmserver: type=1400 audit(0.0:13): avc: denied { getattr } for path="/vendor" dev="rootfs" ino=6724 scontext=u:r:mediadrmserver:s0 tcontext=u:object_r:rootfs:s0 tclass=lnk_file permissive=0
09-27 15:15:27.555   890   890 W checksilead_ca_: type=1400 audit(0.0:14): avc: denied { getattr } for path="/vendor" dev="rootfs" ino=6724 scontext=u:r:fpsvcd:s0 tcontext=u:object_r:rootfs:s0 tclass=lnk_file permissive=0
09-27 15:15:27.912   912   912 I recovery: Recovery image already installed 
09-27 15:15:27.929   908   908 I perfprofd: random seed set to 2911928503
09-27 15:15:27.930   901   901 I         : main: mdtpd started
09-27 15:15:27.930   901   901 D         : mdtpd_comm_init: start
09-27 15:15:27.945   901   901 D         : mdtpd_tz_listener_start: start
09-27 15:15:27.945   901   901 D QSEECOMAPI: QSEECom_register_listener 24576 sb_length = 0x32000
09-27 15:15:28.023   905   905 I gatekeeperd: Starting gatekeeperd...
09-27 15:15:28.030   813   813 I mediacodec: @@@ mediacodecservice starting
09-27 15:15:28.030   813   813 W         : No seccomp filter defined for this architecture.
09-27 15:15:28.057   932   932 I qcom-bluetooth: /system/etc/init.qcom.bt.sh: init.qcom.bt.sh config = onboot 
09-27 15:15:28.075   898   898 V AudioDaemonMain: Audio daemon starting sequence..
09-27 15:15:28.095   754   754 E QMI_FW  : QMUXD: WARNING qmi_qmux_if_pwr_up_init failed! rc=-6
09-27 15:15:28.128   934   934 I MSM-irqbalance: msm-irq_balance (1.3) initialized
09-27 15:15:28.129   934   934 I MSM-irqbalance: Configuration
09-27 15:15:28.129   934   934 I MSM-irqbalance: Rate: 0.2 Hz
09-27 15:15:28.129   934   934 I MSM-irqbalance: Decay Factor: 75.0
09-27 15:15:28.129   934   934 I MSM-irqbalance: Balancing Factor: 0.1
09-27 15:15:28.129   934   934 I MSM-irqbalance: Debug Log: OFF
09-27 15:15:28.129   934   934 I MSM-irqbalance: Cfg file: /system/vendor/etc/msm_irqbalance.conf
09-27 15:15:28.129   934   934 I MSM-irqbalance: CPU PRIO: CPU0: 0 CPU1: 0 CPU2: 0 CPU3: 0 CPU4: 1 CPU5: 1 CPU6: 1 CPU7: 1 
09-27 15:15:28.129   934   934 I MSM-irqbalance: Ignored IRQs: 20 39 
09-27 15:15:28.248   947   947 E Diag_Lib: qpLogDiagInit <== result : 1
09-27 15:15:28.248   947   947 E Diag_Lib: DATAD : gIsQXDMDisabled 0, gIsADBDisabled 1, gIsDebugDisabled 0, gIsIMSLogsDisabled 0
09-27 15:15:28.248   947   947 E Diag_Lib: [IMS_DataD] imsdatad.c | 5236 | | 947 |DATAD#$$#0#DATAD STARTED
09-27 15:15:28.235   947   947 W imsdatadaemon: type=1400 audit(0.0:15): avc: denied { net_raw } for capability=13 scontext=u:r:ims:s0 tcontext=u:r:ims:s0 tclass=capability permissive=0
09-27 15:15:28.304   867   867 D com.qualcomm.qti.qseeproxy-daemon: Starting service: com.qualcomm.qti.qseeproxy
09-27 15:15:28.383   812   812 D AndroidRuntime: >>>>>> START com.android.internal.os.RuntimeInit uid 0 <<<<<<
09-27 15:15:28.429   812   812 D AndroidRuntime: CheckJNI is ON
09-27 15:15:28.481   773   773 D AndroidRuntime: >>>>>> START com.android.internal.os.ZygoteInit uid 0 <<<<<<
09-27 15:15:28.487   773   773 D AndroidRuntime: CheckJNI is ON
09-27 15:15:28.488   773   773 I art     : option[0]=-Xzygote
09-27 15:15:28.488   773   773 I art     : option[1]=-Xcheck:jni
09-27 15:15:28.488   773   773 I art     : option[2]=-Xstacktracefile:/data/anr/traces.txt
09-27 15:15:28.488   773   773 I art     : option[3]=exit
09-27 15:15:28.488   773   773 I art     : option[4]=vfprintf
09-27 15:15:28.488   773   773 I art     : option[5]=sensitiveThread
09-27 15:15:28.489   773   773 I art     : option[6]=-verbose:gc
09-27 15:15:28.489   773   773 I art     : option[7]=-Xms16m
09-27 15:15:28.489   773   773 I art     : option[8]=-Xmx512m
09-27 15:15:28.489   773   773 I art     : option[9]=-XX:HeapGrowthLimit=192m
09-27 15:15:28.489   773   773 I art     : option[10]=-XX:HeapMinFree=4m
09-27 15:15:28.489   773   773 I art     : option[11]=-XX:HeapMaxFree=8m
09-27 15:15:28.489   773   773 I art     : option[12]=-XX:HeapTargetUtilization=0.75
09-27 15:15:28.489   773   773 I art     : option[13]=-Xusejit:true
09-27 15:15:28.489   773   773 I art     : option[14]=-Xjitsaveprofilinginfo
09-27 15:15:28.489   773   773 I art     : option[15]=-agentlib:jdwp=transport=dt_android_adb,suspend=n,server=y
09-27 15:15:28.489   773   773 I art     : option[16]=-Xlockprofthreshold:500
09-27 15:15:28.489   773   773 I art     : option[17]=-Ximage-compiler-option
09-27 15:15:28.489   773   773 I art     : option[18]=--runtime-arg
09-27 15:15:28.489   773   773 I art     : option[19]=-Ximage-compiler-option
09-27 15:15:28.490   773   773 I art     : option[20]=-Xms64m
09-27 15:15:28.490   773   773 I art     : option[21]=-Ximage-compiler-option
09-27 15:15:28.490   773   773 I art     : option[22]=--runtime-arg
09-27 15:15:28.490   773   773 I art     : option[23]=-Ximage-compiler-option
09-27 15:15:28.490   773   773 I art     : option[24]=-Xmx64m
09-27 15:15:28.490   773   773 I art     : option[25]=-Ximage-compiler-option
09-27 15:15:28.490   773   773 I art     : option[26]=--compiler-filter=verify-at-runtime
09-27 15:15:28.490   773   773 I art     : option[27]=-Ximage-compiler-option
09-27 15:15:28.490   773   773 I art     : option[28]=--image-classes=/system/etc/preloaded-classes
09-27 15:15:28.490   773   773 I art     : option[29]=-Ximage-compiler-option
09-27 15:15:28.490   773   773 I art     : option[30]=--compiled-classes=/system/etc/compiled-classes
09-27 15:15:28.490   773   773 I art     : option[31]=-Xcompiler-option
09-27 15:15:28.490   773   773 I art     : option[32]=--runtime-arg
09-27 15:15:28.491   773   773 I art     : option[33]=-Xcompiler-option
09-27 15:15:28.491   773   773 I art     : option[34]=-Xms64m
09-27 15:15:28.491   773   773 I art     : option[35]=-Xcompiler-option
09-27 15:15:28.491   773   773 I art     : option[36]=--runtime-arg
09-27 15:15:28.491   773   773 I art     : option[37]=-Xcompiler-option
09-27 15:15:28.491   773   773 I art     : option[38]=-Xmx512m
09-27 15:15:28.491   773   773 I art     : option[39]=-Ximage-compiler-option
09-27 15:15:28.491   773   773 I art     : option[40]=--instruction-set-variant=generic
09-27 15:15:28.491   773   773 I art     : option[41]=-Xcompiler-option
09-27 15:15:28.491   773   773 I art     : option[42]=--instruction-set-variant=generic
09-27 15:15:28.491   773   773 I art     : option[43]=-Ximage-compiler-option
09-27 15:15:28.491   773   773 I art     : option[44]=--instruction-set-features=default
09-27 15:15:28.491   773   773 I art     : option[45]=-Xcompiler-option
09-27 15:15:28.492   773   773 I art     : option[46]=--instruction-set-features=default
09-27 15:15:28.492   773   773 I art     : option[47]=-Duser.locale=en-IN
09-27 15:15:28.492   773   773 I art     : option[48]=--cpu-abilist=arm64-v8a
09-27 15:15:28.492   773   773 I art     : option[49]=-Xfingerprint:10or/G/G:7.1.2/N2G47H/shigui09261918:eng/release-keys
09-27 15:15:28.615   763   763 I wcnss_service: wcnss_read_and_store_cal_data trying to read cal
09-27 15:15:28.615   854   854 I ServiceManager: Waiting for service AtCmdFwd...
09-27 15:15:28.619   828   828 I mediaserver: ServiceManager: 0xf02996c0
09-27 15:15:28.620   828   828 W BatteryNotifier: batterystats service unavailable!
09-27 15:15:28.620   828   828 E ExtendedServiceUtils: player_type 6
09-27 15:15:28.620   828   828 E ExtendedServiceUtils: Creating DashPlayer Factory
09-27 15:15:28.636   775   775 I audioserver: ServiceManager: 0xe8f196c0
09-27 15:15:28.637   775   775 W BatteryNotifier: batterystats service unavailable!
09-27 15:15:28.637   775   775 I AudioFlinger: Using default 3000 mSec as standby time.
09-27 15:15:28.638   775   775 I AudioPolicyService: AudioPolicyService CSTOR in new mode
09-27 15:15:28.651   898   898 V AudioDaemon: Start audiod daemon
09-27 15:15:28.652   901   901 D         : mdtpd_tz_listener_start: registering the MDTP QSEE listener is done!
09-27 15:15:28.652   807   807 I cameraserver: ServiceManager: 0xe78996c0
09-27 15:15:28.652   807   807 I CameraService: CameraService started (pid=807)
09-27 15:15:28.652   807   807 I CameraService: CameraService process starting
09-27 15:15:28.652   901   901 D         : mdtpd_tz_listener_start: creating TZ listener thread done.
09-27 15:15:28.653   901   901 D         : mdtpd_hasher_start: creating the hasher thread is done!
09-27 15:15:28.653   901   901 D         : mdtpd_qmi_listener_start: start
09-27 15:15:28.653   901   901 D         : mdtp_qmi_create_timer: start
09-27 15:15:28.653   901   901 D         : mdtpd_qmi_listener_start: creating request timer is done!
09-27 15:15:28.653   901   901 D         : mdtp_qmi_create_timer: start
09-27 15:15:28.653   774   774 D AndroidRuntime: >>>>>> START com.android.internal.os.ZygoteInit uid 0 <<<<<<
09-27 15:15:28.653   901   901 D         : mdtpd_qmi_listener_start: creating config request timer is done!
09-27 15:15:28.654   901   901 D         : mdtpd_qmi_listener_start: creating an indication/response dispatcher thread is done!
09-27 15:15:28.654   901   901 D         : mdtpd_qmi_listener_start: creating a request dispatcher thread is done!
09-27 15:15:28.655   901  1018 D         : mdtpd_hasher_thread: start running mdtpd_hasher_thread
09-27 15:15:28.655   901  1018 D         : mdtpd_comm_read_request: start
09-27 15:15:28.655   901  1022 D         : mdtp_qmi_request_dispatch: start running MDTP request dispatch thread
09-27 15:15:28.655   901  1017 D         : mdtp_tz_listener_thread: start running mdtp_tz_listener_thread
09-27 15:15:28.655   901  1021 D         : mdtp_qmi_indication_response_dispatch: start running MDTP indication dispatch thread
09-27 15:15:28.655   901  1021 D         : mdtp_qmi_listener_client_init: start
09-27 15:15:28.657   822   822 I mediaserver: ServiceManager: 0xef4996c0
09-27 15:15:28.657   807   807 W BatteryNotifier: batterystats service unavailable!
09-27 15:15:28.662   901   901 I mdtp_service: ServiceManager: 0x7fb263d0c0
09-27 15:15:28.662   901   901 D MdtpService: Xtor
09-27 15:15:28.666   905   905 D gatekeeper_device: HwGkOpen called
09-27 15:15:28.666   574   611 D PerMgrSrv: modem state: is on-line, add client QCRIL
09-27 15:15:28.666   574   611 D PerMgrSrv: QCRIL registered
09-27 15:15:28.667   832   832 D PerMgrLib: QCRIL successfully registered for modem
09-27 15:15:28.667   905   905 D QSEECOMAPI: QSEECom_get_handle sb_length = 0xa000
09-27 15:15:28.667   905   905 D QSEECOMAPI: App is already loaded QSEE and app id = 65537
09-27 15:15:28.667   901  1021 E QMI_FW  : QMUXD: WARNING qmi_qmux_if_pwr_up_init failed! rc=-6
09-27 15:15:28.670   901  1021 D         : mdtp_qmi_listener_client_init: QMI UIM service initialized successfully
09-27 15:15:28.670   807   807 W BatteryNotifier: batterystats service unavailable!
09-27 15:15:28.670   867   867 D com.qualcomm.qti.qseeproxy-daemon: QSEEConnector service is now ready
09-27 15:15:28.671   901  1021 D         : mdtp_qmi_listener_client_init: Successfully registered for simlock configuration events
09-27 15:15:28.672   901  1021 D QSEECOMAPI: QSEECom_get_handle sb_length = 0x64400
09-27 15:15:28.672   901  1021 D QSEECOMAPI: App is not loaded in QSEE
09-27 15:15:28.672   901  1021 E QSEECOMAPI: Error::Cannot open the file /system/etc/firmware/mdtp.mdt errno = 2
09-27 15:15:28.672   901  1021 E QSEECOMAPI: Error::Loading image failed with ret = -1
09-27 15:15:28.672   901  1021 D QSEECOMAPI: QSEECom_get_handle sb_length = 0x64400
09-27 15:15:28.672   901  1021 D QSEECOMAPI: App is not loaded in QSEE
09-27 15:15:28.672   808   808 I OmaDrmEngine: OmaDrmEngine Construction - init (A OMA DRM V1 FL, CD and SD plugin)
09-27 15:15:28.673   808   808 I OmaDrmEngine: OmaDrmEngine::onGetSupportInfo
09-27 15:15:28.674   898  1016 V AudioDaemon: readyToRun: open snd card state node files
09-27 15:15:28.674   898  1016 V AudioDaemon: Start threadLoop()
09-27 15:15:28.674   898  1016 D AudioDaemon: Opening sound card state : /proc/asound/card0/state
09-27 15:15:28.675   898  1016 V AudioDaemon: bool android::AudioDaemon::getStateFDs(std::vector<std::pair<int, int> > &): 1 sound cards detected
09-27 15:15:28.675   574   612 D PerMgrSrv: modem state: is on-line, add client QCRIL
09-27 15:15:28.675   898  1016 V AudioDaemon: bool android::AudioDaemon::getDeviceEventFDs(): 0 audio device event detected
09-27 15:15:28.675   574   612 D PerMgrSrv: QCRIL registered
09-27 15:15:28.675   898  1016 E AudioDaemon: No audio device events detected
09-27 15:15:28.675   898  1016 D AudioDaemon: Opening cpe0_state : /proc/asound/card0/cpe0_state
09-27 15:15:28.675   898  1016 E AudioDaemon: CPE state open /proc/asound/card0/cpe0_state failed No such file or directory, Retrying 1
09-27 15:15:28.676   901  1021 D QSEECOMAPI: app_arch = 2, total_files = 8
09-27 15:15:28.676   958   958 D PerMgrLib: QCRIL successfully registered for modem
09-27 15:15:28.678   901   901 D mdtp_service: adding mdtp service succeeded
09-27 15:15:28.678   901   901 D mdtp_service: Debug:: int MdtpServiceStart() MDTP Service is now ready
09-27 15:15:28.683   905   905 E gatekeeper_device: Gatekeeper initialized
09-27 15:15:28.689   808   808 I OmaDrmEngine: OmaDrmEngine::onGetSupportInfo
09-27 15:15:28.706   774   774 D AndroidRuntime: CheckJNI is ON
09-27 15:15:28.728   774   774 I art     : option[0]=-Xzygote
09-27 15:15:28.728   774   774 I art     : option[1]=-Xcheck:jni
09-27 15:15:28.728   774   774 I art     : option[2]=-Xstacktracefile:/data/anr/traces.txt
09-27 15:15:28.729   774   774 I art     : option[3]=exit
09-27 15:15:28.729   774   774 I art     : option[4]=vfprintf
09-27 15:15:28.729   774   774 I art     : option[5]=sensitiveThread
09-27 15:15:28.729   774   774 I art     : option[6]=-verbose:gc
09-27 15:15:28.729   775   775 D audio_hw_primary: adev_open: enter
09-27 15:15:28.729   774   774 I art     : option[7]=-Xms16m
09-27 15:15:28.729   774   774 I art     : option[8]=-Xmx512m
09-27 15:15:28.729   774   774 I art     : option[9]=-XX:HeapGrowthLimit=192m
09-27 15:15:28.729   774   774 I art     : option[10]=-XX:HeapMinFree=4m
09-27 15:15:28.729   774   774 I art     : option[11]=-XX:HeapMaxFree=8m
09-27 15:15:28.729   774   774 I art     : option[12]=-XX:HeapTargetUtilization=0.75
09-27 15:15:28.729   774   774 I art     : option[13]=-Xusejit:true
09-27 15:15:28.729   774   774 I art     : option[14]=-Xjitsaveprofilinginfo
09-27 15:15:28.730   774   774 I art     : option[15]=-agentlib:jdwp=transport=dt_android_adb,suspend=n,server=y
09-27 15:15:28.730   774   774 I art     : option[16]=-Xlockprofthreshold:500
09-27 15:15:28.730   774   774 I art     : option[17]=-Ximage-compiler-option
09-27 15:15:28.730   774   774 I art     : option[18]=--runtime-arg
09-27 15:15:28.730   774   774 I art     : option[19]=-Ximage-compiler-option
09-27 15:15:28.730   774   774 I art     : option[20]=-Xms64m
09-27 15:15:28.730   774   774 I art     : option[21]=-Ximage-compiler-option
09-27 15:15:28.730   774   774 I art     : option[22]=--runtime-arg
09-27 15:15:28.730   774   774 I art     : option[23]=-Ximage-compiler-option
09-27 15:15:28.730   774   774 I art     : option[24]=-Xmx64m
09-27 15:15:28.730   774   774 I art     : option[25]=-Ximage-compiler-option
09-27 15:15:28.730   774   774 I art     : option[26]=--compiler-filter=verify-at-runtime
09-27 15:15:28.731   774   774 I art     : option[27]=-Ximage-compiler-option
09-27 15:15:28.731   774   774 I art     : option[28]=--image-classes=/system/etc/preloaded-classes
09-27 15:15:28.731   774   774 I art     : option[29]=-Ximage-compiler-option
09-27 15:15:28.731   774   774 I art     : option[30]=--compiled-classes=/system/etc/compiled-classes
09-27 15:15:28.731   774   774 I art     : option[31]=-Xcompiler-option
09-27 15:15:28.731   774   774 I art     : option[32]=--runtime-arg
09-27 15:15:28.731   774   774 I art     : option[33]=-Xcompiler-option
09-27 15:15:28.731   774   774 I art     : option[34]=-Xms64m
09-27 15:15:28.731   774   774 I art     : option[35]=-Xcompiler-option
09-27 15:15:28.731   774   774 I art     : option[36]=--runtime-arg
09-27 15:15:28.731   774   774 I art     : option[37]=-Xcompiler-option
09-27 15:15:28.731   774   774 I art     : option[38]=-Xmx512m
09-27 15:15:28.732   774   774 I art     : option[39]=-Ximage-compiler-option
09-27 15:15:28.732   774   774 I art     : option[40]=--instruction-set-variant=cortex-a53
09-27 15:15:28.732   774   774 I art     : option[41]=-Xcompiler-option
09-27 15:15:28.732   774   774 I art     : option[42]=--instruction-set-variant=cortex-a53
09-27 15:15:28.732   774   774 I art     : option[43]=-Ximage-compiler-option
09-27 15:15:28.732   774   774 I art     : option[44]=--instruction-set-features=default
09-27 15:15:28.732   774   774 I art     : option[45]=-Xcompiler-option
09-27 15:15:28.732   774   774 I art     : option[46]=--instruction-set-features=default
09-27 15:15:28.732   774   774 I art     : option[47]=-Duser.locale=en-IN
09-27 15:15:28.732   774   774 I art     : option[48]=--cpu-abilist=armeabi-v7a,armeabi
09-27 15:15:28.732   774   774 I art     : option[49]=-Xfingerprint:10or/G/G:7.1.2/N2G47H/shigui09261918:eng/release-keys
09-27 15:15:28.768  1042  1042 I qcom-bluetooth: /system/etc/init.qcom.bt.sh: Bluetooth stack is Bluedroid 
09-27 15:15:28.776   898  1016 E AudioDaemon: CPE state open /proc/asound/card0/cpe0_state failed No such file or directory, Retrying 2
09-27 15:15:28.831   881   881 I mm-camera: < INFO> 420: void init(): memleak lib init.
09-27 15:15:28.831   881   881 I mm-camera: < INFO> 439: void init(): memleak tracer not attached
09-27 15:15:28.847   856   856 I Gobi    : vendor/qcom/proprietary/RIDL/RIDLClient/Component.cpp:968: Run command logcat -v time -d > /data/misc/SelfHost/RIDLCrash.txt done
09-27 15:15:28.847   856   856 I Gobi    : vendor/qcom/proprietary/RIDL/RIDLClient/Component.cpp:925: Running command getprop ro.build.version.sdk
09-27 15:15:28.876   898  1016 D AudioDaemon: number of sndcards 1 CPEs 0
09-27 15:15:28.876   898  1016 D AudioDaemon: read for sound card state change before while
09-27 15:15:28.876   898  1016 D AudioDaemon: sound card state file content: ONLINE
09-27 15:15:28.876   898  1016 D AudioDaemon:  before while
09-27 15:15:28.876   898  1016 E AudioDaemon: put cur_state to online
09-27 15:15:28.876   898  1016 D AudioDaemon: cur_state=0, bootup_complete=0
09-27 15:15:28.876   898  1016 E AudioDaemon: sound card up is deteced before while
09-27 15:15:28.876   898  1016 E AudioDaemon: bootup_complete set to 1
09-27 15:15:28.876   898  1016 E AudioDaemon: read for event state change before while
09-27 15:15:28.876   898  1016 D AudioDaemon: poll() for sound card state change 
09-27 15:15:28.919   775   775 D msm8916_platform: platform_init: snd_card_name: msm8953-snd-card-mtp
09-27 15:15:28.919   775   775 D msm8916_platform: platform_init: mixer path file is /system/etc/mixer_paths_mtp.xml
09-27 15:15:28.928   881   881 E mm-camera: <SENSOR><ERROR> 385: eebin_read: failed!
09-27 15:15:28.928   881   881 E mm-camera: <SENSOR><ERROR> 385: eebin_read: failed!
09-27 15:15:28.928   881   881 E mm-camera: <SENSOR><ERROR> 385: eebin_read: failed!
09-27 15:15:28.928   881   881 E mm-camera: <SENSOR><ERROR> 498: sensor_init_probe: failed: to probe eeprom bin sensors (non-fatal)
09-27 15:15:28.928   971   971 I         : ServiceManager: 0x7f894d0100
09-27 15:15:28.928   971   971 I ConnectionManagerService: ConnectionManagerService::instantiate()
09-27 15:15:28.928   971   971 I ConnectionManagerService: ConnectionManagerService started: pid = 971
09-27 15:15:28.955   812   812 E libmdmdetect: Failed to open /sys/bus/msm_subsys/devices/subsys0/name: Permission denied
09-27 15:15:28.983   969   969 E Diag_Lib: bLogRTPMsgs 1, bLogRTPDataMsgs 1,bLogAdbMsgs 0
09-27 15:15:28.945   812   812 W main    : type=1400 audit(0.0:16): avc: denied { read } for name="name" dev="sysfs" ino=25020 scontext=u:r:shell:s0 tcontext=u:object_r:sysfs:s0 tclass=file permissive=0
09-27 15:15:28.984   969   969 E         : qvp_rtp_task_init
09-27 15:15:28.984   969   969 E         : qvp_rtp_task_ctx.qvp_rtp_message_queue = 0x7f93e51230
09-27 15:15:28.984   969   969 E         : qvp_rtp_task_ctx.qvp_rtp_message_queue = 0x7f93e51248
09-27 15:15:28.987   969  1060 E         : qvp_rtp_handle_signals
09-27 15:15:28.988   969  1060 E Diag_Lib: [IMS_FATAL]| 1226 | 1060 |qpNetSetReadFds - DataD IPC socket not available
09-27 15:15:28.988   969  1060 D Diag_Lib: [IMS_DEBUG]| 1286 | 1060 |qpNetSelect :Setting sel timeout of 2 seconds for recovery
09-27 15:15:28.988   969  1060 E Diag_Lib: [IMS_FATAL]| 1025 | 1060 |qpCheckSockEventsOnNetConnProfiles : pNetConnProfileArray NULL
09-27 15:15:28.988   969  1060 D Diag_Lib: [IMS_DEBUG]| 1376 | 1060 |qpNetSelect : Data Daemon Handle NULL, Init again
09-27 15:15:28.988   969  1060 D Diag_Lib: [IMS_DEBUG]| 793 | 1060 |qpDataDaemon_ipc_init: IsServiceUp Ind sent:0
09-27 15:15:28.988   969  1060 E         : qvp_rtp_task_ctx.qvp_rtp_message_queue = 0x7f93e51230
09-27 15:15:28.989   969  1060 E         : qvp_rtp_h264_profile_init rateadaptEnabled =15
09-27 15:15:28.989   969  1060 E         : qvp_rtp_task_ctx.qvp_rtp_free_msg_queue = 0x7f93e51248
09-27 15:15:28.999   969  1060 E Diag_Lib: [IMS_FATAL]| 1025 | 1060 |qpCheckSockEventsOnNetConnProfiles : pNetConnProfileArray NULL
09-27 15:15:28.999   969  1060 E         : qvp_rtp_task_ctx.qvp_rtp_message_queue = 0x7f93e51230
09-27 15:15:29.000   969  1060 D Diag_Lib: [IMS_DEBUG]| 1767 | 1060 |qpdpl:qpDplInitialize
09-27 15:15:29.000   969  1060 D Diag_Lib: [IMS_DEBUG]| 1776 | 1060 |qpdpl:qpDplInitialize : aquiring the lock
09-27 15:15:29.000   969  1060 D Diag_Lib: [IMS_DEBUG]| 1779 | 1060 |qpdpl:qpDplInitialize : Creating Global Data now
09-27 15:15:29.000   969  1060 D Diag_Lib: [IMS_DEBUG]| 1787 | 1060 |pGlobalData ptr 92e0c000, iDplRefCount 0
09-27 15:15:29.000   969  1060 D Diag_Lib: [IMS_DEBUG]| 1791 | 1060 |qpDplInitialize: init list, mutex & condition var on zero iDplRefCount
09-27 15:15:29.000   969  1060 D Diag_Lib: [IMS_DEBUG]| 1859 | 1060 |DPL#$$#0#DPL Initialze synchronously for RTP
09-27 15:15:29.000   969  1060 D Diag_Lib: [IMS_DEBUG]| 813 | 1060 |qpdpl:Initialize
09-27 15:15:29.000   969  1060 D Diag_Lib: [IMS_DEBUG]| 814 | 1060 |Initialize thread -1826552752, signal captured.
09-27 15:15:29.008   969  1060 D Diag_Lib: [IMS_DEBUG]| 2880 | 1060 |qpDplRegisterForImsNVParam: Enter eAPPType 1
09-27 15:15:29.008   969  1060 D Diag_Lib: [IMS_DEBUG]| 2901 | 1060 |qpDplRegisterForImsNVParam Registering QMI SETTINGS Client
09-27 15:15:29.008   969  1060 D Diag_Lib: [IMS_DEBUG]| 239 | 1060 |imsstub: ims_qmi_register_client service id: 18
09-27 15:15:29.008   969  1060 D Diag_Lib: [IMS_DEBUG]| 255 | 1060 |ims_qmi_register_client: ims_qmi_register_client start
09-27 15:15:29.009   969  1060 D Diag_Lib: [IMS_DEBUG]| 319 | 1060 |ims_qmi_register_client : Sent REGISTER for service_id: 18. service_mask: 5
09-27 15:15:29.009   969  1060 D Diag_Lib: [IMS_DEBUG]| 203 | 1060 |ims_qmi_select_fd : Enter : fd 14
09-27 15:15:29.009   969  1060 D Diag_Lib: [IMS_DEBUG]| 66 | 1060 |qmi_stub_clientHandler : Enter : QMI Handle 0x7f92e89000
09-27 15:15:29.009   969  1060 D Diag_Lib: [IMS_DEBUG]| 69 | 1060 |qmi_stub_clientHandler  waiting to read , handle->service_id 18
09-27 15:15:29.012   764   764 E QMI_FW  : QMUXD: WARNING qmi_qmux_if_pwr_up_init failed! rc=-6
09-27 15:15:29.017   969  1060 D Diag_Lib: [IMS_DEBUG]| 107 | 1060 |qmi_stub_clientHandler : Msg ID is DATA XFER for service ID
09-27 15:15:29.017   969  1060 D Diag_Lib: [IMS_DEBUG]| 2649 | 1060 |qpDplSettingsIndicationCb -- msg id is 52
09-27 15:15:29.017   969  1060 D Diag_Lib: [IMS_DEBUG]| 2658 | 1060 |qpDplSettingsIndicationCb -- iDecodedPayloadLen: 108
09-27 15:15:29.017   969  1060 D Diag_Lib: [IMS_DEBUG]| 2719 | 1060 |qpDplSettingsIndicationCb -- Msg is QMI_IMS_SETTINGS_GET_MEDIA_CONFIG_RSP_V01
09-27 15:15:29.017   969  1060 D Diag_Lib: [IMS_DEBUG]| 1636 | 1060 |qpDplConfigProcessMediaRsp -- Enter
09-27 15:15:29.017   969  1060 D Diag_Lib: [IMS_DEBUG]| 1746 | 1060 |IMS_PARAM : eIMSConfigH264Level[0], eIMSConfigH264Profile[0], iVideoEncodingBit[0]
09-27 15:15:29.017   969  1060 D Diag_Lib: [IMS_DEBUG]| 1748 | 1060 |IMS_PARAM : eIMSVideoCodec[0], iVideoFrameperSecond[0], eIMSConfigVideoDisplayResolution[0]
09-27 15:15:29.017   969  1060 D Diag_Lib: [IMS_DEBUG]| 1750 | 1060 |IMS_PARAM : iLipSyncDropUpperLimit[0], iLipSyncDropLowerLimit[0], iRTPMTUSz[1400]
09-27 15:15:29.017   969  1060 D Diag_Lib: [IMS_DEBUG]| 1752 | 1060 |IMS_PARAM : iQDJ_Time_Wrapping[0], iQDJ_IBA_Max[2], iQDJ_MAX_Frame_At_Start[0]
09-27 15:15:29.017   969  1060 D Diag_Lib: [IMS_DEBUG]| 1754 | 1060 |IMS_PARAM : iQDJMaxDelay[100], iQDJMinDelay[40], iQDJMaxFramesAtRun[0]
09-27 15:15:29.017   969  1060 D Diag_Lib: [IMS_DEBUG]| 1756 | 1060 |IMS_PARAM : iQDJMaxBumpedUpDelay[0], iQdjGoThroughThreshold[60], iQdjDropThreshold[60]
09-27 15:15:29.017   969  1060 D Diag_Lib: [IMS_DEBUG]| 1758 | 1060 |IMS_PARAM : iQdjJitterIncrement[20], iQdjTargetUnderFlow[5], iQdjDefaultJitter[60]
09-27 15:15:29.017   969  1060 D Diag_Lib: [IMS_DEBUG]| 1760 | 1060 |IMS_PARAM : iGmin[0], iTx_Delay[0], iRx_Delay[0]
09-27 15:15:29.017   969  1060 D Diag_Lib: [IMS_DEBUG]| 1761 | 1060 |IMS_PARAM : iAudio_Offload[1]
09-27 15:15:29.017   969  1060 D Diag_Lib: [IMS_DEBUG]| 1763 | 1060 |qpDplConfigProcessMediaRsp -- Exit
09-27 15:15:29.017   969  1060 D Diag_Lib: [IMS_DEBUG]| 190 | 1060 |qmi_stub_clientHandler : It wasnt the mesg im expecting, try again
09-27 15:15:29.017   969  1060 D Diag_Lib: [IMS_DEBUG]| 213 | 1060 |ims_qmi_select_fd : qmi_stub_clientHandler retrun 2
09-27 15:15:29.017   969  1060 D Diag_Lib: [IMS_DEBUG]| 66 | 1060 |qmi_stub_clientHandler : Enter : QMI Handle 0x7f92e89000
09-27 15:15:29.017   969  1060 D Diag_Lib: [IMS_DEBUG]| 69 | 1060 |qmi_stub_clientHandler  waiting to read , handle->service_id 18
09-27 15:15:29.018   969  1060 D Diag_Lib: [IMS_DEBUG]| 90 | 1060 |qmi_stub_clientHandler : Msg ID is REGISTER for Service ID 1
09-27 15:15:29.018   969  1060 D Diag_Lib: [IMS_DEBUG]| 185 | 1060 |qmi_stub_clientHandler : exit with success
09-27 15:15:29.018   969  1060 D Diag_Lib: [IMS_DEBUG]| 213 | 1060 |ims_qmi_select_fd : qmi_stub_clientHandler retrun 0
09-27 15:15:29.018   969  1060 D Diag_Lib: [IMS_DEBUG]| 343 | 1060 |ims_qmi_register_client - success, dummy write to unblock select, socket created
09-27 15:15:29.018   969  1060 E Diag_Lib: [IMS_AP_E] 1441 | 1060 | qpdpl.c : qpReadWriteDummySock : Dummy sock not available iDummySock 0, iDummyWriteSock 0
09-27 15:15:29.018   969  1060 D Diag_Lib: [IMS_DEBUG]| 2918 | 1060 |qpDplRegisterForImsNVParam - qmi_handle is 0x7f92e89000
09-27 15:15:29.018   969  1060 D Diag_Lib: [IMS_DEBUG]| 1469 | 1060 |qpDplCreateDummySock : Enter
09-27 15:15:29.018   969  1060 D Diag_Lib: [IMS_DEBUG]| 1478 | 1060 |qpDplCreateDummySock: Success socketpair Readfd : 15 , Writefd: 16
09-27 15:15:29.018   969  1060 D Diag_Lib: [IMS_DEBUG]| 1487 | 1060 |qpDplCreateDummySock : Success
09-27 15:15:29.018   969  1060 E Diag_Lib: [IMS_ERROR]| 290 | 1060 |qpdplTimerInit: RcsStratTimer or RcsStopTimer is NULL
09-27 15:15:29.018   969  1060 D Diag_Lib: [IMS_DEBUG]| 969 | 1060 |qpDplInitialize | qpDplCircularBufferInit - QP_WDS_SYS_EVENT_STRUCT
09-27 15:15:29.019   969  1060 D Diag_Lib: [IMS_DEBUG]| 978 | 1060 |qpDplInitialize | qpDplCircularBufferInit - QP_CMIPAPP_IND_DATA_EVENT_CB_STRUCT
09-27 15:15:29.019   969  1060 D Diag_Lib: [IMS_DEBUG]| 987 | 1060 |qpDplInitialize | pDSDSysInfoCircularBuffer - QP_DSD_RAT_SYS_STATUS
09-27 15:15:29.019   969  1060 D Diag_Lib: [IMS_DEBUG]| 996 | 1060 |qpDplInitialize | qpDplCircularBufferInit - QP_CM_CALL_INFO_EVENT_CB_STRUCT
09-27 15:15:29.019   969  1060 D Diag_Lib: [IMS_DEBUG]| 1005 | 1060 |qpDplInitialize | qpDplCircularBufferInit - QP_NET_EVENT_CB_STRUCT
09-27 15:15:29.019   969  1060 E Diag_Lib: [IMS_ERROR]| 741 | 1060 |qpDataDaemon_ipc_init : Its already initialized, this should not be called twice
09-27 15:15:29.019   969  1060 D Diag_Lib: [IMS_DEBUG]| 1055 | 1060 |qpdpl:Initialize - qpDataDaemon_ipc_init Success
09-27 15:15:29.019   969  1060 D Diag_Lib: [IMS_DEBUG]| 1458 | 1060 |qpWaitForModemLL : Enter
09-27 15:15:29.019   969  1060 D Diag_Lib: [IMS_DEBUG]| 823 | 1060 |datad_select_fd : Enter : fd 13
09-27 15:15:29.019   969  1060 D Diag_Lib: [IMS_DEBUG]| 168 | 1060 |clientThreadHandler_ipc : client thread created
09-27 15:15:29.019   969  1060 D Diag_Lib: [IMS_DEBUG]| 182 | 1060 |clientThreadHandler_ipc : waiting to read
09-27 15:15:29.019   969  1060 D Diag_Lib: [IMS_DEBUG]| 201 | 1060 |clientThreadHandler_ipc : Received a buffer of size 72
09-27 15:15:29.019   969  1060 D Diag_Lib: [IMS_DEBUG]| 208 | 1060 |clientThreadHandler_ipc : msg.ipc_request_id is 5
09-27 15:15:29.019   969  1060 D Diag_Lib: [IMS_DEBUG]| 439 | 1060 |clientThreadHandler_ipc : DATAD_MODEMLL : receive_msg->length 60
09-27 15:15:29.019   969  1060 D Diag_Lib: [IMS_DEBUG]| 457 | 1060 |clientThreadHandler_ipc : DATAD_MODEMLL: pMsg_resp->ipaddress fe80::cca0:d4d9:794a:3464
09-27 15:15:29.019   969  1060 D Diag_Lib: [IMS_DEBUG]| 662 | 1060 |Datad_SocketHandler_ipc : Len 72, Bytes Consumed [72], Bytes Remaining [0]
09-27 15:15:29.019   969  1060 D Diag_Lib: [IMS_DEBUG]| 831 | 1060 |datad_select_fd : clientThreadHandler_ipc retrun 0
09-27 15:15:29.019   969  1060 D Diag_Lib: [IMS_DEBUG]| 1066 | 1060 |qpdpl:Initialize - qpWaitForModemLL Success
09-27 15:15:29.019   969  1060 D Diag_Lib: [IMS_DEBUG]| 333 | 1060 |qpHandShakeDataInit | Entry
09-27 15:15:29.019   969  1060 D Diag_Lib: [IMS_DEBUG]| 859 | 1060 |qpDataD_ipc_get_handle : Enter
09-27 15:15:29.019   969  1060 D Diag_Lib: [IMS_DEBUG]| 908 | 1060 |qpDataD_ipc_get_handle : pProfileInfo->pdpInfo.apn_type 7
09-27 15:15:29.019   969  1060 D Diag_Lib: [IMS_DEBUG]| 909 | 1060 |qpDataD_ipc_get_handle : pProfileInfo->pdpInfo.rat_type 0
09-27 15:15:29.019   969  1060 D Diag_Lib: [IMS_DEBUG]| 910 | 1060 |qpDataD_ipc_get_handle : pProfileInfo->pdpInfo.family_type 2
09-27 15:15:29.019   969  1060 D Diag_Lib: [IMS_DEBUG]| 911 | 1060 |qpDataD_ipc_get_handle : pProfileInfo->pdpInfo.profile_num 0
09-27 15:15:29.020   969  1060 D Diag_Lib: [IMS_DEBUG]| 912 | 1060 |qpDataD_ipc_get_handle : pProfileInfo->pdpInfo.apn_name 
09-27 15:15:29.020   969  1060 D Diag_Lib: [IMS_DEBUG]| 928 | 1060 |qpDataD_ipc_get_handle : Bytes Written 129
09-27 15:15:29.027   969  1060 D Diag_Lib: [IMS_DEBUG]| 823 | 1060 |datad_select_fd : Enter : fd 13
09-27 15:15:29.027   969  1060 D Diag_Lib: [IMS_DEBUG]| 168 | 1060 |clientThreadHandler_ipc : client thread created
09-27 15:15:29.027   969  1060 D Diag_Lib: [IMS_DEBUG]| 182 | 1060 |clientThreadHandler_ipc : waiting to read
09-27 15:15:29.031   773   773 D ICU     : No timezone override file found: /data/misc/zoneinfo/current/icu/icu_tzdata.dat
09-27 15:15:29.034   881   881 E mm-camera: <SENSOR><ERROR> 290: sensor_load_library: [WENDELL]sensor_open_lib_dc failed
09-27 15:15:29.035   812   812 D ICU     : No timezone override file found: /data/misc/zoneinfo/current/icu/icu_tzdata.dat
09-27 15:15:29.041   947   947 E QMI_FW  : QMUXD: WARNING qmi_qmux_if_pwr_up_init failed! rc=-6
09-27 15:15:28.975   969   969 W ims_rtp_daemon: type=1400 audit(0.0:17): avc: denied { net_raw } for capability=13 scontext=u:r:ims:s0 tcontext=u:r:ims:s0 tclass=capability permissive=0
09-27 15:15:29.088   773   773 W art     : Before Android 4.1, method double java.util.concurrent.ThreadLocalRandom.internalNextDouble(double, double) would have incorrectly overridden the package-private method in java.util.Random
09-27 15:15:29.088   773   773 W art     : Before Android 4.1, method int java.util.concurrent.ThreadLocalRandom.internalNextInt(int, int) would have incorrectly overridden the package-private method in java.util.Random
09-27 15:15:29.088   773   773 W art     : Before Android 4.1, method long java.util.concurrent.ThreadLocalRandom.internalNextLong(long, long) would have incorrectly overridden the package-private method in java.util.Random
09-27 15:15:29.108   812   812 W art     : Before Android 4.1, method double java.util.concurrent.ThreadLocalRandom.internalNextDouble(double, double) would have incorrectly overridden the package-private method in java.util.Random
09-27 15:15:29.108   812   812 W art     : Before Android 4.1, method int java.util.concurrent.ThreadLocalRandom.internalNextInt(int, int) would have incorrectly overridden the package-private method in java.util.Random
09-27 15:15:29.108   812   812 W art     : Before Android 4.1, method long java.util.concurrent.ThreadLocalRandom.internalNextLong(long, long) would have incorrectly overridden the package-private method in java.util.Random
09-27 15:15:29.145   881   881 D         : s5k3p8_open_lib  not cts mode sensor_open_lib 
09-27 15:15:29.145   881   881 E mm-camera: <SENSOR><ERROR> 290: sensor_load_library: [WENDELL]sensor_open_lib_dc failed
09-27 15:15:29.189   958  1091 V libsettings: [443]> QcSettingsD::ProtoSource::ProtoSource(const std::string &, bool): tag: /dev/socket/settingsd
09-27 15:15:29.189   958  1091 D libsettings: [443]Main Loop created
09-27 15:15:29.190   958  1091 D libsettings: [443]current main loop set: true
09-27 15:15:29.190   958  1091 D help_/dev/socket/settingsd: Command help_/dev/socket/settingsd
09-27 15:15:29.190   958  1091 V libsettings: [443]> static void QcSettingsD::CommandRegistry::registerCommand(const std::string &, const std::shared_ptr<Command> &): help_/dev/socket/settingsd
09-27 15:15:29.190   958  1091 V libsettings: [443]> static std::shared_ptr<CommandRegistry> QcSettingsD::CommandRegistry::getRegistry(const std::string &): default
09-27 15:15:29.190   958  1091 V libsettings: [443]< static std::shared_ptr<CommandRegistry> QcSettingsD::CommandRegistry::getRegistry(const std::string &): 
09-27 15:15:29.190   958  1091 V libsettings: [443]> void QcSettingsD::CommandRegistry::doRegisterCommand(const std::string &, const std::shared_ptr<Command> &): (default) help_/dev/socket/settingsd
09-27 15:15:29.190   958  1091 V libsettings: [443]< void QcSettingsD::CommandRegistry::doRegisterCommand(const std::string &, const std::shared_ptr<Command> &): 
09-27 15:15:29.190   958  1091 V libsettings: [443]< static void QcSettingsD::CommandRegistry::registerCommand(const std::string &, const std::shared_ptr<Command> &): 
09-27 15:15:29.190   958  1091 V libsettings: [443]> static std::shared_ptr<CommandRegistry> QcSettingsD::CommandRegistry::getRegistry(const std::string &): default
09-27 15:15:29.190   958  1091 V libsettings: [443]< static std::shared_ptr<CommandRegistry> QcSettingsD::CommandRegistry::getRegistry(const std::string &): 
09-27 15:15:29.190   958  1091 V libsettings: [443]> bool QcSettingsD::Command::enqueue(const QcSettingsD::CommandParameters &, QcSettingsD::CommandResults &, const callback_t &): 
09-27 15:15:29.190   958  1091 D libsettings: [443]enqueueing command
09-27 15:15:29.190   958  1091 D CommandEvent: 
09-27 15:15:29.190   958  1091 V libsettings: [443]> void QcSettingsD::MainLoop::localQueueEvent(std::shared_ptr<Event> &): 
09-27 15:15:29.190   958  1091 V libsettings: [443]< void QcSettingsD::MainLoop::localQueueEvent(std::shared_ptr<Event> &): 
09-27 15:15:29.190   958  1091 V libsettings: [443]< bool QcSettingsD::Command::enqueue(const QcSettingsD::CommandParameters &, QcSettingsD::CommandResults &, const callback_t &): ret: 1
09-27 15:15:29.190   958  1091 V libsettings: [443]< QcSettingsD::ProtoSource::ProtoSource(const std::string &, bool): 
09-27 15:15:29.190   958  1091 D /dev/socket/settingsd: QcSettingsD::ClientSocket<QcSettingsD::ProtoSource>::ClientSocket(const std::string &, const std::string &, int, int, int) [T = QcSettingsD::ProtoSource] ( /dev/socket/settingsd, /dev/socket/settingsd, 1, 1, 0)
09-27 15:15:29.191   958  1091 D /dev/socket/settingsd: int QcSettingsD::ClientSocket<QcSettingsD::ProtoSource>::connect() [T = QcSettingsD::ProtoSource]: ret: -1. fd: 36. errno: 2
09-27 15:15:29.191   958  1091 E /dev/socket/settingsd: int QcSettingsD::ClientSocket<QcSettingsD::ProtoSource>::connect() [T = QcSettingsD::ProtoSource]: connect: No such file or directory(2)
09-27 15:15:29.191   958  1091 D /dev/socket/settingsd: Closing fd 36
09-27 15:15:29.191   958  1091 V libsettings: [443]> virtual QcSettingsD::ProtoSource::~ProtoSource(): tag: /dev/socket/settingsd
09-27 15:15:29.191   958  1091 D libsettings: [443]De-registering command help_/dev/socket/settingsd
09-27 15:15:29.191   958  1091 V libsettings: [443]> static void QcSettingsD::CommandRegistry::deRegisterCommand(const std::string &): help_/dev/socket/settingsd
09-27 15:15:29.191   958  1091 V libsettings: [443]> static std::shared_ptr<CommandRegistry> QcSettingsD::CommandRegistry::getRegistry(const std::string &): default
09-27 15:15:29.191   958  1091 V libsettings: [443]< static std::shared_ptr<CommandRegistry> QcSettingsD::CommandRegistry::getRegistry(const std::string &): 
09-27 15:15:29.191   958  1091 V libsettings: [443]> void QcSettingsD::CommandRegistry::doDeRegisterCommand(const std::string &): default(help_/dev/socket/settingsd)
09-27 15:15:29.191   958  1091 V libsettings: [443]< void QcSettingsD::CommandRegistry::doDeRegisterCommand(const std::string &): 
09-27 15:15:29.191   958  1091 V libsettings: [443]< static void QcSettingsD::CommandRegistry::deRegisterCommand(const std::string &): 
09-27 15:15:29.191   958  1091 V libsettings: [443]< virtual QcSettingsD::ProtoSource::~ProtoSource(): 
09-27 15:15:29.191   958   993 D PerMgrLib: QCRIL voting for modem
09-27 15:15:29.192   574   611 D PerMgrSrv: QCRIL voting for modem
09-27 15:15:29.192   574   611 D PerMgrSrv: modem num voters is 2
09-27 15:15:29.193   775   775 E audio_route: Control 'HPHL Volume' doesn't exist - skipping
09-27 15:15:29.194   775   775 E audio_route: Control 'HPHR Volume' doesn't exist - skipping
09-27 15:15:29.194   775   775 E audio_route: Control 'RX2 MIX2 INP2' doesn't exist - skipping
09-27 15:15:29.194   775   775 E audio_route: Control 'RX1 MIX2 INP2' doesn't exist - skipping
09-27 15:15:29.195   775   775 E audio_route: Control 'SpkrMono WSA_RDAC' doesn't exist - skipping
09-27 15:15:29.195   775   775 E audio_route: Control 'SpkrMono BOOST Switch' doesn't exist - skipping
09-27 15:15:29.195   775   775 E audio_route: Control 'SpkrMono VISENSE Switch' doesn't exist - skipping
09-27 15:15:29.195   958   993 E QMI_FW  : QMUXD: WARNING qmi_qmux_if_pwr_up_init failed! rc=-6
09-27 15:15:29.195   775   775 E audio_route: Control 'PRI_MI2S_RX Port Mixer INT_BT_SCO_TX' doesn't exist - skipping
09-27 15:15:29.196   775   775 E audio_route: Control 'INTERNAL_BT_SCO_RX Audio Mixer Multimedia6' doesn't exist - skipping
09-27 15:15:29.197   775   775 E audio_route: Control 'MI2S_DL_HL Switch' doesn't exist - skipping
09-27 15:15:29.197   775   775 E audio_route: Control 'MI2S_DL_HL Switch' doesn't exist - skipping
09-27 15:15:29.197   775   775 E audio_route: unknown enum value string 16000 for ctl Internal BTSCO SampleRate
