09-27 14:53:52.632  1774  1774 W WindowManager:  SLCODE computeScreenConfigurationLocked, the hard device name is: msm8953-snd-card-mtp Button Jack
09-27 14:53:52.632  1774  1774 W WindowManager:  SLCODE computeScreenConfigurationLocked, the hard device name is: msm8953-snd-card-mtp Headset Jack
09-27 14:53:52.632  1774  1774 W WindowManager:  SLCODE computeScreenConfigurationLocked, the hard device name is: hbtp_vm
09-27 14:53:52.633  1774  1774 W WindowManager:  SLCODE computeScreenConfigurationLocked, the hard device name is: qpnp_pon
09-27 14:53:52.633  1774  1774 W WindowManager:  SLCODE computeScreenConfigurationLocked, the hard device name is: gpio-keys
09-27 14:53:52.633  1774  1774 W WindowManager:  SLCODE computeScreenConfigurationLocked, the hard device name is: ft5435_ts
09-27 14:53:52.634  1774  1774 I SystemServiceManager: Starting com.android.server.MountService$Lifecycle
09-27 14:53:52.644  1774  1774 I SystemServiceManager: Starting com.android.server.UiModeManagerService
09-27 14:53:52.644  1774  1887 D MountService: Thinking about init, mSystemReady=false, mDaemonConnected=true
09-27 14:53:52.644  1774  1887 D MountService: Thinking about reset, mSystemReady=false, mDaemonConnected=true
09-27 14:53:52.644  1774  1887 D MountService: Thinking about init, mSystemReady=false, mDaemonConnected=true
09-27 14:53:52.644  1774  1887 D MountService: Thinking about reset, mSystemReady=false, mDaemonConnected=true
09-27 14:53:52.645  1774  1887 D CryptdConnector: SND -> {1 cryptfs getfield SystemLocale}
09-27 14:53:52.646  1774  1774 I ActivityManager: Config changes=200 {1.0 ?mcc?mnc [en_IN] ldltr sw360dp w360dp h568dp 480dpi nrml port finger -keyb/v/h -nav/h s.4}
09-27 14:53:52.649  1774  1889 D CryptdConnector: RCV <- {113 1 en-IN}
09-27 14:53:52.652  1774  1889 D CryptdConnector: RCV <- {200 1 0}
09-27 14:53:52.652  1774  1774 W WindowManager:  SLCODE computeScreenConfigurationLocked, the hard device name is: msm8953-snd-card-mtp Button Jack
09-27 14:53:52.652  1774  1774 W WindowManager:  SLCODE computeScreenConfigurationLocked, the hard device name is: msm8953-snd-card-mtp Headset Jack
09-27 14:53:52.652  1774  1774 W WindowManager:  SLCODE computeScreenConfigurationLocked, the hard device name is: hbtp_vm
09-27 14:53:52.652  1774  1774 W WindowManager:  SLCODE computeScreenConfigurationLocked, the hard device name is: qpnp_pon
09-27 14:53:52.653  1774  1774 W WindowManager:  SLCODE computeScreenConfigurationLocked, the hard device name is: gpio-keys
09-27 14:53:52.653  1774  1774 W WindowManager:  SLCODE computeScreenConfigurationLocked, the hard device name is: ft5435_ts
09-27 14:53:52.654  1774  1887 D MountService: Got locale en-IN from mount service
09-27 14:53:52.657  1774  1887 D MountService: Setting system properties to en-IN from mount service
09-27 14:53:52.659  1774  1774 W PackageManager: No disk maintenance in 1506057511658; running immediately
09-27 14:53:52.659  1774  1774 I SystemServer: StartLockSettingsService
09-27 14:53:52.659  1774  1774 I SystemServiceManager: Starting com.android.server.LockSettingsService$Lifecycle
09-27 14:53:52.665  1774  1887 W MountService: No primary storage mounted!
09-27 14:53:52.666  1774  1887 D VoldConnector: SND -> {1 asec list}
09-27 14:53:52.669  1774  1888 D VoldConnector: RCV <- {200 1 asec operation succeeded}
09-27 14:53:52.677  1774  1887 W PackageManager: Not granting permission android.permission.MANAGE_DOCUMENTS to package com.google.android.youtube (protectionLevel=2 flags=0x385bbe45)
09-27 14:53:52.678  1774  1887 W PackageManager: Unknown permission com.sec.android.provider.badge.permission.READ in package com.google.android.youtube
09-27 14:53:52.678  1774  1887 W PackageManager: Unknown permission com.sec.android.provider.badge.permission.WRITE in package com.google.android.youtube
09-27 14:53:52.678  1774  1887 W PackageManager: Unknown permission com.htc.launcher.permission.READ_SETTINGS in package com.google.android.youtube
09-27 14:53:52.679  1774  1887 W PackageManager: Unknown permission com.htc.launcher.permission.UPDATE_SHORTCUT in package com.google.android.youtube
09-27 14:53:52.679  1774  1887 W PackageManager: Unknown permission com.sonyericsson.home.permission.BROADCAST_BADGE in package com.google.android.youtube
09-27 14:53:52.679  1774  1887 W PackageManager: Unknown permission com.sonymobile.home.permission.PROVIDER_INSERT_BADGE in package com.google.android.youtube
09-27 14:53:52.680  1774  1887 W PackageManager: Unknown permission android.permission.ACCESS_ALL_EXTERNAL_STORAGE in package com.huaqin.runtime
09-27 14:53:52.683  1774  1887 W PackageManager: Unknown permission com.google.android.launcher.permission.CONTENT_REDIRECT in package com.google.android.googlequicksearchbox
09-27 14:53:52.683  1774  1887 W PackageManager: Unknown permission com.google.android.voicesearch.SHORTCUTS_ACCESS in package com.google.android.googlequicksearchbox
09-27 14:53:52.683  1774  1887 W PackageManager: Unknown permission com.google.android.voicesearch.ACCESS_SETTINGS in package com.google.android.googlequicksearchbox
09-27 14:53:52.684  1774  1887 W PackageManager: Unknown permission com.android.browser.permission.PRELOAD in package com.google.android.googlequicksearchbox
09-27 14:53:52.684  1774  1887 W PackageManager: Unknown permission com.google.android.ears.permission.WRITE in package com.google.android.googlequicksearchbox
09-27 14:53:52.684  1774  1774 I SystemServiceManager: Starting com.android.server.PersistentDataBlockService
09-27 14:53:52.685  1774  1887 W PackageManager: Unknown permission com.google.googlenav.friend.permission.OPT_IN in package com.google.android.googlequicksearchbox
09-27 14:53:52.687  1774  1887 W PackageManager: Unknown permission com.google.android.apps.googlevoice.permission.AUTO_SEND in package com.google.android.googlequicksearchbox
09-27 14:53:52.687  1774  1887 W PackageManager: Unknown permission com.google.android.hangouts.START_HANGOUT in package com.google.android.googlequicksearchbox
09-27 14:53:52.688  1774  1887 W PackageManager: Unknown permission com.android.chrome.PRERENDER_URL in package com.google.android.googlequicksearchbox
09-27 14:53:52.689  1774  1887 W PackageManager: Not granting permission com.google.android.googleapps.permission.GOOGLE_AUTH to package com.android.providers.calendar (protectionLevel=2 flags=0x30083e45)
09-27 14:53:52.689  1774  1887 W PackageManager: Not granting permission com.google.android.googleapps.permission.GOOGLE_AUTH.cl to package com.android.providers.calendar (protectionLevel=2 flags=0x30083e45)
09-27 14:53:52.693  1774  1887 W PackageManager: Unknown permission com.android.nfc.permission.NFCEE_ADMIN in package org.simalliance.openmobileapi.service
09-27 14:53:52.693  1774  1887 W PackageManager: Unknown permission org.simalliance.openmobileapi.permission.SIM_STATE_CHANGED in package org.simalliance.openmobileapi.service
09-27 14:53:52.698  1774  1887 W PackageManager: Unknown permission com.google.android.ims.providers.ACCESS_DATA in package com.google.android.apps.messaging
09-27 14:53:52.698  1774  1887 W PackageManager: Unknown permission com.google.android.ims.LOG_ACCESS in package com.google.android.apps.messaging
09-27 14:53:52.698  1774  1887 W PackageManager: Unknown permission com.sec.android.provider.badge.permission.READ in package com.google.android.apps.messaging
09-27 14:53:52.698  1774  1887 W PackageManager: Unknown permission com.sec.android.provider.badge.permission.WRITE in package com.google.android.apps.messaging
09-27 14:53:52.699  1774  1887 W PackageManager: Unknown permission com.htc.launcher.permission.READ_SETTINGS in package com.google.android.apps.messaging
09-27 14:53:52.699  1774  1887 W PackageManager: Unknown permission com.htc.launcher.permission.UPDATE_SHORTCUT in package com.google.android.apps.messaging
09-27 14:53:52.699  1774  1887 W PackageManager: Unknown permission com.sonyericsson.home.permission.BROADCAST_BADGE in package com.google.android.apps.messaging
09-27 14:53:52.699  1774  1887 W PackageManager: Unknown permission com.sonymobile.home.permission.PROVIDER_INSERT_BADGE in package com.google.android.apps.messaging
09-27 14:53:52.699  1774  1887 W PackageManager: Unknown permission com.anddoes.launcher.permission.UPDATE_COUNT in package com.google.android.apps.messaging
09-27 14:53:52.700  1774  1887 W PackageManager: Unknown permission com.majeur.launcher.permission.UPDATE_BADGE in package com.google.android.apps.messaging
09-27 14:53:52.700  1774  1887 W PackageManager: Unknown permission com.huawei.android.launcher.permission.CHANGE_BADGE in package com.google.android.apps.messaging
09-27 14:53:52.700  1774  1887 W PackageManager: Unknown permission com.huawei.android.launcher.permission.READ_SETTINGS in package com.google.android.apps.messaging
09-27 14:53:52.700  1774  1887 W PackageManager: Unknown permission com.huawei.android.launcher.permission.WRITE_SETTINGS in package com.google.android.apps.messaging
09-27 14:53:52.700  1774  1887 W PackageManager: Unknown permission android.permission.READ_APP_BADGE in package com.google.android.apps.messaging
09-27 14:53:52.701  1774  1887 W PackageManager: Unknown permission com.oppo.launcher.permission.READ_SETTINGS in package com.google.android.apps.messaging
09-27 14:53:52.701  1774  1887 W PackageManager: Unknown permission com.oppo.launcher.permission.WRITE_SETTINGS in package com.google.android.apps.messaging
09-27 14:53:52.703  1774  1887 W PackageManager: Unknown permission com.android.launcher.permission.READ_SETTINGS in package in.amazon.mShop.android.shopping
09-27 14:53:52.703  1774  1887 W PackageManager: Unknown permission amazon.permission.COLLECT_METRICS in package in.amazon.mShop.android.shopping
09-27 14:53:52.704  1774  1887 W PackageManager: Unknown permission com.amazon.dcp.metrics.permission.METRICS_PERMISSION in package in.amazon.mShop.android.shopping
09-27 14:53:52.704  1774  1887 W PackageManager: Unknown permission com.amazon.dcp.config.permission.DYN_CONFIG_VALUES_UPDATED in package in.amazon.mShop.android.shopping
09-27 14:53:52.705  1774  1887 W PackageManager: Unknown permission com.amazon.identity.permission.GENERIC_IPC in package in.amazon.mShop.android.shopping
09-27 14:53:52.705  1774  1887 W PackageManager: Unknown permission com.amazon.dcp.sso.permission.USE_DEVICE_CREDENTIALS in package in.amazon.mShop.android.shopping
09-27 14:53:52.705  1774  1887 W PackageManager: Unknown permission com.amazon.dcp.sso.permission.MANAGE_COR_PFM in package in.amazon.mShop.android.shopping
09-27 14:53:52.705  1774  1887 W PackageManager: Unknown permission com.amazon.dcp.sso.permission.CUSTOMER_ATTRIBUTE_SERVICE in package in.amazon.mShop.android.shopping
09-27 14:53:52.706  1774  1887 W PackageManager: Unknown permission android.permission.RECIEVE_SMS in package in.amazon.mShop.android.shopping
09-27 14:53:52.708  1774  1887 W PackageManager: Not granting permission android.permission.SEND_DOWNLOAD_COMPLETED_INTENTS to package com.android.vending (protectionLevel=2 flags=0x384abe45)
09-27 14:53:52.710  1774  1887 W PackageManager: Not granting permission android.permission.SET_PREFERRED_APPLICATIONS to package com.android.vending (protectionLevel=2 flags=0x384abe45)
09-27 14:53:52.711  1774  1887 W PackageManager: Unknown permission android.permission.ACCESS_INSTANT_APPS in package com.android.vending
09-27 14:53:52.711  1774  1887 W PackageManager: Unknown permission android.permission.ALLOCATE_AGGRESSIVE in package com.android.vending
09-27 14:53:52.711  1774  1887 W PackageManager: Unknown permission com.sec.android.provider.badge.permission.READ in package com.android.vending
09-27 14:53:52.712  1774  1887 W PackageManager: Unknown permission com.sec.android.provider.badge.permission.WRITE in package com.android.vending
09-27 14:53:52.712  1774  1887 W PackageManager: Unknown permission com.htc.launcher.permission.READ_SETTINGS in package com.android.vending
09-27 14:53:52.712  1774  1887 W PackageManager: Unknown permission com.htc.launcher.permission.UPDATE_SHORTCUT in package com.android.vending
09-27 14:53:52.712  1774  1887 W PackageManager: Unknown permission com.sonyericsson.home.permission.BROADCAST_BADGE in package com.android.vending
09-27 14:53:52.713  1774  1887 W PackageManager: Unknown permission com.sonymobile.home.permission.PROVIDER_INSERT_BADGE in package com.android.vending
09-27 14:53:52.713  1774  1887 W PackageManager: Unknown permission com.anddoes.launcher.permission.UPDATE_COUNT in package com.android.vending
09-27 14:53:52.713  1774  1887 W PackageManager: Unknown permission com.majeur.launcher.permission.UPDATE_BADGE in package com.android.vending
09-27 14:53:52.713  1774  1887 W PackageManager: Unknown permission com.huawei.android.launcher.permission.CHANGE_BADGE in package com.android.vending
09-27 14:53:52.713  1774  1887 W PackageManager: Unknown permission com.huawei.android.launcher.permission.READ_SETTINGS in package com.android.vending
09-27 14:53:52.714  1774  1887 W PackageManager: Unknown permission com.huawei.android.launcher.permission.WRITE_SETTINGS in package com.android.vending
09-27 14:53:52.714  1774  1887 W PackageManager: Unknown permission android.permission.READ_APP_BADGE in package com.android.vending
09-27 14:53:52.714  1774  1887 W PackageManager: Unknown permission com.oppo.launcher.permission.READ_SETTINGS in package com.android.vending
09-27 14:53:52.714  1774  1887 W PackageManager: Unknown permission com.oppo.launcher.permission.WRITE_SETTINGS in package com.android.vending
09-27 14:53:52.717  1774  1887 W PackageManager: Unknown permission android.permission.MMS_PUSH in package org.codeaurora.bluetooth
09-27 14:53:52.718  1774  1887 W PackageManager: Unknown permission com.amazon.dcp.metrics.permission.METRICS_PERMISSION in package com.amazon.widgets
09-27 14:53:52.718  1774  1887 W PackageManager: Unknown permission com.amazon.dcp.config.permission.DYN_CONFIG_VALUES_UPDATED in package com.amazon.widgets
09-27 14:53:52.718  1774  1887 W PackageManager: Unknown permission com.amazon.identity.permission.GENERIC_IPC in package com.amazon.widgets
09-27 14:53:52.719  1774  1887 W PackageManager: Unknown permission com.amazon.dcp.sso.permission.USE_DEVICE_CREDENTIALS in package com.amazon.widgets
09-27 14:53:52.719  1774  1887 W PackageManager: Unknown permission com.amazon.dcp.sso.permission.MANAGE_COR_PFM in package com.amazon.widgets
09-27 14:53:52.719  1774  1887 W PackageManager: Unknown permission com.amazon.dcp.sso.permission.CUSTOMER_ATTRIBUTE_SERVICE in package com.amazon.widgets
09-27 14:53:52.719  1774  1887 W PackageManager: Unknown permission amazon.permission.COLLECT_METRICS in package com.amazon.widgets
09-27 14:53:52.722  1774  1887 W PackageManager: Unknown permission com.qualcomm.qti.internal.permission.ACCESS_ENRICHED_CALL in package com.android.contacts
09-27 14:53:52.725  1774  1887 W PackageManager: Unknown permission com.android.launcher.permission.READ_SETTINGS in package com.android.launcher3
09-27 14:53:52.725  1774  1887 W PackageManager: Unknown permission com.android.launcher.permission.WRITE_SETTINGS in package com.android.launcher3
09-27 14:53:52.730  1774  1887 W PackageManager: Unknown permission com.google.android.email.permission.ACCESS_PROVIDER in package com.google.android.gm
09-27 14:53:52.730  1774  1887 W PackageManager: Unknown permission com.google.android.gm.exchange.BIND in package com.google.android.gm
09-27 14:53:52.730  1774  1887 W PackageManager: Unknown permission com.android.email.partnerprovider.PARTNER_PROVIDER in package com.google.android.gm
09-27 14:53:52.736  1774  1887 W PackageManager: Unknown permission com.samsung.android.providers.context.permission.WRITE_USE_APP_FEATURE_SURVEY in package com.google.android.music
09-27 14:53:52.737  1774  1887 W PackageManager: Unknown permission com.amazon.dcp.sso.permission.MANAGE_COR_PFM in package com.amazon.firstrun.in
09-27 14:53:52.737  1774  1887 W PackageManager: Unknown permission amazon.permission.COLLECT_METRICS in package com.amazon.firstrun.in
09-27 14:53:52.738  1774  1887 W PackageManager: Unknown permission com.amazon.dcp.metrics.permission.METRICS_PERMISSION in package com.amazon.firstrun.in
09-27 14:53:52.738  1774  1887 W PackageManager: Unknown permission com.amazon.dcp.config.permission.DYN_CONFIG_VALUES_UPDATED in package com.amazon.firstrun.in
09-27 14:53:52.739  1774  1887 W PackageManager: Unknown permission com.amazon.identity.permission.GENERIC_IPC in package com.amazon.firstrun.in
09-27 14:53:52.739  1774  1887 W PackageManager: Unknown permission com.amazon.dcp.sso.permission.USE_DEVICE_CREDENTIALS in package com.amazon.firstrun.in
09-27 14:53:52.739  1774  1887 W PackageManager: Unknown permission com.amazon.dcp.sso.permission.CUSTOMER_ATTRIBUTE_SERVICE in package com.amazon.firstrun.in
09-27 14:53:52.742  1774  1887 W PackageManager: Unknown permission android.permission.WRITE_SYNC_STATS in package com.google.android.apps.docs
09-27 14:53:52.746  1774  1887 W PackageManager: Unknown permission com.qualcomm.qti.internal.permission.ACCESS_ENRICHED_CALL in package com.android.server.telecom
09-27 14:53:52.747  1774  1887 W PackageManager: Not granting permission android.permission.INTERACT_ACROSS_USERS to package com.google.android.syncadapters.contacts (protectionLevel=50 flags=0x38083e45)
09-27 14:53:52.747  1774  1887 W PackageManager: Unknown permission com.google.android.syncadapters.contacts.permission.GAL_SEARCH in package com.google.android.syncadapters.contacts
09-27 14:53:52.749  1774  1887 W PackageManager: Unknown permission com.chrome.permission.DEVICE_EXTRAS in package com.android.chrome
09-27 14:53:52.749  1774  1887 W PackageManager: Unknown permission com.sec.enterprise.knox.MDM_CONTENT_PROVIDER in package com.android.chrome
09-27 14:53:52.752  1774  1887 W PackageManager: Unknown permission com.qualcomm.qti.internal.permission.ACCESS_ENRICHED_CALL in package com.android.dialer
09-27 14:53:52.754  1774  1887 W PackageManager: Unknown permission com.google.android.permission.INSTALL_WEARABLE_PACKAGES in package com.google.android.packageinstaller
09-27 14:53:52.756  1774  1887 W PackageManager: Unknown permission com.google.android.apps.enterprise.dmagent.permission.AutoSyncPermission in package com.google.android.gms
09-27 14:53:52.759  1774  1887 W PackageManager: Unknown permission com.google.android.hangouts.START_HANGOUT in package com.google.android.gms
09-27 14:53:52.760  1774  1887 W PackageManager: Unknown permission com.google.android.permission.ACCESSIBILITY_SCAN_SERVICE in package com.google.android.gms
09-27 14:53:52.761  1774  1887 W PackageManager: Unknown permission android.permission.PROVIDE_RESOLVER_RANKER_SERVICE in package com.google.android.gms
09-27 14:53:52.761  1774  1887 W PackageManager: Unknown permission com.google.android.wearable.READ_SETTINGS in package com.google.android.gms
09-27 14:53:52.767  1774  1887 W PackageManager: Unknown permission com.android.launcher.permission.PRELOAD_WORKSPACE in package com.google.android.partnersetup
09-27 14:53:52.768  1774  1887 W PackageManager: Not granting permission com.google.android.googleapps.permission.GOOGLE_AUTH to package com.google.android.videos (protectionLevel=2 flags=0x385bbe45)
09-27 14:53:52.770  1774  1887 W PackageManager: Not granting permission android.permission.WRITE_MEDIA_STORAGE to package com.google.android.apps.photos (protectionLevel=18 flags=0x3859be45)
09-27 14:53:52.772  1774  1887 W PackageManager: Unknown permission com.google.android.gm.exchange.BIND in package com.google.android.calendar
09-27 14:53:52.773  1774  1887 W PackageManager: Unknown permission com.google.android.gallery3d.permission.PICASA_STORE in package com.android.dreams.phototable
09-27 14:53:52.774  1774  1887 W PackageManager: Unknown permission com.samsung.permission.USE_MHDR_SERVICE in package com.amazon.avod.thirdpartyclient
09-27 14:53:52.775  1774  1887 W PackageManager: Unknown permission amazon.permission.COLLECT_METRICS in package com.amazon.avod.thirdpartyclient
09-27 14:53:52.775  1774  1887 W PackageManager: Unknown permission com.amazon.dcp.metrics.permission.METRICS_PERMISSION in package com.amazon.avod.thirdpartyclient
09-27 14:53:52.775  1774  1887 W PackageManager: Unknown permission com.amazon.dcp.config.permission.DYN_CONFIG_VALUES_UPDATED in package com.amazon.avod.thirdpartyclient
09-27 14:53:52.775  1774  1887 W PackageManager: Unknown permission com.amazon.identity.permission.GENERIC_IPC in package com.amazon.avod.thirdpartyclient
09-27 14:53:52.776  1774  1887 W PackageManager: Unknown permission com.amazon.dcp.sso.permission.USE_DEVICE_CREDENTIALS in package com.amazon.avod.thirdpartyclient
09-27 14:53:52.776  1774  1887 W PackageManager: Unknown permission com.amazon.dcp.sso.permission.MANAGE_COR_PFM in package com.amazon.avod.thirdpartyclient
09-27 14:53:52.776  1774  1887 W PackageManager: Unknown permission com.amazon.dcp.sso.permission.CUSTOMER_ATTRIBUTE_SERVICE in package com.amazon.avod.thirdpartyclient
09-27 14:53:52.777  1774  1887 W PackageManager: Not granting permission android.permission.INTERACT_ACROSS_USERS to package com.amazon.avod.thirdpartyclient (protectionLevel=50 flags=0x3818be45)
09-27 14:53:52.777  1774  1887 W PackageManager: Not granting permission android.permission.CONTROL_KEYGUARD to package com.google.android.gsf.login (protectionLevel=2 flags=0x3048be45)
09-27 14:53:52.779  1774  1887 W PackageManager: Unknown permission com.android.vending.billing.IBillingAccountService.BIND2 in package com.google.android.gsf.login
09-27 14:53:52.784  1774  1887 W PackageManager: Unknown permission com.android.launcher.permission.READ_SETTINGS in package com.android.settings
09-27 14:53:52.784  1774  1887 W PackageManager: Unknown permission com.android.launcher.permission.WRITE_SETTINGS in package com.android.settings
09-27 14:53:52.786  1774  1887 W PackageManager: Unknown permission com.qualcomm.permission.ACCESS_LOCATION_API in package com.qualcomm.location
09-27 14:53:52.800  1774  1887 W PackageManager: Not granting permission android.permission.INTERACT_ACROSS_USERS_FULL to package org.codeaurora.snapcam (protectionLevel=258 flags=0x3858bc45)
09-27 14:53:52.800  1774  1887 W PackageManager: Not granting permission android.permission.SET_ORIENTATION to package org.codeaurora.snapcam (protectionLevel=2 flags=0x3858bc45)
09-27 14:53:52.812  1774  1887 W PackageManager: Unknown permission android.permission.WRITE_OWNER_DATA in package com.android.huaqin.factory
09-27 14:53:52.813  1774  1887 W PackageManager: Unknown permission android.permission.ACCESS_MTK_MMHW in package com.android.huaqin.factory
09-27 14:53:52.816  1774  1887 W PackageManager: Unknown permission com.google.android.gallery3d.permission.GALLERY_PROVIDER in package com.android.bluetooth
09-27 14:53:52.820  1774  1887 W PackageManager: Unknown permission com.amazon.dcp.sso.permission.AMAZON_ACCOUNT_PROPERTY in package com.amazon.kindle
09-27 14:53:52.821  1774  1887 W PackageManager: Unknown permission android.permission.C2D_MESSAGE in package com.amazon.kindle
09-27 14:53:52.821  1774  1887 W PackageManager: Unknown permission com.samsung.android.providers.context.permission.WRITE_USE_APP_FEATURE_SURVEY in package com.amazon.kindle
09-27 14:53:52.821  1774  1887 W PackageManager: Unknown permission com.amazon.android.permission.ACCESS_DOWNLOAD_MANAGER_ADVANCED in package com.amazon.kindle
09-27 14:53:52.821  1774  1887 W PackageManager: Unknown permission com.amazon.android.permission.ACCESS_DOWNLOAD_MANAGER in package com.amazon.kindle
09-27 14:53:52.822  1774  1887 W PackageManager: Unknown permission com.amazon.android.permission.DOWNLOAD_WITHOUT_NOTIFICATION in package com.amazon.kindle
09-27 14:53:52.822  1774  1887 W PackageManager: Unknown permission com.amazon.dcp.metrics.permission.METRICS_PERMISSION in package com.amazon.kindle
09-27 14:53:52.822  1774  1887 W PackageManager: Unknown permission com.amazon.dcp.config.permission.DYN_CONFIG_VALUES_UPDATED in package com.amazon.kindle
09-27 14:53:52.822  1774  1887 W PackageManager: Unknown permission com.amazon.identity.permission.GENERIC_IPC in package com.amazon.kindle
09-27 14:53:52.823  1774  1887 W PackageManager: Unknown permission com.amazon.dcp.sso.permission.USE_DEVICE_CREDENTIALS in package com.amazon.kindle
09-27 14:53:52.823  1774  1887 W PackageManager: Unknown permission com.amazon.dcp.sso.permission.MANAGE_COR_PFM in package com.amazon.kindle
09-27 14:53:52.823  1774  1887 W PackageManager: Unknown permission com.amazon.dcp.sso.permission.CUSTOMER_ATTRIBUTE_SERVICE in package com.amazon.kindle
09-27 14:53:52.823  1774  1887 W PackageManager: Unknown permission amazon.permission.COLLECT_METRICS in package com.amazon.kindle
09-27 14:53:52.824  1774  1887 W PackageManager: Not granting permission android.permission.SEND_DOWNLOAD_COMPLETED_INTENTS to package com.amazon.kindle (protectionLevel=2 flags=0x38183e45)
09-27 14:53:52.824  1774  1887 W PackageManager: Not granting permission android.permission.ACCESS_DOWNLOAD_MANAGER to package com.amazon.kindle (protectionLevel=18 flags=0x38183e45)
09-27 14:53:52.824  1774  1887 W PackageManager: Unknown permission com.amazon.permission.FORCE_AUTH_ACCT in package com.amazon.kindle
09-27 14:53:52.825  1774  1887 W PackageManager: Not granting permission android.permission.INTERACT_ACROSS_USERS to package com.amazon.kindle (protectionLevel=50 flags=0x38183e45)
09-27 14:53:52.825  1774  1887 W PackageManager: Not granting permission android.permission.MANAGE_USERS to package com.amazon.kindle (protectionLevel=18 flags=0x38183e45)
09-27 14:53:52.825  1774  1887 W PackageManager: Unknown permission com.amazon.dcp.settings.permission.READ_SETTINGS in package com.amazon.kindle
09-27 14:53:52.826  1774  1887 W PackageManager: Unknown permission com.amazon.dcp.sso.permission.EXPIRE_ACCESS_TOKEN in package com.amazon.kindle
09-27 14:53:52.826  1774  1887 W PackageManager: Unknown permission com.amazon.kindle.cms.CMS_ACCESS in package com.amazon.kindle
09-27 14:53:52.826  1774  1887 W PackageManager: Unknown permission com.amazon.kindle.cms.CMS_CALLBACK_ACCESS in package com.amazon.kindle
09-27 14:53:52.826  1774  1887 W PackageManager: Unknown permission com.amazon.dcp.messaging.permission.HANDLE_DEVICE_MESSAGE in package com.amazon.kindle
09-27 14:53:52.827  1774  1887 W PackageManager: Unknown permission com.audible.hushpuppy.tablet.permission.COMPANION_MAPPING in package com.amazon.kindle
09-27 14:53:52.827  1774  1887 W PackageManager: Unknown permission com.amazon.kindle.otter.settings.RECEIVE_GOODREADS_UNLINK in package com.amazon.kindle
09-27 14:53:53.241  1774  1787 I UsageStatsService: User[0] Rollover scheduled @ 2017-09-28 11:41:54(1506570114738)
09-27 14:53:54.578  1774  1774 I SystemServiceManager: Starting com.android.server.DeviceIdleController
09-27 14:53:54.584  1774  1887 W MountService: No primary storage mounted!
09-27 14:53:54.584  1774  1887 D VoldConnector: SND -> {2 asec list}
09-27 14:53:54.586  1774  1774 I SystemServiceManager: Starting com.android.server.devicepolicy.DevicePolicyManagerService$Lifecycle
09-27 14:53:54.587  1774  1888 D VoldConnector: RCV <- {200 2 asec operation succeeded}
09-27 14:53:54.589  1774  1887 I MountService: Running fstrim idle maintenance
09-27 14:53:54.590  1774  1887 D VoldConnector: SND -> {3 fstrim dotrim}
09-27 14:53:54.593  1774  1888 D VoldConnector: RCV <- {200 3 Command succeeded}
09-27 14:53:54.594   444  1890 D vold    : Starting trim of /data
09-27 14:53:54.594  1774  1774 I SystemServer: StartStatusBarManagerService
09-27 14:53:54.597  1774  1774 I SystemServer: StartClipboardService
09-27 14:53:54.600  1774  1774 I SystemServer: StartNetworkManagementService
09-27 14:53:54.603  1774  1891 I NetworkManagement: onDaemonConnected()
09-27 14:53:54.607  1774  1774 I SystemServiceManager: Starting com.android.server.TextServicesManagerService$Lifecycle
09-27 14:53:54.611  1774  1774 W TextServicesManagerService: no available spell checker services found
09-27 14:53:54.612  1774  1774 I SystemServer: StartNetworkScoreService
09-27 14:53:54.614  1774  1774 I SystemServer: StartNetworkStatsService
09-27 14:53:54.622  1774  1774 I SystemServer: StartNetworkPolicyManagerService
09-27 14:53:54.627  1774  1774 I SystemServer: No Wi-Fi NAN Service (NAN support Not Present)
09-27 14:53:54.628  1774  1774 I SystemServiceManager: Starting com.android.server.wifi.p2p.WifiP2pService
09-27 14:53:54.680  1774  1774 I SystemServiceManager: Starting com.android.server.wifi.WifiService
09-27 14:53:54.977  1774  1774 I SystemServiceManager: Starting com.android.server.wifi.scanner.WifiScanningService
09-27 14:53:54.980  1774  1774 I SystemServiceManager: Starting com.android.server.wifi.RttService
09-27 14:53:54.982  1774  1774 I SystemServer: StartConnectivityService
09-27 14:53:55.007  1774  1774 D ConnectivityService: ConnectivityService starting up
09-27 14:53:55.013  1774  1774 D ConnectivityService: wifiOnly=false
09-27 14:53:55.015  1774  1774 E ConnectivityService: Ignoring protectedNetwork 14
09-27 14:53:55.046  1774  1774 I SystemServer: StartNsdService
09-27 14:53:55.051  1774  1774 I SystemServer: StartUpdateLockService
09-27 14:53:55.054  1774  1774 I SystemServiceManager: Starting com.android.server.RecoverySystemService
09-27 14:53:55.056  1774  1774 I SystemServiceManager: Starting com.android.server.notification.NotificationManagerService
09-27 14:53:55.076  1774  1774 D ConditionProviders.SCP: new ScheduleConditionProvider()
09-27 14:53:55.098  1774  1774 D ZenLog  : config: readXml,ZenModeConfig[user=0,allowCalls=true,allowRepeatCallers=false,allowMessages=false,allowCallsFrom=contacts,allowMessagesFrom=contacts,allowReminders=true,allowEvents=true,allowWhenScreenOff=true,allowWhenScreenOn=true,automaticRules={82fd6015e7e1455583e84a806baf9798=ZenRule[enabled=false,snoozing=false,name=Event,zenMode=ZEN_MODE_ALARMS,conditionId=condition://android/event?userId=-10000&calendar=&reply=1,condition=Condition[id=condition://android/event?userId=-10000&calendar=&reply=1,summary=...,line1=...,line2=...,icon=0,state=STATE_FALSE,flags=2],component=ComponentInfo{android/com.android.server.notification.EventConditionProvider},id=82fd6015e7e1455583e84a806baf9798,creationTime=437721937,enabler=null], c78a06a7c6be48809398f97323063616=ZenRule[enabled=false,snoozing=false,name=Weekend,zenMode=ZEN_MODE_ALARMS,conditionId=condition://android/schedule?days=6.7&start=23.30&end=10.0&exitAtAlarm=false,condition=Condition[id=condition://android/schedule?days=6.7&start=23.30&end=10.0&exitAtAlarm=false,summary=...,line1=...,line2=...,icon=0,state=STATE_FALSE,flags=2],component=ComponentInfo{android/com.android.server.notification.ScheduleConditionProvider},id=c78a06a7c6be48809398f97323063616,creationTime=437721936,enabler=null], ff1dfaf3f16449d9ba35ff104149defb=ZenRule[enabled=false,snoozing=false,name=Weeknight,zenMode=ZEN_MODE_ALARMS,conditionId=condition://android/schedule?days=1.2.3.4.5&start=22.0&end=7.0&exitAtAlarm=false,condition=Condition[id=condition://android/schedule?days=1.2.3.4.5&start=22.0&end=7.0&exitAtAlarm=false,summary=...,line1=...,line2=...,icon=0,state=STATE_FALSE,flags=2],component=ComponentInfo{android/com.android.server.notification.ScheduleConditionProvider},id=ff1dfaf3f16449d9ba35ff104149defb,creationTime=437721935,enabler=null]},manualRule=null],Diff[automaticRule[45bb94a871264a6a9b153f8609f81cdb]:delete,automaticRule[82fd6015e7e1455583e84a806baf9798]:insert,automaticRule[c78a06a7c6be48809398f97323063616]:insert,automaticRule[ff1dfaf3f16449d9ba35ff104149defb]:insert,automaticRule[af6f771647684ad198a839e3f9494b3b]:delete,automaticRule[ce3d94ff34624b1d8a1af1d2b7290960]:delete]
09-27 14:53:55.304  1774  1774 D ZenLog  : set_zen_mode: off,init
09-27 14:53:55.311  1774  1774 I SystemServiceManager: Starting com.android.server.storage.DeviceStorageMonitorService
09-27 14:53:55.315  1774  1774 I SystemServer: StartLocationManagerService
09-27 14:53:55.318  1774  1774 I SystemServer: StartCountryDetectorService
09-27 14:53:55.319  1774  1774 I SystemServer: StartSearchManagerService
09-27 14:53:55.319  1774  1774 I SystemServiceManager: Starting com.android.server.search.SearchManagerService$Lifecycle
09-27 14:53:55.324  1774  1774 I SystemServiceManager: Starting com.android.server.DropBoxManagerService
09-27 14:53:55.327  1774  1774 I SystemServer: StartWallpaperManagerService
09-27 14:53:55.327  1774  1774 I SystemServiceManager: Starting com.android.server.wallpaper.WallpaperManagerService$Lifecycle
09-27 14:53:55.332  1774  1774 E WallpaperManagerService: Invalid wallpaper data
09-27 14:53:55.332  1774  1774 E WallpaperManagerService: Unable to apply new wallpaper
09-27 14:53:55.339  1774  1774 I SystemServer: StartAudioService
09-27 14:53:55.339  1774  1774 I SystemServiceManager: Starting com.android.server.audio.AudioService$Lifecycle
09-27 14:53:55.447  1774  1774 I SystemServiceManager: Starting com.android.server.DockObserver
09-27 14:53:55.448  1774  1774 W DockObserver: This kernel does not have dock station support
09-27 14:53:55.450  1774  1774 I SystemServer: StartWiredAccessoryManager
09-27 14:53:55.452  1774  1774 W WiredAccessoryManager: This kernel does not have usb audio support
09-27 14:53:55.452  1774  1774 W WiredAccessoryManager: This kernel does not have HDMI audio support
09-27 14:53:55.453  1774  1774 I SystemServiceManager: Starting com.android.server.midi.MidiService$Lifecycle
09-27 14:53:55.456  1774  1774 I SystemServiceManager: Starting com.android.server.usb.UsbService$Lifecycle
09-27 14:53:55.463  1774  1774 I UsbDeviceManager: UsbHandler persisted: diag,serial_smd,rmnet_ipa,adb  usbDataUnlocked: false
09-27 14:53:55.472  1774  1774 I SystemServer: StartSerialService
09-27 14:53:55.476  1774  1774 I SystemServiceManager: Starting com.android.server.twilight.TwilightService
09-27 14:53:55.477  1774  1774 I SystemServiceManager: Starting com.android.server.job.JobSchedulerService
09-27 14:53:55.483  1774  1774 D JobStore: Start tag: job-info
09-27 14:53:55.496  1774  1774 I SystemServiceManager: Starting com.android.server.soundtrigger.SoundTriggerService
09-27 14:53:55.498  1774  1774 I SystemServiceManager: Starting com.android.server.backup.BackupManagerService$Lifecycle
09-27 14:53:55.501  1774  1774 I SystemServiceManager: Starting com.android.server.appwidget.AppWidgetService
09-27 14:53:55.513  1774  1774 I SystemServiceManager: Starting com.android.server.voiceinteraction.VoiceInteractionManagerService
09-27 14:53:55.517  1774  1774 I SystemServer: Gesture Launcher Service
09-27 14:53:55.517  1774  1774 I SystemServiceManager: Starting com.android.server.GestureLauncherService
09-27 14:53:55.517  1774  1774 I SystemServiceManager: Starting com.android.server.SensorNotificationService
09-27 14:53:55.518  1774  1774 I SystemServiceManager: Starting com.android.server.ContextHubSystemService
09-27 14:53:55.519  1774  1774 I SystemServer: StartDiskStatsService
09-27 14:53:55.522  1774  1774 I SystemServer: StartSamplingProfilerService
09-27 14:53:55.547  1774  1774 I SystemServer: StartNetworkTimeUpdateService
09-27 14:53:55.549  1774  1774 I SystemServer: StartCommonTimeManagementService
09-27 14:53:55.551  1774  1774 I SystemServer: CertBlacklister
09-27 14:53:55.553  1774  1774 I SystemServiceManager: Starting com.android.server.emergency.EmergencyAffordanceService
09-27 14:53:55.554  1774  1774 I SystemServiceManager: Starting com.android.server.dreams.DreamManagerService
09-27 14:53:55.557  1774  1774 I SystemServer: StartAssetAtlasService
09-27 14:53:55.572  1774  1774 I SystemServiceManager: Starting com.android.server.print.PrintManagerService
09-27 14:53:55.577  1774  1774 I SystemServiceManager: Starting com.android.server.restrictions.RestrictionsManagerService
09-27 14:53:55.580  1774  1774 I SystemServiceManager: Starting com.android.server.media.MediaSessionService
09-27 14:53:55.585  1774  1774 I SystemServer: StartMediaRouterService
09-27 14:53:55.588  1774  1774 I SystemServiceManager: Starting com.android.server.trust.TrustManagerService
09-27 14:53:55.590  1774  1774 I SystemServiceManager: Starting com.android.server.fingerprint.FingerprintService
09-27 14:53:55.628  1774  1774 W FingerprintService: Failed to open Fingerprint HAL!
09-27 14:53:55.629  1774  1774 V FingerprintService: Fingerprint HAL id: 0
09-27 14:53:55.631  1774  1774 I SystemServer: StartBackgroundDexOptService
09-27 14:53:55.633  1774  1774 I SystemServiceManager: Starting com.android.server.pm.ShortcutService$Lifecycle
09-27 14:53:55.639  1774  1774 I SystemServiceManager: Starting com.android.server.pm.LauncherAppsService
09-27 14:53:55.642  1774  1774 I SystemServiceManager: Starting com.android.server.media.projection.MediaProjectionManagerService
09-27 14:53:55.656  1774  1774 I SystemServiceManager: Starting com.android.server.MmsServiceBroker
09-27 14:53:55.665   444  1890 I vold    : Trimmed 23388246016 bytes on /data in 1070ms
09-27 14:53:55.666  1774  1888 D VoldConnector: RCV <- {662 /data 23388246016 1070930572}
09-27 14:53:55.700  1774  1774 E LockSettingsStorage: Cannot read file java.io.FileNotFoundException: /data/system/password.key: open failed: ENOENT (No such file or directory)
09-27 14:53:55.702  1774  1774 I SystemServiceManager: Starting phase 480
09-27 14:53:55.717  1774  1774 I DevicePolicyManagerService: Set ro.device_owner property to false
09-27 14:53:55.723  1774  1774 I SystemServiceManager: Starting phase 500
09-27 14:53:55.741  1774  1774 I WifiService: WifiService starting up with Wi-Fi enabled
09-27 14:53:55.745  1774  1774 D WifiService: setWifiEnabled: true pid=1774, uid=1000
09-27 14:53:55.772  1774  1774 D ZenLog  : config: cleanUpZenRules,ZenModeConfig[user=0,allowCalls=true,allowRepeatCallers=false,allowMessages=false,allowCallsFrom=contacts,allowMessagesFrom=contacts,allowReminders=true,allowEvents=true,allowWhenScreenOff=true,allowWhenScreenOn=true,automaticRules={82fd6015e7e1455583e84a806baf9798=ZenRule[enabled=false,snoozing=false,name=Event,zenMode=ZEN_MODE_ALARMS,conditionId=condition://android/event?userId=-10000&calendar=&reply=1,condition=Condition[id=condition://android/event?userId=-10000&calendar=&reply=1,summary=...,line1=...,line2=...,icon=0,state=STATE_FALSE,flags=2],component=ComponentInfo{android/com.android.server.notification.EventConditionProvider},id=82fd6015e7e1455583e84a806baf9798,creationTime=437721937,enabler=null], c78a06a7c6be48809398f97323063616=ZenRule[enabled=false,snoozing=false,name=Weekend,zenMode=ZEN_MODE_ALARMS,conditionId=condition://android/schedule?days=6.7&start=23.30&end=10.0&exitAtAlarm=false,condition=Condition[id=condition://android/schedule?days=6.7&start=23.30&end=10.0&exitAtAlarm=false,summary=...,line1=...,line2=...,icon=0,state=STATE_FALSE,flags=2],component=ComponentInfo{android/com.android.server.notification.ScheduleConditionProvider},id=c78a06a7c6be48809398f97323063616,creationTime=437721936,enabler=null], ff1dfaf3f16449d9ba35ff104149defb=ZenRule[enabled=false,snoozing=false,name=Weeknight,zenMode=ZEN_MODE_ALARMS,conditionId=condition://android/schedule?days=1.2.3.4.5&start=22.0&end=7.0&exitAtAlarm=false,condition=Condition[id=condition://android/schedule?days=1.2.3.4.5&start=22.0&end=7.0&exitAtAlarm=false,summary=...,line1=...,line2=...,icon=0,state=STATE_FALSE,flags=2],component=ComponentInfo{android/com.android.server.notification.ScheduleConditionProvider},id=ff1dfaf3f16449d9ba35ff104149defb,creationTime=437721935,enabler=null]},manualRule=null],Diff[]
09-27 14:53:55.773  1774  1774 D ZenLog  : set_zen_mode: off,onSystemReady
09-27 14:53:55.864  1774  1774 W WindowManager:  SLCODE computeScreenConfigurationLocked, the hard device name is: msm8953-snd-card-mtp Button Jack
09-27 14:53:55.864  1774  1774 W WindowManager:  SLCODE computeScreenConfigurationLocked, the hard device name is: msm8953-snd-card-mtp Headset Jack
09-27 14:53:55.864  1774  1774 W WindowManager:  SLCODE computeScreenConfigurationLocked, the hard device name is: hbtp_vm
09-27 14:53:55.864  1774  1774 W WindowManager:  SLCODE computeScreenConfigurationLocked, the hard device name is: qpnp_pon
09-27 14:53:55.864  1774  1774 W WindowManager:  SLCODE computeScreenConfigurationLocked, the hard device name is: gpio-keys
09-27 14:53:55.864  1774  1774 W WindowManager:  SLCODE computeScreenConfigurationLocked, the hard device name is: ft5435_ts
09-27 14:53:55.888  1774  1774 D PowerManagerService: getScreenOffTimeoutLocked:  isTestFlag = false
09-27 14:53:55.892  1774  1798 W KeyguardServiceDelegate: onScreenTurningOn(): no keyguard service!
09-27 14:53:55.895  1774  1774 V UserManagerService: Found /data/user_de/0 with serial number 0
09-27 14:53:55.896  1774  1774 V UserManagerService: Found /data/user/0 with serial number 0
09-27 14:53:55.896  1774  1774 V UserManagerService: Found /data/system_de/0 with serial number 0
09-27 14:53:55.896  1774  1774 V UserManagerService: Found /data/system_ce/0 with serial number 0
09-27 14:53:55.907  1774  1774 I ActivityManager: System now ready
09-27 14:53:55.913  1774  1774 I SystemServer: Making services ready
09-27 14:53:55.913  1774  1774 I SystemServiceManager: Starting phase 550
09-27 14:53:55.965  1774  1774 D BluetoothManagerService: Bluetooth boot completed
09-27 14:53:55.966  1774  1774 E InputMethodManagerService: Ignoring updateSystemUiLocked due to an invalid token. uid:1000 token:null
09-27 14:53:56.212  1774  1774 I ActivityManager: Start proc 1926:com.google.android.inputmethod.latin/u0a69 for service com.google.android.inputmethod.latin/com.android.inputmethod.latin.LatinIME
09-27 14:53:56.213  1774  1774 V InputMethodManagerService: Adding window token: android.os.Binder@7c7e02
09-27 14:53:56.213  1774  1887 D MountService: Thinking about init, mSystemReady=true, mDaemonConnected=true
09-27 14:53:56.213  1774  1887 D MountService: Setting up emulation state, initlocked=false
09-27 14:53:56.214  1774  1774 W TextServicesManagerService: no available spell checker services found
09-27 14:53:56.214  1774  1887 D CryptdConnector: SND -> {2 cryptfs unlock_user_key 0 0 ! !}
09-27 14:53:56.215  1774  1774 E WallpaperManagerService: Invalid wallpaper data
09-27 14:53:56.215  1774  1774 E WallpaperManagerService: Unable to apply new wallpaper
09-27 14:53:56.216   444   454 D vold    : e4crypt_unlock_user_key 0 serial=0 token_present=0
09-27 14:53:56.217  1774  1889 D CryptdConnector: RCV <- {200 2 Command succeeded}
09-27 14:53:56.219  1774  1887 D MountService: Thinking about reset, mSystemReady=true, mDaemonConnected=true
09-27 14:53:56.221  1774  1887 D VoldConnector: SND -> {4 volume reset}
09-27 14:53:56.224  1774  1888 D VoldConnector: RCV <- {651 emulated 7}
09-27 14:53:56.227  1774  1888 D VoldConnector: RCV <- {659 emulated}
09-27 14:53:56.229  1774  1888 D VoldConnector: RCV <- {650 emulated 2 "" ""}
09-27 14:53:56.231  1774  1888 D VoldConnector: RCV <- {651 emulated 0}
09-27 14:53:56.233  1774  1888 D VoldConnector: RCV <- {200 4 Command succeeded}
09-27 14:53:56.236  1774  1887 D VoldConnector: SND -> {5 volume user_added 0 0}
09-27 14:53:56.238  1774  1794 V MountService: Found primary storage at VolumeInfo{emulated}:
09-27 14:53:56.238  1774  1794 V MountService:     type=EMULATED diskId=null partGuid=null mountFlags=0 mountUserId=-1 
09-27 14:53:56.238  1774  1794 V MountService:     state=UNMOUNTED 
09-27 14:53:56.238  1774  1794 V MountService:     fsType=null fsUuid=null fsLabel=null 
09-27 14:53:56.238  1774  1794 V MountService:     path=null internalPath=null 
09-27 14:53:56.239  1774  1888 D VoldConnector: RCV <- {200 5 Command succeeded}
09-27 14:53:56.247  1774  1774 I ActivityManager: Start proc 1940:com.android.systemui/u0a32 for service com.android.systemui/.ImageWallpaper
09-27 14:53:56.248  1774  1788 I ActivityManager: Force stopping com.android.providers.media appid=10009 user=-1: vold reset
09-27 14:53:56.258  1774  1887 D VoldConnector: SND -> {6 volume mount emulated 3 -1}
09-27 14:53:56.261  1774  1888 D VoldConnector: RCV <- {651 emulated 1}
09-27 14:53:56.263  1774  1888 D VoldConnector: RCV <- {656 emulated /data/media}
09-27 14:53:56.264  1774  1774 D UsbAlsaManager: Adding ALSA device AlsaDevice: [card: 0, device: 37, type: 2]
09-27 14:53:56.264  1774  1774 D UsbAlsaManager: Adding ALSA device AlsaDevice: [card: 0, device: 37, type: 1]
09-27 14:53:56.264  1774  1774 D UsbAlsaManager: Adding ALSA device AlsaDevice: [card: 0, device: 36, type: 2]
09-27 14:53:56.265  1774  1774 D UsbAlsaManager: Adding ALSA device AlsaDevice: [card: 0, device: 36, type: 1]
09-27 14:53:56.265  1774  1774 D UsbAlsaManager: Adding ALSA device AlsaDevice: [card: 0, device: 35, type: 2]
09-27 14:53:56.265  1774  1774 D UsbAlsaManager: Adding ALSA device AlsaDevice: [card: 0, device: 35, type: 1]
09-27 14:53:56.265  1774  1774 D UsbAlsaManager: Adding ALSA device AlsaDevice: [card: 0, device: 34, type: 2]
09-27 14:53:56.266  1774  1774 D UsbAlsaManager: Adding ALSA device AlsaDevice: [card: 0, device: 34, type: 1]
09-27 14:53:56.266  1774  1888 D VoldConnector: RCV <- {655 emulated /storage/emulated}
09-27 14:53:56.266  1774  1774 D UsbAlsaManager: Adding ALSA device AlsaDevice: [card: 0, device: 26, type: 2]
09-27 14:53:56.266  1774  1774 D UsbAlsaManager: Adding ALSA device AlsaDevice: [card: 0, device: 25, type: 1]
09-27 14:53:56.266  1774  1774 D UsbAlsaManager: Adding ALSA device AlsaDevice: [card: 0, device: 23, type: 2]
09-27 14:53:56.266  1774  1774 D UsbAlsaManager: Adding ALSA device AlsaDevice: [card: 0, device: 22, type: 2]
09-27 14:53:56.267  1774  1774 D UsbAlsaManager: Adding ALSA device AlsaDevice: [card: 0, device: 21, type: 2]
09-27 14:53:56.267  1774  1774 D UsbAlsaManager: Adding ALSA device AlsaDevice: [card: 0, device: 20, type: 2]
09-27 14:53:56.267  1774  1774 D UsbAlsaManager: Adding ALSA device AlsaDevice: [card: 0, device: 19, type: 2]
09-27 14:53:56.267  1774  1774 D UsbAlsaManager: Adding ALSA device AlsaDevice: [card: 0, device: 18, type: 2]
09-27 14:53:56.267   444   453 V vold    : Waiting for FUSE to spin up...
09-27 14:53:56.267  1774  1774 D UsbAlsaManager: Adding ALSA device AlsaDevice: [card: 0, device: 18, type: 1]
09-27 14:53:56.268  1774  1774 D UsbAlsaManager: Adding ALSA device AlsaDevice: [card: 0, device: 17, type: 2]
09-27 14:53:56.268  1774  1774 D UsbAlsaManager: Adding ALSA device AlsaDevice: [card: 0, device: 17, type: 1]
09-27 14:53:56.268  1774  1774 D UsbAlsaManager: Adding ALSA device AlsaDevice: [card: 0, device: 16, type: 2]
09-27 14:53:56.268  1774  1774 D UsbAlsaManager: Adding ALSA device AlsaDevice: [card: 0, device: 16, type: 1]
09-27 14:53:56.269  1774  1774 D UsbAlsaManager: Adding ALSA device AlsaDevice: [card: 0, device: 15, type: 2]
09-27 14:53:56.269  1774  1774 D UsbAlsaManager: Adding ALSA device AlsaDevice: [card: 0, device: 15, type: 1]
09-27 14:53:56.269  1774  1774 D UsbAlsaManager: Adding ALSA device AlsaDevice: [card: 0, device: 14, type: 2]
09-27 14:53:56.269  1774  1774 D UsbAlsaManager: Adding ALSA device AlsaDevice: [card: 0, device: 14, type: 1]
09-27 14:53:56.270  1774  1774 D UsbAlsaManager: Adding ALSA device AlsaDevice: [card: 0, device: 13, type: 2]
09-27 14:53:56.270  1774  1774 D UsbAlsaManager: Adding ALSA device AlsaDevice: [card: 0, device: 13, type: 1]
09-27 14:53:56.270  1774  1774 D UsbAlsaManager: Adding ALSA device AlsaDevice: [card: 0, device: 12, type: 2]
09-27 14:53:56.270  1774  1774 D UsbAlsaManager: Adding ALSA device AlsaDevice: [card: 0, device: 12, type: 1]
09-27 14:53:56.271  1774  1774 D UsbAlsaManager: Adding ALSA device AlsaDevice: [card: 0, device: 11, type: 2]
09-27 14:53:56.271  1774  1774 D UsbAlsaManager: Adding ALSA device AlsaDevice: [card: 0, device: 10, type: 2]
09-27 14:53:56.271  1774  1774 D UsbAlsaManager: Adding ALSA device AlsaDevice: [card: 0, device: 10, type: 1]
09-27 14:53:56.271  1774  1774 D UsbAlsaManager: Adding ALSA device AlsaDevice: [card: 0, device: 8, type: 2]
09-27 14:53:56.271  1774  1774 D UsbAlsaManager: Adding ALSA device AlsaDevice: [card: 0, device: 7, type: 1]
09-27 14:53:56.272  1774  1774 D UsbAlsaManager: Adding ALSA device AlsaDevice: [card: 0, device: 6, type: 2]
09-27 14:53:56.272  1774  1774 D UsbAlsaManager: Adding ALSA device AlsaDevice: [card: 0, device: 5, type: 1]
09-27 14:53:56.272  1774  1774 D UsbAlsaManager: Adding ALSA device AlsaDevice: [card: 0, device: 4, type: 1]
09-27 14:53:56.272  1774  1774 D UsbAlsaManager: Adding ALSA device AlsaDevice: [card: 0, device: 3, type: 2]
09-27 14:53:56.272  1774  1774 D UsbAlsaManager: Adding ALSA device AlsaDevice: [card: 0, device: 3, type: 1]
09-27 14:53:56.273  1774  1774 D UsbAlsaManager: Adding ALSA device AlsaDevice: [card: 0, device: 2, type: 2]
09-27 14:53:56.273  1774  1774 D UsbAlsaManager: Adding ALSA device AlsaDevice: [card: 0, device: 2, type: 1]
09-27 14:53:56.273  1774  1774 D UsbAlsaManager: Adding ALSA device AlsaDevice: [card: 0, device: 1, type: 2]
09-27 14:53:56.273  1774  1774 D UsbAlsaManager: Adding ALSA device AlsaDevice: [card: 0, device: 1, type: 1]
09-27 14:53:56.273  1774  1774 D UsbAlsaManager: Adding ALSA device AlsaDevice: [card: 0, device: 0, type: 2]
09-27 14:53:56.274  1774  1774 D UsbAlsaManager: Adding ALSA device AlsaDevice: [card: 0, device: 0, type: 1]
09-27 14:53:56.276  1774  1774 I SystemServer: WebViewFactory preparation
09-27 14:53:56.318  1774  1888 D VoldConnector: RCV <- {651 emulated 2}
09-27 14:53:56.320  1774  1888 D VoldConnector: RCV <- {200 6 Command succeeded}
09-27 14:53:56.535  1774  1774 W ActivityManager: Slow operation: 126ms so far, now at startProcess: returned from zygote!
09-27 14:53:56.535  1774  1774 W ActivityManager: Slow operation: 126ms so far, now at startProcess: done updating battery stats
