09-27 14:53:30.358   775   775 D anc_map : convert_anc_acdb_to_reg:enter, ancch  0, input device   0
09-27 14:53:30.358   775   775 D anc_map : convert_anc_acdb_to_reg:enter, ancch  1, input device   4
09-27 14:53:30.358   775   775 D anc_map : Setwcd9xxxANC_IIRCoeffs:enter
09-27 14:53:30.358   775   775 D anc_map : Setwcd9xxxANC_IIRCoeffs:leave
09-27 14:53:30.358   775   775 D anc_map : Setwcd9xxxANC_LPFShift:enter
09-27 14:53:30.358   775   775 D anc_map : Setwcd9xxxANC_LPFShift:leave
09-27 14:53:30.358   775   775 D anc_map : convert_anc_acdb_to_reg:leave
09-27 14:53:30.358   775   775 D ACDB-LOADER: ACDB -> ACDB_CMD_GET_ANC_SETTING
09-27 14:53:30.358   775   775 D anc_map : convert_anc_acdb_to_reg:enter, inut size  2
09-27 14:53:30.358   775   775 D anc_map : convert_anc_acdb_to_reg:enter, ancch  0, input device   0
09-27 14:53:30.358   775   775 D anc_map : convert_anc_acdb_to_reg:enter, ancch  1, input device   4
09-27 14:53:30.358   775   775 D anc_map : Setwcd9xxxANC_IIRCoeffs:enter
09-27 14:53:30.358   775   775 D anc_map : Setwcd9xxxANC_IIRCoeffs:leave
09-27 14:53:30.358   775   775 D anc_map : Setwcd9xxxANC_LPFShift:enter
09-27 14:53:30.358   775   775 D anc_map : Setwcd9xxxANC_LPFShift:leave
09-27 14:53:30.358   775   775 D anc_map : convert_anc_acdb_to_reg:leave
09-27 14:53:30.358   775   775 D ACDB-LOADER: ACDB -> ACDB_CMD_GET_ANC_SETTING
09-27 14:53:30.358   775   775 D anc_map : convert_anc_acdb_to_reg:enter, inut size  2
09-27 14:53:30.358   775   775 D anc_map : convert_anc_acdb_to_reg:enter, ancch  0, input device   0
09-27 14:53:30.358   775   775 D anc_map : convert_anc_acdb_to_reg:enter, ancch  1, input device   4
09-27 14:53:30.358   775   775 D anc_map : Setwcd9xxxANC_IIRCoeffs:enter
09-27 14:53:30.358   775   775 D anc_map : Setwcd9xxxANC_IIRCoeffs:leave
09-27 14:53:30.358   775   775 D anc_map : Setwcd9xxxANC_LPFShift:enter
09-27 14:53:30.358   775   775 D anc_map : Setwcd9xxxANC_LPFShift:leave
09-27 14:53:30.358   775   775 D anc_map : convert_anc_acdb_to_reg:leave
09-27 14:53:30.369   770   770 I Radio-JNI: register_android_hardware_Radio DONE
09-27 14:53:30.369   775   775 E msm8916_platform: Failed to call ioctl  for anc_cal err=14 calib.size=4480
09-27 14:53:30.369   775   775 D msm8916_platform: send_codec_cal cal sent for anc_cal calib.size=4480
09-27 14:53:30.369   775   775 D ACDB-LOADER: send mbhc data
09-27 14:53:30.369   775   775 D ACDB-LOADER: ACDB -> MBHC ACDB_PID_GENERAL_CONFIG
09-27 14:53:30.369   775   775 D ACDB-LOADER: ACDB -> MBHC ACDB_PID_PLUG_REMOVAL_DETECTION
09-27 14:53:30.369   775   775 D ACDB-LOADER: ACDB -> MBHC ACDB_PID_PLUG_TYPE_DETECTION
09-27 14:53:30.369   775   775 D ACDB-LOADER: ACDB -> MBHC ACDB_PID_BUTTON_PRESS_DETECTION
09-27 14:53:30.369   775   775 D ACDB-LOADER: ACDB -> MBHC ACDB_PID_IMPEDANCE_DETECTION
09-27 14:53:30.370   775   775 D msm8916_platform: send_codec_cal cal sent for mbhc_cal calib.size=154
09-27 14:53:30.370   775   775 D ACDB-LOADER: send vbat data
09-27 14:53:30.370   775   775 D ACDB-LOADER: ACDB -> VBAT ACDB_PID_ADC_CAL
09-27 14:53:30.370   775   775 D ACDB-LOADER: ACDB -> VBAT ACDB_PID_GAIN_PROC
09-27 14:53:30.370   775   775 D ACDB-LOADER: send vbat data, calling convert_vbat_data
09-27 14:53:30.370   775   775 D ACDB-LOADER: copied vbat cal size =72
09-27 14:53:30.370   775   775 E msm8916_platform: Failed to call ioctl  for vbat_cal err=14 calib.size=72
09-27 14:53:30.370   775   775 D msm8916_platform: send_codec_cal cal sent for vbat_cal calib.size=72
09-27 14:53:30.370   775   775 D msm8916_platform: Alac software decoder is available...removing alac from DSP decoder list
09-27 14:53:30.370   775   775 D msm8916_platform: APE software decoder is available...removing ape from DSP decoder list
09-27 14:53:30.370   834   834 I Gobi    : vendor/qcom/proprietary/RIDL/RIDLClient/Component.cpp:968: Run command getprop ro.build.version.sdk done
09-27 14:53:30.371   834   834 I Gobi    : vendor/qcom/proprietary/RIDL/RIDLClient/MainCore.cpp:1452: worker thread started
09-27 14:53:30.371   771   771 W art     : Before Android 4.1, method double java.util.concurrent.ThreadLocalRandom.internalNextDouble(double, double) would have incorrectly overridden the package-private method in java.util.Random
09-27 14:53:30.371   771   771 W art     : Before Android 4.1, method int java.util.concurrent.ThreadLocalRandom.internalNextInt(int, int) would have incorrectly overridden the package-private method in java.util.Random
09-27 14:53:30.371   771   771 W art     : Before Android 4.1, method long java.util.concurrent.ThreadLocalRandom.internalNextLong(long, long) would have incorrectly overridden the package-private method in java.util.Random
09-27 14:53:30.372   797   797 I Radio-JNI: register_android_hardware_Radio DONE
09-27 14:53:30.387   775   775 D msm8916_platform: platform_set_audio_device_interface: Enter, device name:AUDIO_DEVICE_IN_BUILTIN_MIC, intf name:SLIMBUS_0, codec_type:external
09-27 14:53:30.388   775   775 E msm8916_platform: Invalid codec_type specified. Ignoring this interface entry.
09-27 14:53:30.388   775   775 D msm8916_platform: platform_set_audio_device_interface: Enter, device name:AUDIO_DEVICE_IN_BACK_MIC, intf name:SLIMBUS_0, codec_type:external
09-27 14:53:30.388   775   775 E msm8916_platform: Invalid codec_type specified. Ignoring this interface entry.
09-27 14:53:30.388   775   775 D msm8916_platform: platform_set_audio_device_interface: Enter, device name:AUDIO_DEVICE_IN_BUILTIN_MIC, intf name:TERT_MI2S, codec_type:internal
09-27 14:53:30.388   775   775 D msm8916_platform: platform_set_audio_device_interface: Matched device name:AUDIO_DEVICE_IN_BUILTIN_MIC, overwrite intf name with TERT_MI2S
09-27 14:53:30.388   775   775 D msm8916_platform: platform_set_audio_device_interface: Enter, device name:AUDIO_DEVICE_IN_BACK_MIC, intf name:TERT_MI2S, codec_type:internal
09-27 14:53:30.388   775   775 D msm8916_platform: platform_set_audio_device_interface: Matched device name:AUDIO_DEVICE_IN_BACK_MIC, overwrite intf name with TERT_MI2S
09-27 14:53:30.388   775   775 D msm8916_platform: platform_set_parameters:mic_ret: -2
09-27 14:53:30.388   775   775 D msm8916_platform: platform_init: Fluence_Type(1) max_mic_count(2) mic_type(0x3) fluence_in_voice_call(1) fluence_in_voice_rec(0) fluence_in_spkr_mode(1) 
09-27 14:53:30.388   775   775 D audio_hw_ssr: audio_extn_ssr_update_enabled: surround sound recording is not supported
09-27 14:53:30.388   775   775 D audio_hw_spkr_prot: audio_extn_spkr_prot_init: Initialize speaker protection module
09-27 14:53:30.388   775   775 D audio_hw_spkr_prot: audio_extn_spkr_prot_init: Speaker protection disabled
09-27 14:53:30.401   775   775 E DAP_HAL : dap_hal_set_hw_info: dmid=0
09-27 14:53:30.401   775   775 E DAP_HAL :  key 00x
09-27 14:53:30.414   775  1199 D aud_dev_arbi: runSocketThread: entered
09-27 14:53:30.427   775   775 I soundtrigger: audio_extn_sound_trigger_init: Enter
09-27 14:53:30.430   834   834 I Gobi    : vendor/qcom/proprietary/RIDL/RIDLClient/MainCore.cpp:2031: on bootup, TransState = 1
09-27 14:53:30.431   834   834 I Gobi    : vendor/qcom/proprietary/RIDL/RIDLClient/Android/main.cpp:283: stop service
09-27 14:53:30.433   770   770 I SamplingProfilerIntegration: Profiling disabled.
09-27 14:53:30.434   770   770 D Zygote  : begin preload
09-27 14:53:30.435   770   770 I Zygote  : Installing ICU cache reference pinning...
09-27 14:53:30.435   770   770 I Zygote  : Preloading ICU data...
09-27 14:53:30.436   775   775 I soundtrigger: audio_extn_sound_trigger_init: DLOPEN successful for /system/vendor/lib/hw/sound_trigger.primary.msm8953.so
09-27 14:53:30.454   775   775 D audio_hw_dolby: audio_extn_ds2_enable:ds2_enabled 1
09-27 14:53:30.459   775   775 E audio_hw_extn: audio_extn_perf_lock_init: Perf lock handles Success 
09-27 14:53:30.459   775   775 I AudioFlinger: loadHwModule() Loaded primary audio interface from QCOM Audio HAL (audio) handle 10
09-27 14:53:30.459   775   775 I AudioFlinger: openOutput(), module 10 Device 2, SamplingRate 48000, Format 0x000001, Channels 3, flags 6
09-27 14:53:30.459   775   775 D audio_hw_primary: adev_open_output_stream: enter: format(0x1) sample_rate(48000) channel_mask(0x3) devices(0x2) flags(0x6)        stream_handle(0xef890800)
09-27 14:53:30.459   775   775 D audio_hw_primary: adev_open_output_stream: Stream (0xef890800) picks up usecase (low-latency-playback)
09-27 14:53:30.459   775   775 I AudioFlinger: HAL output buffer size 192 frames, normal sink buffer size 960 frames
09-27 14:53:30.471   615   652 E rpmb_emmc: ----------------------------rpmb_emmc_read-----------------------------
09-27 14:53:30.504   871  1004 D QSEECOMAPI: Loaded image: APP id = 196611
09-27 14:53:30.504   856   856 D QSEECOMAPI: QSEECom_get_handle sb_length = 0x400
09-27 14:53:30.504   856   856 D QSEECOMAPI: App is already loaded QSEE and app id = 65537
09-27 14:53:30.521   856   856 D QSEECOMAPI: QSEECom_dealloc_memory 
09-27 14:53:30.521   856   856 D QSEECOMAPI: QSEECom_shutdown_app, app_id = 65537
09-27 14:53:30.567   775   775 I DiracAPI: ConfigurationManager: Using custom configuration file '/system/vendor/etc/diracmobile.config'
09-27 14:53:30.594   797   797 D AndroidRuntime: Calling main entry com.android.commands.am.Am
09-27 14:53:30.638   797   797 I art     : System.exit called, status: 1
09-27 14:53:30.638   797   797 I AndroidRuntime: VM exiting with result code 1.
09-27 14:53:30.665   771   771 I Radio-JNI: register_android_hardware_Radio DONE
09-27 14:53:30.684   871  1004 D QSEECOMAPI: QSEECom_dealloc_memory 
09-27 14:53:30.684   871  1004 D QSEECOMAPI: QSEECom_shutdown_app, app_id = 196611
09-27 14:53:30.686   871  1004 D         : mdtp_qmi_indication_response_dispatch: mdtp_QSEE_cleanup finished successfully
09-27 14:53:30.725   771   771 I SamplingProfilerIntegration: Profiling disabled.
09-27 14:53:30.727   771   771 D Zygote  : begin preload
09-27 14:53:30.727   771   771 I Zygote  : Installing ICU cache reference pinning...
09-27 14:53:30.728   771   771 I Zygote  : Preloading ICU data...
09-27 14:53:30.734   856   856 D QSEECOMAPI: QSEECom_dealloc_memory 
09-27 14:53:30.734   856   856 D QSEECOMAPI: QSEECom_shutdown_app, app_id = 131074
09-27 14:53:30.756   770   770 I Zygote  : Preloading classes...
09-27 14:53:30.771   770   770 W Zygote  : Class not found for preloading: [Landroid.view.Display$ColorTransform;
09-27 14:53:30.901   775   775 I DiracAPI: ParseConfigurationData: Configuration created by 
09-27 14:53:30.901   775   775 I DiracAPI: '    Project             : 170718_Amazon_ZQL1590_PS3_C_v01' 
09-27 14:53:30.901   775   775 I DiracAPI: '    At                  : 20 Jul 2017 9:25:01' 
09-27 14:53:30.901   775   775 I DiracAPI: '    With API version    : 2.0.5' 
09-27 14:53:30.901   775   775 I DiracAPI: '    With runtime version: 2.4.0' 
09-27 14:53:30.901   775   775 I DiracAPI: ==== Library Info:             
09-27 14:53:30.901   775   775 I DiracAPI: '    API version         : 2.0.5' 
09-27 14:53:30.901   775   775 I DiracAPI: '    Runtime version     : 2.4.0' 
09-27 14:53:30.901   775   775 I DiracAPI: '    Revision            : 955a05fce2d34e3b9ab014cb3151c50889578c23' 
09-27 14:53:30.901   775   775 W DiracAPI: No cached entry found for index 0, creating a temporary for decoding info.
09-27 14:53:30.945   775   775 W EffectsFactory: Error querying effect 7d1580bd-297f-4683-9239-e475b6d1d69f on lib offload_bundle
09-27 14:53:30.946   775   775 I BufferProvider: found effect "Multichannel Downmix To Stereo" from The Android Open Source Project
09-27 14:53:30.946   775   775 I AudioFlinger: Using module 10 has the primary audio interface
09-27 14:53:30.946   775  1289 I AudioFlinger: AudioFlinger's thread 0xee803a00 ready to run
09-27 14:53:30.947   775  1289 W BatteryNotifier: batterystats service unavailable!
09-27 14:53:30.947   775  1289 D audio_hw_primary: out_standby: enter: stream (0xef890800) usecase(1: low-latency-playback)
09-27 14:53:30.947   775  1289 D audio_hw_primary: out_standby: exit
09-27 14:53:30.947   775  1289 W BatteryNotifier: batterystats service unavailable!
09-27 14:53:30.948   775  1289 W BatteryNotifier: batterystats service unavailable!
09-27 14:53:30.948   775  1289 D audio_hw_primary: out_set_parameters: enter: usecase(1: low-latency-playback) kvpairs: routing=2
09-27 14:53:30.948   775  1289 D audio_hw_extn: audio_extn_set_anc_parameters: anc_enabled:0
09-27 14:53:30.948   775  1289 D audio_hw_spkr_prot: audio_extn_fbsp_set_parameters: Speaker protection disabled
09-27 14:53:30.948   775  1289 W AudioFlinger: no wake lock to update, system not ready yet
09-27 14:53:30.949   775   775 I AudioFlinger: openOutput(), module 10 Device 2, SamplingRate 48000, Format 0x000001, Channels 3, flags 104
09-27 14:53:30.949   775   775 D audio_hw_primary: adev_open_output_stream: enter: format(0x1) sample_rate(48000) channel_mask(0x3) devices(0x2) flags(0x104)        stream_handle(0xef890e00)
09-27 14:53:30.950   775   775 D audio_hw_primary: adev_open_output_stream: Stream (0xef890e00) picks up usecase (audio-ull-playback)
09-27 14:53:30.950   775   775 I AudioFlinger: HAL output buffer size 192 frames, normal sink buffer size 960 frames
09-27 14:53:30.951   775  1291 I AudioFlinger: AudioFlinger's thread 0xed803e80 ready to run
09-27 14:53:30.951   775  1291 W BatteryNotifier: batterystats service unavailable!
09-27 14:53:30.952   775  1291 D audio_hw_primary: out_set_parameters: enter: usecase(12: audio-ull-playback) kvpairs: routing=2
09-27 14:53:30.952   775  1291 D audio_hw_primary: out_standby: enter: stream (0xef890e00) usecase(12: audio-ull-playback)
09-27 14:53:30.952   775  1291 D audio_hw_primary: out_standby: exit
09-27 14:53:30.952   775  1291 W BatteryNotifier: batterystats service unavailable!
09-27 14:53:30.952   775  1291 W BatteryNotifier: batterystats service unavailable!
09-27 14:53:30.952   775  1291 W AudioFlinger: no wake lock to update, system not ready yet
09-27 14:53:30.953   775   775 I AudioFlinger: openOutput(), module 10 Device 2, SamplingRate 48000, Format 0x000001, Channels 3, flags 8
09-27 14:53:30.953   775   775 D audio_hw_primary: adev_open_output_stream: enter: format(0x1) sample_rate(48000) channel_mask(0x3) devices(0x2) flags(0x8)        stream_handle(0xeeeed000)
09-27 14:53:30.953   775   775 D audio_hw_primary: adev_open_output_stream: Stream (0xeeeed000) picks up usecase (deep-buffer-playback)
09-27 14:53:30.953   775   775 I AudioFlinger: HAL output buffer size 1920 frames, normal sink buffer size 1920 frames
09-27 14:53:30.954   775  1292 I AudioFlinger: AudioFlinger's thread 0xed383900 ready to run
09-27 14:53:30.954   775  1292 W BatteryNotifier: batterystats service unavailable!
09-27 14:53:30.954   775  1292 D audio_hw_primary: out_set_parameters: enter: usecase(0: deep-buffer-playback) kvpairs: routing=2
09-27 14:53:30.954   775  1292 D audio_hw_primary: out_standby: enter: stream (0xeeeed000) usecase(0: deep-buffer-playback)
09-27 14:53:30.954   775  1292 D audio_hw_primary: out_standby: exit
09-27 14:53:30.954   775  1292 W BatteryNotifier: batterystats service unavailable!
09-27 14:53:30.954   775  1292 W BatteryNotifier: batterystats service unavailable!
09-27 14:53:30.954   775  1292 W AudioFlinger: no wake lock to update, system not ready yet
09-27 14:53:30.955   775   775 I AudioFlinger: openOutput(), module 10 Device 10000, SamplingRate 48000, Format 0x000001, Channels 3, flags 0
09-27 14:53:30.955   775   775 D audio_hw_primary: adev_open_output_stream: enter: format(0x1) sample_rate(48000) channel_mask(0x3) devices(0x10000) flags(0)        stream_handle(0xed7ec800)
09-27 14:53:30.955   775   775 D audio_hw_primary: adev_open_output_stream: Stream (0xed7ec800) picks up usecase (afe-proxy-playback)
09-27 14:53:30.955   775   775 I AudioFlinger: HAL output buffer size 768 frames, normal sink buffer size 1152 frames
09-27 14:53:30.957   753   753 I CNSS    : cnss_open_log_file: create directory /sdcard/wlan_logs/ ret = -1 errno= 2
09-27 14:53:30.963   775  1294 I AudioFlinger: AudioFlinger's thread 0xed203ac0 ready to run
09-27 14:53:30.963   775  1294 W BatteryNotifier: batterystats service unavailable!
09-27 14:53:30.963   775  1294 D audio_hw_primary: out_set_parameters: enter: usecase(38: afe-proxy-playback) kvpairs: routing=65536
09-27 14:53:30.963   775  1294 D audio_hw_primary: out_standby: enter: stream (0xed7ec800) usecase(38: afe-proxy-playback)
09-27 14:53:30.963   775  1294 D audio_hw_primary: out_standby: exit
09-27 14:53:30.964   775  1294 W BatteryNotifier: batterystats service unavailable!
09-27 14:53:30.964   775  1294 W BatteryNotifier: batterystats service unavailable!
09-27 14:53:30.964   775  1294 W AudioFlinger: no wake lock to update, system not ready yet
09-27 14:53:30.965   775   775 D audio_hw_primary: adev_open_input_stream: enter: sample_rate(48000) channel_mask(0xc) devices(0x80002000)        stream_handle(0xef8d0ec0) io_handle(14) source(1) format 1
09-27 14:53:30.966   775  1296 I AudioFlinger: AudioFlinger's thread 0xecf033c0 ready to run
09-27 14:53:30.966   775   775 D audio_hw_primary: adev_close_input_stream: enter:stream_handle(0xef8d0ec0)
09-27 14:53:30.966   775   775 D audio_hw_primary: in_standby: enter: stream (0xef8d0ec0) usecase(16: audio-record)
09-27 14:53:30.966   775   775 D audio_hw_primary: adev_open_input_stream: enter: sample_rate(48000) channel_mask(0xfc) devices(0x80000004)        stream_handle(0xef8d0ec0) io_handle(22) source(1) format 1
09-27 14:53:30.967   775  1297 I AudioFlinger: AudioFlinger's thread 0xece83600 ready to run
09-27 14:53:30.967   775   775 D audio_hw_primary: adev_close_input_stream: enter:stream_handle(0xef8d0ec0)
09-27 14:53:30.967   775   775 D audio_hw_primary: in_standby: enter: stream (0xef8d0ec0) usecase(16: audio-record)
09-27 14:53:30.967   775   775 D audio_hw_primary: adev_open_input_stream: enter: sample_rate(192000) channel_mask(0x8000000f) devices(0x80000004)        stream_handle(0xef8d0ec0) io_handle(30) source(1) format 5
09-27 14:53:30.967   775   775 D audio_hw_primary: adev_open_input_stream: enter: sample_rate(48000) channel_mask(0x8000000f) devices(0x80000004)        stream_handle(0xef8d0ec0) io_handle(30) source(1) format 1
09-27 14:53:30.967   775  1298 I AudioFlinger: AudioFlinger's thread 0xece83300 ready to run
09-27 14:53:30.968   775   775 D audio_hw_primary: adev_close_input_stream: enter:stream_handle(0xef8d0ec0)
09-27 14:53:30.968   775   775 D audio_hw_primary: in_standby: enter: stream (0xef8d0ec0) usecase(16: audio-record)
09-27 14:53:30.968   775   775 D audio_hw_primary: adev_open_input_stream: enter: sample_rate(48000) channel_mask(0xc) devices(0x80000040)        stream_handle(0xef8d0ec0) io_handle(38) source(1) format 1
09-27 14:53:30.968   775   775 D audio_hw_primary: adev_open_input_stream: enter: sample_rate(48000) channel_mask(0xc) devices(0x80000040)        stream_handle(0xef8d0ec0) io_handle(38) source(1) format 1
09-27 14:53:30.968   775   775 W APM_AudioPolicyManager: Cannot open input stream for device 80000040 on hw module primary
09-27 14:53:30.970   775   775 I bt_a2dp_hw: adev_open:  adev_open in A2dp_hw module
09-27 14:53:30.970   775   775 I AudioFlinger: loadHwModule() Loaded a2dp audio interface from A2DP Audio HW HAL (audio) handle 18
09-27 14:53:30.976   775   775 I AudioFlinger: loadHwModule() Loaded usb audio interface from USB audio HW HAL (audio) handle 26
09-27 14:53:30.978   775   775 I r_submix: adev_open(name=audio_hw_if)
09-27 14:53:30.978   775   775 I r_submix: adev_init_check()
09-27 14:53:30.978   775   775 I AudioFlinger: loadHwModule() Loaded r_submix audio interface from Wifi Display audio HAL (audio) handle 34
09-27 14:53:30.978   775   775 D r_submix: adev_open_input_stream(addr=0)
09-27 14:53:30.978   775   775 D r_submix: submix_audio_device_create_pipe_l(addr=0, idx=9)
09-27 14:53:30.978   775   775 D r_submix:   now using address 0 for route 9
09-27 14:53:30.979   775  1300 I AudioFlinger: AudioFlinger's thread 0xece83e80 ready to run
09-27 14:53:30.979   775   775 D r_submix: adev_close_input_stream()
09-27 14:53:30.979   775   775 D r_submix: submix_audio_device_release_pipe_l(idx=9) addr=0
09-27 14:53:30.979   775   775 D r_submix: submix_audio_device_destroy_pipe_l(): pipe destroyed
09-27 14:53:30.979   775   775 D AudioPolicyManagerCustom: USE_XML_AUDIO_POLICY_CONF is TRUE
09-27 14:53:30.980   775   775 I AudioPolicyManagerCustom: removing AUDIO_CHANNEL_IN_5POINT1 from input profile as SSR(surround sound record) is not supported on this chipset variant
09-27 14:53:30.981   775   775 I RadioService: RadioService
09-27 14:53:30.981   775   775 I RadioService: onFirstRef
09-27 14:53:30.982   775   775 E RadioService: couldn't load radio module radio.primary (No such file or directory)
09-27 14:53:30.984   775   775 D sound_trigger_hw: stdev_open: Enter
09-27 14:53:30.984   775   775 I sound_trigger_platform: platform_stdev_init: Enter
09-27 14:53:30.987   775  1285 I DiracAPI: Dirac_create: DiracObj (ED3D5270) created with conf: 'USECASE_INTERNAL_PANORAMA'
09-27 14:53:30.987   775  1285 I DiracAPI: (ED3D5270): Prepared with conf: 'USECASE_INTERNAL_PANORAMA' 
09-27 14:53:30.987   775  1285 I DiracAPI:  preset: 'default' 
09-27 14:53:30.987   775  1285 I DiracAPI:  samplerate: 48000 
09-27 14:53:30.987   775  1285 I DiracAPI:  nChannelsIn: 2 
09-27 14:53:30.987   775  1285 I DiracAPI:  maxFrames: 2000 
09-27 14:53:30.987   775  1285 I DiracAPI:  inFmt/outFmt: 1/1
09-27 14:53:30.988   775  1283 I DiracAPI: Dirac_create: DiracObj (ED43C490) created with conf: 'USECASE_INTERNAL_PANORAMA'
09-27 14:53:30.988   775  1283 I DiracAPI: (ED43C490): Prepared with conf: 'USECASE_INTERNAL_PANORAMA' 
09-27 14:53:30.988   775  1283 I DiracAPI:  preset: 'default' 
09-27 14:53:30.988   775  1283 I DiracAPI:  samplerate: 44100 
09-27 14:53:30.988   775  1283 I DiracAPI:  nChannelsIn: 2 
09-27 14:53:30.988   775  1283 I DiracAPI:  maxFrames: 2000 
09-27 14:53:30.988   775  1283 I DiracAPI:  inFmt/outFmt: 1/1
09-27 14:53:31.029   775  1283 I DiracAPI: Dirac_create: DiracObj (ECCF48D0) created with conf: 'USECASE_INTERNAL_PANORAMA'
09-27 14:53:31.029   775  1283 I DiracAPI: (ECCF48D0): Prepared with conf: 'USECASE_INTERNAL_PANORAMA' 
09-27 14:53:31.029   775  1283 I DiracAPI:  preset: 'default' 
09-27 14:53:31.029   775  1283 I DiracAPI:  samplerate: 44100 
09-27 14:53:31.029   775  1283 I DiracAPI:  nChannelsIn: 2 
09-27 14:53:31.029   775  1283 I DiracAPI:  maxFrames: 2000 
09-27 14:53:31.029   775  1283 I DiracAPI:  inFmt/outFmt: 1/1
09-27 14:53:31.029   775  1285 I DiracAPI: Dirac_create: DiracObj (ED2721D0) created with conf: 'USECASE_INTERNAL_PANORAMA'
09-27 14:53:31.030   775  1285 I DiracAPI: (ED2721D0): Prepared with conf: 'USECASE_INTERNAL_PANORAMA' 
09-27 14:53:31.030   775  1285 I DiracAPI:  preset: 'default' 
09-27 14:53:31.030   775  1285 I DiracAPI:  samplerate: 48000 
09-27 14:53:31.030   775  1285 I DiracAPI:  nChannelsIn: 2 
09-27 14:53:31.030   775  1285 I DiracAPI:  maxFrames: 2000 
09-27 14:53:31.030   775  1285 I DiracAPI:  inFmt/outFmt: 1/1
09-27 14:53:31.043   771   771 I Zygote  : Preloading classes...
09-27 14:53:31.059   771   771 W Zygote  : Class not found for preloading: [Landroid.view.Display$ColorTransform;
09-27 14:53:31.247   856   856 D QSEECOMAPI: QSEECom_get_handle sb_length = 0x144c0
09-27 14:53:31.247   856   856 D QSEECOMAPI: App is not loaded in QSEE
09-27 14:53:31.248   856   856 D QSEECOMAPI: app_arch = 1, total_files = 8
09-27 14:53:31.279   833   833 I ServiceManager: Waiting for service AtCmdFwd...
09-27 14:53:31.304  1317  1317 V LOWI-7.7.1.0.c: [LOWIEventDispatcher] LOWIEventDispatcher
09-27 14:53:31.306  1317  1317 V LOWI-7.7.1.0.c: [MessageQ_Client] creating client socket
09-27 14:53:31.306  1317  1317 I LOWI-7.7.1.0.c: [MessageQ_Client] connecting to server [/data/misc/location/mq/location-mq-s]
09-27 14:53:31.307  1317  1317 I LOWI-7.7.1.0.c: [MessageQ_Client] connected
09-27 14:53:31.307  1317  1317 V LOWI-7.7.1.0.c: [LOWIController] init
09-27 14:53:31.385  1320  1320 D LocSvc_LBSProxy: static bool lbs_core::LBSProxy::checkIfLocationExtendedClientExists()] File Exists
09-27 14:53:31.385  1320  1320 D LocSvc_LBSProxy: static bool lbs_core::LBSProxy::checkIfNativeXtraClientExists()] XTRA Client 2.0 Exist
09-27 14:53:31.387  1320  1320 D LocSvc_utils_cfg: D/loc_read_conf: using /etc/gps.conf
09-27 14:53:31.387  1320  1320 D LocSvc_utils_cfg: D/int loc_read_conf_r(FILE *, const loc_param_s_type *, uint32_t):283]: num_params: 1
09-27 14:53:31.387  1320  1320 D LocSvc_utils_cfg: D/loc_set_config_entry: PARAM DEBUG_LEVEL = 3
09-27 14:53:31.387  1320  1320 D LocSvc_utils_cfg: D/int loc_read_conf_r(FILE *, const loc_param_s_type *, uint32_t):283]: num_params: 2
09-27 14:53:31.387  1320  1320 D LocSvc_utils_cfg: D/loc_set_config_entry: PARAM DEBUG_LEVEL = 3
09-27 14:53:31.387  1320  1320 D LocSvc_utils_cfg: D/int loc_read_conf_r(FILE *, const loc_param_s_type *, uint32_t):287]: fgets returned NULL
09-27 14:53:31.390  1320  1350 E slim_daemon: [NDK] bindNDKSensors: Sensor server is unavailable.
09-27 14:53:31.390  1320  1351 E libsensor1: check_sensors_enabled: Sensors enabled = true
09-27 14:53:31.392  1319  1319 D LocSvc_LBSProxy: static bool lbs_core::LBSProxy::checkIfLocationExtendedClientExists()] File Exists
09-27 14:53:31.392  1319  1319 D LocSvc_LBSProxy: static bool lbs_core::LBSProxy::checkIfNativeXtraClientExists()] XTRA Client 2.0 Exist
09-27 14:53:31.393  1319  1319 W XTCC-5.1.0.23-d: [CCC-Main] wifi: 1, ap cell: 0, modem cell: 1, waa: 0, sstp: 0
09-27 14:53:31.405   775   775 I sound_trigger_platform: platform_stdev_init: acdb_init: msm8953-snd-card-mtp
09-27 14:53:31.405   775   775 D ACDB-LOADER: ACDB -> already initialized, exit
09-27 14:53:31.405   775   775 D sound_trigger_platform: platform_stdev_init Opening device /dev/snd/hwC0D1000
09-27 14:53:31.405   775   775 D sound_trigger_platform: get_codec_version: codec version 
09-27 14:53:31.406   775   775 I sound_trigger_hw: stdev_get_properties
09-27 14:53:31.406   775   775 I SoundTriggerHwService: loaded default module Sound Trigger HAL, handle 1
09-27 14:53:31.410  1319  1319 E XTCC-5.1.0.23-d: [StorageMgr] init tile_folder = /data/misc/location/xtwifi
09-27 14:53:31.423  1320  1320 E QMI_FW  : xport_reg Failed for service_id=0x37 version=0x101 on 18
09-27 14:53:31.424  1320  1320 E slim_daemon: [QMISLIM] slim_QSQmiSvcTask_Init: Failed to register QMI service
09-27 14:53:31.425  1320  1320 I slim_daemon: [SLIM] slim_ProviderConfigure: Updated available providers for service 0: 00000001.
09-27 14:53:31.425  1320  1320 I slim_daemon: [SLIM] slim_ProviderConfigure: Updated available providers for service 1: 00000001.
09-27 14:53:31.425  1320  1320 I slim_daemon: [SLIM] slim_ProviderConfigure: Updated available providers for service 2: 00000001.
09-27 14:53:31.425  1320  1320 I slim_daemon: [SLIM] slim_ProviderConfigure: Updated available providers for service 3: 00000001.
09-27 14:53:31.425  1320  1320 I slim_daemon: [SLIM] slim_ProviderConfigure: Updated available providers for service 7: 00000001.
09-27 14:53:31.425  1320  1320 I slim_daemon: [SLIM] slim_ProviderConfigure: Updated available providers for service 8: 00000001.
09-27 14:53:31.425  1320  1320 I slim_daemon: [SLIM] slim_ProviderConfigure: Updated available providers for service 13: 00000001.
09-27 14:53:31.425  1320  1320 I slim_daemon: [SLIM] slim_ProviderConfigure: Updated available providers for service 14: 00000001.
09-27 14:53:31.425  1320  1320 I slim_daemon: [SLIM] slim_ProviderConfigure: Updated available providers for service 16: 00000001.
09-27 14:53:31.426  1320  1363 E LocSvc_api_v02: I/locClientOpen:1907]: Service instance id is -1
09-27 14:53:31.426  1320  1363 E LocSvc_api_v02: I/---> locClientOpenInstance line 1787 loc client open
09-27 14:53:31.428  1320  1363 E QMI_FW  : QMUXD: WARNING qmi_qmux_if_pwr_up_init failed! rc=-6
09-27 14:53:31.430  1320  1363 E LocSvc_api_v02: I/---> locClientSendReq line 2064 QMI_LOC_REG_EVENTS_REQ_V02
09-27 14:53:31.432  1320  1363 E LocSvc_api_v02: I/---> locClientSupportMsgCheck line 2182 QMI_LOC_GET_SUPPORTED_MSGS_REQ_V02
09-27 14:53:31.433  1320  1363 E LocSvc_api_v02: I/---> locClientSendReq line 2064 QMI_LOC_QUERY_AON_CONFIG_REQ_V02
09-27 14:53:31.433  1320  1365 E LocSvc_ApiV02: I/<--- void globalRespCb(locClientHandleType, uint32_t, const locClientRespIndUnionType, uint32_t, void *) line 140 QMI_LOC_QUERY_AON_CONFIG_REQ_V02
09-27 14:53:31.433  1320  1363 E LocSvc_api_v02: I/---> locClientSendReq line 2064 QMI_LOC_GET_SUPPORTED_FEATURE_REQ_V02
09-27 14:53:31.434  1320  1363 E LocSvc_ApiV02: E/virtual enum loc_api_adapter_err LocApiV02::open(LOC_API_ADAPTER_EVENT_MASK_T):396:2]: Failed to get features supported from QMI_LOC_GET_SUPPORTED_FEATURE_REQ_V02. 
09-27 14:53:31.434  1320  1365 E QMI_FW  : QCCI qmi_cci_xport_recv: txn not found. svc_id: 16
09-27 14:53:31.434  1320  1363 E LocSvc_api_v02: I/---> locClientSendReq line 2064 QMI_LOC_SET_PREMIUM_SERVICES_CONFIG_REQ_V02
09-27 14:53:31.436  1320  1365 E LocSvc_ApiV02: I/<--- void globalRespCb(locClientHandleType, uint32_t, const locClientRespIndUnionType, uint32_t, void *) line 140 QMI_LOC_SET_PREMIUM_SERVICES_CONFIG_REQ_V02
09-27 14:53:31.436  1320  1363 E LocSvc_api_v02: I/---> locClientSendReq line 2064 QMI_LOC_SET_PREMIUM_SERVICES_CONFIG_REQ_V02
09-27 14:53:31.437  1320  1363 E LocSvc_LBSApiV02: E/virtual void lbs_core::LBSApiV02::injectFeatureConfig(e_premium_mode, e_premium_mode, e_premium_mode):710]: Error : st = 3, ind.status = 0
09-27 14:53:31.437  1320  1363 E LocSvc_api_v02: I/---> locClientSendReq line 2064 QMI_LOC_SET_PREMIUM_SERVICES_CONFIG_REQ_V02
09-27 14:53:31.437  1320  1365 E QMI_FW  : QCCI qmi_cci_xport_recv: txn not found. svc_id: 16
09-27 14:53:31.437  1319  1319 E XTCC-5.1.0.23-d: [CacheMgr] populateSavedBalacklistedAps: failed: 101
09-27 14:53:31.438  1320  1365 E LocSvc_ApiV02: I/<--- void globalRespCb(locClientHandleType, uint32_t, const locClientRespIndUnionType, uint32_t, void *) line 140 QMI_LOC_SET_PREMIUM_SERVICES_CONFIG_REQ_V02
09-27 14:53:31.438  1320  1363 E LocSvc_api_v02: I/---> locClientSendReq line 2064 QMI_LOC_REG_EVENTS_REQ_V02
09-27 14:53:31.440  1319  1366 E LocSvc_api_v02: I/locClientOpen:1907]: Service instance id is -1
09-27 14:53:31.440  1319  1366 E LocSvc_api_v02: I/---> locClientOpenInstance line 1787 loc client open
09-27 14:53:31.441  1319  1319 E XTCC-5.1.0.23-d: [NvParamMgr] getNvDataBlob, nv item GTP_FDAL_ENABLEMENT_CONTROL not found
09-27 14:53:31.441  1319  1319 E XTCC-5.1.0.23-d: [FDAL_Manager] init: failed to retrieve WLAN_FDAL_ENABLEMENT_CONTROL, default true
09-27 14:53:31.442  1319  1366 E QMI_FW  : QMUXD: WARNING qmi_qmux_if_pwr_up_init failed! rc=-6
09-27 14:53:31.443  1319  1366 E LocSvc_api_v02: I/---> locClientSendReq line 2064 QMI_LOC_REG_EVENTS_REQ_V02
09-27 14:53:31.445  1319  1366 E LocSvc_api_v02: I/---> locClientSupportMsgCheck line 2182 QMI_LOC_GET_SUPPORTED_MSGS_REQ_V02
09-27 14:53:31.446  1319  1366 E LocSvc_api_v02: I/---> locClientSendReq line 2064 QMI_LOC_QUERY_AON_CONFIG_REQ_V02
09-27 14:53:31.448  1319  1370 E LocSvc_ApiV02: I/<--- void globalRespCb(locClientHandleType, uint32_t, const locClientRespIndUnionType, uint32_t, void *) line 140 QMI_LOC_QUERY_AON_CONFIG_REQ_V02
09-27 14:53:31.448  1319  1366 E LocSvc_api_v02: I/---> locClientSendReq line 2064 QMI_LOC_GET_SUPPORTED_FEATURE_REQ_V02
09-27 14:53:31.449  1319  1366 E LocSvc_ApiV02: E/virtual enum loc_api_adapter_err LocApiV02::open(LOC_API_ADAPTER_EVENT_MASK_T):396:2]: Failed to get features supported from QMI_LOC_GET_SUPPORTED_FEATURE_REQ_V02. 
09-27 14:53:31.450  1319  1366 E LocSvc_api_v02: I/---> locClientSendReq line 2064 QMI_LOC_SET_PREMIUM_SERVICES_CONFIG_REQ_V02
09-27 14:53:31.451  1319  1370 E QMI_FW  : QCCI qmi_cci_xport_recv: txn not found. svc_id: 16
09-27 14:53:31.451  1319  1370 E LocSvc_ApiV02: I/<--- void globalRespCb(locClientHandleType, uint32_t, const locClientRespIndUnionType, uint32_t, void *) line 140 QMI_LOC_SET_PREMIUM_SERVICES_CONFIG_REQ_V02
09-27 14:53:31.451  1319  1366 E LocSvc_api_v02: I/---> locClientSendReq line 2064 QMI_LOC_SET_PREMIUM_SERVICES_CONFIG_REQ_V02
09-27 14:53:31.452  1319  1366 E LocSvc_LBSApiV02: E/virtual void lbs_core::LBSApiV02::injectFeatureConfig(e_premium_mode, e_premium_mode, e_premium_mode):710]: Error : st = 3, ind.status = 0
09-27 14:53:31.452  1319  1370 E QMI_FW  : QCCI qmi_cci_xport_recv: txn not found. svc_id: 16
09-27 14:53:31.452  1319  1366 E LocSvc_api_v02: I/---> locClientSendReq line 2064 QMI_LOC_SET_PREMIUM_SERVICES_CONFIG_REQ_V02
09-27 14:53:31.454  1319  1370 E LocSvc_ApiV02: I/<--- void globalRespCb(locClientHandleType, uint32_t, const locClientRespIndUnionType, uint32_t, void *) line 140 QMI_LOC_SET_PREMIUM_SERVICES_CONFIG_REQ_V02
09-27 14:53:31.491  1319  1319 E XTCC-5.1.0.23-d: [NvParamMgr] getNvDataBlob, nv item GTP_WLAN_CS_INTERVAL_SEC_COLLECT not found
09-27 14:53:31.491  1319  1319 E XTCC-5.1.0.23-d: [NvParamMgr] getNvDataBlob, nv item GTP_WLAN_CS_INTERVAL_SEC_SCAN not found
09-27 14:53:31.492  1319  1319 E XTCC-5.1.0.23-d: [NvParamMgr] getNvDataBlob, nv item GTP_WLAN_CS_INTERVAL_MINUTE_FORCED_SCAN not found
09-27 14:53:31.492  1319  1319 E XTCC-5.1.0.23-d: [NvParamMgr] getNvDataBlob, nv item GTP_WLAN_CS_INTERVAL_MINUTE_UPLOAD not found
09-27 14:53:31.492  1319  1319 E XTCC-5.1.0.23-d: [NvParamMgr] getNvDataBlob, nv item GTP_WLAN_CS_INTERVAL_MINUTE_FORCED_UPLOAD not found
09-27 14:53:31.492  1319  1319 E XTCC-5.1.0.23-d: [NvParamMgr] getNvDataBlob, nv item GTP_WLAN_CS_HEPE_THRESHOLD_METER not found
09-27 14:53:31.493  1319  1319 E XTCC-5.1.0.23-d: [NvParamMgr] getNvDataBlob, nv item GTP_WLAN_CS_SIMILARITY_THRESHOLD not found
09-27 14:53:31.493  1319  1319 E XTCC-5.1.0.23-d: [NvParamMgr] getNvDataBlob, nv item GTP_WLAN_CS_SIMILARITY_THRESHOLD not found
09-27 14:53:31.493  1319  1319 E XTCC-5.1.0.23-d: [NvParamMgr] getNvDataBlob, nv item GTP_WLAN_CS_MAX_NUM_AP_SETS_PER_UPLOAD not found
09-27 14:53:31.494  1319  1319 E XTCC-5.1.0.23-d: [NvParamMgr] getNvDataBlob, nv item GTP_WLAN_CS_MAX_NUM_APS_PER_UPLOAD not found
09-27 14:53:31.494  1319  1319 E XTCC-5.1.0.23-d: [NvParamMgr] getNvDataBlob, nv item GTP_WWAN_CS_ENABLED not found
09-27 14:53:31.495  1319  1319 E XTCC-5.1.0.23-d: [NvParamMgr] getNvDataBlob, nv item GTP_WLAN_CS_RECORD_INCL_IND not found
09-27 14:53:31.498  1319  1384 E XTCC-5.1.0.23-d: [TdpCsClient] unknown postcard info. reason:REGISTER-EVENT, 
09-27 14:53:31.498  1319  1384 E XTCC-5.1.0.23-d: [TdpCsClient] unknown postcard info. reason:REGISTER-EVENT, 
09-27 14:53:31.498  1319  1384 E XTCC-5.1.0.23-d: [TdpCsClient] unknown postcard info. reason:REGISTER-EVENT, 
09-27 14:53:31.498  1319  1384 E XTCC-5.1.0.23-d: [TdpCsClient] unknown postcard info. reason:REGISTER-EVENT, 
09-27 14:53:31.498  1319  1366 E LocSvc_api_v02: I/---> locClientSendReq line 2064 QMI_LOC_INJECT_APDONOTCACHE_DATA_REQ_V02
09-27 14:53:31.560   844   844 E mm-camera: Total bytes in OTP buffer: 8192
09-27 14:53:31.560   844   844 E mm-camera: Vendor ID : 0x16, Module Code : 0x5
09-27 14:53:31.560   844   844 E mm-camera: Y/M/D : 17/4/20
09-27 14:53:31.560   844   844 E mm-camera: <SENSOR><ERROR> ov13855_gt24c64a_chicony_eeprom_format_pdafgain: 329: [WENDELL]-ov13855_gt24c64a_chicony_eeprom_format_pdafgain: Enter
09-27 14:53:31.560   844   844 E mm-camera: 
09-27 14:53:31.560   844   844 E mm-camera: [WENDELL]- pdaf version num is 4
09-27 14:53:31.560   844   844 E mm-camera: Verified PDAF
09-27 14:53:31.560   844   844 E mm-camera: -------------PDAF GAIN DUMP------------
09-27 14:53:31.560   844   844 E mm-camera: OffsetX 0, OffsetY 0, RatioX 0, RatioY 0,MapWidth 17, MapHeight 13, PD_conversion_coeff[0] 524
09-27 14:53:31.560   844   844 E mm-camera: -----------Left_GainMap----------------
09-27 14:53:31.560   844   844 E mm-camera: 1138, 896, 736, 638, 581, 533, 497, 476, 473, 485, 512, 559,615, 694, 801, 933, 1025
09-27 14:53:31.560   844   844 E mm-camera: 1018, 801, 680, 593, 529, 476, 436, 416, 409, 419, 445, 492,552, 626, 720, 846, 981
09-27 14:53:31.560   844   844 E mm-camera: 921, 748, 644, 557, 481, 427, 390, 366, 357, 365, 388, 429,492, 569, 660, 773, 915
09-27 14:53:31.560   844   844 E mm-camera: 851, 709, 607, 514, 441, 385, 349, 326, 317, 322, 342, 381,441, 520, 612, 720, 851
09-27 14:53:31.560   844   844 E mm-camera: 820, 687, 581, 487, 411, 355, 318, 295, 286, 291, 309, 347,405, 483, 578, 687, 815
09-27 14:53:31.560   844   844 E mm-camera: 806, 677, 566, 470, 394, 336, 297, 273, 264, 270, 289, 327,382, 460, 557, 667, 791
09-27 14:53:31.560   844   844 E mm-camera: 796, 673, 557, 462, 385, 327, 288, 265, 256, 261, 281, 319,375, 452, 550, 663, 787
09-27 14:53:31.560   844   844 E mm-camera: 806, 680, 566, 471, 391, 332, 294, 272, 261, 267, 286, 324,380, 457, 555, 667, 791
09-27 14:53:31.560   844   844 E mm-camera: 820, 690, 583, 488, 410, 350, 312, 290, 280, 285, 305, 341,399, 478, 573, 683, 806
09-27 14:53:31.560   844   844 E mm-camera: 851, 712, 610, 514, 435, 377, 341, 319, 309, 314, 335, 373,432, 511, 601, 712, 835
09-27 14:53:31.561   844   844 E mm-camera: 908, 744, 641, 550, 473, 416, 380, 357, 347, 352, 375, 417,478, 552, 644, 752, 890
09-27 14:53:31.561   844   844 E mm-camera: 995, 791, 677, 593, 520, 466, 429, 407, 397, 404, 432, 475,531, 601, 694, 815, 947
09-27 14:53:31.561   844   844 E mm-camera: 1110, 879, 728, 638, 573, 524, 490, 468, 459, 466, 494, 539,596, 663, 760, 890, 995
09-27 14:53:31.561   844   844 E mm-camera: -----------Right_GainMap----------------
09-27 14:53:31.561   844   844 E mm-camera: 862, 769, 667, 596, 546, 507, 483, 470, 468, 476, 497, 529,571, 635, 740, 908, 1119
09-27 14:53:31.561   844   844 E mm-camera: 801, 694, 607, 541, 488, 448, 421, 410, 410, 421, 444, 480,531, 591, 673, 810, 1025
09-27 14:53:31.561   844   844 E mm-camera: 740, 638, 557, 492, 436, 395, 370, 360, 362, 375, 397, 436,490, 559, 644, 752, 940
09-27 14:53:31.561   844   844 E mm-camera: 690, 599, 520, 451, 393, 352, 329, 320, 323, 337, 362, 400,459, 533, 621, 716, 873
09-27 14:53:31.561   844   844 E mm-camera: 657, 571, 490, 419, 362, 322, 298, 288, 291, 309, 336, 376,435, 511, 601, 698, 830
09-27 14:53:31.561   844   844 E mm-camera: 635, 552, 471, 400, 343, 303, 278, 266, 270, 288, 317, 360,421, 499, 591, 687, 815
09-27 14:53:31.561   844   844 E mm-camera: 629, 546, 463, 393, 337, 296, 271, 259, 262, 282, 312, 355,417, 494, 586, 680, 801
09-27 14:53:31.561   844   844 E mm-camera: 635, 548, 466, 398, 343, 302, 276, 265, 270, 289, 318, 363,425, 503, 593, 687, 810
09-27 14:53:31.561   844   844 E mm-camera: 647, 564, 483, 415, 362, 320, 295, 285, 289, 308, 337, 381,441, 518, 610, 705, 835
09-27 14:53:31.561   844   844 E mm-camera: 677, 588, 511, 445, 390, 350, 326, 317, 322, 340, 368, 409,468, 546, 632, 732, 885
09-27 14:53:31.561   844   844 E mm-camera: 716, 624, 548, 485, 432, 392, 368, 358, 363, 380, 407, 446,505, 581, 663, 769, 953
09-27 14:53:31.561   844   844 E mm-camera: 769, 670, 591, 531, 480, 442, 414, 404, 407, 424, 451, 490,546, 615, 701, 830, 1041
09-27 14:53:31.561   844   844 E mm-camera: 830, 740, 647, 586, 537, 499, 473, 462, 466, 483, 507, 543,593, 660, 760, 921, 1128
09-27 14:53:31.561   844   844 E mm-camera: -----------DCC----------------
09-27 14:53:31.561   844   844 E mm-camera: MapWidth 8, MapHeight 6, Q factor 4
09-27 14:53:31.561   844   844 E mm-camera: 524, 411, 349, 343, 348, 358, 426, 533,
09-27 14:53:31.561   844   844 E mm-camera: 520, 400, 343, 339, 343, 351, 415, 533,
09-27 14:53:31.561   844   844 E mm-camera: 513, 391, 342, 337, 341, 351, 406, 527,
09-27 14:53:31.561   844   844 E mm-camera: 512, 392, 341, 333, 336, 348, 405, 519,
09-27 14:53:31.561   844   844 E mm-camera: 531, 395, 335, 326, 329, 344, 417, 551,
09-27 14:53:31.561   844   844 E mm-camera: 567, 404, 336, 325, 328, 347, 432, 581,
09-27 14:53:31.561   844   844 E mm-camera: <SENSOR><ERROR> ov13855_gt24c64a_chicony_eeprom_format_pdafgain: 502: [WENDELL]-ov13855_gt24c64a_chicony_eeprom_format_pdafgain: EXIT
09-27 14:53:31.561   844   844 E mm-camera: 
09-27 14:53:31.561   844   844 E mm-camera: <SENSOR><ERROR> ov13855_gt24c64a_chicony_eeprom_format_wbdata: 126: [WENDELL]-ov13855_gt24c64a_chicony_eeprom_format_wbdata: Enter
09-27 14:53:31.561   844   844 E mm-camera: 
09-27 14:53:31.561   844   844 E mm-camera: <SENSOR><ERROR> ov13855_gt24c64a_chicony_eeprom_format_wbdata: 150: OTP:AWB:D50 awb_r_over_gr: 0.481445,awb_b_over_gr: 0.637695,awb_gb_over_gr: 0.999023
09-27 14:53:31.561   844   844 E mm-camera: <SENSOR><ERROR> ov13855_gt24c64a_chicony_eeprom_format_wbdata: 167: [WENDELL]-ov13855_gt24c64a_chicony_eeprom_format_wbdata: EXIT
09-27 14:53:31.561   844   844 E mm-camera: 
09-27 14:53:31.561   844   844 E mm-camera: <SENSOR><ERROR> ov13855_gt24c64a_chicony_eeprom_format_lensshading: 187: [WENDELL]-ov13855_gt24c64a_chicony_eeprom_format_lensshading: Enter
09-27 14:53:31.561   844   844 E mm-camera: 
09-27 14:53:31.562   844   844 E mm-camera: <SENSOR><ERROR> ov13855_gt24c64a_chicony_eeprom_format_lensshading: 250: [WENDELL]-ov13855_gt24c64a_chicony_eeprom_format_lensshading: EXIT
09-27 14:53:31.562   844   844 E mm-camera: 
09-27 14:53:31.562   844   844 E mm-camera: <SENSOR><ERROR> ov13855_gt24c64a_chicony_eeprom_format_afdata: 273: [WENDELL]-ov13855_gt24c64a_chicony_eeprom_format_afdata: Enter
09-27 14:53:31.562   844   844 E mm-camera: 
09-27 14:53:31.562   844   844 E mm-camera: Macro DAC 621,Infinity DAC 306, Starting DAC 306
09-27 14:53:31.562   844   844 E mm-camera: with margin: Macro DAC 778,Infinity DAC 148, Starting DAC 148
09-27 14:53:31.562   844   844 E mm-camera: <SENSOR><ERROR> ov13855_gt24c64a_chicony_eeprom_format_afdata: 308: [WENDELL]-ov13855_gt24c64a_chicony_eeprom_format_afdata: EXIT
09-27 14:53:31.562   844   844 E mm-camera: 
09-27 14:53:31.562   844   844 E mm-camera: <SENSOR><ERROR> ov13855_gt24c64a_chicony_eeprom_get_calibration_items: 85: [WENDELL]-ov13855_gt24c64a_chicony_eeprom_get_calibration_items: Enter
09-27 14:53:31.562   844   844 E mm-camera: 
09-27 14:53:31.562   844   844 E mm-camera: <SENSOR><ERROR> ov13855_gt24c64a_chicony_eeprom_get_calibration_items: 102: [WENDELL]-ov13855_gt24c64a_chicony_eeprom_get_calibration_items: EXIT
09-27 14:53:31.562   844   844 E mm-camera: 
09-27 14:53:31.562   844   844 E mm-camera: <SENSOR><ERROR> 6904: module_sensor_init_eeprom: dlopen lib /system/vendor/lib/libIQM_OTP_Correction.so ,OK
09-27 14:53:31.562   844   844 E mm-camera: <SENSOR><ERROR> 6919: module_sensor_init_eeprom: module_sensor_init_eeprom:6919 /system/vendor/lib/libIQM_OTP_Correction.so version[1]
09-27 14:53:31.562   844   844 E mm-camera: <SENSOR><ERROR> 6925: module_sensor_init_eeprom: module_sensor_init_eeprom:6925 OTP_Correction return value[2]
09-27 14:53:31.579   770   770 E Typeface: Error mapping font file /system/fonts/DroidSansFallback.ttf
09-27 14:53:31.619   958  1196 E QMI_FW  : QMUXD: WARNING qmi_qmux_if_pwr_up_init failed! rc=-6
09-27 14:53:31.703   856   856 D QSEECOMAPI: Loaded image: APP id = 262146
09-27 14:53:31.709   856   856 D QSEECOMAPI: QSEECom_get_handle sb_length = 0x400
09-27 14:53:31.709   856   856 D QSEECOMAPI: App is already loaded QSEE and app id = 65537
09-27 14:53:31.715   856   856 D QSEECOMAPI: QSEECom_dealloc_memory 
09-27 14:53:31.715   856   856 D QSEECOMAPI: QSEECom_shutdown_app, app_id = 65537
09-27 14:53:31.720   771   771 E Typeface: Error mapping font file /system/fonts/DroidSansFallback.ttf
09-27 14:53:31.757   856   856 D QSEECOMAPI: QSEECom_dealloc_memory 
09-27 14:53:31.757   856   856 D QSEECOMAPI: QSEECom_shutdown_app, app_id = 262146
09-27 14:53:32.267   856   856 D QSEECOMAPI: QSEECom_get_handle sb_length = 0x144c0
09-27 14:53:32.267   856   856 D QSEECOMAPI: App is not loaded in QSEE
09-27 14:53:32.267   856   856 D QSEECOMAPI: app_arch = 1, total_files = 8
09-27 14:53:32.279   833   833 W Atfwd_Sendcmd: AtCmdFwd service not published, waiting... retryCnt : 1
09-27 14:53:32.391  1320  1350 E slim_daemon: [NDK] bindNDKSensors: Sensor server is unavailable.
09-27 14:53:32.500  1319  1366 E LocSvc_api_v02: E/loc_sync_wait_for_ind:458]: slot 0, timed out for ind_id QMI_LOC_INJECT_APDONOTCACHE_DATA_REQ_V02
09-27 14:53:32.500  1319  1366 E LocSvc_api_v02: E/loc_sync_send_req:529]: loc_api_wait_for_ind failed, err -110, select id 0, status eLOC_CLIENT_FAILURE_TIMEOUT
09-27 14:53:32.500  1319  1366 E LocSvc_IzatApiV02: E/virtual int izat_core::IzatApiV02::injectApCacheBlacklist(APCacheBlacklistData):857]: Error : st = 6, ind.status = 0
09-27 14:53:32.500  1319  1366 E LocSvc_IzatApiV02: E/virtual int izat_core::IzatApiV02::injectApCacheBlacklist(APCacheBlacklistData):869]: inject AP Cache - blacklistto modem failed. 
09-27 14:53:32.500  1319  1366 E LocSvc_api_v02: I/---> locClientSendReq line 2064 QMI_LOC_INJECT_APDONOTCACHE_DATA_REQ_V02
09-27 14:53:32.659   844   844 E mm-camera: Total bytes in OTP buffer: 8192
09-27 14:53:32.660   844   844 E mm-camera: <SENSOR><ERROR> ov13358_gt24c64a_chicony_eeprom_format_calibration_data: 440: [WENDELL]: MODULE_INFO checksum error
09-27 14:53:32.660   844   844 E mm-camera: 
09-27 14:53:32.660   844   844 E mm-camera: <SENSOR><ERROR> ov13358_gt24c64a_chicony_eeprom_get_calibration_items: 85: [WENDELL]-ov13358_gt24c64a_chicony_eeprom_get_calibration_items: Enter
09-27 14:53:32.660   844   844 E mm-camera: 
09-27 14:53:32.660   844   844 E mm-camera: <SENSOR><ERROR> ov13358_gt24c64a_chicony_eeprom_get_calibration_items: 100: [WENDELL]-ov13358_gt24c64a_chicony_eeprom_get_calibration_items: EXIT
09-27 14:53:32.660   844   844 E mm-camera: 
09-27 14:53:32.660   844   844 E mm-camera: <SENSOR><ERROR> 6904: module_sensor_init_eeprom: dlopen lib /system/vendor/lib/libIQM_OTP_Correction.so ,OK
09-27 14:53:32.660   844   844 E mm-camera: <SENSOR><ERROR> 6919: module_sensor_init_eeprom: module_sensor_init_eeprom:6919 /system/vendor/lib/libIQM_OTP_Correction.so version[1]
09-27 14:53:32.660   844   844 E mm-camera: <SENSOR><ERROR> 6925: module_sensor_init_eeprom: module_sensor_init_eeprom:6925 OTP_Correction return value[2]
09-27 14:53:32.689   856   856 D QSEECOMAPI: Loaded image: APP id = 327682
09-27 14:53:32.694   856   856 D QSEECOMAPI: QSEECom_get_handle sb_length = 0x400
09-27 14:53:32.694   856   856 D QSEECOMAPI: App is already loaded QSEE and app id = 65537
09-27 14:53:32.700   856   856 D QSEECOMAPI: QSEECom_dealloc_memory 
09-27 14:53:32.700   856   856 D QSEECOMAPI: QSEECom_shutdown_app, app_id = 65537
09-27 14:53:32.742   856   856 D QSEECOMAPI: QSEECom_dealloc_memory 
09-27 14:53:32.742   856   856 D QSEECOMAPI: QSEECom_shutdown_app, app_id = 327682
09-27 14:53:32.839   844   844 E mm-camera: <SENSOR><ERROR> 687: eeprom_init: EEPROM Init ioctl failed
09-27 14:53:32.839   844   844 E mm-camera: <SENSOR><ERROR> 805: eeprom_process: eeprom_init failed
09-27 14:53:32.839   844   844 E mm-camera: <SENSOR><ERROR> 6852: module_sensor_init_eeprom: Failed in EEPROM_INIT
09-27 14:53:33.024   844   844 I mm-camera: <MCT   >< INFO> 98: server_process_module_init: Begin init mods
09-27 14:53:33.105   844   844 I mm-camera: <ISP   >< INFO> 3972: isp_resource_get_isp_hw_limit: isp hw limit 0
09-27 14:53:33.134   844   844 I mm-camera: <ISP   >< INFO> 105: module_color_correct40_init: name color_correct40
09-27 14:53:33.138   844   844 I mm-camera: <ISP   >< INFO> 97: module_luma_adaptation40_init: name luma_adaptation40
09-27 14:53:33.162   844   844 I mm-camera: <ISP   >< INFO> 3972: isp_resource_get_isp_hw_limit: isp hw limit 0
09-27 14:53:33.172   844   844 I mm-camera: <ISP   >< INFO> 105: module_color_correct40_init: name color_correct40
09-27 14:53:33.173   844   844 I mm-camera: <ISP   >< INFO> 97: module_luma_adaptation40_init: name luma_adaptation40
09-27 14:53:33.177   844   844 I mm-camera: <ISP   >< INFO> 893: module_isp_init: module 0xea5aac60
09-27 14:53:33.194   844   844 I mm-camera: <CPP   >< INFO> 155: cpp_module_init: info: CPP module_init successful
09-27 14:53:33.206   844   844 E mm-camera: <IMGLIB><ERROR> 957: frameproc_comp_load_fn_ptrs: img_algo_post_process can be NULL for few AOST features
09-27 14:53:33.209   844   844 E mm-camera: <IMGLIB><ERROR> 957: frameproc_comp_load_fn_ptrs: img_algo_post_process can be NULL for few AOST features
09-27 14:53:33.223   844   844 E mm-camera: <IMGLIB><ERROR> 957: frameproc_comp_load_fn_ptrs: img_algo_post_process can be NULL for few AOST features
09-27 14:53:33.224   844   844 E mm-camera: <IMGLIB><ERROR> 1168: frameproc_comp_reload_lib: frameproc_comp_reload_lib:1168] Error opening frameproc library libmmcamera_sw_tnr.so error dlopen failed: library "libmmcamera_sw_tnr.so" not found
09-27 14:53:33.224   844   844 E mm-camera: <IMGLIB><ERROR> 1037: frameproc_comp_load: frameproc_comp_load:1037] cannot load libmmcamera_sw_tnr.so
09-27 14:53:33.224   844   844 E mm-camera: <IMGLIB><ERROR> 3096: module_imgbase_init: module_imgbase_init_sw_tnr:3096] Error rc -7
09-27 14:53:33.234   844   844 E mm-camera: <IMGLIB><ERROR> 957: frameproc_comp_load_fn_ptrs: img_algo_post_process can be NULL for few AOST features
09-27 14:53:33.235   844   844 E mm-camera: <IMGLIB><ERROR> 202: faceproc_hw_comp_get_fd_device_name: Can not discover face-detect device
09-27 14:53:33.235   844   844 E mm-camera: <IMGLIB><ERROR> 4685: faceproc_hw_comp_load: Can not find device name
09-27 14:53:33.250   844   844 E mm-camera: <IMGLIB><ERROR> 1168: frameproc_comp_reload_lib: frameproc_comp_reload_lib:1168] Error opening frameproc library libmmcamera_trueportrait_lib.so error dlopen failed: library "libmmcamera_trueportrait_lib.so" not found
09-27 14:53:33.250   844   844 E mm-camera: <IMGLIB><ERROR> 1037: frameproc_comp_load: frameproc_comp_load:1037] cannot load libmmcamera_trueportrait_lib.so
09-27 14:53:33.250   844   844 E mm-camera: <IMGLIB><ERROR> 3096: module_imgbase_init: module_imgbase_init_imglib_trueportrait:3096] Error rc -7
