09-27 15:15:29.201   775   775 E audio_route: Control 'MultiMedia8 Mixer TERT_MI2S_TX' doesn't exist - skipping
09-27 15:15:29.202   775   775 E audio_route: unknown enum value string 16000 for ctl Internal BTSCO SampleRate
09-27 15:15:29.202   775   775 E audio_route: unknown enum value string 16000 for ctl Internal BTSCO SampleRate
09-27 15:15:29.202   775   775 E audio_route: Control 'MI2S_DL_HL Switch' doesn't exist - skipping
09-27 15:15:29.203   775   775 E audio_route: unknown enum value string 16000 for ctl Internal BTSCO SampleRate
09-27 15:15:29.195   812   812 W main    : type=1400 audit(0.0:18): avc: denied { write } for name="arm64" dev="dm-0" ino=1053362 scontext=u:r:shell:s0 tcontext=u:object_r:dalvikcache_data_file:s0 tclass=dir permissive=0
09-27 15:15:29.204   775   775 E audio_route: unknown enum value string 16000 for ctl Internal BTSCO SampleRate
09-27 15:15:29.206   775   775 E audio_route: Control 'SpkrMono WSA_RDAC' doesn't exist - skipping
09-27 15:15:29.207   775   775 E audio_route: Control 'SpkrMono VISENSE Switch' doesn't exist - skipping
09-27 15:15:29.207   775   775 E audio_route: Control 'Ext Spk' doesn't exist - skipping
09-27 15:15:29.209   775   775 E audio_route: Control 'MI2S_DL_HL Switch' doesn't exist - skipping
09-27 15:15:29.195   812   812 W main    : type=1400 audit(0.0:19): avc: denied { write } for name="arm64" dev="dm-0" ino=1053362 scontext=u:r:shell:s0 tcontext=u:object_r:dalvikcache_data_file:s0 tclass=dir permissive=0
09-27 15:15:29.236   775   775 D msm8916_platform: platform_init: Opened sound card:0
09-27 15:15:29.237   775   775 D msm8916_platform: Opening /sys/class/thermal/thermal_zone0/type
09-27 15:15:29.238   775   775 D msm8916_platform: Opening /sys/class/thermal/thermal_zone1/type
09-27 15:15:29.238   775   775 D msm8916_platform: Opening /sys/class/thermal/thermal_zone2/type
09-27 15:15:29.239   775   775 D msm8916_platform: Opening /sys/class/thermal/thermal_zone3/type
09-27 15:15:29.239   775   775 D msm8916_platform: Opening /sys/class/thermal/thermal_zone4/type
09-27 15:15:29.240   775   775 D msm8916_platform: Opening /sys/class/thermal/thermal_zone5/type
09-27 15:15:29.240   775   775 D msm8916_platform: Opening /sys/class/thermal/thermal_zone6/type
09-27 15:15:29.240   775   775 D msm8916_platform: Opening /sys/class/thermal/thermal_zone7/type
09-27 15:15:29.241   775   775 D msm8916_platform: Opening /sys/class/thermal/thermal_zone8/type
09-27 15:15:29.241   775   775 D msm8916_platform: Opening /sys/class/thermal/thermal_zone9/type
09-27 15:15:29.241   775   775 D msm8916_platform: Opening /sys/class/thermal/thermal_zone10/type
09-27 15:15:29.242   775   775 D msm8916_platform: Opening /sys/class/thermal/thermal_zone11/type
09-27 15:15:29.242   775   775 D msm8916_platform: Opening /sys/class/thermal/thermal_zone12/type
09-27 15:15:29.242   775   775 D msm8916_platform: Opening /sys/class/thermal/thermal_zone13/type
09-27 15:15:29.243   775   775 D msm8916_platform: Opening /sys/class/thermal/thermal_zone14/type
09-27 15:15:29.243   775   775 D msm8916_platform: Opening /sys/class/thermal/thermal_zone15/type
09-27 15:15:29.243   775   775 D msm8916_platform: Opening /sys/class/thermal/thermal_zone16/type
09-27 15:15:29.244   775   775 D msm8916_platform: Opening /sys/class/thermal/thermal_zone17/type
09-27 15:15:29.244   775   775 D msm8916_platform: Opening /sys/class/thermal/thermal_zone18/type
09-27 15:15:29.245   775   775 D msm8916_platform: Opening /sys/class/thermal/thermal_zone19/type
09-27 15:15:29.245   775   775 D msm8916_platform: Opening /sys/class/thermal/thermal_zone20/type
09-27 15:15:29.246   775   775 D msm8916_platform: Opening /sys/class/thermal/thermal_zone21/type
09-27 15:15:29.246   775   775 D msm8916_platform: Opening /sys/class/thermal/thermal_zone22/type
09-27 15:15:29.247   775   775 D msm8916_platform: Opening /sys/class/thermal/thermal_zone23/type
09-27 15:15:29.247   775   775 D audio_hw_extn: audio_extn_can_use_vbat: vbat.enabled property is set to 0
09-27 15:15:29.271   774   774 D ICU     : No timezone override file found: /data/misc/zoneinfo/current/icu/icu_tzdata.dat
09-27 15:15:29.283   775   775 D ACDB-LOADER: ACDB -> No .acdb files found in /etc/acdbdata!
09-27 15:15:29.283   775   775 D ACDB-LOADER: ACDB -> found 0 form factor & soundcard independant files
09-27 15:15:29.284   775   775 D ACDB-LOADER: ACDB -> Load file: /etc/acdbdata/QRD/QRD_Bluetooth_cal.acdb
09-27 15:15:29.284   775   775 D ACDB-LOADER: ACDB -> Load file: /etc/acdbdata/QRD/QRD_General_cal.acdb
09-27 15:15:29.284   775   775 D ACDB-LOADER: ACDB -> Load file: /etc/acdbdata/QRD/QRD_Global_cal.acdb
09-27 15:15:29.284   775   775 D ACDB-LOADER: ACDB -> Load file: /etc/acdbdata/QRD/QRD_Handset_cal.acdb
09-27 15:15:29.284   775   775 D ACDB-LOADER: ACDB -> Load file: /etc/acdbdata/QRD/QRD_Hdmi_cal.acdb
09-27 15:15:29.284   775   775 D ACDB-LOADER: ACDB -> Load file: /etc/acdbdata/QRD/QRD_Headset_cal.acdb
09-27 15:15:29.284   775   775 D ACDB-LOADER: ACDB -> Load file: /etc/acdbdata/QRD/QRD_Speaker_cal.acdb
09-27 15:15:29.285   775   775 D ACDB-LOADER: ACDB -> ACDB_CMD_INITIALIZE_V2
09-27 15:15:29.286   775   775 D         : [ACDB Command]->SW Minor/Major/Revision version info for /etc/acdbdata/QRD/QRD_Bluetooth_cal.acdb
09-27 15:15:29.286   775   775 D         : [ACDB Command]->ACDB Sw Major = 9, ACDB Sw Minor = 0, ACDB Sw Revision = 0, ACDB Sw Cpl Number = 0
09-27 15:15:29.286   775   775 D         : [ACDB Command]->ACDB File Major = 8, ACDB File Minor = 0, ACDB File Revision = 1, ACDB File Cpl Number = 0
09-27 15:15:29.291   775   775 D         : [ACDB Command]->SW Minor/Major/Revision version info for /etc/acdbdata/QRD/QRD_General_cal.acdb
09-27 15:15:29.292   775   775 D         : [ACDB Command]->ACDB Sw Major = 9, ACDB Sw Minor = 0, ACDB Sw Revision = 0, ACDB Sw Cpl Number = 0
09-27 15:15:29.292   775   775 D         : [ACDB Command]->ACDB File Major = 8, ACDB File Minor = 0, ACDB File Revision = 1, ACDB File Cpl Number = 0
09-27 15:15:29.294   775   775 D         : [ACDB Command]->SW Minor/Major/Revision version info for /etc/acdbdata/QRD/QRD_Global_cal.acdb
09-27 15:15:29.294   775   775 D         : [ACDB Command]->ACDB Sw Major = 9, ACDB Sw Minor = 0, ACDB Sw Revision = 0, ACDB Sw Cpl Number = 0
09-27 15:15:29.294   775   775 D         : [ACDB Command]->ACDB File Major = 8, ACDB File Minor = 0, ACDB File Revision = 1, ACDB File Cpl Number = 0
09-27 15:15:29.300   775   775 D         : [ACDB Command]->SW Minor/Major/Revision version info for /etc/acdbdata/QRD/QRD_Handset_cal.acdb
09-27 15:15:29.300   775   775 D         : [ACDB Command]->ACDB Sw Major = 9, ACDB Sw Minor = 0, ACDB Sw Revision = 0, ACDB Sw Cpl Number = 0
09-27 15:15:29.300   775   775 D         : [ACDB Command]->ACDB File Major = 8, ACDB File Minor = 0, ACDB File Revision = 1, ACDB File Cpl Number = 0
09-27 15:15:29.302   775   775 D         : [ACDB Command]->SW Minor/Major/Revision version info for /etc/acdbdata/QRD/QRD_Hdmi_cal.acdb
09-27 15:15:29.302   775   775 D         : [ACDB Command]->ACDB Sw Major = 9, ACDB Sw Minor = 0, ACDB Sw Revision = 0, ACDB Sw Cpl Number = 0
09-27 15:15:29.302   775   775 D         : [ACDB Command]->ACDB File Major = 8, ACDB File Minor = 0, ACDB File Revision = 1, ACDB File Cpl Number = 0
09-27 15:15:29.304   775   775 D         : [ACDB Command]->SW Minor/Major/Revision version info for /etc/acdbdata/QRD/QRD_Headset_cal.acdb
09-27 15:15:29.305   775   775 D         : [ACDB Command]->ACDB Sw Major = 9, ACDB Sw Minor = 0, ACDB Sw Revision = 0, ACDB Sw Cpl Number = 0
09-27 15:15:29.305   775   775 D         : [ACDB Command]->ACDB File Major = 8, ACDB File Minor = 0, ACDB File Revision = 1, ACDB File Cpl Number = 0
09-27 15:15:29.311   775   775 D         : [ACDB Command]->SW Minor/Major/Revision version info for /etc/acdbdata/QRD/QRD_Speaker_cal.acdb
09-27 15:15:29.311   775   775 D         : [ACDB Command]->ACDB Sw Major = 9, ACDB Sw Minor = 0, ACDB Sw Revision = 0, ACDB Sw Cpl Number = 0
09-27 15:15:29.311   775   775 D         : [ACDB Command]->ACDB File Major = 8, ACDB File Minor = 0, ACDB File Revision = 1, ACDB File Cpl Number = 0
09-27 15:15:29.311   775   775 D ACDB-LOADER: ACDB -> ACPH INIT
09-27 15:15:29.312   775   775 D         : [ACPH]->Online service registered with ACPH
09-27 15:15:29.315   775   775 D         : [ACPH]->ACPH init success
09-27 15:15:29.315   775   775 D ACDB-LOADER: ACDB -> RTAC INIT
09-27 15:15:29.315   775   775 D         : [ACPH]->DSP RTC service registered with ACPH
09-27 15:15:29.315   775   775 D ACDB-LOADER: ACDB -> MCS, FTS INIT
09-27 15:15:29.315   775   775 D         : [ACPH]->MCS RTC service registered with ACPH
09-27 15:15:29.315   775   775 D         : [ACPH]->FTS RTC service registered with ACPH
09-27 15:15:29.315   775   775 D ACDB-LOADER: ACDB -> ADIE RTAC INIT
09-27 15:15:29.315   775   775 D         : [ACPH]->ADIE RTC service registered with ACPH
09-27 15:15:29.315   775   775 D ACDB-LOADER: ACDB -> ACDB_CMD_GET_VOC_PROC_DYNAMIC_TABLE_SIZE
09-27 15:15:29.318   775   775 D ACDB-LOADER: ACDB -> send_meta_info, lic 0
09-27 15:15:29.318   775   775 D         : Couldnt find the key 00000000 
09-27 15:15:29.318   775   775 D         : Output from GetMetaInfoSize command : 0
09-27 15:15:29.340   774   774 W art     : Before Android 4.1, method double java.util.concurrent.ThreadLocalRandom.internalNextDouble(double, double) would have incorrectly overridden the package-private method in java.util.Random
09-27 15:15:29.340   774   774 W art     : Before Android 4.1, method int java.util.concurrent.ThreadLocalRandom.internalNextInt(int, int) would have incorrectly overridden the package-private method in java.util.Random
09-27 15:15:29.341   774   774 W art     : Before Android 4.1, method long java.util.concurrent.ThreadLocalRandom.internalNextLong(long, long) would have incorrectly overridden the package-private method in java.util.Random
09-27 15:15:29.344   775   775 D ACDB-LOADER: ACDB -> send_common_custom_topology
09-27 15:15:29.344   775   775 D ACDB-LOADER: ACDB -> ACDB_CMD_GET_AVCS_CUSTOM_TOPO_INFO
09-27 15:15:29.344   775   775 D ACDB-LOADER: ACDB -> ACDB_CMD_GET_AVCS_CUSTOM_TOPO_INFO: size:0xd8 ret=0 
09-27 15:15:29.344   775   775 D ACDB-LOADER: ACDB -> CORE_CUSTOM_TOPOLOGIES
09-27 15:15:29.346   775   775 D ACDB-LOADER: ACDB -> acdb_loader_send_common_custom_topology: Common custom topology in use
09-27 15:15:29.346   775   775 D ACDB-LOADER: ACDB -> send_meta_info Enter
09-27 15:15:29.347   775   775 E ACDB-LOADER: Fail to allocate memory for metainfo
09-27 15:15:29.347   775   775 D ACDB-LOADER: ACDB -> send_meta_info failed
09-27 15:15:29.347   775   775 D ACDB-LOADER: ACDB -> init done!
09-27 15:15:29.347   775   775 D msm8916_platform: ACDB initialized
09-27 15:15:29.347   775   775 D msm8916_platform: hw_util_open Opening device /dev/snd/hwC0D1000
09-27 15:15:29.347   775   775 D msm8916_platform: hw_util_open success
09-27 15:15:29.347   775   775 D ACDB-LOADER: ACDB -> ACDB_CMD_GET_ANC_SETTING
09-27 15:15:29.347   775   775 D anc_map : convert_anc_acdb_to_reg:enter, inut size  2
09-27 15:15:29.347   775   775 D anc_map : convert_anc_acdb_to_reg:enter, ancch  0, input device   0
09-27 15:15:29.347   775   775 D anc_map : convert_anc_acdb_to_reg:enter, ancch  1, input device   7
09-27 15:15:29.347   775   775 D anc_map : Setwcd9xxxANC_IIRCoeffs:enter
09-27 15:15:29.347   775   775 D anc_map : Setwcd9xxxANC_IIRCoeffs:leave
09-27 15:15:29.347   775   775 D anc_map : Setwcd9xxxANC_LPFShift:enter
09-27 15:15:29.347   775   775 D anc_map : Setwcd9xxxANC_LPFShift:leave
09-27 15:15:29.347   775   775 D anc_map : convert_anc_acdb_to_reg:leave
09-27 15:15:29.347   775   775 D ACDB-LOADER: ACDB -> ACDB_CMD_GET_ANC_SETTING
09-27 15:15:29.347   775   775 D anc_map : convert_anc_acdb_to_reg:enter, inut size  2
09-27 15:15:29.347   775   775 D anc_map : convert_anc_acdb_to_reg:enter, ancch  0, input device   0
09-27 15:15:29.347   775   775 D anc_map : convert_anc_acdb_to_reg:enter, ancch  1, input device   7
09-27 15:15:29.347   775   775 D anc_map : Setwcd9xxxANC_IIRCoeffs:enter
09-27 15:15:29.347   775   775 D anc_map : Setwcd9xxxANC_IIRCoeffs:leave
09-27 15:15:29.347   775   775 D anc_map : Setwcd9xxxANC_LPFShift:enter
09-27 15:15:29.347   775   775 D anc_map : Setwcd9xxxANC_LPFShift:leave
09-27 15:15:29.347   775   775 D anc_map : convert_anc_acdb_to_reg:leave
09-27 15:15:29.347   775   775 D ACDB-LOADER: ACDB -> ACDB_CMD_GET_ANC_SETTING
09-27 15:15:29.347   775   775 D anc_map : convert_anc_acdb_to_reg:enter, inut size  2
09-27 15:15:29.347   775   775 D anc_map : convert_anc_acdb_to_reg:enter, ancch  0, input device   0
09-27 15:15:29.347   775   775 D anc_map : convert_anc_acdb_to_reg:enter, ancch  1, input device   7
09-27 15:15:29.347   775   775 D anc_map : Setwcd9xxxANC_IIRCoeffs:enter
09-27 15:15:29.347   775   775 D anc_map : Setwcd9xxxANC_IIRCoeffs:leave
09-27 15:15:29.347   775   775 D anc_map : Setwcd9xxxANC_LPFShift:enter
09-27 15:15:29.347   775   775 D anc_map : Setwcd9xxxANC_LPFShift:leave
09-27 15:15:29.347   775   775 D anc_map : convert_anc_acdb_to_reg:leave
09-27 15:15:29.347   775   775 D ACDB-LOADER: ACDB -> ACDB_CMD_GET_ANC_SETTING
09-27 15:15:29.348   775   775 D anc_map : convert_anc_acdb_to_reg:enter, inut size  2
09-27 15:15:29.348   775   775 D anc_map : convert_anc_acdb_to_reg:enter, ancch  0, input device   0
09-27 15:15:29.348   775   775 D anc_map : convert_anc_acdb_to_reg:enter, ancch  1, input device   7
09-27 15:15:29.348   775   775 D anc_map : Setwcd9xxxANC_IIRCoeffs:enter
09-27 15:15:29.348   775   775 D anc_map : Setwcd9xxxANC_IIRCoeffs:leave
09-27 15:15:29.348   775   775 D anc_map : Setwcd9xxxANC_LPFShift:enter
09-27 15:15:29.348   775   775 D anc_map : Setwcd9xxxANC_LPFShift:leave
09-27 15:15:29.348   775   775 D anc_map : convert_anc_acdb_to_reg:leave
09-27 15:15:29.348   775   775 D ACDB-LOADER: ACDB -> ACDB_CMD_GET_ANC_SETTING
09-27 15:15:29.348   775   775 D anc_map : convert_anc_acdb_to_reg:enter, inut size  2
09-27 15:15:29.348   775   775 D anc_map : convert_anc_acdb_to_reg:enter, ancch  0, input device   0
09-27 15:15:29.348   775   775 D anc_map : convert_anc_acdb_to_reg:enter, ancch  1, input device   4
09-27 15:15:29.348   775   775 D anc_map : Setwcd9xxxANC_IIRCoeffs:enter
09-27 15:15:29.348   775   775 D anc_map : Setwcd9xxxANC_IIRCoeffs:leave
09-27 15:15:29.348   775   775 D anc_map : Setwcd9xxxANC_LPFShift:enter
09-27 15:15:29.348   775   775 D anc_map : Setwcd9xxxANC_LPFShift:leave
09-27 15:15:29.348   775   775 D anc_map : convert_anc_acdb_to_reg:leave
09-27 15:15:29.348   775   775 D ACDB-LOADER: ACDB -> ACDB_CMD_GET_ANC_SETTING
09-27 15:15:29.348   775   775 D anc_map : convert_anc_acdb_to_reg:enter, inut size  2
09-27 15:15:29.348   775   775 D anc_map : convert_anc_acdb_to_reg:enter, ancch  0, input device   0
09-27 15:15:29.348   775   775 D anc_map : convert_anc_acdb_to_reg:enter, ancch  1, input device   4
09-27 15:15:29.348   775   775 D anc_map : Setwcd9xxxANC_IIRCoeffs:enter
09-27 15:15:29.348   775   775 D anc_map : Setwcd9xxxANC_IIRCoeffs:leave
09-27 15:15:29.348   775   775 D anc_map : Setwcd9xxxANC_LPFShift:enter
09-27 15:15:29.348   775   775 D anc_map : Setwcd9xxxANC_LPFShift:leave
09-27 15:15:29.348   775   775 D anc_map : convert_anc_acdb_to_reg:leave
09-27 15:15:29.348   775   775 D ACDB-LOADER: ACDB -> ACDB_CMD_GET_ANC_SETTING
09-27 15:15:29.348   775   775 D anc_map : convert_anc_acdb_to_reg:enter, inut size  2
09-27 15:15:29.348   775   775 D anc_map : convert_anc_acdb_to_reg:enter, ancch  0, input device   0
09-27 15:15:29.348   775   775 D anc_map : convert_anc_acdb_to_reg:enter, ancch  1, input device   4
09-27 15:15:29.348   775   775 D anc_map : Setwcd9xxxANC_IIRCoeffs:enter
09-27 15:15:29.348   775   775 D anc_map : Setwcd9xxxANC_IIRCoeffs:leave
09-27 15:15:29.348   775   775 D anc_map : Setwcd9xxxANC_LPFShift:enter
09-27 15:15:29.348   775   775 D anc_map : Setwcd9xxxANC_LPFShift:leave
09-27 15:15:29.348   775   775 D anc_map : convert_anc_acdb_to_reg:leave
09-27 15:15:29.348   775   775 D ACDB-LOADER: ACDB -> ACDB_CMD_GET_ANC_SETTING
09-27 15:15:29.348   775   775 D anc_map : convert_anc_acdb_to_reg:enter, inut size  2
09-27 15:15:29.348   775   775 D anc_map : convert_anc_acdb_to_reg:enter, ancch  0, input device   0
09-27 15:15:29.348   775   775 D anc_map : convert_anc_acdb_to_reg:enter, ancch  1, input device   4
09-27 15:15:29.348   775   775 D anc_map : Setwcd9xxxANC_IIRCoeffs:enter
09-27 15:15:29.348   775   775 D anc_map : Setwcd9xxxANC_IIRCoeffs:leave
09-27 15:15:29.348   775   775 D anc_map : Setwcd9xxxANC_LPFShift:enter
09-27 15:15:29.348   775   775 D anc_map : Setwcd9xxxANC_LPFShift:leave
09-27 15:15:29.349   775   775 D anc_map : convert_anc_acdb_to_reg:leave
09-27 15:15:29.349   775   775 D ACDB-LOADER: ACDB -> ACDB_CMD_GET_ANC_SETTING
09-27 15:15:29.349   775   775 D anc_map : convert_anc_acdb_to_reg:enter, inut size  2
09-27 15:15:29.349   775   775 D anc_map : convert_anc_acdb_to_reg:enter, ancch  0, input device   0
09-27 15:15:29.349   775   775 D anc_map : convert_anc_acdb_to_reg:enter, ancch  1, input device   4
09-27 15:15:29.349   775   775 D anc_map : Setwcd9xxxANC_IIRCoeffs:enter
09-27 15:15:29.349   775   775 D anc_map : Setwcd9xxxANC_IIRCoeffs:leave
09-27 15:15:29.349   775   775 D anc_map : Setwcd9xxxANC_LPFShift:enter
09-27 15:15:29.349   775   775 D anc_map : Setwcd9xxxANC_LPFShift:leave
09-27 15:15:29.349   775   775 D anc_map : convert_anc_acdb_to_reg:leave
09-27 15:15:29.349   775   775 E msm8916_platform: Failed to call ioctl  for anc_cal err=14 calib.size=4480
09-27 15:15:29.349   775   775 D msm8916_platform: send_codec_cal cal sent for anc_cal calib.size=4480
09-27 15:15:29.349   775   775 D ACDB-LOADER: send mbhc data
09-27 15:15:29.349   775   775 D ACDB-LOADER: ACDB -> MBHC ACDB_PID_GENERAL_CONFIG
09-27 15:15:29.349   775   775 D ACDB-LOADER: ACDB -> MBHC ACDB_PID_PLUG_REMOVAL_DETECTION
09-27 15:15:29.349   775   775 D ACDB-LOADER: ACDB -> MBHC ACDB_PID_PLUG_TYPE_DETECTION
09-27 15:15:29.349   775   775 D ACDB-LOADER: ACDB -> MBHC ACDB_PID_BUTTON_PRESS_DETECTION
09-27 15:15:29.349   775   775 D ACDB-LOADER: ACDB -> MBHC ACDB_PID_IMPEDANCE_DETECTION
09-27 15:15:29.349   775   775 D msm8916_platform: send_codec_cal cal sent for mbhc_cal calib.size=154
09-27 15:15:29.349   775   775 D ACDB-LOADER: send vbat data
09-27 15:15:29.349   775   775 D ACDB-LOADER: ACDB -> VBAT ACDB_PID_ADC_CAL
09-27 15:15:29.349   775   775 D ACDB-LOADER: ACDB -> VBAT ACDB_PID_GAIN_PROC
09-27 15:15:29.349   775   775 D ACDB-LOADER: send vbat data, calling convert_vbat_data
09-27 15:15:29.349   775   775 D ACDB-LOADER: copied vbat cal size =72
09-27 15:15:29.349   775   775 E msm8916_platform: Failed to call ioctl  for vbat_cal err=14 calib.size=72
09-27 15:15:29.349   775   775 D msm8916_platform: send_codec_cal cal sent for vbat_cal calib.size=72
09-27 15:15:29.349   775   775 D msm8916_platform: Alac software decoder is available...removing alac from DSP decoder list
09-27 15:15:29.350   775   775 D msm8916_platform: APE software decoder is available...removing ape from DSP decoder list
09-27 15:15:29.362   775   775 D msm8916_platform: platform_set_audio_device_interface: Enter, device name:AUDIO_DEVICE_IN_BUILTIN_MIC, intf name:SLIMBUS_0, codec_type:external
09-27 15:15:29.363   775   775 E msm8916_platform: Invalid codec_type specified. Ignoring this interface entry.
09-27 15:15:29.363   775   775 D msm8916_platform: platform_set_audio_device_interface: Enter, device name:AUDIO_DEVICE_IN_BACK_MIC, intf name:SLIMBUS_0, codec_type:external
09-27 15:15:29.363   775   775 E msm8916_platform: Invalid codec_type specified. Ignoring this interface entry.
09-27 15:15:29.363   775   775 D msm8916_platform: platform_set_audio_device_interface: Enter, device name:AUDIO_DEVICE_IN_BUILTIN_MIC, intf name:TERT_MI2S, codec_type:internal
09-27 15:15:29.363   775   775 D msm8916_platform: platform_set_audio_device_interface: Matched device name:AUDIO_DEVICE_IN_BUILTIN_MIC, overwrite intf name with TERT_MI2S
09-27 15:15:29.363   775   775 D msm8916_platform: platform_set_audio_device_interface: Enter, device name:AUDIO_DEVICE_IN_BACK_MIC, intf name:TERT_MI2S, codec_type:internal
09-27 15:15:29.363   775   775 D msm8916_platform: platform_set_audio_device_interface: Matched device name:AUDIO_DEVICE_IN_BACK_MIC, overwrite intf name with TERT_MI2S
09-27 15:15:29.363   775   775 D msm8916_platform: platform_set_parameters:mic_ret: -2
09-27 15:15:29.363   775   775 D msm8916_platform: platform_init: Fluence_Type(1) max_mic_count(2) mic_type(0x3) fluence_in_voice_call(1) fluence_in_voice_rec(0) fluence_in_spkr_mode(1) 
09-27 15:15:29.363   775   775 D audio_hw_ssr: audio_extn_ssr_update_enabled: surround sound recording is not supported
09-27 15:15:29.363   775   775 D audio_hw_spkr_prot: audio_extn_spkr_prot_init: Initialize speaker protection module
09-27 15:15:29.363   775   775 D audio_hw_spkr_prot: audio_extn_spkr_prot_init: Speaker protection disabled
09-27 15:15:29.369   775   775 E DAP_HAL : dap_hal_set_hw_info: dmid=0
09-27 15:15:29.369   775   775 E DAP_HAL :  key 00x
09-27 15:15:29.375   775  1141 D aud_dev_arbi: runSocketThread: entered
09-27 15:15:29.379   775   775 I soundtrigger: audio_extn_sound_trigger_init: Enter
09-27 15:15:29.387   812   812 I Radio-JNI: register_android_hardware_Radio DONE
09-27 15:15:29.387   773   773 I Radio-JNI: register_android_hardware_Radio DONE
09-27 15:15:29.387   775   775 I soundtrigger: audio_extn_sound_trigger_init: DLOPEN successful for /system/vendor/lib/hw/sound_trigger.primary.msm8953.so
09-27 15:15:29.404   775   775 D audio_hw_dolby: audio_extn_ds2_enable:ds2_enabled 1
09-27 15:15:29.409   775   775 E audio_hw_extn: audio_extn_perf_lock_init: Perf lock handles Success 
09-27 15:15:29.409   775   775 I AudioFlinger: loadHwModule() Loaded primary audio interface from QCOM Audio HAL (audio) handle 10
09-27 15:15:29.409   775   775 I AudioFlinger: openOutput(), module 10 Device 2, SamplingRate 48000, Format 0x000001, Channels 3, flags 6
09-27 15:15:29.410   775   775 D audio_hw_primary: adev_open_output_stream: enter: format(0x1) sample_rate(48000) channel_mask(0x3) devices(0x2) flags(0x6)        stream_handle(0xe8f10800)
09-27 15:15:29.410   775   775 D audio_hw_primary: adev_open_output_stream: Stream (0xe8f10800) picks up usecase (low-latency-playback)
09-27 15:15:29.410   775   775 I AudioFlinger: HAL output buffer size 192 frames, normal sink buffer size 960 frames
09-27 15:15:29.445   773   773 I SamplingProfilerIntegration: Profiling disabled.
09-27 15:15:29.447   773   773 D Zygote  : begin preload
09-27 15:15:29.447   773   773 I Zygote  : Installing ICU cache reference pinning...
09-27 15:15:29.447   773   773 I Zygote  : Preloading ICU data...
09-27 15:15:29.490   890   890 D QSEECOMAPI: Loaded image: APP id = 131074
09-27 15:15:29.506   775   775 I DiracAPI: ConfigurationManager: Using custom configuration file '/system/vendor/etc/diracmobile.config'
09-27 15:15:29.513   832  1163 V libsettings: [48b]> QcSettingsD::ProtoSource::ProtoSource(const std::string &, bool): tag: /dev/socket/settingsd
09-27 15:15:29.513   832  1163 D libsettings: [48b]Main Loop created
09-27 15:15:29.513   832  1163 D libsettings: [48b]current main loop set: true
09-27 15:15:29.513   832  1163 D help_/dev/socket/settingsd: Command help_/dev/socket/settingsd
09-27 15:15:29.513   832  1163 V libsettings: [48b]> static void QcSettingsD::CommandRegistry::registerCommand(const std::string &, const std::shared_ptr<Command> &): help_/dev/socket/settingsd
09-27 15:15:29.513   832  1163 V libsettings: [48b]> static std::shared_ptr<CommandRegistry> QcSettingsD::CommandRegistry::getRegistry(const std::string &): default
09-27 15:15:29.513   832  1163 V libsettings: [48b]< static std::shared_ptr<CommandRegistry> QcSettingsD::CommandRegistry::getRegistry(const std::string &): 
09-27 15:15:29.513   832  1163 V libsettings: [48b]> void QcSettingsD::CommandRegistry::doRegisterCommand(const std::string &, const std::shared_ptr<Command> &): (default) help_/dev/socket/settingsd
09-27 15:15:29.513   832  1163 V libsettings: [48b]< void QcSettingsD::CommandRegistry::doRegisterCommand(const std::string &, const std::shared_ptr<Command> &): 
09-27 15:15:29.513   832  1163 V libsettings: [48b]< static void QcSettingsD::CommandRegistry::registerCommand(const std::string &, const std::shared_ptr<Command> &): 
09-27 15:15:29.513   832  1163 V libsettings: [48b]> static std::shared_ptr<CommandRegistry> QcSettingsD::CommandRegistry::getRegistry(const std::string &): default
09-27 15:15:29.513   832  1163 V libsettings: [48b]< static std::shared_ptr<CommandRegistry> QcSettingsD::CommandRegistry::getRegistry(const std::string &): 
09-27 15:15:29.513   832  1163 V libsettings: [48b]> bool QcSettingsD::Command::enqueue(const QcSettingsD::CommandParameters &, QcSettingsD::CommandResults &, const callback_t &): 
09-27 15:15:29.513   832  1163 D libsettings: [48b]enqueueing command
09-27 15:15:29.513   832   950 D PerMgrLib: QCRIL voting for modem
09-27 15:15:29.513   832  1163 D CommandEvent: 
09-27 15:15:29.513   832  1163 V libsettings: [48b]> void QcSettingsD::MainLoop::localQueueEvent(std::shared_ptr<Event> &): 
09-27 15:15:29.513   832  1163 V libsettings: [48b]< void QcSettingsD::MainLoop::localQueueEvent(std::shared_ptr<Event> &): 
09-27 15:15:29.513   832  1163 V libsettings: [48b]< bool QcSettingsD::Command::enqueue(const QcSettingsD::CommandParameters &, QcSettingsD::CommandResults &, const callback_t &): ret: 1
09-27 15:15:29.513   832  1163 V libsettings: [48b]< QcSettingsD::ProtoSource::ProtoSource(const std::string &, bool): 
09-27 15:15:29.514   832  1163 D /dev/socket/settingsd: QcSettingsD::ClientSocket<QcSettingsD::ProtoSource>::ClientSocket(const std::string &, const std::string &, int, int, int) [T = QcSettingsD::ProtoSource] ( /dev/socket/settingsd, /dev/socket/settingsd, 1, 1, 0)
09-27 15:15:29.514   574   612 D PerMgrSrv: QCRIL voting for modem
09-27 15:15:29.514   832  1163 D /dev/socket/settingsd: int QcSettingsD::ClientSocket<QcSettingsD::ProtoSource>::connect() [T = QcSettingsD::ProtoSource]: ret: -1. fd: 37. errno: 2
09-27 15:15:29.514   574   612 D PerMgrSrv: modem num voters is 3
09-27 15:15:29.514   832  1163 E /dev/socket/settingsd: int QcSettingsD::ClientSocket<QcSettingsD::ProtoSource>::connect() [T = QcSettingsD::ProtoSource]: connect: No such file or directory(2)
09-27 15:15:29.514   832  1163 D /dev/socket/settingsd: Closing fd 37
09-27 15:15:29.514   832  1163 V libsettings: [48b]> virtual QcSettingsD::ProtoSource::~ProtoSource(): tag: /dev/socket/settingsd
09-27 15:15:29.514   832  1163 D libsettings: [48b]De-registering command help_/dev/socket/settingsd
09-27 15:15:29.514   832  1163 V libsettings: [48b]> static void QcSettingsD::CommandRegistry::deRegisterCommand(const std::string &): help_/dev/socket/settingsd
09-27 15:15:29.514   832  1163 V libsettings: [48b]> static std::shared_ptr<CommandRegistry> QcSettingsD::CommandRegistry::getRegistry(const std::string &): default
09-27 15:15:29.514   832  1163 V libsettings: [48b]< static std::shared_ptr<CommandRegistry> QcSettingsD::CommandRegistry::getRegistry(const std::string &): 
09-27 15:15:29.514   832  1163 V libsettings: [48b]> void QcSettingsD::CommandRegistry::doDeRegisterCommand(const std::string &): default(help_/dev/socket/settingsd)
09-27 15:15:29.514   832  1163 V libsettings: [48b]< void QcSettingsD::CommandRegistry::doDeRegisterCommand(const std::string &): 
09-27 15:15:29.514   832  1163 V libsettings: [48b]< static void QcSettingsD::CommandRegistry::deRegisterCommand(const std::string &): 
09-27 15:15:29.514   832  1163 V libsettings: [48b]< virtual QcSettingsD::ProtoSource::~ProtoSource(): 
09-27 15:15:29.516   832   950 E QMI_FW  : QMUXD: WARNING qmi_qmux_if_pwr_up_init failed! rc=-6
09-27 15:15:29.615   854   854 I ServiceManager: Waiting for service AtCmdFwd...
09-27 15:15:29.619   812   812 D AndroidRuntime: Calling main entry com.android.commands.am.Am
09-27 15:15:29.628   774   774 I Radio-JNI: register_android_hardware_Radio DONE
09-27 15:15:29.666   812   812 I art     : System.exit called, status: 1
09-27 15:15:29.666   812   812 I AndroidRuntime: VM exiting with result code 1.
09-27 15:15:29.697   618   620 E rpmb_emmc: ----------------------------rpmb_emmc_read-----------------------------
09-27 15:15:29.717   890   890 D QSEECOMAPI: QSEECom_get_handle sb_length = 0x400
09-27 15:15:29.717   901  1021 D QSEECOMAPI: Loaded image: APP id = 196611
09-27 15:15:29.717   890   890 D QSEECOMAPI: App is already loaded QSEE and app id = 65537
09-27 15:15:29.719   774   774 I SamplingProfilerIntegration: Profiling disabled.
09-27 15:15:29.723   774   774 D Zygote  : begin preload
09-27 15:15:29.724   774   774 I Zygote  : Installing ICU cache reference pinning...
09-27 15:15:29.727   774   774 I Zygote  : Preloading ICU data...
09-27 15:15:29.728   890   890 D QSEECOMAPI: QSEECom_dealloc_memory 
09-27 15:15:29.728   890   890 D QSEECOMAPI: QSEECom_shutdown_app, app_id = 65537
09-27 15:15:29.769   773   773 I Zygote  : Preloading classes...
09-27 15:15:29.784   773   773 W Zygote  : Class not found for preloading: [Landroid.view.Display$ColorTransform;
09-27 15:15:29.848   775   775 I DiracAPI: ParseConfigurationData: Configuration created by 
09-27 15:15:29.848   775   775 I DiracAPI: '    Project             : 170718_Amazon_ZQL1590_PS3_C_v01' 
09-27 15:15:29.848   775   775 I DiracAPI: '    At                  : 20 Jul 2017 9:25:01' 
09-27 15:15:29.848   775   775 I DiracAPI: '    With API version    : 2.0.5' 
09-27 15:15:29.848   775   775 I DiracAPI: '    With runtime version: 2.4.0' 
09-27 15:15:29.848   775   775 I DiracAPI: ==== Library Info:             
09-27 15:15:29.848   775   775 I DiracAPI: '    API version         : 2.0.5' 
09-27 15:15:29.848   775   775 I DiracAPI: '    Runtime version     : 2.4.0' 
09-27 15:15:29.848   775   775 I DiracAPI: '    Revision            : 955a05fce2d34e3b9ab014cb3151c50889578c23' 
09-27 15:15:29.849   775   775 W DiracAPI: No cached entry found for index 0, creating a temporary for decoding info.
09-27 15:15:29.850   856   856 I Gobi    : vendor/qcom/proprietary/RIDL/RIDLClient/Component.cpp:968: Run command getprop ro.build.version.sdk done
09-27 15:15:29.850   856   856 I Gobi    : vendor/qcom/proprietary/RIDL/RIDLClient/MainCore.cpp:1452: worker thread started
09-27 15:15:29.861   901  1021 D QSEECOMAPI: QSEECom_dealloc_memory 
09-27 15:15:29.861   901  1021 D QSEECOMAPI: QSEECom_shutdown_app, app_id = 196611
09-27 15:15:29.862   901  1021 D         : mdtp_qmi_indication_response_dispatch: mdtp_QSEE_cleanup finished successfully
09-27 15:15:29.875   856   856 I Gobi    : vendor/qcom/proprietary/RIDL/RIDLClient/MainCore.cpp:2031: on bootup, TransState = 1
09-27 15:15:29.876   856   856 I Gobi    : vendor/qcom/proprietary/RIDL/RIDLClient/Android/main.cpp:283: stop service
09-27 15:15:29.918   890   890 D QSEECOMAPI: QSEECom_dealloc_memory 
09-27 15:15:29.919   890   890 D QSEECOMAPI: QSEECom_shutdown_app, app_id = 131074
09-27 15:15:29.920   775   775 W EffectsFactory: Error querying effect 7d1580bd-297f-4683-9239-e475b6d1d69f on lib offload_bundle
09-27 15:15:29.920   775   775 I BufferProvider: found effect "Multichannel Downmix To Stereo" from The Android Open Source Project
09-27 15:15:29.922   775   775 I AudioFlinger: Using module 10 has the primary audio interface
09-27 15:15:29.927   775  1274 I AudioFlinger: AudioFlinger's thread 0xe7f03a80 ready to run
09-27 15:15:29.927   775  1274 W BatteryNotifier: batterystats service unavailable!
09-27 15:15:29.927   775  1274 D audio_hw_primary: out_set_parameters: enter: usecase(1: low-latency-playback) kvpairs: routing=2
09-27 15:15:29.927   775  1274 D audio_hw_extn: audio_extn_set_anc_parameters: anc_enabled:0
09-27 15:15:29.927   775  1274 D audio_hw_spkr_prot: audio_extn_fbsp_set_parameters: Speaker protection disabled
09-27 15:15:29.928   775  1274 D audio_hw_primary: out_standby: enter: stream (0xe8f10800) usecase(1: low-latency-playback)
09-27 15:15:29.928   775  1274 D audio_hw_primary: out_standby: exit
09-27 15:15:29.928   775  1274 W BatteryNotifier: batterystats service unavailable!
09-27 15:15:29.928   775  1274 W BatteryNotifier: batterystats service unavailable!
09-27 15:15:29.928   775  1274 W AudioFlinger: no wake lock to update, system not ready yet
09-27 15:15:29.929   775   775 I AudioFlinger: openOutput(), module 10 Device 2, SamplingRate 48000, Format 0x000001, Channels 3, flags 104
09-27 15:15:29.929   775   775 D audio_hw_primary: adev_open_output_stream: enter: format(0x1) sample_rate(48000) channel_mask(0x3) devices(0x2) flags(0x104)        stream_handle(0xe8f10e00)
09-27 15:15:29.930   775   775 D audio_hw_primary: adev_open_output_stream: Stream (0xe8f10e00) picks up usecase (audio-ull-playback)
09-27 15:15:29.930   775   775 I AudioFlinger: HAL output buffer size 192 frames, normal sink buffer size 960 frames
09-27 15:15:29.937   775  1281 I AudioFlinger: AudioFlinger's thread 0xe6d0c900 ready to run
09-27 15:15:29.937   775  1281 W BatteryNotifier: batterystats service unavailable!
09-27 15:15:29.937   775  1281 D audio_hw_primary: out_standby: enter: stream (0xe8f10e00) usecase(12: audio-ull-playback)
09-27 15:15:29.937   775  1281 D audio_hw_primary: out_standby: exit
09-27 15:15:29.937   775  1281 W BatteryNotifier: batterystats service unavailable!
09-27 15:15:29.938   775  1281 W BatteryNotifier: batterystats service unavailable!
09-27 15:15:29.938   775  1281 D audio_hw_primary: out_set_parameters: enter: usecase(12: audio-ull-playback) kvpairs: routing=2
09-27 15:15:29.938   775  1281 W AudioFlinger: no wake lock to update, system not ready yet
09-27 15:15:29.939   775   775 I AudioFlinger: openOutput(), module 10 Device 2, SamplingRate 48000, Format 0x000001, Channels 3, flags 8
09-27 15:15:29.939   775   775 D audio_hw_primary: adev_open_output_stream: enter: format(0x1) sample_rate(48000) channel_mask(0x3) devices(0x2) flags(0x8)        stream_handle(0xe85ed000)
09-27 15:15:29.939   775   775 D audio_hw_primary: adev_open_output_stream: Stream (0xe85ed000) picks up usecase (deep-buffer-playback)
09-27 15:15:29.940   775   775 I AudioFlinger: HAL output buffer size 1920 frames, normal sink buffer size 1920 frames
09-27 15:15:29.941   775  1283 I AudioFlinger: AudioFlinger's thread 0xe6a03400 ready to run
09-27 15:15:29.941   775  1283 W BatteryNotifier: batterystats service unavailable!
09-27 15:15:29.941   775  1283 D audio_hw_primary: out_standby: enter: stream (0xe85ed000) usecase(0: deep-buffer-playback)
09-27 15:15:29.941   775  1283 D audio_hw_primary: out_standby: exit
09-27 15:15:29.942   775  1283 W BatteryNotifier: batterystats service unavailable!
09-27 15:15:29.942   775  1283 W BatteryNotifier: batterystats service unavailable!
09-27 15:15:29.942   775  1283 D audio_hw_primary: out_set_parameters: enter: usecase(0: deep-buffer-playback) kvpairs: routing=2
09-27 15:15:29.942   775  1283 W AudioFlinger: no wake lock to update, system not ready yet
09-27 15:15:29.944   775   775 I AudioFlinger: openOutput(), module 10 Device 10000, SamplingRate 48000, Format 0x000001, Channels 3, flags 0
09-27 15:15:29.944   775   775 D audio_hw_primary: adev_open_output_stream: enter: format(0x1) sample_rate(48000) channel_mask(0x3) devices(0x10000) flags(0)        stream_handle(0xe79fe800)
09-27 15:15:29.944   775   775 D audio_hw_primary: adev_open_output_stream: Stream (0xe79fe800) picks up usecase (afe-proxy-playback)
09-27 15:15:29.945   775   775 I AudioFlinger: HAL output buffer size 768 frames, normal sink buffer size 1152 frames
09-27 15:15:29.946   775  1285 I AudioFlinger: AudioFlinger's thread 0xe6883e40 ready to run
09-27 15:15:29.946   775  1285 W BatteryNotifier: batterystats service unavailable!
09-27 15:15:29.946   775  1285 D audio_hw_primary: out_set_parameters: enter: usecase(38: afe-proxy-playback) kvpairs: routing=65536
09-27 15:15:29.946   775  1285 D audio_hw_primary: out_standby: enter: stream (0xe79fe800) usecase(38: afe-proxy-playback)
09-27 15:15:29.946   775  1285 D audio_hw_primary: out_standby: exit
09-27 15:15:29.946   775  1285 W BatteryNotifier: batterystats service unavailable!
09-27 15:15:29.947   775  1285 W BatteryNotifier: batterystats service unavailable!
09-27 15:15:29.947   775  1285 W AudioFlinger: no wake lock to update, system not ready yet
09-27 15:15:29.948   775   775 D audio_hw_primary: adev_open_input_stream: enter: sample_rate(48000) channel_mask(0xc) devices(0x80002000)        stream_handle(0xe8f511c0) io_handle(14) source(1) format 1
09-27 15:15:29.949   775  1286 I AudioFlinger: AudioFlinger's thread 0xe6583480 ready to run
09-27 15:15:29.949   775   775 D audio_hw_primary: adev_close_input_stream: enter:stream_handle(0xe8f511c0)
09-27 15:15:29.949   775   775 D audio_hw_primary: in_standby: enter: stream (0xe8f511c0) usecase(16: audio-record)
09-27 15:15:29.949   775   775 D audio_hw_primary: adev_open_input_stream: enter: sample_rate(48000) channel_mask(0xfc) devices(0x80000004)        stream_handle(0xe8f511c0) io_handle(22) source(1) format 1
09-27 15:15:29.950   775  1287 I AudioFlinger: AudioFlinger's thread 0xe65038c0 ready to run
09-27 15:15:29.950   775   775 D audio_hw_primary: adev_close_input_stream: enter:stream_handle(0xe8f511c0)
09-27 15:15:29.950   775   775 D audio_hw_primary: in_standby: enter: stream (0xe8f511c0) usecase(16: audio-record)
09-27 15:15:29.950   775   775 D audio_hw_primary: adev_open_input_stream: enter: sample_rate(192000) channel_mask(0x8000000f) devices(0x80000004)        stream_handle(0xe8f511c0) io_handle(30) source(1) format 5
09-27 15:15:29.950   775   775 D audio_hw_primary: adev_open_input_stream: enter: sample_rate(48000) channel_mask(0x8000000f) devices(0x80000004)        stream_handle(0xe8f511c0) io_handle(30) source(1) format 1
09-27 15:15:29.951   775  1288 I AudioFlinger: AudioFlinger's thread 0xe6503d80 ready to run
09-27 15:15:29.951   775   775 D audio_hw_primary: adev_close_input_stream: enter:stream_handle(0xe8f511c0)
09-27 15:15:29.951   775   775 D audio_hw_primary: in_standby: enter: stream (0xe8f511c0) usecase(16: audio-record)
09-27 15:15:29.951   775   775 D audio_hw_primary: adev_open_input_stream: enter: sample_rate(48000) channel_mask(0xc) devices(0x80000040)        stream_handle(0xe8f511c0) io_handle(38) source(1) format 1
09-27 15:15:29.951   775   775 D audio_hw_primary: adev_open_input_stream: enter: sample_rate(48000) channel_mask(0xc) devices(0x80000040)        stream_handle(0xe8f511c0) io_handle(38) source(1) format 1
09-27 15:15:29.951   775   775 W APM_AudioPolicyManager: Cannot open input stream for device 80000040 on hw module primary
09-27 15:15:29.955   775   775 I bt_a2dp_hw: adev_open:  adev_open in A2dp_hw module
09-27 15:15:29.955   775   775 I AudioFlinger: loadHwModule() Loaded a2dp audio interface from A2DP Audio HW HAL (audio) handle 18
09-27 15:15:29.960   775  1266 I DiracAPI: Dirac_create: DiracObj (E7A6F020) created with conf: 'USECASE_INTERNAL_PANORAMA'
09-27 15:15:29.961   775  1266 I DiracAPI: (E7A6F020): Prepared with conf: 'USECASE_INTERNAL_PANORAMA' 
09-27 15:15:29.961   775  1266 I DiracAPI:  preset: 'default' 
09-27 15:15:29.961   775  1266 I DiracAPI:  samplerate: 48000 
09-27 15:15:29.961   775  1266 I DiracAPI:  nChannelsIn: 2 
09-27 15:15:29.961   775  1266 I DiracAPI:  maxFrames: 2000 
09-27 15:15:29.961   775  1266 I DiracAPI:  inFmt/outFmt: 1/1
09-27 15:15:29.967   775   775 I AudioFlinger: loadHwModule() Loaded usb audio interface from USB audio HW HAL (audio) handle 26
09-27 15:15:29.971   775  1264 I DiracAPI: Dirac_create: DiracObj (E6DAC410) created with conf: 'USECASE_INTERNAL_PANORAMA'
09-27 15:15:29.971   775   775 I r_submix: adev_open(name=audio_hw_if)
09-27 15:15:29.972   775   775 I r_submix: adev_init_check()
09-27 15:15:29.972   775   775 I AudioFlinger: loadHwModule() Loaded r_submix audio interface from Wifi Display audio HAL (audio) handle 34
09-27 15:15:29.972   775  1264 I DiracAPI: (E6DAC410): Prepared with conf: 'USECASE_INTERNAL_PANORAMA' 
09-27 15:15:29.972   775  1264 I DiracAPI:  preset: 'default' 
09-27 15:15:29.972   775  1264 I DiracAPI:  samplerate: 44100 
09-27 15:15:29.972   775  1264 I DiracAPI:  nChannelsIn: 2 
09-27 15:15:29.972   775  1264 I DiracAPI:  maxFrames: 2000 
09-27 15:15:29.972   775  1264 I DiracAPI:  inFmt/outFmt: 1/1
09-27 15:15:29.972   775   775 D r_submix: adev_open_input_stream(addr=0)
09-27 15:15:29.972   775   775 D r_submix: submix_audio_device_create_pipe_l(addr=0, idx=9)
09-27 15:15:29.972   775   775 D r_submix:   now using address 0 for route 9
09-27 15:15:29.973   775  1290 I AudioFlinger: AudioFlinger's thread 0xe6383140 ready to run
09-27 15:15:29.973   775   775 D r_submix: adev_close_input_stream()
09-27 15:15:29.973   775   775 D r_submix: submix_audio_device_release_pipe_l(idx=9) addr=0
09-27 15:15:29.973   775   775 D r_submix: submix_audio_device_destroy_pipe_l(): pipe destroyed
09-27 15:15:29.973   775   775 D AudioPolicyManagerCustom: USE_XML_AUDIO_POLICY_CONF is TRUE
09-27 15:15:29.973   775   775 I AudioPolicyManagerCustom: removing AUDIO_CHANNEL_IN_5POINT1 from input profile as SSR(surround sound record) is not supported on this chipset variant
09-27 15:15:29.975   775   775 I RadioService: RadioService
09-27 15:15:29.975   775   775 I RadioService: onFirstRef
09-27 15:15:29.975   775   775 E RadioService: couldn't load radio module radio.primary (No such file or directory)
09-27 15:15:29.980   775   775 D sound_trigger_hw: stdev_open: Enter
09-27 15:15:29.980   775   775 I sound_trigger_platform: platform_stdev_init: Enter
09-27 15:15:30.013   775  1266 I DiracAPI: Dirac_create: DiracObj (E655C8B0) created with conf: 'USECASE_INTERNAL_PANORAMA'
09-27 15:15:30.013   775  1266 I DiracAPI: (E655C8B0): Prepared with conf: 'USECASE_INTERNAL_PANORAMA' 
09-27 15:15:30.013   775  1266 I DiracAPI:  preset: 'default' 
09-27 15:15:30.013   775  1266 I DiracAPI:  samplerate: 48000 
09-27 15:15:30.013   775  1266 I DiracAPI:  nChannelsIn: 2 
09-27 15:15:30.013   775  1266 I DiracAPI:  maxFrames: 2000 
09-27 15:15:30.013   775  1266 I DiracAPI:  inFmt/outFmt: 1/1
09-27 15:15:30.017   775  1264 I DiracAPI: Dirac_create: DiracObj (E6374890) created with conf: 'USECASE_INTERNAL_PANORAMA'
09-27 15:15:30.017   775  1264 I DiracAPI: (E6374890): Prepared with conf: 'USECASE_INTERNAL_PANORAMA' 
09-27 15:15:30.017   775  1264 I DiracAPI:  preset: 'default' 
09-27 15:15:30.017   775  1264 I DiracAPI:  samplerate: 44100 
09-27 15:15:30.017   775  1264 I DiracAPI:  nChannelsIn: 2 
09-27 15:15:30.017   775  1264 I DiracAPI:  maxFrames: 2000 
09-27 15:15:30.017   775  1264 I DiracAPI:  inFmt/outFmt: 1/1
09-27 15:15:30.052   774   774 I Zygote  : Preloading classes...
09-27 15:15:30.069   774   774 W Zygote  : Class not found for preloading: [Landroid.view.Display$ColorTransform;
09-27 15:15:30.169   756   756 I CNSS    : cnss_open_log_file: create directory /sdcard/wlan_logs/ ret = -1 errno= 2
09-27 15:15:30.400   775   775 I sound_trigger_platform: platform_stdev_init: acdb_init: msm8953-snd-card-mtp
09-27 15:15:30.400   775   775 D ACDB-LOADER: ACDB -> already initialized, exit
09-27 15:15:30.400   775   775 D sound_trigger_platform: platform_stdev_init Opening device /dev/snd/hwC0D1000
09-27 15:15:30.400   775   775 D sound_trigger_platform: get_codec_version: codec version 
09-27 15:15:30.401   775   775 I sound_trigger_hw: stdev_get_properties
09-27 15:15:30.401   775   775 I SoundTriggerHwService: loaded default module Sound Trigger HAL, handle 1
09-27 15:15:30.432   890   890 D QSEECOMAPI: QSEECom_get_handle sb_length = 0x144c0
09-27 15:15:30.432   890   890 D QSEECOMAPI: App is not loaded in QSEE
09-27 15:15:30.432   890   890 D QSEECOMAPI: app_arch = 1, total_files = 8
09-27 15:15:30.512  1323  1323 V LOWI-7.7.1.0.c: [LOWIEventDispatcher] LOWIEventDispatcher
09-27 15:15:30.513  1323  1323 V LOWI-7.7.1.0.c: [MessageQ_Client] creating client socket
09-27 15:15:30.513  1323  1323 I LOWI-7.7.1.0.c: [MessageQ_Client] connecting to server [/data/misc/location/mq/location-mq-s]
09-27 15:15:30.513  1323  1323 I LOWI-7.7.1.0.c: [MessageQ_Client] connected
09-27 15:15:30.514  1323  1323 V LOWI-7.7.1.0.c: [LOWIController] init
09-27 15:15:30.569   881   881 E mm-camera: Total bytes in OTP buffer: 8192
09-27 15:15:30.569   881   881 E mm-camera: Vendor ID : 0x16, Module Code : 0x5
09-27 15:15:30.569   881   881 E mm-camera: Y/M/D : 17/4/20
09-27 15:15:30.569   881   881 E mm-camera: <SENSOR><ERROR> ov13855_gt24c64a_chicony_eeprom_format_pdafgain: 329: [WENDELL]-ov13855_gt24c64a_chicony_eeprom_format_pdafgain: Enter
09-27 15:15:30.569   881   881 E mm-camera: 
09-27 15:15:30.569   881   881 E mm-camera: [WENDELL]- pdaf version num is 4
09-27 15:15:30.569   881   881 E mm-camera: Verified PDAF
09-27 15:15:30.569   881   881 E mm-camera: -------------PDAF GAIN DUMP------------
09-27 15:15:30.569   881   881 E mm-camera: OffsetX 0, OffsetY 0, RatioX 0, RatioY 0,MapWidth 17, MapHeight 13, PD_conversion_coeff[0] 524
09-27 15:15:30.569   881   881 E mm-camera: -----------Left_GainMap----------------
09-27 15:15:30.569   881   881 E mm-camera: 1138, 896, 736, 638, 581, 533, 497, 476, 473, 485, 512, 559,615, 694, 801, 933, 1025
09-27 15:15:30.569   881   881 E mm-camera: 1018, 801, 680, 593, 529, 476, 436, 416, 409, 419, 445, 492,552, 626, 720, 846, 981
09-27 15:15:30.569   881   881 E mm-camera: 921, 748, 644, 557, 481, 427, 390, 366, 357, 365, 388, 429,492, 569, 660, 773, 915
09-27 15:15:30.569   881   881 E mm-camera: 851, 709, 607, 514, 441, 385, 349, 326, 317, 322, 342, 381,441, 520, 612, 720, 851
09-27 15:15:30.569   881   881 E mm-camera: 820, 687, 581, 487, 411, 355, 318, 295, 286, 291, 309, 347,405, 483, 578, 687, 815
09-27 15:15:30.569   881   881 E mm-camera: 806, 677, 566, 470, 394, 336, 297, 273, 264, 270, 289, 327,382, 460, 557, 667, 791
09-27 15:15:30.569   881   881 E mm-camera: 796, 673, 557, 462, 385, 327, 288, 265, 256, 261, 281, 319,375, 452, 550, 663, 787
09-27 15:15:30.570   881   881 E mm-camera: 806, 680, 566, 471, 391, 332, 294, 272, 261, 267, 286, 324,380, 457, 555, 667, 791
09-27 15:15:30.570   881   881 E mm-camera: 820, 690, 583, 488, 410, 350, 312, 290, 280, 285, 305, 341,399, 478, 573, 683, 806
09-27 15:15:30.570   881   881 E mm-camera: 851, 712, 610, 514, 435, 377, 341, 319, 309, 314, 335, 373,432, 511, 601, 712, 835
09-27 15:15:30.570   881   881 E mm-camera: 908, 744, 641, 550, 473, 416, 380, 357, 347, 352, 375, 417,478, 552, 644, 752, 890
09-27 15:15:30.570   881   881 E mm-camera: 995, 791, 677, 593, 520, 466, 429, 407, 397, 404, 432, 475,531, 601, 694, 815, 947
09-27 15:15:30.570   881   881 E mm-camera: 1110, 879, 728, 638, 573, 524, 490, 468, 459, 466, 494, 539,596, 663, 760, 890, 995
09-27 15:15:30.570   881   881 E mm-camera: -----------Right_GainMap----------------
09-27 15:15:30.570   881   881 E mm-camera: 862, 769, 667, 596, 546, 507, 483, 470, 468, 476, 497, 529,571, 635, 740, 908, 1119
09-27 15:15:30.570   881   881 E mm-camera: 801, 694, 607, 541, 488, 448, 421, 410, 410, 421, 444, 480,531, 591, 673, 810, 1025
09-27 15:15:30.570   881   881 E mm-camera: 740, 638, 557, 492, 436, 395, 370, 360, 362, 375, 397, 436,490, 559, 644, 752, 940
09-27 15:15:30.570   881   881 E mm-camera: 690, 599, 520, 451, 393, 352, 329, 320, 323, 337, 362, 400,459, 533, 621, 716, 873
09-27 15:15:30.570   881   881 E mm-camera: 657, 571, 490, 419, 362, 322, 298, 288, 291, 309, 336, 376,435, 511, 601, 698, 830
09-27 15:15:30.570   881   881 E mm-camera: 635, 552, 471, 400, 343, 303, 278, 266, 270, 288, 317, 360,421, 499, 591, 687, 815
09-27 15:15:30.570   881   881 E mm-camera: 629, 546, 463, 393, 337, 296, 271, 259, 262, 282, 312, 355,417, 494, 586, 680, 801
09-27 15:15:30.570   881   881 E mm-camera: 635, 548, 466, 398, 343, 302, 276, 265, 270, 289, 318, 363,425, 503, 593, 687, 810
09-27 15:15:30.570   881   881 E mm-camera: 647, 564, 483, 415, 362, 320, 295, 285, 289, 308, 337, 381,441, 518, 610, 705, 835
09-27 15:15:30.570   881   881 E mm-camera: 677, 588, 511, 445, 390, 350, 326, 317, 322, 340, 368, 409,468, 546, 632, 732, 885
09-27 15:15:30.570   881   881 E mm-camera: 716, 624, 548, 485, 432, 392, 368, 358, 363, 380, 407, 446,505, 581, 663, 769, 953
09-27 15:15:30.570   881   881 E mm-camera: 769, 670, 591, 531, 480, 442, 414, 404, 407, 424, 451, 490,546, 615, 701, 830, 1041
09-27 15:15:30.570   881   881 E mm-camera: 830, 740, 647, 586, 537, 499, 473, 462, 466, 483, 507, 543,593, 660, 760, 921, 1128
09-27 15:15:30.571   881   881 E mm-camera: -----------DCC----------------
09-27 15:15:30.571   881   881 E mm-camera: MapWidth 8, MapHeight 6, Q factor 4
09-27 15:15:30.571   881   881 E mm-camera: 524, 411, 349, 343, 348, 358, 426, 533,
09-27 15:15:30.571   881   881 E mm-camera: 520, 400, 343, 339, 343, 351, 415, 533,
09-27 15:15:30.571   881   881 E mm-camera: 513, 391, 342, 337, 341, 351, 406, 527,
09-27 15:15:30.571   881   881 E mm-camera: 512, 392, 341, 333, 336, 348, 405, 519,
09-27 15:15:30.571   881   881 E mm-camera: 531, 395, 335, 326, 329, 344, 417, 551,
09-27 15:15:30.571   881   881 E mm-camera: 567, 404, 336, 325, 328, 347, 432, 581,
09-27 15:15:30.571   881   881 E mm-camera: <SENSOR><ERROR> ov13855_gt24c64a_chicony_eeprom_format_pdafgain: 502: [WENDELL]-ov13855_gt24c64a_chicony_eeprom_format_pdafgain: EXIT
09-27 15:15:30.571   881   881 E mm-camera: 
09-27 15:15:30.571   881   881 E mm-camera: <SENSOR><ERROR> ov13855_gt24c64a_chicony_eeprom_format_wbdata: 126: [WENDELL]-ov13855_gt24c64a_chicony_eeprom_format_wbdata: Enter
09-27 15:15:30.571   881   881 E mm-camera: 
