09-27 14:53:33.250   844   844 E mm-camera: <IMGLIB><ERROR> 744: module_imglib_create_topology: module_imglib_create_topology:744] Can not init the module imglib_trueportrait
09-27 14:53:33.251   856   856 D QSEECOMAPI: QSEECom_get_handle sb_length = 0x144c0
09-27 14:53:33.251   856   856 D QSEECOMAPI: App is not loaded in QSEE
09-27 14:53:33.252   856   856 D QSEECOMAPI: app_arch = 1, total_files = 8
09-27 14:53:33.252   844   844 E mm-camera: <IMGLIB><ERROR> 957: frameproc_comp_load_fn_ptrs: img_algo_post_process can be NULL for few AOST features
09-27 14:53:33.253   844   844 E mm-camera: <IMGLIB><ERROR> 744: module_imglib_create_topology: module_imglib_create_topology:744] Can not init the module imglib_oem1
09-27 14:53:33.253   844   844 I mm-camera: <MCT   >< INFO> 135: server_process_module_init: CAMERA_DAEMON: init mods done
09-27 14:53:33.254   776   776 I QCamera : <MCI><INFO> get_num_of_cameras: 1906: dev_info[id=0,name='video1']
09-27 14:53:33.254   776   776 I QCamera : <MCI><INFO> get_num_of_cameras: 1906: dev_info[id=1,name='video2']
09-27 14:53:33.254   776   776 I QCamera : <MCI><INFO> get_num_of_cameras: 1906: dev_info[id=2,name='video3']
09-27 14:53:33.254   776   776 I QCamera : <MCI><INFO> sort_camera_info: 1678: YUV Aux camera exposed 0
09-27 14:53:33.254   776   776 I QCamera : <MCI><INFO> sort_camera_info: 1755: Camera id: 0 facing: 0, type: 1 is_yuv: 0
09-27 14:53:33.254   776   776 I QCamera : <MCI><INFO> sort_camera_info: 1755: Camera id: 1 facing: 1, type: 0 is_yuv: 0
09-27 14:53:33.254   776   776 I QCamera : <MCI><INFO> sort_camera_info: 1755: Camera id: 2 facing: 0, type: 2 is_yuv: 0
09-27 14:53:33.254   776   776 I QCamera : <MCI><INFO> sort_camera_info: 1758: Number of cameras 3 sorted 3
09-27 14:53:33.255   776   776 I QCamera : <MCI><INFO> get_num_of_cameras: 1924: num_cameras=3
09-27 14:53:33.255   776   776 I CameraService: Loaded "QCamera Module" camera module
09-27 14:53:33.255   776   776 I QCamera : <HAL><INFO> int qcamera::QCamera2Factory::getCameraInfo(int, struct camera_info *): 351: Camera id 0 API version 256
09-27 14:53:33.256   844   844 I mm-camera: < INFO> 395: void enable_memleak_trace(int): start memleak tracking.
09-27 14:53:33.274   844   844 I mm-camera: <MCT   >< INFO> 63: mct_controller_new: Creating new mct_controller with session-id 1
09-27 14:53:33.274   844  1624 I mm-camera: <MCT   >< INFO> 4549: mct_pipeline_start_session_thread: E sensor
09-27 14:53:33.274   844  1624 I mm-camera: <MCT   >< INFO> 4556: mct_pipeline_start_session_thread: Calling start_session on Module sensor
09-27 14:53:33.274   844  1624 E         : <ALTEK_LOG><LOG> module_sensor_start_session: 1335: 0 
09-27 14:53:33.274   844  1625 I mm-camera: <MCT   >< INFO> 4549: mct_pipeline_start_session_thread: E iface
09-27 14:53:33.274   844  1625 I mm-camera: <MCT   >< INFO> 4556: mct_pipeline_start_session_thread: Calling start_session on Module iface
09-27 14:53:33.275   844  1627 I mm-camera: <MCT   >< INFO> 4549: mct_pipeline_start_session_thread: E isp
09-27 14:53:33.275   844  1627 I mm-camera: <MCT   >< INFO> 4556: mct_pipeline_start_session_thread: Calling start_session on Module isp
09-27 14:53:33.275   844  1627 I mm-camera: <ISP   >< INFO> 201: isp_module_start_session: session id 1
09-27 14:53:33.276   844  1624 E mm-camera: <SENSOR><ERROR> 2724: sensor_open: [WENDELL]sensor_open:2724 - dc_mode = 0
09-27 14:53:33.276   844  1629 I mm-camera: <MCT   >< INFO> 4549: mct_pipeline_start_session_thread: E stats
09-27 14:53:33.276   844  1629 I mm-camera: <MCT   >< INFO> 4556: mct_pipeline_start_session_thread: Calling start_session on Module stats
09-27 14:53:33.276   844  1629 E mm-3a-core: <ALTEK_LOG><LOG> stats_module_start_session: 239: 0 
09-27 14:53:33.277   844  1625 I mm-camera: <MCT   >< INFO> 4559: mct_pipeline_start_session_thread: Module iface start_session rc = 1
09-27 14:53:33.277   844  1625 I mm-camera: <MCT   >< INFO> 4567: mct_pipeline_start_session_thread: started_num = 1, success = 1
09-27 14:53:33.277   844  1625 I mm-camera: <MCT   >< INFO> 4574: mct_pipeline_start_session_thread: X iface
09-27 14:53:33.277   844  1630 I mm-camera: <MCT   >< INFO> 4549: mct_pipeline_start_session_thread: E pproc
09-27 14:53:33.277   844  1630 I mm-camera: <MCT   >< INFO> 4556: mct_pipeline_start_session_thread: Calling start_session on Module pproc
09-27 14:53:33.277   844  1631 I mm-camera: <MCT   >< INFO> 4549: mct_pipeline_start_session_thread: E imglib
09-27 14:53:33.277   844  1631 I mm-camera: <MCT   >< INFO> 4556: mct_pipeline_start_session_thread: Calling start_session on Module imglib
09-27 14:53:33.282   844  1631 I mm-camera: <MCT   >< INFO> 4559: mct_pipeline_start_session_thread: Module imglib start_session rc = 1
09-27 14:53:33.282   844  1631 I mm-camera: <MCT   >< INFO> 4567: mct_pipeline_start_session_thread: started_num = 2, success = 2
09-27 14:53:33.282   844  1631 I mm-camera: <MCT   >< INFO> 4574: mct_pipeline_start_session_thread: X imglib
09-27 14:53:33.283   844  1629 I alFineSearch: alHAF vesion5000.570
09-27 14:53:33.283   844  1630 I mm-camera: <MCT   >< INFO> 4559: mct_pipeline_start_session_thread: Module pproc start_session rc = 1
09-27 14:53:33.283   844  1630 I mm-camera: <MCT   >< INFO> 4567: mct_pipeline_start_session_thread: started_num = 3, success = 3
09-27 14:53:33.283   844  1629 W alFineSearch: [ST.WRONG] turn off customer af log!
09-27 14:53:33.283   844  1630 I mm-camera: <MCT   >< INFO> 4574: mct_pipeline_start_session_thread: X pproc
09-27 14:53:33.289   844  1624 I mm-camera: <MCT   >< INFO> 4559: mct_pipeline_start_session_thread: Module sensor start_session rc = 1
09-27 14:53:33.289   844  1624 I mm-camera: <MCT   >< INFO> 4567: mct_pipeline_start_session_thread: started_num = 4, success = 4
09-27 14:53:33.289   844  1624 I mm-camera: <MCT   >< INFO> 4574: mct_pipeline_start_session_thread: X sensor
09-27 14:53:33.290   844  1636 I ServiceManager: Waiting for service sensorservice...
09-27 14:53:33.290   844  1627 I mm-camera: <MCT   >< INFO> 4559: mct_pipeline_start_session_thread: Module isp start_session rc = 1
09-27 14:53:33.290   844  1627 I mm-camera: <MCT   >< INFO> 4567: mct_pipeline_start_session_thread: started_num = 5, success = 5
09-27 14:53:33.290   844  1627 I mm-camera: <MCT   >< INFO> 4574: mct_pipeline_start_session_thread: X isp
09-27 14:53:33.291   844  1629 I mm-camera: <MCT   >< INFO> 4559: mct_pipeline_start_session_thread: Module stats start_session rc = 1
09-27 14:53:33.291   844  1629 I mm-camera: <MCT   >< INFO> 4567: mct_pipeline_start_session_thread: started_num = 6, success = 6
09-27 14:53:33.291   844  1629 I mm-camera: <MCT   >< INFO> 4574: mct_pipeline_start_session_thread: X stats
09-27 14:53:33.303   844   844 I mm-camera: <MCT   >< INFO> 4470: mct_pipeline_start_stream_internal: Adding session stream streamid= 0xf for session=1
09-27 14:53:33.304   844   844 I mm-camera: <MCT   >< INFO> 4518: mct_pipeline_start_stream_internal: Linking session stream for session 1
09-27 14:53:33.304   844   844 I mm-camera: <MCT   >< INFO> 516: mct_stream_start_link: Start linking Session-stream 0x1000f
09-27 14:53:33.304   844   844 I mm-camera: <IFACE >< INFO> 338: iface_util_find_primary_cid: iface_util_find_primary_cid:338 error cannot find primary sensor format cids 1
09-27 14:53:33.304   844   844 I mm-camera: <ISP   >< INFO> 801: isp_port_check_caps_reserve: port 0xe66eb140 ide 1000f type 10 dim 0 0
09-27 14:53:33.304   844   844 I mm-camera: <PPROC >< INFO> 446: pproc_port_add_modules_to_stream: in identity 1000f stream 10 int_link = 0xe6774900
09-27 14:53:33.304   844   844 I mm-camera: <PPROC >< INFO> 458: pproc_port_add_modules_to_stream: :LINK linking mods tmod and ppeiscore for identity 1000f
09-27 14:53:33.305   844   844 I mm-camera: <PPROC >< INFO> 458: pproc_port_add_modules_to_stream: :LINK linking mods ppeiscore and c2d for identity 1000f
09-27 14:53:33.305   844   844 I mm-camera: <C2D   >< INFO> 1490: c2d_module_notify_add_stream: width 0, height 0, stride 0, scanline 0, is_type 0
09-27 14:53:33.305   844   844 I mm-camera: <PPROC >< INFO> 458: pproc_port_add_modules_to_stream: :LINK linking mods c2d and cpp for identity 1000f
09-27 14:53:33.305   844   844 I mm-camera: <CPP   >< INFO> 2154: cpp_module_notify_add_stream: :width 0, height 0, stride 0, scanline 0, framelen 0
09-27 14:53:33.305   844   844 I mm-camera: <CPP   >< INFO> 2326: cpp_module_notify_add_stream: : stream 10, fmt 1, asf_mode 0, sharpness_level 0.000000,asf mask 0, denoise 0, denoise_mask 0, dsdn mask 0,dsdn enable 0, tnr mask 0, tnr enable 0, ds_mask 0
09-27 14:53:33.305   844   844 I mm-camera: <PPROC >< INFO> 458: pproc_port_add_modules_to_stream: :LINK linking mods cpp and paaf for identity 1000f
09-27 14:53:33.305   844   844 I mm-camera: <PPROC >< INFO> 458: pproc_port_add_modules_to_stream: :LINK linking mods paaf and llvd for identity 1000f
09-27 14:53:33.306   844   844 I mm-camera: <PPROC >< INFO> 458: pproc_port_add_modules_to_stream: :LINK linking mods llvd and ezt for identity 1000f
09-27 14:53:33.306   844   844 I mm-camera: <PPROC >< INFO> 458: pproc_port_add_modules_to_stream: :LINK linking mods ezt and quadracfa for identity 1000f
09-27 14:53:33.307   844   844 E mm-camera: <STATS ><ERROR> 2822: stats_port_check_caps_reserve: Invalid Port capability type!
09-27 14:53:33.307   844   844 E mm-camera: <STATS ><ERROR> 2822: stats_port_check_caps_reserve: Invalid Port capability type!
09-27 14:53:33.307   844   844 E mm-camera: <STATS ><ERROR> 2822: stats_port_check_caps_reserve: Invalid Port capability type!
09-27 14:53:33.307   844   844 E mm-camera: <STATS ><ERROR> 2822: stats_port_check_caps_reserve: Invalid Port capability type!
09-27 14:53:33.307   844   844 E mm-camera: <STATS ><ERROR> 2822: stats_port_check_caps_reserve: Invalid Port capability type!
09-27 14:53:33.308   844   844 I mm-camera: <MCT   >< INFO> 4527: mct_pipeline_start_stream_internal: Session stream linked successfully session 1
09-27 14:53:33.364   844  1626 E mm-camera: <SENSOR><ERROR> ov13855_gt24c64a_chicony_eeprom_get_calibration_items: 85: [WENDELL]-ov13855_gt24c64a_chicony_eeprom_get_calibration_items: Enter
09-27 14:53:33.364   844  1626 E mm-camera: 
09-27 14:53:33.364   844  1626 E mm-camera: <SENSOR><ERROR> ov13855_gt24c64a_chicony_eeprom_get_calibration_items: 102: [WENDELL]-ov13855_gt24c64a_chicony_eeprom_get_calibration_items: EXIT
09-27 14:53:33.364   844  1626 E mm-camera: 
09-27 14:53:33.379   844  1644 I mm-camera: <IMGLIB>< INFO> 2062: module_faceproc_query_mod: Caps ROI 10 scene_mode_cnt 1 HW analysis supported 0
09-27 14:53:33.379   844  1644 I mm-camera: <MCT   >< INFO> 1771: mct_pipeline_append_fps_entry:  Added hal_table[0]: (15.000000, 15.000000)
09-27 14:53:33.379   844  1644 I mm-camera: <MCT   >< INFO> 1771: mct_pipeline_append_fps_entry:  Added hal_table[1]: (20.000000, 20.000000)
09-27 14:53:33.379   844  1644 I mm-camera: <MCT   >< INFO> 1771: mct_pipeline_append_fps_entry:  Added hal_table[2]: (7.500000, 24.000000)
09-27 14:53:33.379   844  1644 I mm-camera: <MCT   >< INFO> 1784: mct_pipeline_append_fps_entry:  Added hal_table[3]: (24.000000, 24.000000)
09-27 14:53:33.379   844  1644 I mm-camera: <MCT   >< INFO> 1771: mct_pipeline_append_fps_entry:  Added hal_table[4]: (7.000000, 30.000000)
09-27 14:53:33.379   844  1644 I mm-camera: <MCT   >< INFO> 1784: mct_pipeline_append_fps_entry:  Added hal_table[5]: (30.000000, 30.000000)
09-27 14:53:33.379   844  1644 I mm-camera: <MCT   >< INFO> 2955: mct_pipeline_fill_dimensions_snapshot: Cam 0: FPS range selection complete. Publishing 6 ranges.
09-27 14:53:33.380   844   844 I mm-camera: <MCT   >< INFO> 219: mct_controller_destroy: Initiating destroy sequence for session = 1
09-27 14:53:33.381   844   844 I mm-camera: <MCT   >< INFO> 237: mct_controller_destroy: serv_thread closed
09-27 14:53:33.381   844   844 I mm-camera: <MCT   >< INFO> 252: mct_controller_destroy: bus_handler thread closed
09-27 14:53:33.381   844   844 I mm-camera: <MCT   >< INFO> 4627: mct_pipeline_stop_session: Initiating stop_session on session 1
09-27 14:53:33.381   844   844 I mm-camera: <MCT   >< INFO> 3668: mct_pipeline_process_set: command=800000b
09-27 14:53:33.381   844   844 I mm-camera: <MCT   >< INFO> 3886: mct_pipeline_process_set: Issuing DEL_STREAM on stream 0x1000f and stream type=10
09-27 14:53:33.381   844   844 I mm-camera: <IFACE >< INFO> 677: iface_unreserve_sink_port: stream_id f mode 0 
09-27 14:53:33.381   844   844 I mm-camera: <ISP   >< INFO> 890: isp_port_check_caps_unreserve: ide 1000f port 0xe66eb140
09-27 14:53:33.382   844   844 I mm-camera: <MCT   >< INFO> 3897: mct_pipeline_process_set: Stream 0x1000f and stream type=10, successfully deleted
09-27 14:53:33.383   844  1649 I mm-camera: <MCT   >< INFO> 4361: mct_pipeline_stop_session_thread: Stop module name: sensor - E
09-27 14:53:33.383   844  1650 I mm-camera: <MCT   >< INFO> 4361: mct_pipeline_stop_session_thread: Stop module name: iface - E
09-27 14:53:33.383   844  1651 I mm-camera: <MCT   >< INFO> 4361: mct_pipeline_stop_session_thread: Stop module name: isp - E
09-27 14:53:33.383   844  1650 I mm-camera: <MCT   >< INFO> 4369: mct_pipeline_stop_session_thread: Stop module name: iface - X
09-27 14:53:33.383   844  1651 I mm-camera: <ISP   >< INFO> 487: isp_module_stop_session: session id 1
09-27 14:53:33.384   844  1652 I mm-camera: <MCT   >< INFO> 4361: mct_pipeline_stop_session_thread: Stop module name: stats - E
09-27 14:53:33.385   844  1653 I mm-camera: <MCT   >< INFO> 4361: mct_pipeline_stop_session_thread: Stop module name: pproc - E
09-27 14:53:33.385   844  1651 I mm-camera: <MCT   >< INFO> 4369: mct_pipeline_stop_session_thread: Stop module name: isp - X
09-27 14:53:33.386   844  1653 I mm-camera: <MCT   >< INFO> 4369: mct_pipeline_stop_session_thread: Stop module name: pproc - X
09-27 14:53:33.386   844   844 I mm-camera: <MCT   >< INFO> 4649: mct_pipeline_stop_session: Modules left: 5
09-27 14:53:33.386   844   844 I mm-camera: <MCT   >< INFO> 4649: mct_pipeline_stop_session: Modules left: 4
09-27 14:53:33.386   844   844 I mm-camera: <MCT   >< INFO> 4649: mct_pipeline_stop_session: Modules left: 3
09-27 14:53:33.386   844  1654 I mm-camera: <MCT   >< INFO> 4361: mct_pipeline_stop_session_thread: Stop module name: imglib - E
09-27 14:53:33.386   844  1654 I mm-camera: <MCT   >< INFO> 4369: mct_pipeline_stop_session_thread: Stop module name: imglib - X
09-27 14:53:33.386   844   844 I mm-camera: <MCT   >< INFO> 4649: mct_pipeline_stop_session: Modules left: 2
09-27 14:53:33.388   844  1652 I mm-camera: <MCT   >< INFO> 4369: mct_pipeline_stop_session_thread: Stop module name: stats - X
09-27 14:53:33.388   844   844 I mm-camera: <MCT   >< INFO> 4649: mct_pipeline_stop_session: Modules left: 1
09-27 14:53:33.391  1320  1350 E slim_daemon: [NDK] bindNDKSensors: Sensor server is unavailable.
09-27 14:53:33.405   844  1649 I mm-camera: <MCT   >< INFO> 4369: mct_pipeline_stop_session_thread: Stop module name: sensor - X
09-27 14:53:33.405   844   844 I mm-camera: <MCT   >< INFO> 4649: mct_pipeline_stop_session: Modules left: 0
09-27 14:53:33.405   844   844 I mm-camera: <MCT   >< INFO> 4659: mct_pipeline_stop_session: Stopped session 1 successfully
09-27 14:53:33.405   844   844 I mm-camera: <MCT   >< INFO> 4937: mct_pipeline_destroy: E: session:1
09-27 14:53:33.405   844   844 I mm-camera: <MCT   >< INFO> 5010: mct_pipeline_destroy: X: Pipeline destroyed successfully session =1
09-27 14:53:33.405   844   844 I mm-camera: <MCT   >< INFO> 286: mct_controller_destroy: X Successfully closed mct_controller session 1
09-27 14:53:33.406   776   776 I QCamera : <HAL><INFO> static int qcamera::QCamera3HardwareInterface::getCamInfo(uint32_t, struct camera_info *): 8770: camera 0 resource cost is 100
09-27 14:53:33.407   776   776 I QCamera : <HAL><INFO> int qcamera::QCamera2Factory::getCameraInfo(int, struct camera_info *): 351: Camera id 1 API version 256
09-27 14:53:33.407   844   844 I mm-camera: < INFO> 395: void enable_memleak_trace(int): start memleak tracking.
09-27 14:53:33.416   844   844 I mm-camera: <MCT   >< INFO> 63: mct_controller_new: Creating new mct_controller with session-id 3
09-27 14:53:33.416   844  1655 I mm-camera: <MCT   >< INFO> 4549: mct_pipeline_start_session_thread: E sensor
09-27 14:53:33.417   844  1655 I mm-camera: <MCT   >< INFO> 4556: mct_pipeline_start_session_thread: Calling start_session on Module sensor
09-27 14:53:33.417   844  1655 E         : <ALTEK_LOG><LOG> module_sensor_start_session: 1335: 0 
09-27 14:53:33.417   844  1656 I mm-camera: <MCT   >< INFO> 4549: mct_pipeline_start_session_thread: E iface
09-27 14:53:33.417   844  1656 I mm-camera: <MCT   >< INFO> 4556: mct_pipeline_start_session_thread: Calling start_session on Module iface
09-27 14:53:33.417   844  1658 I mm-camera: <MCT   >< INFO> 4549: mct_pipeline_start_session_thread: E isp
09-27 14:53:33.417   844  1658 I mm-camera: <MCT   >< INFO> 4556: mct_pipeline_start_session_thread: Calling start_session on Module isp
09-27 14:53:33.418   844  1658 I mm-camera: <ISP   >< INFO> 201: isp_module_start_session: session id 3
09-27 14:53:33.418   844  1660 I mm-camera: <MCT   >< INFO> 4549: mct_pipeline_start_session_thread: E stats
09-27 14:53:33.418   844  1656 I mm-camera: <MCT   >< INFO> 4559: mct_pipeline_start_session_thread: Module iface start_session rc = 1
09-27 14:53:33.418   844  1656 I mm-camera: <MCT   >< INFO> 4567: mct_pipeline_start_session_thread: started_num = 1, success = 1
09-27 14:53:33.418   844  1656 I mm-camera: <MCT   >< INFO> 4574: mct_pipeline_start_session_thread: X iface
09-27 14:53:33.418   844  1660 I mm-camera: <MCT   >< INFO> 4556: mct_pipeline_start_session_thread: Calling start_session on Module stats
09-27 14:53:33.418   844  1660 E mm-3a-core: <ALTEK_LOG><LOG> stats_module_start_session: 239: 0 
09-27 14:53:33.419   844  1662 I mm-camera: <MCT   >< INFO> 4549: mct_pipeline_start_session_thread: E pproc
09-27 14:53:33.419   844  1662 I mm-camera: <MCT   >< INFO> 4556: mct_pipeline_start_session_thread: Calling start_session on Module pproc
09-27 14:53:33.419   844  1660 I alFineSearch: alHAF vesion5000.570
09-27 14:53:33.419   844  1660 W alFineSearch: [ST.WRONG] turn off customer af log!
09-27 14:53:33.419   844  1664 I mm-camera: <MCT   >< INFO> 4549: mct_pipeline_start_session_thread: E imglib
09-27 14:53:33.419   844  1664 I mm-camera: <MCT   >< INFO> 4556: mct_pipeline_start_session_thread: Calling start_session on Module imglib
09-27 14:53:33.420   844  1658 I mm-camera: <MCT   >< INFO> 4559: mct_pipeline_start_session_thread: Module isp start_session rc = 1
09-27 14:53:33.420   844  1658 I mm-camera: <MCT   >< INFO> 4567: mct_pipeline_start_session_thread: started_num = 2, success = 2
09-27 14:53:33.420   844  1658 I mm-camera: <MCT   >< INFO> 4574: mct_pipeline_start_session_thread: X isp
09-27 14:53:33.420   844  1664 I mm-camera: <MCT   >< INFO> 4559: mct_pipeline_start_session_thread: Module imglib start_session rc = 1
09-27 14:53:33.420   844  1664 I mm-camera: <MCT   >< INFO> 4567: mct_pipeline_start_session_thread: started_num = 3, success = 3
09-27 14:53:33.420   844  1664 I mm-camera: <MCT   >< INFO> 4574: mct_pipeline_start_session_thread: X imglib
09-27 14:53:33.421   844  1660 I mm-camera: <MCT   >< INFO> 4559: mct_pipeline_start_session_thread: Module stats start_session rc = 1
09-27 14:53:33.421   844  1660 I mm-camera: <MCT   >< INFO> 4567: mct_pipeline_start_session_thread: started_num = 4, success = 4
09-27 14:53:33.421   844  1660 I mm-camera: <MCT   >< INFO> 4574: mct_pipeline_start_session_thread: X stats
09-27 14:53:33.424   844  1662 I mm-camera: <MCT   >< INFO> 4559: mct_pipeline_start_session_thread: Module pproc start_session rc = 1
09-27 14:53:33.424   844  1662 I mm-camera: <MCT   >< INFO> 4567: mct_pipeline_start_session_thread: started_num = 5, success = 5
09-27 14:53:33.424   844  1662 I mm-camera: <MCT   >< INFO> 4574: mct_pipeline_start_session_thread: X pproc
09-27 14:53:33.430   844  1655 I mm-camera: <MCT   >< INFO> 4559: mct_pipeline_start_session_thread: Module sensor start_session rc = 1
09-27 14:53:33.430   844  1655 I mm-camera: <MCT   >< INFO> 4567: mct_pipeline_start_session_thread: started_num = 6, success = 6
09-27 14:53:33.430   844  1655 I mm-camera: <MCT   >< INFO> 4574: mct_pipeline_start_session_thread: X sensor
09-27 14:53:33.435   844   844 I mm-camera: <MCT   >< INFO> 4470: mct_pipeline_start_stream_internal: Adding session stream streamid= 0xf for session=3
09-27 14:53:33.435   844   844 I mm-camera: <MCT   >< INFO> 4518: mct_pipeline_start_stream_internal: Linking session stream for session 3
09-27 14:53:33.435   844   844 I mm-camera: <MCT   >< INFO> 516: mct_stream_start_link: Start linking Session-stream 0x3000f
09-27 14:53:33.435   844   844 I mm-camera: <ISP   >< INFO> 801: isp_port_check_caps_reserve: port 0xe66eb140 ide 3000f type 10 dim 0 0
09-27 14:53:33.436   844   844 I mm-camera: <PPROC >< INFO> 446: pproc_port_add_modules_to_stream: in identity 3000f stream 10 int_link = 0xe6774900
09-27 14:53:33.436   844   844 I mm-camera: <PPROC >< INFO> 458: pproc_port_add_modules_to_stream: :LINK linking mods tmod and ppeiscore for identity 3000f
09-27 14:53:33.436   844   844 I mm-camera: <PPROC >< INFO> 458: pproc_port_add_modules_to_stream: :LINK linking mods ppeiscore and c2d for identity 3000f
09-27 14:53:33.436   844   844 I mm-camera: <C2D   >< INFO> 1490: c2d_module_notify_add_stream: width 0, height 0, stride 0, scanline 0, is_type 0
09-27 14:53:33.436   844   844 I mm-camera: <PPROC >< INFO> 458: pproc_port_add_modules_to_stream: :LINK linking mods c2d and cpp for identity 3000f
09-27 14:53:33.437   844   844 I mm-camera: <CPP   >< INFO> 2154: cpp_module_notify_add_stream: :width 0, height 0, stride 0, scanline 0, framelen 0
09-27 14:53:33.437   844   844 I mm-camera: <CPP   >< INFO> 2326: cpp_module_notify_add_stream: : stream 10, fmt 1, asf_mode 0, sharpness_level 0.000000,asf mask 0, denoise 0, denoise_mask 0, dsdn mask 0,dsdn enable 0, tnr mask 0, tnr enable 0, ds_mask 0
09-27 14:53:33.437   844   844 I mm-camera: <PPROC >< INFO> 458: pproc_port_add_modules_to_stream: :LINK linking mods cpp and paaf for identity 3000f
09-27 14:53:33.437   844   844 I mm-camera: <PPROC >< INFO> 458: pproc_port_add_modules_to_stream: :LINK linking mods paaf and llvd for identity 3000f
09-27 14:53:33.438   844   844 I mm-camera: <PPROC >< INFO> 458: pproc_port_add_modules_to_stream: :LINK linking mods llvd and ezt for identity 3000f
09-27 14:53:33.438   844   844 I mm-camera: <PPROC >< INFO> 458: pproc_port_add_modules_to_stream: :LINK linking mods ezt and quadracfa for identity 3000f
09-27 14:53:33.439   844   844 E mm-camera: <STATS ><ERROR> 2822: stats_port_check_caps_reserve: Invalid Port capability type!
09-27 14:53:33.439   844   844 E mm-camera: <STATS ><ERROR> 2822: stats_port_check_caps_reserve: Invalid Port capability type!
09-27 14:53:33.439   844   844 E mm-camera: <STATS ><ERROR> 2822: stats_port_check_caps_reserve: Invalid Port capability type!
09-27 14:53:33.439   844   844 E mm-camera: <STATS ><ERROR> 2822: stats_port_check_caps_reserve: Invalid Port capability type!
09-27 14:53:33.439   844   844 E mm-camera: <STATS ><ERROR> 2822: stats_port_check_caps_reserve: Invalid Port capability type!
09-27 14:53:33.441   844   844 I mm-camera: <MCT   >< INFO> 4527: mct_pipeline_start_stream_internal: Session stream linked successfully session 3
09-27 14:53:33.460   770   770 I art     : Thread[1,tid=770,Native,Thread*=0x7fa8295a00,peer=0x12c460d0,"main"] recursive attempt to load library "/system/lib64/libmedia_jni.so"
09-27 14:53:33.460   770   770 D MtpDeviceJNI: register_android_mtp_MtpDevice
09-27 14:53:33.462   770   770 I art     : Thread[1,tid=770,Native,Thread*=0x7fa8295a00,peer=0x12c460d0,"main"] recursive attempt to load library "/system/lib64/libmedia_jni.so"
09-27 14:53:33.462   770   770 I art     : Thread[1,tid=770,Native,Thread*=0x7fa8295a00,peer=0x12c460d0,"main"] recursive attempt to load library "/system/lib64/libmedia_jni.so"
09-27 14:53:33.502  1319  1366 E LocSvc_api_v02: E/loc_sync_wait_for_ind:458]: slot 0, timed out for ind_id QMI_LOC_INJECT_APDONOTCACHE_DATA_REQ_V02
09-27 14:53:33.502  1319  1366 E LocSvc_api_v02: E/loc_sync_send_req:529]: loc_api_wait_for_ind failed, err -110, select id 0, status eLOC_CLIENT_FAILURE_TIMEOUT
09-27 14:53:33.502  1319  1366 E LocSvc_IzatApiV02: E/virtual int izat_core::IzatApiV02::injectApCacheBlacklist(APCacheBlacklistData):857]: Error : st = 6, ind.status = 0
09-27 14:53:33.502  1319  1366 E LocSvc_IzatApiV02: E/virtual int izat_core::IzatApiV02::injectApCacheBlacklist(APCacheBlacklistData):869]: inject AP Cache - blacklistto modem failed. 
09-27 14:53:33.502  1319  1366 E LocSvc_api_v02: I/---> locClientSendReq line 2064 QMI_LOC_INJECT_APDONOTCACHE_DATA_REQ_V02
09-27 14:53:33.547   945  1038 D Diag_Lib: [IMS_DEBUG]| 201 | 1038 |clientThreadHandler_ipc : Received a buffer of size 28
09-27 14:53:33.547   945  1038 D Diag_Lib: [IMS_DEBUG]| 208 | 1038 |clientThreadHandler_ipc : msg.ipc_request_id is 0
09-27 14:53:33.547   945  1038 D Diag_Lib: [IMS_DEBUG]| 216 | 1038 |clientThreadHandler_ipc : DATAD_GET_HANDLE
09-27 14:53:33.547   945  1038 D Diag_Lib: [IMS_DEBUG]| 662 | 1038 |Datad_SocketHandler_ipc : Len 28, Bytes Consumed [28], Bytes Remaining [0]
09-27 14:53:33.547   945  1038 D Diag_Lib: [IMS_DEBUG]| 831 | 1038 |datad_select_fd : clientThreadHandler_ipc retrun 0
09-27 14:53:33.547   945  1038 D Diag_Lib: [IMS_DEBUG]| 942 | 1038 |qpDataD_ipc_get_handle : Exit success with --AppID 20--
09-27 14:53:33.547   945  1038 D Diag_Lib: [IMS_DEBUG]| 1187 | 1038 |qpDataD_ipc_startService : Enter
09-27 14:53:33.547   945  1038 D Diag_Lib: [IMS_DEBUG]| 1091 | 1038 |datad_send_ipc_request : Enter
09-27 14:53:33.547   945  1038 D Diag_Lib: [IMS_DEBUG]| 1100 | 1038 |datad_send_ipc_request : App ID match found at 0
09-27 14:53:33.547   945  1038 D Diag_Lib: [IMS_DEBUG]| 1141 | 1038 |datad_send_ipc_request : Send 2 bytes 29
09-27 14:53:33.547   945  1038 D Diag_Lib: [IMS_DEBUG]| 823 | 1038 |datad_select_fd : Enter : fd 13
09-27 14:53:33.547   945  1038 D Diag_Lib: [IMS_DEBUG]| 168 | 1038 |clientThreadHandler_ipc : client thread created
09-27 14:53:33.547   945  1038 D Diag_Lib: [IMS_DEBUG]| 182 | 1038 |clientThreadHandler_ipc : waiting to read
09-27 14:53:33.567   945  1038 D Diag_Lib: [IMS_DEBUG]| 201 | 1038 |clientThreadHandler_ipc : Received a buffer of size 28
09-27 14:53:33.567   945  1038 D Diag_Lib: [IMS_DEBUG]| 208 | 1038 |clientThreadHandler_ipc : msg.ipc_request_id is 1
09-27 14:53:33.567   945  1038 D Diag_Lib: [IMS_DEBUG]| 239 | 1038 |clientThreadHandler_ipc : DATAD_START_SERVICE
09-27 14:53:33.567   945  1038 D Diag_Lib: [IMS_DEBUG]| 662 | 1038 |Datad_SocketHandler_ipc : Len 28, Bytes Consumed [28], Bytes Remaining [0]
09-27 14:53:33.567   945  1038 D Diag_Lib: [IMS_DEBUG]| 831 | 1038 |datad_select_fd : clientThreadHandler_ipc retrun 0
09-27 14:53:33.567   945  1038 D Diag_Lib: [IMS_DEBUG]| 1159 | 1038 |datad_send_ipc_request : Return with success
09-27 14:53:33.568   945  1038 E Diag_Lib: [IMS_ERROR]| 1205 | 1038 |qpDataD_ipc_startService : Success
09-27 14:53:33.568   945  1038 D Diag_Lib: [IMS_DEBUG]| 204 | 1038 |qpActivateLinkLocal | Waiting on Sem for event from Datadaemon
09-27 14:53:33.568   945  1038 D Diag_Lib: [IMS_DEBUG]| 823 | 1038 |datad_select_fd : Enter : fd 13
09-27 14:53:33.568   945  1038 D Diag_Lib: [IMS_DEBUG]| 168 | 1038 |clientThreadHandler_ipc : client thread created
09-27 14:53:33.568   945  1038 D Diag_Lib: [IMS_DEBUG]| 182 | 1038 |clientThreadHandler_ipc : waiting to read
09-27 14:53:33.577   825   825 I cnss-daemon: RTM_NEWROUTE Indication
09-27 14:53:33.577   825   825 I cnss-daemon: RTM_NEWROUTE Indication
09-27 14:53:33.578   825   825 I cnss-daemon: RTM_NEWROUTE Indication
09-27 14:53:33.582   825   825 I cnss-daemon: RTM_NEWROUTE Indication
09-27 14:53:33.584   818   818 V NatController: runCmd(/system/bin/iptables -w -W 10000 -F natctrl_FORWARD) res=0
09-27 14:53:33.603   818   818 V NatController: runCmd(/system/bin/ip6tables -w -W 10000 -F natctrl_FORWARD) res=0
09-27 14:53:33.620   818   818 V NatController: runCmd(/system/bin/iptables -w -W 10000 -A natctrl_FORWARD -j DROP) res=0
09-27 14:53:33.636   818   818 V NatController: runCmd(/system/bin/iptables -w -W 10000 -t nat -F natctrl_nat_POSTROUTING) res=0
09-27 14:53:33.653   818   818 V NatController: runCmd(/system/bin/ip6tables -w -W 10000 -t raw -F natctrl_raw_PREROUTING) res=0
09-27 14:53:33.661   856   856 D QSEECOMAPI: Loaded image: APP id = 393218
09-27 14:53:33.672   818   818 V NatController: runCmd(/system/bin/iptables -w -W 10000 -F natctrl_tether_counters) res=1
09-27 14:53:33.677   920   920 I MSM-irqbalance: Discovered a new IRQ: 304
09-27 14:53:33.684   825   825 I cnss-daemon: RTM_NEWROUTE Indication
09-27 14:53:33.685   825   825 I cnss-daemon: RTM_NEWROUTE Indication
09-27 14:53:33.685   825   825 I cnss-daemon: ip type is ipv6
09-27 14:53:33.686   856   856 D QSEECOMAPI: QSEECom_get_handle sb_length = 0x400
09-27 14:53:33.686   856   856 D QSEECOMAPI: App is already loaded QSEE and app id = 65537
09-27 14:53:33.691   818   818 V NatController: runCmd(/system/bin/ip6tables -w -W 10000 -F natctrl_tether_counters) res=1
09-27 14:53:33.705   856   856 D QSEECOMAPI: QSEECom_dealloc_memory 
09-27 14:53:33.705   856   856 D QSEECOMAPI: QSEECom_shutdown_app, app_id = 65537
09-27 14:53:33.710   818   818 V NatController: runCmd(/system/bin/iptables -w -W 10000 -X natctrl_tether_counters) res=1
09-27 14:53:33.724   945  1038 D Diag_Lib: [IMS_DEBUG]| 201 | 1038 |clientThreadHandler_ipc : Received a buffer of size 108
09-27 14:53:33.724   945  1038 D Diag_Lib: [IMS_DEBUG]| 208 | 1038 |clientThreadHandler_ipc : msg.ipc_request_id is 4
09-27 14:53:33.724   945  1038 D Diag_Lib: [IMS_DEBUG]| 304 | 1038 |clientThreadHandler_ipc : DATAD_EVENT
09-27 14:53:33.724   945  1038 D Diag_Lib: [IMS_DEBUG]| 327 | 1038 |clientThreadHandler_ipc : DATAD_EVENT : eCS_ENETISCONN
09-27 14:53:33.724   945  1038 D Diag_Lib: [IMS_DEBUG]| 344 | 1038 |clientThreadHandler_ipc : DATAD_EVENT : eCS_ENETISCONN : pMsg_resp->iFaceName rmnet_data7, pMsg_resp->ipaddress fe80::ca2c:8fd0:fef:9f6a
09-27 14:53:33.724   945  1038 D Diag_Lib: [IMS_DEBUG]| 345 | 1038 |clientThreadHandler_ipc : DATAD_EVENT : eCS_ENETISCONN : pDataD_IPC_Handle->ipc_record[count].iFace rmnet_data7, pDataD_IPC_Handle->ipc_record[count].ipaddr fe80::ca2c:8fd0:fef:9f6a
09-27 14:53:33.724   945  1038 D Diag_Lib: [IMS_DEBUG]| 126 | 1038 |qpDplHandshakeNetEventCb | eEvent 2
09-27 14:53:33.724   945  1038 E Diag_Lib: [IMS_ERROR]| 1315 | 1038 |qpDataD_ipc_getIpAddress : Enter
09-27 14:53:33.724   945  1038 D Diag_Lib: [IMS_DEBUG]| 1328 | 1038 |qpDataD_ipc_getIpAddress : App ID match found at 0
09-27 14:53:33.724   945  1038 E Diag_Lib: [IMS_ERROR]| 1357 | 1038 |qpDataD_ipc_getIpAddress : IPV6 case. ip fe80::ca2c:8fd0:fef:9f6a
09-27 14:53:33.724   945  1038 D Diag_Lib: [IMS_DEBUG]| 1362 | 1038 |qpDataD_ipc_getIpAddress : inet_pton success
09-27 14:53:33.724   945  1038 D Diag_Lib: [IMS_DEBUG]| 1411 | 1038 |qpDataD_ipc_getIFaceName : App ID match found at 0
09-27 14:53:33.724   945  1038 D Diag_Lib: [IMS_DEBUG]| 149 | 1038 |qpDplHandshakeNetEventCb | IP address is fe80::ca2c:8fd0:fef:9f6a
09-27 14:53:33.725   945  1038 D Diag_Lib: [IMS_DEBUG]| 662 | 1038 |Datad_SocketHandler_ipc : Len 108, Bytes Consumed [108], Bytes Remaining [0]
09-27 14:53:33.725   945  1038 D Diag_Lib: [IMS_DEBUG]| 831 | 1038 |datad_select_fd : clientThreadHandler_ipc retrun 0
09-27 14:53:33.725   945  1038 D Diag_Lib: [IMS_DEBUG]| 226 | 1038 |qpActivateLinkLocal | return with success
09-27 14:53:33.725   945  1038 D Diag_Lib: [IMS_DEBUG]| 3469 | 1038 |qpDplInetPton: For IPV6 Success
09-27 14:53:33.725   945  1038 D Diag_Lib: [IMS_DEBUG]| 350 | 1038 |qpHandShakeDataInit: calling qpDplNetOpen
09-27 14:53:33.725   945  1038 D Diag_Lib: [IMS_DEBUG]| 360 | 1038 |qpHandShakeDataInit: setting scope ID to 12
09-27 14:53:33.725   945  1038 D Diag_Lib: [IMS_DEBUG]| 365 | 1038 |qpHandShakeDataInit  : ipv6 address is fe80::ca2c:8fd0:fef:9f6a
09-27 14:53:33.725   945  1038 D Diag_Lib: [IMS_DEBUG]| 394 | 1038 |[IMS_DEBUG]****qpHandShakeDataInit: SO_RCVBUF size is 212992
09-27 14:53:33.725   945  1038 D Diag_Lib: [IMS_DEBUG]| 397 | 1038 |qpHandShakeDataInit: Setting SO_RCVBUF to double of 425984 ..
09-27 14:53:33.725   945  1038 D Diag_Lib: [IMS_DEBUG]| 408 | 1038 |[IMS_DEBUG]****qpHandShakeDataInit: SO_RCVBUF size is 851968
09-27 14:53:33.725   945  1038 D Diag_Lib: [IMS_DEBUG]| 412 | 1038 |qpHandShakeDataInit:: IP Address: fe80::ca2c:8fd0:fef:9f6a
09-27 14:53:33.725   945  1038 D Diag_Lib: [IMS_DEBUG]| 413 | 1038 |qpHandShakeDataInit:: Port : 44127
09-27 14:53:33.725   945  1038 D Diag_Lib: [IMS_DEBUG]| 1075 | 1038 |qpdpl:Initialize - qpHandShakeDataInit Success
09-27 14:53:33.725   945  1038 D Diag_Lib: [IMS_DEBUG]| 2053 | 1038 |qpHandshakeSendUserAgent : Sending Userdata string
09-27 14:53:33.725   945  1038 D Diag_Lib: [IMS_DEBUG]| 2061 | 1038 |qpHandshakeSendUserAgent : Index 0, Reading Prop - [ro.fota.oem]
09-27 14:53:33.725   945  1038 D Diag_Lib: [IMS_DEBUG]| 2070 | 1038 |qpHandshakeSendUserAgent : Property [ro.fota.oem] Not Found. Skip it
09-27 14:53:33.725   945  1038 D Diag_Lib: [IMS_DEBUG]| 2061 | 1038 |qpHandshakeSendUserAgent : Index 1, Reading Prop - [ro.product.model]
09-27 14:53:33.725   945  1038 D Diag_Lib: [IMS_DEBUG]| 2074 | 1038 |qpHandshakeSendUserAgent : [ro.product.model] = [G]
09-27 14:53:33.725   945  1038 D Diag_Lib: [IMS_DEBUG]| 2079 | 1038 |qpHandshakeSendUserAgent : Allocating pUserDataString for 2 bytes
09-27 14:53:33.725   945  1038 D Diag_Lib: [IMS_DEBUG]| 2110 | 1038 |qpHandshakeSendUserAgent :  pUserDataString -  [G]
09-27 14:53:33.725   945  1038 D Diag_Lib: [IMS_DEBUG]| 2061 | 1038 |qpHandshakeSendUserAgent : Index 2, Reading Prop - [ro.build.software.version]
09-27 14:53:33.725   945  1038 D Diag_Lib: [IMS_DEBUG]| 2070 | 1038 |qpHandshakeSendUserAgent : Property [ro.build.software.version] Not Found. Skip it
09-27 14:53:33.725   945  1038 D Diag_Lib: [IMS_DEBUG]| 2120 | 1038 |qpHandshakeSendUserAgent : Final Userdata string - [G], String len [1], Offset [1]
09-27 14:53:33.725   945  1038 D Diag_Lib: [IMS_AP_D] 1492 | 1038 | qpdatadaemon_ipc.c : qpDataDaemonGetModemLinkLocal : Enter
09-27 14:53:33.725   945  1038 D Diag_Lib: [IMS_AP_D] 1521 | 1038 | qpdatadaemon_ipc.c : qpDataDaemonGetModemLinkLocal : inet_pton success
09-27 14:53:33.726   945  1038 D Diag_Lib: [IMS_AP_D] 459 | 1038 | qpDplHandShakeHandler.c : qpDplHandshakeSocketSend  : remote ipv6 address is fe80::ecf8:fe41:f010:1818
09-27 14:53:33.726   945  1038 E Diag_Lib: [IMS_AP_E] 470 | 1038 | qpDplHandShakeHandler.c : qpDplHandshakeSocketSend: Error sending data on UDP sockets: errno [Network is unreachable]
09-27 14:53:33.726   945  1038 E Diag_Lib: [IMS_ERROR]| 2151 | 1038 |qpHandshakeSendUserAgent: qpDplHandshakeSocketSend failed
09-27 14:53:33.726   945  1038 D Diag_Lib: [IMS_DEBUG]| 1165 | 1038 |qpdpl:Initialize -sending dplInitialeComplete on success case
09-27 14:53:33.726   945  1038 D Diag_Lib: [IMS_DEBUG]| 754 | 1038 |qpDplRegRecoveryMonitor : Recovery Monitor Start
09-27 14:53:33.726   945  1038 D Diag_Lib: [IMS_DEBUG]| 767 | 1038 |DPL#$$#0#DPL STARTED HEAR BEAT
09-27 14:53:33.726   945  1038 D Diag_Lib: [IMS_DEBUG]| 804 | 1038 |DPL#$$#0#DPL SIGNAL Handler Not installed for VT case
09-27 14:53:33.726   945  1038 D Diag_Lib: [IMS_DEBUG]| 3013 | 1038 |dplInitialeComplete
09-27 14:53:33.726   945  1038 D Diag_Lib: [IMS_DEBUG]| 3019 | 1038 |dplInitialeComplete
09-27 14:53:33.726   945  1038 D Diag_Lib: [IMS_DEBUG]| 2579 | 1038 |qpDplPostMessage
09-27 14:53:33.726   945  1038 E Diag_Lib: [IMS_AP_E] 2539 | 1038 | qpdpl.c : calling qpPushEventToEventQueue
09-27 14:53:33.726   945  1038 E         : qvp_rtp_media_init
09-27 14:53:33.726   945  1038 E         : qvp_rtp_task_ctx.qvp_rtp_free_msg_queue = 0x7facc17248
09-27 14:53:33.726   945  1038 E         : qvp_rtp_media_init_pvt
09-27 14:53:33.726   945  1038 E         : qvp_rtp_media_init_pvt QVP_RTP_VIDEO
09-27 14:53:33.726   945  1038 E         : qvp_rtp_media_init_video_pvt function called
09-27 14:53:33.726   818   818 V NatController: runCmd(/system/bin/ip6tables -w -W 10000 -X natctrl_tether_counters) res=1
09-27 14:53:33.726   945  1038 E         : qpRTPVideoInitialize
09-27 14:53:33.726   945  1038 E         : qpRTPVideoInitialize pVideoData
09-27 14:53:33.726   945  1038 E         : qpRTPVideoInitialize pGlobalData 0x7fab60c000 pGlobalData->pVideo 0x7fab6aa000
09-27 14:53:33.726   856   856 D QSEECOMAPI: QSEECom_dealloc_memory 
09-27 14:53:33.726   945  1038 E         : qpRTPVideoInitialize success
09-27 14:53:33.726   945  1038 E         : qvp_rtp_media_init_video_pvt function sucess
09-27 14:53:33.726   856   856 D QSEECOMAPI: QSEECom_shutdown_app, app_id = 393218
09-27 14:53:33.726   945  1038 E         : qvp_rtp_task_ctx.qvp_rtp_free_msg_queue = 0x7facc17248
09-27 14:53:33.726   945  1038 D Diag_Lib: [IMS_DEBUG]| 286 | 1038 |qpdpl:imsSignalHandler: Event:54521, Valid:1
09-27 14:53:33.737   945  1038 D Diag_Lib: [IMS_DEBUG]| 58 | 1038 |qpDPlOnMessage App 54521
09-27 14:53:33.737   945  1038 D Diag_Lib: [IMS_DEBUG]| 70 | 1038 |qpDplGetTimeInMilliSeconds : Enter
09-27 14:53:33.737   945  1038 D Diag_Lib: [IMS_DEBUG]| 74 | 1038 |qpDplGetTimeInMilliSeconds : Exit with Success
09-27 14:53:33.737   945  1038 D Diag_Lib: [IMS_DEBUG]| 3017 | 1038 |qpdpl_get_config_group | eQP_IMS_DPL_CONFIG
09-27 14:53:33.737   945  1038 D Diag_Lib: [IMS_DEBUG]| 2992 | 1038 |qpdpl_get_config_group | eQP_IMS_SIP_CONFIG
09-27 14:53:33.737   945  1038 D Diag_Lib: [IMS_DEBUG]| 3051 | 1038 |qpDplGetIMSI
09-27 14:53:33.737   945  1038 D Diag_Lib: [IMS_DEBUG]| 99 | 1038 |QPConfigurationHandler::GetInstance
09-27 14:53:33.737   945  1038 D Diag_Lib: [IMS_DEBUG]| 743 | 1038 |qpdpl_get_config_group_value | eQP_IMS_PM_CONFIG
09-27 14:53:33.738   945  1038 D Diag_Lib: [IMS_DEBUG]| 2442 | 1038 |QPConfigurationHandler::GetPMRATMapped Entered
09-27 14:53:33.738   945  1038 D Diag_Lib: [IMS_DEBUG]| 2527 | 1038 |QPConfigurationHandler::GetPMRATFBMapped Entered
09-27 14:53:33.738   945  1038 D Diag_Lib: [IMS_DEBUG]| 910 | 1038 |qpDplIODeviceGetItem
09-27 14:53:33.738   945  1038 D Diag_Lib: [IMS_DEBUG]| 926 | 1038 |qpDplIODeviceGetItem | QP_IMS_OPRT_MODE
09-27 14:53:33.738   945  1038 D Diag_Lib: [IMS_DEBUG]| 94 | 1038 |qpDplRegNVChangeInd - FOUND empty pos at index[0] for pCallBackFunc[ab3addb8]
09-27 14:53:33.738   945  1038 E Diag_Lib: [IMS_ERROR]| 228 | 1038 |QPConfigurationHandler::Init | RegSettingChangeCB registered with settings change cb
09-27 14:53:33.738   945  1038 D Diag_Lib: [IMS_DEBUG]| 232 | 1038 |QPConfigurationHandler::SetLTENoVopsConfigured -LTE no Vops configured 0
09-27 14:53:33.738   945  1038 D Diag_Lib: [IMS_DEBUG]| 252 | 1038 |QPConfigurationHandler::qpGetConfiguration QP_PM_REQUEST_ID 9
09-27 14:53:33.738   945  1038 D Diag_Lib: [IMS_DEBUG]| 667 | 1038 |qpdpl_get_config_group_value | eQP_IMS_SIP_CONFIG
09-27 14:53:33.738   945  1038 D Diag_Lib: [IMS_DEBUG]| 1470 | 1038 |qpDplAllocateLoSockRang : gLOSockFdStart [29501], gLOSockFdEnd [30000]
09-27 14:53:33.738   945  1038 D Diag_Lib: [IMS_AP_D] 1492 | 1038 | qpdatadaemon_ipc.c : qpDataDaemonGetModemLinkLocal : Enter
09-27 14:53:33.738   945  1038 D Diag_Lib: [IMS_AP_D] 1521 | 1038 | qpdatadaemon_ipc.c : qpDataDaemonGetModemLinkLocal : inet_pton success
09-27 14:53:33.738   945  1038 D Diag_Lib: [IMS_DEBUG]| 6998 | 1038 |qpDplGetLinkLocalAddr | Return Modem Link Local address with success
09-27 14:53:33.738   945  1038 D Diag_Lib: [IMS_DEBUG]| 7010 | 1038 |qpDplGetLinkLocalAddr | Return APSS Link Local address with success
09-27 14:53:33.738   945  1038 D Diag_Lib: [IMS_DEBUG]| 1762 | 1038 |qpDplNetOpen: Net Open called for Connection Profile (ab6a4140)
09-27 14:53:33.738   945  1038 D Diag_Lib: [IMS_DEBUG]| 6101 | 1038 |isSlotAvailNetConnProfileArray: Found an Empty index at [1] pos
09-27 14:53:33.738   945  1038 D Diag_Lib: [IMS_DEBUG]| 1783 | 1038 |qpDplNetOpen:pNetConnProfile->eSockType 2 , pNetConnProfile->eProtoInet 2
09-27 14:53:33.738   945  1038 D Diag_Lib: [IMS_DEBUG]| 1883 | 1038 |NET_IFACE_LINK_LOCAL hard coding family to v6
09-27 14:53:33.738   945  1038 D Diag_Lib: [IMS_DEBUG]| 1732 | 1038 |isLocalIPAvailable: IPV6 : Local IP Configured
09-27 14:53:33.738   945  1038 D Diag_Lib: [IMS_DEBUG]| 1945 | 1038 |qpDplNetOpen: socket create with familyType 10, socketType 2, protocol 17
09-27 14:53:33.738   945  1038 E Diag_Lib: [IMS_ERROR]| 1980 | 1038 |qpDplNetOpen - getting NetID from - sys.ims.datadaemon.ims.netid - for IMS pdn
09-27 14:53:33.739   945  1038 E Diag_Lib: [IMS_ERROR]| 1983 | 1038 |qpDplNetOpen - net id for ims pdn 18446744073709551615
09-27 14:53:33.739   945  1038 D Diag_Lib: [IMS_DEBUG]| 1997 | 1038 |Socket FD 18 added to the conn profile
09-27 14:53:33.739   945  1038 D Diag_Lib: [IMS_DEBUG]| 693 | 1038 |qpdpl_get_config_group_value | eQP_IMS_DPL_CONFIG
09-27 14:53:33.739   945  1038 E Diag_Lib: [IMS_ERROR]| 2006 | 1038 |qpDplNetOpen: DSCP Value [0]
09-27 14:53:33.739   945  1038 D Diag_Lib: [IMS_DEBUG]| 2040 | 1038 |qpDplNetOpen: setsockopt  SO_SNDBUF set to [36864]
09-27 14:53:33.739   945  1038 D Diag_Lib: [IMS_DEBUG]| 2049 | 1038 |qpDplNetOpen: SO_SNDBUF option set on UDP socket [18]
09-27 14:53:33.739   945  1038 D Diag_Lib: [IMS_DEBUG]| 2152 | 1038 |qpDplNetOpen: Remote PORT=0
09-27 14:53:33.739   945  1038 D Diag_Lib: [IMS_DEBUG]| 2158 | 1038 |qpDplNetOpen: Local PORT=0
09-27 14:53:33.739   945  1038 D Diag_Lib: [IMS_DEBUG]| 2186 | 1038 |qpDplNetOpen: after htons pSocketData->iLocalPort [0], original pNetConnProfile->iLocalPort 0
09-27 14:53:33.739   945  1038 D Diag_Lib: [IMS_DEBUG]| 604 | 1038 |AllocSocketDataBlock: pSocketData=ab6c4000
09-27 14:53:33.739   945  1038 D Diag_Lib: [IMS_DEBUG]| 611 | 1038 |AllocSocketDataBlock: Found block 0 to save mapping from socket descriptor to socket struct
09-27 14:53:33.739   945  1038 D Diag_Lib: [IMS_DEBUG]| 612 | 1038 |AllocSocketDataBlock: pSocketData->iSocketFd 18
09-27 14:53:33.739   945  1038 D Diag_Lib: [IMS_DEBUG]| 3645 | 1038 |SocketRealize: enter
09-27 14:53:33.739   945  1038 D Diag_Lib: [IMS_DEBUG]| 3716 | 1038 |NET_SOCK_DGRAM == pSocketData->iSocketType
09-27 14:53:33.739   945  1038 D Diag_Lib: [IMS_DEBUG]| 3720 | 1038 |ss_family == AF_INET6
09-27 14:53:33.739   945  1038 D Diag_Lib: [IMS_DEBUG]| 3738 | 1038 |Setting scope ID 12
09-27 14:53:33.739   945  1038 D Diag_Lib: [IMS_DEBUG]| 3743 | 1038 |SocketRealize  : ipv6 address is fe80::ca2c:8fd0:fef:9f6a
09-27 14:53:33.739   945  1038 E Diag_Lib: [IMS_ERROR]| 3765 | 1038 |SocketRealize: NET_IFACE_LINK_LOCAL not tethered or routable
09-27 14:53:33.739   945  1038 D Diag_Lib: [IMS_DEBUG]| 4083 | 1038 |inside NET_SOCK_DGRAM , calling SocketRead(pSocketData)
09-27 14:53:33.739   945  1038 D Diag_Lib: [IMS_DEBUG]| 4224 | 1038 |SocketRead: Error reading data on socket: errno [Try again]
09-27 14:53:33.739   945  1038 D Diag_Lib: [IMS_DEBUG]| 4341 | 1038 |SocketRead: Error EWOULDBLOCK/EIO - socket monitor thread will take care of this
09-27 14:53:33.739   945  1038 D Diag_Lib: [IMS_DEBUG]| 4091 | 1038 |inside NET_SOCK_DGRAM , calling SocketWrite(pSocketData)
09-27 14:53:33.739   945  1038 D Diag_Lib: [IMS_DEBUG]| 4483 | 1038 |SocketWrite | There is no packets to write
09-27 14:53:33.739   945  1038 D Diag_Lib: [IMS_DEBUG]| 4130 | 1038 |socekt realize exit
09-27 14:53:33.739   945  1038 D Diag_Lib: [IMS_DEBUG]| 2277 | 1038 |qpDplNetOpen - Adding [0x7fab6a4140] profile with [18] socket in [1] index
09-27 14:53:33.739   945  1038 D Diag_Lib: [IMS_DEBUG]| 2282 | 1038 |dummy write to unblock select, Since a new socket is created
09-27 14:53:33.739   945  1038 D Diag_Lib: [IMS_DEBUG]| 4585 | 1038 |SocketWrite : scopeid 0
09-27 14:53:33.740   945  1038 E Diag_Lib: [IMS_ERROR]| 4611 | 1038 |SocketWrite: Error sending data on UDP sockets: errno [Network is unreachable]
09-27 14:53:33.740   945  1038 D Diag_Lib: [IMS_DEBUG]| 4782 | 1038 |SocketWrite: QP_ERROR
09-27 14:53:33.740   945  1038 E Diag_Lib: [IMS_ERROR]| 3340 | 1038 |qpDplNetSendData - Error on SocketWrite
09-27 14:53:33.740   945  1038 D Diag_Lib: [IMS_DEBUG]| 2363 | 1038 |qpDplNetClose: Net Close called for Connection Profile (ab6a4140)
09-27 14:53:33.740   945  1038 D Diag_Lib: [IMS_DEBUG]| 2371 | 1038 |qpDplNetClose - Acquiring lock
09-27 14:53:33.740   945  1038 D Diag_Lib: [IMS_DEBUG]| 2382 | 1038 |qpDplNetClose - remove socket from array of active netconn profiles
09-27 14:53:33.740   945  1038 D Diag_Lib: [IMS_DEBUG]| 2395 | 1038 |qpDplNetClose - Found [0x7fab6a4140] profile with [18] socket in [1] index
09-27 14:53:33.740   945  1038 E Diag_Lib: [IMS_ERROR]| 4391 | 1038 |SocketClose: iIsRoutable : Not implemented
09-27 14:53:33.740   945  1038 D Diag_Lib: [IMS_DEBUG]| 654 | 1038 |FreeSocketDataBlock: pSocketData=ab6c4000
09-27 14:53:33.740   945  1038 D Diag_Lib: [IMS_DEBUG]| 662 | 1038 |FreeSocketDataBlock: Freed block 0 mapping from socket descriptor to socket struct
09-27 14:53:33.740   945  1038 D Diag_Lib: [IMS_DEBUG]| 2486 | 1038 |qpDplNetClose - success, dummy write to unblock select, socket removed
09-27 14:53:33.740   945  1038 E Diag_Lib: DPL : gIsQXDMDisabled 0, gIsADBDisabled 1, gIsDebugDisabled 0, gIsIMSLogsDisabled 0 gIsDebugDataPathDisabled = 0
09-27 14:53:33.740   945  1038 E         : qvp_rtp_task_ctx.qvp_rtp_message_queue = 0x7facc17230
09-27 14:53:33.743   818   818 V NatController: runCmd(/system/bin/iptables -w -W 10000 -N natctrl_tether_counters) res=0
09-27 14:53:33.756   771   771 I art     : Thread[1,tid=771,Native,Thread*=0xef185400,peer=0x12c04f70,"main"] recursive attempt to load library "/system/lib/libmedia_jni.so"
09-27 14:53:33.757   771   771 D MtpDeviceJNI: register_android_mtp_MtpDevice
09-27 14:53:33.759   771   771 I art     : Thread[1,tid=771,Native,Thread*=0xef185400,peer=0x12c04f70,"main"] recursive attempt to load library "/system/lib/libmedia_jni.so"
09-27 14:53:33.760   771   771 I art     : Thread[1,tid=771,Native,Thread*=0xef185400,peer=0x12c04f70,"main"] recursive attempt to load library "/system/lib/libmedia_jni.so"
09-27 14:53:33.760   818   818 V NatController: runCmd(/system/bin/ip6tables -w -W 10000 -N natctrl_tether_counters) res=0
09-27 14:53:33.775   844  1675 I mm-camera: <IMGLIB>< INFO> 2062: module_faceproc_query_mod: Caps ROI 10 scene_mode_cnt 1 HW analysis supported 0
09-27 14:53:33.775   844  1675 I mm-camera: <MCT   >< INFO> 1771: mct_pipeline_append_fps_entry:  Added hal_table[0]: (15.000000, 15.000000)
09-27 14:53:33.775   844  1675 I mm-camera: <MCT   >< INFO> 1771: mct_pipeline_append_fps_entry:  Added hal_table[1]: (7.500000, 20.000000)
09-27 14:53:33.775   844  1675 I mm-camera: <MCT   >< INFO> 1784: mct_pipeline_append_fps_entry:  Added hal_table[2]: (20.000000, 20.000000)
09-27 14:53:33.775   844  1675 I mm-camera: <MCT   >< INFO> 1771: mct_pipeline_append_fps_entry:  Added hal_table[3]: (7.500000, 24.000000)
09-27 14:53:33.775   844  1675 I mm-camera: <MCT   >< INFO> 1784: mct_pipeline_append_fps_entry:  Added hal_table[4]: (24.000000, 24.000000)
09-27 14:53:33.775   844  1675 I mm-camera: <MCT   >< INFO> 1771: mct_pipeline_append_fps_entry:  Added hal_table[5]: (7.000000, 30.000000)
09-27 14:53:33.775   844  1675 I mm-camera: <MCT   >< INFO> 1784: mct_pipeline_append_fps_entry:  Added hal_table[6]: (30.000000, 30.000000)
09-27 14:53:33.775   844  1675 I mm-camera: <MCT   >< INFO> 2955: mct_pipeline_fill_dimensions_snapshot: Cam 1: FPS range selection complete. Publishing 7 ranges.
09-27 14:53:33.776   818   818 V NatController: runCmd(/system/bin/iptables -w -W 10000 -t mangle -A natctrl_mangle_FORWARD -p tcp --tcp-flags SYN SYN -j TCPMSS --clamp-mss-to-pmtu) res=0
09-27 14:53:33.777   844   844 I mm-camera: <MCT   >< INFO> 219: mct_controller_destroy: Initiating destroy sequence for session = 3
09-27 14:53:33.777   844   844 I mm-camera: <MCT   >< INFO> 237: mct_controller_destroy: serv_thread closed
09-27 14:53:33.777   844   844 I mm-camera: <MCT   >< INFO> 252: mct_controller_destroy: bus_handler thread closed
09-27 14:53:33.777   844   844 I mm-camera: <MCT   >< INFO> 4627: mct_pipeline_stop_session: Initiating stop_session on session 3
09-27 14:53:33.777   844   844 I mm-camera: <MCT   >< INFO> 3668: mct_pipeline_process_set: command=800000b
09-27 14:53:33.777   844   844 I mm-camera: <MCT   >< INFO> 3886: mct_pipeline_process_set: Issuing DEL_STREAM on stream 0x3000f and stream type=10
09-27 14:53:33.777   844   844 I mm-camera: <IFACE >< INFO> 677: iface_unreserve_sink_port: stream_id f mode 0 
09-27 14:53:33.777   844   844 I mm-camera: <ISP   >< INFO> 890: isp_port_check_caps_unreserve: ide 3000f port 0xe66eb140
09-27 14:53:33.778   844   844 I mm-camera: <MCT   >< INFO> 3897: mct_pipeline_process_set: Stream 0x3000f and stream type=10, successfully deleted
09-27 14:53:33.779   844  1709 I mm-camera: <MCT   >< INFO> 4361: mct_pipeline_stop_session_thread: Stop module name: sensor - E
09-27 14:53:33.779   844  1710 I mm-camera: <MCT   >< INFO> 4361: mct_pipeline_stop_session_thread: Stop module name: iface - E
09-27 14:53:33.780   844  1710 I mm-camera: <MCT   >< INFO> 4369: mct_pipeline_stop_session_thread: Stop module name: iface - X
09-27 14:53:33.780   844  1711 I mm-camera: <MCT   >< INFO> 4361: mct_pipeline_stop_session_thread: Stop module name: isp - E
09-27 14:53:33.780   844  1711 I mm-camera: <ISP   >< INFO> 487: isp_module_stop_session: session id 3
09-27 14:53:33.780   844  1712 I mm-camera: <MCT   >< INFO> 4361: mct_pipeline_stop_session_thread: Stop module name: stats - E
09-27 14:53:33.780   844  1711 I mm-camera: <MCT   >< INFO> 4369: mct_pipeline_stop_session_thread: Stop module name: isp - X
