09-27 15:16:09.649  2250  2250 D ImsPhoneCallTracker: [ImsPhoneCallTracker] hangup call
09-27 15:16:09.649  2250  2250 D ImsPhoneCallTracker: [ImsPhoneCallTracker] hangup call
09-27 15:16:09.649  2250  2250 D ImsPhoneCallTracker: [ImsPhoneCallTracker] hangup call
09-27 15:16:09.649  2250  2250 D ImsPhoneCallTracker: [ImsPhoneCallTracker] hangup call
09-27 15:16:09.650  2250  2250 D ImsPhoneCallTracker: [ImsPhoneCallTracker] clearDisconnected
09-27 15:16:09.650  2250  2250 D ImsPhoneCallTracker: [ImsPhoneCallTracker] updatePhoneState pendingMo = null, fg= IDLE(0), bg= IDLE(0)
09-27 15:16:09.650  2250  2250 D ImsPhoneCallTracker: [ImsPhoneCallTracker] updatePhoneState oldState=IDLE, newState=IDLE
09-27 15:16:09.655  2250  2250 D Phone   : mImsIntentReceiver: action com.android.ims.IMS_SERVICE_DOWN
09-27 15:16:09.655  2250  2250 D Phone   : mImsIntentReceiver: extraPhoneId = 0
09-27 15:16:09.655  2250  2250 D Phone   : mImsIntentReceiver: action com.android.ims.IMS_SERVICE_UP
09-27 15:16:09.655  2250  2250 D Phone   : mImsIntentReceiver: extraPhoneId = 1
09-27 15:16:09.655  2250  2250 D Phone   : mImsIntentReceiver: action com.android.ims.IMS_SERVICE_UP
09-27 15:16:09.655  2250  2250 D Phone   : mImsIntentReceiver: extraPhoneId = 1
09-27 15:16:09.655  2250  2250 D Phone   : updateImsPhone mImsServiceReady=true
09-27 15:16:09.656  2250  2250 D TelephonyTester: register for intent action=com.android.internal.telephony.imsphone.action_detached
09-27 15:16:09.656  2250  2250 D TelephonyTester: register for intent action=com.android.internal.telephony.imsphone.action_attached
09-27 15:16:09.656  2250  2250 D TelephonyTester: register for intent action=com.android.internal.telephony.TestConferenceEventPackage
09-27 15:16:09.668  2250  2250 D Phone   : mDoesRilSendMultipleCallRing=false
09-27 15:16:09.668  2250  2250 D Phone   : mCallRingDelay=3000
09-27 15:16:09.669  2250  2250 D QtiTelephonyComponentFactory: makeImsPhoneCallTracker
09-27 15:16:09.669  2250  2250 D TelephonyComponentFactory: makeImsPhoneCallTracker
09-27 15:16:09.675  2250  2250 D ImsPhoneCallTracker: [ImsPhoneCallTracker] No carrier ImsReasonInfo mappings defined.
09-27 15:16:09.676  2250  2250 D SST     : notifyDataRegStateRilRadioTechnologyChanged: drs=0 rat=14
09-27 15:16:09.676  2250  2250 D TelephonyManager: setTelephonyProperty: success phoneId=1 property=gsm.network.type value: LTE propVal=Unknown,LTE
09-27 15:16:09.677  2250  2250 D ImsPhone: updateDataServiceState: defSs = 0 0 voice home data home CHN-UNICOM UNICOM 46001 CHN-UNICOM UNICOM 46001  LTE LTE CSS not supported -1 -1 RoamInd=-1 DefRoamInd=-1 EmergOnly=false IsDataRoamingFromRegistration=false IsUsingCarrierAggregation=false mRilImsRadioTechnology=0 imsSs = 3 0 voice home data home null null null null null null  Unknown LTE CSS not supported -1 -1 RoamInd=-1 DefRoamInd=-1 EmergOnly=false IsDataRoamingFromRegistration=false IsUsingCarrierAggregation=false mRilImsRadioTechnology=0
09-27 15:16:09.678  2250  2250 D CallManager: registerPhone(ImsPhone Handler (com.android.internal.telephony.imsphone.ImsPhone) {d743d89})
09-27 15:16:09.683  2250  2250 D SubscriptionController: [getSubId]- numSubIds == 0, return DummySubIds slotIdx=0
09-27 15:16:09.685  2250  2250 D SubscriptionController: [getSubId]- numSubIds == 0, return DummySubIds slotIdx=0
09-27 15:16:09.687  2250  2250 D SubscriptionController: [getSubId]- numSubIds == 0, return DummySubIds slotIdx=0
09-27 15:16:09.689  2250  2250 D ImsManager: updateVolteFeatureValue: available = true, enabled = true, nonTTY = true
09-27 15:16:09.689  2250  2250 D ImsManager: getConfigInterface(), mConfig= com.android.ims.ImsConfig@4a22ce8
09-27 15:16:09.689  2250  2250 D ImsConfig: setFeatureValue: feature = 0, network =13, value =1, listener =null
09-27 15:16:09.693  2250  2250 D SubscriptionController: [getSubId]- numSubIds == 0, return DummySubIds slotIdx=0
09-27 15:16:09.700   958  1034 I RILQ    : (1/958):RIL[1][event] qcril_qmi_imss_set_qipcall_config_resp_hdlr: ril_err: 40, qmi res: 54
09-27 15:16:09.718  2250  2311 D RILJ    : Unsol response received for UNSOL_STK_PROACTIVE_COMMAND Sending ack to ril.cpp [SUB1]
09-27 15:16:09.718  2250  2311 D RILJ    : [UNSL]< UNSOL_STK_PROACTIVE_COMMAND [SUB1]
09-27 15:16:09.727  2250  2250 D ImsManager: getWfcMode - setting=2
09-27 15:16:09.728  2250  2250 D SubscriptionController: [getSubId]- numSubIds == 0, return DummySubIds slotIdx=0
09-27 15:16:09.729  2250  2250 D ImsManager: updateWfcFeatureAndProvisionedValues: available = true, enabled = false, mode = 2, roaming = false
09-27 15:16:09.729  2250  2250 D ImsManager: getConfigInterface(), mConfig= com.android.ims.ImsConfig@4a22ce8
09-27 15:16:09.729  2250  2250 D ImsConfig: setFeatureValue: feature = 2, network =18, value =0, listener =null
09-27 15:16:09.737  2250  3187 D ImsManager: getConfigInterface(), mConfig= com.android.ims.ImsConfig@4a22ce8
09-27 15:16:09.737  2250  3187 D ImsConfig: setProvisionedValue(): item = 27value = 1
09-27 15:16:09.741   958  1034 I RILQ    : (1/958):RIL[1][event] qcril_qmi_imss_set_client_provisioning_config_resp_hdlr: ril_err: 40, qmi res: 54
09-27 15:16:09.742  2250  2250 D SubscriptionController: [getSubId]- numSubIds == 0, return DummySubIds slotIdx=0
09-27 15:16:09.743  2250  2250 D SubscriptionController: [getSubId]- numSubIds == 0, return DummySubIds slotIdx=0
09-27 15:16:09.743  2250  2250 D ImsManager: updateVideoCallFeatureValue: available = true, enabled = true, nonTTY = true, data enabled = true
09-27 15:16:09.743  2250  2250 D ImsManager: getConfigInterface(), mConfig= com.android.ims.ImsConfig@4a22ce8
09-27 15:16:09.743  2250  2250 D ImsConfig: setFeatureValue: feature = 1, network =13, value =1, listener =null
09-27 15:16:09.747  2250  2250 D ImsManager: updateImsServiceConfig: turnOnIms
09-27 15:16:09.755  2250  3188 D ImsManager: getConfigInterface(), mConfig= com.android.ims.ImsConfig@4a22ce8
09-27 15:16:09.755  2250  3188 D ImsConfig: setProvisionedValue(): item = 26value = 0
09-27 15:16:09.756  2250  3188 D ImsConfig: setProvisionedValue(): item = 26 value = 0 ret = 1
09-27 15:16:09.759   958  1034 I RILQ    : (1/958):RIL[1][event] qcril_qmi_imss_set_qipcall_config_resp_hdlr: ril_err: 40, qmi res: 54
09-27 15:16:09.761  2250  3187 D ImsConfig: setProvisionedValue(): item = 27 value = 1 ret = 1
09-27 15:16:09.762   958  1034 I RILQ    : (1/958):RIL[1][event] qcril_qmi_imss_set_reg_mgr_config_resp_hdlr: ril_err: 0, qmi res: 0
09-27 15:16:09.772  2250  2250 D SST     : EVENT_GET_CELL_INFO_LIST: error ret null, e=com.android.internal.telephony.CommandException: SYSTEM_ERR
09-27 15:16:09.772  2250  3094 D SST     : SST.getAllCellInfo(): X size=0 list=null
09-27 15:16:09.772  2250  2250 D SST     : EVENT_GET_CELL_INFO_LIST: error ret null, e=com.android.internal.telephony.CommandException: SYSTEM_ERR
09-27 15:16:09.772  2250  3094 D SST     : SST.getAllCellInfo(): return last, back to back calls
09-27 15:16:09.773  2250  3094 D SST     : SST.getAllCellInfo(): return last, back to back calls
09-27 15:16:09.774  2250  2421 D SST     : SST.getAllCellInfo(): X size=0 list=null
09-27 15:16:09.774  2250  2421 D SST     : SST.getAllCellInfo(): return last, back to back calls
09-27 15:16:09.774  2250  2421 D SST     : SST.getAllCellInfo(): return last, back to back calls
09-27 15:16:09.821  2250  3094 D SST     : SST.getAllCellInfo(): return last, back to back calls
09-27 15:16:09.821  2250  3094 D SST     : SST.getAllCellInfo(): X size=0 list=null
09-27 15:16:09.821  2250  3094 D SST     : SST.getAllCellInfo(): return last, back to back calls
09-27 15:16:09.822  2250  3094 D SST     : SST.getAllCellInfo(): return last, back to back calls
09-27 15:16:09.825  2250  2421 D SST     : getCellLocation(): X good mCellLoc=[6265,10525727,-1]
09-27 15:16:09.825  2250  2250 D SubscriptionController: [getActiveSubscriptionInfo]+ subId=2 subInfo={id=2, iccId=89860116831014056097 simSlotIndex=1 displayName=CARD 2 carrierName=CHN-UNICOM nameSource=0 iconTint=-16746133 dataRoaming=0 iconBitmap=android.graphics.Bitmap@24301a8 mcc 460 mnc 1}
09-27 15:16:09.862  2250  3094 D SST     : SST.getAllCellInfo(): return last, back to back calls
09-27 15:16:09.862  2250  3094 D SST     : SST.getAllCellInfo(): X size=0 list=null
09-27 15:16:09.862  2250  3094 D SST     : SST.getAllCellInfo(): return last, back to back calls
09-27 15:16:09.862  2250  3094 D SST     : SST.getAllCellInfo(): return last, back to back calls
09-27 15:16:09.915  2250  2250 D UiccPkcs15: handleMessage: 1
09-27 15:16:09.915  2250  2250 D UiccPkcs15: select pkcs15 failed: com.android.internal.telephony.CommandException: NO_SUCH_ELEMENT
09-27 15:16:09.916  2250  2250 D SIMRecords: [SIMRecords] MSISDN: [iS4ySf46sTbLP-6TQAdCImRmoL8]
09-27 15:16:09.916  2250  2250 D SIMRecords: [SIMRecords] onRecordLoaded 2 requested: true
09-27 15:16:09.916  2250  2250 D PhoneSwitcher: handle event - 110
09-27 15:16:09.917  2250  2250 D PhoneSwitcher: handle event - 110
09-27 15:16:09.918  2250  2250 D TelephonyNetworkFactory[1]: onActivePhoneSwitch(true, true)
09-27 15:16:10.048  2250  2250 D SubscriptionController: [getActiveSubscriptionInfo]+ subId=2 subInfo={id=2, iccId=89860116831014056097 simSlotIndex=1 displayName=CARD 2 carrierName=CHN-UNICOM nameSource=0 iconTint=-16746133 dataRoaming=0 iconBitmap=android.graphics.Bitmap@f3bd0f2 mcc 460 mnc 1}
09-27 15:16:10.119  2250  2250 D ImsPhoneCallTracker: [ImsPhoneCallTracker] handleMessage what=23
09-27 15:16:10.119  2250  2250 D ImsPhoneCallTracker: [ImsPhoneCallTracker] onDataEnabledChanged: enabled=true, reason=0
09-27 15:16:10.119  2250  2250 D ImsManager: setDataEnabled: true
09-27 15:16:10.121  2250  2250 D SubscriptionController: [getSubId]- numSubIds == 0, return DummySubIds slotIdx=0
09-27 15:16:10.123  2250  2250 D SubscriptionController: [getSubId]- numSubIds == 0, return DummySubIds slotIdx=0
09-27 15:16:10.135  2250  2250 D SubscriptionController: [getSubId]- numSubIds == 0, return DummySubIds slotIdx=0
09-27 15:16:10.136  2250  2250 D ImsManager: updateVolteFeatureValue: available = true, enabled = true, nonTTY = true
09-27 15:16:10.136  2250  2250 D ImsManager: getConfigInterface(), mConfig= com.android.ims.ImsConfig@4a22ce8
09-27 15:16:10.136  2250  2250 D ImsConfig: setFeatureValue: feature = 0, network =13, value =1, listener =null
09-27 15:16:10.144  2250  2250 D SubscriptionController: [getSubId]- numSubIds == 0, return DummySubIds slotIdx=0
09-27 15:16:10.146   958  1034 I RILQ    : (1/958):RIL[1][event] qcril_qmi_imss_set_qipcall_config_resp_hdlr: ril_err: 40, qmi res: 54
09-27 15:16:10.182  2250  2250 D ImsManager: getWfcMode - setting=2
09-27 15:16:10.183  2250  2250 D SubscriptionController: [getSubId]- numSubIds == 0, return DummySubIds slotIdx=0
09-27 15:16:10.184  2250  2250 D ImsManager: updateWfcFeatureAndProvisionedValues: available = true, enabled = false, mode = 2, roaming = false
09-27 15:16:10.184  2250  2250 D ImsManager: getConfigInterface(), mConfig= com.android.ims.ImsConfig@4a22ce8
09-27 15:16:10.184  2250  2250 D ImsConfig: setFeatureValue: feature = 2, network =18, value =0, listener =null
09-27 15:16:10.190  2250  3205 D ImsManager: getConfigInterface(), mConfig= com.android.ims.ImsConfig@4a22ce8
09-27 15:16:10.190  2250  3205 D ImsConfig: setProvisionedValue(): item = 27value = 1
09-27 15:16:10.192  2250  3206 D ImsManager: getConfigInterface(), mConfig= com.android.ims.ImsConfig@4a22ce8
09-27 15:16:10.192  2250  3206 D ImsConfig: setProvisionedValue(): item = 26value = 0
09-27 15:16:10.193  2250  2250 D SubscriptionController: [getSubId]- numSubIds == 0, return DummySubIds slotIdx=0
09-27 15:16:10.194  2250  3206 D ImsConfig: setProvisionedValue(): item = 26 value = 0 ret = 1
09-27 15:16:10.194  2250  2250 D SubscriptionController: [getSubId]- numSubIds == 0, return DummySubIds slotIdx=0
09-27 15:16:10.195  2250  2250 D ImsManager: updateVideoCallFeatureValue: available = true, enabled = true, nonTTY = true, data enabled = true
09-27 15:16:10.195  2250  2250 D ImsManager: getConfigInterface(), mConfig= com.android.ims.ImsConfig@4a22ce8
09-27 15:16:10.195  2250  2250 D ImsConfig: setFeatureValue: feature = 1, network =13, value =1, listener =null
09-27 15:16:10.196   958  1034 I RILQ    : (1/958):RIL[1][event] qcril_qmi_imss_set_client_provisioning_config_resp_hdlr: ril_err: 40, qmi res: 54
09-27 15:16:10.198  2250  2250 D ImsManager: updateImsServiceConfig: turnOnIms
09-27 15:16:10.202  2250  2250 D ImsPhoneCallTracker: [ImsPhoneCallTracker] handleMessage what=24
09-27 15:16:10.202  2250  2250 D ImsPhoneCallTracker: [ImsPhoneCallTracker] getImsService
09-27 15:16:10.203   958  1034 I RILQ    : (1/958):RIL[1][event] qcril_qmi_imss_set_qipcall_config_resp_hdlr: ril_err: 40, qmi res: 54
09-27 15:16:10.204  2250  3205 D ImsConfig: setProvisionedValue(): item = 27 value = 1 ret = 1
09-27 15:16:10.204   958  1034 I RILQ    : (1/958):RIL[1][event] qcril_qmi_imss_set_reg_mgr_config_resp_hdlr: ril_err: 0, qmi res: 0
09-27 15:16:10.215  2250  2952 D ImsManager: registrationFeatureCapabilityChanged :: serviceClass=1
09-27 15:16:10.215  2250  2952 D ImsPhoneCallTracker: [ImsPhoneCallTracker] onFeatureCapabilityChanged: VoLTE:false ViLTE:false VoWiFi:false ViWiFi:false UTLTE:false UTWiFi:false 
09-27 15:16:10.215  2250  2952 D ImsPhoneCallTracker: [ImsPhoneCallTracker] onFeatureCapabilityChanged: isVolteEnabled=false, isVideoCallEnabled=false, isVowifiEnabled=false, isUtEnabled=false
09-27 15:16:10.219  2250  2250 D ImsEcbm : ImsEcbm created
09-27 15:16:10.225  2250  2250 D QtiGsmDCT: [1]QtiDcTracker handleMessage msg={ when=-548ms what=270377 obj=android.os.AsyncResult@fea9af9 target=com.qualcomm.qti.internal.telephony.dataconnection.QtiDcTracker }
09-27 15:16:10.225  2250  2250 D QtiGsmDCT: [1]setupDataOnConnectableApns: nwTypeChanged emergency:[state=IDLE,enabled=false] mms:[state=IDLE,enabled=false] supl:[state=IDLE,enabled=false] hipri:[state=IDLE,enabled=false] dun:[state=IDLE,enabled=false] fota:[state=IDLE,enabled=false] ims:[state=IDLE,enabled=false] default:[state=IDLE,enabled=false] cbs:[state=IDLE,enabled=false] 
09-27 15:16:10.226  2250  2250 D ImsPhone: handleMessage what=51
09-27 15:16:10.226  2250  2250 D ImsPhone: EVENT_DEFAULT_PHONE_DATA_STATE_CHANGED
09-27 15:16:10.226  2250  2250 D ImsPhone: updateDataServiceState: defSs = 0 0 voice home data home CHN-UNICOM UNICOM 46001 CHN-UNICOM UNICOM 46001  LTE LTE CSS not supported -1 -1 RoamInd=-1 DefRoamInd=-1 EmergOnly=false IsDataRoamingFromRegistration=false IsUsingCarrierAggregation=false mRilImsRadioTechnology=0 imsSs = 3 0 voice home data home null null null null null null  Unknown LTE CSS not supported -1 -1 RoamInd=-1 DefRoamInd=-1 EmergOnly=false IsDataRoamingFromRegistration=false IsUsingCarrierAggregation=false mRilImsRadioTechnology=0
09-27 15:16:10.226  2250  2250 D CAT     : CatService: handleMessage[2]
09-27 15:16:10.226  2250  2250 D CAT     : CatService: ril message arrived,slotid:1
09-27 15:16:10.226  2250  2250 D SIMRecords: [SIMRecords] Invalid or missing EF[MAILBOX]
09-27 15:16:10.226  2250  2250 D SIMRecords: [SIMRecords] onRecordLoaded 1 requested: true
09-27 15:16:10.227  2250  2250 D RILJ    : [3848]> iccIO: SIM_IO 0xc0 0x6f18  path: 3F007FFF,0,0,15 aid: a0000000871002ff86ffff89ffffffff [SUB1]
09-27 15:16:10.231  2250  2250 D SIMRecords: [SIMRecords] onRecordLoaded 1 requested: true
09-27 15:16:10.231  2250  2250 D QtiGsmDCT: [1]QtiDcTracker handleMessage msg={ when=-311ms what=270349 arg2=1 target=com.qualcomm.qti.internal.telephony.dataconnection.QtiDcTracker }
09-27 15:16:10.231  2250  2250 D QtiGsmDCT: [1]onEnableApn: apnContext={mApnType=default mState=IDLE mWaitingApns={null} mApnSetting={null} mReason=radioTurnedOff mDataEnabled=false mDependencyMet=true} call applyNewState
09-27 15:16:10.231  2250  2250 D QtiGsmDCT: [1]applyNewState(default, true(false), true(true))
09-27 15:16:10.233  2250  2250 D QtiGsmDCT: [1]trySetupData for type:default due to dataEnabled, mIsPsRestricted=false
09-27 15:16:10.234  2250  2616 D CAT     : CommandParamsFactory: process SelectItem
09-27 15:16:10.244  2250  2250 D CdmaSSM : subscriptionSource from settings: 0
09-27 15:16:10.244  2250  2250 D QtiGsmDCT: [1]isDataAllowed getRecordsLoaded=false
09-27 15:16:10.245  2250  2250 D CdmaSSM : subscriptionSource from settings: 0
09-27 15:16:10.245  2250  2250 D QtiGsmDCT: [1]isDataAllowed getRecordsLoaded=false
09-27 15:16:10.246  2250  2250 D QtiGsmDCT: [1]isDataAllowed: No - SIM not loaded
09-27 15:16:10.247  2250  2250 D CdmaSSM : subscriptionSource from settings: 0
09-27 15:16:10.247  2250  2250 D QtiGsmDCT: [1]isDataAllowed getRecordsLoaded=false
09-27 15:16:10.259  2250  2311 D RilRequest: [3848]< SIM_IO error: com.android.internal.telephony.CommandException: SIM_ERR ret=IccIoResult sw1:0x6a sw2:0x82 Error: File not found
09-27 15:16:10.264  2250  2250 D CdmaSSM : subscriptionSource from settings: 0
09-27 15:16:10.264  2250  2250 D QtiGsmDCT: [1]isDataAllowed getRecordsLoaded=false
09-27 15:16:10.281  2250  2250 D CdmaSSM : subscriptionSource from settings: 0
09-27 15:16:10.281  2250  2250 D QtiGsmDCT: [1]isDataAllowed getRecordsLoaded=false
09-27 15:16:10.288  2250  2250 D CdmaSSM : subscriptionSource from settings: 0
09-27 15:16:10.288  2250  2250 D QtiGsmDCT: [1]isDataAllowed getRecordsLoaded=false
09-27 15:16:10.308  2250  2250 D CdmaSSM : subscriptionSource from settings: 0
09-27 15:16:10.308  2250  2250 D QtiGsmDCT: [1]isDataAllowed getRecordsLoaded=false
09-27 15:16:10.318  2250  2250 D CdmaSSM : subscriptionSource from settings: 0
09-27 15:16:10.318  2250  2250 D QtiGsmDCT: [1]isDataAllowed getRecordsLoaded=false
09-27 15:16:10.327  2250  2250 D CdmaSSM : subscriptionSource from settings: 0
09-27 15:16:10.327  2250  2250 D QtiGsmDCT: [1]isDataAllowed getRecordsLoaded=false
09-27 15:16:10.342  2250  2250 D QtiGsmDCT: [1]isEmergency: result=false
09-27 15:16:10.342  2250  2250 D QtiGsmDCT: [1]trySetupData failed. apnContext = [type=default, mState=IDLE, mDataEnabled=true, mDependencyMet=true] data not allowed: isDataAllowed: No - SIM not loaded. 
09-27 15:16:10.343  2250  2250 D SST     : EVENT_IMS_CAPABILITY_CHANGED
09-27 15:16:10.353  2250  2250 D SIMRecords: [SIMRecords] getServiceProviderName: no brandOverride, providerName=
09-27 15:16:10.353  2250  2250 D SIMRecords: [SIMRecords] getServiceProviderName: no brandOverride, providerName=
09-27 15:16:10.355  2250  2250 D SST     : updateSpnDisplay: changed sending intent rule=2 showPlmn='true' plmn='CHN-UNICOM' showSpn='false' spn='' dataSpn='' subId='2'
09-27 15:16:10.366  2250  2250 D SubscriptionController: [setCarrierText]+ text:CHN-UNICOM subId:2
09-27 15:16:10.398  2250  2250 D SubscriptionController: notifySubscriptionInfoChanged:
09-27 15:16:10.402  2250  2263 D SubscriptionController: [getSubId]- numSubIds == 0, return DummySubIds slotIdx=0
09-27 15:16:10.447  2250  2262 D SubscriptionController: [getActiveSubscriptionInfo]+ subId=2 subInfo={id=2, iccId=89860116831014056097 simSlotIndex=1 displayName=CARD 2 carrierName=CHN-UNICOM nameSource=0 iconTint=-16746133 dataRoaming=0 iconBitmap=android.graphics.Bitmap@70e24d8 mcc 460 mnc 1}
09-27 15:16:10.457  2250  2952 D ImsManager: registrationDisconnected :: imsReasonInfoImsReasonInfo :: {1000, 0, null}
09-27 15:16:10.457  2250  2952 D ImsPhoneCallTracker: [ImsPhoneCallTracker] onImsDisconnected imsReasonInfo=ImsReasonInfo :: {1000, 0, null}
09-27 15:16:10.457  2250  2952 D ImsPhone: updateDataServiceState: defSs = 0 0 voice home data home CHN-UNICOM UNICOM 46001 CHN-UNICOM UNICOM 46001  LTE LTE CSS not supported -1 -1 RoamInd=-1 DefRoamInd=-1 EmergOnly=false IsDataRoamingFromRegistration=false IsUsingCarrierAggregation=false mRilImsRadioTechnology=0 imsSs = 1 0 voice home data home null null null null null null  Unknown LTE CSS not supported -1 -1 RoamInd=-1 DefRoamInd=-1 EmergOnly=false IsDataRoamingFromRegistration=false IsUsingCarrierAggregation=false mRilImsRadioTechnology=0
09-27 15:16:10.467  2250  2250 D CAT     : CatService: handleMessage[10]
09-27 15:16:10.468  2250  2250 D CAT     : CatService: SET_UP_MENU
09-27 15:16:10.472  2250  2250 D CAT     : CatService: encodeOptionalTags() Unsupported Cmd details=CmdDetails: compRequired=true commandNumber=1 typeOfCommand=37 commandQualifier=0
09-27 15:16:10.472  2250  2250 D RILJ    : [3849]> REQUEST_STK_SEND_TERMINAL_RESPONSE [SUB1]
09-27 15:16:10.483  2250  2250 D CAT     : CatService: Sending CmdMsg: com.android.internal.telephony.cat.CatCmdMessage@facb684 on slotid:1
09-27 15:16:10.491  2250  2311 D RILJ    : [3849]< REQUEST_STK_SEND_TERMINAL_RESPONSE  [SUB1]
09-27 15:16:10.498   958  1034 E RILQ    : (1/958): RIL[1][event] qcril_gstk_qmi_copy_and_save_proactive_cmd: Invalid ril_unsol_resp parameters, cannot save
09-27 15:16:10.512  2250  2311 D RILJ    : Unsol response received for UNSOL_STK_SESSION_END Sending ack to ril.cpp [SUB1]
09-27 15:16:10.513  2250  2311 D RILJ    : [UNSL]< UNSOL_STK_SESSION_END [SUB1]
09-27 15:16:10.557  2250  3094 D SubscriptionController: [getActiveSubscriptionInfo]+ subId=2 subInfo={id=2, iccId=89860116831014056097 simSlotIndex=1 displayName=CARD 2 carrierName=CHN-UNICOM nameSource=0 iconTint=-16746133 dataRoaming=0 iconBitmap=android.graphics.Bitmap@22b3469 mcc 460 mnc 1}
09-27 15:16:10.559  2250  2250 D SST     : SubscriptionListener.onSubscriptionInfoChanged
09-27 15:16:10.559  2250  2250 D SubscriptionController: [getSubId]- numSubIds == 0, return DummySubIds slotIdx=0
09-27 15:16:10.559  2250  2250 D QtiGsmDCT: [0]SubscriptionListener.onSubscriptionInfoChanged
09-27 15:16:10.559  2250  2250 D SubscriptionController: [getSubId]- numSubIds == 0, return DummySubIds slotIdx=0
09-27 15:16:10.560  2250  2250 D SST     : SubscriptionListener.onSubscriptionInfoChanged
09-27 15:16:10.560  2250  2250 D QtiGsmDCT: [1]SubscriptionListener.onSubscriptionInfoChanged
09-27 15:16:10.573  2250  3113 D SubscriptionController: [getSubId]- numSubIds == 0, return DummySubIds slotIdx=0
09-27 15:16:10.594  2250  2250 D PhoneSwitcher: handle event - 102
09-27 15:16:10.595  2250  2250 D SubscriptionController: [getSubId]- numSubIds == 0, return DummySubIds slotIdx=0
09-27 15:16:10.595  2250  2250 D PhoneSwitcher: isUiccProvisioned = true
09-27 15:16:10.596  2250  2250 D PhoneSwitcher: Broadcast network specifier set intent
09-27 15:16:10.611  2250  2421 D SubscriptionController: [getActiveSubscriptionInfo]+ subId=2 subInfo={id=2, iccId=89860116831014056097 simSlotIndex=1 displayName=CARD 2 carrierName=CHN-UNICOM nameSource=0 iconTint=-16746133 dataRoaming=0 iconBitmap=android.graphics.Bitmap@152521c mcc 460 mnc 1}
09-27 15:16:10.624  2250  2250 D SubscriptionController: [getSubId]- numSubIds == 0, return DummySubIds slotIdx=0
09-27 15:16:10.624  2250  2425 D SubscriptionController: [getSubId]- numSubIds == 0, return DummySubIds slotIdx=0
09-27 15:16:10.690  2250  2263 D SubscriptionController: [getActiveSubscriptionInfo]+ subId=2 subInfo={id=2, iccId=89860116831014056097 simSlotIndex=1 displayName=CARD 2 carrierName=CHN-UNICOM nameSource=0 iconTint=-16746133 dataRoaming=0 iconBitmap=android.graphics.Bitmap@cfc07a1 mcc 460 mnc 1}
09-27 15:16:10.698  2250  3095 D SubscriptionController: [getSubId]- numSubIds == 0, return DummySubIds slotIdx=0
09-27 15:16:10.732  2250  2262 D SubscriptionController: [getActiveSubscriptionInfo]+ subId=2 subInfo={id=2, iccId=89860116831014056097 simSlotIndex=1 displayName=CARD 2 carrierName=CHN-UNICOM nameSource=0 iconTint=-16746133 dataRoaming=0 iconBitmap=android.graphics.Bitmap@f1eb052 mcc 460 mnc 1}
09-27 15:16:10.739  2250  3113 D SubscriptionController: [getSubId]- numSubIds == 0, return DummySubIds slotIdx=0
09-27 15:16:10.743  2250  2250 D SubscriptionController: [getSubId]- numSubIds == 0, return DummySubIds slotIdx=0
09-27 15:16:10.786  2250  2250 D SubscriptionController: [getActiveSubscriptionInfo]+ subId=2 subInfo={id=2, iccId=89860116831014056097 simSlotIndex=1 displayName=CARD 2 carrierName=CHN-UNICOM nameSource=0 iconTint=-16746133 dataRoaming=0 iconBitmap=android.graphics.Bitmap@93d09d9 mcc 460 mnc 1}
09-27 15:16:10.788  2250  2329 D SST     : SST.getAllCellInfo(): return last, back to back calls
09-27 15:16:10.788  2250  2329 D SST     : SST.getAllCellInfo(): X size=0 list=null
09-27 15:16:10.788  2250  2329 D SST     : SST.getAllCellInfo(): return last, back to back calls
09-27 15:16:10.789  2250  2329 D SST     : SST.getAllCellInfo(): return last, back to back calls
09-27 15:16:10.863  2250  2250 D SIMRecords: [SIMRecords] No SPN loaded in either CHPS or 3GPP
09-27 15:16:10.863  2250  2250 D SIMRecords: [SIMRecords] onRecordLoaded 0 requested: true
09-27 15:16:10.863  2250  2250 D SIMRecords: [SIMRecords] record load complete
09-27 15:16:10.863  2250  2250 D SIMRecords: [SIMRecords] Not using EF LI/EF PL
09-27 15:16:10.863  2250  2250 D SIMRecords: [SIMRecords] EF_CFIS and EF_CFF not valid. callForwardingEnabled=-1
09-27 15:16:10.863  2250  2250 D SIMRecords: [SIMRecords] onAllRecordsLoaded set 'gsm.sim.operator.numeric' to operator='46001'
09-27 15:16:10.863  2250  2250 D TelephonyManager: setTelephonyProperty: success phoneId=1 property=gsm.sim.operator.numeric value: 46001 propVal=,46001
09-27 15:16:10.865  2250  2250 D SubscriptionController: [setMccMnc]+ mcc/mnc:460/1 subId:2
09-27 15:16:10.904  2250  2250 D SubscriptionController: notifySubscriptionInfoChanged:
09-27 15:16:10.915  2250  3094 D SubscriptionController: [getSubId]- numSubIds == 0, return DummySubIds slotIdx=0
09-27 15:16:10.931  2250  2250 D SIMRecords: [SIMRecords] update icc_operator_numeric = 46001 subId = 2
09-27 15:16:10.931  2250  2250 D SIMRecords: [SIMRecords] onAllRecordsLoaded set mcc imsi
09-27 15:16:10.932  2250  2250 D TelephonyManager: setTelephonyProperty: success phoneId=1 property=gsm.sim.operator.iso-country value: cn propVal=,cn
09-27 15:16:10.962  2250  2250 D CAT     : CatService: handleMessage[1]
09-27 15:16:10.962  2250  2250 D CAT     : CatService: ril message arrived,slotid:1
09-27 15:16:11.038  2250  2250 D SubscriptionController: [getActiveSubscriptionInfo]+ subId=2 subInfo={id=2, iccId=89860116831014056097 simSlotIndex=1 displayName=CARD 2 carrierName=CHN-UNICOM nameSource=0 iconTint=-16746133 dataRoaming=0 iconBitmap=android.graphics.Bitmap@2dc6e4 mcc 460 mnc 1}
09-27 15:16:11.055  2250  2262 D SubscriptionController: [getActiveSubscriptionInfo]+ subId=2 subInfo={id=2, iccId=89860116831014056097 simSlotIndex=1 displayName=CARD 2 carrierName=CHN-UNICOM nameSource=0 iconTint=-16746133 dataRoaming=0 iconBitmap=android.graphics.Bitmap@2c53713 mcc 460 mnc 1}
09-27 15:16:11.061  2250  2425 D SubscriptionController: [getSubId]- numSubIds == 0, return DummySubIds slotIdx=0
09-27 15:16:11.076  2250  2250 D SST     : SubscriptionListener.onSubscriptionInfoChanged
09-27 15:16:11.076  2250  2250 D SubscriptionController: [getSubId]- numSubIds == 0, return DummySubIds slotIdx=0
09-27 15:16:11.077  2250  2250 D QtiGsmDCT: [0]SubscriptionListener.onSubscriptionInfoChanged
09-27 15:16:11.077  2250  2250 D SubscriptionController: [getSubId]- numSubIds == 0, return DummySubIds slotIdx=0
09-27 15:16:11.077  2250  2250 D SST     : SubscriptionListener.onSubscriptionInfoChanged
09-27 15:16:11.077  2250  2250 D QtiGsmDCT: [1]SubscriptionListener.onSubscriptionInfoChanged
09-27 15:16:11.090  2250  2250 D PhoneSwitcher: handle event - 102
09-27 15:16:11.091  2250  2250 D SubscriptionController: [getSubId]- numSubIds == 0, return DummySubIds slotIdx=0
09-27 15:16:11.091  2250  2250 D PhoneSwitcher: isUiccProvisioned = true
09-27 15:16:11.092  2250  2250 D PhoneSwitcher: Broadcast network specifier set intent
09-27 15:16:11.097  2250  3095 D SubscriptionController: [getActiveSubscriptionInfo]+ subId=2 subInfo={id=2, iccId=89860116831014056097 simSlotIndex=1 displayName=CARD 2 carrierName=CHN-UNICOM nameSource=0 iconTint=-16746133 dataRoaming=0 iconBitmap=android.graphics.Bitmap@52d0c4e mcc 460 mnc 1}
09-27 15:16:11.108  2250  2421 D SubscriptionController: [getSubId]- numSubIds == 0, return DummySubIds slotIdx=0
09-27 15:16:11.116  2250  2250 D SubscriptionController: [getSubId]- numSubIds == 0, return DummySubIds slotIdx=0
09-27 15:16:11.154  2250  2262 D SubscriptionController: [getActiveSubscriptionInfo]+ subId=2 subInfo={id=2, iccId=89860116831014056097 simSlotIndex=1 displayName=CARD 2 carrierName=CHN-UNICOM nameSource=0 iconTint=-16746133 dataRoaming=0 iconBitmap=android.graphics.Bitmap@bea758b mcc 460 mnc 1}
09-27 15:16:11.160  2250  2263 D SubscriptionController: [getSubId]- numSubIds == 0, return DummySubIds slotIdx=0
09-27 15:16:11.178  2250  2250 D SubscriptionController: [getSubId]- numSubIds == 0, return DummySubIds slotIdx=0
09-27 15:16:11.183  2250  2421 D SubscriptionController: [getActiveSubscriptionInfo]+ subId=2 subInfo={id=2, iccId=89860116831014056097 simSlotIndex=1 displayName=CARD 2 carrierName=CHN-UNICOM nameSource=0 iconTint=-16746133 dataRoaming=0 iconBitmap=android.graphics.Bitmap@b02b114 mcc 460 mnc 1}
09-27 15:16:11.189  2250  3094 D SubscriptionController: [getSubId]- numSubIds == 0, return DummySubIds slotIdx=0
09-27 15:16:11.245  2250  2250 D SubscriptionController: [getActiveSubscriptionInfo]+ subId=2 subInfo={id=2, iccId=89860116831014056097 simSlotIndex=1 displayName=CARD 2 carrierName=CHN-UNICOM nameSource=0 iconTint=-16746133 dataRoaming=0 iconBitmap=android.graphics.Bitmap@ba0b03 mcc 460 mnc 1}
09-27 15:16:11.358  2250  2250 D CAT     : CatService: handleMessage[20]
09-27 15:16:11.359  2250  2250 D QtiGsmCdmaPhone: handleMessage: Event: 3
09-27 15:16:11.359  2250  2250 D QtiGsmCdmaPhone: notify call forward indication, phone id:1
09-27 15:16:11.359  2250  2250 D QtiGsmCdmaPhone: ProvisionStatus: 1 phone id:1
09-27 15:16:11.360  2250  2250 D Phone   : getCallForwardingIndicatorFromSharedPref: for subId 2= -1
09-27 15:16:11.360  2250  2250 D Phone   : Get video call forwarding info from preferences
09-27 15:16:11.370  2250  2250 D GsmCdmaPhone: [GsmCdmaPhone] updateCurrentCarrierInProvider: mSubId = 2 currentDds = 2 operatorNumeric = 46001
09-27 15:16:11.418  2250  2425 D SubscriptionController: [getPhoneId]- subId=0 not found return default phoneId=0
09-27 15:16:11.421  2250  2262 D SubscriptionController: [getPhoneId]- subId=0 not found return default phoneId=0
09-27 15:16:11.483  2250  2250 D IccCardProxy: operator=46001 mPhoneId=1
09-27 15:16:11.483  2250  2250 D TelephonyManager: setTelephonyProperty: success phoneId=1 property=gsm.sim.operator.numeric value: 46001 propVal=,46001
09-27 15:16:11.492  2250  2250 D TelephonyManager: setTelephonyProperty: success phoneId=1 property=gsm.sim.operator.iso-country value: cn propVal=,cn
09-27 15:16:11.493  2250  2250 D IccCardProxy: Sending intent ACTION_INTERNAL_SIM_STATE_CHANGED for mPhoneId : 1
09-27 15:16:11.496  2250  2250 D SST     : EVENT_SIM_RECORDS_LOADED: what=16
09-27 15:16:11.496  2250  2250 D SST     : getOtasp: otasp not needed for GSM
09-27 15:16:11.496  2250  2250 D SST     : updateOtaspState: call notifyOtaspChanged old otaspMode=0 new otaspMode=3
09-27 15:16:11.511  2250  2250 D SIMRecords: [SIMRecords] getServiceProviderName: no brandOverride, providerName=null
09-27 15:16:11.511  2250  2250 D SIMRecords: [SIMRecords] getServiceProviderName: no brandOverride, providerName=null
09-27 15:16:11.514  2250  2250 D SST     : updateSpnDisplay: changed sending intent rule=2 showPlmn='true' plmn='CHN-UNICOM' showSpn='false' spn='null' dataSpn='null' subId='2'
09-27 15:16:11.527  2250  2250 D SubscriptionController: [setCarrierText]+ text:CHN-UNICOM subId:2
09-27 15:16:11.565  2250  2250 D SubscriptionController: notifySubscriptionInfoChanged:
09-27 15:16:11.567  2250  3095 D SubscriptionController: [getSubId]- numSubIds == 0, return DummySubIds slotIdx=0
09-27 15:16:11.654  2250  3113 D SubscriptionController: [getActiveSubscriptionInfo]+ subId=2 subInfo={id=2, iccId=89860116831014056097 simSlotIndex=1 displayName=CARD 2 carrierName=CHN-UNICOM nameSource=0 iconTint=-16746133 dataRoaming=0 iconBitmap=android.graphics.Bitmap@afb0eac mcc 460 mnc 1}
09-27 15:16:11.698  2250  2250 D QtiGsmDCT: [1]QtiDcTracker handleMessage msg={ when=-765ms what=270338 obj=android.os.AsyncResult@347d77b target=com.qualcomm.qti.internal.telephony.dataconnection.QtiDcTracker }
09-27 15:16:11.699  2250  2250 D QtiGsmDCT: [1]onRecordsLoaded: createAllApnList
09-27 15:16:11.700  2250  2250 D QtiGsmDCT: [1]createAllApnList: selection=numeric = '46001'
09-27 15:16:11.751  2250  2250 D QtiGsmDCT: [1]createApnList: X result=[[ApnSettingV3] , 413, 46001, 3gnet, , , , , , -1, default | supl, IPV4V6, IPV4V6, true, 0, 0, 0, false, 0, 0, 0, 0, , , false, [ApnSettingV3] , 414, 46001, 3gwap, 10.0.0.172, , , , 80, -1, default | supl, IPV4V6, IPV4V6, true, 0, 0, 0, false, 0, 0, 0, 0, , , false, [ApnSettingV3] 3G(China Unicom), 415, 46001, 3gwap, , http://mmsc.myuni.com.cn, 10.0.0.172, 80, , -1, mms, IPV4V6, IPV4V6, true, 0, 0, 0, false, 0, 0, 0, 0, , , false]
09-27 15:16:11.785  2250  2250 D QtiGsmDCT: [1]getPreferredApn: mRequestedApnType=default cursor=android.content.ContentResolver$CursorWrapperInner@9dff229 cursor.count=1
09-27 15:16:11.785  2250  2250 D QtiGsmDCT: [1]getPreferredApn: apnSetting=[ApnSettingV3] , 413, 46001, 3gnet, , , , , , -1, default | supl, IPV4V6, IPV4V6, true, 0, 0, 0, false, 0, 0, 0, 0, , , false
09-27 15:16:11.790  2250  2250 D QtiGsmDCT: [1]getPreferredApn: X found apnSetting[ApnSettingV3] , 413, 46001, 3gnet, , , , , , -1, default | supl, IPV4V6, IPV4V6, true, 0, 0, 0, false, 0, 0, 0, 0, , , false
09-27 15:16:11.794  2250  2250 D QtiGsmDCT: [1]createAllApnList: mPreferredApn=[ApnSettingV3] , 413, 46001, 3gnet, , , , , , -1, default | supl, IPV4V6, IPV4V6, true, 0, 0, 0, false, 0, 0, 0, 0, , , false
09-27 15:16:11.794  2250  2250 D QtiGsmDCT: [1]createAllApnList: X mAllApnSettings=[[ApnSettingV3] , 413, 46001, 3gnet, , , , , , -1, default | supl, IPV4V6, IPV4V6, true, 0, 0, 0, false, 0, 0, 0, 0, , , false, [ApnSettingV3] , 414, 46001, 3gwap, 10.0.0.172, http://mmsc.myuni.com.cn, 10.0.0.172, 80, 80, -1, default | supl | mms, IPV4V6, IPV4V6, true, 0, 0, 0, false, 0, 0, 0, 0, , , false]
09-27 15:16:11.794  2250  2250 D QtiGsmDCT: [1]setDataProfilesAsNeeded mSetDataProfileStatus: 0
09-27 15:16:11.795  2250  2250 D CdmaSSM : subscriptionSource from settings: 0
09-27 15:16:11.795  2250  2250 D QtiGsmDCT: [1]setInitialApn: E mPreferredApn=[ApnSettingV3] , 413, 46001, 3gnet, , , , , , -1, default | supl, IPV4V6, IPV4V6, true, 0, 0, 0, false, 0, 0, 0, 0, , , false
09-27 15:16:11.795  2250  2250 D QtiGsmDCT: [1]setInitialApn: firstApnSetting=[ApnSettingV3] , 413, 46001, 3gnet, , , , , , -1, default | supl, IPV4V6, IPV4V6, true, 0, 0, 0, false, 0, 0, 0, 0, , , false
09-27 15:16:11.795  2250  2250 D QtiGsmDCT: [1]setInitialApn: defaultApnSetting=[ApnSettingV3] , 413, 46001, 3gnet, , , , , , -1, default | supl, IPV4V6, IPV4V6, true, 0, 0, 0, false, 0, 0, 0, 0, , , false
09-27 15:16:11.795  2250  2250 D QtiGsmDCT: [1]setInitialAttachApn: using mPreferredApn
09-27 15:16:11.795  2250  2250 D QtiGsmDCT: [1]setInitialAttachApn: X selected Apn=[ApnSettingV3] , 413, 46001, 3gnet, , , , , , -1, default | supl, IPV4V6, IPV4V6, true, 0, 0, 0, false, 0, 0, 0, 0, , , false
09-27 15:16:11.795  2250  2250 D RILJ    : Set RIL_REQUEST_SET_INITIAL_ATTACH_APN [SUB1]
09-27 15:16:11.796  2250  2250 D RILJ    : [3851]> RIL_REQUEST_SET_INITIAL_ATTACH_APN, apn:3gnet, protocol:IPV4V6, authType:-1, username:, password: [SUB1]
09-27 15:16:11.801  2250  2250 D QtiGsmDCT: [1]onRecordsLoaded: notifying data availability
09-27 15:16:11.801  2250  2250 D CdmaSSM : subscriptionSource from settings: 0
09-27 15:16:11.809  2250  2250 D CdmaSSM : subscriptionSource from settings: 0
09-27 15:16:11.809  2250  2262 D SubscriptionController: [getActiveSubscriptionInfo]+ subId=2 subInfo={id=2, iccId=89860116831014056097 simSlotIndex=1 displayName=CARD 2 carrierName=CHN-UNICOM nameSource=0 iconTint=-16746133 dataRoaming=0 iconBitmap=android.graphics.Bitmap@6357adc mcc 460 mnc 1}
09-27 15:16:11.814  2250  2311 D RILJ    : [3851]< RIL_REQUEST_SET_INITIAL_ATTACH_APN  [SUB1]
09-27 15:16:11.818  2250  2250 D CdmaSSM : subscriptionSource from settings: 0
09-27 15:16:11.824  2250  3094 D SubscriptionController: [getSubId]- numSubIds == 0, return DummySubIds slotIdx=0
09-27 15:16:11.831  2250  2250 D CdmaSSM : subscriptionSource from settings: 0
09-27 15:16:11.848  2250  2250 D CdmaSSM : subscriptionSource from settings: 0
09-27 15:16:11.853  2250  2425 D SubscriptionController: [getActiveSubscriptionInfo]+ subId=2 subInfo={id=2, iccId=89860116831014056097 simSlotIndex=1 displayName=CARD 2 carrierName=CHN-UNICOM nameSource=0 iconTint=-16746133 dataRoaming=0 iconBitmap=android.graphics.Bitmap@e79956b mcc 460 mnc 1}
09-27 15:16:11.860  2250  3094 D SubscriptionController: [getSubId]- numSubIds == 0, return DummySubIds slotIdx=0
09-27 15:16:11.890  2250  2250 D CdmaSSM : subscriptionSource from settings: 0
09-27 15:16:11.896  2250  2329 D SubscriptionController: [getActiveSubscriptionInfo]+ subId=2 subInfo={id=2, iccId=89860116831014056097 simSlotIndex=1 displayName=CARD 2 carrierName=CHN-UNICOM nameSource=0 iconTint=-16746133 dataRoaming=0 iconBitmap=android.graphics.Bitmap@1f46086 mcc 460 mnc 1}
09-27 15:16:11.902  2250  2425 D SubscriptionController: [getSubId]- numSubIds == 0, return DummySubIds slotIdx=0
09-27 15:16:11.908  2250  2250 D CdmaSSM : subscriptionSource from settings: 0
09-27 15:16:11.930  2250  2250 D CdmaSSM : subscriptionSource from settings: 0
09-27 15:16:11.955  2250  2250 D QtiGsmDCT: [1]setupDataOnConnectableApns: simLoaded emergency:[state=IDLE,enabled=false] mms:[state=IDLE,enabled=false] supl:[state=IDLE,enabled=false] hipri:[state=IDLE,enabled=false] dun:[state=IDLE,enabled=false] fota:[state=IDLE,enabled=false] ims:[state=IDLE,enabled=false] default:[state=IDLE,enabled=true] cbs:[state=IDLE,enabled=false] 
09-27 15:16:11.956  2250  2250 D QtiGsmDCT: [1]isConnectable() call trySetupData
09-27 15:16:11.956  2250  2250 D QtiGsmDCT: [1]trySetupData for type:default due to simLoaded, mIsPsRestricted=false
09-27 15:16:11.966  2250  2250 D CdmaSSM : subscriptionSource from settings: 0
09-27 15:16:11.967  2250  2250 D QtiGsmDCT: [1]isEmergency: result=false
09-27 15:16:11.967  2250  2250 D QtiGsmDCT: [1]buildWaitingApns: E requestedApnType=default
09-27 15:16:11.986  2250  2250 D QtiGsmDCT: [1]getPreferredApn: mRequestedApnType=default cursor=android.content.ContentResolver$CursorWrapperInner@3f44974 cursor.count=1
09-27 15:16:11.986  2250  2250 D QtiGsmDCT: [1]getPreferredApn: apnSetting=[ApnSettingV3] , 413, 46001, 3gnet, , , , , , -1, default | supl, IPV4V6, IPV4V6, true, 0, 0, 0, false, 0, 0, 0, 0, , , false
09-27 15:16:11.986  2250  2250 D QtiGsmDCT: [1]getPreferredApn: X found apnSetting[ApnSettingV3] , 413, 46001, 3gnet, , , , , , -1, default | supl, IPV4V6, IPV4V6, true, 0, 0, 0, false, 0, 0, 0, 0, , , false
09-27 15:16:11.991  2250  2250 D QtiGsmDCT: [1]buildWaitingApns: usePreferred=true canSetPreferApn=true mPreferredApn=[ApnSettingV3] , 413, 46001, 3gnet, , , , , , -1, default | supl, IPV4V6, IPV4V6, true, 0, 0, 0, false, 0, 0, 0, 0, , , false operator=46001 radioTech=14 IccRecords r=SimRecords: mDestroyed=false mContext=com.android.phone.PhoneGlobals@a15368b mCi=com.android.internal.telephony.RIL@bd646cb mFh=Handler (com.android.internal.telephony.uicc.UsimFileHandler) {c28c368} mParentApp=com.android.internal.telephony.uicc.UiccCardApplication@3551381 recordsLoadedRegistrants=android.os.RegistrantList@df0cc26 mImsiReadyRegistrants=android.os.RegistrantList@91eb067 mRecordsEventsRegistrants=android.os.RegistrantList@27aae14 mNewSmsRegistrants=android.os.RegistrantList@6be66bd mNetworkSelectionModeAutomaticRegistrants=android.os.RegistrantList@58d84b2 recordsToLoad=0 adnCache=Handler (com.android.internal.telephony.uicc.AdnRecordCache) {f5bec03} recordsRequested=true iccid=89860116831014056097 msisdnTag= voiceMailNum=null voiceMailTag=null voiceMailNum=null newVoiceMailTag=null isVoiceMailFixed=false mImsi=460016[QSE_MH50lF50wcpMBccFFEWNggs] mncLength=2 mailboxIndex=0 spn=null mVmConfigcom.android.internal.telephony.uicc.VoiceMailConstants@95e9780 mSpnOverride=mSpnOverride callForwardingEnabled=-1 spnState=IDLE mCphsInfo=null mCspPlmnEnabled=true efMWIS=null efCPHS_MWI=null mEfCff=null mEfCfis=null getOperatorNumeric=46001
09-27 15:16:11.991  2250  2250 D QtiGsmDCT: [1]buildWaitingApns: Preferred APN:46001:46001:[ApnSettingV3] , 413, 46001, 3gnet, , , , , , -1, default | supl, IPV4V6, IPV4V6, true, 0, 0, 0, false, 0, 0, 0, 0, , , false
09-27 15:16:11.991  2250  2250 D QtiGsmDCT: [1]buildWaitingApns: X added preferred apnList=[[ApnSettingV3] , 413, 46001, 3gnet, , , , , , -1, default | supl, IPV4V6, IPV4V6, true, 0, 0, 0, false, 0, 0, 0, 0, , , false]
09-27 15:16:12.002  2250  2250 D RetryManager: [default] configure: 'default_randomization=2000,5000,10000,20000,40000,80000:5000,160000:5000,320000:5000,640000:5000,1280000:5000,1800000:5000'
09-27 15:16:12.005  2250  2250 D RetryManager: [default] Setting 1 waiting APNs.
09-27 15:16:12.005  2250  2250 D QtiGsmDCT: [1]trySetupData: Create from mAllApnSettings : [[ApnSettingV3] , 413, 46001, 3gnet, , , , , , -1, default | supl, IPV4V6, IPV4V6, true, 0, 0, 0, false, 0, 0, 0, 0, , , false][[ApnSettingV3] , 414, 46001, 3gwap, 10.0.0.172, http://mmsc.myuni.com.cn, 10.0.0.172, 80, 80, -1, default | supl | mms, IPV4V6, IPV4V6, true, 0, 0, 0, false, 0, 0, 0, 0, , , false]
09-27 15:16:12.005  2250  2250 D QtiGsmDCT: [1]setupData: apnContext={mApnType=default mState=IDLE mWaitingApns={[[ApnSettingV3] , 413, 46001, 3gnet, , , , , , -1, default | supl, IPV4V6, IPV4V6, true, 0, 0, 0, false, 0, 0, 0, 0, , , false]} mApnSetting={null} mReason=simLoaded mDataEnabled=true mDependencyMet=true}
09-27 15:16:12.006  2250  2250 D QtiGsmDCT: [1]checkForCompatibleConnectedApnContext: apnContext={mApnType=default mState=IDLE mWaitingApns={[[ApnSettingV3] , 413, 46001, 3gnet, , , , , , -1, default | supl, IPV4V6, IPV4V6, true, 0, 0, 0, false, 0, 0, 0, 0, , , false]} mApnSetting={null} mReason=simLoaded mDataEnabled=true mDependencyMet=true}
09-27 15:16:12.006  2250  2250 D QtiGsmDCT: [1]checkForCompatibleConnectedApnContext: NO conn apnContext={mApnType=default mState=IDLE mWaitingApns={[[ApnSettingV3] , 413, 46001, 3gnet, , , , , , -1, default | supl, IPV4V6, IPV4V6, true, 0, 0, 0, false, 0, 0, 0, 0, , , false]} mApnSetting={null} mReason=simLoaded mDataEnabled=true mDependencyMet=true}
09-27 15:16:12.007  2250  2250 D QtiGsmDCT: [1]isOnlySingleDcAllowed(14): false
09-27 15:16:12.007  2250  2250 D QtiGsmDCT: [1]findFreeDataConnection: NO free DataConnection
09-27 15:16:12.007  2250  2250 D QtiGsmDCT: [1]createDataConnection E
09-27 15:16:12.017  2250  2250 D DC-1    : DataConnection created
09-27 15:16:12.018  2250  2250 D DC-1    : Made DC-1
09-27 15:16:12.018  2250  2432 D DC-1    : DcDefaultState: enter
09-27 15:16:12.018  2250  2432 D SST     : notifyDataRegStateRilRadioTechnologyChanged: drs=0 rat=14
09-27 15:16:12.018  2250  2432 D TelephonyManager: setTelephonyProperty: success phoneId=1 property=gsm.network.type value: LTE propVal=Unknown,LTE
09-27 15:16:12.025  2250  2432 D DC-1    : DcInactiveState: enter() mTag=1
09-27 15:16:12.026  2250  2432 D Dcc     : removeActiveDcByCid removedDc=null dc={DC-1: State=DcInactiveState mApnSetting=null RefCount=0 mCid=-1 mCreateTime=0 mLastastFailTime=0 mLastFailCause=null mTag=1 mLinkProperties={LinkAddresses: []  Routes: [] DnsAddresses: [] Domains: null MTU: 0} linkCapabilities=[ Transports: CELLULAR Capabilities: NOT_RESTRICTED&TRUSTED&NOT_VPN LinkUpBandwidth>=51200Kbps LinkDnBandwidth>=102400Kbps Specifier: <2>] mRestrictedNetworkOverride=false mApnContexts={}}
09-27 15:16:12.026  2250  2432 D DC-1    : clearSettings
09-27 15:16:12.026  2250  2432 D DC-1    : DcInactiveState nothandled msg.what=CMD_CHANNEL_FULL_CONNECTION
09-27 15:16:12.026  2250  2432 D DC-1    : DcDefault msg=CMD_CHANNEL_FULL_CONNECTION RefCount=0
09-27 15:16:12.026  2250  2432 D DC-1    : DcDefaultState: FULL_CONNECTION reply connected
09-27 15:16:12.027  2250  2432 D DC-1    : DcInactiveState nothandled msg.what=EVENT_DATA_CONNECTION_DRS_OR_RAT_CHANGED
09-27 15:16:12.027  2250  2432 D DC-1    : DcDefault msg=EVENT_DATA_CONNECTION_DRS_OR_RAT_CHANGED RefCount=0
09-27 15:16:12.027  2250  2432 D DC-1    : DcDefaultState: EVENT_DATA_CONNECTION_DRS_OR_RAT_CHANGED drs=0 mRilRat=14
09-27 15:16:12.027  2250  2432 D DC-1    : DcInactiveState nothandled msg.what=EVENT_DATA_CONNECTION_ROAM_OFF
09-27 15:16:12.027  2250  2432 D DC-1    : DcDefault msg=EVENT_DATA_CONNECTION_ROAM_OFF RefCount=0
09-27 15:16:12.027  2250  2250 D QtiGsmDCT: [1]createDataConnection() X id=0 dc={DC-1: State=DcInactiveState mApnSetting=null RefCount=0 mCid=-1 mCreateTime=-1 mLastastFailTime=-1 mLastFailCause=NONE mTag=1 mLinkProperties={LinkAddresses: []  Routes: [] DnsAddresses: [] Domains: null MTU: 0} linkCapabilities=[ Transports: CELLULAR Capabilities: NOT_RESTRICTED&TRUSTED&NOT_VPN LinkUpBandwidth>=51200Kbps LinkDnBandwidth>=102400Kbps Specifier: <2>] mRestrictedNetworkOverride=false mApnContexts={}}
09-27 15:16:12.027  2250  2250 D QtiGsmDCT: [1]setupData: dcac=DC-1 apnSetting=[ApnSettingV3] , 413, 46001, 3gnet, , , , , , -1, default | supl, IPV4V6, IPV4V6, true, 0, 0, 0, false, 0, 0, 0, 0, , , false gen#=1
09-27 15:16:12.027  2250  2250 D GsmCdmaPhone: [GsmCdmaPhone] getDataConnectionState apnType=default ret=CONNECTING
09-27 15:16:12.028  2250  2250 D CdmaSSM : subscriptionSource from settings: 0
09-27 15:16:12.049  2250  2250 D QtiGsmDCT: [1]setupData: initing!
09-27 15:16:12.049  2250  2432 D DC-1    : DcInactiveState: mag.what=EVENT_CONNECT
09-27 15:16:12.049  2250  2250 D CdmaSSM : subscriptionSource from settings: 0
09-27 15:16:12.051  2250  2432 D DC-1    : initConnection:  RefCount=1 mApnList={{mApnType=default mState=CONNECTING mWaitingApns={[[ApnSettingV3] , 413, 46001, 3gnet, , , , , , -1, default | supl, IPV4V6, IPV4V6, true, 0, 0, 0, false, 0, 0, 0, 0, , , false]} mApnSetting={[ApnSettingV3] , 413, 46001, 3gnet, , , , , , -1, default | supl, IPV4V6, IPV4V6, true, 0, 0, 0, false, 0, 0, 0, 0, , , false} mReason=simLoaded mDataEnabled=true mDependencyMet=true}={mTag=2 mApnContext={mApnType=default mState=CONNECTING mWaitingApns={[[ApnSettingV3] , 413, 46001, 3gnet, , , , , , -1, default | supl, IPV4V6, IPV4V6, true, 0, 0, 0, false, 0, 0, 0, 0, , , false]} mApnSetting={[ApnSettingV3] , 413, 46001, 3gnet, , , , , , -1, default | supl, IPV4V6, IPV4V6, true, 0, 0, 0, false, 0, 0, 0, 0, , , false} mReason=simLoaded mDataEnabled=true mDependencyMet=true} mProfileId=0 mRat=14 mOnCompletedMsg={what=0x42000 when=-1m1s215ms obj=Pair{{mApnType=default mState=CONNECTING mWaitingApns={[[ApnSettingV3] , 413, 46001, 3gnet, , , , , , -1, default | supl, IPV4V6, IPV4V6, true, 0, 0, 0, false, 0, 0, 0, 0, , , false]} mApnSetting={[ApnSettingV3] , 413, 46001, 3gnet, , , , , , -1, default | supl, IPV4V6, IPV4V6, true, 0, 0, 0, false, 0, 0, 0, 0, , , false} mReason=simLoaded mDataEnabled=true mDependencyMet=true} 1} target=Handler (com.qualcomm.qti.internal.telephony.dataconnection.QtiDcTracker) {63e5e6a} replyTo=null}}} mConnectionParams={mTag=2 mApnContext={mApnType=default mState=CONNECTING mWaitingApns={[[ApnSettingV3] , 413, 46001, 3gnet, , , , , , -1, default | supl, IPV4V6, IPV4V6, true, 0, 0, 0, false, 0, 0, 0, 0, , , false]} mApnSetting={[ApnSettingV3] , 413, 46001, 3gnet, , , , , , -1, default | supl, IPV4V6, IPV4V6, true, 0, 0, 0, false, 0, 0, 0, 0, , , false} mReason=simLoaded mDataEnabled=true mDependencyMet=true} mProfileId=0 mRat=14 mOnCompletedMsg={what=0x42000 when=-1m1s216ms obj=Pair{{mApnType=default mState=CONNECTING mWaitingApns={[[ApnSettingV3] , 413, 46001, 3gnet, , , , , , -1, default | supl, IPV4V6, IPV4V6, true, 0, 0, 0, false, 0, 0, 0, 0, , , false]} mApnSetting={[ApnSettingV3] , 413, 46001, 3gnet, , , , , , -1, default | supl, IPV4V6, IPV4V6, true, 0, 0, 0, false, 0, 0, 0, 0, , , false} mReason=simLoaded mDataEnabled=true mDependencyMet=true} 1} target=Handler (com.qualcomm.qti.internal.telephony.dataconnection.QtiDcTracker) {63e5e6a} replyTo=null}}
09-27 15:16:12.051  2250  2250 D CdmaSSM : subscriptionSource from settings: 0
09-27 15:16:12.051  2250  2432 D DC-1    : onConnect: carrier='' APN='3gnet' proxy='' port=''
09-27 15:16:12.054  2250  2432 D RILJ    : [3852]> SETUP_DATA_CALL 14 0 3gnet   0 IPV4V6 [SUB1]
09-27 15:16:12.120  2250  2250 D CdmaSSM : subscriptionSource from settings: 0
09-27 15:16:12.148  2250  2250 D CdmaSSM : subscriptionSource from settings: 0
09-27 15:16:12.186  2250  2250 D CdmaSSM : subscriptionSource from settings: 0
09-27 15:16:12.224  2250  2250 D CdmaSSM : subscriptionSource from settings: 0
09-27 15:16:12.238  2250  2250 D CdmaSSM : subscriptionSource from settings: 0
09-27 15:16:12.253  2250  2250 D CdmaSSM : subscriptionSource from settings: 0
09-27 15:16:12.261  2250  2250 D QtiGsmDCT: [1]trySetupData: X retValue=true
09-27 15:16:12.377  2250  2250 D CAT     : CatService: handleMessage[10]
09-27 15:16:12.378  2250  2250 D CAT     : CatService: SESSION END on 1
09-27 15:16:12.450  2250  2250 D SubscriptionController: [getActiveSubscriptionInfo]+ subId=2 subInfo={id=2, iccId=89860116831014056097 simSlotIndex=1 displayName=CARD 2 carrierName=CHN-UNICOM nameSource=0 iconTint=-16746133 dataRoaming=0 iconBitmap=android.graphics.Bitmap@834c0d1 mcc 460 mnc 1}
09-27 15:16:12.452  2250  2311 D RILJ    : [3852]< SETUP_DATA_CALL DataCallResponse: {version=11 status=0 retry=-1 cid=0 active=2 type=IPV4V6 ifname=rmnet_data0 mtu=1500 addresses=[10.169.196.148/29] dnses=[112.65.184.255,210.22.84.3] gateways=[10.169.196.149] pcscf=[]} [SUB1]
09-27 15:16:12.453  2250  2432 D DC-1    : DcActivatingState: msg={what=EVENT_SETUP_DATA_CONNECTION_DONE when=-1ms obj=android.os.AsyncResult@3dbf736 target=Handler (com.android.internal.util.StateMachine$SmHandler) {3bee637} replyTo=null}
