09-27 15:15:58.861  2250  2250 E IccCardProxy: setExternalState: !override and newstate unchanged from NOT_READY
09-27 15:15:58.861  2250  2250 D QtiGsmCdmaPhone: handleMessage: Event: 1
09-27 15:15:58.861  2250  2250 D RILJ    : [3701]> BASEBAND_VERSION [SUB1]
09-27 15:15:58.864  2250  2250 D RILJ    : [3702]> GET_IMEI [SUB1]
09-27 15:15:58.866  2250  2250 D RILJ    : [3703]> GET_IMEISV [SUB1]
09-27 15:15:58.866  2250  2311 D RILJ    : [3701]< BASEBAND_VERSION 953_GEN_PACK-1.109133.1.109682.1 [SUB1]
09-27 15:15:58.868  2250  2250 D RILJ    : [3704]> RIL_REQUEST_GET_RADIO_CAPABILITY [SUB1]
09-27 15:15:58.868  2250  2311 D RilRequest: [3702]< GET_IMEI error: com.android.internal.telephony.CommandException: NOT_PROVISIONED ret=
09-27 15:15:58.869  2250  2250 D RILJ    : [3705]> RIL_REQUEST_START_LCE [SUB1]
09-27 15:15:58.870  2250  2311 D RilRequest: [3703]< GET_IMEISV error: com.android.internal.telephony.CommandException: NOT_PROVISIONED ret=
09-27 15:15:58.871  2250  2250 D QtiGsmCdmaPhone: handleMessage: Event: 8
09-27 15:15:58.871  2250  2250 D GsmCdmaPhone: [GsmCdmaPhone] Event EVENT_RADIO_OFF_OR_NOT_AVAILABLE Received
09-27 15:15:58.871  2250  2250 D QtiGsmCdmaPhone: handleMessage: Event: 41
09-27 15:15:58.871  2250  2311 D RILJ    : responseRadioCapability: version= 0, session=0, phase=0, rat=81928, logicModemUuid=1, status=1 [SUB1]
09-27 15:15:58.871  2250  2311 D RILJ    : [3704]< RIL_REQUEST_GET_RADIO_CAPABILITY {mPhoneId = 1 mVersion=1 mSession=0 mPhase=0 mRadioAccessFamily=81928 mLogicModemId=1 mStatus=1} [SUB1]
09-27 15:15:58.872  2250  2250 E IccCardProxy: setExternalState: !override and newstate unchanged from NOT_READY
09-27 15:15:58.872  2250  2250 D SST     : mDeviceShuttingDown=false, mDesiredPowerState=true, getRadioState=RADIO_OFF, mPowerOffDelayNeed=true, mAlarmSwitch=false, mRadioDisabledByCarrier=false
09-27 15:15:58.874  2250  2250 D RILJ    : [3706]> RADIO_POWER on [SUB1]
09-27 15:15:58.875  2250  2311 D RILJ    : LCE status information received: lceStatus=1 actualInterval=512 [SUB1]
09-27 15:15:58.875  2250  2311 D RILJ    : [3705]< RIL_REQUEST_START_LCE [1, 512] [SUB1]
09-27 15:15:58.876  2250  2250 D RILJ    : [3707]> OPERATOR [SUB1]
09-27 15:15:58.878  2250  2250 D RILJ    : [3708]> DATA_REGISTRATION_STATE [SUB1]
09-27 15:15:58.879  2250  2311 D RILJ    : [3706]< RADIO_POWER  [SUB1]
09-27 15:15:58.880  2250  2250 D RILJ    : [3709]> VOICE_REGISTRATION_STATE [SUB1]
09-27 15:15:58.881  2250  2307 D RILJ    : [3684]< RADIO_POWER  [SUB0]
09-27 15:15:58.881  2250  2307 D RILJ    : [3689]< RADIO_POWER  [SUB0]
09-27 15:15:58.882   958  2523 I RILQ    : (1/958):RIL[1][cmd-21(128)] qcril_qmi_nas_reset_data_snapshot_cache_and_timer: Resetting snapshot timer
09-27 15:15:58.883  2250  2250 D RILJ    : [3711]> QUERY_NETWORK_SELECTION_MODE [SUB1]
09-27 15:15:58.885  2250  2250 D SST     : mDeviceShuttingDown=false, mDesiredPowerState=true, getRadioState=RADIO_OFF, mPowerOffDelayNeed=true, mAlarmSwitch=false, mRadioDisabledByCarrier=false
09-27 15:15:58.886  2250  2311 D RILJ    : Unsol response received for UNSOL_OEM_HOOK_RAW Sending ack to ril.cpp [SUB1]
09-27 15:15:58.886  2250  2311 V RILJ    : [UNSL]< UNSOL_OEM_HOOK_RAW 514f454d484f4f4bf2030800040000000050c011 [SUB1]
09-27 15:15:58.888  2250  2250 D RILJ    : [3713]> RADIO_POWER on [SUB1]
09-27 15:15:58.888   958  2524 I RILQ    : (1/958):RIL[1][cmd-20(840)] qcril_qmi_nas_reset_data_snapshot_cache_and_timer: Resetting snapshot timer
09-27 15:15:58.889  2250  2311 D RILJ    : Unsol response received for UNSOL_RESPONSE_RADIO_STATE_CHANGED Sending ack to ril.cpp [SUB1]
09-27 15:15:58.889  2250  2311 D RILJ    : [UNSL]< UNSOL_RESPONSE_RADIO_STATE_CHANGED RADIO_ON [SUB1]
09-27 15:15:58.889  2250  2250 D RILJ    : [3715]> OPERATOR [SUB1]
09-27 15:15:58.890  2250  2311 D RILJ    : [3707]< OPERATOR {null, null, null} [SUB1]
09-27 15:15:58.892  2250  2307 D RILJ    : Unsol response received for UNSOL_OEM_HOOK_RAW Sending ack to ril.cpp [SUB0]
09-27 15:15:58.893  2250  2311 D RILJ    : [3708]< DATA_REGISTRATION_STATE {0, null, null, null, 0, 20, null, 476, 10525727, null, null} [SUB1]
09-27 15:15:58.893  2250  2311 D RILJ    : [3709]< VOICE_REGISTRATION_STATE {2, null, null, 0, null, null, null, 0, null, null, null, null, null, 0, null} [SUB1]
09-27 15:15:58.893  2250  2307 V RILJ    : [UNSL]< UNSOL_OEM_HOOK_RAW 514f454d484f4f4bf2030800040000000050dc11 [SUB0]
09-27 15:15:58.893  2250  2250 D RILJ    : [3716]> DATA_REGISTRATION_STATE [SUB1]
09-27 15:15:58.894  2250  2311 D RILJ    : [3711]< QUERY_NETWORK_SELECTION_MODE {0} [SUB1]
09-27 15:15:58.896  2250  2307 D RILJ    : Unsol response received for UNSOL_RESPONSE_RADIO_STATE_CHANGED Sending ack to ril.cpp [SUB0]
09-27 15:15:58.896  2250  2307 D RILJ    : [UNSL]< UNSOL_RESPONSE_RADIO_STATE_CHANGED RADIO_ON [SUB0]
09-27 15:15:58.896  2250  2311 D RILJ    : [3715]< OPERATOR {null, null, null} [SUB1]
09-27 15:15:58.896  2250  2250 D RILJ    : [3718]> VOICE_REGISTRATION_STATE [SUB1]
09-27 15:15:58.897   958  2528 I RILQ    : (1/958):RIL[1][cmd-21(128)] qcril_qmi_nas_reset_data_snapshot_cache_and_timer: Resetting snapshot timer
09-27 15:15:58.898  2250  2250 D RILJ    : [3719]> QUERY_NETWORK_SELECTION_MODE [SUB1]
09-27 15:15:58.900  2250  2311 D RILJ    : [3716]< DATA_REGISTRATION_STATE {0, null, null, null, 0, 20, null, 476, 10525727, null, null} [SUB1]
09-27 15:15:58.901   958  2529 I RILQ    : (1/958):RIL[1][cmd-20(840)] qcril_qmi_nas_reset_data_snapshot_cache_and_timer: Resetting snapshot timer
09-27 15:15:58.905  2250  2311 D RILJ    : [3718]< VOICE_REGISTRATION_STATE {2, null, null, 0, null, null, null, 0, null, null, null, null, null, 0, null} [SUB1]
09-27 15:15:58.906  2250  2311 D RILJ    : [3719]< QUERY_NETWORK_SELECTION_MODE {0} [SUB1]
09-27 15:15:58.908  2250  2250 D QtiGsmDCT: [1]QtiDcTracker handleMessage msg={ when=-927ms what=270369 obj=android.os.AsyncResult@bb9dcaa target=com.qualcomm.qti.internal.telephony.dataconnection.QtiDcTracker }
09-27 15:15:58.908  2250  2250 D QtiGsmDCT: [1]NETWORK_STATE_CHANGED_ACTION: mIsWifiConnected=false
09-27 15:15:58.909  2250  2250 D QtiGsmDCT: [1]Wifi state changed
09-27 15:15:58.909  2250  2250 D QtiGsmDCT: [1]WIFI_STATE_CHANGED_ACTION: enabled=true mIsWifiConnected=false
09-27 15:15:58.909  2250  2250 D QtiGsmCdmaPhone: handleMessage: Event: 34
09-27 15:15:58.910  2250  2250 D QtiGsmCdmaPhone: handleMessage: Event: 34
09-27 15:15:58.911  2250  2250 D QtiGsmCdmaPhone: handleMessage: Event: 34
09-27 15:15:58.913  2250  2250 D QtiRilInterface: Service ready, notifying registrants
09-27 15:15:58.914  2250  2250 D QtiGsmCdmaPhone: handleMessage: Event: 34
09-27 15:15:58.915  2250  2250 D QtiGsmDCT: [1]QtiDcTracker handleMessage msg={ when=-913ms what=270337 obj=android.os.AsyncResult@4daf09b target=com.qualcomm.qti.internal.telephony.dataconnection.QtiDcTracker }
09-27 15:15:58.915  2250  2250 D QtiGsmDCT: [1]onRadioAvailable
09-27 15:15:58.915  2250  2250 D QtiGsmDCT: [1]QtiDcTracker handleMessage msg={ when=-913ms what=270342 obj=android.os.AsyncResult@969dc38 target=com.qualcomm.qti.internal.telephony.dataconnection.QtiDcTracker }
09-27 15:15:58.915  2250  2250 D QtiGsmDCT: [1]onRadioOffOrNotAvailable: is off and clean up all connections
09-27 15:15:58.915  2250  2250 D QtiGsmDCT: [1]cleanUpAllConnections: tearDown=false reason=radioTurnedOff
09-27 15:15:58.916  2250  2250 D GsmCdmaPhone: [GsmCdmaPhone] getDataConnectionState apnType=default ret=DISCONNECTED
09-27 15:15:58.917  2250  2250 D CdmaSSM : subscriptionSource from settings: 0
09-27 15:15:58.918  2250  2250 D QtiSubscriptionController: getPhoneId, received dummy subId 2147483644
09-27 15:15:58.920  2250  2250 D QtiSubscriptionController: getPhoneId, received dummy subId 2147483644
09-27 15:15:58.924  2250  2250 D QtiGsmDCT: [1]setupDataForSinglePdn: reason = radioTurnedOff isDisconnected = true
09-27 15:15:58.924  2250  2250 D QtiGsmDCT: [1]isOnlySingleDcAllowed(0): false
09-27 15:15:58.924  2250  2250 D QtiGsmDCT: [1]cleanUpConnection: X tearDown=false reason=radioTurnedOff apnContext={mApnType=default mState=IDLE mWaitingApns={null} mApnSetting={null} mReason=radioTurnedOff mDataEnabled=false mDependencyMet=true} dcac=null
09-27 15:15:58.924  2250  2250 D GsmCdmaPhone: [GsmCdmaPhone] getDataConnectionState apnType=mms ret=DISCONNECTED
09-27 15:15:58.925  2250  2262 D SubscriptionController: [getPhoneId]- no sims, returning default phoneId=0
09-27 15:15:58.925  2250  2250 D CdmaSSM : subscriptionSource from settings: 0
09-27 15:15:58.927  2250  2425 D SubscriptionController: [getPhoneId]- no sims, returning default phoneId=0
09-27 15:15:58.928  2250  2250 D QtiSubscriptionController: getPhoneId, received dummy subId 2147483644
09-27 15:15:58.929  2250  2250 D QtiSubscriptionController: getPhoneId, received dummy subId 2147483644
09-27 15:15:58.929  2250  2329 D SubscriptionController: [getPhoneId]- no sims, returning default phoneId=0
09-27 15:15:58.931  2250  2421 D SubscriptionController: [getPhoneId]- no sims, returning default phoneId=0
09-27 15:15:58.932  2250  2250 D QtiGsmDCT: [1]setupDataForSinglePdn: reason = radioTurnedOff isDisconnected = true
09-27 15:15:58.932  2250  2250 D QtiGsmDCT: [1]isOnlySingleDcAllowed(0): false
09-27 15:15:58.932  2250  2250 D QtiGsmDCT: [1]cleanUpConnection: X tearDown=false reason=radioTurnedOff apnContext={mApnType=mms mState=IDLE mWaitingApns={null} mApnSetting={null} mReason=radioTurnedOff mDataEnabled=false mDependencyMet=true} dcac=null
09-27 15:15:58.933  2250  2250 D GsmCdmaPhone: [GsmCdmaPhone] getDataConnectionState apnType=cbs ret=DISCONNECTED
09-27 15:15:58.934  2250  2250 D CdmaSSM : subscriptionSource from settings: 0
09-27 15:15:58.934  2250  2425 D SubscriptionController: [getPhoneId]- no sims, returning default phoneId=0
09-27 15:15:58.936  2250  2250 D QtiSubscriptionController: getPhoneId, received dummy subId 2147483644
09-27 15:15:58.937  2250  2250 D QtiSubscriptionController: getPhoneId, received dummy subId 2147483644
09-27 15:15:58.942  2250  2250 D QtiGsmDCT: [1]setupDataForSinglePdn: reason = radioTurnedOff isDisconnected = true
09-27 15:15:58.942  2250  2250 D QtiGsmDCT: [1]isOnlySingleDcAllowed(0): false
09-27 15:15:58.942  2250  2250 D QtiGsmDCT: [1]cleanUpConnection: X tearDown=false reason=radioTurnedOff apnContext={mApnType=cbs mState=IDLE mWaitingApns={null} mApnSetting={null} mReason=radioTurnedOff mDataEnabled=false mDependencyMet=true} dcac=null
09-27 15:15:58.942  2250  2250 D GsmCdmaPhone: [GsmCdmaPhone] getDataConnectionState apnType=fota ret=DISCONNECTED
09-27 15:15:58.943  2250  2250 D CdmaSSM : subscriptionSource from settings: 0
09-27 15:15:58.945  2250  2250 D QtiSubscriptionController: getPhoneId, received dummy subId 2147483644
09-27 15:15:58.946  2250  2250 D QtiSubscriptionController: getPhoneId, received dummy subId 2147483644
09-27 15:15:58.950  2250  2250 D QtiGsmDCT: [1]setupDataForSinglePdn: reason = radioTurnedOff isDisconnected = true
09-27 15:15:58.950  2250  2250 D QtiGsmDCT: [1]isOnlySingleDcAllowed(0): false
09-27 15:15:58.950  2250  2250 D QtiGsmDCT: [1]cleanUpConnection: X tearDown=false reason=radioTurnedOff apnContext={mApnType=fota mState=IDLE mWaitingApns={null} mApnSetting={null} mReason=radioTurnedOff mDataEnabled=false mDependencyMet=true} dcac=null
09-27 15:15:58.951  2250  2250 D GsmCdmaPhone: [GsmCdmaPhone] getDataConnectionState apnType=supl ret=DISCONNECTED
09-27 15:15:58.951  2250  2250 D CdmaSSM : subscriptionSource from settings: 0
09-27 15:15:58.953  2250  2250 D QtiSubscriptionController: getPhoneId, received dummy subId 2147483644
09-27 15:15:58.955  2250  2250 D QtiSubscriptionController: getPhoneId, received dummy subId 2147483644
09-27 15:15:58.959  2250  2250 D QtiGsmDCT: [1]setupDataForSinglePdn: reason = radioTurnedOff isDisconnected = true
09-27 15:15:58.959  2250  2250 D QtiGsmDCT: [1]isOnlySingleDcAllowed(0): false
09-27 15:15:58.959  2250  2250 D QtiGsmDCT: [1]cleanUpConnection: X tearDown=false reason=radioTurnedOff apnContext={mApnType=supl mState=IDLE mWaitingApns={null} mApnSetting={null} mReason=radioTurnedOff mDataEnabled=false mDependencyMet=true} dcac=null
09-27 15:15:58.959  2250  2250 D GsmCdmaPhone: [GsmCdmaPhone] getDataConnectionState apnType=emergency ret=DISCONNECTED
09-27 15:15:58.961  2250  2250 D QtiSubscriptionController: getPhoneId, received dummy subId 2147483644
09-27 15:15:58.962  2250  2250 D QtiSubscriptionController: getPhoneId, received dummy subId 2147483644
09-27 15:15:58.966  2250  2250 D QtiGsmDCT: [1]setupDataForSinglePdn: reason = radioTurnedOff isDisconnected = true
09-27 15:15:58.966  2250  2250 D QtiGsmDCT: [1]isOnlySingleDcAllowed(0): false
09-27 15:15:58.966  2250  2250 D QtiGsmDCT: [1]cleanUpConnection: X tearDown=false reason=radioTurnedOff apnContext={mApnType=emergency mState=IDLE mWaitingApns={null} mApnSetting={null} mReason=radioTurnedOff mDataEnabled=false mDependencyMet=true} dcac=null
09-27 15:15:58.966  2250  2250 D GsmCdmaPhone: [GsmCdmaPhone] getDataConnectionState apnType=dun ret=DISCONNECTED
09-27 15:15:58.967  2250  2250 D CdmaSSM : subscriptionSource from settings: 0
09-27 15:15:58.970  2250  2250 D QtiSubscriptionController: getPhoneId, received dummy subId 2147483644
09-27 15:15:58.974  2250  2250 D QtiSubscriptionController: getPhoneId, received dummy subId 2147483644
09-27 15:15:58.980  2250  2250 D QtiGsmDCT: [1]setupDataForSinglePdn: reason = radioTurnedOff isDisconnected = true
09-27 15:15:58.981  2250  2250 D QtiGsmDCT: [1]isOnlySingleDcAllowed(0): false
09-27 15:15:58.981  2250  2250 D QtiGsmDCT: [1]cleanUpConnection: X tearDown=false reason=radioTurnedOff apnContext={mApnType=dun mState=IDLE mWaitingApns={null} mApnSetting={null} mReason=radioTurnedOff mDataEnabled=false mDependencyMet=true} dcac=null
09-27 15:15:58.981  2250  2250 D GsmCdmaPhone: [GsmCdmaPhone] getDataConnectionState apnType=hipri ret=DISCONNECTED
09-27 15:15:58.982  2250  2250 D CdmaSSM : subscriptionSource from settings: 0
09-27 15:15:58.985  2250  2250 D QtiSubscriptionController: getPhoneId, received dummy subId 2147483644
09-27 15:15:58.986  2250  2250 D QtiSubscriptionController: getPhoneId, received dummy subId 2147483644
09-27 15:15:58.990  2250  2250 D QtiGsmDCT: [1]setupDataForSinglePdn: reason = radioTurnedOff isDisconnected = true
09-27 15:15:58.990  2250  2250 D QtiGsmDCT: [1]isOnlySingleDcAllowed(0): false
09-27 15:15:58.990  2250  2250 D QtiGsmDCT: [1]cleanUpConnection: X tearDown=false reason=radioTurnedOff apnContext={mApnType=hipri mState=IDLE mWaitingApns={null} mApnSetting={null} mReason=radioTurnedOff mDataEnabled=false mDependencyMet=true} dcac=null
09-27 15:15:58.990  2250  2250 D GsmCdmaPhone: [GsmCdmaPhone] getDataConnectionState apnType=ims ret=DISCONNECTED
09-27 15:15:58.991  2250  2250 D CdmaSSM : subscriptionSource from settings: 0
09-27 15:15:58.994  2250  2250 D QtiSubscriptionController: getPhoneId, received dummy subId 2147483644
09-27 15:15:58.996  2250  2250 D QtiSubscriptionController: getPhoneId, received dummy subId 2147483644
09-27 15:15:59.000  2250  2250 D QtiGsmDCT: [1]setupDataForSinglePdn: reason = radioTurnedOff isDisconnected = true
09-27 15:15:59.000  2250  2250 D QtiGsmDCT: [1]isOnlySingleDcAllowed(0): false
09-27 15:15:59.000  2250  2250 D QtiGsmDCT: [1]cleanUpConnection: X tearDown=false reason=radioTurnedOff apnContext={mApnType=ims mState=IDLE mWaitingApns={null} mApnSetting={null} mReason=radioTurnedOff mDataEnabled=false mDependencyMet=true} dcac=null
09-27 15:15:59.000  2250  2250 D QtiGsmDCT: [1]stopNetStatPoll
09-27 15:15:59.002  2250  2250 D QtiSubscriptionController: getPhoneId, received dummy subId 2147483644
09-27 15:15:59.003  2250  2250 D QtiGsmDCT: [1]cleanUpConnection: mDisconnectPendingCount = 0
09-27 15:15:59.003  2250  2250 D CdmaSSM : subscriptionSource from settings: 0
09-27 15:15:59.004  2250  2250 D QtiGsmDCT: [1]isDataAllowed: No - SIM not loaded - Not attached
09-27 15:15:59.005  2250  2250 D CdmaSSM : subscriptionSource from settings: 0
09-27 15:15:59.010  2250  2250 D QtiSubscriptionController: getPhoneId, received dummy subId 2147483644
09-27 15:15:59.012  2250  2250 D QtiSubscriptionController: getPhoneId, received dummy subId 2147483644
09-27 15:15:59.017  2250  2250 D CdmaSSM : subscriptionSource from settings: 0
09-27 15:15:59.018  2250  2425 D SubscriptionController: [getPhoneId]- no sims, returning default phoneId=0
09-27 15:15:59.020  2250  2250 D QtiSubscriptionController: getPhoneId, received dummy subId 2147483644
09-27 15:15:59.021  2250  2329 D SubscriptionController: [getPhoneId]- no sims, returning default phoneId=0
09-27 15:15:59.021  2250  2250 D QtiSubscriptionController: getPhoneId, received dummy subId 2147483644
09-27 15:15:59.024  2250  2263 D SubscriptionController: [getPhoneId]- no sims, returning default phoneId=0
09-27 15:15:59.028  2250  2250 D CdmaSSM : subscriptionSource from settings: 0
09-27 15:15:59.030  2250  2262 D SubscriptionController: [getPhoneId]- no sims, returning default phoneId=0
09-27 15:15:59.031  2250  2250 D QtiSubscriptionController: getPhoneId, received dummy subId 2147483644
09-27 15:15:59.033  2250  2250 D QtiSubscriptionController: getPhoneId, received dummy subId 2147483644
09-27 15:15:59.034  2250  2329 D SubscriptionController: [getPhoneId]- no sims, returning default phoneId=0
09-27 15:15:59.040  2250  2250 D CdmaSSM : subscriptionSource from settings: 0
09-27 15:15:59.043  2250  2250 D QtiSubscriptionController: getPhoneId, received dummy subId 2147483644
09-27 15:15:59.044  2250  2250 D QtiSubscriptionController: getPhoneId, received dummy subId 2147483644
09-27 15:15:59.049  2250  2250 D CdmaSSM : subscriptionSource from settings: 0
09-27 15:15:59.051  2250  2250 D QtiSubscriptionController: getPhoneId, received dummy subId 2147483644
09-27 15:15:59.053  2250  2250 D QtiSubscriptionController: getPhoneId, received dummy subId 2147483644
09-27 15:15:59.059  2250  2250 D QtiSubscriptionController: getPhoneId, received dummy subId 2147483644
09-27 15:15:59.063  2250  2250 D QtiSubscriptionController: getPhoneId, received dummy subId 2147483644
09-27 15:15:59.070  2250  2250 D CdmaSSM : subscriptionSource from settings: 0
09-27 15:15:59.073  2250  2250 D QtiSubscriptionController: getPhoneId, received dummy subId 2147483644
09-27 15:15:59.074  2250  2250 D QtiSubscriptionController: getPhoneId, received dummy subId 2147483644
09-27 15:15:59.082  2250  2250 D CdmaSSM : subscriptionSource from settings: 0
09-27 15:15:59.085  2250  2250 D QtiSubscriptionController: getPhoneId, received dummy subId 2147483644
09-27 15:15:59.086  2250  2250 D QtiSubscriptionController: getPhoneId, received dummy subId 2147483644
09-27 15:15:59.095  2250  2250 D CdmaSSM : subscriptionSource from settings: 0
09-27 15:15:59.102  2250  2250 D QtiSubscriptionController: getPhoneId, received dummy subId 2147483644
09-27 15:15:59.104  2250  2250 D QtiSubscriptionController: getPhoneId, received dummy subId 2147483644
09-27 15:15:59.111  2250  2250 D QtiGsmDCT: [1]QtiDcTracker handleMessage msg={ when=-1s109ms what=270345 obj=android.os.AsyncResult@e7c0411 target=com.qualcomm.qti.internal.telephony.dataconnection.QtiDcTracker }
09-27 15:15:59.112  2250  2250 D QtiGsmDCT: [1]onDataConnectionDetached: stop polling and notify detached
09-27 15:15:59.112  2250  2250 D QtiGsmDCT: [1]stopNetStatPoll
09-27 15:15:59.115  2250  2250 D QtiSubscriptionController: getPhoneId, received dummy subId 2147483644
09-27 15:15:59.117  2250  2250 D QtiGsmDCT: [1]notifyDataConnection: reason=dataDetached
09-27 15:15:59.117  2250  2250 D CdmaSSM : subscriptionSource from settings: 0
09-27 15:15:59.118  2250  2250 D QtiGsmDCT: [1]isDataAllowed: No - SIM not loaded - Not attached
09-27 15:15:59.118  2250  2250 D CdmaSSM : subscriptionSource from settings: 0
09-27 15:15:59.121  2250  2250 D QtiSubscriptionController: getPhoneId, received dummy subId 2147483644
09-27 15:15:59.124  2250  2250 D QtiSubscriptionController: getPhoneId, received dummy subId 2147483644
09-27 15:15:59.133  2250  2250 D CdmaSSM : subscriptionSource from settings: 0
09-27 15:15:59.134  2250  2263 D SubscriptionController: [getPhoneId]- no sims, returning default phoneId=0
09-27 15:15:59.137  2250  2421 D SubscriptionController: [getPhoneId]- no sims, returning default phoneId=0
09-27 15:15:59.138  2250  2250 D QtiSubscriptionController: getPhoneId, received dummy subId 2147483644
09-27 15:15:59.139  2250  2425 D SubscriptionController: [getPhoneId]- no sims, returning default phoneId=0
09-27 15:15:59.141  2250  2250 D QtiSubscriptionController: getPhoneId, received dummy subId 2147483644
09-27 15:15:59.142  2250  2329 D SubscriptionController: [getPhoneId]- no sims, returning default phoneId=0
09-27 15:15:59.145  2250  2421 D SubscriptionController: [getPhoneId]- no sims, returning default phoneId=0
09-27 15:15:59.146  2250  2250 D CdmaSSM : subscriptionSource from settings: 0
09-27 15:15:59.148  2250  2250 D QtiSubscriptionController: getPhoneId, received dummy subId 2147483644
09-27 15:15:59.149  2250  2250 D QtiSubscriptionController: getPhoneId, received dummy subId 2147483644
09-27 15:15:59.156  2250  2250 D CdmaSSM : subscriptionSource from settings: 0
09-27 15:15:59.159  2250  2250 D QtiSubscriptionController: getPhoneId, received dummy subId 2147483644
09-27 15:15:59.161  2250  2250 D QtiSubscriptionController: getPhoneId, received dummy subId 2147483644
09-27 15:15:59.176  2250  2250 D CdmaSSM : subscriptionSource from settings: 0
09-27 15:15:59.180  2250  2250 D QtiSubscriptionController: getPhoneId, received dummy subId 2147483644
09-27 15:15:59.184  2250  2250 D QtiSubscriptionController: getPhoneId, received dummy subId 2147483644
09-27 15:15:59.191  2250  2250 D QtiSubscriptionController: getPhoneId, received dummy subId 2147483644
09-27 15:15:59.194  2250  2250 D QtiSubscriptionController: getPhoneId, received dummy subId 2147483644
09-27 15:15:59.201  2250  2250 D CdmaSSM : subscriptionSource from settings: 0
09-27 15:15:59.210  2250  2250 D QtiSubscriptionController: getPhoneId, received dummy subId 2147483644
09-27 15:15:59.217  2250  2250 D QtiSubscriptionController: getPhoneId, received dummy subId 2147483644
09-27 15:15:59.220   958  1034 I RILQ    : (1/958):RIL[1][event] qcril_qmi_nas_reset_data_snapshot_cache_and_timer: Resetting snapshot timer
09-27 15:15:59.222  2250  2263 D QtiSubscriptionController: getPhoneId, received dummy subId 2147483643
09-27 15:15:59.226  2250  2250 D CdmaSSM : subscriptionSource from settings: 0
09-27 15:15:59.228   958  1034 I RILQ    : (1/958):RIL[1][event] qcril_qmi_nas_reset_data_snapshot_cache_and_timer: Resetting snapshot timer
09-27 15:15:59.230   958  1034 I RILQ    : (1/958):RIL[1][event] qcril_qmi_nas_reset_data_snapshot_cache_and_timer: Resetting snapshot timer
09-27 15:15:59.231  2250  2250 D QtiSubscriptionController: getPhoneId, received dummy subId 2147483644
09-27 15:15:59.234  2250  2250 D QtiSubscriptionController: getPhoneId, received dummy subId 2147483644
09-27 15:15:59.236   958  1034 I RILQ    : (1/958):RIL[1][event] qcril_qmi_nas_evaluate_custom_emergency_numbers_for_card: cur_status 19712, card_state 3
09-27 15:15:59.236   958  1034 I RILQ    : (1/958):RIL[1][event] qcril_qmi_nas_evaluate_custom_emergency_numbers_for_card: card_mcc 460, card_mnc 01
09-27 15:15:59.239  2250  2311 D RILJ    : Unsol response received for UNSOL_RESPONSE_VOICE_NETWORK_STATE_CHANGED Sending ack to ril.cpp [SUB1]
09-27 15:15:59.239  2250  2311 D RILJ    : [UNSL]< UNSOL_RESPONSE_VOICE_NETWORK_STATE_CHANGED [SUB1]
09-27 15:15:59.241   958  1034 I RILQ    : (1/958):RIL[1][event] qcril_qmi_nas_add_emergency_numbers: matched with source mcc table using IMSI MCC
09-27 15:15:59.242  2250  2250 D CdmaSSM : subscriptionSource from settings: 0
09-27 15:15:59.243   958  1034 I RILQ    : (1/958):RIL[1][event] qcril_qmi_nas_add_emergency_numbers: matched with source voice table using IMSI MCC
09-27 15:15:59.244   958  1034 I RILQ    : (1/958):RIL[1][event] qcril_qmi_nas_add_emergency_numbers: Update ril ecclist
09-27 15:15:59.244   958  1034 E RILQ    : (1/958): RIL[1][event] get_ecc_property_name: ecc list name : ril.ecclist1.
09-27 15:15:59.245   958  1034 E RILQ    : (1/958): RIL[1][event] get_ecc_property_name: ecc list name : ril.ecclist1.
09-27 15:15:59.246  2250  2250 D QtiSubscriptionController: getPhoneId, received dummy subId 2147483644
09-27 15:15:59.247   958  1034 I RILQ    : (1/958):RIL[1][event] qcril_qmi_nas_evaluate_custom_emergency_numbers_for_card: cur_status 7424, card_state 3
09-27 15:15:59.247   958  1034 I RILQ    : (1/958):RIL[1][event] qcril_qmi_nas_evaluate_custom_emergency_numbers_for_card: card_mcc 460, card_mnc 01
09-27 15:15:59.248  2250  2250 D QtiSubscriptionController: getPhoneId, received dummy subId 2147483644
09-27 15:15:59.249   958  1034 I RILQ    : (1/958):RIL[1][event] qcril_qmi_nas_add_emergency_numbers: matched with source mcc table using IMSI MCC
09-27 15:15:59.250   958  1034 I RILQ    : (1/958):RIL[1][event] qcril_qmi_nas_add_emergency_numbers: matched with source voice table using IMSI MCC
09-27 15:15:59.250   958  1034 I RILQ    : (1/958):RIL[1][event] qcril_qmi_nas_add_emergency_numbers: Update ril ecclist
09-27 15:15:59.250   958  1034 E RILQ    : (1/958): RIL[1][event] get_ecc_property_name: ecc list name : ril.ecclist1.
09-27 15:15:59.254  2250  2250 D QtiGsmDCT: [1]QtiDcTracker handleMessage msg={ when=-1s252ms what=270348 obj=android.os.AsyncResult@a311976 target=com.qualcomm.qti.internal.telephony.dataconnection.QtiDcTracker }
09-27 15:15:59.254  2250  2250 D QtiGsmDCT: [1]onRoamingOff
09-27 15:15:59.254  2250  2250 D QtiGsmDCT: [1]setDataProfilesAsNeeded mSetDataProfileStatus: 0
09-27 15:15:59.255   958  1034 E RILQ    : (1/958): RIL[1][event] get_ecc_property_name: ecc list name : ril.ecclist1.
09-27 15:15:59.255  2250  2250 D QtiGsmDCT: [1]notifyDataConnection: reason=roamingOff
09-27 15:15:59.256  2250  2250 D CdmaSSM : subscriptionSource from settings: 0
09-27 15:15:59.256   958  1034 I RILQ    : (1/958):RIL[1][event] qcril_qmi_nas_reset_data_snapshot_cache_and_timer: Resetting snapshot timer
09-27 15:15:59.256  2250  2250 D QtiGsmDCT: [1]isDataAllowed: No - SIM not loaded - Not attached
09-27 15:15:59.257  2250  2250 D CdmaSSM : subscriptionSource from settings: 0
09-27 15:15:59.259   958  1034 I RILQ    : (1/958):RIL[1][event] qcril_qmi_nas_evaluate_custom_emergency_numbers_for_card: cur_status 7424, card_state 3
09-27 15:15:59.259   958  1034 I RILQ    : (1/958):RIL[1][event] qcril_qmi_nas_evaluate_custom_emergency_numbers_for_card: card_mcc 460, card_mnc 01
09-27 15:15:59.260  2250  2250 D QtiSubscriptionController: getPhoneId, received dummy subId 2147483644
09-27 15:15:59.261  2250  2311 D RILJ    : Unsol response received for UNSOL_RESPONSE_VOICE_NETWORK_STATE_CHANGED Sending ack to ril.cpp [SUB1]
09-27 15:15:59.261  2250  2311 D RILJ    : [UNSL]< UNSOL_RESPONSE_VOICE_NETWORK_STATE_CHANGED [SUB1]
09-27 15:15:59.261  2250  2250 D QtiSubscriptionController: getPhoneId, received dummy subId 2147483644
09-27 15:15:59.261   958  1034 I RILQ    : (1/958):RIL[1][event] qcril_qmi_nas_add_emergency_numbers: matched with source mcc table using IMSI MCC
09-27 15:15:59.263   958  1034 I RILQ    : (1/958):RIL[1][event] qcril_qmi_nas_add_emergency_numbers: matched with source voice table using IMSI MCC
09-27 15:15:59.263   958  1034 I RILQ    : (1/958):RIL[1][event] qcril_qmi_nas_add_emergency_numbers: Update ril ecclist
09-27 15:15:59.263   958  1034 E RILQ    : (1/958): RIL[1][event] get_ecc_property_name: ecc list name : ril.ecclist1.
09-27 15:15:59.264   958  1034 E RILQ    : (1/958): RIL[1][event] get_ecc_property_name: ecc list name : ril.ecclist1.
09-27 15:15:59.266   958  1034 I RILQ    : (1/958):RIL[1][event] qcril_arb_set_dsd_sys_status: old_pref_data -2106597784 - new_data_pref -2106597840
09-27 15:15:59.266   958  1034 I RILQ    : (1/958):RIL[1][event] qcril_arb_set_dsd_sys_status: preferred dsd_sys_status nw=0x0, rat_value=0x0, so_mask=0x0000000000000000
09-27 15:15:59.266   958  1034 I RILQ    : (1/958):RIL[1][event] qcril_arb_set_dsd_sys_status: preferred 1 - dsd_sys_status nw=0x0, rat_value=0x0, so_mask=0x0000000000000000
09-27 15:15:59.266   958  1034 I RILQ    : (1/958):RIL[1][event] qcril_arb_set_dsd_sys_status: is_wwan_available 0
09-27 15:15:59.267   958  1034 I RILQ    : (1/958):RIL[1][event] qcril_qmi_nas_reset_data_snapshot_cache_and_timer: Resetting snapshot timer
09-27 15:15:59.268  2250  2250 D CdmaSSM : subscriptionSource from settings: 0
09-27 15:15:59.269  2250  2311 D RILJ    : Unsol response received for UNSOL_RESPONSE_VOICE_NETWORK_STATE_CHANGED Sending ack to ril.cpp [SUB1]
09-27 15:15:59.269  2250  2311 D RILJ    : [UNSL]< UNSOL_RESPONSE_VOICE_NETWORK_STATE_CHANGED [SUB1]
09-27 15:15:59.270   958  1034 I RILQ    : (1/958):RIL[1][event] qcril_arb_set_dsd_sys_status: old_pref_data -2106597784 - new_data_pref -2106597840
09-27 15:15:59.270   958  1034 I RILQ    : (1/958):RIL[1][event] qcril_arb_set_dsd_sys_status: preferred dsd_sys_status nw=0x0, rat_value=0x3, so_mask=0x0000000000001000
09-27 15:15:59.270   958  1034 I RILQ    : (1/958):RIL[1][event] qcril_arb_set_dsd_sys_status: preferred 1 - dsd_sys_status nw=0x0, rat_value=0x3, so_mask=0x0000000000001000
09-27 15:15:59.270   958  1034 I RILQ    : (1/958):RIL[1][event] qcril_arb_set_dsd_sys_status: is_wwan_available 0
09-27 15:15:59.271  2250  2262 D SubscriptionController: [getPhoneId]- no sims, returning default phoneId=0
09-27 15:15:59.271  2250  2250 D QtiSubscriptionController: getPhoneId, received dummy subId 2147483644
09-27 15:15:59.272  2250  2311 D RILJ    : Unsol response received for UNSOL_OEM_HOOK_RAW Sending ack to ril.cpp [SUB1]
09-27 15:15:59.272  2250  2311 V RILJ    : [UNSL]< UNSOL_OEM_HOOK_RAW 514f454d484f4f4bfa0308000100000000 [SUB1]
09-27 15:15:59.274  2250  2311 D RILJ    : Unsol response received for UNSOL_RESPONSE_VOICE_NETWORK_STATE_CHANGED Sending ack to ril.cpp [SUB1]
09-27 15:15:59.274  2250  2311 D RILJ    : [UNSL]< UNSOL_RESPONSE_VOICE_NETWORK_STATE_CHANGED [SUB1]
09-27 15:15:59.275  2250  2311 D RILJ    : Unsol response received for UNSOL_OEM_HOOK_RAW Sending ack to ril.cpp [SUB1]
09-27 15:15:59.276  2250  2250 D QtiSubscriptionController: getPhoneId, received dummy subId 2147483644
09-27 15:15:59.276  2250  2311 V RILJ    : [UNSL]< UNSOL_OEM_HOOK_RAW 514f454d484f4f4bfa0308000100000000 [SUB1]
09-27 15:15:59.276  2250  2263 D SubscriptionController: [getPhoneId]- no sims, returning default phoneId=0
09-27 15:15:59.278  2250  2311 D RILJ    : Unsol response received for UNSOL_RESPONSE_VOICE_NETWORK_STATE_CHANGED Sending ack to ril.cpp [SUB1]
09-27 15:15:59.278  2250  2311 D RILJ    : [UNSL]< UNSOL_RESPONSE_VOICE_NETWORK_STATE_CHANGED [SUB1]
09-27 15:15:59.278  2250  2421 D SubscriptionController: [getPhoneId]- no sims, returning default phoneId=0
09-27 15:15:59.281  2250  2250 D CdmaSSM : subscriptionSource from settings: 0
09-27 15:15:59.281  2250  2329 D SubscriptionController: [getPhoneId]- no sims, returning default phoneId=0
09-27 15:15:59.283  2250  2250 D QtiSubscriptionController: getPhoneId, received dummy subId 2147483644
09-27 15:15:59.285  2250  2425 D SubscriptionController: [getPhoneId]- no sims, returning default phoneId=0
09-27 15:15:59.285  2250  2250 D QtiSubscriptionController: getPhoneId, received dummy subId 2147483644
09-27 15:15:59.289  2250  2250 D CdmaSSM : subscriptionSource from settings: 0
09-27 15:15:59.291  2250  2250 D QtiSubscriptionController: getPhoneId, received dummy subId 2147483644
09-27 15:15:59.292  2250  2250 D QtiSubscriptionController: getPhoneId, received dummy subId 2147483644
09-27 15:15:59.296  2250  2250 D CdmaSSM : subscriptionSource from settings: 0
09-27 15:15:59.299  2250  2250 D QtiSubscriptionController: getPhoneId, received dummy subId 2147483644
09-27 15:15:59.300  2250  2250 D QtiSubscriptionController: getPhoneId, received dummy subId 2147483644
09-27 15:15:59.305  2250  2250 D QtiSubscriptionController: getPhoneId, received dummy subId 2147483644
09-27 15:15:59.307  2250  2250 D QtiSubscriptionController: getPhoneId, received dummy subId 2147483644
09-27 15:15:59.312  2250  2250 D CdmaSSM : subscriptionSource from settings: 0
09-27 15:15:59.314  2250  2250 D QtiSubscriptionController: getPhoneId, received dummy subId 2147483644
09-27 15:15:59.317  2250  2250 D QtiSubscriptionController: getPhoneId, received dummy subId 2147483644
09-27 15:15:59.322  2250  2250 D CdmaSSM : subscriptionSource from settings: 0
09-27 15:15:59.323  2250  2250 D QtiSubscriptionController: getPhoneId, received dummy subId 2147483644
09-27 15:15:59.325  2250  2250 D QtiSubscriptionController: getPhoneId, received dummy subId 2147483644
09-27 15:15:59.329  2250  2250 D CdmaSSM : subscriptionSource from settings: 0
09-27 15:15:59.331  2250  2250 D QtiSubscriptionController: getPhoneId, received dummy subId 2147483644
09-27 15:15:59.333  2250  2250 D QtiSubscriptionController: getPhoneId, received dummy subId 2147483644
09-27 15:15:59.337  2250  2250 D QtiGsmDCT: [1]QtiDcTracker handleMessage msg={ when=-1s334ms what=270377 obj=android.os.AsyncResult@3edfb77 target=com.qualcomm.qti.internal.telephony.dataconnection.QtiDcTracker }
09-27 15:15:59.338  2250  2250 D QtiGsmDCT: [1]setupDataOnConnectableApns: nwTypeChanged emergency:[state=IDLE,enabled=false] mms:[state=IDLE,enabled=false] supl:[state=IDLE,enabled=false] hipri:[state=IDLE,enabled=false] dun:[state=IDLE,enabled=false] fota:[state=IDLE,enabled=false] ims:[state=IDLE,enabled=false] default:[state=IDLE,enabled=false] cbs:[state=IDLE,enabled=false] 
09-27 15:15:59.341  2250  2250 D SubscriptionInfoUpdater: [Receiver]+
09-27 15:15:59.341  2250  2250 D SubscriptionInfoUpdater: Action: android.intent.action.SIM_STATE_CHANGED
09-27 15:15:59.342  2250  2250 D SubscriptionInfoUpdater: slotId: 1
09-27 15:15:59.342  2250  2250 D SubscriptionInfoUpdater: simStatus: NOT_READY
09-27 15:15:59.342  2250  2250 D SubscriptionInfoUpdater: Ignoring simStatus: NOT_READY
09-27 15:15:59.342  2250  2250 D SubscriptionInfoUpdater: [Receiver]-
09-27 15:15:59.343  2250  2250 D PhoneSwitcher: mSimStateIntentReceiver: phoneId = 1 value = NOT_READY
09-27 15:15:59.345  2250  2250 D TelephonyNetworkFactory[0]: onSubIdChange -1->2147483643
09-27 15:15:59.346  2250  2250 D TelephonyNetworkFactory[0]: got request NetworkRequest [ REQUEST id=1, [ Capabilities: INTERNET&NOT_RESTRICTED&TRUSTED&NOT_VPN] ] with score 0
09-27 15:15:59.346  2250  2250 D TelephonyNetworkFactory[1]: onSubIdChange -1->2147483644
09-27 15:15:59.347  2250  2250 D TelephonyNetworkFactory[1]: got request NetworkRequest [ REQUEST id=1, [ Capabilities: INTERNET&NOT_RESTRICTED&TRUSTED&NOT_VPN] ] with score 0
09-27 15:15:59.347  2250  2250 E QtiUiccCardProvisioner: Error: Invalid card index EVENT_ICC_CHANGED 
09-27 15:15:59.348  2250  2250 D DebugService: DebugService DebugService:
09-27 15:15:59.353  2250  2250 D RILJ    : [3727]> RIL_REQUEST_QUERY_TTY_MODE [SUB0]
09-27 15:15:59.355  2250  2250 D RILJ    : [3728]> RIL_REQUEST_QUERY_TTY_MODE [SUB1]
09-27 15:15:59.357  2250  2250 D UiccController: Received EVENT_GET_ICC_STATUS_DONE
09-27 15:15:59.359  2250  2311 D RILJ    : [3728]< RIL_REQUEST_QUERY_TTY_MODE {0} [SUB1]
09-27 15:15:59.360  2250  2250 D UiccCard: 0 applications
09-27 15:15:59.361  2250  2250 D UiccCard: Before privilege rules: null : CARDSTATE_ABSENT
09-27 15:15:59.361  2250  2250 D UiccCard: update: radioState=RADIO_ON mLastRadioState=RADIO_UNAVAILABLE
09-27 15:15:59.361  2250  2250 D UiccController: Notifying IccChangedRegistrants
09-27 15:15:59.361  2250  2250 D UiccController: Received EVENT_GET_ICC_STATUS_DONE
09-27 15:15:59.361  2250  2250 D UiccCard: 1 applications
09-27 15:15:59.365  2250  2307 D RILJ    : [3727]< RIL_REQUEST_QUERY_TTY_MODE {0} [SUB0]
09-27 15:15:59.365  2250  2250 D UiccCardApplication: Creating UiccApp: {APPTYPE_USIM,APPSTATE_READY,pin1=PINSTATE_DISABLED,pin2=PINSTATE_ENABLED_NOT_VERIFIED}
09-27 15:15:59.385  2250  2250 W VoiceMailConstants: Can't open /system/etc/voicemail-conf.xml
09-27 15:15:59.388  2250  2250 D SpnOverride: No SPN in OEM image = /oem/telephony/spn-conf.xml Load SPN from system image
09-27 15:15:59.424  2250  2250 D SIMRecords: [SIMRecords] setting0 mMncLength-1
09-27 15:15:59.424  2250  2250 D SIMRecords: [SIMRecords] SIMRecords: onRadioOffOrNotAvailable set 'gsm.sim.operator.numeric' to operator=null
09-27 15:15:59.424  2250  2250 D SIMRecords: [SIMRecords] update icc_operator_numeric=null
09-27 15:15:59.424  2250  2250 D TelephonyManager: setTelephonyProperty: success phoneId=1 property=gsm.sim.operator.numeric value:  propVal=,
09-27 15:15:59.425  2250  2250 D TelephonyManager: setTelephonyProperty: success phoneId=1 property=gsm.sim.operator.alpha value:  propVal=,
09-27 15:15:59.426  2250  2250 D TelephonyManager: setTelephonyProperty: success phoneId=1 property=gsm.sim.operator.iso-country value:  propVal=,
09-27 15:15:59.427  2250  2250 D UiccCardApplication: Notifying 1 registrant: READY
09-27 15:15:59.428  2250  2329 D QtiSubscriptionController: getPhoneId, received dummy subId 2147483643
09-27 15:15:59.429  2250  2250 D SIMRecords: [SIMRecords] getOperatorNumeric: IMSI == null
09-27 15:15:59.429  2250  2250 D SIMRecords: [SIMRecords] SIMRecords X ctor this=SimRecords: mDestroyed=false mContext=com.android.phone.PhoneGlobals@a15368b mCi=com.android.internal.telephony.RIL@bd646cb mFh=Handler (com.android.internal.telephony.uicc.UsimFileHandler) {c28c368} mParentApp=com.android.internal.telephony.uicc.UiccCardApplication@3551381 recordsLoadedRegistrants=android.os.RegistrantList@df0cc26 mImsiReadyRegistrants=android.os.RegistrantList@91eb067 mRecordsEventsRegistrants=android.os.RegistrantList@27aae14 mNewSmsRegistrants=android.os.RegistrantList@6be66bd mNetworkSelectionModeAutomaticRegistrants=android.os.RegistrantList@58d84b2 recordsToLoad=0 adnCache=Handler (com.android.internal.telephony.uicc.AdnRecordCache) {f5bec03} recordsRequested=false iccid=null msisdnTag=null voiceMailNum=null voiceMailTag=null voiceMailNum=null newVoiceMailTag=null isVoiceMailFixed=false mImsi=null mncLength=-1 mailboxIndex=0 spn=null mVmConfigcom.android.internal.telephony.uicc.VoiceMailConstants@95e9780 mSpnOverride=mSpnOverride callForwardingEnabled=0 spnState=null mCphsInfo=null mCspPlmnEnabled=true efMWIS=null efCPHS_MWI=null mEfCff=null mEfCfis=null getOperatorNumeric=null
09-27 15:16:00.490  2250  2323 D GsmCellBroadcastHandler: mWakeLock released
09-27 15:16:00.505  2250  2325 D CellBroadcastHandler: mWakeLock released
09-27 15:16:00.517  2250  2327 D CdmaServiceCategoryProgramHandler: mWakeLock released
09-27 15:16:00.877  2250  2404 D GsmCellBroadcastHandler: mWakeLock released
09-27 15:16:00.894  2250  2408 D CellBroadcastHandler: mWakeLock released
09-27 15:16:00.911  2250  2410 D CdmaServiceCategoryProgramHandler: mWakeLock released
09-27 15:16:01.392  2250  2250 D RILJ    : [3729]> QUERY_FACILITY_LOCK [FD 7 a0000000871002ff86ffff89ffffffff] [SUB1]
09-27 15:16:01.394  2250  2250 D RILJ    : [3730]> QUERY_FACILITY_LOCK [SC 7 a0000000871002ff86ffff89ffffffff] [SUB1]
09-27 15:16:01.400  2250  2311 D RILJ    : [3729]< QUERY_FACILITY_LOCK {0} [SUB1]
09-27 15:16:01.428  2250  2311 D RILJ    : [3730]< QUERY_FACILITY_LOCK {0} [SUB1]
09-27 15:16:01.449  2250  2250 D CAT     : CatService: registerForRecordsLoaded slotid=1 instance:Handler (com.android.internal.telephony.cat.CatService) {69cf80a}
09-27 15:16:01.452  2250  2250 D CAT     : CatService: Running CAT service on Slotid: 1. STK app installed:true
09-27 15:16:01.452  2250  2250 D UiccCard: Before privilege rules: null : CARDSTATE_PRESENT
09-27 15:16:01.457  2250  2250 D RILJ    : [3731]> RIL_REQUEST_SIM_OPEN_CHANNEL [SUB1]
09-27 15:16:01.460  2250  2250 D UiccCard: update: radioState=RADIO_ON mLastRadioState=RADIO_UNAVAILABLE
09-27 15:16:01.460  2250  2250 D UiccController: Notifying IccChangedRegistrants
09-27 15:16:01.483  2250  2421 D QtiSubscriptionController: getPhoneId, received dummy subId 2147483643
09-27 15:16:01.502   958  1249 E RILQ    : (1/958): RIL[1] qcril_uim_qmi_conv_open_logical_channel_resp: response error: 0x50
09-27 15:16:01.504  2250  2311 D RilRequest: [3731]< RIL_REQUEST_SIM_OPEN_CHANNEL error: com.android.internal.telephony.CommandException: NO_SUCH_ELEMENT ret=
09-27 15:16:01.772  2250  2250 D QtiGsmCdmaPhone: handleMessage: Event: 6
09-27 15:16:01.772  2250  2250 D GsmCdmaPhone: [GsmCdmaPhone] Baseband version: 953_GEN_PACK-1.109133.1.109682.1
09-27 15:16:01.774  2250  2250 D QtiGsmCdmaPhone: handleMessage: Event: 9
09-27 15:16:01.774  2250  2250 D QtiGsmCdmaPhone: handleMessage: Event: 10
09-27 15:16:01.774  2250  2250 D QtiGsmCdmaPhone: handleMessage: Event: 35
09-27 15:16:01.774  2250  2250 D QtiRadioCapabilityController:  radioCapabilityUpdated phoneId[0] rc = {mPhoneId = 0 mVersion=1 mSession=0 mPhase=0 mRadioAccessFamily=81928 mLogicModemId=0 mStatus=1}
09-27 15:16:01.775  2250  2250 D GsmCdmaPhone: EVENT_GET_RADIO_CAPABILITY: phone rc: {mPhoneId = 0 mVersion=1 mSession=0 mPhase=0 mRadioAccessFamily=81928 mLogicModemId=0 mStatus=1}
09-27 15:16:01.775  2250  2250 D QtiGsmCdmaPhone: handleMessage: Event: 37
09-27 15:16:01.775  2250  2250 D SST     : EVENT_POLL_STATE_NETWORK_SELECTION_MODE
09-27 15:16:01.775  2250  2250 D SST     : handlPollStateResultMessage: GsmSST setDataRegState=1 regState=2 dataRadioTechnology=0
09-27 15:16:01.775  2250  2250 D SST     : EVENT_POLL_STATE_NETWORK_SELECTION_MODE
09-27 15:16:01.780  2250  2250 D QtiSubscriptionController: getPhoneId, received dummy subId 2147483643
09-27 15:16:01.781  2250  2250 D SST     : Poll ServiceState done:  oldSS=[1 1 voice home data home null null null null null null  Unknown Unknown CSS not supported 0 0 RoamInd=0 DefRoamInd=0 EmergOnly=false IsDataRoamingFromRegistration=false IsUsingCarrierAggregation=false mRilImsRadioTechnology=0] newSS=[1 1 voice home data home null null null null null null  Unknown Unknown CSS not supported -1 -1 RoamInd=-1 DefRoamInd=-1 EmergOnly=false IsDataRoamingFromRegistration=false IsUsingCarrierAggregation=false mRilImsRadioTechnology=0] oldMaxDataCalls=1 mNewMaxDataCalls=20 oldReasonDataDenied=-1 mNewReasonDataDenied=-1
09-27 15:16:01.782  2250  2250 D SST     : updateSpnDisplay: radio is on but out of service, set plmn='No service'
09-27 15:16:01.790  2250  2250 D SST     : updateSpnDisplay: changed sending intent rule=0 showPlmn='true' plmn='No service' showSpn='false' spn='' dataSpn='' subId='2147483643'
09-27 15:16:01.989  2250  2250 D SubscriptionController: [setCarrierText]+ text:No service subId:2147483643
09-27 15:16:01.999  2250  2250 D SubscriptionController: notifySubscriptionInfoChanged:
09-27 15:16:02.000  1777  1969 D TelephonyRegistry: notifySubscriptionInfoChanged: first invocation mRecords.size=22
09-27 15:16:02.012  2250  2425 D SubscriptionController: [getActiveSubInfoList] Sub Controller not ready
09-27 15:16:02.016  2250  2421 D SubscriptionController: [getActiveSubInfoList] Sub Controller not ready
09-27 15:16:02.038  2250  2263 D SubscriptionController: [getPhoneId]- no sims, returning default phoneId=0
09-27 15:16:02.048  2250  2425 D QtiSubscriptionController: getPhoneId, received dummy subId 2147483643
09-27 15:16:02.052  2250  2421 D QtiSubscriptionController: getPhoneId, received dummy subId 2147483643
09-27 15:16:02.060  2250  2250 D SubscriptionController: [setCarrierText]+ text:No service subId:2147483643
09-27 15:16:02.067  2250  2250 D SubscriptionController: notifySubscriptionInfoChanged:
09-27 15:16:02.074  2250  2250 D TelephonyManager: setTelephonyProperty: success phoneId=0 property=gsm.operator.alpha value:  propVal=
09-27 15:16:02.076  2250  2250 D TelephonyManager: setTelephonyProperty: success phoneId=0 property=gsm.operator.numeric value:  propVal=
09-27 15:16:02.076  2250  2263 D SubscriptionController: [getActiveSubInfoList] Sub Controller not ready
09-27 15:16:02.077  2250  2250 D SST     : operatorNumeric is null
09-27 15:16:02.081  2250  2329 D SubscriptionController: [getActiveSubInfoList] Sub Controller not ready
09-27 15:16:02.077  2250  2250 D TelephonyManager: setTelephonyProperty: success phoneId=0 property=gsm.operator.iso-country value:  propVal=
09-27 15:16:02.086  2250  2425 D SubscriptionController: [getPhoneId]- no sims, returning default phoneId=0
09-27 15:16:02.087  2250  2250 D TelephonyManager: setTelephonyProperty: success phoneId=0 property=gsm.operator.isroaming value: false propVal=false
09-27 15:16:02.096  2250  2250 D SST     : Broadcasting ServiceState : 1 1 voice home data home null null null null null null  Unknown Unknown CSS not supported -1 -1 RoamInd=-1 DefRoamInd=-1 EmergOnly=false IsDataRoamingFromRegistration=false IsUsingCarrierAggregation=false mRilImsRadioTechnology=0
09-27 15:16:02.097  2250  2250 D DefaultPhoneNotifier: nofityServiceState: mRegistry=com.android.internal.telephony.ITelephonyRegistry$Stub$Proxy@708def1 ss=1 1 voice home data home null null null null null null  Unknown Unknown CSS not supported -1 -1 RoamInd=-1 DefRoamInd=-1 EmergOnly=false IsDataRoamingFromRegistration=false IsUsingCarrierAggregation=false mRilImsRadioTechnology=0 sender=Handler (com.qualcomm.qti.internal.telephony.QtiGsmCdmaPhone) {73c3f0} phondId=0 subId=2147483643
09-27 15:16:02.103  2250  2421 D QtiSubscriptionController: getPhoneId, received dummy subId 2147483643
09-27 15:16:02.105  2250  2250 D QtiSubscriptionController: getPhoneId, received dummy subId 2147483643
09-27 15:16:02.121  2250  2262 D QtiSubscriptionController: getPhoneId, received dummy subId 2147483643
09-27 15:16:02.155  2250  2250 D RILJ    : [3732]> OPERATOR [SUB1]
09-27 15:16:02.159  2250  2250 D RILJ    : [3733]> DATA_REGISTRATION_STATE [SUB1]
09-27 15:16:02.162  2250  2250 D RILJ    : [3734]> VOICE_REGISTRATION_STATE [SUB1]
09-27 15:16:02.163  2250  2250 D RILJ    : [3735]> QUERY_NETWORK_SELECTION_MODE [SUB1]
09-27 15:16:02.167  2250  2250 D QtiGsmCdmaPhone: handleMessage: Event: 34
09-27 15:16:02.168   958  2638 E RILQ    : (1/958): RIL[1][cmd-22(128)] qcril_cm_ss_convert_gsm8bit_alpha_string_to_utf8: Invalid parameters for GSM alphabet to UTF8 conversion, input len = 0
09-27 15:16:02.168   958  2638 E RILQ    : (1/958): RIL[1][cmd-22(128)] qcril_cm_ss_convert_gsm8bit_alpha_string_to_utf8: Invalid parameters for GSM alphabet to UTF8 conversion, input len = 0
09-27 15:16:02.169  2250  2263 D SubscriptionController: [getPhoneId]- no sims, returning default phoneId=0
09-27 15:16:02.172  2250  2250 D QtiSubscriptionController: getPhoneId, received dummy subId 2147483643
09-27 15:16:02.173  2250  2311 D RILJ    : [3732]< OPERATOR {CHN-UNICOM, UNICOM, 46001} [SUB1]
09-27 15:16:02.176  2250  2250 D SubscriptionController: [getPhoneId]- no sims, returning default phoneId=0
09-27 15:16:02.176  2250  2425 D SubscriptionController: [getPhoneId]- no sims, returning default phoneId=0
09-27 15:16:02.177  2250  2311 D RILJ    : [3733]< DATA_REGISTRATION_STATE {1, null, 00a09c1f, 14, null, 20, 6265, 476, 10525727, null, null} [SUB1]
09-27 15:16:02.178  2250  2311 D RILJ    : [3735]< QUERY_NETWORK_SELECTION_MODE {0} [SUB1]
09-27 15:16:02.180  2250  2250 D QtiSubscriptionController: getPhoneId, received dummy subId 2147483643
09-27 15:16:02.182  2250  2250 D SubscriptionController: [getPhoneId]- no sims, returning default phoneId=0
09-27 15:16:02.182  2250  2311 D RILJ    : [3734]< VOICE_REGISTRATION_STATE {1, 1879, 00a09c1f, 14, null, null, null, 0, null, null, 1, null, null, 0, null} [SUB1]
09-27 15:16:02.183  2250  2421 D SubscriptionController: [getPhoneId]- no sims, returning default phoneId=0
09-27 15:16:02.185  2250  2311 D RILJ    : Unsol response received for UNSOL_RESPONSE_VOICE_NETWORK_STATE_CHANGED Sending ack to ril.cpp [SUB1]
09-27 15:16:02.186  2250  2311 D RILJ    : [UNSL]< UNSOL_RESPONSE_VOICE_NETWORK_STATE_CHANGED [SUB1]
09-27 15:16:02.187  2250  2262 D SubscriptionController: [getPhoneId]- no sims, returning default phoneId=0
09-27 15:16:02.187  2250  2250 D QtiSubscriptionController: getPhoneId, received dummy subId 2147483643
09-27 15:16:02.192  2250  2250 D SubscriptionController: [getPhoneId]- no sims, returning default phoneId=0
09-27 15:16:02.195  2250  2250 D QtiSubscriptionController: getPhoneId, received dummy subId 2147483643
09-27 15:16:02.197  2250  2250 D SubscriptionController: [getPhoneId]- no sims, returning default phoneId=0
09-27 15:16:02.198  2250  2250 D RILJ    : [3737]> RIL_REQUEST_IMS_REGISTRATION_STATE [SUB1]
09-27 15:16:02.200  2250  2250 D RILJ    : [3738]> RIL_REQUEST_IMS_REGISTRATION_STATE [SUB1]
09-27 15:16:02.202  2250  2250 D QtiSubscriptionController: getPhoneId, received dummy subId 2147483643
09-27 15:16:02.204  2250  2250 D SubscriptionController: [getPhoneId]- no sims, returning default phoneId=0
09-27 15:16:02.209  2250  2250 D QtiSubscriptionController: getPhoneId, received dummy subId 2147483643
09-27 15:16:02.211  2250  2250 D SubscriptionController: [getPhoneId]- no sims, returning default phoneId=0
09-27 15:16:02.212  2250  2311 D RILJ    : [3737]< RIL_REQUEST_IMS_REGISTRATION_STATE {0, 1} [SUB1]
09-27 15:16:02.212  2250  2311 D RILJ    : [3738]< RIL_REQUEST_IMS_REGISTRATION_STATE {0, 1} [SUB1]
09-27 15:16:02.214  2250  2250 D QtiSubscriptionController: getPhoneId, received dummy subId 2147483643
09-27 15:16:02.216  2250  2250 D SubscriptionController: [getPhoneId]- no sims, returning default phoneId=0
09-27 15:16:02.217  2250  2263 D SubscriptionController: [getPhoneId]- no sims, returning default phoneId=0
09-27 15:16:02.219  2250  2250 D QtiSubscriptionController: getPhoneId, received dummy subId 2147483643
09-27 15:16:02.220  2250  2250 D SubscriptionController: [getPhoneId]- no sims, returning default phoneId=0
09-27 15:16:02.220  2250  2329 D SubscriptionController: [getPhoneId]- no sims, returning default phoneId=0
09-27 15:16:02.222  2250  2250 D QtiSubscriptionController: getPhoneId, received dummy subId 2147483643
