09-27 14:54:10.552  2249  2261 D SubscriptionController: [getActiveSubscriptionInfo]+ subId=1 subInfo={id=1, iccId=898600120917 simSlotIndex=1 displayName=CARD 2 carrierName=CMCC nameSource=0 iconTint=-16746133 dataRoaming=0 iconBitmap=android.graphics.Bitmap@6df73d7 mcc 460 mnc 2}
09-27 14:54:10.556  2249  2249 D SST     : SubscriptionListener.onSubscriptionInfoChanged
09-27 14:54:10.557  2249  2249 D SubscriptionController: [getSubId]- numSubIds == 0, return DummySubIds slotIdx=0
09-27 14:54:10.557  2249  2249 D QtiGsmDCT: [0]SubscriptionListener.onSubscriptionInfoChanged
09-27 14:54:10.557  2249  2249 D SubscriptionController: [getSubId]- numSubIds == 0, return DummySubIds slotIdx=0
09-27 14:54:10.559  2249  2249 D SST     : SubscriptionListener.onSubscriptionInfoChanged
09-27 14:54:10.559  2249  2249 D QtiGsmDCT: [1]SubscriptionListener.onSubscriptionInfoChanged
09-27 14:54:10.562  2249  2331 D SubscriptionController: [getSubId]- numSubIds == 0, return DummySubIds slotIdx=0
09-27 14:54:10.593  2249  3218 D SubscriptionController: [getPhoneId]- subId=0 not found return default phoneId=0
09-27 14:54:10.594  2249  2261 D SubscriptionController: [getPhoneId]- subId=0 not found return default phoneId=0
09-27 14:54:10.615  2249  2249 D PhoneSwitcher: handle event - 102
09-27 14:54:10.616  2249  2249 D SubscriptionController: [getSubId]- numSubIds == 0, return DummySubIds slotIdx=0
09-27 14:54:10.616  2249  2249 D PhoneSwitcher: isUiccProvisioned = true
09-27 14:54:10.617  2249  2249 D PhoneSwitcher: Broadcast network specifier set intent
09-27 14:54:10.637  2249  2249 D SubscriptionController: [getSubId]- numSubIds == 0, return DummySubIds slotIdx=0
09-27 14:54:10.688  2249  2261 D SubscriptionController: [getActiveSubscriptionInfo]+ subId=1 subInfo={id=1, iccId=898600120917 simSlotIndex=1 displayName=CARD 2 carrierName=CMCC nameSource=0 iconTint=-16746133 dataRoaming=0 iconBitmap=android.graphics.Bitmap@973285c mcc 460 mnc 2}
09-27 14:54:10.695  2249  2331 D SubscriptionController: [getSubId]- numSubIds == 0, return DummySubIds slotIdx=0
09-27 14:54:10.716  2249  2249 D SubscriptionController: [getSubId]- numSubIds == 0, return DummySubIds slotIdx=0
09-27 14:54:10.723  2249  2564 D SubscriptionController: [getActiveSubscriptionInfo]+ subId=1 subInfo={id=1, iccId=898600120917 simSlotIndex=1 displayName=CARD 2 carrierName=CMCC nameSource=0 iconTint=-16746133 dataRoaming=0 iconBitmap=android.graphics.Bitmap@75114e1 mcc 460 mnc 2}
09-27 14:54:10.735  2249  2261 D SubscriptionController: [getSubId]- numSubIds == 0, return DummySubIds slotIdx=0
09-27 14:54:10.772  2249  2249 D SubscriptionController: [getActiveSubscriptionInfo]+ subId=1 subInfo={id=1, iccId=898600120917 simSlotIndex=1 displayName=CARD 2 carrierName=CMCC nameSource=0 iconTint=-16746133 dataRoaming=0 iconBitmap=android.graphics.Bitmap@65cd892 mcc 460 mnc 2}
09-27 14:54:10.772  2249  2565 D SubscriptionController: [getActiveSubscriptionInfo]+ subId=1 subInfo={id=1, iccId=898600120917 simSlotIndex=1 displayName=CARD 2 carrierName=CMCC nameSource=0 iconTint=-16746133 dataRoaming=0 iconBitmap=android.graphics.Bitmap@270e263 mcc 460 mnc 2}
09-27 14:54:10.777  2249  2564 D SubscriptionController: [getSubId]- numSubIds == 0, return DummySubIds slotIdx=0
09-27 14:54:10.807  2249  2565 D SubscriptionController: [getActiveSubscriptionInfo]+ subId=1 subInfo={id=1, iccId=898600120917 simSlotIndex=1 displayName=CARD 2 carrierName=CMCC nameSource=0 iconTint=-16746133 dataRoaming=0 iconBitmap=android.graphics.Bitmap@16bebde mcc 460 mnc 2}
09-27 14:54:10.816  2249  2564 D SubscriptionController: [getSubId]- numSubIds == 0, return DummySubIds slotIdx=0
09-27 14:54:10.870  2249  2249 D SST     : EVENT_GET_CELL_INFO_LIST: error ret null, e=com.android.internal.telephony.CommandException: SYSTEM_ERR
09-27 14:54:10.870  2249  2332 D SST     : SST.getAllCellInfo(): X size=0 list=null
09-27 14:54:10.871  2249  2332 D RILJ    : [3830]> RIL_REQUEST_GET_CELL_INFO_LIST [SUB1]
09-27 14:54:10.871  2249  2249 D QtiGsmCdmaPhone: handleMessage: Event: 19
09-27 14:54:10.871  2249  2249 D GsmCdmaPhone: [GsmCdmaPhone] Event EVENT_REGISTERED_TO_NETWORK Received
09-27 14:54:10.872  2249  2249 D SubscriptionInfoUpdater: [Receiver]+
09-27 14:54:10.872  2249  2249 D SubscriptionInfoUpdater: Action: android.intent.action.SIM_STATE_CHANGED
09-27 14:54:10.872  2249  2249 D SubscriptionInfoUpdater: slotId: 1
09-27 14:54:10.872  2249  2249 D SubscriptionInfoUpdater: simStatus: IMSI
09-27 14:54:10.872  2249  2249 D SubscriptionInfoUpdater: Ignoring simStatus: IMSI
09-27 14:54:10.872  2249  2249 D SubscriptionInfoUpdater: [Receiver]-
09-27 14:54:10.872  2249  2249 D PhoneSwitcher: mSimStateIntentReceiver: phoneId = 1 value = IMSI
09-27 14:54:10.873  2249  2249 D PhoneSwitcher: SIM READY for phoneId: 1
09-27 14:54:10.874  2249  2249 D SST     : SubscriptionListener.onSubscriptionInfoChanged
09-27 14:54:10.874  2249  2249 D SubscriptionController: [getSubId]- numSubIds == 0, return DummySubIds slotIdx=0
09-27 14:54:10.874  2249  2249 D QtiGsmDCT: [0]SubscriptionListener.onSubscriptionInfoChanged
09-27 14:54:10.874  2249  2249 D SubscriptionController: [getSubId]- numSubIds == 0, return DummySubIds slotIdx=0
09-27 14:54:10.875  2249  2249 D SST     : SubscriptionListener.onSubscriptionInfoChanged
09-27 14:54:10.875  2249  2249 D QtiGsmDCT: [1]SubscriptionListener.onSubscriptionInfoChanged
09-27 14:54:10.880  2249  2312 D RILJ    : [3830]< RIL_REQUEST_GET_CELL_INFO_LIST [CellInfoLte:{mRegistered=YES mTimeStampType=oem_ril mTimeStamp=57359668569ns CellIdentityLte:{ mMcc=460 mMnc=0 mCi=27521057 mPci=429 mTac=6338 mEarfcn=38950} CellSignalStrengthLte: ss=22 rsrp=-93 rsrq=-3 rssnr=2147483647 cqi=2147483647 ta=20}] [SUB1]
09-27 14:54:10.893  2249  2249 D PhoneSwitcher: handle event - 102
09-27 14:54:10.894  2249  2249 D SubscriptionController: [getSubId]- numSubIds == 0, return DummySubIds slotIdx=0
09-27 14:54:10.894  2249  2249 D PhoneSwitcher: isUiccProvisioned = true
09-27 14:54:10.895  2249  2249 D PhoneSwitcher: Broadcast network specifier set intent
09-27 14:54:10.904  2249  2564 D SubscriptionController: [getActiveSubscriptionInfo]+ subId=1 subInfo={id=1, iccId=898600120917 simSlotIndex=1 displayName=CARD 2 carrierName=CMCC nameSource=0 iconTint=-16746133 dataRoaming=0 iconBitmap=android.graphics.Bitmap@237f851 mcc 460 mnc 2}
09-27 14:54:10.909  2249  3218 D SubscriptionController: [getSubId]- numSubIds == 0, return DummySubIds slotIdx=0
09-27 14:54:10.916  2249  2249 D SubscriptionController: [getSubId]- numSubIds == 0, return DummySubIds slotIdx=0
09-27 14:54:10.947  2249  2262 D SubscriptionController: [getActiveSubscriptionInfo]+ subId=1 subInfo={id=1, iccId=898600120917 simSlotIndex=1 displayName=CARD 2 carrierName=CMCC nameSource=0 iconTint=-16746133 dataRoaming=0 iconBitmap=android.graphics.Bitmap@8c88a42 mcc 460 mnc 2}
09-27 14:54:10.952  2249  2564 D SubscriptionController: [getSubId]- numSubIds == 0, return DummySubIds slotIdx=0
09-27 14:54:10.983  2249  2249 D SubscriptionController: [getSubId]- numSubIds == 0, return DummySubIds slotIdx=0
09-27 14:54:10.987  2249  2331 D SubscriptionController: [getActiveSubscriptionInfo]+ subId=1 subInfo={id=1, iccId=898600120917 simSlotIndex=1 displayName=CARD 2 carrierName=CMCC nameSource=0 iconTint=-16746133 dataRoaming=0 iconBitmap=android.graphics.Bitmap@5d818af mcc 460 mnc 2}
09-27 14:54:10.997  2249  2565 D SubscriptionController: [getSubId]- numSubIds == 0, return DummySubIds slotIdx=0
09-27 14:54:11.004  2249  2312 D RILJ    : Unsol response received for UNSOL_STK_PROACTIVE_COMMAND Sending ack to ril.cpp [SUB1]
09-27 14:54:11.004  2249  2312 D RILJ    : [UNSL]< UNSOL_STK_PROACTIVE_COMMAND [SUB1]
09-27 14:54:11.025  2249  2261 D SubscriptionController: [getActiveSubscriptionInfo]+ subId=1 subInfo={id=1, iccId=898600120917 simSlotIndex=1 displayName=CARD 2 carrierName=CMCC nameSource=0 iconTint=-16746133 dataRoaming=0 iconBitmap=android.graphics.Bitmap@428b0a8 mcc 460 mnc 2}
09-27 14:54:11.033  2249  2249 D SubscriptionController: [getActiveSubscriptionInfo]+ subId=1 subInfo={id=1, iccId=898600120917 simSlotIndex=1 displayName=CARD 2 carrierName=CMCC nameSource=0 iconTint=-16746133 dataRoaming=0 iconBitmap=android.graphics.Bitmap@51697c1 mcc 460 mnc 2}
09-27 14:54:11.034  2249  2331 D SubscriptionController: [getSubId]- numSubIds == 0, return DummySubIds slotIdx=0
09-27 14:54:11.067  2249  3218 D SubscriptionController: [getActiveSubscriptionInfo]+ subId=1 subInfo={id=1, iccId=898600120917 simSlotIndex=1 displayName=CARD 2 carrierName=CMCC nameSource=0 iconTint=-16746133 dataRoaming=0 iconBitmap=android.graphics.Bitmap@ac2f54 mcc 460 mnc 2}
09-27 14:54:11.075  2249  2261 D SubscriptionController: [getSubId]- numSubIds == 0, return DummySubIds slotIdx=0
09-27 14:54:11.102  2249  2564 D SubscriptionController: [getActiveSubscriptionInfo]+ subId=1 subInfo={id=1, iccId=898600120917 simSlotIndex=1 displayName=CARD 2 carrierName=CMCC nameSource=0 iconTint=-16746133 dataRoaming=0 iconBitmap=android.graphics.Bitmap@f874e43 mcc 460 mnc 2}
09-27 14:54:11.110  2249  2262 D SubscriptionController: [getSubId]- numSubIds == 0, return DummySubIds slotIdx=0
09-27 14:54:11.133  2249  2249 D SubscriptionController: [getSubId]- numSubIds == 0, return DummySubIds slotIdx=0
09-27 14:54:11.139  2249  2331 D SubscriptionController: [getActiveSubscriptionInfo]+ subId=1 subInfo={id=1, iccId=898600120917 simSlotIndex=1 displayName=CARD 2 carrierName=CMCC nameSource=0 iconTint=-16746133 dataRoaming=0 iconBitmap=android.graphics.Bitmap@5deb13e mcc 460 mnc 2}
09-27 14:54:11.148  2249  2565 D SubscriptionController: [getSubId]- numSubIds == 0, return DummySubIds slotIdx=0
09-27 14:54:11.163  2249  2249 D SubscriptionController: [getActiveSubscriptionInfo]+ subId=1 subInfo={id=1, iccId=898600120917 simSlotIndex=1 displayName=CARD 2 carrierName=CMCC nameSource=0 iconTint=-16746133 dataRoaming=0 iconBitmap=android.graphics.Bitmap@2e700b5 mcc 460 mnc 2}
09-27 14:54:11.239  2249  3218 D SubscriptionController: [getActiveSubscriptionInfo]+ subId=1 subInfo={id=1, iccId=898600120917 simSlotIndex=1 displayName=CARD 2 carrierName=CMCC nameSource=0 iconTint=-16746133 dataRoaming=0 iconBitmap=android.graphics.Bitmap@13d93d8 mcc 460 mnc 2}
09-27 14:54:11.245  2249  2261 D SubscriptionController: [getSubId]- numSubIds == 0, return DummySubIds slotIdx=0
09-27 14:54:11.265  2249  2249 D QtiGsmDCT: [1]QtiDcTracker handleMessage msg={ when=-1s526ms what=270352 obj=android.os.AsyncResult@b53f331 target=com.qualcomm.qti.internal.telephony.dataconnection.QtiDcTracker }
09-27 14:54:11.265  2249  2249 D QtiGsmDCT: [1]onDataConnectionAttached
09-27 14:54:11.265  2249  2249 D CdmaSSM : subscriptionSource from settings: 0
09-27 14:54:11.265  2249  2249 D QtiGsmDCT: [1]isDataAllowed getRecordsLoaded=false
09-27 14:54:11.266  2249  2249 D QtiGsmDCT: [1]isDataAllowed: No - SIM not loaded
09-27 14:54:11.268  2249  2249 D CdmaSSM : subscriptionSource from settings: 0
09-27 14:54:11.269  2249  2249 D QtiGsmDCT: [1]isDataAllowed getRecordsLoaded=false
09-27 14:54:11.296  2249  2249 D CdmaSSM : subscriptionSource from settings: 0
09-27 14:54:11.296  2249  2249 D QtiGsmDCT: [1]isDataAllowed getRecordsLoaded=false
09-27 14:54:11.306  2249  2249 D CdmaSSM : subscriptionSource from settings: 0
09-27 14:54:11.307  2249  2249 D QtiGsmDCT: [1]isDataAllowed getRecordsLoaded=false
09-27 14:54:11.377  2249  2249 D CdmaSSM : subscriptionSource from settings: 0
09-27 14:54:11.377  2249  2249 D QtiGsmDCT: [1]isDataAllowed getRecordsLoaded=false
09-27 14:54:11.390  2249  2249 D CdmaSSM : subscriptionSource from settings: 0
09-27 14:54:11.390  2249  2249 D QtiGsmDCT: [1]isDataAllowed getRecordsLoaded=false
09-27 14:54:11.427  2249  2249 D CdmaSSM : subscriptionSource from settings: 0
09-27 14:54:11.427  2249  2249 D QtiGsmDCT: [1]isDataAllowed getRecordsLoaded=false
09-27 14:54:11.444  2249  2249 D CdmaSSM : subscriptionSource from settings: 0
09-27 14:54:11.444  2249  2249 D QtiGsmDCT: [1]isDataAllowed getRecordsLoaded=false
09-27 14:54:11.454  2249  2249 D CdmaSSM : subscriptionSource from settings: 0
09-27 14:54:11.454  2249  2249 D QtiGsmDCT: [1]isDataAllowed getRecordsLoaded=false
09-27 14:54:11.462  2249  2249 D QtiGsmDCT: [1]setupDataOnConnectableApns: dataAttached emergency:[state=IDLE,enabled=false] mms:[state=IDLE,enabled=false] supl:[state=IDLE,enabled=false] hipri:[state=IDLE,enabled=false] dun:[state=IDLE,enabled=false] fota:[state=IDLE,enabled=false] ims:[state=IDLE,enabled=false] default:[state=IDLE,enabled=false] cbs:[state=IDLE,enabled=false] 
09-27 14:54:11.462  2249  2249 D QtiGsmDCT: [1]QtiDcTracker handleMessage msg={ when=-1s722ms what=270377 obj=android.os.AsyncResult@fbdaa16 target=com.qualcomm.qti.internal.telephony.dataconnection.QtiDcTracker }
09-27 14:54:11.463  2249  2249 D QtiGsmDCT: [1]setupDataOnConnectableApns: nwTypeChanged emergency:[state=IDLE,enabled=false] mms:[state=IDLE,enabled=false] supl:[state=IDLE,enabled=false] hipri:[state=IDLE,enabled=false] dun:[state=IDLE,enabled=false] fota:[state=IDLE,enabled=false] ims:[state=IDLE,enabled=false] default:[state=IDLE,enabled=false] cbs:[state=IDLE,enabled=false] 
09-27 14:54:11.463  2249  2249 D SubscriptionController: [getSubId]- numSubIds == 0, return DummySubIds slotIdx=0
09-27 14:54:11.464  2249  2249 D SIMRecords: [SIMRecords] iccid: 898600120917f4003502
09-27 14:54:11.464  2249  2249 D SIMRecords: [SIMRecords] onRecordLoaded 10 requested: true
09-27 14:54:11.464  2249  2249 D SIMRecords: [SIMRecords] EF_AD: 00000002
09-27 14:54:11.464  2249  2249 D SIMRecords: [SIMRecords] setting4 mMncLength=2
09-27 14:54:11.464  2249  2249 D SIMRecords: [SIMRecords] mccmncCode=460028
09-27 14:54:11.465  2249  2249 D SIMRecords: [SIMRecords] update mccmnc=46002
09-27 14:54:11.593  2249  2249 D SIMRecords: [SIMRecords] onRecordLoaded 9 requested: true
09-27 14:54:11.613  2249  2262 D QtiGsmDCT: [0]hasMatchedTetherApnSetting: APN=null
09-27 14:54:11.638  2249  2249 D SIMRecords: [SIMRecords] getServiceProviderName: no brandOverride, providerName=CMCC
09-27 14:54:11.638  2249  2249 D SIMRecords: [SIMRecords] Load EF_SPN: CMCC spnDisplayCondition: 0
09-27 14:54:11.638  2249  2249 D TelephonyManager: setTelephonyProperty: success phoneId=1 property=gsm.sim.operator.alpha value: CMCC propVal=,CMCC
09-27 14:54:11.639  2249  2249 D SIMRecords: [SIMRecords] onRecordLoaded 8 requested: true
09-27 14:54:11.640  2249  2249 D UiccPkcs15: handleMessage: 201
09-27 14:54:11.640  2249  2249 D UiccPkcs15: mChannelId: 1
09-27 14:54:11.642  2249  2249 D SIMRecords: [SIMRecords] SST: UsimServiceTable[88]={ FDN, FDN_EXTENSION, OUTGOING_CALL_INFO, INCOMING_CALL_INFO, SM_STORAGE, SM_STATUS_REPORTS, SM_SERVICE_PARAMS, ADVICE_OF_CHARGE, CAP_CONFIG_PARAMS_2, CB_MESSAGE_ID, GROUP_ID_LEVEL_1, GROUP_ID_LEVEL_2, SPN, USER_PLMN_SELECT, MSISDN, GSM_ACCESS, DATA_DL_VIA_SMS_PP, DATA_DL_VIA_SMS_CB, IGNORED_1, ENABLED_SERVICES_TABLE, GSM_SECURITY_CONTEXT, OPERATOR_PLMN_SELECT, HPLMN_SELECT, EXTENSION_5, EQUIVALENT_HPLMN, EPS_MOBILITY_MANAGEMENT_INFO, CALL_CONTROL_ON_EPS_PDN_CONNECTION_BY_USIM }
09-27 14:54:11.643  2249  2249 D SIMRecords: [SIMRecords] onRecordLoaded 7 requested: true
09-27 14:54:11.643  2249  2249 D SIMRecords: [SIMRecords] Received a PlmnActRecord, raw=ffffff0000ffffff0000ffffff0000ffffff0000ffffff0000ffffff0000ffffff0000ffffff0000ffffff0000ffffff0000ffffff0000ffffff0000ffffff0000ffffff0000ffffff0000ffffff0000ffffff0000ffffff0000ffffff0000ffffff0000ffffff0000ffffff0000ffffff0000ffffff0000ffffff0000ffffff0000ffffff0000ffffff0000ffffff0000ffffff0000ffffff0000ffffff0000ffffff0000ffffff0000ffffff0000ffffff0000ffffff0000ffffff0000ffffff0000ffffff0000ffffff0000ffffff0000ffffff0000ffffff0000ffffff0000ffffff0000ffffff0000ffffff0000ffffff0000ffffff0000ffffff0000ffffff0000ffffff0000ffffff0000ffffff0000ffffff0000ffffff0000ffffff0000ffffff0000ffffff0000ffffff0000ffffff0000ffffff0000ffffff0000ffffff0000ffffff0000ffffff0000ffffff0000ffffff0000ffffff0000ffffff0000ffffff0000ffffff0000ffffff0000ffffff0000ffffff0000ffffff0000ffffff0000ffffff0000ffffff0000
09-27 14:54:11.644  2249  2249 V PlmnActRecord: Extracting Logs, count=80
09-27 14:54:11.644  2249  2249 V PlmnActRecord: Creating PlmnActRecord 0
09-27 14:54:11.645  2249  2249 V PlmnActRecord: Creating PlmnActRecord 5
09-27 14:54:11.645  2249  2249 V PlmnActRecord: Creating PlmnActRecord 10
09-27 14:54:11.645  2249  2249 V PlmnActRecord: Creating PlmnActRecord 15
09-27 14:54:11.645  2249  2249 V PlmnActRecord: Creating PlmnActRecord 20
09-27 14:54:11.645  2249  2249 V PlmnActRecord: Creating PlmnActRecord 25
09-27 14:54:11.645  2249  2249 V PlmnActRecord: Creating PlmnActRecord 30
09-27 14:54:11.645  2249  2249 V PlmnActRecord: Creating PlmnActRecord 35
09-27 14:54:11.645  2249  2249 V PlmnActRecord: Creating PlmnActRecord 40
09-27 14:54:11.645  2249  2249 V PlmnActRecord: Creating PlmnActRecord 45
09-27 14:54:11.645  2249  2249 V PlmnActRecord: Creating PlmnActRecord 50
09-27 14:54:11.645  2249  2249 V PlmnActRecord: Creating PlmnActRecord 55
09-27 14:54:11.645  2249  2249 V PlmnActRecord: Creating PlmnActRecord 60
09-27 14:54:11.645  2249  2249 V PlmnActRecord: Creating PlmnActRecord 65
09-27 14:54:11.645  2249  2249 V PlmnActRecord: Creating PlmnActRecord 70
09-27 14:54:11.645  2249  2249 V PlmnActRecord: Creating PlmnActRecord 75
09-27 14:54:11.645  2249  2249 V PlmnActRecord: Creating PlmnActRecord 80
09-27 14:54:11.645  2249  2249 V PlmnActRecord: Creating PlmnActRecord 85
09-27 14:54:11.646  2249  2249 V PlmnActRecord: Creating PlmnActRecord 90
09-27 14:54:11.646  2249  2249 V PlmnActRecord: Creating PlmnActRecord 95
09-27 14:54:11.646  2249  2249 V PlmnActRecord: Creating PlmnActRecord 100
09-27 14:54:11.646  2249  2249 V PlmnActRecord: Creating PlmnActRecord 105
09-27 14:54:11.646  2249  2249 V PlmnActRecord: Creating PlmnActRecord 110
09-27 14:54:11.646  2249  2249 V PlmnActRecord: Creating PlmnActRecord 115
09-27 14:54:11.646  2249  2249 V PlmnActRecord: Creating PlmnActRecord 120
09-27 14:54:11.646  2249  2249 V PlmnActRecord: Creating PlmnActRecord 125
09-27 14:54:11.646  2249  2249 V PlmnActRecord: Creating PlmnActRecord 130
09-27 14:54:11.646  2249  2249 V PlmnActRecord: Creating PlmnActRecord 135
09-27 14:54:11.646  2249  2249 V PlmnActRecord: Creating PlmnActRecord 140
09-27 14:54:11.646  2249  2249 V PlmnActRecord: Creating PlmnActRecord 145
09-27 14:54:11.646  2249  2249 V PlmnActRecord: Creating PlmnActRecord 150
09-27 14:54:11.646  2249  2249 V PlmnActRecord: Creating PlmnActRecord 155
09-27 14:54:11.646  2249  2249 V PlmnActRecord: Creating PlmnActRecord 160
09-27 14:54:11.646  2249  2249 V PlmnActRecord: Creating PlmnActRecord 165
09-27 14:54:11.646  2249  2249 V PlmnActRecord: Creating PlmnActRecord 170
09-27 14:54:11.646  2249  2249 V PlmnActRecord: Creating PlmnActRecord 175
09-27 14:54:11.646  2249  2249 V PlmnActRecord: Creating PlmnActRecord 180
09-27 14:54:11.646  2249  2249 V PlmnActRecord: Creating PlmnActRecord 185
09-27 14:54:11.646  2249  2249 V PlmnActRecord: Creating PlmnActRecord 190
09-27 14:54:11.647  2249  2249 V PlmnActRecord: Creating PlmnActRecord 195
09-27 14:54:11.647  2249  2249 V PlmnActRecord: Creating PlmnActRecord 200
09-27 14:54:11.647  2249  2249 V PlmnActRecord: Creating PlmnActRecord 205
09-27 14:54:11.647  2249  2249 V PlmnActRecord: Creating PlmnActRecord 210
09-27 14:54:11.647  2249  2249 V PlmnActRecord: Creating PlmnActRecord 215
09-27 14:54:11.647  2249  2249 V PlmnActRecord: Creating PlmnActRecord 220
09-27 14:54:11.647  2249  2249 V PlmnActRecord: Creating PlmnActRecord 225
09-27 14:54:11.647  2249  2249 V PlmnActRecord: Creating PlmnActRecord 230
09-27 14:54:11.647  2249  2249 V PlmnActRecord: Creating PlmnActRecord 235
09-27 14:54:11.647  2249  2249 V PlmnActRecord: Creating PlmnActRecord 240
09-27 14:54:11.647  2249  2249 V PlmnActRecord: Creating PlmnActRecord 245
09-27 14:54:11.647  2249  2249 V PlmnActRecord: Creating PlmnActRecord 250
09-27 14:54:11.647  2249  2249 V PlmnActRecord: Creating PlmnActRecord 255
09-27 14:54:11.647  2249  2249 V PlmnActRecord: Creating PlmnActRecord 260
09-27 14:54:11.647  2249  2249 V PlmnActRecord: Creating PlmnActRecord 265
09-27 14:54:11.647  2249  2249 V PlmnActRecord: Creating PlmnActRecord 270
09-27 14:54:11.647  2249  2249 V PlmnActRecord: Creating PlmnActRecord 275
09-27 14:54:11.647  2249  2249 V PlmnActRecord: Creating PlmnActRecord 280
09-27 14:54:11.647  2249  2249 V PlmnActRecord: Creating PlmnActRecord 285
09-27 14:54:11.648  2249  2249 V PlmnActRecord: Creating PlmnActRecord 290
09-27 14:54:11.648  2249  2249 V PlmnActRecord: Creating PlmnActRecord 295
09-27 14:54:11.648  2249  2249 V PlmnActRecord: Creating PlmnActRecord 300
09-27 14:54:11.648  2249  2249 V PlmnActRecord: Creating PlmnActRecord 305
09-27 14:54:11.648  2249  2249 V PlmnActRecord: Creating PlmnActRecord 310
09-27 14:54:11.648  2249  2249 V PlmnActRecord: Creating PlmnActRecord 315
09-27 14:54:11.648  2249  2249 V PlmnActRecord: Creating PlmnActRecord 320
09-27 14:54:11.648  2249  2249 V PlmnActRecord: Creating PlmnActRecord 325
09-27 14:54:11.648  2249  2249 V PlmnActRecord: Creating PlmnActRecord 330
09-27 14:54:11.648  2249  2249 V PlmnActRecord: Creating PlmnActRecord 335
09-27 14:54:11.648  2249  2249 V PlmnActRecord: Creating PlmnActRecord 340
09-27 14:54:11.648  2249  2249 V PlmnActRecord: Creating PlmnActRecord 345
09-27 14:54:11.648  2249  2249 V PlmnActRecord: Creating PlmnActRecord 350
09-27 14:54:11.648  2249  2249 V PlmnActRecord: Creating PlmnActRecord 355
09-27 14:54:11.648  2249  2249 V PlmnActRecord: Creating PlmnActRecord 360
09-27 14:54:11.648  2249  2249 V PlmnActRecord: Creating PlmnActRecord 365
09-27 14:54:11.648  2249  2249 V PlmnActRecord: Creating PlmnActRecord 370
09-27 14:54:11.648  2249  2249 V PlmnActRecord: Creating PlmnActRecord 375
09-27 14:54:11.648  2249  2249 V PlmnActRecord: Creating PlmnActRecord 380
09-27 14:54:11.648  2249  2249 V PlmnActRecord: Creating PlmnActRecord 385
09-27 14:54:11.648  2249  2249 V PlmnActRecord: Creating PlmnActRecord 390
09-27 14:54:11.649  2249  2249 V PlmnActRecord: Creating PlmnActRecord 395
09-27 14:54:11.649  2249  2249 D SIMRecords: [SIMRecords] Received a PlmnActRecord, raw=64f000400064f000800064f000008054f421400054f421800054f421008014f040400014f040800014f0400080ffffff0000ffffff0000ffffff0000
09-27 14:54:11.649  2249  2249 V PlmnActRecord: Extracting Logs, count=12
09-27 14:54:11.649  2249  2249 V PlmnActRecord: Creating PlmnActRecord 0
09-27 14:54:11.649  2249  2249 V PlmnActRecord: Creating PlmnActRecord 5
09-27 14:54:11.649  2249  2249 V PlmnActRecord: Creating PlmnActRecord 10
09-27 14:54:11.649  2249  2249 V PlmnActRecord: Creating PlmnActRecord 15
09-27 14:54:11.649  2249  2249 V PlmnActRecord: Creating PlmnActRecord 20
09-27 14:54:11.649  2249  2249 V PlmnActRecord: Creating PlmnActRecord 25
09-27 14:54:11.649  2249  2249 V PlmnActRecord: Creating PlmnActRecord 30
09-27 14:54:11.649  2249  2249 V PlmnActRecord: Creating PlmnActRecord 35
09-27 14:54:11.649  2249  2249 V PlmnActRecord: Creating PlmnActRecord 40
09-27 14:54:11.649  2249  2249 V PlmnActRecord: Creating PlmnActRecord 45
09-27 14:54:11.649  2249  2249 V PlmnActRecord: Creating PlmnActRecord 50
09-27 14:54:11.649  2249  2249 V PlmnActRecord: Creating PlmnActRecord 55
09-27 14:54:11.650  2249  2249 D SIMRecords: [SIMRecords] Received a PlmnActRecord, raw=64f000400064f000800064f0000080
09-27 14:54:11.650  2249  2249 V PlmnActRecord: Extracting Logs, count=3
09-27 14:54:11.650  2249  2249 V PlmnActRecord: Creating PlmnActRecord 0
09-27 14:54:11.651  2249  2249 V PlmnActRecord: Creating PlmnActRecord 5
09-27 14:54:11.651  2249  2249 V PlmnActRecord: Creating PlmnActRecord 10
09-27 14:54:11.653  2249  2249 D SIMRecords: [SIMRecords] HplmnActRecord[]=[{PLMN=46000,AccessTechs=EUTRAN}, {PLMN=46000,AccessTechs=UTRAN}, {PLMN=46000,AccessTechs=UTRAN|EUTRAN|GSM|UNKNOWN:3f00}]
09-27 14:54:11.653  2249  2249 D SIMRecords: [SIMRecords] GID1: ffffffff
09-27 14:54:11.653  2249  2249 D SIMRecords: [SIMRecords] onRecordLoaded 6 requested: true
09-27 14:54:11.653  2249  2249 D SIMRecords: [SIMRecords] Received Forbidden PLMNs, raw=64f01064f03064f04064f002
09-27 14:54:11.653  2249  2249 D SIMRecords: [SIMRecords] onRecordLoaded 5 requested: true
09-27 14:54:11.653  2249  2249 D SIMRecords: [SIMRecords] EF_LI LOADED
09-27 14:54:11.653  2249  2249 D SIMRecords: [SIMRecords] EF_LI=6465656e69746672
09-27 14:54:11.654  2249  2249 D SIMRecords: [SIMRecords] onRecordLoaded 4 requested: true
09-27 14:54:11.654  2249  2249 D SIMRecords: [SIMRecords] EF_PL LOADED
09-27 14:54:11.654  2249  2249 D SIMRecords: [SIMRecords] EF_PL=ffffffffffffffff
09-27 14:54:11.654  2249  2249 D SIMRecords: [SIMRecords] onRecordLoaded 3 requested: true
09-27 14:54:11.654  2249  2249 D SIMRecords: [SIMRecords] GID2: ffffffff
09-27 14:54:11.654  2249  2249 D SIMRecords: [SIMRecords] onRecordLoaded 2 requested: true
09-27 14:54:11.654  2249  2249 D SIMRecords: [SIMRecords] Received Equivalent Home PLMNs, raw=64f00064f07064f02064f080
09-27 14:54:11.654  2249  2249 D PhoneSwitcher: handle event - 101
09-27 14:54:11.656  2249  2249 D PhoneSwitcher: isAnyVoiceCallActiveOnDevice: false
09-27 14:54:11.657  2249  2249 D SubscriptionController: [getSubId]- numSubIds == 0, return DummySubIds slotIdx=0
09-27 14:54:11.660  2249  2249 D Phone   : mImsIntentReceiver: action com.android.ims.IMS_SERVICE_DOWN
09-27 14:54:11.660  2249  2249 D Phone   : mImsIntentReceiver: extraPhoneId = 0
09-27 14:54:11.660  2249  2249 D Phone   : updateImsPhone mImsServiceReady=false
09-27 14:54:11.660  2249  2249 D CallManager: unregisterPhone(ImsPhone Handler (com.android.internal.telephony.imsphone.ImsPhone) {935a947})
09-27 14:54:11.661  2249  2249 D ImsPhone: dispose
09-27 14:54:11.661  2249  2249 D ImsPhoneCallTracker: [ImsPhoneCallTracker] dispose
09-27 14:54:11.661  2249  2249 D ImsPhoneCallTracker: [ImsPhoneCallTracker] hangup call
09-27 14:54:11.661  2249  2249 D ImsPhoneCallTracker: [ImsPhoneCallTracker] hangup call
09-27 14:54:11.661  2249  2249 D ImsPhoneCallTracker: [ImsPhoneCallTracker] hangup call
09-27 14:54:11.661  2249  2249 D ImsPhoneCallTracker: [ImsPhoneCallTracker] hangup call
09-27 14:54:11.661  2249  2249 D ImsPhoneCallTracker: [ImsPhoneCallTracker] clearDisconnected
09-27 14:54:11.662  2249  2249 D ImsPhoneCallTracker: [ImsPhoneCallTracker] updatePhoneState pendingMo = null, fg= IDLE(0), bg= IDLE(0)
09-27 14:54:11.662  2249  2249 D ImsPhoneCallTracker: [ImsPhoneCallTracker] updatePhoneState oldState=IDLE, newState=IDLE
09-27 14:54:11.665  2249  2249 D Phone   : mImsIntentReceiver: action com.android.ims.IMS_SERVICE_DOWN
09-27 14:54:11.665  2249  2249 D Phone   : mImsIntentReceiver: extraPhoneId = 0
09-27 14:54:11.665  2249  2249 D Phone   : mImsIntentReceiver: action com.android.ims.IMS_SERVICE_UP
09-27 14:54:11.665  2249  2249 D Phone   : mImsIntentReceiver: extraPhoneId = 1
09-27 14:54:11.665  2249  2249 D Phone   : mImsIntentReceiver: action com.android.ims.IMS_SERVICE_UP
09-27 14:54:11.665  2249  2249 D Phone   : mImsIntentReceiver: extraPhoneId = 1
09-27 14:54:11.666  2249  2249 D Phone   : updateImsPhone mImsServiceReady=true
09-27 14:54:11.666  2249  2249 D TelephonyTester: register for intent action=com.android.internal.telephony.imsphone.action_detached
09-27 14:54:11.666  2249  2249 D TelephonyTester: register for intent action=com.android.internal.telephony.imsphone.action_attached
09-27 14:54:11.666  2249  2249 D TelephonyTester: register for intent action=com.android.internal.telephony.TestConferenceEventPackage
09-27 14:54:11.670  2249  2249 D Phone   : mDoesRilSendMultipleCallRing=false
09-27 14:54:11.670  2249  2249 D Phone   : mCallRingDelay=3000
09-27 14:54:11.670  2249  2249 D QtiTelephonyComponentFactory: makeImsPhoneCallTracker
09-27 14:54:11.670  2249  2249 D TelephonyComponentFactory: makeImsPhoneCallTracker
09-27 14:54:11.678  2249  2249 D ImsPhoneCallTracker: [ImsPhoneCallTracker] No carrier ImsReasonInfo mappings defined.
09-27 14:54:11.678  2249  2249 D SST     : notifyDataRegStateRilRadioTechnologyChanged: drs=0 rat=14
09-27 14:54:11.678  2249  2249 D TelephonyManager: setTelephonyProperty: success phoneId=1 property=gsm.network.type value: LTE propVal=Unknown,LTE
09-27 14:54:11.680  2249  2249 D ImsPhone: updateDataServiceState: defSs = 0 0 voice home data home CMCC CMCC 46000 CMCC CMCC 46000  LTE LTE CSS not supported -1 -1 RoamInd=-1 DefRoamInd=-1 EmergOnly=false IsDataRoamingFromRegistration=false IsUsingCarrierAggregation=false mRilImsRadioTechnology=0 imsSs = 3 0 voice home data home null null null null null null  Unknown LTE CSS not supported -1 -1 RoamInd=-1 DefRoamInd=-1 EmergOnly=false IsDataRoamingFromRegistration=false IsUsingCarrierAggregation=false mRilImsRadioTechnology=0
09-27 14:54:11.680  2249  2249 D CallManager: registerPhone(ImsPhone Handler (com.android.internal.telephony.imsphone.ImsPhone) {ee41584})
09-27 14:54:11.692  2249  2249 D SubscriptionController: [getSubId]- numSubIds == 0, return DummySubIds slotIdx=0
09-27 14:54:11.693  2249  2249 D SubscriptionController: [getSubId]- numSubIds == 0, return DummySubIds slotIdx=0
09-27 14:54:11.694  2249  2249 D SubscriptionController: [getSubId]- numSubIds == 0, return DummySubIds slotIdx=0
09-27 14:54:11.695  2249  2249 D ImsManager: updateVolteFeatureValue: available = true, enabled = true, nonTTY = true
09-27 14:54:11.696  2249  2249 D ImsConfig: ImsConfig creates
09-27 14:54:11.696  2249  2249 D ImsManager: getConfigInterface(), mConfig= com.android.ims.ImsConfig@9e251a2
09-27 14:54:11.696  2249  2249 D ImsConfig: setFeatureValue: feature = 0, network =13, value =1, listener =null
09-27 14:54:11.700  2249  2249 D SubscriptionController: [getSubId]- numSubIds == 0, return DummySubIds slotIdx=0
09-27 14:54:11.706   939  1023 I RILQ    : (1/939):RIL[1][event] qcril_qmi_imss_set_qipcall_config_resp_hdlr: ril_err: 0, qmi res: 0
09-27 14:54:11.750  2249  2249 D ImsManager: getWfcMode - setting=2
09-27 14:54:11.751  2249  2249 D SubscriptionController: [getSubId]- numSubIds == 0, return DummySubIds slotIdx=0
09-27 14:54:11.752  2249  2249 D ImsManager: updateWfcFeatureAndProvisionedValues: available = true, enabled = false, mode = 2, roaming = false
09-27 14:54:11.752  2249  2249 D ImsManager: getConfigInterface(), mConfig= com.android.ims.ImsConfig@9e251a2
09-27 14:54:11.752  2249  2249 D ImsConfig: setFeatureValue: feature = 2, network =18, value =0, listener =null
09-27 14:54:11.757  2249  3309 D ImsManager: getConfigInterface(), mConfig= com.android.ims.ImsConfig@9e251a2
09-27 14:54:11.757  2249  3309 D ImsConfig: setProvisionedValue(): item = 27value = 1
09-27 14:54:11.758  2249  3310 D ImsManager: getConfigInterface(), mConfig= com.android.ims.ImsConfig@9e251a2
09-27 14:54:11.758  2249  3310 D ImsConfig: setProvisionedValue(): item = 26value = 0
09-27 14:54:11.758  2249  2249 D SubscriptionController: [getSubId]- numSubIds == 0, return DummySubIds slotIdx=0
09-27 14:54:11.759  2249  2249 D SubscriptionController: [getSubId]- numSubIds == 0, return DummySubIds slotIdx=0
09-27 14:54:11.760  2249  3310 D ImsConfig: setProvisionedValue(): item = 26 value = 0 ret = 1
09-27 14:54:11.760  2249  2249 D ImsManager: updateVideoCallFeatureValue: available = true, enabled = true, nonTTY = true, data enabled = true
09-27 14:54:11.760  2249  2249 D ImsManager: getConfigInterface(), mConfig= com.android.ims.ImsConfig@9e251a2
09-27 14:54:11.760  2249  2249 D ImsConfig: setFeatureValue: feature = 1, network =13, value =1, listener =null
09-27 14:54:11.760   939  1023 I RILQ    : (1/939):RIL[1][event] qcril_qmi_imss_set_client_provisioning_config_resp_hdlr: ril_err: 0, qmi res: 0
09-27 14:54:11.764  2249  2249 D ImsManager: updateImsServiceConfig: turnOnIms
09-27 14:54:11.784   939  1023 I RILQ    : (1/939):RIL[1][event] qcril_qmi_imss_set_qipcall_config_resp_hdlr: ril_err: 0, qmi res: 0
09-27 14:54:11.785  2249  3309 D ImsConfig: setProvisionedValue(): item = 27 value = 1 ret = 0
09-27 14:54:11.786   939  1023 I RILQ    : (1/939):RIL[1][event] qcril_qmi_imss_set_reg_mgr_config_resp_hdlr: ril_err: 0, qmi res: 0
09-27 14:54:11.808  2249  3181 D SST     : SST.getAllCellInfo(): return last, back to back calls
09-27 14:54:11.867  2249  2249 D PhoneSwitcher: handle event - 107
09-27 14:54:11.868  2249  2249 D PhoneSwitcher: Allow_data success on phoneId = 1
09-27 14:54:11.870  2249  2249 D TelephonyNetworkFactory[0]: got request NetworkRequest [ REQUEST id=8, [ Transports: CELLULAR Capabilities: IMS&TRUSTED&NOT_VPN Specifier: <1>] ] with score 0
09-27 14:54:11.871  2249  2249 D TelephonyNetworkFactory[1]: got request NetworkRequest [ REQUEST id=8, [ Transports: CELLULAR Capabilities: IMS&TRUSTED&NOT_VPN Specifier: <1>] ] with score 0
09-27 14:54:11.892  2249  2249 D CAT     : CatService: handleMessage[2]
09-27 14:54:11.892  2249  2249 D CAT     : CatService: ril message arrived,slotid:1
09-27 14:54:11.893  2249  2332 D SST     : SST.getAllCellInfo(): return last, back to back calls
09-27 14:54:11.899  2249  2556 D CAT     : CommandParamsFactory: process SelectItem
09-27 14:54:11.933  2249  2261 D SST     : SST.getAllCellInfo(): return last, back to back calls
09-27 14:54:11.933  2249  2261 D SST     : SST.getAllCellInfo(): X size=0 list=null
09-27 14:54:11.933  2249  2261 D SST     : SST.getAllCellInfo(): return last, back to back calls
09-27 14:54:11.933  2249  2261 D SST     : SST.getAllCellInfo(): return last, back to back calls
09-27 14:54:11.941  2249  2332 D SST     : getCellLocation(): X good mCellLoc=[6338,27521057,-1]
09-27 14:54:11.952  2249  2249 D SubscriptionController: [getActiveSubscriptionInfo]+ subId=1 subInfo={id=1, iccId=898600120917 simSlotIndex=1 displayName=CARD 2 carrierName=CMCC nameSource=0 iconTint=-16746133 dataRoaming=0 iconBitmap=android.graphics.Bitmap@d1a8125 mcc 460 mnc 2}
09-27 14:54:11.973  2249  2565 D SST     : SST.getAllCellInfo(): return last, back to back calls
09-27 14:54:11.973  2249  2565 D SST     : SST.getAllCellInfo(): X size=0 list=null
09-27 14:54:11.973  2249  2565 D SST     : SST.getAllCellInfo(): return last, back to back calls
09-27 14:54:11.973  2249  2565 D SST     : SST.getAllCellInfo(): return last, back to back calls
09-27 14:54:11.973  2249  2564 D SST     : SST.getAllCellInfo(): return last, back to back calls
09-27 14:54:11.973  2249  2564 D SST     : SST.getAllCellInfo(): X size=0 list=null
09-27 14:54:11.973  2249  2564 D SST     : SST.getAllCellInfo(): return last, back to back calls
09-27 14:54:11.974  2249  2564 D SST     : SST.getAllCellInfo(): return last, back to back calls
09-27 14:54:12.097  2249  2262 D SubscriptionController: [getPhoneId] asked for default subId=1
09-27 14:54:12.108  2249  2249 D SIMRecords: [SIMRecords] MSISDN: [Tyecnx4VyxrRlRmYjDe80cMFHu0]
09-27 14:54:12.108  2249  2249 D SIMRecords: [SIMRecords] onRecordLoaded 1 requested: true
09-27 14:54:12.108  2249  2249 D UiccPkcs15: handleMessage: 1
09-27 14:54:12.109  2249  2249 D UiccPkcs15: Creating FileHandler, pkcs15Path: null
09-27 14:54:12.109  2249  2249 D UiccPkcs15: loadFile: 4300
09-27 14:54:12.109  2249  2249 D RILJ    : [3832]> RIL_REQUEST_SIM_TRANSMIT_APDU_CHANNEL [SUB1]
09-27 14:54:12.130  2249  2312 D RILJ    : [3832]< RIL_REQUEST_SIM_TRANSMIT_APDU_CHANNEL  [SUB1]
09-27 14:54:12.134  2249  2249 D SubscriptionController: [getActiveSubscriptionInfo]+ subId=1 subInfo={id=1, iccId=898600120917 simSlotIndex=1 displayName=CARD 2 carrierName=CMCC nameSource=0 iconTint=-16746133 dataRoaming=0 iconBitmap=android.graphics.Bitmap@a9a308 mcc 460 mnc 2}
09-27 14:54:12.183  2249  2249 D ImsPhoneCallTracker: [ImsPhoneCallTracker] handleMessage what=23
09-27 14:54:12.183  2249  2249 D ImsPhoneCallTracker: [ImsPhoneCallTracker] onDataEnabledChanged: enabled=true, reason=0
09-27 14:54:12.183  2249  2249 D ImsManager: setDataEnabled: true
09-27 14:54:12.196  2249  2249 D SubscriptionController: [getSubId]- numSubIds == 0, return DummySubIds slotIdx=0
09-27 14:54:12.197  2249  2249 D SubscriptionController: [getSubId]- numSubIds == 0, return DummySubIds slotIdx=0
09-27 14:54:12.198  2249  2249 D SubscriptionController: [getSubId]- numSubIds == 0, return DummySubIds slotIdx=0
09-27 14:54:12.199  2249  2249 D ImsManager: updateVolteFeatureValue: available = true, enabled = true, nonTTY = true
09-27 14:54:12.199  2249  2249 D ImsManager: getConfigInterface(), mConfig= com.android.ims.ImsConfig@9e251a2
09-27 14:54:12.199  2249  2249 D ImsConfig: setFeatureValue: feature = 0, network =13, value =1, listener =null
09-27 14:54:12.203  2249  2249 D SubscriptionController: [getSubId]- numSubIds == 0, return DummySubIds slotIdx=0
09-27 14:54:12.206   939  1023 I RILQ    : (1/939):RIL[1][event] qcril_qmi_imss_set_qipcall_config_resp_hdlr: ril_err: 0, qmi res: 0
09-27 14:54:12.243  2249  2249 D ImsManager: getWfcMode - setting=2
09-27 14:54:12.244  2249  2249 D SubscriptionController: [getSubId]- numSubIds == 0, return DummySubIds slotIdx=0
09-27 14:54:12.245  2249  2249 D ImsManager: updateWfcFeatureAndProvisionedValues: available = true, enabled = false, mode = 2, roaming = false
09-27 14:54:12.245  2249  2249 D ImsManager: getConfigInterface(), mConfig= com.android.ims.ImsConfig@9e251a2
09-27 14:54:12.245  2249  2249 D ImsConfig: setFeatureValue: feature = 2, network =18, value =0, listener =null
09-27 14:54:12.261   939  1023 I RILQ    : (1/939):RIL[1][event] qcril_qmi_imss_set_client_provisioning_config_resp_hdlr: ril_err: 0, qmi res: 0
09-27 14:54:12.261  2249  3342 D ImsManager: getConfigInterface(), mConfig= com.android.ims.ImsConfig@9e251a2
09-27 14:54:12.261  2249  3342 D ImsConfig: setProvisionedValue(): item = 27value = 1
09-27 14:54:12.268  2249  2249 D SubscriptionController: [getSubId]- numSubIds == 0, return DummySubIds slotIdx=0
09-27 14:54:12.269  2249  2249 D SubscriptionController: [getSubId]- numSubIds == 0, return DummySubIds slotIdx=0
09-27 14:54:12.270  2249  3343 D ImsManager: getConfigInterface(), mConfig= com.android.ims.ImsConfig@9e251a2
09-27 14:54:12.270  2249  2249 D ImsManager: updateVideoCallFeatureValue: available = true, enabled = true, nonTTY = true, data enabled = true
09-27 14:54:12.270  2249  3343 D ImsConfig: setProvisionedValue(): item = 26value = 0
09-27 14:54:12.270  2249  2249 D ImsManager: getConfigInterface(), mConfig= com.android.ims.ImsConfig@9e251a2
09-27 14:54:12.270  2249  2249 D ImsConfig: setFeatureValue: feature = 1, network =13, value =1, listener =null
09-27 14:54:12.272  2249  3343 D ImsConfig: setProvisionedValue(): item = 26 value = 0 ret = 1
09-27 14:54:12.274  2249  2249 D ImsManager: updateImsServiceConfig: turnOnIms
09-27 14:54:12.279   939  1023 I RILQ    : (1/939):RIL[1][event] qcril_qmi_imss_set_qipcall_config_resp_hdlr: ril_err: 0, qmi res: 0
09-27 14:54:12.279  2249  3342 D ImsConfig: setProvisionedValue(): item = 27 value = 1 ret = 0
09-27 14:54:12.303   939  1023 I RILQ    : (1/939):RIL[1][event] qcril_qmi_imss_set_reg_mgr_config_resp_hdlr: ril_err: 0, qmi res: 0
09-27 14:54:12.306  2249  2249 D ImsPhoneCallTracker: [ImsPhoneCallTracker] handleMessage what=24
09-27 14:54:12.307  2249  2249 D ImsPhoneCallTracker: [ImsPhoneCallTracker] getImsService
09-27 14:54:12.317  2249  2649 D ImsManager: registrationFeatureCapabilityChanged :: serviceClass=1
09-27 14:54:12.317  2249  2649 D ImsPhoneCallTracker: [ImsPhoneCallTracker] onFeatureCapabilityChanged: VoLTE:false ViLTE:false VoWiFi:false ViWiFi:false UTLTE:true UTWiFi:false 
09-27 14:54:12.318  2249  2649 D ImsPhoneCallTracker: [ImsPhoneCallTracker] onFeatureCapabilityChanged: isVolteEnabled=false, isVideoCallEnabled=false, isVowifiEnabled=false, isUtEnabled=true
09-27 14:54:12.321  2249  2249 D ImsEcbm : ImsEcbm created
09-27 14:54:12.334  2249  2249 D QtiGsmDCT: [1]QtiDcTracker handleMessage msg={ when=-654ms what=270377 obj=android.os.AsyncResult@bf8afdd target=com.qualcomm.qti.internal.telephony.dataconnection.QtiDcTracker }
09-27 14:54:12.334  2249  2249 D QtiGsmDCT: [1]setupDataOnConnectableApns: nwTypeChanged emergency:[state=IDLE,enabled=false] mms:[state=IDLE,enabled=false] supl:[state=IDLE,enabled=false] hipri:[state=IDLE,enabled=false] dun:[state=IDLE,enabled=false] fota:[state=IDLE,enabled=false] ims:[state=IDLE,enabled=false] default:[state=IDLE,enabled=false] cbs:[state=IDLE,enabled=false] 
09-27 14:54:12.335  2249  2249 D ImsPhone: handleMessage what=51
09-27 14:54:12.335  2249  2249 D ImsPhone: EVENT_DEFAULT_PHONE_DATA_STATE_CHANGED
09-27 14:54:12.335  2249  2249 D ImsPhone: updateDataServiceState: defSs = 0 0 voice home data home CMCC CMCC 46000 CMCC CMCC 46000  LTE LTE CSS not supported -1 -1 RoamInd=-1 DefRoamInd=-1 EmergOnly=false IsDataRoamingFromRegistration=false IsUsingCarrierAggregation=false mRilImsRadioTechnology=0 imsSs = 3 0 voice home data home null null null null null null  Unknown LTE CSS not supported -1 -1 RoamInd=-1 DefRoamInd=-1 EmergOnly=false IsDataRoamingFromRegistration=false IsUsingCarrierAggregation=false mRilImsRadioTechnology=0
09-27 14:54:12.335  2249  2249 D PhoneSwitcher: handle event - 110
09-27 14:54:12.336  2249  2249 D PhoneSwitcher: handle event - 110
09-27 14:54:12.337  2249  2249 D TelephonyNetworkFactory[1]: onActivePhoneSwitch(true, true)
09-27 14:54:12.339  2249  2249 D PhoneSwitcher: handle event - 103
09-27 14:54:12.342  2249  2249 D SubscriptionController: [getSubId]- numSubIds == 0, return DummySubIds slotIdx=0
09-27 14:54:12.342  2249  2249 D PhoneSwitcher: evaluating due to netRequest
09-27 14:54:12.343  2249  2249 D PhoneSwitcher: default subId = 1
09-27 14:54:12.344  2249  2249 D PhoneSwitcher:  phone[0] using sub[2147483643]
09-27 14:54:12.344  2249  2249 D PhoneSwitcher:  phone[1] using sub[1]
09-27 14:54:12.345  2249  2249 D PhoneSwitcher:  newActivePhones:
09-27 14:54:12.346  2249  2249 D PhoneSwitcher:   1
09-27 14:54:12.347  2249  2249 D PhoneSwitcher: InformDdsToRil rild= 0, DDS=1
09-27 14:54:12.352   821  1226 E RILQ    : (0/821): RIL[0][oem_socket0] void qcril_qmi_generic_socket_agent::recv_thread_func(): read 4 bytes length message with length 32
09-27 14:54:12.352   821  1226 E RILQ    : (0/821): RIL[0][oem_socket0] qmi_ril_parse_oem_hook_header: Received un-handled/oem command id = 524327
09-27 14:54:12.357  2249  2249 D PhoneSwitcher: InformDdsToRil rild= 1, DDS=1
09-27 14:54:12.400   939  1269 E RILQ    : (1/939): RIL[1][oem_socket1] void qcril_qmi_generic_socket_agent::recv_thread_func(): read 4 bytes length message with length 32
09-27 14:54:12.401   939  1269 E RILQ    : (1/939): RIL[1][oem_socket1] qmi_ril_parse_oem_hook_header: Received un-handled/oem command id = 524327
09-27 14:54:12.404  2249  2249 D TelephonyNetworkFactory[1]: onNeedNetworkFor NetworkRequest [ REQUEST id=8, [ Transports: CELLULAR Capabilities: IMS&TRUSTED&NOT_VPN Specifier: <1>] ]
09-27 14:54:12.405  2249  2249 D CAT     : CatService: handleMessage[10]
09-27 14:54:12.405  2249  2249 D CAT     : CatService: SET_UP_MENU
09-27 14:54:12.408  2249  2249 D CAT     : CatService: encodeOptionalTags() Unsupported Cmd details=CmdDetails: compRequired=true commandNumber=1 typeOfCommand=37 commandQualifier=0
09-27 14:54:12.408  2249  2249 D RILJ    : [3833]> REQUEST_STK_SEND_TERMINAL_RESPONSE [SUB1]
09-27 14:54:12.415  2249  2249 D CAT     : CatService: Sending CmdMsg: com.android.internal.telephony.cat.CatCmdMessage@666752 on slotid:1
09-27 14:54:12.418  2249  2249 D SIMRecords: [SIMRecords] Invalid or missing EF[MAILBOX]
09-27 14:54:12.418  2249  2249 D SIMRecords: [SIMRecords] onRecordLoaded 0 requested: true
09-27 14:54:12.418  2249  2249 D SIMRecords: [SIMRecords] record load complete
09-27 14:54:12.418  2249  2249 D SIMRecords: [SIMRecords] Not using EF LI/EF PL
09-27 14:54:12.419  2249  2249 D SIMRecords: [SIMRecords] EF_CFIS and EF_CFF not valid. callForwardingEnabled=-1
09-27 14:54:12.419  2249  2249 D SIMRecords: [SIMRecords] onAllRecordsLoaded set 'gsm.sim.operator.numeric' to operator='46002'
09-27 14:54:12.419  2249  2249 D TelephonyManager: setTelephonyProperty: success phoneId=1 property=gsm.sim.operator.numeric value: 46002 propVal=,46002
09-27 14:54:12.421  2249  2249 D SubscriptionController: [setMccMnc]+ mcc/mnc:460/2 subId:1
09-27 14:54:12.423  2249  2312 D RILJ    : [3833]< REQUEST_STK_SEND_TERMINAL_RESPONSE  [SUB1]
09-27 14:54:12.476  2249  2249 D SubscriptionController: notifySubscriptionInfoChanged:
09-27 14:54:12.479  2249  2262 D SubscriptionController: [getSubId]- numSubIds == 0, return DummySubIds slotIdx=0
09-27 14:54:12.495  2249  2249 D SIMRecords: [SIMRecords] update icc_operator_numeric = 46002 subId = 1
09-27 14:54:12.495  2249  2249 D SIMRecords: [SIMRecords] onAllRecordsLoaded set mcc imsi
09-27 14:54:12.495  2249  2249 D TelephonyManager: setTelephonyProperty: success phoneId=1 property=gsm.sim.operator.iso-country value: cn propVal=,cn
09-27 14:54:12.545  2249  2249 D SST     : EVENT_IMS_CAPABILITY_CHANGED
09-27 14:54:12.551  2249  2249 D SIMRecords: [SIMRecords] getServiceProviderName: no brandOverride, providerName=CMCC
09-27 14:54:12.551  2249  2249 D SIMRecords: [SIMRecords] getServiceProviderName: no brandOverride, providerName=CMCC
09-27 14:54:12.555  2249  2249 D SST     : updateSpnDisplay: changed sending intent rule=3 showPlmn='true' plmn='CMCC' showSpn='false' spn='null' dataSpn='CMCC' subId='1'
09-27 14:54:12.564  2249  2249 D SubscriptionController: [setCarrierText]+ text:CMCC subId:1
09-27 14:54:12.594  2249  2249 D SubscriptionController: notifySubscriptionInfoChanged:
09-27 14:54:12.599  2249  2331 D SubscriptionController: [getSubId]- numSubIds == 0, return DummySubIds slotIdx=0
09-27 14:54:12.614  2249  2261 D SubscriptionController: [getActiveSubscriptionInfo]+ subId=1 subInfo={id=1, iccId=898600120917 simSlotIndex=1 displayName=CARD 2 carrierName=CMCC nameSource=0 iconTint=-16746133 dataRoaming=0 iconBitmap=android.graphics.Bitmap@5fbeb76 mcc 460 mnc 2}
09-27 14:54:12.621  2249  3218 D SubscriptionController: [getSubId]- numSubIds == 0, return DummySubIds slotIdx=0
09-27 14:54:12.659  2249  2249 D QtiGsmDCT: [1]QtiDcTracker handleMessage msg={ when=-320ms what=270349 arg2=1 target=com.qualcomm.qti.internal.telephony.dataconnection.QtiDcTracker }
09-27 14:54:12.659  2249  2649 D ImsManager: registrationDisconnected :: imsReasonInfoImsReasonInfo :: {1000, 0, null}
09-27 14:54:12.659  2249  2249 D QtiGsmDCT: [1]onEnableApn: apnContext={mApnType=default mState=IDLE mWaitingApns={null} mApnSetting={null} mReason=radioTurnedOff mDataEnabled=false mDependencyMet=true} call applyNewState
09-27 14:54:12.659  2249  2649 D ImsPhoneCallTracker: [ImsPhoneCallTracker] onImsDisconnected imsReasonInfo=ImsReasonInfo :: {1000, 0, null}
09-27 14:54:12.659  2249  2249 D QtiGsmDCT: [1]applyNewState(default, true(false), true(true))
09-27 14:54:12.659  2249  2649 D ImsPhone: updateDataServiceState: defSs = 0 0 voice home data home CMCC CMCC 46000 CMCC CMCC 46000  LTE LTE CSS not supported -1 -1 RoamInd=-1 DefRoamInd=-1 EmergOnly=false IsDataRoamingFromRegistration=false IsUsingCarrierAggregation=false mRilImsRadioTechnology=0 imsSs = 1 0 voice home data home null null null null null null  Unknown LTE CSS not supported -1 -1 RoamInd=-1 DefRoamInd=-1 EmergOnly=false IsDataRoamingFromRegistration=false IsUsingCarrierAggregation=false mRilImsRadioTechnology=0
09-27 14:54:12.666  2249  2249 D QtiGsmDCT: [1]trySetupData for type:default due to dataEnabled, mIsPsRestricted=false
09-27 14:54:12.674  2249  2249 D CdmaSSM : subscriptionSource from settings: 0
09-27 14:54:12.675  2249  2249 D QtiGsmDCT: [1]isEmergency: result=false
09-27 14:54:12.675  2249  2249 D QtiGsmDCT: [1]buildWaitingApns: E requestedApnType=default
09-27 14:54:12.676  2249  2249 D QtiGsmDCT: [1]getPreferredApn: mAllApnSettings is empty
09-27 14:54:12.676  2249  2249 D QtiGsmDCT: [1]buildWaitingApns: usePreferred=true canSetPreferApn=false mPreferredApn=null operator=46002 radioTech=14 IccRecords r=SimRecords: mDestroyed=false mContext=com.android.phone.PhoneGlobals@3323d6f mCi=com.android.internal.telephony.RIL@aaa61bc mFh=Handler (com.android.internal.telephony.uicc.UsimFileHandler) {df62a7c} mParentApp=com.android.internal.telephony.uicc.UiccCardApplication@aaa0f05 recordsLoadedRegistrants=android.os.RegistrantList@dda1b5a mImsiReadyRegistrants=android.os.RegistrantList@bcf418b mRecordsEventsRegistrants=android.os.RegistrantList@9b97268 mNewSmsRegistrants=android.os.RegistrantList@9419681 mNetworkSelectionModeAutomaticRegistrants=android.os.RegistrantList@58e9326 recordsToLoad=0 adnCache=Handler (com.android.internal.telephony.uicc.AdnRecordCache) {3ee6b67} recordsRequested=true iccid=898600120917f4003502 msisdnTag= voiceMailNum=null voiceMailTag=null voiceMailNum=null newVoiceMailTag=null isVoiceMailFixed=false mImsi=460028[vzM4Z8mTzRDE9Q9IftrTQpozr-g] mncLength=2 mailboxIndex=0 spn=CMCC mVmConfigcom.android.internal.telephony.uicc.VoiceMailConstants@9e74d14 mSpnOverride=mSpnOverride callForwardingEnabled=-1 spnState=IDLE mCphsInfo=null mCspPlmnEnabled=true efMWIS=null efCPHS_MWI=null mEfCff=null mEfCfis=null getOperatorNumeric=46002
09-27 14:54:12.677  2249  2249 D QtiGsmDCT: [1]buildWaitingApns: mAllApnSettings=[]
09-27 14:54:12.677  2249  2249 D QtiGsmDCT: [1]buildWaitingApns: 0 APNs in the list: []
09-27 14:54:12.677  2249  2249 D QtiGsmDCT: [1]notifyNoData: type=default
09-27 14:54:12.677  2249  2249 D CdmaSSM : subscriptionSource from settings: 0
09-27 14:54:12.679  2249  2331 D SubscriptionController: [getActiveSubscriptionInfo]+ subId=1 subInfo={id=1, iccId=898600120917 simSlotIndex=1 displayName=CARD 2 carrierName=CMCC nameSource=0 iconTint=-16746133 dataRoaming=0 iconBitmap=android.graphics.Bitmap@c943c50 mcc 460 mnc 2}
09-27 14:54:12.682  2249  2249 D CdmaSSM : subscriptionSource from settings: 0
09-27 14:54:12.687  2249  3181 D SubscriptionController: [getSubId]- numSubIds == 0, return DummySubIds slotIdx=0
09-27 14:54:12.700  2249  2249 D CdmaSSM : subscriptionSource from settings: 0
