09-27 14:54:15.779  2249  3557 D CAT     : com.android.stk.StkAppService: slotId: 1, mMenuState: 0
09-27 14:54:15.779  2249  2249 D CdmaSSM : subscriptionSource from settings: 0
09-27 14:54:15.779  2249  3557 D CAT     : com.android.stk.StkAppService: [handleSessionEnd][mMainCmd is null!]
09-27 14:54:15.779  2249  3557 D CAT     : com.android.stk.StkAppService: [handleSessionEnd][mMenuState]false
09-27 14:54:15.782  2249  2649 D ImsManager: registrationFeatureCapabilityChanged :: serviceClass=1
09-27 14:54:15.782  2249  2649 D ImsPhoneCallTracker: [ImsPhoneCallTracker] onFeatureCapabilityChanged: VoLTE:true ViLTE:true VoWiFi:false ViWiFi:false UTLTE:true UTWiFi:false 
09-27 14:54:15.782  2249  2649 D ImsPhoneCallTracker: [ImsPhoneCallTracker] onFeatureCapabilityChanged: isVolteEnabled=true, isVideoCallEnabled=true, isVowifiEnabled=false, isUtEnabled=true
09-27 14:54:15.821  2249  2249 D SubscriptionController: [getActiveSubscriptionInfoForSimSlotIndex]+ slotIdx=1 subId={id=1, iccId=898600120917 simSlotIndex=1 displayName=CARD 2 carrierName=CMCC nameSource=0 iconTint=-16746133 dataRoaming=0 iconBitmap=android.graphics.Bitmap@81e0583 mcc 460 mnc 2}
09-27 14:54:15.861  2249  2249 D SubscriptionController: [getActiveSubscriptionInfo]+ subId=1 subInfo={id=1, iccId=898600120917 simSlotIndex=1 displayName=CARD 2 carrierName=CMCC nameSource=0 iconTint=-16746133 dataRoaming=0 iconBitmap=android.graphics.Bitmap@141417e mcc 460 mnc 2}
09-27 14:54:15.864  2249  2249 D SST     : EVENT_IMS_CAPABILITY_CHANGED
09-27 14:54:15.867  2249  2249 D SIMRecords: [SIMRecords] getServiceProviderName: no brandOverride, providerName=CMCC
09-27 14:54:15.867  2249  2249 D SIMRecords: [SIMRecords] getServiceProviderName: no brandOverride, providerName=CMCC
09-27 14:54:15.868  2249  2249 I SST     : updateRilImsRadioTechnology : Old ims RAT: 0 new ims RAT: 14
09-27 14:54:15.868  2249  2249 D DefaultPhoneNotifier: nofityServiceState: mRegistry=com.android.internal.telephony.ITelephonyRegistry$Stub$Proxy@f25c375 ss=0 0 voice home data home CMCC CMCC 46000 CMCC CMCC 46000  LTE LTE CSS not supported -1 -1 RoamInd=-1 DefRoamInd=-1 EmergOnly=false IsDataRoamingFromRegistration=false IsUsingCarrierAggregation=false mRilImsRadioTechnology=14 sender=Handler (com.qualcomm.qti.internal.telephony.QtiGsmCdmaPhone) {83d56a2} phondId=1 subId=1
09-27 14:54:15.872  2249  2261 D GsmCdmaPhone: [GsmCdmaPhone] getDataConnectionState apnType=default ret=CONNECTED
09-27 14:54:15.910  2249  3181 D SubscriptionController: [getActiveSubscriptionInfo]+ subId=1 subInfo={id=1, iccId=898600120917 simSlotIndex=1 displayName=CARD 2 carrierName=CMCC nameSource=0 iconTint=-16746133 dataRoaming=0 iconBitmap=android.graphics.Bitmap@c5fdf5 mcc 460 mnc 2}
09-27 14:54:15.919  2249  3218 D SubscriptionController: [getSubId]- numSubIds == 0, return DummySubIds slotIdx=0
09-27 14:54:15.946  2249  2332 D SubscriptionController: [getActiveSubscriptionInfo]+ subId=1 subInfo={id=1, iccId=898600120917 simSlotIndex=1 displayName=CARD 2 carrierName=CMCC nameSource=0 iconTint=-16746133 dataRoaming=0 iconBitmap=android.graphics.Bitmap@98d62d7 mcc 460 mnc 2}
09-27 14:54:15.946  2249  2331 D SubscriptionController: [getActiveSubscriptionInfo]+ subId=1 subInfo={id=1, iccId=898600120917 simSlotIndex=1 displayName=CARD 2 carrierName=CMCC nameSource=0 iconTint=-16746133 dataRoaming=0 iconBitmap=android.graphics.Bitmap@e9ac7c4 mcc 460 mnc 2}
09-27 14:54:15.947  2249  2249 D SubscriptionController: [getActiveSubscriptionInfo]+ subId=1 subInfo={id=1, iccId=898600120917 simSlotIndex=1 displayName=CARD 2 carrierName=CMCC nameSource=0 iconTint=-16746133 dataRoaming=0 iconBitmap=android.graphics.Bitmap@65cf6ad mcc 460 mnc 2}
09-27 14:54:15.953  2249  2262 D SubscriptionController: [getSubId]- numSubIds == 0, return DummySubIds slotIdx=0
09-27 14:54:15.978  2249  2565 D SubscriptionController: [getActiveSubscriptionInfo]+ subId=1 subInfo={id=1, iccId=898600120917 simSlotIndex=1 displayName=CARD 2 carrierName=CMCC nameSource=0 iconTint=-16746133 dataRoaming=0 iconBitmap=android.graphics.Bitmap@e5e9c30 mcc 460 mnc 2}
09-27 14:54:15.985  2249  3181 D SubscriptionController: [getSubId]- numSubIds == 0, return DummySubIds slotIdx=0
09-27 14:54:15.990  2249  2249 D SST     : EVENT_IMS_CAPABILITY_CHANGED
09-27 14:54:15.996  2249  2249 D SIMRecords: [SIMRecords] getServiceProviderName: no brandOverride, providerName=CMCC
09-27 14:54:15.996  2249  2249 D SIMRecords: [SIMRecords] getServiceProviderName: no brandOverride, providerName=CMCC
09-27 14:54:15.999  2249  2249 D RIL_ImsSms: IMS is registered!
09-27 14:54:15.999  2249  2249 D SST     : EVENT_IMS_CAPABILITY_CHANGED
09-27 14:54:16.003  2249  2249 D SIMRecords: [SIMRecords] getServiceProviderName: no brandOverride, providerName=CMCC
09-27 14:54:16.003  2249  2249 D SIMRecords: [SIMRecords] getServiceProviderName: no brandOverride, providerName=CMCC
09-27 14:54:16.006  2249  2249 D RIL_ImsSms: IMS is registered!
09-27 14:54:16.010  2249  2249 D SST     : handlPollStateResultMessage: GsmSST setDataRegState=0 regState=1 dataRadioTechnology=14
09-27 14:54:16.010  2249  2249 D SST     : EVENT_POLL_STATE_NETWORK_SELECTION_MODE
09-27 14:54:16.015  2249  2249 D SST     : Poll ServiceState done:  oldSS=[0 0 voice home data home CMCC CMCC 46000 CMCC CMCC 46000  LTE LTE CSS not supported -1 -1 RoamInd=-1 DefRoamInd=-1 EmergOnly=false IsDataRoamingFromRegistration=false IsUsingCarrierAggregation=false mRilImsRadioTechnology=14] newSS=[0 0 voice home data home CMCC CMCC 46000 CMCC CMCC 46000  LTE LTE CSS supported -1 -1 RoamInd=-1 DefRoamInd=-1 EmergOnly=false IsDataRoamingFromRegistration=false IsUsingCarrierAggregation=false mRilImsRadioTechnology=0] oldMaxDataCalls=20 mNewMaxDataCalls=20 oldReasonDataDenied=-1 mNewReasonDataDenied=-1
09-27 14:54:16.017  2249  2249 D SIMRecords: [SIMRecords] getServiceProviderName: no brandOverride, providerName=CMCC
09-27 14:54:16.018  2249  2249 D SIMRecords: [SIMRecords] getServiceProviderName: no brandOverride, providerName=CMCC
09-27 14:54:16.018  2249  2249 D TelephonyManager: setTelephonyProperty: success phoneId=1 property=gsm.operator.alpha value: CMCC propVal=,CMCC
09-27 14:54:16.020  2249  2249 D TelephonyManager: setTelephonyProperty: success phoneId=1 property=gsm.operator.numeric value: 46000 propVal=,46000
09-27 14:54:16.021  2249  2249 D TelephonyManager: setTelephonyProperty: success phoneId=1 property=gsm.operator.iso-country value: cn propVal=,cn
09-27 14:54:16.022  2249  2249 D SST     : pollStateDone: there are 2 unique offsets for iso-cc='cn testOneUniqueOffsetPath=false', do nothing
09-27 14:54:16.023  2249  2249 D SST     : shouldFixTimeZoneNow: retVal=false iccCardExist=true operatorNumeric=46000 mcc=460 prevOperatorNumeric=46000 prevMcc=460 needToFixTimeZone=false ltod=09-27 14:54:16.022
09-27 14:54:16.023  2249  2249 D TelephonyManager: setTelephonyProperty: success phoneId=1 property=gsm.operator.isroaming value: false propVal=false,false
09-27 14:54:16.023  2249  2249 D SST     : Broadcasting ServiceState : 0 0 voice home data home CMCC CMCC 46000 CMCC CMCC 46000  LTE LTE CSS supported -1 -1 RoamInd=-1 DefRoamInd=-1 EmergOnly=false IsDataRoamingFromRegistration=false IsUsingCarrierAggregation=false mRilImsRadioTechnology=14
09-27 14:54:16.024  2249  2249 D DefaultPhoneNotifier: nofityServiceState: mRegistry=com.android.internal.telephony.ITelephonyRegistry$Stub$Proxy@f25c375 ss=0 0 voice home data home CMCC CMCC 46000 CMCC CMCC 46000  LTE LTE CSS supported -1 -1 RoamInd=-1 DefRoamInd=-1 EmergOnly=false IsDataRoamingFromRegistration=false IsUsingCarrierAggregation=false mRilImsRadioTechnology=14 sender=Handler (com.qualcomm.qti.internal.telephony.QtiGsmCdmaPhone) {83d56a2} phondId=1 subId=1
09-27 14:54:16.029  2249  3218 D GsmCdmaPhone: [GsmCdmaPhone] getDataConnectionState apnType=default ret=CONNECTED
09-27 14:54:16.035  2249  2249 D QtiGsmDCT: [1]get all active apn types
09-27 14:54:16.036  2249  2249 D GsmCdmaPhone: [GsmCdmaPhone] getDataConnectionState apnType=default ret=CONNECTED
09-27 14:54:16.037  2249  2249 D QtiGsmDCT: [1]return link properites for default
09-27 14:54:16.038  2249  2434 D DC-2    : DcActiveState not handled msg.what=REQ_GET_LINK_PROPERTIES
09-27 14:54:16.038  2249  2434 D DC-2    : DcDefault msg=REQ_GET_LINK_PROPERTIES RefCount=1
09-27 14:54:16.039  2249  2434 D DC-2    : REQ_GET_LINK_PROPERTIES linkProperties{InterfaceName: rmnet_data0 LinkAddresses: [10.17.59.251/29,2409:8894:a000:6f5a:dbdf:f334:317d:90f0/64,]  Routes: [0.0.0.0/0 -> 10.17.59.252 rmnet_data0,::/0 -> fe80::5c27:c2d0:b289:5ead rmnet_data0,] DnsAddresses: [211.136.112.50,211.136.150.66,2409:8084:8000:10::1,2409:8084:8000:10::2,] Domains: null MTU: 1500 TcpBufferSizes: 2097152,4194304,8388608,262144,524288,1048576}
09-27 14:54:16.039  2249  2249 D QtiGsmDCT: [1]get active pdp is not null, return NetworkCapabilities for default
09-27 14:54:16.039  2249  2434 D DC-2    : DcActiveState not handled msg.what=REQ_GET_NETWORK_CAPABILITIES
09-27 14:54:16.039  2249  2434 D DC-2    : DcDefault msg=REQ_GET_NETWORK_CAPABILITIES RefCount=1
09-27 14:54:16.041  2249  2434 D DC-2    : REQ_GET_NETWORK_CAPABILITIES networkCapabilities[ Transports: CELLULAR Capabilities: SUPL&INTERNET&NOT_RESTRICTED&TRUSTED&NOT_VPN LinkUpBandwidth>=51200Kbps LinkDnBandwidth>=102400Kbps Specifier: <1>]
09-27 14:54:16.042  2249  2249 D CdmaSSM : subscriptionSource from settings: 0
09-27 14:54:16.042  2249  2261 D SubscriptionController: [getActiveSubscriptionInfo]+ subId=1 subInfo={id=1, iccId=898600120917 simSlotIndex=1 displayName=CARD 2 carrierName=CMCC nameSource=0 iconTint=-16746133 dataRoaming=0 iconBitmap=android.graphics.Bitmap@e0bd5cf mcc 460 mnc 2}
09-27 14:54:16.051  2249  3181 D SubscriptionController: [getSubId]- numSubIds == 0, return DummySubIds slotIdx=0
09-27 14:54:16.112  2249  2249 D GsmCdmaPhone: [GsmCdmaPhone] getDataConnectionState apnType=ims ret=CONNECTED
09-27 14:54:16.114  2249  2249 D QtiGsmDCT: [1]return link properites for ims
09-27 14:54:16.115  2249  2434 D DC-1    : DcActiveState not handled msg.what=REQ_GET_LINK_PROPERTIES
09-27 14:54:16.115  2249  2434 D DC-1    : DcDefault msg=REQ_GET_LINK_PROPERTIES RefCount=1
09-27 14:54:16.116  2249  2434 D DC-1    : REQ_GET_LINK_PROPERTIES linkProperties{InterfaceName: rmnet_data7 LinkAddresses: [2409:8804:a000:3171:73f9:6a50:3ac7:335d/64,]  Routes: [::/0 -> fe80::99d5:40a7:30b2:4e5c rmnet_data7,] DnsAddresses: [] Domains: null MTU: 1500 TcpBufferSizes: 2097152,4194304,8388608,262144,524288,1048576}
09-27 14:54:16.116  2249  2331 D SubscriptionController: [getSubId]- numSubIds == 0, return DummySubIds slotIdx=0
09-27 14:54:16.116  2249  2249 D QtiGsmDCT: [1]get active pdp is not null, return NetworkCapabilities for ims
09-27 14:54:16.119  2249  2434 D DC-1    : DcActiveState not handled msg.what=REQ_GET_NETWORK_CAPABILITIES
09-27 14:54:16.120  2249  2434 D DC-1    : DcDefault msg=REQ_GET_NETWORK_CAPABILITIES RefCount=1
09-27 14:54:16.124  2249  2434 D DC-1    : REQ_GET_NETWORK_CAPABILITIES networkCapabilities[ Transports: CELLULAR Capabilities: IMS&NOT_METERED&NOT_RESTRICTED&TRUSTED&NOT_VPN LinkUpBandwidth>=51200Kbps LinkDnBandwidth>=102400Kbps Specifier: <1>]
09-27 14:54:16.124  2249  2249 D CdmaSSM : subscriptionSource from settings: 0
09-27 14:54:16.164  2249  2249 D SST     : EVENT_IMS_CAPABILITY_CHANGED
09-27 14:54:16.166  2249  2332 D SubscriptionController: [getActiveSubscriptionInfo]+ subId=1 subInfo={id=1, iccId=898600120917 simSlotIndex=1 displayName=CARD 2 carrierName=CMCC nameSource=0 iconTint=-16746133 dataRoaming=0 iconBitmap=android.graphics.Bitmap@534e65 mcc 460 mnc 2}
09-27 14:54:16.172  2249  3218 D SubscriptionController: [getSubId]- numSubIds == 0, return DummySubIds slotIdx=0
09-27 14:54:16.174  2249  2249 D SIMRecords: [SIMRecords] getServiceProviderName: no brandOverride, providerName=CMCC
09-27 14:54:16.174  2249  2249 D SIMRecords: [SIMRecords] getServiceProviderName: no brandOverride, providerName=CMCC
09-27 14:54:16.184  2249  2262 D SubscriptionController: [getActiveSubscriptionInfo]+ subId=1 subInfo={id=1, iccId=898600120917 simSlotIndex=1 displayName=CARD 2 carrierName=CMCC nameSource=0 iconTint=-16746133 dataRoaming=0 iconBitmap=android.graphics.Bitmap@6cdc148 mcc 460 mnc 2}
09-27 14:54:16.188  2249  2249 D ImsPhone: handleMessage what=52
09-27 14:54:16.188  2249  2249 D SubscriptionController: [getSubId]- numSubIds == 0, return DummySubIds slotIdx=0
09-27 14:54:16.189  2249  2249 D UiccPkcs15: handleMessage: 7
09-27 14:54:16.189  2249  2249 D ImsPhone: handleMessage what=52
09-27 14:54:16.191  2249  2332 D SubscriptionController: [getSubId]- numSubIds == 0, return DummySubIds slotIdx=0
09-27 14:54:16.192  2249  2249 D SubscriptionController: [getSubId]- numSubIds == 0, return DummySubIds slotIdx=0
09-27 14:54:16.219  2249  2564 D SubscriptionController: [getActiveSubscriptionInfo]+ subId=1 subInfo={id=1, iccId=898600120917 simSlotIndex=1 displayName=CARD 2 carrierName=CMCC nameSource=0 iconTint=-16746133 dataRoaming=0 iconBitmap=android.graphics.Bitmap@4a1a9f4 mcc 460 mnc 2}
09-27 14:54:16.224  2249  2332 D SubscriptionController: [getSubId]- numSubIds == 0, return DummySubIds slotIdx=0
09-27 14:54:16.260  2249  3181 D SubscriptionController: [getActiveSubscriptionInfo]+ subId=1 subInfo={id=1, iccId=898600120917 simSlotIndex=1 displayName=CARD 2 carrierName=CMCC nameSource=0 iconTint=-16746133 dataRoaming=0 iconBitmap=android.graphics.Bitmap@ca4438c mcc 460 mnc 2}
09-27 14:54:16.267  2249  2261 D SubscriptionController: [getSubId]- numSubIds == 0, return DummySubIds slotIdx=0
09-27 14:54:16.332  2249  2564 D SubscriptionController: [getActiveSubscriptionInfo]+ subId=1 subInfo={id=1, iccId=898600120917 simSlotIndex=1 displayName=CARD 2 carrierName=CMCC nameSource=0 iconTint=-16746133 dataRoaming=0 iconBitmap=android.graphics.Bitmap@2da0f51 mcc 460 mnc 2}
09-27 14:54:16.340  2249  2332 D SubscriptionController: [getSubId]- numSubIds == 0, return DummySubIds slotIdx=0
09-27 14:54:16.410  2249  2249 D IccCardProxy: EVENT_CARRIER_PRIVILEGES_LOADED
09-27 14:54:16.411  2249  2249 D IccCardProxy: Sending intent ACTION_INTERNAL_SIM_STATE_CHANGED for mPhoneId : 1
09-27 14:54:16.447  2249  2249 D SubscriptionInfoUpdater: [Receiver]+
09-27 14:54:16.447  2249  2249 D SubscriptionInfoUpdater: Action: android.intent.action.internal_sim_state_changed
09-27 14:54:16.447  2249  2249 D SubscriptionInfoUpdater: slotId: 1
09-27 14:54:16.447  2249  2249 D SubscriptionInfoUpdater: simStatus: LOADED
09-27 14:54:16.448  2249  2249 D SubscriptionInfoUpdater: [Receiver]-
09-27 14:54:16.448  2249  2249 D QtiSubscriptionInfoUpdater:  handleMessage: EVENT:  3
09-27 14:54:16.448  2249  2249 D SubscriptionInfoUpdater: handleSimStateLoadedInternal: slotId: 1
09-27 14:54:16.448  2249  2249 D SubscriptionInfoUpdater: All IccIds query complete
09-27 14:54:16.448  2249  2249 D QtiSubscriptionInfoUpdater: Ignoring subscription update event
09-27 14:54:16.448  2249  2249 D SubscriptionController: [getSubId]- numSubIds == 0, return DummySubIds slotIdx=0
09-27 14:54:16.448  2249  2249 D SubscriptionInfoUpdater: subId for slot0 is 2147483643
09-27 14:54:16.448  2249  2249 D SubscriptionInfoUpdater: EVENT_RECORDS_LOADED Operator name is null
09-27 14:54:16.449  2249  2249 D SubscriptionInfoUpdater: inactive subId = 2147483643 slotId = 0, could not update ContentResolver
09-27 14:54:16.449  2249  2249 D SubscriptionInfoUpdater: subId for slot1 is 1
09-27 14:54:16.458  2249  2249 D SubscriptionController: [setMccMnc]+ mcc/mnc:460/2 subId:1
09-27 14:54:16.498  2249  2249 D SubscriptionController: notifySubscriptionInfoChanged:
09-27 14:54:16.500  2249  2261 D SubscriptionController: [getSubId]- numSubIds == 0, return DummySubIds slotIdx=0
09-27 14:54:16.639  2249  2565 D SubscriptionController: [getSubId]- numSubIds == 0, return DummySubIds slotIdx=0
09-27 14:54:16.646  2249  2249 D SubscriptionController: [getActiveSubscriptionInfo]+ subId=1 subInfo={id=1, iccId=898600120917 simSlotIndex=1 displayName=CARD 2 carrierName=CMCC nameSource=0 iconTint=-16746133 dataRoaming=0 iconBitmap=android.graphics.Bitmap@9ec6ec1 mcc 460 mnc 2}
09-27 14:54:16.647  2249  2249 D SubscriptionInfoUpdater: sim name = CMCC
09-27 14:54:16.647  2249  2249 D SubscriptionController: [setDisplayName]+  displayName:CMCC subId:1 nameSource:-1
09-27 14:54:16.647  2249  2249 D SubscriptionController: validateSubId subId: 1
09-27 14:54:16.648  2249  2249 D SubscriptionController: [setDisplayName]- mDisplayName:CMCC set
09-27 14:54:16.649  2249  3181 D SubscriptionController: [getActiveSubscriptionInfo]+ subId=1 subInfo={id=1, iccId=898600120917 simSlotIndex=1 displayName=CARD 2 carrierName=CMCC nameSource=0 iconTint=-16746133 dataRoaming=0 iconBitmap=android.graphics.Bitmap@db02666 mcc 460 mnc 2}
09-27 14:54:16.654  2249  2262 D SubscriptionController: [getSubId]- numSubIds == 0, return DummySubIds slotIdx=0
09-27 14:54:16.690  2249  2249 D SubscriptionController: notifySubscriptionInfoChanged:
09-27 14:54:16.697  2249  2262 D SubscriptionController: [getSubId]- numSubIds == 0, return DummySubIds slotIdx=0
09-27 14:54:16.707  2249  2564 D SubscriptionController: [getActiveSubscriptionInfo]+ subId=1 subInfo={id=1, iccId=898600120917 simSlotIndex=1 displayName=CMCC carrierName=CMCC nameSource=0 iconTint=-16746133 dataRoaming=0 iconBitmap=android.graphics.Bitmap@3966d43 mcc 460 mnc 2}
09-27 14:54:16.712  2249  2249 D SubscriptionInfoUpdater: Broadcasting intent ACTION_SIM_STATE_CHANGED LOADED reason null for mCardIndex: 1
09-27 14:54:16.714  2249  3218 D SubscriptionController: [getSubId]- numSubIds == 0, return DummySubIds slotIdx=0
09-27 14:54:16.739  2249  2565 D SubscriptionController: [getSubId]- numSubIds == 0, return DummySubIds slotIdx=0
09-27 14:54:16.820  2249  3218 D SubscriptionController: [getActiveSubscriptionInfo]+ subId=1 subInfo={id=1, iccId=898600120917 simSlotIndex=1 displayName=CMCC carrierName=CMCC nameSource=0 iconTint=-16746133 dataRoaming=0 iconBitmap=android.graphics.Bitmap@c8641bb mcc 460 mnc 2}
09-27 14:54:16.826  2249  2249 D GsmCdmaPhone: mBroadcastReceiver: action android.telephony.action.CARRIER_CONFIG_CHANGED
09-27 14:54:16.826  2249  2332 D SubscriptionController: [getSubId]- numSubIds == 0, return DummySubIds slotIdx=0
09-27 14:54:16.834  2249  2249 I CSST    : reading time to delay notification: -1
09-27 14:54:16.835  2249  2249 D SubscriptionController: [getSubId]- numSubIds == 0, return DummySubIds slotIdx=0
09-27 14:54:16.838  2249  2249 D QtiSubscriptionController: getPhoneId, received dummy subId 2147483643
09-27 14:54:16.839  2249  2249 D GsmCdmaPhone: mBroadcastReceiver: action android.telephony.action.CARRIER_CONFIG_CHANGED
09-27 14:54:16.865  2249  2249 I CSST    : reading time to delay notification: -1
09-27 14:54:16.868  2249  2565 D SubscriptionController: [getActiveSubscriptionInfo]+ subId=1 subInfo={id=1, iccId=898600120917 simSlotIndex=1 displayName=CMCC carrierName=CMCC nameSource=0 iconTint=-16746133 dataRoaming=0 iconBitmap=android.graphics.Bitmap@bbfd884 mcc 460 mnc 2}
09-27 14:54:16.879  2249  3181 D SubscriptionController: [getSubId]- numSubIds == 0, return DummySubIds slotIdx=0
09-27 14:54:16.882  2249  2249 D ImsPhoneCallTracker: [ImsPhoneCallTracker] No carrier ImsReasonInfo mappings defined.
09-27 14:54:16.882  2249  2249 D ImsPhoneCallTracker: [ImsPhoneCallTracker] onReceive : Updating mAllowEmergencyVideoCalls = false
09-27 14:54:16.882  2249  2249 D SST     : SubscriptionListener.onSubscriptionInfoChanged
09-27 14:54:16.882  2249  2249 D SubscriptionController: [getSubId]- numSubIds == 0, return DummySubIds slotIdx=0
09-27 14:54:16.883  2249  2249 D QtiGsmDCT: [0]SubscriptionListener.onSubscriptionInfoChanged
09-27 14:54:16.883  2249  2249 D SubscriptionController: [getSubId]- numSubIds == 0, return DummySubIds slotIdx=0
09-27 14:54:16.884  2249  2249 D SST     : SubscriptionListener.onSubscriptionInfoChanged
09-27 14:54:16.884  2249  2249 D QtiGsmDCT: [1]SubscriptionListener.onSubscriptionInfoChanged
09-27 14:54:16.904  2249  2249 D PhoneSwitcher: handle event - 102
09-27 14:54:16.905  2249  2249 D SubscriptionController: [getSubId]- numSubIds == 0, return DummySubIds slotIdx=0
09-27 14:54:16.905  2249  2249 D PhoneSwitcher: isUiccProvisioned = true
09-27 14:54:16.905  2249  2249 D PhoneSwitcher: Broadcast network specifier set intent
09-27 14:54:16.930  2249  2249 D SubscriptionController: [getSubId]- numSubIds == 0, return DummySubIds slotIdx=0
09-27 14:54:16.967  2249  2249 D SubscriptionController: [getSubId]- numSubIds == 0, return DummySubIds slotIdx=0
09-27 14:54:16.971  2249  2564 D SubscriptionController: [getActiveSubscriptionInfo]+ subId=1 subInfo={id=1, iccId=898600120917 simSlotIndex=1 displayName=CMCC carrierName=CMCC nameSource=0 iconTint=-16746133 dataRoaming=0 iconBitmap=android.graphics.Bitmap@1e4fb87 mcc 460 mnc 2}
09-27 14:54:16.977  2249  2262 D SubscriptionController: [getSubId]- numSubIds == 0, return DummySubIds slotIdx=0
09-27 14:54:17.009  2249  2565 D SubscriptionController: [getActiveSubscriptionInfo]+ subId=1 subInfo={id=1, iccId=898600120917 simSlotIndex=1 displayName=CMCC carrierName=CMCC nameSource=0 iconTint=-16746133 dataRoaming=0 iconBitmap=android.graphics.Bitmap@4df7e20 mcc 460 mnc 2}
09-27 14:54:17.012  2249  2249 D SubscriptionController: [getActiveSubscriptionInfo]+ subId=1 subInfo={id=1, iccId=898600120917 simSlotIndex=1 displayName=CMCC carrierName=CMCC nameSource=0 iconTint=-16746133 dataRoaming=0 iconBitmap=android.graphics.Bitmap@856a3d9 mcc 460 mnc 2}
09-27 14:54:17.015  2249  2331 D SubscriptionController: [getSubId]- numSubIds == 0, return DummySubIds slotIdx=0
09-27 14:54:17.054  2249  3181 D SubscriptionController: [getActiveSubscriptionInfo]+ subId=1 subInfo={id=1, iccId=898600120917 simSlotIndex=1 displayName=CMCC carrierName=CMCC nameSource=0 iconTint=-16746133 dataRoaming=0 iconBitmap=android.graphics.Bitmap@d8e5c4c mcc 460 mnc 2}
09-27 14:54:17.060  2249  2261 D SubscriptionController: [getSubId]- numSubIds == 0, return DummySubIds slotIdx=0
09-27 14:54:17.117  2249  2565 D SubscriptionController: [getActiveSubscriptionInfo]+ subId=1 subInfo={id=1, iccId=898600120917 simSlotIndex=1 displayName=CMCC carrierName=CMCC nameSource=0 iconTint=-16746133 dataRoaming=0 iconBitmap=android.graphics.Bitmap@98f399b mcc 460 mnc 2}
09-27 14:54:17.123  2249  2331 D SubscriptionController: [getSubId]- numSubIds == 0, return DummySubIds slotIdx=0
09-27 14:54:17.186  2249  2249 D SST     : SubscriptionListener.onSubscriptionInfoChanged
09-27 14:54:17.186  2249  2249 D SubscriptionController: [getSubId]- numSubIds == 0, return DummySubIds slotIdx=0
09-27 14:54:17.186  2249  2249 D QtiGsmDCT: [0]SubscriptionListener.onSubscriptionInfoChanged
09-27 14:54:17.187  2249  2249 D SubscriptionController: [getSubId]- numSubIds == 0, return DummySubIds slotIdx=0
09-27 14:54:17.190  2249  2249 D SST     : SubscriptionListener.onSubscriptionInfoChanged
09-27 14:54:17.191  2249  2249 D QtiGsmDCT: [1]SubscriptionListener.onSubscriptionInfoChanged
09-27 14:54:17.213  2249  2249 D PhoneSwitcher: handle event - 102
09-27 14:54:17.214  2249  2249 D SubscriptionController: [getSubId]- numSubIds == 0, return DummySubIds slotIdx=0
09-27 14:54:17.214  2249  2249 D PhoneSwitcher: isUiccProvisioned = true
09-27 14:54:17.215  2249  2249 D PhoneSwitcher: Broadcast network specifier set intent
09-27 14:54:17.239  2249  2249 D SubscriptionController: [getSubId]- numSubIds == 0, return DummySubIds slotIdx=0
09-27 14:54:17.315  2249  2249 D SubscriptionController: [getSubId]- numSubIds == 0, return DummySubIds slotIdx=0
09-27 14:54:17.348  2249  2249 D SubscriptionController: [getActiveSubscriptionInfo]+ subId=1 subInfo={id=1, iccId=898600120917 simSlotIndex=1 displayName=CMCC carrierName=CMCC nameSource=0 iconTint=-16746133 dataRoaming=0 iconBitmap=android.graphics.Bitmap@65eaf50 mcc 460 mnc 2}
09-27 14:54:17.508  2249  2249 D SubscriptionInfoUpdater: [Receiver]+
09-27 14:54:17.508  2249  2249 D SubscriptionInfoUpdater: Action: android.intent.action.SIM_STATE_CHANGED
09-27 14:54:17.508  2249  2249 D SubscriptionInfoUpdater: slotId: 1
09-27 14:54:17.508  2249  2249 D SubscriptionInfoUpdater: simStatus: LOADED
09-27 14:54:17.509  2249  2249 D SubscriptionInfoUpdater: Ignoring simStatus: LOADED
09-27 14:54:17.509  2249  2249 D SubscriptionInfoUpdater: [Receiver]-
09-27 14:54:17.509  2249  2249 D PhoneSwitcher: mSimStateIntentReceiver: phoneId = 1 value = LOADED
09-27 14:54:17.510  2249  2249 D PhoneSwitcher: SIM READY for phoneId: 1
09-27 14:54:17.512  2249  2249 D SubscriptionController: [getSubId]- numSubIds == 0, return DummySubIds slotIdx=0
09-27 14:54:17.538  2249  2249 D QtiGsmCdmaPhone: handleMessage: Event: 43
09-27 14:54:17.539  2249  2249 D RILJ    : [3862]> RIL_REQUEST_VOICE_RADIO_TECH [SUB1]
09-27 14:54:17.550  2249  2312 D RILJ    : [3862]< RIL_REQUEST_VOICE_RADIO_TECH {3} [SUB1]
09-27 14:54:17.576  2249  2249 D ImsManager: updateVolteFeatureValue: available = true, enabled = true, nonTTY = true
09-27 14:54:17.576  2249  2249 D ImsManager: getConfigInterface(), mConfig= com.android.ims.ImsConfig@9e251a2
09-27 14:54:17.576  2249  2249 D ImsConfig: setFeatureValue: feature = 0, network =13, value =1, listener =com.android.internal.telephony.imsphone.ImsPhoneCallTracker$5@a8bd15a
09-27 14:54:17.594   939  1023 I RILQ    : (1/939):RIL[1][event] qcril_qmi_imss_set_qipcall_config_resp_hdlr: ril_err: 0, qmi res: 0
09-27 14:54:17.641  2249  2249 D ImsManager: getWfcMode - setting=2
09-27 14:54:17.645  2249  2249 D ImsManager: updateWfcFeatureAndProvisionedValues: available = true, enabled = false, mode = 2, roaming = false
09-27 14:54:17.646  2249  2249 D ImsManager: getConfigInterface(), mConfig= com.android.ims.ImsConfig@9e251a2
09-27 14:54:17.646  2249  2249 D ImsConfig: setFeatureValue: feature = 2, network =18, value =0, listener =com.android.internal.telephony.imsphone.ImsPhoneCallTracker$5@a8bd15a
09-27 14:54:17.659   939  1023 I RILQ    : (1/939):RIL[1][event] qcril_qmi_imss_set_client_provisioning_config_resp_hdlr: ril_err: 0, qmi res: 0
09-27 14:54:17.668  2249  3728 D ImsManager: getConfigInterface(), mConfig= com.android.ims.ImsConfig@9e251a2
09-27 14:54:17.668  2249  3728 D ImsConfig: setProvisionedValue(): item = 26value = 0
09-27 14:54:17.670  2249  3728 D ImsConfig: setProvisionedValue(): item = 26 value = 0 ret = 1
09-27 14:54:17.673  2249  3727 D ImsManager: getConfigInterface(), mConfig= com.android.ims.ImsConfig@9e251a2
09-27 14:54:17.673  2249  3727 D ImsConfig: setProvisionedValue(): item = 27value = 1
09-27 14:54:17.685  2249  3727 D ImsConfig: setProvisionedValue(): item = 27 value = 1 ret = 0
09-27 14:54:17.688  2249  2249 D ImsManager: updateVideoCallFeatureValue: available = true, enabled = true, nonTTY = true, data enabled = true
09-27 14:54:17.688  2249  2249 D ImsManager: getConfigInterface(), mConfig= com.android.ims.ImsConfig@9e251a2
09-27 14:54:17.688  2249  2249 D ImsConfig: setFeatureValue: feature = 1, network =13, value =1, listener =com.android.internal.telephony.imsphone.ImsPhoneCallTracker$5@a8bd15a
09-27 14:54:17.694  2249  2249 D ImsManager: updateImsServiceConfig: turnOnIms
09-27 14:54:17.699   939  1023 I RILQ    : (1/939):RIL[1][event] qcril_qmi_imss_set_qipcall_config_resp_hdlr: ril_err: 0, qmi res: 0
09-27 14:54:17.699  2249  2249 D GsmCdmaPhone: [GsmCdmaPhone] broadcastEmergencyCallStateChanges = false
09-27 14:54:17.702  2249  2249 E GsmCdmaPhone: [GsmCdmaPhone] Invalid cdma_roaming_mode settings: -1
09-27 14:54:17.702  2249  2249 D EriManager: loadEriFileFromXml: check for alternate file
09-27 14:54:17.703  2249  2249 D EriManager: loadEriFileFromXml: no alternate file
09-27 14:54:17.707  2249  2249 D EriManager: eriFile = eri.xml
09-27 14:54:17.717  2249  2249 D EriManager: loadEriFileFromXml: eri parsing successful, file loaded. ver = 1357, # of entries = 176
09-27 14:54:17.717  2249  2249 D GsmCdmaPhone: [GsmCdmaPhone] ERI read, notify registrants
09-27 14:54:17.729   939  1023 I RILQ    : (1/939):RIL[1][event] qcril_qmi_imss_set_reg_mgr_config_resp_hdlr: ril_err: 0, qmi res: 0
09-27 14:54:17.805  2249  2249 D SIMRecords: [SIMRecords] getServiceProviderName: no brandOverride, providerName=China Mobile
09-27 14:54:17.805  2249  2249 D TelephonyManager: setTelephonyProperty: success phoneId=1 property=gsm.sim.operator.alpha value: China Mobile propVal=,China Mobile
09-27 14:54:17.845  2249  2249 D SubscriptionController: [getActiveSubscriptionInfo]+ subId=1 subInfo={id=1, iccId=898600120917 simSlotIndex=1 displayName=CMCC carrierName=CMCC nameSource=0 iconTint=-16746133 dataRoaming=0 iconBitmap=android.graphics.Bitmap@53331b2 mcc 460 mnc 2}
09-27 14:54:17.846  2249  2249 D SIMRecords: [SIMRecords] sim name[1] = China Mobile
09-27 14:54:17.846  2249  2249 D SubscriptionController: [setDisplayName]+  displayName:China Mobile subId:1 nameSource:-1
09-27 14:54:17.849  2249  2249 D SubscriptionController: validateSubId subId: 1
09-27 14:54:17.849  2249  2249 D SubscriptionController: [setDisplayName]- mDisplayName:China Mobile set
09-27 14:54:17.877  2249  2249 D SubscriptionController: notifySubscriptionInfoChanged:
09-27 14:54:17.890  2249  2262 D SubscriptionController: [getSubId]- numSubIds == 0, return DummySubIds slotIdx=0
09-27 14:54:18.125  2249  2249 D SubscriptionController: [getActiveSubscriptionInfo]+ subId=1 subInfo={id=1, iccId=898600120917 simSlotIndex=1 displayName=China Mobile carrierName=CMCC nameSource=0 iconTint=-16746133 dataRoaming=0 iconBitmap=android.graphics.Bitmap@8b1a17b mcc 460 mnc 2}
09-27 14:54:18.251  2249  2249 D GsmCdmaPhone: mBroadcastReceiver: action android.telephony.action.CARRIER_CONFIG_CHANGED
09-27 14:54:18.261  2249  2249 I CSST    : reading time to delay notification: -1
09-27 14:54:18.265  2249  2249 D SubscriptionController: [getSubId]- numSubIds == 0, return DummySubIds slotIdx=0
09-27 14:54:18.271  2249  2249 D QtiSubscriptionController: getPhoneId, received dummy subId 2147483643
09-27 14:54:18.272  2249  2249 D GsmCdmaPhone: mBroadcastReceiver: action android.telephony.action.CARRIER_CONFIG_CHANGED
09-27 14:54:18.280  2249  2249 I CSST    : reading time to delay notification: -1
09-27 14:54:18.283  2249  2249 D QtiGsmCdmaPhone: handleMessage: Event: 40
09-27 14:54:18.283  2249  2249 D GsmCdmaPhone: [GsmCdmaPhone] EVENT_REQUEST_VOICE_RADIO_TECH_DONE: newVoiceTech=3
09-27 14:54:18.283  2249  2249 D GsmCdmaPhone: [GsmCdmaPhone] phoneObjectUpdater: newVoiceRadioTech=3
09-27 14:54:18.283  2249  2249 D GsmCdmaPhone: [GsmCdmaPhone] phoneObjectUpdater: No change ignore, newVoiceRadioTech=3 mActivePhone=GSM
09-27 14:54:18.283  2249  2249 D SST     : SubscriptionListener.onSubscriptionInfoChanged
09-27 14:54:18.283  2249  2249 D SubscriptionController: [getSubId]- numSubIds == 0, return DummySubIds slotIdx=0
09-27 14:54:18.283  2249  2249 D QtiGsmDCT: [0]SubscriptionListener.onSubscriptionInfoChanged
09-27 14:54:18.283  2249  2249 D SubscriptionController: [getSubId]- numSubIds == 0, return DummySubIds slotIdx=0
09-27 14:54:18.284  2249  2249 D SST     : SubscriptionListener.onSubscriptionInfoChanged
09-27 14:54:18.284  2249  2249 D QtiGsmDCT: [1]SubscriptionListener.onSubscriptionInfoChanged
09-27 14:54:18.296  2249  2332 D SubscriptionController: [getActiveSubscriptionInfo]+ subId=1 subInfo={id=1, iccId=898600120917 simSlotIndex=1 displayName=China Mobile carrierName=CMCC nameSource=0 iconTint=-16746133 dataRoaming=0 iconBitmap=android.graphics.Bitmap@ff415b0 mcc 460 mnc 2}
09-27 14:54:18.299  2249  2249 D PhoneSwitcher: handle event - 102
09-27 14:54:18.300  2249  2249 D SubscriptionController: [getSubId]- numSubIds == 0, return DummySubIds slotIdx=0
09-27 14:54:18.300  2249  2249 D PhoneSwitcher: isUiccProvisioned = true
09-27 14:54:18.301  2249  2249 D PhoneSwitcher: Broadcast network specifier set intent
09-27 14:54:18.301  2249  3181 D SubscriptionController: [getSubId]- numSubIds == 0, return DummySubIds slotIdx=0
09-27 14:54:18.317  2249  2249 D SubscriptionController: [getSubId]- numSubIds == 0, return DummySubIds slotIdx=0
09-27 14:54:18.331  2249  2331 D SubscriptionController: [getActiveSubscriptionInfo]+ subId=1 subInfo={id=1, iccId=898600120917 simSlotIndex=1 displayName=China Mobile carrierName=CMCC nameSource=0 iconTint=-16746133 dataRoaming=0 iconBitmap=android.graphics.Bitmap@49d41e5 mcc 460 mnc 2}
09-27 14:54:18.336  2249  2565 D SubscriptionController: [getSubId]- numSubIds == 0, return DummySubIds slotIdx=0
09-27 14:54:18.365  2249  2564 D SubscriptionController: [getActiveSubscriptionInfo]+ subId=1 subInfo={id=1, iccId=898600120917 simSlotIndex=1 displayName=China Mobile carrierName=CMCC nameSource=0 iconTint=-16746133 dataRoaming=0 iconBitmap=android.graphics.Bitmap@9b0b286 mcc 460 mnc 2}
09-27 14:54:18.375  2249  2262 D SubscriptionController: [getSubId]- numSubIds == 0, return DummySubIds slotIdx=0
09-27 14:54:18.386  2249  2249 D SubscriptionController: [getSubId]- numSubIds == 0, return DummySubIds slotIdx=0
09-27 14:54:18.422  2249  2249 D SubscriptionController: [getActiveSubscriptionInfo]+ subId=1 subInfo={id=1, iccId=898600120917 simSlotIndex=1 displayName=China Mobile carrierName=CMCC nameSource=0 iconTint=-16746133 dataRoaming=0 iconBitmap=android.graphics.Bitmap@f7ac89d mcc 460 mnc 2}
09-27 14:54:18.448  2249  3181 D SubscriptionController: [getPhoneId]- subId=0 not found return default phoneId=0
09-27 14:54:18.450  2249  2331 D SubscriptionController: [getPhoneId]- subId=0 not found return default phoneId=0
09-27 14:54:18.527  2249  2249 D SipService: SipService: started!
09-27 14:54:18.536  2249  2249 D SipService: start:
09-27 14:54:18.766  2249  2249 D QtiGsmCdmaPhone: handleMessage: Event: 43
09-27 14:54:18.767  2249  2249 D RILJ    : [3863]> RIL_REQUEST_VOICE_RADIO_TECH [SUB0]
09-27 14:54:18.774  2249  2308 D RILJ    : [3863]< RIL_REQUEST_VOICE_RADIO_TECH {3} [SUB0]
09-27 14:54:18.783  2249  2249 D ImsManager: updateVolteFeatureValue: available = true, enabled = true, nonTTY = true
09-27 14:54:18.783  2249  2249 D ImsManager: getConfigInterface(), mConfig= com.android.ims.ImsConfig@6c87a3f
09-27 14:54:18.783  2249  2249 D ImsConfig: setFeatureValue: feature = 0, network =13, value =1, listener =com.android.internal.telephony.imsphone.ImsPhoneCallTracker$5@5119ad1
09-27 14:54:18.790   939  1023 I RILQ    : (1/939):RIL[1][event] qcril_qmi_imss_set_qipcall_config_resp_hdlr: ril_err: 0, qmi res: 0
09-27 14:54:18.822  2249  2249 D ImsManager: getWfcMode - setting=2
09-27 14:54:18.828  2249  2249 D ImsManager: updateWfcFeatureAndProvisionedValues: available = true, enabled = false, mode = 2, roaming = false
09-27 14:54:18.828  2249  2249 D ImsManager: getConfigInterface(), mConfig= com.android.ims.ImsConfig@6c87a3f
09-27 14:54:18.828  2249  2249 D ImsConfig: setFeatureValue: feature = 2, network =18, value =0, listener =com.android.internal.telephony.imsphone.ImsPhoneCallTracker$5@5119ad1
09-27 14:54:18.835   939  1023 I RILQ    : (1/939):RIL[1][event] qcril_qmi_imss_set_client_provisioning_config_resp_hdlr: ril_err: 0, qmi res: 0
09-27 14:54:18.837  2249  3771 D ImsManager: getConfigInterface(), mConfig= com.android.ims.ImsConfig@9e251a2
09-27 14:54:18.837  2249  3771 D ImsConfig: setProvisionedValue(): item = 27value = 1
09-27 14:54:18.838  2249  3772 D ImsManager: getConfigInterface(), mConfig= com.android.ims.ImsConfig@9e251a2
09-27 14:54:18.838  2249  3772 D ImsConfig: setProvisionedValue(): item = 26value = 0
09-27 14:54:18.840  2249  3772 D ImsConfig: setProvisionedValue(): item = 26 value = 0 ret = 1
09-27 14:54:18.851  2249  2249 D ImsManager: updateVideoCallFeatureValue: available = true, enabled = true, nonTTY = true, data enabled = true
09-27 14:54:18.852  2249  2249 D ImsManager: getConfigInterface(), mConfig= com.android.ims.ImsConfig@6c87a3f
09-27 14:54:18.852  2249  2249 D ImsConfig: setFeatureValue: feature = 1, network =13, value =1, listener =com.android.internal.telephony.imsphone.ImsPhoneCallTracker$5@5119ad1
09-27 14:54:18.852  2249  3771 D ImsConfig: setProvisionedValue(): item = 27 value = 1 ret = 0
09-27 14:54:18.858  2249  2249 D ImsManager: updateImsServiceConfig: turnOnIms
09-27 14:54:18.862  2249  2249 D SubscriptionController: [getSubId]- numSubIds == 0, return DummySubIds slotIdx=0
09-27 14:54:18.865   939  1023 I RILQ    : (1/939):RIL[1][event] qcril_qmi_imss_set_qipcall_config_resp_hdlr: ril_err: 0, qmi res: 0
09-27 14:54:18.866  2249  2249 D QtiSubscriptionController: getPhoneId, received dummy subId 2147483643
09-27 14:54:18.866  2249  2249 D GsmCdmaPhone: [GsmCdmaPhone] broadcastEmergencyCallStateChanges = false
09-27 14:54:18.866  2249  2249 E GsmCdmaPhone: [GsmCdmaPhone] Invalid cdma_roaming_mode settings: -1
09-27 14:54:18.866  2249  2249 D EriManager: loadEriFileFromXml: check for alternate file
09-27 14:54:18.866   939  1023 I RILQ    : (1/939):RIL[1][event] qcril_qmi_imss_set_reg_mgr_config_resp_hdlr: ril_err: 0, qmi res: 0
09-27 14:54:18.867  2249  2249 D EriManager: loadEriFileFromXml: no alternate file
09-27 14:54:18.867  2249  2249 D SubscriptionController: [getSubId]- numSubIds == 0, return DummySubIds slotIdx=0
09-27 14:54:18.873  2249  2249 D QtiSubscriptionController: getPhoneId, received dummy subId 2147483643
09-27 14:54:18.874  2249  2249 D EriManager: eriFile = eri.xml
09-27 14:54:18.881  2249  2249 D EriManager: loadEriFileFromXml: eri parsing successful, file loaded. ver = 1357, # of entries = 176
09-27 14:54:18.881  2249  2249 D GsmCdmaPhone: [GsmCdmaPhone] ERI read, notify registrants
09-27 14:54:18.882  2249  2249 D GsmCdmaPhone: mBroadcastReceiver: action android.telephony.action.CARRIER_CONFIG_CHANGED
09-27 14:54:18.892  2249  2249 I CSST    : reading time to delay notification: -1
09-27 14:54:18.893  2249  2249 D SubscriptionController: [getSubId]- numSubIds == 0, return DummySubIds slotIdx=0
09-27 14:54:18.896  2249  2249 D QtiSubscriptionController: getPhoneId, received dummy subId 2147483643
09-27 14:54:18.896  2249  2249 D GsmCdmaPhone: mBroadcastReceiver: action android.telephony.action.CARRIER_CONFIG_CHANGED
09-27 14:54:18.903  2249  2249 I CSST    : reading time to delay notification: -1
09-27 14:54:18.913  2249  2249 D ImsPhoneCallTracker: [ImsPhoneCallTracker] No carrier ImsReasonInfo mappings defined.
09-27 14:54:18.913  2249  2249 D ImsPhoneCallTracker: [ImsPhoneCallTracker] onReceive : Updating mAllowEmergencyVideoCalls = false
09-27 14:54:18.918  2249  2249 D SIMRecords: [SIMRecords] getServiceProviderName: no brandOverride, providerName=China Mobile
09-27 14:54:18.919  2249  2249 D TelephonyManager: setTelephonyProperty: success phoneId=1 property=gsm.sim.operator.alpha value: China Mobile propVal=,China Mobile
09-27 14:54:18.944  2249  2249 D SubscriptionController: [getActiveSubscriptionInfo]+ subId=1 subInfo={id=1, iccId=898600120917 simSlotIndex=1 displayName=China Mobile carrierName=CMCC nameSource=0 iconTint=-16746133 dataRoaming=0 iconBitmap=android.graphics.Bitmap@fabd309 mcc 460 mnc 2}
09-27 14:54:18.979  2249  2249 D SubscriptionController: [getActiveSubscriptionInfo]+ subId=1 subInfo={id=1, iccId=898600120917 simSlotIndex=1 displayName=China Mobile carrierName=CMCC nameSource=0 iconTint=-16746133 dataRoaming=0 iconBitmap=android.graphics.Bitmap@5dff93c mcc 460 mnc 2}
09-27 14:54:19.272  2249  2249 D QtiGsmCdmaPhone: handleMessage: Event: 40
09-27 14:54:19.272  2249  2249 D GsmCdmaPhone: [GsmCdmaPhone] EVENT_REQUEST_VOICE_RADIO_TECH_DONE: newVoiceTech=3
09-27 14:54:19.272  2249  2249 D GsmCdmaPhone: [GsmCdmaPhone] phoneObjectUpdater: newVoiceRadioTech=3
09-27 14:54:19.272  2249  2249 D GsmCdmaPhone: [GsmCdmaPhone] phoneObjectUpdater: No change ignore, newVoiceRadioTech=3 mActivePhone=GSM
09-27 14:54:19.272  2249  2249 D QtiGsmCdmaPhone: handleMessage: Event: 43
09-27 14:54:19.273  2249  2249 D RILJ    : [3864]> RIL_REQUEST_VOICE_RADIO_TECH [SUB1]
09-27 14:54:19.278  2249  2312 D RILJ    : [3864]< RIL_REQUEST_VOICE_RADIO_TECH {3} [SUB1]
09-27 14:54:19.290  2249  2249 D ImsManager: updateVolteFeatureValue: available = true, enabled = true, nonTTY = true
09-27 14:54:19.291  2249  2249 D ImsManager: getConfigInterface(), mConfig= com.android.ims.ImsConfig@9e251a2
09-27 14:54:19.291  2249  2249 D ImsConfig: setFeatureValue: feature = 0, network =13, value =1, listener =com.android.internal.telephony.imsphone.ImsPhoneCallTracker$5@a8bd15a
09-27 14:54:19.298   939  1023 I RILQ    : (1/939):RIL[1][event] qcril_qmi_imss_set_qipcall_config_resp_hdlr: ril_err: 0, qmi res: 0
09-27 14:54:19.324  2249  2249 D ImsManager: getWfcMode - setting=2
09-27 14:54:19.326  2249  2249 D ImsManager: updateWfcFeatureAndProvisionedValues: available = true, enabled = false, mode = 2, roaming = false
09-27 14:54:19.326  2249  2249 D ImsManager: getConfigInterface(), mConfig= com.android.ims.ImsConfig@9e251a2
09-27 14:54:19.326  2249  2249 D ImsConfig: setFeatureValue: feature = 2, network =18, value =0, listener =com.android.internal.telephony.imsphone.ImsPhoneCallTracker$5@a8bd15a
09-27 14:54:19.339  2249  3780 D ImsManager: getConfigInterface(), mConfig= com.android.ims.ImsConfig@9e251a2
09-27 14:54:19.339  2249  3780 D ImsConfig: setProvisionedValue(): item = 26value = 0
09-27 14:54:19.340  2249  3779 D ImsManager: getConfigInterface(), mConfig= com.android.ims.ImsConfig@9e251a2
09-27 14:54:19.340  2249  3779 D ImsConfig: setProvisionedValue(): item = 27value = 1
09-27 14:54:19.341   939  1023 I RILQ    : (1/939):RIL[1][event] qcril_qmi_imss_set_client_provisioning_config_resp_hdlr: ril_err: 0, qmi res: 0
09-27 14:54:19.341  2249  3780 D ImsConfig: setProvisionedValue(): item = 26 value = 0 ret = 1
09-27 14:54:19.343  2249  2249 D ImsManager: updateVideoCallFeatureValue: available = true, enabled = true, nonTTY = true, data enabled = true
09-27 14:54:19.343  2249  2249 D ImsManager: getConfigInterface(), mConfig= com.android.ims.ImsConfig@9e251a2
09-27 14:54:19.343  2249  2249 D ImsConfig: setFeatureValue: feature = 1, network =13, value =1, listener =com.android.internal.telephony.imsphone.ImsPhoneCallTracker$5@a8bd15a
09-27 14:54:19.346  2249  2249 D ImsManager: updateImsServiceConfig: turnOnIms
09-27 14:54:19.350  2249  2249 D GsmCdmaPhone: [GsmCdmaPhone] broadcastEmergencyCallStateChanges = false
09-27 14:54:19.350  2249  2249 E GsmCdmaPhone: [GsmCdmaPhone] Invalid cdma_roaming_mode settings: -1
09-27 14:54:19.350  2249  2249 D EriManager: loadEriFileFromXml: check for alternate file
09-27 14:54:19.351  2249  2249 D EriManager: loadEriFileFromXml: no alternate file
09-27 14:54:19.354  2249  2249 D EriManager: eriFile = eri.xml
09-27 14:54:19.355   939  1023 I RILQ    : (1/939):RIL[1][event] qcril_qmi_imss_set_qipcall_config_resp_hdlr: ril_err: 0, qmi res: 0
09-27 14:54:19.357   939  1023 I RILQ    : (1/939):RIL[1][event] qcril_qmi_imss_set_reg_mgr_config_resp_hdlr: ril_err: 0, qmi res: 0
09-27 14:54:19.359  2249  2249 D EriManager: loadEriFileFromXml: eri parsing successful, file loaded. ver = 1357, # of entries = 176
09-27 14:54:19.359  2249  2249 D GsmCdmaPhone: [GsmCdmaPhone] ERI read, notify registrants
09-27 14:54:19.360  2249  3779 D ImsConfig: setProvisionedValue(): item = 27 value = 1 ret = 0
09-27 14:54:19.363  2249  2249 D SIMRecords: [SIMRecords] getServiceProviderName: no brandOverride, providerName=China Mobile
09-27 14:54:19.363  2249  2249 D TelephonyManager: setTelephonyProperty: success phoneId=1 property=gsm.sim.operator.alpha value: China Mobile propVal=,China Mobile
09-27 14:54:19.402  2249  2249 D SubscriptionController: [getActiveSubscriptionInfo]+ subId=1 subInfo={id=1, iccId=898600120917 simSlotIndex=1 displayName=China Mobile carrierName=CMCC nameSource=0 iconTint=-16746133 dataRoaming=0 iconBitmap=android.graphics.Bitmap@5f07cc3 mcc 460 mnc 2}
09-27 14:54:19.424  2249  2249 D QtiGsmCdmaPhone: handleMessage: Event: 40
09-27 14:54:19.424  2249  2249 D GsmCdmaPhone: [GsmCdmaPhone] EVENT_REQUEST_VOICE_RADIO_TECH_DONE: newVoiceTech=3
09-27 14:54:19.424  2249  2249 D GsmCdmaPhone: [GsmCdmaPhone] phoneObjectUpdater: newVoiceRadioTech=3
09-27 14:54:19.424  2249  2249 D GsmCdmaPhone: [GsmCdmaPhone] phoneObjectUpdater: No change ignore, newVoiceRadioTech=3 mActivePhone=GSM
09-27 14:54:19.427  2249  2249 D CAT     : com.android.stk.BootCompletedReceiver: [ACTION_BOOT_COMPLETED]
09-27 14:54:19.428  2249  2249 D CAT     : com.android.stk.StkAppService: onStart sim id: 0, op: 5, *****
09-27 14:54:19.428  2249  2249 D CAT     : com.android.stk.StkAppService: mStkService is: -1
09-27 14:54:19.432  2249  3557 D CAT     : com.android.stk.StkAppService: handleMessage opcode[5], sim id[0]
09-27 14:54:19.432  2249  3557 D CAT     : com.android.stk.StkAppService:  OP_BOOT_COMPLETED
09-27 14:54:19.432  2249  3557 D CAT     : StkAppInstaller: [setAppState]+
09-27 14:54:19.434  2249  3557 D CAT     : StkAppInstaller: Change app state[false]
09-27 14:54:19.435  2249  3557 D CAT     : StkAppInstaller: [setAppState]-
09-27 14:54:21.232  2249  2249 D RILJ    : [3865]> SIGNAL_STRENGTH [SUB1]
09-27 14:54:21.237  2249  2312 D RILJ    : [3865]< SIGNAL_STRENGTH SignalStrength: 99 0 -1 -1 -1 -1 -1 22 94 5 216 2147483647 2147483647 gsm|lte [SUB1]
09-27 14:54:22.723  2249  2565 D SubscriptionController: [getPhoneId] asked for default subId=1
09-27 14:54:23.033  2249  2332 D SubscriptionController: [getActiveSubInfoCount]+
09-27 14:54:23.091  2249  2332 D SubscriptionController: [getActiveSubInfoCount]- count: 1
09-27 14:54:23.155  2249  2331 D SubscriptionController: [getActiveSubscriptionInfo]+ subId=1 subInfo={id=1, iccId=898600120917 simSlotIndex=1 displayName=China Mobile carrierName=CMCC nameSource=0 iconTint=-16746133 dataRoaming=0 iconBitmap=android.graphics.Bitmap@fd4221f mcc 460 mnc 2}
09-27 14:54:23.335  2249  3181 D SubscriptionController: [getActiveSubscriptionInfo]+ subId=1 subInfo={id=1, iccId=898600120917 simSlotIndex=1 displayName=China Mobile carrierName=CMCC nameSource=0 iconTint=-16746133 dataRoaming=0 iconBitmap=android.graphics.Bitmap@a4c1bed mcc 460 mnc 2}
09-27 14:54:23.412  2249  2262 D SubscriptionController: [getActiveSubscriptionInfo]+ subId=1 subInfo={id=1, iccId=898600120917 simSlotIndex=1 displayName=China Mobile carrierName=CMCC nameSource=0 iconTint=-16746133 dataRoaming=0 iconBitmap=android.graphics.Bitmap@4db89e9 mcc 460 mnc 2}
09-27 14:54:23.812  2249  3181 D SubscriptionController: [getActiveSubscriptionInfo]+ subId=1 subInfo={id=1, iccId=898600120917 simSlotIndex=1 displayName=China Mobile carrierName=CMCC nameSource=0 iconTint=-16746133 dataRoaming=0 iconBitmap=android.graphics.Bitmap@bd9dba5 mcc 460 mnc 2}
09-27 14:54:23.878  2249  2564 D SubscriptionController: [getActiveSubscriptionInfo]+ subId=1 subInfo={id=1, iccId=898600120917 simSlotIndex=1 displayName=China Mobile carrierName=CMCC nameSource=0 iconTint=-16746133 dataRoaming=0 iconBitmap=android.graphics.Bitmap@6c26f2b mcc 460 mnc 2}
09-27 14:54:24.325  2249  2331 D SubscriptionController: [getActiveSubscriptionInfo]+ subId=1 subInfo={id=1, iccId=898600120917 simSlotIndex=1 displayName=China Mobile carrierName=CMCC nameSource=0 iconTint=-16746133 dataRoaming=0 iconBitmap=android.graphics.Bitmap@fb18d21 mcc 460 mnc 2}
09-27 14:54:24.340  2249  2565 D SubscriptionController: [getActiveSubscriptionInfo]+ subId=1 subInfo={id=1, iccId=898600120917 simSlotIndex=1 displayName=China Mobile carrierName=CMCC nameSource=0 iconTint=-16746133 dataRoaming=0 iconBitmap=android.graphics.Bitmap@376d307 mcc 460 mnc 2}
09-27 14:54:24.366  2249  3218 D SubscriptionController: [getActiveSubscriptionInfo]+ subId=1 subInfo={id=1, iccId=898600120917 simSlotIndex=1 displayName=China Mobile carrierName=CMCC nameSource=0 iconTint=-16746133 dataRoaming=0 iconBitmap=android.graphics.Bitmap@2f8da5d mcc 460 mnc 2}
09-27 14:54:24.502  2249  2564 D SubscriptionController: [getPhoneId] asked for default subId=1
09-27 14:54:24.611  2249  2331 D SubscriptionController: [getActiveSubscriptionInfo]+ subId=1 subInfo={id=1, iccId=898600120917 simSlotIndex=1 displayName=China Mobile carrierName=CMCC nameSource=0 iconTint=-16746133 dataRoaming=0 iconBitmap=android.graphics.Bitmap@82398a3 mcc 460 mnc 2}
09-27 14:54:24.627  2249  2262 D SubscriptionController: [getActiveSubscriptionInfo]+ subId=1 subInfo={id=1, iccId=898600120917 simSlotIndex=1 displayName=China Mobile carrierName=CMCC nameSource=0 iconTint=-16746133 dataRoaming=0 iconBitmap=android.graphics.Bitmap@16dbf59 mcc 460 mnc 2}
09-27 14:54:24.644  2249  2565 D SubscriptionController: [getActiveSubscriptionInfo]+ subId=1 subInfo={id=1, iccId=898600120917 simSlotIndex=1 displayName=China Mobile carrierName=CMCC nameSource=0 iconTint=-16746133 dataRoaming=0 iconBitmap=android.graphics.Bitmap@74d1bff mcc 460 mnc 2}
09-27 14:54:24.665  2249  2332 D SubscriptionController: [getActiveSubscriptionInfo]+ subId=1 subInfo={id=1, iccId=898600120917 simSlotIndex=1 displayName=China Mobile carrierName=CMCC nameSource=0 iconTint=-16746133 dataRoaming=0 iconBitmap=android.graphics.Bitmap@ab1f815 mcc 460 mnc 2}
09-27 14:54:28.025  2249  2249 D QtiGsmDCT: [0]NETWORK_STATE_CHANGED_ACTION: mIsWifiConnected=false
09-27 14:54:28.026  2249  2249 D QtiGsmDCT: [1]NETWORK_STATE_CHANGED_ACTION: mIsWifiConnected=false
09-27 14:54:28.809  2249  2249 D QtiGsmDCT: [0]NETWORK_STATE_CHANGED_ACTION: mIsWifiConnected=false
09-27 14:54:28.810  2249  2249 D QtiGsmDCT: [1]NETWORK_STATE_CHANGED_ACTION: mIsWifiConnected=false
09-27 14:54:28.863  2249  2249 D RILJ    : [3866]> RIL_REQUEST_GET_ACTIVITY_INFO [SUB0]
09-27 14:54:28.873  2249  2308 D RILJ    : Modem activity info received: sleepModeTimeMs=41666 idleModeTimeMs=3402 txModeTimeMs[]=[864, 111, 148, 12, 117] rxModeTimeMs=11921 [SUB0]
09-27 14:54:28.875  2249  2308 D RILJ    : [3866]< RIL_REQUEST_GET_ACTIVITY_INFO ModemActivityInfo{ mTimestamp=75354 mSleepTimeMs=41666 mIdleTimeMs=3402 mTxTimeMs[]=[864, 111, 148, 12, 117] mRxTimeMs=11921 mEnergyUsed=0} [SUB0]
09-27 14:54:30.944  2249  2261 D RILJ    : [3867]> RIL_REQUEST_GET_CELL_INFO_LIST [SUB0]
