09-27 14:54:07.665  2249  2249 D SubscriptionInfoUpdater: slotId: 0
09-27 14:54:07.665  2249  2249 D SubscriptionInfoUpdater: simStatus: ABSENT
09-27 14:54:07.665  2249  2249 D SubscriptionInfoUpdater: [Receiver]-
09-27 14:54:07.665  2249  2249 D PhoneSwitcher: mSimStateIntentReceiver: phoneId = 0 value = ABSENT
09-27 14:54:07.666  2249  2249 D RILJ    : [3805]> OPERATOR [SUB1]
09-27 14:54:07.680  2249  2249 D RILJ    : [3806]> DATA_REGISTRATION_STATE [SUB1]
09-27 14:54:07.682  2249  2249 D RILJ    : [3807]> VOICE_REGISTRATION_STATE [SUB1]
09-27 14:54:07.686  2249  2249 D RILJ    : [3808]> QUERY_NETWORK_SELECTION_MODE [SUB1]
09-27 14:54:07.687  2249  2249 D SIMRecords: [SIMRecords] IMSI: mMncLength=-1
09-27 14:54:07.688  2249  2249 D SIMRecords: [SIMRecords] IMSI: 460028[vzM4Z8mTzRDE9Q9IftrTQpozr-g]
09-27 14:54:07.688  2249  2249 D SIMRecords: [SIMRecords] onRecordLoaded 19 requested: true
09-27 14:54:07.689  2249  2249 D SubscriptionInfoUpdater: [Receiver]+
09-27 14:54:07.689  2249  2249 D SubscriptionInfoUpdater: Action: android.intent.action.SIM_STATE_CHANGED
09-27 14:54:07.689  2249  2249 D SubscriptionInfoUpdater: slotId: 1
09-27 14:54:07.689  2249  2249 D SubscriptionInfoUpdater: simStatus: READY
09-27 14:54:07.689  2249  2249 D SubscriptionInfoUpdater: Ignoring simStatus: READY
09-27 14:54:07.689  2249  2249 D SubscriptionInfoUpdater: [Receiver]-
09-27 14:54:07.689  2249  2249 D PhoneSwitcher: mSimStateIntentReceiver: phoneId = 1 value = READY
09-27 14:54:07.691  2249  2249 D PhoneSwitcher: SIM READY for phoneId: 1
09-27 14:54:07.692  2249  2312 D RILJ    : [3807]< VOICE_REGISTRATION_STATE {1, 18c2, 01a3f021, 14, null, null, null, 0, null, null, 1, null, null, 0, null} [SUB1]
09-27 14:54:07.693  2249  2312 D RILJ    : [3805]< OPERATOR {CMCC, CMCC, 46000} [SUB1]
09-27 14:54:07.693  2249  2249 D RILJ    : [3809]> iccIO: SIM_IO 0xb0 0x2fe2  path: 3F00,0,0,10 aid: a0000000871002ff86ffff89ffffffff [SUB1]
09-27 14:54:07.694  2249  2312 D RILJ    : [3806]< DATA_REGISTRATION_STATE {1, null, 01a3f021, 14, null, 20, 6338, 429, 27521057, null, null} [SUB1]
09-27 14:54:07.695  2249  2312 D RILJ    : [3808]< QUERY_NETWORK_SELECTION_MODE {0} [SUB1]
09-27 14:54:07.696  2249  2249 D RILJ    : [3810]> iccIO: SIM_IO 0xb2 0x6f40  path: 3F007FFF,1,4,28 aid: a0000000871002ff86ffff89ffffffff [SUB1]
09-27 14:54:07.698  2249  2312 D RILJ    : [3809]< SIM_IO IccIoResult sw1:0x90 sw2:0x0 [SUB1]
09-27 14:54:07.700  2249  2249 D RILJ    : [3811]> iccIO: SIM_IO 0xb0 0x6fad  path: 3F007FFF,0,0,4 aid: a0000000871002ff86ffff89ffffffff [SUB1]
09-27 14:54:07.703  2249  2249 D UiccPkcs15: Creating UiccPkcs15
09-27 14:54:07.705  2249  2249 D RILJ    : [3812]> RIL_REQUEST_SIM_OPEN_CHANNEL [SUB1]
09-27 14:54:07.706  2249  2312 D RILJ    : [3811]< SIM_IO IccIoResult sw1:0x90 sw2:0x0 [SUB1]
09-27 14:54:07.709  2249  2249 D RILJ    : [3813]> iccIO: SIM_IO 0xb0 0x6f46  path: 3F007FFF,0,0,17 aid: a0000000871002ff86ffff89ffffffff [SUB1]
09-27 14:54:07.721  2249  2312 D RILJ    : [3810]< SIM_IO IccIoResult sw1:0x90 sw2:0x0 [SUB1]
09-27 14:54:07.731  2249  3108 D SmsBroadcastUndelivered: finished scanning raw table in 159 ms
09-27 14:54:07.733  2249  2249 D RILJ    : [3814]> iccIO: SIM_IO 0xb0 0x6f38  path: 3F007FFF,0,0,11 aid: a0000000871002ff86ffff89ffffffff [SUB1]
09-27 14:54:07.743  2249  2331 D SubscriptionController: [getPhoneId]- no sims, returning default phoneId=0
09-27 14:54:07.749  2249  2565 D SubscriptionController: [getPhoneId]- no sims, returning default phoneId=0
09-27 14:54:07.752  2249  2332 D QtiSubscriptionController: getPhoneId, received dummy subId 2147483643
09-27 14:54:07.756  2249  2565 D QtiSubscriptionController: getPhoneId, received dummy subId 2147483643
09-27 14:54:07.905  2249  2564 D SubscriptionController: [getActiveSubInfoList] Sub Controller not ready
09-27 14:54:07.911  2249  2249 D RILJ    : [3815]> iccIO: SIM_IO 0xb0 0x6f3e  path: 3F007FFF,0,0,4 aid: a0000000871002ff86ffff89ffffffff [SUB1]
09-27 14:54:07.914  2249  2249 D RILJ    : [3816]> iccIO: SIM_IO 0xb0 0x6f3f  path: 3F007FFF,0,0,4 aid: a0000000871002ff86ffff89ffffffff [SUB1]
09-27 14:54:07.914  2249  2312 D RILJ    : [3813]< SIM_IO IccIoResult sw1:0x90 sw2:0x0 [SUB1]
09-27 14:54:07.922  2249  2249 D RILJ    : [3817]> iccIO: SIM_IO 0xb0 0x6f60  path: 3F007FFF,0,0,400 aid: a0000000871002ff86ffff89ffffffff [SUB1]
09-27 14:54:07.924  2249  2249 D RILJ    : [3818]> iccIO: SIM_IO 0xb0 0x6f61  path: 3F007FFF,0,0,60 aid: a0000000871002ff86ffff89ffffffff [SUB1]
09-27 14:54:07.926  2249  2249 D RILJ    : [3819]> iccIO: SIM_IO 0xb0 0x6f62  path: 3F007FFF,0,0,15 aid: a0000000871002ff86ffff89ffffffff [SUB1]
09-27 14:54:07.928  2249  2249 D RILJ    : [3820]> iccIO: SIM_IO 0xb0 0x6fd9  path: 3F007FFF,0,0,12 aid: a0000000871002ff86ffff89ffffffff [SUB1]
09-27 14:54:07.928  2249  2312 D RILJ    : [3812]< RIL_REQUEST_SIM_OPEN_CHANNEL  [SUB1]
09-27 14:54:07.932  2249  2249 D RILJ    : [3821]> iccIO: SIM_IO 0xb0 0x6f7b  path: 3F007FFF,0,0,12 aid: a0000000871002ff86ffff89ffffffff [SUB1]
09-27 14:54:07.932  2249  2312 D RILJ    : [3814]< SIM_IO IccIoResult sw1:0x90 sw2:0x0 [SUB1]
09-27 14:54:07.933  2249  2249 D RILJ    : [3822]> iccIO: SIM_IO 0xb0 0x6f05  path: 3F007FFF,0,0,8 aid: a0000000871002ff86ffff89ffffffff [SUB1]
09-27 14:54:07.935  2249  2249 D QtiGsmDCT: [0]NETWORK_STATE_CHANGED_ACTION: mIsWifiConnected=false
09-27 14:54:07.936  2249  2249 D QtiGsmDCT: [1]NETWORK_STATE_CHANGED_ACTION: mIsWifiConnected=false
09-27 14:54:07.936  2249  2249 D RILJ    : [3823]> iccIO: SIM_IO 0xb0 0x2f05  path: 3F00,0,0,8 aid: a0000000871002ff86ffff89ffffffff [SUB1]
09-27 14:54:07.939  2249  2249 D QtiSubscriptionController: getPhoneId, received dummy subId 2147483643
09-27 14:54:07.940  2249  2249 D QtiSubscriptionController: getPhoneId, received dummy subId 2147483643
09-27 14:54:07.942  2249  2312 D RILJ    : [3817]< SIM_IO IccIoResult sw1:0x90 sw2:0x0 [SUB1]
09-27 14:54:07.942  2249  2312 D RILJ    : [3818]< SIM_IO IccIoResult sw1:0x90 sw2:0x0 [SUB1]
09-27 14:54:07.943  2249  2312 D RILJ    : [3819]< SIM_IO IccIoResult sw1:0x90 sw2:0x0 [SUB1]
09-27 14:54:07.943  2249  2312 D RILJ    : [3815]< SIM_IO IccIoResult sw1:0x90 sw2:0x0 [SUB1]
09-27 14:54:07.944  2249  2312 D RILJ    : [3821]< SIM_IO IccIoResult sw1:0x90 sw2:0x0 [SUB1]
09-27 14:54:07.944  2249  2312 D RILJ    : [3822]< SIM_IO IccIoResult sw1:0x90 sw2:0x0 [SUB1]
09-27 14:54:07.945  2249  2312 D RILJ    : [3823]< SIM_IO IccIoResult sw1:0x90 sw2:0x0 [SUB1]
09-27 14:54:07.947  2249  2249 D SubscriptionController: [getActiveSubInfoList] Sub Controller not ready
09-27 14:54:07.947  2249  2249 D SubscriptionController: [getActiveSubInfoForSubscriber]- subId=2147483643 subList=null subInfo=null
09-27 14:54:07.952  2249  2262 D SubscriptionController: [getPhoneId]- no sims, returning default phoneId=0
09-27 14:54:07.953  2249  2312 D RILJ    : [3816]< SIM_IO IccIoResult sw1:0x90 sw2:0x0 [SUB1]
09-27 14:54:07.953  2249  2249 D QtiSubscriptionController: getPhoneId, received dummy subId 2147483643
09-27 14:54:07.953  2249  2262 D RILJ    : [3824]> RIL_REQUEST_GET_CELL_INFO_LIST [SUB0]
09-27 14:54:07.966  2249  2312 D RILJ    : [3820]< SIM_IO IccIoResult sw1:0x90 sw2:0x0 [SUB1]
09-27 14:54:07.969  2249  2249 D QtiSubscriptionController: getPhoneId, received dummy subId 2147483643
09-27 14:54:07.970  2249  2308 D RilRequest: [3824]< RIL_REQUEST_GET_CELL_INFO_LIST error: com.android.internal.telephony.CommandException: SYSTEM_ERR ret=
09-27 14:54:07.972  2249  2249 D QtiSubscriptionController: getPhoneId, received dummy subId 2147483643
09-27 14:54:07.975  2249  2249 D QtiSubscriptionController: getPhoneId, received dummy subId 2147483643
09-27 14:54:07.980  2249  2249 D QtiSubscriptionController: getPhoneId, received dummy subId 2147483643
09-27 14:54:07.983  2249  2249 D QtiSubscriptionController: getPhoneId, received dummy subId 2147483643
09-27 14:54:08.021  2249  2261 D SubscriptionController: [getPhoneId]- no sims, returning default phoneId=0
09-27 14:54:08.024  2249  2331 D SubscriptionController: [getPhoneId]- no sims, returning default phoneId=0
09-27 14:54:08.037  2249  2332 D SubscriptionController: [getPhoneId]- no sims, returning default phoneId=0
09-27 14:54:08.039  2249  2249 D SST     : EVENT_POLL_STATE_NETWORK_SELECTION_MODE
09-27 14:54:08.040  2249  2249 D PhoneSwitcher: handle event - 110
09-27 14:54:08.041  2249  2249 D SST     : EVENT_POLL_STATE_NETWORK_SELECTION_MODE
09-27 14:54:08.041  2249  2249 D SST     : EVENT_POLL_STATE_NETWORK_SELECTION_MODE
09-27 14:54:08.042  2249  2249 D QtiGsmDCT: [0]NETWORK_STATE_CHANGED_ACTION: mIsWifiConnected=false
09-27 14:54:08.042  2249  2249 D QtiGsmDCT: [1]NETWORK_STATE_CHANGED_ACTION: mIsWifiConnected=false
09-27 14:54:08.043  2249  2565 D SubscriptionController: [getPhoneId]- no sims, returning default phoneId=0
09-27 14:54:08.046  2249  2249 D SST     : EVENT_POLL_STATE_NETWORK_SELECTION_MODE
09-27 14:54:08.051  2249  2249 D QtiSubscriptionController: getPhoneId, received dummy subId 2147483643
09-27 14:54:08.053  2249  2564 D SubscriptionController: [getPhoneId]- no sims, returning default phoneId=0
09-27 14:54:08.058  2249  2261 D SubscriptionController: [getPhoneId]- no sims, returning default phoneId=0
09-27 14:54:08.059  2249  2249 D QtiSubscriptionController: getPhoneId, received dummy subId 2147483643
09-27 14:54:08.069  2249  2249 D SubscriptionController: [getActiveSubInfoList] Sub Controller not ready
09-27 14:54:08.070  2249  2249 D SubscriptionController: [getActiveSubInfoForSubscriber]- subId=2147483643 subList=null subInfo=null
09-27 14:54:08.070  2249  2331 D SubscriptionController: [getPhoneId] asked for default subId=2147483643
09-27 14:54:08.070  2249  2331 D QtiSubscriptionController: getPhoneId, received dummy subId 2147483643
09-27 14:54:08.086  2249  2249 D QtiSubscriptionController: getPhoneId, received dummy subId 2147483643
09-27 14:54:08.097  2249  2249 D QtiSubscriptionController: getPhoneId, received dummy subId 2147483643
09-27 14:54:08.100  2249  2249 D QtiSubscriptionController: getPhoneId, received dummy subId 2147483643
09-27 14:54:08.103  2249  2249 D QtiSubscriptionController: getPhoneId, received dummy subId 2147483643
09-27 14:54:08.110  2249  2249 D QtiSubscriptionController: getPhoneId, received dummy subId 2147483643
09-27 14:54:08.112  2249  2249 D QtiSubscriptionController: getPhoneId, received dummy subId 2147483643
09-27 14:54:08.134  2249  2249 D ImsPhoneCallTracker: [ImsPhoneCallTracker] handleMessage what=23
09-27 14:54:08.134  2249  2249 D ImsPhoneCallTracker: [ImsPhoneCallTracker] onDataEnabledChanged: enabled=true, reason=0
09-27 14:54:08.134  2249  2249 D ImsManager: setDataEnabled: true
09-27 14:54:08.145  2249  2249 D ImsManager: updateVolteFeatureValue: available = true, enabled = true, nonTTY = true
09-27 14:54:08.161  2249  2249 D ImsConfig: ImsConfig creates
09-27 14:54:08.161  2249  2249 D ImsManager: getConfigInterface(), mConfig= com.android.ims.ImsConfig@6c87a3f
09-27 14:54:08.161  2249  2249 D ImsConfig: setFeatureValue: feature = 0, network =13, value =1, listener =null
09-27 14:54:08.168  2249  2249 D SubscriptionController: [getActiveSubInfoList] Sub Controller not ready
09-27 14:54:08.168  2249  2249 E ImsManager: displayWfcMode: Invalid SubscriptionInfo
09-27 14:54:08.171   821  1012 I RILQ    : (0/821):RIL[0][event] qcril_qmi_imss_set_qipcall_config_resp_hdlr: ril_err: 0, qmi res: 0
09-27 14:54:08.172  2249  2249 D QtiSubscriptionController: getPhoneId, received dummy subId 2147483643
09-27 14:54:08.173  2249  2249 D ImsManager: getWfcMode - setting=2
09-27 14:54:08.175  2249  2249 D ImsManager: updateWfcFeatureAndProvisionedValues: available = true, enabled = false, mode = 2, roaming = false
09-27 14:54:08.176  2249  2249 D ImsManager: getConfigInterface(), mConfig= com.android.ims.ImsConfig@6c87a3f
09-27 14:54:08.176  2249  2249 D ImsConfig: setFeatureValue: feature = 2, network =18, value =0, listener =null
09-27 14:54:08.184  2249  2249 D SubscriptionController: [getPhoneId]- no sims, returning default phoneId=0
09-27 14:54:08.185  2249  3171 D ImsManager: getConfigInterface(), mConfig= com.android.ims.ImsConfig@6c87a3f
09-27 14:54:08.186  2249  3171 D ImsConfig: setProvisionedValue(): item = 27value = 1
09-27 14:54:08.192   821  1012 I RILQ    : (0/821):RIL[0][event] qcril_qmi_imss_set_client_provisioning_config_resp_hdlr: ril_err: 0, qmi res: 0
09-27 14:54:08.195  2249  2249 D SubscriptionController: [getPhoneId]- no sims, returning default phoneId=0
09-27 14:54:08.196  2249  3171 D ImsConfig: setProvisionedValue(): item = 27 value = 1 ret = 0
09-27 14:54:08.197  2249  3172 D ImsManager: getConfigInterface(), mConfig= com.android.ims.ImsConfig@6c87a3f
09-27 14:54:08.197  2249  3172 D ImsConfig: setProvisionedValue(): item = 26value = 0
09-27 14:54:08.199  2249  3172 D ImsConfig: setProvisionedValue(): item = 26 value = 0 ret = 1
09-27 14:54:08.206  2249  2249 D ImsManager: updateVideoCallFeatureValue: available = true, enabled = true, nonTTY = true, data enabled = true
09-27 14:54:08.206  2249  2249 D ImsManager: getConfigInterface(), mConfig= com.android.ims.ImsConfig@6c87a3f
09-27 14:54:08.206  2249  2249 D ImsConfig: setFeatureValue: feature = 1, network =13, value =1, listener =null
09-27 14:54:08.210  2249  2249 D ImsManager: updateImsServiceConfig: turnOnIms
09-27 14:54:08.213  2249  2249 D ImsPhoneCallTracker: [ImsPhoneCallTracker] handleMessage what=24
09-27 14:54:08.213  2249  2249 D ImsPhoneCallTracker: [ImsPhoneCallTracker] getImsService
09-27 14:54:08.217  2249  2649 D ImsManager: registrationFeatureCapabilityChanged :: serviceClass=1
09-27 14:54:08.217  2249  2649 D ImsPhoneCallTracker: [ImsPhoneCallTracker] onFeatureCapabilityChanged: VoLTE:false ViLTE:false VoWiFi:false ViWiFi:false UTLTE:true UTWiFi:false 
09-27 14:54:08.217  2249  2649 D ImsPhoneCallTracker: [ImsPhoneCallTracker] onFeatureCapabilityChanged: isVolteEnabled=false, isVideoCallEnabled=false, isVowifiEnabled=false, isUtEnabled=true
09-27 14:54:08.219   821  1012 I RILQ    : (0/821):RIL[0][event] qcril_qmi_imss_set_qipcall_config_resp_hdlr: ril_err: 0, qmi res: 0
09-27 14:54:08.221   821  1012 I RILQ    : (0/821):RIL[0][event] qcril_qmi_imss_set_reg_mgr_config_resp_hdlr: ril_err: 0, qmi res: 0
09-27 14:54:08.222  2249  2249 D ImsEcbm : ImsEcbm created
09-27 14:54:08.233  2249  2249 D QtiGsmDCT: [0]QtiDcTracker handleMessage msg={ when=-683ms what=270377 obj=android.os.AsyncResult@dd47b5b target=com.qualcomm.qti.internal.telephony.dataconnection.QtiDcTracker }
09-27 14:54:08.233  2249  2249 D QtiGsmDCT: [0]setupDataOnConnectableApns: nwTypeChanged emergency:[state=IDLE,enabled=false] mms:[state=IDLE,enabled=false] supl:[state=IDLE,enabled=false] hipri:[state=IDLE,enabled=false] dun:[state=IDLE,enabled=false] fota:[state=IDLE,enabled=false] ims:[state=IDLE,enabled=false] default:[state=IDLE,enabled=false] cbs:[state=IDLE,enabled=false] 
09-27 14:54:08.233  2249  2249 D ImsPhone: handleMessage what=51
09-27 14:54:08.233  2249  2249 D ImsPhone: EVENT_DEFAULT_PHONE_DATA_STATE_CHANGED
09-27 14:54:08.234  2249  2249 D ImsPhone: updateDataServiceState: defSs = 1 1 voice home data home null null null null null null  Unknown Unknown CSS not supported -1 -1 RoamInd=-1 DefRoamInd=-1 EmergOnly=false IsDataRoamingFromRegistration=false IsUsingCarrierAggregation=false mRilImsRadioTechnology=0 imsSs = 3 1 voice home data home null null null null null null  Unknown Unknown CSS not supported -1 -1 RoamInd=-1 DefRoamInd=-1 EmergOnly=false IsDataRoamingFromRegistration=false IsUsingCarrierAggregation=false mRilImsRadioTechnology=0
09-27 14:54:08.234  2249  2249 D PhoneSwitcher: handle event - 110
09-27 14:54:08.235  2249  2249 D PhoneSwitcher: handle event - 110
09-27 14:54:08.236  2249  2249 D QtiSubscriptionInfoUpdater:  handleMessage: EVENT:  4
09-27 14:54:08.237  2249  2249 D SubscriptionInfoUpdater: All IccIds query complete
09-27 14:54:08.237  2249  2249 D SubscriptionInfoUpdater: updateSubscriptionInfoByIccId:+ Start
09-27 14:54:08.242  2249  2249 D SubscriptionController: [clearSubInfo]- no simInfo size=0
09-27 14:54:08.242  2249  2249 D SubscriptionInfoUpdater: insertedSimCount = 1
09-27 14:54:08.242  2249  2249 D SubscriptionController: [getSubInfoUsingSlotIdWithCheck]+ slotId:0
09-27 14:54:08.270  2249  2249 D SubscriptionController: [getSubInfoUsingSlotId]- null info return
09-27 14:54:08.270  2249  2249 D SubscriptionInfoUpdater: updateSubscriptionInfoByIccId: No SIM in slot 0 last time
09-27 14:54:08.270  2249  2249 D SubscriptionController: [getSubInfoUsingSlotIdWithCheck]+ slotId:1
09-27 14:54:08.282  2249  2249 D SubscriptionController: [getPhoneId]- no sims, returning default phoneId=0
09-27 14:54:08.284  2249  2249 D SubscriptionController: [getPhoneId]- no sims, returning default phoneId=0
09-27 14:54:08.286  2249  2249 D SubscriptionController: [getPhoneId]- no sims, returning default phoneId=0
09-27 14:54:08.291  2249  2249 D SubscriptionController: [getSubInfoUsingSlotId]- null info return
09-27 14:54:08.291  2249  2249 D SubscriptionInfoUpdater: updateSubscriptionInfoByIccId: oldSubId = 1
09-27 14:54:08.292  2249  2249 D SubscriptionInfoUpdater: updateSubscriptionInfoByIccId: oldIccId[0] = , sIccId[0] = 
09-27 14:54:08.292  2249  2249 D SubscriptionInfoUpdater: updateSubscriptionInfoByIccId: oldIccId[1] = 898600120917, sIccId[1] = 898600120917
09-27 14:54:08.292  2249  2249 D SubscriptionInfoUpdater: updateSubscriptionInfoByIccId: No SIM inserted in slot 0 this time
09-27 14:54:08.292  2249  2249 D SubscriptionController: [addSubInfoRecord]+ iccId:898600120917 slotId:1
09-27 14:54:08.301  2249  2249 D SubscriptionController: [getActiveSubInfoList] Sub Controller not ready
09-27 14:54:08.302  2249  2249 D SubscriptionController: [addSubInfoRecord] Record already exists
09-27 14:54:08.318  2249  2249 D SubscriptionController: [addSubInfoRecord] sSlotIdxToSubId.size=1 slotId=1 subId=1 defaultSubId=1 simCount=2
09-27 14:54:08.318  2249  2249 D SubscriptionController: [addSubInfoRecord] hashmap(1,1)
09-27 14:54:08.362  2249  2249 D SubscriptionController: [addSubInfoRecord] sim name = CARD 2
09-27 14:54:08.363  2249  2249 D QtiGsmDCT: [1]update sub = 1
09-27 14:54:08.363  2249  2249 D QtiGsmDCT: [1]update(): Active DDS, register for all events now!
09-27 14:54:08.370  2249  2249 D QtiGsmDCT: [1]New records found.
09-27 14:54:08.371  2249  2249 D SST     : mDeviceShuttingDown=false, mDesiredPowerState=true, getRadioState=RADIO_ON, mPowerOffDelayNeed=true, mAlarmSwitch=false, mRadioDisabledByCarrier=false
09-27 14:54:08.374  2249  2249 D SIMRecords: [SIMRecords] getSIMOperatorNumeric: bad mncLength
09-27 14:54:08.374  2249  2249 D GsmCdmaPhone: [GsmCdmaPhone] updateCurrentCarrierInProvider: mSubId = 1 currentDds = 1 operatorNumeric = null
09-27 14:54:08.376  2249  2249 D SubscriptionController: [addSubInfoRecord]- info size=1
09-27 14:54:08.376  2249  2249 D QtiSubscriptionController: addSubInfoRecord: broadcast intent subId[1] = 1
09-27 14:54:08.425  2249  2249 D SubscriptionInfoUpdater: newSim = false
09-27 14:54:08.425  2249  2249 D SubscriptionInfoUpdater: updateSubscriptionInfoByIccId: sInsertSimState[0] = -99
09-27 14:54:08.425  2249  2249 D SubscriptionInfoUpdater: updateSubscriptionInfoByIccId: sInsertSimState[1] = 0
09-27 14:54:08.463  2249  2249 D SubscriptionInfoUpdater: updateSubscriptionInfoByIccId: nSubCount = 1
09-27 14:54:08.467  2249  2249 D SubscriptionController: [setDefaultDataSubId] num phones=2, subId=1 dds flex map = nw_mode
09-27 14:54:08.469  2249  2249 D SubscriptionController: [updateAllDataConnectionTrackers] sPhones.length=2
09-27 14:54:08.470  2249  2249 D SubscriptionController: [updateAllDataConnectionTrackers] phoneId=0
09-27 14:54:08.471  2249  2249 D SubscriptionController: [getSubId]- numSubIds == 0, return DummySubIds slotIdx=0
09-27 14:54:08.471  2249  2249 D QtiGsmDCT: [0]update sub = 2147483643
09-27 14:54:08.471  2249  2249 D QtiGsmDCT: [0]update(): Active DDS, register for all events now!
09-27 14:54:08.472  2249  2249 D SubscriptionController: [getSubId]- numSubIds == 0, return DummySubIds slotIdx=0
09-27 14:54:08.474  2249  2249 D SubscriptionController: [getSubId]- numSubIds == 0, return DummySubIds slotIdx=0
09-27 14:54:08.474  2249  2249 D GsmCdmaPhone: [GsmCdmaPhone] updateCurrentCarrierInProvider: mSubId = 2147483643 currentDds = 1 operatorNumeric = null
09-27 14:54:08.474  2249  2249 D SubscriptionController: [updateAllDataConnectionTrackers] phoneId=1
09-27 14:54:08.474  2249  2249 D QtiGsmDCT: [1]update sub = 1
09-27 14:54:08.474  2249  2249 D QtiGsmDCT: [1]update(): Active DDS, register for all events now!
09-27 14:54:08.475  2249  2249 D SIMRecords: [SIMRecords] getSIMOperatorNumeric: bad mncLength
09-27 14:54:08.475  2249  2249 D GsmCdmaPhone: [GsmCdmaPhone] updateCurrentCarrierInProvider: mSubId = 1 currentDds = 1 operatorNumeric = null
09-27 14:54:08.481  2249  2249 D SubscriptionController: [broadcastDefaultDataSubIdChanged] subId=1
09-27 14:54:08.488  2249  2249 D SubscriptionController: notifySubscriptionInfoChanged:
09-27 14:54:08.495  2249  2332 D SubscriptionController: [getSubId]- numSubIds == 0, return DummySubIds slotIdx=0
09-27 14:54:08.496  2249  2332 D SubscriptionMonitor: Phone[1] subId changed 2147483644->1, 1 registrants
09-27 14:54:08.497  2249  2332 D SubscriptionMonitor: mDefaultDataSubId = 1, 1 registrants
09-27 14:54:08.523  2249  2249 D SubscriptionInfoUpdater: updateSubscriptionInfoByIccId:- SsubscriptionInfo update complete
09-27 14:54:08.523  2249  2249 D QtiSubscriptionInfoUpdater: SIM state changed, Updating user preference 
09-27 14:54:08.571  2249  3181 D GsmCdmaPhone: [GsmCdmaPhone] getDataConnectionState apnType=default ret=DISCONNECTED
09-27 14:54:08.623  2249  2249 D QtiSubscriptionController: updateUserPreferences:: active sub count = 1 dds = 1 voice = 1 sms = 1
09-27 14:54:08.626  2249  2249 I QtiSubscriptionController: setSMSPromptOption to false
09-27 14:54:08.667  2249  2332 D SubscriptionController: [getActiveSubscriptionInfo]+ subId=1 subInfo={id=1, iccId=898600120917 simSlotIndex=1 displayName=CARD 2 carrierName=No service  China Mobile nameSource=0 iconTint=-16746133 dataRoaming=0 iconBitmap=android.graphics.Bitmap@9ba2dd4 mcc 460 mnc 2}
09-27 14:54:08.667  2249  2249 D QtiSubscriptionController: havePrefSub = false user pref subId = -1 current dds 1 next active subId 1
09-27 14:54:08.668  2249  2249 E QtiSubscriptionController: isSubProvisioned, state = true subId = 1
09-27 14:54:08.668  2249  2249 D QtiRadioCapabilityController: setDdsIfRequired: ddsSub = 1 ddsPhone = 1 force = false needSetDds = false
09-27 14:54:08.668  2249  2249 E QtiSubscriptionController: isSubProvisioned, state = true subId = 1
09-27 14:54:08.668  2249  2249 E QtiSubscriptionController: isSubProvisioned, state = true subId = 1
09-27 14:54:08.704  2249  2249 I QtiSubscriptionController: Other than SIM account found. 
09-27 14:54:08.704  2249  2249 D QtiSubscriptionController: getPhoneId, received dummy subId 2147483643
09-27 14:54:08.704  2249  2249 E QtiSubscriptionController:  Invalid slotId 0 or subId = 2147483643
09-27 14:54:08.704  2249  2249 D SubscriptionController: [setDefaultFallbackSubId] subId=1
09-27 14:54:08.705  2249  2249 D SubscriptionController: [setDefaultFallbackSubId] set mDefaultFallbackSubId=1
09-27 14:54:08.714  2249  2249 D SubscriptionController: [setDefaultFallbackSubId] broadcast default subId changed phoneId=1 subId=1
09-27 14:54:08.724  2249  2249 D SubscriptionController: notifySubscriptionInfoChanged:
09-27 14:54:08.729  2249  2332 D SubscriptionController: [getSubId]- numSubIds == 0, return DummySubIds slotIdx=0
09-27 14:54:08.743  2249  2249 D QtiSubscriptionController: updateUserPreferences: after currentDds = 1 voice = 1 sms = 1
09-27 14:54:08.795  2249  2331 D SubscriptionController: [getActiveSubscriptionInfo]+ subId=1 subInfo={id=1, iccId=898600120917 simSlotIndex=1 displayName=CARD 2 carrierName=No service  China Mobile nameSource=0 iconTint=-16746133 dataRoaming=0 iconBitmap=android.graphics.Bitmap@a3f2279 mcc 460 mnc 2}
09-27 14:54:08.803  2249  2565 D SubscriptionController: [getSubId]- numSubIds == 0, return DummySubIds slotIdx=0
09-27 14:54:08.829  2249  2332 D RILJ    : [3825]> RIL_REQUEST_GET_CELL_INFO_LIST [SUB0]
09-27 14:54:08.835  2249  2308 D RilRequest: [3825]< RIL_REQUEST_GET_CELL_INFO_LIST error: com.android.internal.telephony.CommandException: SYSTEM_ERR ret=
09-27 14:54:08.843  2249  3181 D SubscriptionController: [getActiveSubscriptionInfo]+ subId=1 subInfo={id=1, iccId=898600120917 simSlotIndex=1 displayName=CARD 2 carrierName=No service  China Mobile nameSource=0 iconTint=-16746133 dataRoaming=0 iconBitmap=android.graphics.Bitmap@80d636c mcc 460 mnc 2}
09-27 14:54:08.849  2249  2331 D SubscriptionController: [getSubId]- numSubIds == 0, return DummySubIds slotIdx=0
09-27 14:54:08.905  2249  2261 D SubscriptionController: [getActiveSubscriptionInfo]+ subId=1 subInfo={id=1, iccId=898600120917 simSlotIndex=1 displayName=CARD 2 carrierName=No service  China Mobile nameSource=0 iconTint=-16746133 dataRoaming=0 iconBitmap=android.graphics.Bitmap@93ac33b mcc 460 mnc 2}
09-27 14:54:08.912  2249  3181 D SubscriptionController: [getSubId]- numSubIds == 0, return DummySubIds slotIdx=0
09-27 14:54:08.957  2249  2564 D SubscriptionController: [getActiveSubscriptionInfo]+ subId=1 subInfo={id=1, iccId=898600120917 simSlotIndex=1 displayName=CARD 2 carrierName=No service  China Mobile nameSource=0 iconTint=-16746133 dataRoaming=0 iconBitmap=android.graphics.Bitmap@8be8496 mcc 460 mnc 2}
09-27 14:54:08.963  2249  2261 D SubscriptionController: [getSubId]- numSubIds == 0, return DummySubIds slotIdx=0
09-27 14:54:09.043  2249  2249 D IccCardProxy: broadcastIccStateChangedIntent intent ACTION_SIM_STATE_CHANGED value=IMSI reason=null for mPhoneId=1
09-27 14:54:09.050  2249  2249 D SIMRecords: [SIMRecords] getSIMOperatorNumeric: bad mncLength
09-27 14:54:09.050  2249  2249 D SST     : get MCC/MNC from IMSI = 46002
09-27 14:54:09.050  2249  2249 D SIMRecords: [SIMRecords] getSIMOperatorNumeric: bad mncLength
09-27 14:54:09.050  2249  2249 D SST     : get MCC/MNC from IMSI = 46002
09-27 14:54:09.050  2249  2249 D SST     : handlPollStateResultMessage: GsmSST setDataRegState=0 regState=1 dataRadioTechnology=14
09-27 14:54:09.051  2249  2249 D SST     : EVENT_POLL_STATE_NETWORK_SELECTION_MODE
09-27 14:54:09.057  2249  2249 D SST     : Poll ServiceState done:  oldSS=[1 1 voice home data home null null null null null null  Unknown Unknown CSS not supported 0 0 RoamInd=0 DefRoamInd=0 EmergOnly=false IsDataRoamingFromRegistration=false IsUsingCarrierAggregation=false mRilImsRadioTechnology=0] newSS=[0 0 voice home data home CMCC CMCC 46000 CMCC CMCC 46000  LTE LTE CSS not supported -1 -1 RoamInd=-1 DefRoamInd=-1 EmergOnly=false IsDataRoamingFromRegistration=false IsUsingCarrierAggregation=false mRilImsRadioTechnology=0] oldMaxDataCalls=1 mNewMaxDataCalls=20 oldReasonDataDenied=-1 mNewReasonDataDenied=-1
09-27 14:54:09.057  2249  2249 D SST     : RAT switched Unknown -> LTE at cell 27521057
09-27 14:54:09.057  2249  2249 D TelephonyManager: setTelephonyProperty: success phoneId=1 property=gsm.network.type value: LTE propVal=Unknown,LTE
09-27 14:54:09.060  2249  2249 D SST     : pollStateDone: registering current mNitzUpdatedTime=true changing to false
09-27 14:54:09.072  2249  2249 D SIMRecords: [SIMRecords] getServiceProviderName: no brandOverride, providerName=null
09-27 14:54:09.072  2249  2249 D SIMRecords: [SIMRecords] getServiceProviderName: no brandOverride, providerName=null
09-27 14:54:09.073  2249  2249 D SST     : updateSpnDisplay: changed sending intent rule=2 showPlmn='true' plmn='CMCC' showSpn='false' spn='null' dataSpn='null' subId='1'
09-27 14:54:09.079  2249  2249 D SubscriptionController: [setCarrierText]+ text:CMCC subId:1
09-27 14:54:09.332  2249  2249 D SubscriptionController: notifySubscriptionInfoChanged:
09-27 14:54:09.334  2249  2261 D SubscriptionController: [getSubId]- numSubIds == 0, return DummySubIds slotIdx=0
09-27 14:54:09.345  2249  2249 D TelephonyManager: setTelephonyProperty: success phoneId=1 property=gsm.operator.alpha value: CMCC propVal=,CMCC
09-27 14:54:09.346  2249  2249 D TelephonyManager: setTelephonyProperty: success phoneId=1 property=gsm.operator.numeric value: 46000 propVal=,46000
09-27 14:54:09.347  2249  2249 D SST     : update mccmnc=46000 fromServiceState=true
09-27 14:54:09.359  2249  3181 D SubscriptionController: [getActiveSubscriptionInfo]+ subId=1 subInfo={id=1, iccId=898600120917 simSlotIndex=1 displayName=CARD 2 carrierName=CMCC nameSource=0 iconTint=-16746133 dataRoaming=0 iconBitmap=android.graphics.Bitmap@de67f9c mcc 460 mnc 2}
09-27 14:54:09.366  2249  2331 D SubscriptionController: [getSubId]- numSubIds == 0, return DummySubIds slotIdx=0
09-27 14:54:09.384  2249  2564 D SubscriptionController: [getActiveSubscriptionInfo]+ subId=1 subInfo={id=1, iccId=898600120917 simSlotIndex=1 displayName=CARD 2 carrierName=CMCC nameSource=0 iconTint=-16746133 dataRoaming=0 iconBitmap=android.graphics.Bitmap@4ae0da5 mcc 460 mnc 2}
09-27 14:54:09.428  2249  2261 D SubscriptionController: [getActiveSubscriptionInfo]+ subId=1 subInfo={id=1, iccId=898600120917 simSlotIndex=1 displayName=CARD 2 carrierName=CMCC nameSource=0 iconTint=-16746133 dataRoaming=0 iconBitmap=android.graphics.Bitmap@1a9f988 mcc 460 mnc 2}
09-27 14:54:09.439  2249  3218 D SubscriptionController: [getSubId]- numSubIds == 0, return DummySubIds slotIdx=0
09-27 14:54:09.468  2249  2261 D SubscriptionController: [getActiveSubscriptionInfo]+ subId=1 subInfo={id=1, iccId=898600120917 simSlotIndex=1 displayName=CARD 2 carrierName=CMCC nameSource=0 iconTint=-16746133 dataRoaming=0 iconBitmap=android.graphics.Bitmap@ea92634 mcc 460 mnc 2}
09-27 14:54:09.479  2249  2564 D SubscriptionController: [getSubId]- numSubIds == 0, return DummySubIds slotIdx=0
09-27 14:54:09.502  2249  2564 D SubscriptionController: [getActiveSubscriptionInfo]+ subId=1 subInfo={id=1, iccId=898600120917 simSlotIndex=1 displayName=CARD 2 carrierName=CMCC nameSource=0 iconTint=-16746133 dataRoaming=0 iconBitmap=android.graphics.Bitmap@40e5aa3 mcc 460 mnc 2}
09-27 14:54:09.509  2249  2331 D SubscriptionController: [getSubId]- numSubIds == 0, return DummySubIds slotIdx=0
09-27 14:54:09.538  2249  3181 D SubscriptionController: [getActiveSubscriptionInfo]+ subId=1 subInfo={id=1, iccId=898600120917 simSlotIndex=1 displayName=CARD 2 carrierName=CMCC nameSource=0 iconTint=-16746133 dataRoaming=0 iconBitmap=android.graphics.Bitmap@150f11e mcc 460 mnc 2}
09-27 14:54:09.547  2249  3218 D SubscriptionController: [getSubId]- numSubIds == 0, return DummySubIds slotIdx=0
09-27 14:54:09.571  2249  2565 D SubscriptionController: [getActiveSubscriptionInfo]+ subId=1 subInfo={id=1, iccId=898600120917 simSlotIndex=1 displayName=CARD 2 carrierName=CMCC nameSource=0 iconTint=-16746133 dataRoaming=0 iconBitmap=android.graphics.Bitmap@1f6aa15 mcc 460 mnc 2}
09-27 14:54:09.577  2249  2261 D SubscriptionController: [getSubId]- numSubIds == 0, return DummySubIds slotIdx=0
09-27 14:54:09.602  2249  2564 D SubscriptionController: [getActiveSubscriptionInfo]+ subId=1 subInfo={id=1, iccId=898600120917 simSlotIndex=1 displayName=CARD 2 carrierName=CMCC nameSource=0 iconTint=-16746133 dataRoaming=0 iconBitmap=android.graphics.Bitmap@b92d4b8 mcc 460 mnc 2}
09-27 14:54:09.608  2249  2331 D SubscriptionController: [getSubId]- numSubIds == 0, return DummySubIds slotIdx=0
09-27 14:54:09.665  2249  3181 D SubscriptionController: [getActiveSubscriptionInfo]+ subId=1 subInfo={id=1, iccId=898600120917 simSlotIndex=1 displayName=CARD 2 carrierName=CMCC nameSource=0 iconTint=-16746133 dataRoaming=0 iconBitmap=android.graphics.Bitmap@7e3adf7 mcc 460 mnc 2}
09-27 14:54:09.671  2249  3218 D SubscriptionController: [getSubId]- numSubIds == 0, return DummySubIds slotIdx=0
09-27 14:54:09.675  2249  2249 D TelephonyManager: setTelephonyProperty: success phoneId=1 property=gsm.operator.iso-country value: cn propVal=,cn
09-27 14:54:09.698  2249  2249 D SST     : pollStateDone: there are 2 unique offsets for iso-cc='cn testOneUniqueOffsetPath=false', do nothing
09-27 14:54:09.699  2249  2249 D SST     : shouldFixTimeZoneNow: retVal=true iccCardExist=true operatorNumeric=46000 mcc=460 prevOperatorNumeric= prevMcc=461 needToFixTimeZone=true ltod=09-27 14:54:09.698
09-27 14:54:09.699  2249  2249 D SST     : fixTimeZone zoneName='Asia/Shanghai' mZoneOffset=28800000 mZoneDst=false iso-cc='cn' iso-cc-idx=-3
09-27 14:54:09.700  2249  2249 D SST     : fixTimeZone: using getTimeZone(off, dst, time, iso)
09-27 14:54:09.700  2249  2249 D SST     : fixTimeZone: zone != null zone.getID=Asia/Shanghai
09-27 14:54:09.700  2249  2249 D SST     : setAndBroadcastNetworkSetTimeZone: setTimeZone=Asia/Shanghai
09-27 14:54:09.709  2249  2249 D SST     : setAndBroadcastNetworkSetTimeZone: call alarm.setTimeZone and broadcast zoneId=Asia/Shanghai
09-27 14:54:09.710  2249  2249 D TelephonyManager: setTelephonyProperty: success phoneId=1 property=gsm.operator.isroaming value: false propVal=false,false
09-27 14:54:09.711  2249  2249 D SST     : Broadcasting ServiceState : 0 0 voice home data home CMCC CMCC 46000 CMCC CMCC 46000  LTE LTE CSS not supported -1 -1 RoamInd=-1 DefRoamInd=-1 EmergOnly=false IsDataRoamingFromRegistration=false IsUsingCarrierAggregation=false mRilImsRadioTechnology=0
09-27 14:54:09.711  2249  2249 D DefaultPhoneNotifier: nofityServiceState: mRegistry=com.android.internal.telephony.ITelephonyRegistry$Stub$Proxy@f25c375 ss=0 0 voice home data home CMCC CMCC 46000 CMCC CMCC 46000  LTE LTE CSS not supported -1 -1 RoamInd=-1 DefRoamInd=-1 EmergOnly=false IsDataRoamingFromRegistration=false IsUsingCarrierAggregation=false mRilImsRadioTechnology=0 sender=Handler (com.qualcomm.qti.internal.telephony.QtiGsmCdmaPhone) {83d56a2} phondId=1 subId=1
09-27 14:54:09.719  2249  2261 D GsmCdmaPhone: [GsmCdmaPhone] getDataConnectionState apnType=default ret=DISCONNECTED
09-27 14:54:09.740  2249  2249 D SST     : notifyDataRegStateRilRadioTechnologyChanged: drs=0 rat=14
09-27 14:54:09.740  2249  2249 D TelephonyManager: setTelephonyProperty: success phoneId=1 property=gsm.network.type value: LTE propVal=Unknown,LTE
09-27 14:54:09.741  2249  2249 D QtiGsmDCT: [1]get all active apn types
09-27 14:54:09.741  2249  2249 D SST     : getCellLocation(): X good mCellLoc=[6338,27521057,-1]
09-27 14:54:09.742  1774  2736 D TelephonyRegistry: notifyCellLocationForSubscriber: subId=1 cellLocation=Bundle[mParcelledData.dataSize=64]
09-27 14:54:09.793  2249  2331 D SubscriptionController: [getActiveSubscriptionInfo]+ subId=1 subInfo={id=1, iccId=898600120917 simSlotIndex=1 displayName=CARD 2 carrierName=CMCC nameSource=0 iconTint=-16746133 dataRoaming=0 iconBitmap=android.graphics.Bitmap@5a8b82 mcc 460 mnc 2}
09-27 14:54:09.794  2249  2249 D RILJ    : [3826]> iccIO: SIM_IO 0xc0 0x6f17  path: 3F007FFF,0,0,15 aid: a0000000871002ff86ffff89ffffffff [SUB1]
09-27 14:54:09.797  2249  2249 D SIMRecords: [SIMRecords] onRecordLoaded 19 requested: true
09-27 14:54:09.797  2249  2249 D SIMRecords: [SIMRecords] EF_MWIS : null
09-27 14:54:09.798  2249  2249 D SIMRecords: [SIMRecords] EVENT_GET_MWIS_DONE exception = com.android.internal.telephony.CommandException: INTERNAL_ERR
09-27 14:54:09.798  2249  2249 D SIMRecords: [SIMRecords] onRecordLoaded 18 requested: true
09-27 14:54:09.798  2249  2249 D SIMRecords: [SIMRecords] EF_CPHS_MWI: null
09-27 14:54:09.798  2249  2249 D SIMRecords: [SIMRecords] EVENT_GET_VOICE_MAIL_INDICATOR_CPHS_DONE exception = com.android.internal.telephony.CommandException: SIM_ERR
09-27 14:54:09.798  2249  2249 D SIMRecords: [SIMRecords] onRecordLoaded 17 requested: true
09-27 14:54:09.798  2249  2249 D SIMRecords: [SIMRecords] onRecordLoaded 16 requested: true
09-27 14:54:09.798  2249  2249 D SIMRecords: [SIMRecords] onRecordLoaded 15 requested: true
09-27 14:54:09.798  2249  2249 D SIMRecords: [SIMRecords] onRecordLoaded 14 requested: true
09-27 14:54:09.798  2249  2249 D SIMRecords: [SIMRecords] onRecordLoaded 13 requested: true
09-27 14:54:09.799  2249  2249 D SubscriptionInfoUpdater: [Receiver]+
09-27 14:54:09.799  2249  2249 D SubscriptionInfoUpdater: Action: android.intent.action.SIM_STATE_CHANGED
09-27 14:54:09.799  2249  2249 D SubscriptionInfoUpdater: slotId: 1
09-27 14:54:09.799  2249  2249 D SubscriptionInfoUpdater: simStatus: NOT_READY
09-27 14:54:09.799  2249  2249 D SubscriptionInfoUpdater: Ignoring simStatus: NOT_READY
09-27 14:54:09.799  2249  2249 D SubscriptionInfoUpdater: [Receiver]-
09-27 14:54:09.799  2249  2249 D PhoneSwitcher: mSimStateIntentReceiver: phoneId = 1 value = NOT_READY
09-27 14:54:09.802  2249  2249 D SIMRecords: [SIMRecords] onRecordLoaded 12 requested: true
09-27 14:54:09.803  2249  2249 E SIMRecords: [SIMRecords] Exception in fetching EF_CSP data com.android.internal.telephony.CommandException: SIM_ERR
09-27 14:54:09.803  2249  2249 D SIMRecords: [SIMRecords] onRecordLoaded 11 requested: true
09-27 14:54:09.803  2249  2249 D SIMRecords: [SIMRecords] EVENT_GET_SMS_RECORD_SIZE_DONE Size 176 total 8800 record 50
09-27 14:54:09.803  2249  2249 D SST     : EVENT_GET_CELL_INFO_LIST: error ret null, e=com.android.internal.telephony.CommandException: SYSTEM_ERR
09-27 14:54:09.804  2249  2262 D SST     : SST.getAllCellInfo(): X size=0 list=null
09-27 14:54:09.804  2249  2262 D SST     : getCellLocation(): X empty mCellLoc and CellInfo mCellLoc=[-1,-1,-1]
09-27 14:54:09.805  1774  2983 D TelephonyManager: getCellLocation returning null because CellLocation is empty
09-27 14:54:09.806  2249  2249 D SST     : EVENT_IMS_CAPABILITY_CHANGED
09-27 14:54:09.806  2249  2249 D SST     : updateSpnDisplay: radio is on but out of service, set plmn='No service'
09-27 14:54:09.807  2249  2249 D SubscriptionController: [getSubId]- numSubIds == 0, return DummySubIds slotIdx=0
09-27 14:54:09.814  2249  2312 D RilRequest: [3826]< SIM_IO error: com.android.internal.telephony.CommandException: SIM_ERR ret=IccIoResult sw1:0x6a sw2:0x82 Error: File not found
09-27 14:54:09.834  2249  2249 D SST     : SubscriptionListener.onSubscriptionInfoChanged
09-27 14:54:09.834  2249  2249 D SubscriptionController: [getSubId]- numSubIds == 0, return DummySubIds slotIdx=0
09-27 14:54:09.834  2249  2249 D QtiGsmDCT: [0]SubscriptionListener.onSubscriptionInfoChanged
09-27 14:54:09.835  2249  2649 D ImsManager: registrationDisconnected :: imsReasonInfoImsReasonInfo :: {1000, 0, null}
09-27 14:54:09.835  2249  2249 D SubscriptionController: [getSubId]- numSubIds == 0, return DummySubIds slotIdx=0
09-27 14:54:09.835  2249  2649 D ImsPhoneCallTracker: [ImsPhoneCallTracker] onImsDisconnected imsReasonInfo=ImsReasonInfo :: {1000, 0, null}
09-27 14:54:09.835  2249  2649 D ImsPhone: updateDataServiceState: defSs = 1 1 voice home data home null null null null null null  Unknown Unknown CSS not supported -1 -1 RoamInd=-1 DefRoamInd=-1 EmergOnly=false IsDataRoamingFromRegistration=false IsUsingCarrierAggregation=false mRilImsRadioTechnology=0 imsSs = 1 1 voice home data home null null null null null null  Unknown Unknown CSS not supported -1 -1 RoamInd=-1 DefRoamInd=-1 EmergOnly=false IsDataRoamingFromRegistration=false IsUsingCarrierAggregation=false mRilImsRadioTechnology=0
09-27 14:54:09.839  2249  2249 D SST     : SubscriptionListener.onSubscriptionInfoChanged
09-27 14:54:09.853  2249  2249 D QtiGsmCdmaPhone: ProvisionStatus: 1 phone id:1
09-27 14:54:09.854  2249  2249 D Phone   : Get video call forwarding info from preferences
09-27 14:54:09.877  2249  2249 D PhoneFactory: calculatePreferredNetworkType: phoneId = 1 phoneIdNetworkType = 9
09-27 14:54:09.878  2249  2249 D PhoneFactory: calculatePreferredNetworkType: phoneSubId = 1 networkType = 9
09-27 14:54:09.878  2249  2249 D QtiRadioCapabilityController: isUiccProvisionInProgress: retVal =  false
09-27 14:54:09.878  2249  2249 D QtiRadioCapabilityController: setPreferredNetworkType: nwMode[1] = 9 isActive = true
09-27 14:54:09.878  2249  2249 D SubscriptionController: [getSubId]- numSubIds == 0, return DummySubIds slotIdx=0
09-27 14:54:09.879  2249  2249 I QtiRadioCapabilityController:  get slotId based N/W mode, val[0] = 9
09-27 14:54:09.879  2249  2249 I QtiRadioCapabilityController:  get sub based N/W mode, val[1] = 9
09-27 14:54:09.879  2249  2249 D QtiRadioCapabilityController: updateStackBindingIfRequired
09-27 14:54:09.880  2249  2249 D QtiRadioCapabilityController: nwMode:9, on stack:0 is Supported
09-27 14:54:09.880  2249  2249 D QtiRadioCapabilityController: updatePreferredStackIds: current stack[0]supports NwMode[9] on phoneId[0]
09-27 14:54:09.880  2249  2249 D QtiRadioCapabilityController: nwMode:9, on stack:1 is Supported
09-27 14:54:09.880  2249  2249 D QtiRadioCapabilityController: updatePreferredStackIds: current stack[1]supports NwMode[9] on phoneId[1]
09-27 14:54:09.880  2249  2249 D QtiRadioCapabilityController:  updateStackBindingIfRequired, required =  false
09-27 14:54:09.880  2249  2249 D RILJ    : [3827]> REQUEST_SET_PREFERRED_NETWORK_TYPE : 9 [SUB1]
09-27 14:54:09.887  2249  2249 D TelephonyManager: setTelephonyProperty: success phoneId=1 property=gsm.network.type value: LTE propVal=Unknown,LTE
09-27 14:54:09.889  2249  2312 D RILJ    : [3827]< REQUEST_SET_PREFERRED_NETWORK_TYPE  [SUB1]
09-27 14:54:09.894  2249  2249 D SIMRecords: [SIMRecords] getServiceProviderName: no brandOverride, providerName=null
09-27 14:54:09.894  2249  2249 D SIMRecords: [SIMRecords] getServiceProviderName: no brandOverride, providerName=null
09-27 14:54:09.895  2249  2249 D Phone   : getStoredVoiceMessageCount: from preference for subId 1= 0
09-27 14:54:09.895  2249  2249 D GsmCdmaPhone: [GsmCdmaPhone] updateVoiceMail countVoiceMessages = 0 subId 1
09-27 14:54:09.895  2249  2249 D Phone   : setVoiceMessageCount: Storing Voice Mail Count = 0 for mVmCountKey = vm_count_key1 in preferences.
09-27 14:54:09.922   821  1174 E RILQ    : (0/821): RIL[0][ims_socket0] void qcril_qmi_ims_socket_agent::recv_thread_handler(): recv failed. recv_byte_num: 0. closing the socket.
09-27 14:54:09.936  2249  2249 D QtiGsmDCT: [1]SubscriptionListener.onSubscriptionInfoChanged
09-27 14:54:09.963  2249  2249 D QtiGsmDCT: [1]onRecordsLoaded: createAllApnList
09-27 14:54:09.963  2249  2249 D SIMRecords: [SIMRecords] getSIMOperatorNumeric: bad mncLength
09-27 14:54:09.964  2249  2249 D QtiGsmDCT: [1]createAllApnList: No APN found for carrier: null
09-27 14:54:09.964  2249  2249 D QtiGsmDCT: [1]createAllApnList: X mAllApnSettings=[]
09-27 14:54:09.964  2249  2249 D QtiGsmDCT: [1]setDataProfilesAsNeeded mSetDataProfileStatus: 0
09-27 14:54:09.964  2249  2249 D CdmaSSM : subscriptionSource from settings: 0
09-27 14:54:09.964  2249  2249 D QtiGsmDCT: [1]onRecordsLoaded: notifying data availability
09-27 14:54:09.964  2249  2249 D CdmaSSM : subscriptionSource from settings: 0
09-27 14:54:09.964  2249  2249 D QtiGsmDCT: [1]isDataAllowed getRecordsLoaded=false
09-27 14:54:09.971  2249  2249 D QtiGsmDCT: [1]isDataAllowed: No - SIM not loaded - Not attached
09-27 14:54:09.972  2249  2249 D CdmaSSM : subscriptionSource from settings: 0
09-27 14:54:09.972  2249  2249 D QtiGsmDCT: [1]isDataAllowed getRecordsLoaded=false
09-27 14:54:09.979  1774  2069 D TelephonyRegistry: Notify data connection state changed on sub: 1
09-27 14:54:09.979  1774  2069 D TelephonyRegistry: Notify data connection state changed on sub: 1
09-27 14:54:09.997  2249  3181 D SST     : getCellLocation(): X good mCellLoc=[6338,27521057,-1]
09-27 14:54:09.998  2249  2249 D CdmaSSM : subscriptionSource from settings: 0
09-27 14:54:09.998  2249  2249 D QtiGsmDCT: [1]isDataAllowed getRecordsLoaded=false
09-27 14:54:10.025  2249  3181 D SST     : getCellLocation(): X good mCellLoc=[6338,27521057,-1]
09-27 14:54:10.031  2249  2249 D CdmaSSM : subscriptionSource from settings: 0
09-27 14:54:10.031  2249  2249 D QtiGsmDCT: [1]isDataAllowed getRecordsLoaded=false
09-27 14:54:10.045  2249  3181 D SST     : SST.getAllCellInfo(): return last, back to back calls
09-27 14:54:10.045  2249  3181 D SST     : SST.getAllCellInfo(): X size=0 list=null
09-27 14:54:10.045  2249  3181 D RILJ    : [3828]> RIL_REQUEST_GET_CELL_INFO_LIST [SUB1]
09-27 14:54:10.057  2249  2312 D RILJ    : [3828]< RIL_REQUEST_GET_CELL_INFO_LIST [CellInfoLte:{mRegistered=YES mTimeStampType=oem_ril mTimeStamp=56531994976ns CellIdentityLte:{ mMcc=460 mMnc=0 mCi=27521057 mPci=429 mTac=6338 mEarfcn=38950} CellSignalStrengthLte: ss=22 rsrp=-93 rsrq=-4 rssnr=2147483647 cqi=2147483647 ta=20}] [SUB1]
09-27 14:54:10.057  2249  2249 D CdmaSSM : subscriptionSource from settings: 0
09-27 14:54:10.057  2249  2249 D QtiGsmDCT: [1]isDataAllowed getRecordsLoaded=false
09-27 14:54:10.070  2249  2249 D CdmaSSM : subscriptionSource from settings: 0
09-27 14:54:10.070  2249  2249 D QtiGsmDCT: [1]isDataAllowed getRecordsLoaded=false
09-27 14:54:10.126  2249  2249 D CdmaSSM : subscriptionSource from settings: 0
09-27 14:54:10.126  2249  2249 D QtiGsmDCT: [1]isDataAllowed getRecordsLoaded=false
09-27 14:54:10.144  2249  2249 D CdmaSSM : subscriptionSource from settings: 0
09-27 14:54:10.144  2249  2249 D QtiGsmDCT: [1]isDataAllowed getRecordsLoaded=false
09-27 14:54:10.160  2249  2261 D Phone   : isWifiCallingEnabled =false
09-27 14:54:10.167  2249  2249 D CdmaSSM : subscriptionSource from settings: 0
09-27 14:54:10.167  2249  2249 D QtiGsmDCT: [1]isDataAllowed getRecordsLoaded=false
09-27 14:54:10.169  2249  3218 D Phone   : isWifiCallingEnabled =false
09-27 14:54:10.178  2249  2249 D QtiGsmDCT: [1]setupDataOnConnectableApns: simLoaded emergency:[state=IDLE,enabled=false] mms:[state=IDLE,enabled=false] supl:[state=IDLE,enabled=false] hipri:[state=IDLE,enabled=false] dun:[state=IDLE,enabled=false] fota:[state=IDLE,enabled=false] ims:[state=IDLE,enabled=false] default:[state=IDLE,enabled=false] cbs:[state=IDLE,enabled=false] 
09-27 14:54:10.179  2249  2249 D TelephonyNetworkFactory[1]: onSubIdChange 2147483644->1
09-27 14:54:10.179  2249  2249 D TelephonyNetworkFactory[1]: onDefaultChange(false,true)
09-27 14:54:10.179  2249  2249 D PhoneSwitcher: handle event - 102
09-27 14:54:10.181  2249  2249 D SubscriptionController: [getSubId]- numSubIds == 0, return DummySubIds slotIdx=0
09-27 14:54:10.181  2249  2249 D PhoneSwitcher: isUiccProvisioned = true
09-27 14:54:10.182  2249  2249 D PhoneSwitcher: Broadcast network specifier set intent
09-27 14:54:10.215  2249  2249 D SubscriptionController: [getSubId]- numSubIds == 0, return DummySubIds slotIdx=0
09-27 14:54:10.216  2249  2249 D PhoneSwitcher: evaluating due to subChanged phone[1] 2147483644->1
09-27 14:54:10.217  2249  2249 D PhoneSwitcher: default subId = 1
09-27 14:54:10.217  2249  2249 D PhoneSwitcher:  phone[0] using sub[2147483643]
09-27 14:54:10.218  2249  2249 D PhoneSwitcher:  phone[1] using sub[1]
09-27 14:54:10.219  2249  2249 D PhoneSwitcher:  newActivePhones:
09-27 14:54:10.220  2249  2249 D PhoneSwitcher:   1
09-27 14:54:10.225  2249  2249 D PhoneSwitcher: InformDdsToRil rild= 0, DDS=1
09-27 14:54:10.238   821  1226 E RILQ    : (0/821): RIL[0][oem_socket0] void qcril_qmi_generic_socket_agent::recv_thread_func(): read 4 bytes length message with length 32
09-27 14:54:10.238   821  1226 E RILQ    : (0/821): RIL[0][oem_socket0] qmi_ril_parse_oem_hook_header: Received un-handled/oem command id = 524327
09-27 14:54:10.241  2249  2249 D PhoneSwitcher: InformDdsToRil rild= 1, DDS=1
09-27 14:54:10.245   939  1269 E RILQ    : (1/939): RIL[1][oem_socket1] void qcril_qmi_generic_socket_agent::recv_thread_func(): read 4 bytes length message with length 32
09-27 14:54:10.245   939  1269 E RILQ    : (1/939): RIL[1][oem_socket1] qmi_ril_parse_oem_hook_header: Received un-handled/oem command id = 524327
09-27 14:54:10.259  2249  2249 D PhoneSwitcher: activate 1
09-27 14:54:10.260  2249  2249 D RILJ    : [3829]> RIL_REQUEST_ALLOW_DATA allowed: true [SUB1]
09-27 14:54:10.274   939   989 I RILQ    : (1/939):RIL[1][main] qcril_qmi_nas_request_allow_data: Already PS attached!
09-27 14:54:10.274   939   989 I RILQ    : (1/939):RIL[1][main] qcril_qmi_nas_request_allow_data: PS ATTACH/DETACH resp 0
09-27 14:54:10.275  2249  2312 D RILJ    : [3829]< RIL_REQUEST_ALLOW_DATA  [SUB1]
09-27 14:54:10.405  2249  2249 D SubscriptionController: [getSubId]- numSubIds == 0, return DummySubIds slotIdx=0
09-27 14:54:10.436  2249  2249 D SubscriptionController: [getActiveSubscriptionInfo]+ subId=1 subInfo={id=1, iccId=898600120917 simSlotIndex=1 displayName=CARD 2 carrierName=CMCC nameSource=0 iconTint=-16746133 dataRoaming=0 iconBitmap=android.graphics.Bitmap@8c5e683 mcc 460 mnc 2}
09-27 14:54:10.455  2249  3218 D SubscriptionController: [getActiveSubscriptionInfo]+ subId=1 subInfo={id=1, iccId=898600120917 simSlotIndex=1 displayName=CARD 2 carrierName=CMCC nameSource=0 iconTint=-16746133 dataRoaming=0 iconBitmap=android.graphics.Bitmap@e2f567e mcc 460 mnc 2}
09-27 14:54:10.461  2249  2331 D SubscriptionController: [getSubId]- numSubIds == 0, return DummySubIds slotIdx=0
09-27 14:54:10.481  2249  2564 D SubscriptionController: [getActiveSubscriptionInfo]+ subId=1 subInfo={id=1, iccId=898600120917 simSlotIndex=1 displayName=CARD 2 carrierName=CMCC nameSource=0 iconTint=-16746133 dataRoaming=0 iconBitmap=android.graphics.Bitmap@d86d6f5 mcc 460 mnc 2}
09-27 14:54:10.490  2249  3218 D SubscriptionController: [getSubId]- numSubIds == 0, return DummySubIds slotIdx=0
09-27 14:54:10.517  2249  2262 D SubscriptionController: [getActiveSubscriptionInfo]+ subId=1 subInfo={id=1, iccId=898600120917 simSlotIndex=1 displayName=CARD 2 carrierName=CMCC nameSource=0 iconTint=-16746133 dataRoaming=0 iconBitmap=android.graphics.Bitmap@2d70f18 mcc 460 mnc 2}
09-27 14:54:10.523  2249  2565 D SubscriptionController: [getSubId]- numSubIds == 0, return DummySubIds slotIdx=0
