09-27 14:53:58.983  2249  2249 D TelephonyComponentFactory: makeIccPhoneBookInterfaceManager
09-27 14:53:58.986  2249  2312 D RILJ    : LCE status information received: lceStatus=1 actualInterval=512 [SUB1]
09-27 14:53:58.986  2249  2312 D RILJ    : [3669]< RIL_REQUEST_START_LCE [1, 512] [SUB1]
09-27 14:53:58.997  2249  2249 D QtiTelephonyComponentFactory: makeIccSmsInterfaceManager
09-27 14:53:58.997  2249  2249 D TelephonyComponentFactory: makeIccSmsInterfaceManager
09-27 14:53:59.004  2249  2249 E RIL_ImsSms: getFormat should never be called from here!
09-27 14:53:59.004  2249  2249 D SMSDispatcher: SMSDispatcher: ctor mSmsCapable=true format=unknown mSmsSendDisabled=false
09-27 14:53:59.004  2249  2249 D RIL_ImsSms: ImsSMSDispatcher created
09-27 14:53:59.007  2249  2249 D SMSDispatcher: SMSDispatcher: ctor mSmsCapable=true format=3gpp2 mSmsSendDisabled=false
09-27 14:53:59.008  2249  2249 D CdmaSMSDispatcher: CdmaSMSDispatcher created
09-27 14:53:59.014  2249  2249 D QtiTelephonyComponentFactory: getIDeviceIdleController
09-27 14:53:59.019  2249  2249 D TelephonyComponentFactory: getIDeviceIdleController
09-27 14:53:59.032  2249  2249 D QtiTelephonyComponentFactory: getIDeviceIdleController
09-27 14:53:59.032  2249  2249 D TelephonyComponentFactory: getIDeviceIdleController
09-27 14:53:59.033  2249  2249 D GsmInboundSmsHandler: created InboundSmsHandler
09-27 14:53:59.038  2249  2249 D QtiTelephonyComponentFactory: getIDeviceIdleController
09-27 14:53:59.038  2249  2249 D TelephonyComponentFactory: getIDeviceIdleController
09-27 14:53:59.045  2249  2249 D QtiTelephonyComponentFactory: getIDeviceIdleController
09-27 14:53:59.045  2249  2249 D TelephonyComponentFactory: getIDeviceIdleController
09-27 14:53:59.046  2249  2249 D CdmaInboundSmsHandler: created InboundSmsHandler
09-27 14:53:59.055  2249  2249 D SMSDispatcher: SMSDispatcher: ctor mSmsCapable=true format=3gpp mSmsSendDisabled=false
09-27 14:53:59.055  2249  2249 D GsmSMSDispatcher: GsmSMSDispatcher created
09-27 14:53:59.055  2249  2406 D GsmInboundSmsHandler: StartupState.processMessage:6
09-27 14:53:59.056  2249  2406 D GsmInboundSmsHandler: entering Idle state
09-27 14:53:59.056  2249  2406 D GsmInboundSmsHandler: IdleState.processMessage:5
09-27 14:53:59.056  2249  2418 D CdmaInboundSmsHandler: StartupState.processMessage:6
09-27 14:53:59.056  2249  2406 D GsmInboundSmsHandler: Idle state processing message type 5
09-27 14:53:59.056  2249  2418 D CdmaInboundSmsHandler: entering Idle state
09-27 14:53:59.056  2249  2418 D CdmaInboundSmsHandler: IdleState.processMessage:5
09-27 14:53:59.056  2249  2418 D CdmaInboundSmsHandler: Idle state processing message type 5
09-27 14:53:59.058  2249  2249 D QtiTelephonyComponentFactory: makeIccCardProxy
09-27 14:53:59.058  2249  2249 D TelephonyComponentFactory: makeIccCardProxy
09-27 14:53:59.058  2249  2249 D IccCardProxy: ctor: ci=com.android.internal.telephony.RIL@aaa61bc phoneId=1
09-27 14:53:59.058  2249  2406 D GsmInboundSmsHandler: mWakeLock released wakelockcount = 0
09-27 14:53:59.058  2249  2249 D IccCardProxy: update icc_operator_numeric=
09-27 14:53:59.058  2249  2249 D TelephonyManager: setTelephonyProperty: success phoneId=1 property=gsm.sim.operator.numeric value:  propVal=,
09-27 14:53:59.059  2249  2418 D CdmaInboundSmsHandler: mWakeLock released wakelockcount = 0
09-27 14:53:59.060  2249  2249 D TelephonyManager: setTelephonyProperty: success phoneId=1 property=gsm.sim.operator.iso-country value:  propVal=,
09-27 14:53:59.060  2249  2249 D TelephonyManager: setTelephonyProperty: success phoneId=1 property=gsm.sim.operator.alpha value:  propVal=,
09-27 14:53:59.061  2249  2249 E IccCardProxy: setExternalState: set mPhoneId=1 mExternalState=NOT_READY
09-27 14:53:59.061  2249  2249 D TelephonyManager: setTelephonyProperty: success phoneId=1 property=gsm.sim.state value: NOT_READY propVal=NOT_READY,NOT_READY
09-27 14:53:59.062  2249  2249 D IccCardProxy: broadcastIccStateChangedIntent intent ACTION_SIM_STATE_CHANGED value=NOT_READY reason=null for mPhoneId=1
09-27 14:53:59.068  2249  2249 D QtiTelephonyComponentFactory: getCdmaSubscriptionSourceManagerInstance
09-27 14:53:59.068  2249  2249 D TelephonyComponentFactory: getCdmaSubscriptionSourceManagerInstance
09-27 14:53:59.068  2249  2249 D QtiTelephonyComponentFactory: makeEriManager
09-27 14:53:59.068  2249  2249 D TelephonyComponentFactory: makeEriManager
09-27 14:53:59.072  2249  2249 D GsmCdmaPhone: [GsmCdmaPhone] Precise phone type 1
09-27 14:53:59.072  2249  2249 D RILJ    : setPhoneType=1 old value=0 [SUB1]
09-27 14:53:59.073  2249  2249 D TelephonyManager: setTelephonyProperty: success phoneId=1 property=gsm.current.phone-type value: 1 propVal=1,1
09-27 14:53:59.073  2249  2249 D IccCardProxy: Setting radio tech UMTS
09-27 14:53:59.073  2249  2249 D IccCardProxy: updateQuietMode: 3GPP subscription -> newQuietMode=false
09-27 14:53:59.073  2249  2249 D IccCardProxy: updateQuietMode: no changes don't setExternalState
09-27 14:53:59.073  2249  2249 D IccCardProxy: updateQuietMode: QuietMode is false (app_type=1 cdmaSource=-1)
09-27 14:53:59.074  2249  2249 D QtiTelephonyComponentFactory: makeQtiServiceStateTracker
09-27 14:53:59.074  2249  2261 D SubscriptionController: [getPhoneId]- no sims, returning default phoneId=0
09-27 14:53:59.075  2249  2262 D SubscriptionController: [getActiveSubInfoList] Sub Controller not ready
09-27 14:53:59.077  2249  2331 D SubscriptionController: [getPhoneId]- no sims, returning default phoneId=0
09-27 14:53:59.078  2249  2249 W CarrierConfigManager: Error getting config for subId 2147483643 ICarrierConfigLoader is null
09-27 14:53:59.079  1774  2069 D TelephonyRegistry: listen oscl: hasNotifySubscriptionInfoChangedOccurred==false no callback
09-27 14:53:59.086  2249  2308 D RILJ    : Unsol response received for UNSOL_OEM_HOOK_RAW Sending ack to ril.cpp [SUB0]
09-27 14:53:59.086  2249  2308 V RILJ    : [UNSL]< UNSOL_OEM_HOOK_RAW 514f454d484f4f4b4d04080000000000 [SUB0]
09-27 14:53:59.087  2249  2312 D RILJ    : Unsol response received for UNSOL_OEM_HOOK_RAW Sending ack to ril.cpp [SUB1]
09-27 14:53:59.087  2249  2312 V RILJ    : [UNSL]< UNSOL_OEM_HOOK_RAW 514f454d484f4f4b4d04080000000000 [SUB1]
09-27 14:53:59.090  2249  2312 D RILJ    : Unsol response received for UNSOL_OEM_HOOK_RAW Sending ack to ril.cpp [SUB1]
09-27 14:53:59.090  2249  2312 V RILJ    : [UNSL]< UNSOL_OEM_HOOK_RAW 514f454d484f4f4b04040800080000000100000001000000 [SUB1]
09-27 14:53:59.091  2249  2308 D RILJ    : Unsol response received for UNSOL_OEM_HOOK_RAW Sending ack to ril.cpp [SUB0]
09-27 14:53:59.091  2249  2308 V RILJ    : [UNSL]< UNSOL_OEM_HOOK_RAW 514f454d484f4f4b0404080008000000ffffffffffffffff [SUB0]
09-27 14:53:59.096  2249  2249 D TelephonyManager: setTelephonyProperty: success phoneId=1 property=gsm.network.type value: Unknown propVal=Unknown,Unknown
09-27 14:53:59.101  2249  2249 D RILJ    : [3674]> SIGNAL_STRENGTH [SUB1]
09-27 14:53:59.104  2249  2312 D RILJ    : [3674]< SIGNAL_STRENGTH SignalStrength: 0 0 0 0 0 0 0 0 0 0 0 0 0 gsm|lte [SUB1]
09-27 14:53:59.104  2249  2249 D SST     : notifyDataRegStateRilRadioTechnologyChanged: drs=1 rat=0
09-27 14:53:59.105  2249  2249 D TelephonyManager: setTelephonyProperty: success phoneId=1 property=gsm.network.type value: Unknown propVal=Unknown,Unknown
09-27 14:53:59.120  2249  2249 D QtiTelephonyComponentFactory: makeQtiDcTracker
09-27 14:53:59.120  2249  2249 D         : [1]DCT.constructor
09-27 14:53:59.127  1774  1886 D TelephonyRegistry: listen oscl: hasNotifySubscriptionInfoChangedOccurred==false no callback
09-27 14:53:59.128  2249  2249 D Dcc     : E ctor
09-27 14:53:59.128  2249  2249 D Dcc     : X ctor
09-27 14:53:59.130  2249  2249 D SubscriptionController: [getPhoneId] asked for default subId=2147483643
09-27 14:53:59.132  2249  2249 D QtiSubscriptionController: getPhoneId, received dummy subId 2147483643
09-27 14:53:59.133  2249  2249 D DcTesterFailBrinupAll: register for intent action=com.android.internal.telephony.dataconnection.action_fail_bringup
09-27 14:53:59.133  2249  2249 D DcTesterFailBrinupAll: register for intent action=com.qualcomm.qti.internal.telephony.action_detached
09-27 14:53:59.133  2249  2249 D DcTesterFailBrinupAll: register for intent action=com.qualcomm.qti.internal.telephony.action_attached
09-27 14:53:59.133  2249  2434 D DcTesterDeacativateAll: register for intent action=com.android.internal.telephony.dataconnection.action_deactivate_all
09-27 14:53:59.133  2249  2434 D DcTesterDeacativateAll: register for intent action=com.qualcomm.qti.internal.telephony.action_detached
09-27 14:53:59.136  2249  2249 D SST     : notifyDataRegStateRilRadioTechnologyChanged: drs=1 rat=0
09-27 14:53:59.136  2249  2249 D TelephonyManager: setTelephonyProperty: success phoneId=1 property=gsm.network.type value: Unknown propVal=Unknown,Unknown
09-27 14:53:59.136  2249  2434 D Dcc     : DccDefaultState: msg.what=EVENT_RIL_CONNECTED mRilVersion=13
09-27 14:53:59.137  2249  2249 D         : [1]update sub = 2147483644
09-27 14:53:59.137  2249  2249 D         : [1]update(): Active DDS, register for all events now!
09-27 14:53:59.138  2249  2249 D GsmCdmaPhone: [GsmCdmaPhone] updateCurrentCarrierInProvider: mSubId = 2147483644 currentDds = 1 operatorNumeric = null
09-27 14:53:59.140  2249  2249 D         : [1]initApnContexts: E
09-27 14:53:59.140  2249  2249 D         : [1]initApnContexts: skipping unknown type=1
09-27 14:53:59.140  2249  2249 D         : [1]initApnContexts: apnContext={mApnType=default mState=IDLE mWaitingApns={null} mApnSetting={null} mReason=dataEnabled mDataEnabled=false mDependencyMet=true}
09-27 14:53:59.141  2249  2249 D         : [1]initApnContexts: apnContext={mApnType=mms mState=IDLE mWaitingApns={null} mApnSetting={null} mReason=dataEnabled mDataEnabled=false mDependencyMet=true}
09-27 14:53:59.141  2249  2249 D         : [1]initApnContexts: apnContext={mApnType=supl mState=IDLE mWaitingApns={null} mApnSetting={null} mReason=dataEnabled mDataEnabled=false mDependencyMet=true}
09-27 14:53:59.141  2249  2249 D         : [1]initApnContexts: apnContext={mApnType=dun mState=IDLE mWaitingApns={null} mApnSetting={null} mReason=dataEnabled mDataEnabled=false mDependencyMet=true}
09-27 14:53:59.142  2249  2249 D         : [1]initApnContexts: apnContext={mApnType=hipri mState=IDLE mWaitingApns={null} mApnSetting={null} mReason=dataEnabled mDataEnabled=false mDependencyMet=true}
09-27 14:53:59.142  2249  2249 D         : [1]initApnContexts: apnContext={mApnType=fota mState=IDLE mWaitingApns={null} mApnSetting={null} mReason=dataEnabled mDataEnabled=false mDependencyMet=true}
09-27 14:53:59.142  2249  2249 D         : [1]initApnContexts: apnContext={mApnType=ims mState=IDLE mWaitingApns={null} mApnSetting={null} mReason=dataEnabled mDataEnabled=false mDependencyMet=true}
09-27 14:53:59.142  2249  2249 D         : [1]initApnContexts: apnContext={mApnType=cbs mState=IDLE mWaitingApns={null} mApnSetting={null} mReason=dataEnabled mDataEnabled=false mDependencyMet=true}
09-27 14:53:59.143  2249  2249 D         : [1]initApnContexts: skipping unknown type=7
09-27 14:53:59.143  2249  2249 D         : [1]initApnContexts: apnContext={mApnType=emergency mState=IDLE mWaitingApns={null} mApnSetting={null} mReason=dataEnabled mDataEnabled=false mDependencyMet=true}
09-27 14:53:59.167  2249  2249 D QtiGsmDCT: [1]QtiGsmDCT.constructor
09-27 14:53:59.167  2249  2249 D GsmCdmaPhone: [GsmCdmaPhone] GsmCdmaPhone: constructor: sub = 1
09-27 14:53:59.168  2249  2249 I PhoneFactory: Creating Phone with type = 1 sub = 1
09-27 14:53:59.176  2249  2249 I PhoneFactory: defaultSmsApplication: NONE
09-27 14:53:59.181  2249  2249 I PhoneFactory: Creating SubInfoRecordUpdater 
09-27 14:53:59.181  2249  2249 D QtiTelephonyComponentFactory: makeSubscriptionInfoUpdater
09-27 14:53:59.186  2249  2249 D SubscriptionInfoUpdater: Constructor invoked
09-27 14:53:59.251  2249  2261 D SubscriptionController: [getPhoneId]- no sims, returning default phoneId=0
09-27 14:53:59.353  1774  1886 D TelephonyRegistry: listen oscl: hasNotifySubscriptionInfoChangedOccurred==false no callback
09-27 14:53:59.353  2249  2249 D SubscriptionController: [getPhoneId]- no sims, returning default phoneId=0
09-27 14:53:59.356  2249  2249 D QtiTelephonyComponentFactory: makeQtiPhoneSwitcher
09-27 14:53:59.361  1774  1786 D TelephonyRegistry: listen oscl: hasNotifySubscriptionInfoChangedOccurred==false no callback
09-27 14:53:59.365  2249  2249 D PhoneSwitcher: PhoneSwitcher started
09-27 14:53:59.374  2249  2249 D ProxyController: Constructor - Enter
09-27 14:53:59.374  1774  1774 D TelephonyRegistry: notifyCellLocationForSubscriber: subId=0 cellLocation=Bundle[{cid=-1, lac=-1, psc=-1}]
09-27 14:53:59.376  2249  2262 D SubscriptionController: [getPhoneId]- no sims, returning default phoneId=0
09-27 14:53:59.382  1774  1774 D TelephonyRegistry: notifyCellLocationForSubscriber: subId=1 cellLocation=Bundle[{cid=-1, lac=-1, psc=-1}]
09-27 14:53:59.382  2249  2249 D ProxyController: clearTransaction
09-27 14:53:59.382  2249  2249 D ProxyController: clearTransaction: phoneId=0 status=IDLE
09-27 14:53:59.382  2249  2249 D ProxyController: clearTransaction: phoneId=1 status=IDLE
09-27 14:53:59.382  2249  2249 D ProxyController: Constructor - Exit
09-27 14:53:59.383  2249  2331 D SubscriptionController: [getPhoneId]- no sims, returning default phoneId=0
09-27 14:53:59.384  2249  2249 D TelephonyNetworkFactory[0]: Registering NetworkFactory
09-27 14:53:59.385  2249  2249 D TelephonyNetworkFactory[1]: Registering NetworkFactory
09-27 14:53:59.387  2249  2249 D QtiTelephonyComponentFactory:  makeExtTelephonyClasses 
09-27 14:53:59.389  2249  2249 D QtiUiccCardProvisioner:  Invoking constructor, no of phones = 2
09-27 14:53:59.392  2249  2249 D QtiRadioCapabilityController: getInstance
09-27 14:53:59.394  2249  2249 D QtiRadioCapabilityController: Constructor - Exit
09-27 14:53:59.399  2249  2249 D ExtTelephonyServiceImpl: init constructor 
09-27 14:53:59.404  2249  2249 D CallManager: registerPhone(GSM Handler (com.qualcomm.qti.internal.telephony.QtiGsmCdmaPhone) {2438a6d})
09-27 14:53:59.404  2249  2249 D CallManager: registerPhone(GSM Handler (com.qualcomm.qti.internal.telephony.QtiGsmCdmaPhone) {83d56a2})
09-27 14:53:59.408  1774  1981 D TelephonyRegistry: listen oscl: hasNotifySubscriptionInfoChangedOccurred==false no callback
09-27 14:53:59.436  1774  2279 D TelephonyRegistry: listen oscl: hasNotifySubscriptionInfoChangedOccurred==false no callback
09-27 14:53:59.470  2249  2249 D RILJ    : [3675]> RIL_REQUEST_SET_TTY_MODE : 0 [SUB0]
09-27 14:53:59.489  2249  2249 D RILJ    : [3676]> RIL_REQUEST_SET_TTY_MODE : 0 [SUB1]
09-27 14:53:59.491  2249  2308 D RILJ    : [3675]< RIL_REQUEST_SET_TTY_MODE  [SUB0]
09-27 14:53:59.493  1774  1786 D TelephonyRegistry: listen oscl: hasNotifySubscriptionInfoChangedOccurred==false no callback
09-27 14:53:59.495  2249  2249 D SubscriptionController: [getPhoneId] asked for default subId=2147483643
09-27 14:53:59.496  2249  2312 D RILJ    : [3676]< RIL_REQUEST_SET_TTY_MODE  [SUB1]
09-27 14:53:59.497  2249  2249 D QtiSubscriptionController: getPhoneId, received dummy subId 2147483643
09-27 14:53:59.514  2249  2249 D UiccController: Received EVENT_ICC_STATUS_CHANGED, calling getIccCardStatus
09-27 14:53:59.514  2249  2249 D RILJ    : [3677]> GET_SIM_STATUS [SUB0]
09-27 14:53:59.516  2249  2249 D UiccController: Received EVENT_ICC_STATUS_CHANGED, calling getIccCardStatus
09-27 14:53:59.516  2249  2249 D RILJ    : [3678]> GET_SIM_STATUS [SUB1]
09-27 14:53:59.517  2249  2249 D QtiGsmCdmaPhone: handleMessage: Event: 30
09-27 14:53:59.517  2249  2249 D QtiGsmCdmaPhone: handleMessage: Event: 37
09-27 14:53:59.517  2249  2249 D GsmSMSDispatcher: GsmSMSDispatcher: subId = 2147483643 slotId = 0
09-27 14:53:59.518  2249  2308 D RILJ    : [3677]< GET_SIM_STATUS IccCardState {CARDSTATE_ABSENT,PINSTATE_UNKNOWN,num_apps=0,gsm_id=-1,cdma_id=-1,ims_id=-1} [SUB0]
09-27 14:53:59.518  2249  2249 E IccCardProxy: setExternalState: !override and newstate unchanged from NOT_READY
09-27 14:53:59.518  2249  2249 D QtiGsmCdmaPhone: handleMessage: Event: 1
09-27 14:53:59.518  2249  2249 D RILJ    : [3679]> BASEBAND_VERSION [SUB0]
09-27 14:53:59.521  2249  2249 D RILJ    : [3680]> GET_IMEI [SUB0]
09-27 14:53:59.523  2249  2249 D RILJ    : [3681]> GET_IMEISV [SUB0]
09-27 14:53:59.523  2249  2308 D RILJ    : [3679]< BASEBAND_VERSION 953_GEN_PACK-1.109133.1.109682.1 [SUB0]
09-27 14:53:59.524  2249  2249 D RILJ    : [3682]> RIL_REQUEST_GET_RADIO_CAPABILITY [SUB0]
09-27 14:53:59.524  2249  2312 D RILJ    : [3678]< GET_SIM_STATUS IccCardState {CARDSTATE_PRESENT,PINSTATE_ENABLED_NOT_VERIFIED,num_apps=2,gsm_id=0{APPTYPE_USIM,APPSTATE_READY,pin1=PINSTATE_DISABLED,pin2=PINSTATE_ENABLED_NOT_VERIFIED},cdma_id=-1,ims_id=-1} [SUB1]
09-27 14:53:59.526  2249  2249 D RILJ    : [3683]> RIL_REQUEST_START_LCE [SUB0]
09-27 14:53:59.526  2249  2308 D RILJ    : [3680]< GET_IMEI  [SUB0]
09-27 14:53:59.527  2249  2249 D QtiGsmCdmaPhone: handleMessage: Event: 8
09-27 14:53:59.527  2249  2249 D GsmCdmaPhone: [GsmCdmaPhone] Event EVENT_RADIO_OFF_OR_NOT_AVAILABLE Received
09-27 14:53:59.527  2249  2308 D RILJ    : [3681]< GET_IMEISV  [SUB0]
09-27 14:53:59.527  2249  2249 D QtiGsmCdmaPhone: handleMessage: Event: 41
09-27 14:53:59.528  2249  2249 E IccCardProxy: setExternalState: !override and newstate unchanged from NOT_READY
09-27 14:53:59.528  2249  2249 D SST     : mDeviceShuttingDown=false, mDesiredPowerState=true, getRadioState=RADIO_OFF, mPowerOffDelayNeed=true, mAlarmSwitch=false, mRadioDisabledByCarrier=false
09-27 14:53:59.528  2249  2308 D RILJ    : responseRadioCapability: version= 0, session=0, phase=0, rat=81928, logicModemUuid=0, status=1 [SUB0]
09-27 14:53:59.528  2249  2308 D RILJ    : [3682]< RIL_REQUEST_GET_RADIO_CAPABILITY {mPhoneId = 0 mVersion=1 mSession=0 mPhase=0 mRadioAccessFamily=81928 mLogicModemId=0 mStatus=1} [SUB0]
09-27 14:53:59.529  2249  2249 D RILJ    : [3684]> RADIO_POWER on [SUB0]
09-27 14:53:59.531  2249  2308 D RILJ    : LCE status information received: lceStatus=1 actualInterval=512 [SUB0]
09-27 14:53:59.531  2249  2249 D RILJ    : [3685]> OPERATOR [SUB0]
09-27 14:53:59.531  2249  2308 D RILJ    : [3683]< RIL_REQUEST_START_LCE [1, 512] [SUB0]
09-27 14:53:59.532  2249  2249 D RILJ    : [3686]> DATA_REGISTRATION_STATE [SUB0]
09-27 14:53:59.534  2249  2249 D RILJ    : [3687]> VOICE_REGISTRATION_STATE [SUB0]
09-27 14:53:59.536  2249  2249 D RILJ    : [3688]> QUERY_NETWORK_SELECTION_MODE [SUB0]
09-27 14:53:59.536   821  2484 I RILQ    : (0/821):RIL[0][cmd-21(552)] qcril_qmi_nas_reset_data_snapshot_cache_and_timer: Resetting snapshot timer
09-27 14:53:59.536  2249  2308 D RILJ    : [3685]< OPERATOR {null, null, null} [SUB0]
09-27 14:53:59.537  2249  2249 D SST     : mDeviceShuttingDown=false, mDesiredPowerState=true, getRadioState=RADIO_OFF, mPowerOffDelayNeed=true, mAlarmSwitch=false, mRadioDisabledByCarrier=false
09-27 14:53:59.539  2249  2308 D RILJ    : [3686]< DATA_REGISTRATION_STATE {0, null, null, null, 0, 20, null, null, null, null, null} [SUB0]
09-27 14:53:59.539   821  2485 I RILQ    : (0/821):RIL[0][cmd-20(656)] qcril_qmi_nas_reset_data_snapshot_cache_and_timer: Resetting snapshot timer
09-27 14:53:59.539  2249  2249 D RILJ    : [3689]> RADIO_POWER on [SUB0]
09-27 14:53:59.541  2249  2249 D RILJ    : [3690]> OPERATOR [SUB0]
09-27 14:53:59.541   821  1012 I RILQ    : (0/821):RIL[0][event] qcril_qmi_nas_evaluate_custom_emergency_numbers_for_card: cur_status 0, card_state 9
09-27 14:53:59.542   821  1012 E RILQ    : (0/821): RIL[0][event] get_ecc_property_name: ecc list name : ril.ecclist.
09-27 14:53:59.543  2249  2308 D RILJ    : [3687]< VOICE_REGISTRATION_STATE {2, null, null, 0, null, null, null, 0, null, null, null, null, null, 0, null} [SUB0]
09-27 14:53:59.543  2249  2249 D RILJ    : [3691]> DATA_REGISTRATION_STATE [SUB0]
09-27 14:53:59.544   821  1012 I RILQ    : (0/821):RIL[0][event] qcril_qmi_nas_reset_data_snapshot_cache_and_timer: Resetting snapshot timer
09-27 14:53:59.544  2249  2308 D RILJ    : [3688]< QUERY_NETWORK_SELECTION_MODE {0} [SUB0]
09-27 14:53:59.544   939  1023 I RILQ    : (1/939):RIL[1][event] qcril_qmi_nas_dms_op_state_update_handler: reported op mode ONLINE
09-27 14:53:59.545  2249  2249 D RILJ    : [3692]> VOICE_REGISTRATION_STATE [SUB0]
09-27 14:53:59.546  2249  2308 D RILJ    : [3690]< OPERATOR {null, null, null} [SUB0]
09-27 14:53:59.546   821  1012 I RILQ    : (0/821):RIL[0][event] qcril_qmi_nas_dms_op_state_update_handler: reported op mode ONLINE
09-27 14:53:59.546   821  1012 I RILQ    : (0/821):RIL[0][event] qcril_qmi_nas_dms_op_state_update_handler: expected op mode ONLINE
09-27 14:53:59.547  2249  2249 D RILJ    : [3693]> QUERY_NETWORK_SELECTION_MODE [SUB0]
09-27 14:53:59.548   821  2488 I RILQ    : (0/821):RIL[0][cmd-21(552)] qcril_qmi_nas_reset_data_snapshot_cache_and_timer: Resetting snapshot timer
09-27 14:53:59.550   939  1023 I RILQ    : (1/939):RIL[1][event] qcril_qmi_nas_reset_data_snapshot_cache_and_timer: Resetting snapshot timer
09-27 14:53:59.550  2249  2308 D RILJ    : [3691]< DATA_REGISTRATION_STATE {2, null, null, null, 0, 20, null, null, null, null, null} [SUB0]
09-27 14:53:59.552   939  1023 I RILQ    : (1/939):RIL[1][event] qcril_qmi_nas_reset_data_snapshot_cache_and_timer: Resetting snapshot timer
09-27 14:53:59.552  2249  2249 D QtiGsmDCT: [0]QtiDcTracker handleMessage msg={ when=-764ms what=270369 obj=android.os.AsyncResult@7355008 target=com.qualcomm.qti.internal.telephony.dataconnection.QtiDcTracker }
09-27 14:53:59.553  2249  2249 D QtiGsmDCT: [0]NETWORK_STATE_CHANGED_ACTION: mIsWifiConnected=false
09-27 14:53:59.553  2249  2249 D QtiGsmDCT: [0]Wifi state changed
09-27 14:53:59.553   821  2489 I RILQ    : (0/821):RIL[0][cmd-20(656)] qcril_qmi_nas_reset_data_snapshot_cache_and_timer: Resetting snapshot timer
09-27 14:53:59.553  2249  2249 D QtiGsmDCT: [0]WIFI_STATE_CHANGED_ACTION: enabled=true mIsWifiConnected=false
09-27 14:53:59.554  2249  2249 D QtiGsmDCT: [0]QtiDcTracker handleMessage msg={ when=-734ms what=270337 obj=android.os.AsyncResult@a639d87 target=com.qualcomm.qti.internal.telephony.dataconnection.QtiDcTracker }
09-27 14:53:59.554  2249  2249 D QtiGsmDCT: [0]onRadioAvailable
09-27 14:53:59.554  2249  2249 D QtiGsmDCT: [0]QtiDcTracker handleMessage msg={ when=-734ms what=270342 obj=android.os.AsyncResult@3d364b4 target=com.qualcomm.qti.internal.telephony.dataconnection.QtiDcTracker }
09-27 14:53:59.554  2249  2249 D QtiGsmDCT: [0]onRadioOffOrNotAvailable: is off and clean up all connections
09-27 14:53:59.554  2249  2249 D QtiGsmDCT: [0]cleanUpAllConnections: tearDown=false reason=radioTurnedOff
09-27 14:53:59.555  2249  2249 D GsmCdmaPhone: [GsmCdmaPhone] getDataConnectionState apnType=default ret=DISCONNECTED
09-27 14:53:59.555  2249  2312 D RILJ    : Unsol response received for UNSOL_RESPONSE_VOICE_NETWORK_STATE_CHANGED Sending ack to ril.cpp [SUB1]
09-27 14:53:59.555  2249  2312 D RILJ    : [UNSL]< UNSOL_RESPONSE_VOICE_NETWORK_STATE_CHANGED [SUB1]
09-27 14:53:59.556  2249  2249 D CdmaSSM : subscriptionSource from settings: 0
09-27 14:53:59.556   821  1012 I RILQ    : (0/821):RIL[0][event] qcril_qmi_nas_reset_data_snapshot_cache_and_timer: Resetting snapshot timer
09-27 14:53:59.556  2249  2308 D RILJ    : [3692]< VOICE_REGISTRATION_STATE {2, null, null, 0, null, null, null, 0, null, null, null, null, null, 0, null} [SUB0]
09-27 14:53:59.557   939  1023 I RILQ    : (1/939):RIL[1][event] qcril_qmi_nas_evaluate_custom_emergency_numbers_for_card: cur_status 3328, card_state 3
09-27 14:53:59.557   939  1023 I RILQ    : (1/939):RIL[1][event] qcril_qmi_nas_evaluate_custom_emergency_numbers_for_card: card_mcc 460, card_mnc 02
09-27 14:53:59.557  2249  2249 D QtiSubscriptionController: getPhoneId, received dummy subId 2147483643
09-27 14:53:59.558   939  1023 I RILQ    : (1/939):RIL[1][event] qcril_qmi_nas_add_emergency_numbers: matched with source mcc table using IMSI MCC
09-27 14:53:59.558   821  1012 I RILQ    : (0/821):RIL[0][event] qcril_qmi_nas_reset_data_snapshot_cache_and_timer: Resetting snapshot timer
09-27 14:53:59.558  2249  2308 D RILJ    : [3693]< QUERY_NETWORK_SELECTION_MODE {0} [SUB0]
09-27 14:53:59.559  2249  2249 D QtiSubscriptionController: getPhoneId, received dummy subId 2147483643
09-27 14:53:59.559   939  1023 I RILQ    : (1/939):RIL[1][event] qcril_qmi_nas_add_emergency_numbers: Update ril ecclist
09-27 14:53:59.559  2249  2312 D RILJ    : Unsol response received for UNSOL_OEM_HOOK_RAW Sending ack to ril.cpp [SUB1]
09-27 14:53:59.559   939  1023 E RILQ    : (1/939): RIL[1][event] get_ecc_property_name: ecc list name : ril.ecclist1.
09-27 14:53:59.559  2249  2312 V RILJ    : [UNSL]< UNSOL_OEM_HOOK_RAW 514f454d484f4f4bf10308000100000001 [SUB1]
09-27 14:53:59.559   939  1023 E RILQ    : (1/939): RIL[1][event] get_ecc_property_name: ecc list name : ril.ecclist1.
09-27 14:53:59.561   939  1023 E RILQ    : (1/939): RIL[1][event] get_ecc_property_name: ecc list name : ril.ecclist1.
09-27 14:53:59.561   939  1023 I RILQ    : (1/939):RIL[1][event] qcril_qmi_nas_evaluate_custom_emergency_numbers_for_card: cur_status 3072, card_state 3
09-27 14:53:59.561   939  1023 I RILQ    : (1/939):RIL[1][event] qcril_qmi_nas_evaluate_custom_emergency_numbers_for_card: card_mcc 460, card_mnc 02
09-27 14:53:59.562   939  1023 I RILQ    : (1/939):RIL[1][event] qcril_qmi_nas_add_emergency_numbers: matched with source mcc table using IMSI MCC
09-27 14:53:59.563   939  1023 I RILQ    : (1/939):RIL[1][event] qcril_qmi_nas_add_emergency_numbers: Update ril ecclist
09-27 14:53:59.563   939  1023 E RILQ    : (1/939): RIL[1][event] get_ecc_property_name: ecc list name : ril.ecclist1.
09-27 14:53:59.563   821  1012 I RILQ    : (0/821):RIL[0][event] qcril_qmi_nas_evaluate_custom_emergency_numbers_for_card: cur_status 0, card_state 9
09-27 14:53:59.563   821  1012 E RILQ    : (0/821): RIL[0][event] get_ecc_property_name: ecc list name : ril.ecclist.
09-27 14:53:59.563   939  1023 E RILQ    : (1/939): RIL[1][event] get_ecc_property_name: ecc list name : ril.ecclist1.
09-27 14:53:59.565   821  1012 E RILQ    : (0/821): RIL[0][event] get_ecc_property_name: ecc list name : ril.ecclist.
09-27 14:53:59.565   821  1012 I RILQ    : (0/821):RIL[0][event] qcril_qmi_nas_evaluate_custom_emergency_numbers_for_card: cur_status 0, card_state 9
09-27 14:53:59.565   821  1012 E RILQ    : (0/821): RIL[0][event] get_ecc_property_name: ecc list name : ril.ecclist.
09-27 14:53:59.566   939  1023 E RILQ    : (1/939): RIL[1][event] get_ecc_property_name: ecc list name : ril.ecclist1.
09-27 14:53:59.566   939  1023 I RILQ    : (1/939):RIL[1][event] qcril_qmi_nas_evaluate_custom_emergency_numbers_for_card: cur_status 3072, card_state 3
09-27 14:53:59.566   939  1023 I RILQ    : (1/939):RIL[1][event] qcril_qmi_nas_evaluate_custom_emergency_numbers_for_card: card_mcc 460, card_mnc 02
09-27 14:53:59.567   939  1023 I RILQ    : (1/939):RIL[1][event] qcril_qmi_nas_add_emergency_numbers: matched with source mcc table using IMSI MCC
09-27 14:53:59.568   939  1023 I RILQ    : (1/939):RIL[1][event] qcril_qmi_nas_add_emergency_numbers: Update ril ecclist
09-27 14:53:59.568   939  1023 E RILQ    : (1/939): RIL[1][event] get_ecc_property_name: ecc list name : ril.ecclist1.
09-27 14:53:59.568  2249  2249 D QtiGsmDCT: [0]setupDataForSinglePdn: reason = radioTurnedOff isDisconnected = true
09-27 14:53:59.568   939  1023 E RILQ    : (1/939): RIL[1][event] get_ecc_property_name: ecc list name : ril.ecclist1.
09-27 14:53:59.568  2249  2249 D QtiGsmDCT: [0]isOnlySingleDcAllowed(0): false
09-27 14:53:59.569  2249  2249 D QtiGsmDCT: [0]cleanUpConnection: X tearDown=false reason=radioTurnedOff apnContext={mApnType=default mState=IDLE mWaitingApns={null} mApnSetting={null} mReason=radioTurnedOff mDataEnabled=false mDependencyMet=true} dcac=null
09-27 14:53:59.569  2249  2249 D GsmCdmaPhone: [GsmCdmaPhone] getDataConnectionState apnType=mms ret=DISCONNECTED
09-27 14:53:59.569  2249  2332 D SubscriptionController: [getPhoneId]- no sims, returning default phoneId=0
09-27 14:53:59.570  2249  2249 D CdmaSSM : subscriptionSource from settings: 0
09-27 14:53:59.571  2249  2249 D QtiSubscriptionController: getPhoneId, received dummy subId 2147483643
09-27 14:53:59.572  2249  2249 D QtiSubscriptionController: getPhoneId, received dummy subId 2147483643
09-27 14:53:59.573  2249  2261 D SubscriptionController: [getPhoneId]- no sims, returning default phoneId=0
09-27 14:53:59.576  2249  2262 D SubscriptionController: [getPhoneId]- no sims, returning default phoneId=0
09-27 14:53:59.580  2249  2331 D SubscriptionController: [getPhoneId]- no sims, returning default phoneId=0
09-27 14:53:59.583  2249  2249 D QtiGsmDCT: [0]setupDataForSinglePdn: reason = radioTurnedOff isDisconnected = true
09-27 14:53:59.583  2249  2249 D QtiGsmDCT: [0]isOnlySingleDcAllowed(0): false
09-27 14:53:59.584  2249  2249 D QtiGsmDCT: [0]cleanUpConnection: X tearDown=false reason=radioTurnedOff apnContext={mApnType=mms mState=IDLE mWaitingApns={null} mApnSetting={null} mReason=radioTurnedOff mDataEnabled=false mDependencyMet=true} dcac=null
09-27 14:53:59.584  2249  2261 D SubscriptionController: [getPhoneId]- no sims, returning default phoneId=0
09-27 14:53:59.584  2249  2249 D GsmCdmaPhone: [GsmCdmaPhone] getDataConnectionState apnType=cbs ret=DISCONNECTED
09-27 14:53:59.585  2249  2249 D CdmaSSM : subscriptionSource from settings: 0
09-27 14:53:59.587  2249  2249 D QtiSubscriptionController: getPhoneId, received dummy subId 2147483643
09-27 14:53:59.588  2249  2249 D QtiSubscriptionController: getPhoneId, received dummy subId 2147483643
09-27 14:53:59.593  2249  2249 D QtiGsmDCT: [0]setupDataForSinglePdn: reason = radioTurnedOff isDisconnected = true
09-27 14:53:59.593  2249  2249 D QtiGsmDCT: [0]isOnlySingleDcAllowed(0): false
09-27 14:53:59.593  2249  2249 D QtiGsmDCT: [0]cleanUpConnection: X tearDown=false reason=radioTurnedOff apnContext={mApnType=cbs mState=IDLE mWaitingApns={null} mApnSetting={null} mReason=radioTurnedOff mDataEnabled=false mDependencyMet=true} dcac=null
09-27 14:53:59.593  2249  2249 D GsmCdmaPhone: [GsmCdmaPhone] getDataConnectionState apnType=fota ret=DISCONNECTED
09-27 14:53:59.594  2249  2249 D CdmaSSM : subscriptionSource from settings: 0
09-27 14:53:59.597  2249  2249 D QtiSubscriptionController: getPhoneId, received dummy subId 2147483643
09-27 14:53:59.598  2249  2249 D QtiSubscriptionController: getPhoneId, received dummy subId 2147483643
09-27 14:53:59.602  2249  2249 D QtiGsmDCT: [0]setupDataForSinglePdn: reason = radioTurnedOff isDisconnected = true
09-27 14:53:59.602  2249  2249 D QtiGsmDCT: [0]isOnlySingleDcAllowed(0): false
09-27 14:53:59.602  2249  2249 D QtiGsmDCT: [0]cleanUpConnection: X tearDown=false reason=radioTurnedOff apnContext={mApnType=fota mState=IDLE mWaitingApns={null} mApnSetting={null} mReason=radioTurnedOff mDataEnabled=false mDependencyMet=true} dcac=null
09-27 14:53:59.602  2249  2249 D GsmCdmaPhone: [GsmCdmaPhone] getDataConnectionState apnType=supl ret=DISCONNECTED
09-27 14:53:59.603  2249  2249 D CdmaSSM : subscriptionSource from settings: 0
09-27 14:53:59.604  2249  2249 D QtiSubscriptionController: getPhoneId, received dummy subId 2147483643
09-27 14:53:59.605  2249  2249 D QtiSubscriptionController: getPhoneId, received dummy subId 2147483643
09-27 14:53:59.610  2249  2249 D QtiGsmDCT: [0]setupDataForSinglePdn: reason = radioTurnedOff isDisconnected = true
09-27 14:53:59.610  2249  2249 D QtiGsmDCT: [0]isOnlySingleDcAllowed(0): false
09-27 14:53:59.610  2249  2249 D QtiGsmDCT: [0]cleanUpConnection: X tearDown=false reason=radioTurnedOff apnContext={mApnType=supl mState=IDLE mWaitingApns={null} mApnSetting={null} mReason=radioTurnedOff mDataEnabled=false mDependencyMet=true} dcac=null
09-27 14:53:59.610  2249  2249 D GsmCdmaPhone: [GsmCdmaPhone] getDataConnectionState apnType=emergency ret=DISCONNECTED
09-27 14:53:59.612  2249  2249 D QtiSubscriptionController: getPhoneId, received dummy subId 2147483643
09-27 14:53:59.614  2249  2249 D QtiSubscriptionController: getPhoneId, received dummy subId 2147483643
09-27 14:53:59.619  2249  2249 D QtiGsmDCT: [0]setupDataForSinglePdn: reason = radioTurnedOff isDisconnected = true
09-27 14:53:59.619  2249  2249 D QtiGsmDCT: [0]isOnlySingleDcAllowed(0): false
09-27 14:53:59.619  2249  2249 D QtiGsmDCT: [0]cleanUpConnection: X tearDown=false reason=radioTurnedOff apnContext={mApnType=emergency mState=IDLE mWaitingApns={null} mApnSetting={null} mReason=radioTurnedOff mDataEnabled=false mDependencyMet=true} dcac=null
09-27 14:53:59.619  2249  2249 D GsmCdmaPhone: [GsmCdmaPhone] getDataConnectionState apnType=dun ret=DISCONNECTED
09-27 14:53:59.620  2249  2249 D CdmaSSM : subscriptionSource from settings: 0
09-27 14:53:59.623  2249  2249 D QtiSubscriptionController: getPhoneId, received dummy subId 2147483643
09-27 14:53:59.625  2249  2249 D QtiSubscriptionController: getPhoneId, received dummy subId 2147483643
09-27 14:53:59.629  2249  2249 D QtiGsmDCT: [0]setupDataForSinglePdn: reason = radioTurnedOff isDisconnected = true
09-27 14:53:59.630  2249  2249 D QtiGsmDCT: [0]isOnlySingleDcAllowed(0): false
09-27 14:53:59.630  2249  2249 D QtiGsmDCT: [0]cleanUpConnection: X tearDown=false reason=radioTurnedOff apnContext={mApnType=dun mState=IDLE mWaitingApns={null} mApnSetting={null} mReason=radioTurnedOff mDataEnabled=false mDependencyMet=true} dcac=null
09-27 14:53:59.630  2249  2249 D GsmCdmaPhone: [GsmCdmaPhone] getDataConnectionState apnType=hipri ret=DISCONNECTED
09-27 14:53:59.631  2249  2249 D CdmaSSM : subscriptionSource from settings: 0
09-27 14:53:59.633  2249  2249 D QtiSubscriptionController: getPhoneId, received dummy subId 2147483643
09-27 14:53:59.634  2249  2249 D QtiSubscriptionController: getPhoneId, received dummy subId 2147483643
09-27 14:53:59.638  2249  2249 D QtiGsmDCT: [0]setupDataForSinglePdn: reason = radioTurnedOff isDisconnected = true
09-27 14:53:59.638  2249  2249 D QtiGsmDCT: [0]isOnlySingleDcAllowed(0): false
09-27 14:53:59.638  2249  2249 D QtiGsmDCT: [0]cleanUpConnection: X tearDown=false reason=radioTurnedOff apnContext={mApnType=hipri mState=IDLE mWaitingApns={null} mApnSetting={null} mReason=radioTurnedOff mDataEnabled=false mDependencyMet=true} dcac=null
09-27 14:53:59.638  2249  2249 D GsmCdmaPhone: [GsmCdmaPhone] getDataConnectionState apnType=ims ret=DISCONNECTED
09-27 14:53:59.639  2249  2249 D CdmaSSM : subscriptionSource from settings: 0
09-27 14:53:59.642  2249  2249 D QtiSubscriptionController: getPhoneId, received dummy subId 2147483643
09-27 14:53:59.643  2249  2312 D RILJ    : Unsol response received for UNSOL_RESPONSE_IMS_NETWORK_STATE_CHANGED Sending ack to ril.cpp [SUB1]
09-27 14:53:59.643  2249  2312 D RILJ    : [UNSL]< UNSOL_RESPONSE_IMS_NETWORK_STATE_CHANGED [SUB1]
09-27 14:53:59.643  2249  2249 D QtiSubscriptionController: getPhoneId, received dummy subId 2147483643
09-27 14:53:59.648  2249  2249 D QtiGsmDCT: [0]setupDataForSinglePdn: reason = radioTurnedOff isDisconnected = true
09-27 14:53:59.648  2249  2249 D QtiGsmDCT: [0]isOnlySingleDcAllowed(0): false
09-27 14:53:59.648  2249  2249 D QtiGsmDCT: [0]cleanUpConnection: X tearDown=false reason=radioTurnedOff apnContext={mApnType=ims mState=IDLE mWaitingApns={null} mApnSetting={null} mReason=radioTurnedOff mDataEnabled=false mDependencyMet=true} dcac=null
09-27 14:53:59.648  2249  2249 D QtiGsmDCT: [0]stopNetStatPoll
09-27 14:53:59.655  2249  2249 D QtiSubscriptionController: getPhoneId, received dummy subId 2147483643
09-27 14:53:59.659  2249  2249 D QtiGsmDCT: [0]cleanUpConnection: mDisconnectPendingCount = 0
09-27 14:53:59.660  2249  2249 D CdmaSSM : subscriptionSource from settings: 0
09-27 14:53:59.662  2249  2249 D QtiGsmDCT: [0]isDataAllowed: No - SIM not loaded - Not attached
09-27 14:53:59.663  2249  2249 D CdmaSSM : subscriptionSource from settings: 0
09-27 14:53:59.665  2249  2249 D QtiSubscriptionController: getPhoneId, received dummy subId 2147483643
09-27 14:53:59.670  2249  2249 D QtiSubscriptionController: getPhoneId, received dummy subId 2147483643
09-27 14:53:59.675  2249  2249 D CdmaSSM : subscriptionSource from settings: 0
09-27 14:53:59.675  2249  2332 D SubscriptionController: [getPhoneId]- no sims, returning default phoneId=0
09-27 14:53:59.678  2249  2249 D QtiSubscriptionController: getPhoneId, received dummy subId 2147483643
09-27 14:53:59.680  2249  2249 D QtiSubscriptionController: getPhoneId, received dummy subId 2147483643
09-27 14:53:59.685  2249  2249 D CdmaSSM : subscriptionSource from settings: 0
09-27 14:53:59.686  2249  2261 D SubscriptionController: [getPhoneId]- no sims, returning default phoneId=0
09-27 14:53:59.688  2249  2249 D QtiSubscriptionController: getPhoneId, received dummy subId 2147483643
09-27 14:53:59.689  2249  2262 D SubscriptionController: [getPhoneId]- no sims, returning default phoneId=0
09-27 14:53:59.691  2249  2249 D QtiSubscriptionController: getPhoneId, received dummy subId 2147483643
09-27 14:53:59.692  2249  2332 D SubscriptionController: [getPhoneId]- no sims, returning default phoneId=0
09-27 14:53:59.697  2249  2331 D SubscriptionController: [getPhoneId]- no sims, returning default phoneId=0
09-27 14:53:59.704  2249  2249 D CdmaSSM : subscriptionSource from settings: 0
09-27 14:53:59.706  2249  2249 D QtiSubscriptionController: getPhoneId, received dummy subId 2147483643
09-27 14:53:59.708  2249  2249 D QtiSubscriptionController: getPhoneId, received dummy subId 2147483643
09-27 14:53:59.714  2249  2249 D CdmaSSM : subscriptionSource from settings: 0
09-27 14:53:59.715  2249  2249 D QtiSubscriptionController: getPhoneId, received dummy subId 2147483643
09-27 14:53:59.723  2249  2249 D QtiSubscriptionController: getPhoneId, received dummy subId 2147483643
09-27 14:53:59.729  2249  2249 D QtiSubscriptionController: getPhoneId, received dummy subId 2147483643
09-27 14:53:59.730  2249  2249 D QtiSubscriptionController: getPhoneId, received dummy subId 2147483643
09-27 14:53:59.735  2249  2249 D CdmaSSM : subscriptionSource from settings: 0
09-27 14:53:59.736  2249  2249 D QtiSubscriptionController: getPhoneId, received dummy subId 2147483643
09-27 14:53:59.738  2249  2249 D QtiSubscriptionController: getPhoneId, received dummy subId 2147483643
09-27 14:53:59.743  2249  2249 D CdmaSSM : subscriptionSource from settings: 0
09-27 14:53:59.744  2249  2249 D QtiSubscriptionController: getPhoneId, received dummy subId 2147483643
09-27 14:53:59.746  2249  2249 D QtiSubscriptionController: getPhoneId, received dummy subId 2147483643
09-27 14:53:59.750  2249  2249 D CdmaSSM : subscriptionSource from settings: 0
09-27 14:53:59.752  2249  2249 D QtiSubscriptionController: getPhoneId, received dummy subId 2147483643
09-27 14:53:59.753  2249  2249 D QtiSubscriptionController: getPhoneId, received dummy subId 2147483643
09-27 14:53:59.757  2249  2249 D QtiGsmDCT: [0]QtiDcTracker handleMessage msg={ when=-937ms what=270345 obj=android.os.AsyncResult@5528b23 target=com.qualcomm.qti.internal.telephony.dataconnection.QtiDcTracker }
09-27 14:53:59.758  2249  2249 D QtiGsmDCT: [0]onDataConnectionDetached: stop polling and notify detached
09-27 14:53:59.758  2249  2249 D QtiGsmDCT: [0]stopNetStatPoll
09-27 14:53:59.759  2249  2249 D QtiSubscriptionController: getPhoneId, received dummy subId 2147483643
09-27 14:53:59.760  2249  2249 D QtiGsmDCT: [0]notifyDataConnection: reason=dataDetached
09-27 14:53:59.761  2249  2249 D CdmaSSM : subscriptionSource from settings: 0
09-27 14:53:59.761  2249  2249 D QtiGsmDCT: [0]isDataAllowed: No - SIM not loaded - Not attached
09-27 14:53:59.762  2249  2249 D CdmaSSM : subscriptionSource from settings: 0
09-27 14:53:59.765  2249  2249 D QtiSubscriptionController: getPhoneId, received dummy subId 2147483643
09-27 14:53:59.767  2249  2249 D QtiSubscriptionController: getPhoneId, received dummy subId 2147483643
09-27 14:53:59.771  2249  2249 D CdmaSSM : subscriptionSource from settings: 0
09-27 14:53:59.772  2249  2262 D SubscriptionController: [getPhoneId]- no sims, returning default phoneId=0
09-27 14:53:59.773  2249  2249 D QtiSubscriptionController: getPhoneId, received dummy subId 2147483643
09-27 14:53:59.774  2249  2249 D QtiSubscriptionController: getPhoneId, received dummy subId 2147483643
09-27 14:53:59.775  2249  2261 D SubscriptionController: [getPhoneId]- no sims, returning default phoneId=0
09-27 14:53:59.778  2249  2331 D SubscriptionController: [getPhoneId]- no sims, returning default phoneId=0
09-27 14:53:59.780  2249  2249 D CdmaSSM : subscriptionSource from settings: 0
09-27 14:53:59.781  2249  2262 D SubscriptionController: [getPhoneId]- no sims, returning default phoneId=0
09-27 14:53:59.782  2249  2249 D QtiSubscriptionController: getPhoneId, received dummy subId 2147483643
09-27 14:53:59.783  2249  2249 D QtiSubscriptionController: getPhoneId, received dummy subId 2147483643
09-27 14:53:59.784  2249  2261 D SubscriptionController: [getPhoneId]- no sims, returning default phoneId=0
09-27 14:53:59.788  2249  2249 D CdmaSSM : subscriptionSource from settings: 0
09-27 14:53:59.790  2249  2249 D QtiSubscriptionController: getPhoneId, received dummy subId 2147483643
09-27 14:53:59.791  2249  2249 D QtiSubscriptionController: getPhoneId, received dummy subId 2147483643
09-27 14:53:59.795  2249  2249 D CdmaSSM : subscriptionSource from settings: 0
09-27 14:53:59.797  2249  2249 D QtiSubscriptionController: getPhoneId, received dummy subId 2147483643
09-27 14:53:59.798  2249  2249 D QtiSubscriptionController: getPhoneId, received dummy subId 2147483643
09-27 14:53:59.804  2249  2249 D QtiSubscriptionController: getPhoneId, received dummy subId 2147483643
09-27 14:53:59.805  2249  2249 D QtiSubscriptionController: getPhoneId, received dummy subId 2147483643
09-27 14:53:59.810  2249  2249 D CdmaSSM : subscriptionSource from settings: 0
09-27 14:53:59.812  2249  2249 D QtiSubscriptionController: getPhoneId, received dummy subId 2147483643
09-27 14:53:59.815  2249  2249 D QtiSubscriptionController: getPhoneId, received dummy subId 2147483643
09-27 14:53:59.820  2249  2249 D CdmaSSM : subscriptionSource from settings: 0
09-27 14:53:59.821  2249  2249 D QtiSubscriptionController: getPhoneId, received dummy subId 2147483643
09-27 14:53:59.823  2249  2249 D QtiSubscriptionController: getPhoneId, received dummy subId 2147483643
09-27 14:53:59.830  2249  2249 D CdmaSSM : subscriptionSource from settings: 0
09-27 14:53:59.831  2249  2249 D QtiSubscriptionController: getPhoneId, received dummy subId 2147483643
09-27 14:53:59.833  2249  2249 D QtiSubscriptionController: getPhoneId, received dummy subId 2147483643
09-27 14:53:59.837  2249  2249 D QtiGsmDCT: [0]QtiDcTracker handleMessage msg={ when=-1s17ms what=270348 obj=android.os.AsyncResult@a9c1820 target=com.qualcomm.qti.internal.telephony.dataconnection.QtiDcTracker }
09-27 14:53:59.837  2249  2249 D QtiGsmDCT: [0]onRoamingOff
09-27 14:53:59.837  2249  2249 D QtiGsmDCT: [0]setDataProfilesAsNeeded mSetDataProfileStatus: 0
09-27 14:53:59.838  2249  2249 D QtiGsmDCT: [0]notifyDataConnection: reason=roamingOff
09-27 14:53:59.839  2249  2249 D CdmaSSM : subscriptionSource from settings: 0
09-27 14:53:59.840  2249  2249 D QtiGsmDCT: [0]isDataAllowed: No - SIM not loaded - Not attached
09-27 14:53:59.841  2249  2249 D CdmaSSM : subscriptionSource from settings: 0
09-27 14:53:59.843  2249  2249 D QtiSubscriptionController: getPhoneId, received dummy subId 2147483643
09-27 14:53:59.844  2249  2249 D QtiSubscriptionController: getPhoneId, received dummy subId 2147483643
09-27 14:53:59.850  2249  2249 D CdmaSSM : subscriptionSource from settings: 0
09-27 14:53:59.850  2249  2331 D SubscriptionController: [getPhoneId]- no sims, returning default phoneId=0
09-27 14:53:59.852  2249  2249 D QtiSubscriptionController: getPhoneId, received dummy subId 2147483643
09-27 14:53:59.853  2249  2262 D SubscriptionController: [getPhoneId]- no sims, returning default phoneId=0
09-27 14:53:59.855  2249  2249 D QtiSubscriptionController: getPhoneId, received dummy subId 2147483643
09-27 14:53:59.855  2249  2261 D SubscriptionController: [getPhoneId]- no sims, returning default phoneId=0
09-27 14:53:59.859  2249  2332 D SubscriptionController: [getPhoneId]- no sims, returning default phoneId=0
09-27 14:53:59.862  2249  2249 D CdmaSSM : subscriptionSource from settings: 0
09-27 14:53:59.863  2249  2262 D SubscriptionController: [getPhoneId]- no sims, returning default phoneId=0
09-27 14:53:59.866  2249  2249 D QtiSubscriptionController: getPhoneId, received dummy subId 2147483643
09-27 14:53:59.868  2249  2249 D QtiSubscriptionController: getPhoneId, received dummy subId 2147483643
09-27 14:53:59.872  2249  2249 D CdmaSSM : subscriptionSource from settings: 0
09-27 14:53:59.874  2249  2249 D QtiSubscriptionController: getPhoneId, received dummy subId 2147483643
09-27 14:53:59.875  2249  2249 D QtiSubscriptionController: getPhoneId, received dummy subId 2147483643
09-27 14:53:59.881  2249  2249 D CdmaSSM : subscriptionSource from settings: 0
09-27 14:53:59.884  2249  2249 D QtiSubscriptionController: getPhoneId, received dummy subId 2147483643
09-27 14:53:59.887  2249  2249 D QtiSubscriptionController: getPhoneId, received dummy subId 2147483643
09-27 14:53:59.892  2249  2249 D QtiSubscriptionController: getPhoneId, received dummy subId 2147483643
09-27 14:53:59.893  2249  2249 D QtiSubscriptionController: getPhoneId, received dummy subId 2147483643
09-27 14:53:59.898  2249  2249 D CdmaSSM : subscriptionSource from settings: 0
09-27 14:53:59.903  2249  2249 D QtiSubscriptionController: getPhoneId, received dummy subId 2147483643
09-27 14:53:59.904  2249  2249 D QtiSubscriptionController: getPhoneId, received dummy subId 2147483643
09-27 14:53:59.910  2249  2249 D CdmaSSM : subscriptionSource from settings: 0
09-27 14:53:59.912  2249  2249 D QtiSubscriptionController: getPhoneId, received dummy subId 2147483643
09-27 14:53:59.913  2249  2249 D QtiSubscriptionController: getPhoneId, received dummy subId 2147483643
09-27 14:53:59.918  2249  2249 D CdmaSSM : subscriptionSource from settings: 0
09-27 14:53:59.920  2249  2249 D QtiSubscriptionController: getPhoneId, received dummy subId 2147483643
09-27 14:53:59.921  2249  2249 D QtiSubscriptionController: getPhoneId, received dummy subId 2147483643
09-27 14:53:59.925  2249  2249 D QtiGsmDCT: [0]QtiDcTracker handleMessage msg={ when=-1s103ms what=270377 obj=android.os.AsyncResult@c9035d9 target=com.qualcomm.qti.internal.telephony.dataconnection.QtiDcTracker }
09-27 14:53:59.926  2249  2249 D QtiGsmDCT: [0]setupDataOnConnectableApns: nwTypeChanged emergency:[state=IDLE,enabled=false] mms:[state=IDLE,enabled=false] supl:[state=IDLE,enabled=false] hipri:[state=IDLE,enabled=false] dun:[state=IDLE,enabled=false] fota:[state=IDLE,enabled=false] ims:[state=IDLE,enabled=false] default:[state=IDLE,enabled=false] cbs:[state=IDLE,enabled=false] 
09-27 14:53:59.926  2249  2249 D QtiGsmCdmaPhone: handleMessage: Event: 30
09-27 14:53:59.926  2249  2249 D QtiGsmCdmaPhone: handleMessage: Event: 37
09-27 14:53:59.928  2249  2249 D GsmSMSDispatcher: GsmSMSDispatcher: subId = 2147483644 slotId = 1
09-27 14:53:59.928  2249  2249 E IccCardProxy: setExternalState: !override and newstate unchanged from NOT_READY
09-27 14:53:59.928  2249  2249 D QtiGsmCdmaPhone: handleMessage: Event: 1
09-27 14:53:59.928  2249  2249 D RILJ    : [3697]> BASEBAND_VERSION [SUB1]
09-27 14:53:59.930  2249  2249 D RILJ    : [3698]> GET_IMEI [SUB1]
09-27 14:53:59.934  2249  2312 D RILJ    : [3697]< BASEBAND_VERSION 953_GEN_PACK-1.109133.1.109682.1 [SUB1]
09-27 14:53:59.936  2249  2249 D RILJ    : [3699]> GET_IMEISV [SUB1]
09-27 14:53:59.939  2249  2249 D RILJ    : [3700]> RIL_REQUEST_GET_RADIO_CAPABILITY [SUB1]
09-27 14:53:59.940  2249  2249 D RILJ    : [3701]> RIL_REQUEST_START_LCE [SUB1]
09-27 14:53:59.942  2249  2249 D QtiGsmCdmaPhone: handleMessage: Event: 8
09-27 14:53:59.942  2249  2249 D GsmCdmaPhone: [GsmCdmaPhone] Event EVENT_RADIO_OFF_OR_NOT_AVAILABLE Received
09-27 14:53:59.942  2249  2249 D QtiGsmCdmaPhone: handleMessage: Event: 41
09-27 14:53:59.943  2249  2249 E IccCardProxy: setExternalState: !override and newstate unchanged from NOT_READY
09-27 14:53:59.943  2249  2249 D SST     : mDeviceShuttingDown=false, mDesiredPowerState=true, getRadioState=RADIO_OFF, mPowerOffDelayNeed=true, mAlarmSwitch=false, mRadioDisabledByCarrier=false
09-27 14:53:59.945  2249  2249 D RILJ    : [3702]> RADIO_POWER on [SUB1]
09-27 14:53:59.946  2249  2312 D RilRequest: [3698]< GET_IMEI error: com.android.internal.telephony.CommandException: NOT_PROVISIONED ret=
09-27 14:53:59.947  2249  2249 D RILJ    : [3703]> OPERATOR [SUB1]
09-27 14:53:59.947  2249  2312 D RILJ    : responseRadioCapability: version= 0, session=0, phase=0, rat=81928, logicModemUuid=1, status=1 [SUB1]
09-27 14:53:59.947  2249  2312 D RILJ    : [3700]< RIL_REQUEST_GET_RADIO_CAPABILITY {mPhoneId = 1 mVersion=1 mSession=0 mPhase=0 mRadioAccessFamily=81928 mLogicModemId=1 mStatus=1} [SUB1]
09-27 14:53:59.949  2249  2249 D RILJ    : [3704]> DATA_REGISTRATION_STATE [SUB1]
09-27 14:53:59.950  2249  2312 D RilRequest: [3699]< GET_IMEISV error: com.android.internal.telephony.CommandException: NOT_PROVISIONED ret=
09-27 14:53:59.952  2249  2249 D RILJ    : [3705]> VOICE_REGISTRATION_STATE [SUB1]
09-27 14:53:59.952  2249  2312 D RILJ    : LCE status information received: lceStatus=1 actualInterval=512 [SUB1]
09-27 14:53:59.953  2249  2312 D RILJ    : [3701]< RIL_REQUEST_START_LCE [1, 512] [SUB1]
09-27 14:53:59.954  2249  2308 D RILJ    : [3684]< RADIO_POWER  [SUB0]
09-27 14:53:59.954  2249  2249 D RILJ    : [3706]> QUERY_NETWORK_SELECTION_MODE [SUB1]
09-27 14:53:59.954  2249  2312 D RILJ    : [3703]< OPERATOR {null, null, null} [SUB1]
09-27 14:53:59.954  2249  2308 D RILJ    : [3689]< RADIO_POWER  [SUB0]
09-27 14:53:59.957  2249  2249 D QtiGsmCdmaPhone: handleMessage: Event: 34
