09-27 15:16:07.521  2250  2250 D SST     : setAndBroadcastNetworkSetTimeZone: setTimeZone=Asia/Shanghai
09-27 15:16:07.526  2250  2262 D SubscriptionController: [getSubId]- numSubIds == 0, return DummySubIds slotIdx=0
09-27 15:16:07.526  2250  2250 D SST     : setAndBroadcastNetworkSetTimeZone: call alarm.setTimeZone and broadcast zoneId=Asia/Shanghai
09-27 15:16:07.526  2250  2250 D TelephonyManager: setTelephonyProperty: success phoneId=1 property=gsm.operator.isroaming value: false propVal=false,false
09-27 15:16:07.527  2250  2250 D SST     : Broadcasting ServiceState : 0 0 voice home data home CHN-UNICOM UNICOM 46001 CHN-UNICOM UNICOM 46001  LTE LTE CSS not supported -1 -1 RoamInd=-1 DefRoamInd=-1 EmergOnly=false IsDataRoamingFromRegistration=false IsUsingCarrierAggregation=false mRilImsRadioTechnology=0
09-27 15:16:07.528  2250  2250 D DefaultPhoneNotifier: nofityServiceState: mRegistry=com.android.internal.telephony.ITelephonyRegistry$Stub$Proxy@708def1 ss=0 0 voice home data home CHN-UNICOM UNICOM 46001 CHN-UNICOM UNICOM 46001  LTE LTE CSS not supported -1 -1 RoamInd=-1 DefRoamInd=-1 EmergOnly=false IsDataRoamingFromRegistration=false IsUsingCarrierAggregation=false mRilImsRadioTechnology=0 sender=Handler (com.qualcomm.qti.internal.telephony.QtiGsmCdmaPhone) {29dbd69} phondId=1 subId=2
09-27 15:16:07.538  2250  2262 D GsmCdmaPhone: [GsmCdmaPhone] getDataConnectionState apnType=default ret=DISCONNECTED
09-27 15:16:07.558  2250  2250 D SST     : notifyDataRegStateRilRadioTechnologyChanged: drs=0 rat=14
09-27 15:16:07.558  2250  2250 D TelephonyManager: setTelephonyProperty: success phoneId=1 property=gsm.network.type value: LTE propVal=Unknown,LTE
09-27 15:16:07.559  2250  2250 D QtiGsmDCT: [1]get all active apn types
09-27 15:16:07.560  2250  2250 D SST     : getCellLocation(): X good mCellLoc=[6265,10525727,-1]
09-27 15:16:07.561  1777  2751 D TelephonyRegistry: notifyCellLocationForSubscriber: subId=2 cellLocation=Bundle[mParcelledData.dataSize=64]
09-27 15:16:07.569  2250  3094 D SubscriptionController: [getActiveSubscriptionInfo]+ subId=2 subInfo={id=2, iccId=89860116831014056097 simSlotIndex=1 displayName=CARD 2 carrierName=CHN-UNICOM nameSource=0 iconTint=-16746133 dataRoaming=0 iconBitmap=android.graphics.Bitmap@8896fa3 mcc 460 mnc 1}
09-27 15:16:07.570  2250  2263 D SubscriptionController: [getActiveSubscriptionInfo]+ subId=2 subInfo={id=2, iccId=89860116831014056097 simSlotIndex=1 displayName=CARD 2 carrierName=CHN-UNICOM nameSource=0 iconTint=-16746133 dataRoaming=0 iconBitmap=android.graphics.Bitmap@d9a62a0 mcc 460 mnc 1}
09-27 15:16:07.580  2250  3113 D SubscriptionController: [getSubId]- numSubIds == 0, return DummySubIds slotIdx=0
09-27 15:16:07.602  2250  2250 D RILJ    : [3841]> iccIO: SIM_IO 0xc0 0x6f17  path: 3F007FFF,0,0,15 aid: a0000000871002ff86ffff89ffffffff [SUB1]
09-27 15:16:07.605  2250  2250 D SIMRecords: [SIMRecords] onRecordLoaded 19 requested: true
09-27 15:16:07.605  2250  2250 D SIMRecords: [SIMRecords] EF_MWIS : null
09-27 15:16:07.605  2250  2250 D SIMRecords: [SIMRecords] EVENT_GET_MWIS_DONE exception = com.android.internal.telephony.CommandException: INTERNAL_ERR
09-27 15:16:07.605  2250  2250 D SIMRecords: [SIMRecords] onRecordLoaded 18 requested: true
09-27 15:16:07.605  2250  2250 D SIMRecords: [SIMRecords] EF_CPHS_MWI: null
09-27 15:16:07.606  2250  2250 D SIMRecords: [SIMRecords] EVENT_GET_VOICE_MAIL_INDICATOR_CPHS_DONE exception = com.android.internal.telephony.CommandException: SIM_ERR
09-27 15:16:07.606  2250  2250 D SIMRecords: [SIMRecords] onRecordLoaded 17 requested: true
09-27 15:16:07.606  2250  2250 D SIMRecords: [SIMRecords] onRecordLoaded 16 requested: true
09-27 15:16:07.607  2250  2250 D UiccCard: Error in SIM access with exceptioncom.android.internal.telephony.CommandException: NO_SUCH_ELEMENT
09-27 15:16:07.607  2250  2250 D SIMRecords: [SIMRecords] onRecordLoaded 15 requested: true
09-27 15:16:07.607  2250  2250 D SubscriptionController: [getSubId]- numSubIds == 0, return DummySubIds slotIdx=0
09-27 15:16:07.609  2250  2250 D QtiSubscriptionController: getPhoneId, received dummy subId 2147483643
09-27 15:16:07.611  2250  2250 D QtiSubscriptionController: getPhoneId, received dummy subId 2147483643
09-27 15:16:07.617  2250  3095 D SubscriptionController: [getActiveSubscriptionInfo]+ subId=2 subInfo={id=2, iccId=89860116831014056097 simSlotIndex=1 displayName=CARD 2 carrierName=CHN-UNICOM nameSource=0 iconTint=-16746133 dataRoaming=0 iconBitmap=android.graphics.Bitmap@db962ff mcc 460 mnc 1}
09-27 15:16:07.627  2250  2421 D SubscriptionController: [getSubId]- numSubIds == 0, return DummySubIds slotIdx=0
09-27 15:16:07.635  2250  2311 D RilRequest: [3841]< SIM_IO error: com.android.internal.telephony.CommandException: SIM_ERR ret=IccIoResult sw1:0x6a sw2:0x82 Error: File not found
09-27 15:16:07.665  2250  2250 D SubscriptionController: [getActiveSubInfoForSubscriber]- subId=2147483643 subList=[{id=2, iccId=89860116831014056097 simSlotIndex=1 displayName=CARD 2 carrierName=CHN-UNICOM nameSource=0 iconTint=-16746133 dataRoaming=0 iconBitmap=android.graphics.Bitmap@e0de5b8 mcc 460 mnc 1}] subInfo=null
09-27 15:16:07.665  2250  2250 D SubscriptionController: [getSubId]- numSubIds == 0, return DummySubIds slotIdx=0
09-27 15:16:07.666  2250  2250 D QtiSubscriptionController: getPhoneId, received dummy subId 2147483643
09-27 15:16:07.667  2250  2250 D SubscriptionController: [getSubId]- numSubIds == 0, return DummySubIds slotIdx=0
09-27 15:16:07.667  2250  2250 D QtiSubscriptionController: getPhoneId, received dummy subId 2147483643
09-27 15:16:07.667  2250  2250 D SubscriptionController: [getSubId]- numSubIds == 0, return DummySubIds slotIdx=0
09-27 15:16:07.669  2250  2263 D SubscriptionController: [getActiveSubscriptionInfo]+ subId=2 subInfo={id=2, iccId=89860116831014056097 simSlotIndex=1 displayName=CARD 2 carrierName=CHN-UNICOM nameSource=0 iconTint=-16746133 dataRoaming=0 iconBitmap=android.graphics.Bitmap@c390f91 mcc 460 mnc 1}
09-27 15:16:07.674  2250  2250 D QtiSubscriptionController: getPhoneId, received dummy subId 2147483643
09-27 15:16:07.674  2250  2250 D SubscriptionController: [getSubId]- numSubIds == 0, return DummySubIds slotIdx=0
09-27 15:16:07.676  2250  3113 D SubscriptionController: [getSubId]- numSubIds == 0, return DummySubIds slotIdx=0
09-27 15:16:07.677  2250  2250 D QtiSubscriptionController: getPhoneId, received dummy subId 2147483643
09-27 15:16:07.677  2250  2250 D SubscriptionController: [getSubId]- numSubIds == 0, return DummySubIds slotIdx=0
09-27 15:16:07.679  2250  2250 D QtiSubscriptionController: getPhoneId, received dummy subId 2147483643
09-27 15:16:07.680  2250  2250 D SubscriptionController: [getSubId]- numSubIds == 0, return DummySubIds slotIdx=0
09-27 15:16:07.689  2250  2250 D QtiSubscriptionController: getPhoneId, received dummy subId 2147483643
09-27 15:16:07.739  2250  2250 D ImsPhoneCallTracker: [ImsPhoneCallTracker] handleMessage what=23
09-27 15:16:07.739  2250  2250 D ImsPhoneCallTracker: [ImsPhoneCallTracker] onDataEnabledChanged: enabled=true, reason=0
09-27 15:16:07.740  2250  2250 D ImsManager: setDataEnabled: true
09-27 15:16:07.745  2250  2250 D SubscriptionController: [getSubId]- numSubIds == 0, return DummySubIds slotIdx=0
09-27 15:16:07.746  2250  2250 D SubscriptionController: [getSubId]- numSubIds == 0, return DummySubIds slotIdx=0
09-27 15:16:07.749  2250  2250 D SubscriptionController: [getSubId]- numSubIds == 0, return DummySubIds slotIdx=0
09-27 15:16:07.753  2250  2250 D ImsManager: updateVolteFeatureValue: available = true, enabled = true, nonTTY = true
09-27 15:16:07.762  2250  2250 D ImsConfig: ImsConfig creates
09-27 15:16:07.762  2250  2250 D ImsManager: getConfigInterface(), mConfig= com.android.ims.ImsConfig@d858793
09-27 15:16:07.762  2250  2250 D ImsConfig: setFeatureValue: feature = 0, network =13, value =1, listener =null
09-27 15:16:07.768  2250  2250 D SubscriptionController: [getSubId]- numSubIds == 0, return DummySubIds slotIdx=0
09-27 15:16:07.772   832  1026 I RILQ    : (0/832):RIL[0][event] qcril_qmi_imss_set_qipcall_config_resp_hdlr: ril_err: 40, qmi res: 54
09-27 15:16:07.808  2250  3095 D SubscriptionController: [getActiveSubscriptionInfo]+ subId=2 subInfo={id=2, iccId=89860116831014056097 simSlotIndex=1 displayName=CARD 2 carrierName=CHN-UNICOM nameSource=0 iconTint=-16746133 dataRoaming=0 iconBitmap=android.graphics.Bitmap@9103cfc mcc 460 mnc 1}
09-27 15:16:07.814  2250  2262 D SubscriptionController: [getSubId]- numSubIds == 0, return DummySubIds slotIdx=0
09-27 15:16:07.825  2250  2250 D ImsManager: getWfcMode - setting=2
09-27 15:16:07.826  2250  2250 D SubscriptionController: [getSubId]- numSubIds == 0, return DummySubIds slotIdx=0
09-27 15:16:07.828  2250  2250 D ImsManager: updateWfcFeatureAndProvisionedValues: available = true, enabled = false, mode = 2, roaming = false
09-27 15:16:07.828  2250  2250 D ImsManager: getConfigInterface(), mConfig= com.android.ims.ImsConfig@d858793
09-27 15:16:07.828  2250  2250 D ImsConfig: setFeatureValue: feature = 2, network =18, value =0, listener =null
09-27 15:16:07.835   832  1026 I RILQ    : (0/832):RIL[0][event] qcril_qmi_imss_set_client_provisioning_config_resp_hdlr: ril_err: 40, qmi res: 54
09-27 15:16:07.839  2250  2250 D SubscriptionController: [getSubId]- numSubIds == 0, return DummySubIds slotIdx=0
09-27 15:16:07.842  2250  3153 D ImsConfig: ImsConfig creates
09-27 15:16:07.842  2250  3153 D ImsManager: getConfigInterface(), mConfig= com.android.ims.ImsConfig@354560b
09-27 15:16:07.842  2250  3153 D ImsConfig: setProvisionedValue(): item = 26value = 0
09-27 15:16:07.843  2250  2250 D SubscriptionController: [getSubId]- numSubIds == 0, return DummySubIds slotIdx=0
09-27 15:16:07.843  2250  3153 D ImsConfig: setProvisionedValue(): item = 26 value = 0 ret = 1
09-27 15:16:07.844  2250  2250 D ImsManager: updateVideoCallFeatureValue: available = true, enabled = true, nonTTY = true, data enabled = true
09-27 15:16:07.844  2250  3152 D ImsConfig: ImsConfig creates
09-27 15:16:07.844  2250  2250 D ImsManager: getConfigInterface(), mConfig= com.android.ims.ImsConfig@d858793
09-27 15:16:07.844  2250  3152 D ImsManager: getConfigInterface(), mConfig= com.android.ims.ImsConfig@4a22ce8
09-27 15:16:07.844  2250  2250 D ImsConfig: setFeatureValue: feature = 1, network =13, value =1, listener =null
09-27 15:16:07.844  2250  3152 D ImsConfig: setProvisionedValue(): item = 27value = 1
09-27 15:16:07.849  2250  3095 D SubscriptionController: [getActiveSubscriptionInfo]+ subId=2 subInfo={id=2, iccId=89860116831014056097 simSlotIndex=1 displayName=CARD 2 carrierName=CHN-UNICOM nameSource=0 iconTint=-16746133 dataRoaming=0 iconBitmap=android.graphics.Bitmap@62bff01 mcc 460 mnc 1}
09-27 15:16:07.856  2250  2262 D SubscriptionController: [getSubId]- numSubIds == 0, return DummySubIds slotIdx=0
09-27 15:16:07.858  2250  2250 D ImsManager: updateImsServiceConfig: turnOnIms
09-27 15:16:07.861   832  1026 I RILQ    : (0/832):RIL[0][event] qcril_qmi_imss_set_qipcall_config_resp_hdlr: ril_err: 40, qmi res: 54
09-27 15:16:07.866   832  1026 I RILQ    : (0/832):RIL[0][event] qcril_qmi_imss_set_reg_mgr_config_resp_hdlr: ril_err: 0, qmi res: 0
09-27 15:16:07.876  2250  3152 D ImsConfig: setProvisionedValue(): item = 27 value = 1 ret = 1
09-27 15:16:07.884  2250  2250 D ImsPhoneCallTracker: [ImsPhoneCallTracker] handleMessage what=24
09-27 15:16:07.884  2250  2250 D ImsPhoneCallTracker: [ImsPhoneCallTracker] getImsService
09-27 15:16:07.889  2250  2952 D ImsManager: registrationFeatureCapabilityChanged :: serviceClass=1
09-27 15:16:07.889  2250  2952 D ImsPhoneCallTracker: [ImsPhoneCallTracker] onFeatureCapabilityChanged: VoLTE:false ViLTE:false VoWiFi:false ViWiFi:false UTLTE:false UTWiFi:false 
09-27 15:16:07.889  2250  2952 D ImsPhoneCallTracker: [ImsPhoneCallTracker] onFeatureCapabilityChanged: isVolteEnabled=false, isVideoCallEnabled=false, isVowifiEnabled=false, isUtEnabled=false
09-27 15:16:07.892  2250  2250 D ImsEcbm : ImsEcbm created
09-27 15:16:07.894  2250  2263 D SubscriptionController: [getActiveSubscriptionInfo]+ subId=2 subInfo={id=2, iccId=89860116831014056097 simSlotIndex=1 displayName=CARD 2 carrierName=CHN-UNICOM nameSource=0 iconTint=-16746133 dataRoaming=0 iconBitmap=android.graphics.Bitmap@e6f7b83 mcc 460 mnc 1}
09-27 15:16:07.900  2250  2250 D SubscriptionController: [getSubId]- numSubIds == 0, return DummySubIds slotIdx=0
09-27 15:16:07.900  2250  3113 D SubscriptionController: [getSubId]- numSubIds == 0, return DummySubIds slotIdx=0
09-27 15:16:07.901  2250  2250 D QtiGsmDCT: [0]QtiDcTracker handleMessage msg={ when=-1s850ms what=270377 obj=android.os.AsyncResult@76bb100 target=com.qualcomm.qti.internal.telephony.dataconnection.QtiDcTracker }
09-27 15:16:07.901  2250  2250 D QtiGsmDCT: [0]setupDataOnConnectableApns: nwTypeChanged emergency:[state=IDLE,enabled=false] mms:[state=IDLE,enabled=false] supl:[state=IDLE,enabled=false] hipri:[state=IDLE,enabled=false] dun:[state=IDLE,enabled=false] fota:[state=IDLE,enabled=false] ims:[state=IDLE,enabled=false] default:[state=IDLE,enabled=false] cbs:[state=IDLE,enabled=false] 
09-27 15:16:07.902  2250  2250 D ImsPhone: handleMessage what=51
09-27 15:16:07.902  2250  2250 D ImsPhone: EVENT_DEFAULT_PHONE_DATA_STATE_CHANGED
09-27 15:16:07.902  2250  2250 D ImsPhone: updateDataServiceState: defSs = 1 1 voice home data home null null null null null null  Unknown Unknown CSS not supported -1 -1 RoamInd=-1 DefRoamInd=-1 EmergOnly=false IsDataRoamingFromRegistration=false IsUsingCarrierAggregation=false mRilImsRadioTechnology=0 imsSs = 3 1 voice home data home null null null null null null  Unknown Unknown CSS not supported -1 -1 RoamInd=-1 DefRoamInd=-1 EmergOnly=false IsDataRoamingFromRegistration=false IsUsingCarrierAggregation=false mRilImsRadioTechnology=0
09-27 15:16:07.902  2250  2250 D SIMRecords: [SIMRecords] onRecordLoaded 14 requested: true
09-27 15:16:07.902  2250  2250 D SIMRecords: [SIMRecords] onRecordLoaded 13 requested: true
09-27 15:16:07.902  2250  2250 E SIMRecords: [SIMRecords] Exception in fetching EF_CSP data com.android.internal.telephony.CommandException: SIM_ERR
09-27 15:16:07.902  2250  2250 D SIMRecords: [SIMRecords] onRecordLoaded 12 requested: true
09-27 15:16:07.903  2250  2250 D SIMRecords: [SIMRecords] EVENT_GET_SMS_RECORD_SIZE_DONE Size 176 total 8800 record 50
09-27 15:16:07.903  2250  2250 D SST     : SubscriptionListener.onSubscriptionInfoChanged
09-27 15:16:07.903  2250  2250 D SubscriptionController: [getSubId]- numSubIds == 0, return DummySubIds slotIdx=0
09-27 15:16:07.904  2250  2250 D QtiGsmDCT: [0]SubscriptionListener.onSubscriptionInfoChanged
09-27 15:16:07.904  2250  2250 D SubscriptionController: [getSubId]- numSubIds == 0, return DummySubIds slotIdx=0
09-27 15:16:07.905  2250  2250 D SST     : SubscriptionListener.onSubscriptionInfoChanged
09-27 15:16:07.910  2250  2250 D QtiGsmCdmaPhone: ProvisionStatus: 1 phone id:1
09-27 15:16:07.911  2250  2250 D Phone   : Get video call forwarding info from preferences
09-27 15:16:07.915  2250  2250 D PhoneFactory: calculatePreferredNetworkType: phoneId = 1 phoneIdNetworkType = 9
09-27 15:16:07.916  2250  2250 D PhoneFactory: calculatePreferredNetworkType: phoneSubId = 2 networkType = 9
09-27 15:16:07.916  2250  2250 D QtiRadioCapabilityController: isUiccProvisionInProgress: retVal =  false
09-27 15:16:07.916  2250  2250 D QtiRadioCapabilityController: setPreferredNetworkType: nwMode[1] = 9 isActive = true
09-27 15:16:07.916  2250  2250 D SubscriptionController: [getSubId]- numSubIds == 0, return DummySubIds slotIdx=0
09-27 15:16:07.916  2250  2250 I QtiRadioCapabilityController:  get slotId based N/W mode, val[0] = 9
09-27 15:16:07.917  2250  2250 I QtiRadioCapabilityController:  get sub based N/W mode, val[1] = 9
09-27 15:16:07.917  2250  2250 D QtiRadioCapabilityController: updateStackBindingIfRequired
09-27 15:16:07.918  2250  2250 D QtiRadioCapabilityController: nwMode:9, on stack:0 is Supported
09-27 15:16:07.918  2250  2250 D QtiRadioCapabilityController: updatePreferredStackIds: current stack[0]supports NwMode[9] on phoneId[0]
09-27 15:16:07.918  2250  2250 D QtiRadioCapabilityController: nwMode:9, on stack:1 is Supported
09-27 15:16:07.918  2250  2250 D QtiRadioCapabilityController: updatePreferredStackIds: current stack[1]supports NwMode[9] on phoneId[1]
09-27 15:16:07.918  2250  2250 D QtiRadioCapabilityController:  updateStackBindingIfRequired, required =  false
09-27 15:16:07.918  2250  2250 D RILJ    : [3842]> REQUEST_SET_PREFERRED_NETWORK_TYPE : 9 [SUB1]
09-27 15:16:07.922  2250  2250 D TelephonyManager: setTelephonyProperty: success phoneId=1 property=gsm.network.type value: LTE propVal=Unknown,LTE
09-27 15:16:07.923  2250  2421 D SubscriptionController: [getActiveSubscriptionInfo]+ subId=2 subInfo={id=2, iccId=89860116831014056097 simSlotIndex=1 displayName=CARD 2 carrierName=CHN-UNICOM nameSource=0 iconTint=-16746133 dataRoaming=0 iconBitmap=android.graphics.Bitmap@9244cdf mcc 460 mnc 1}
09-27 15:16:07.924  2250  2311 D RILJ    : [3842]< REQUEST_SET_PREFERRED_NETWORK_TYPE  [SUB1]
09-27 15:16:07.927  2250  2250 D SIMRecords: [SIMRecords] getServiceProviderName: no brandOverride, providerName=null
09-27 15:16:07.928  2250  2250 D SIMRecords: [SIMRecords] getServiceProviderName: no brandOverride, providerName=null
09-27 15:16:07.929  2250  3094 D SubscriptionController: [getSubId]- numSubIds == 0, return DummySubIds slotIdx=0
09-27 15:16:07.944  2250  2250 D Phone   : getStoredVoiceMessageCount: from preference for subId 2= 0
09-27 15:16:07.944  2250  2250 D GsmCdmaPhone: [GsmCdmaPhone] updateVoiceMail countVoiceMessages = 0 subId 2
09-27 15:16:07.945  2250  2250 D Phone   : setVoiceMessageCount: Storing Voice Mail Count = 0 for mVmCountKey = vm_count_key2 in preferences.
09-27 15:16:07.946  2250  2250 D QtiGsmDCT: [1]SubscriptionListener.onSubscriptionInfoChanged
09-27 15:16:07.962  2250  2250 D QtiGsmDCT: [1]onRecordsLoaded: createAllApnList
09-27 15:16:07.962  2250  2250 D SIMRecords: [SIMRecords] getSIMOperatorNumeric: bad mncLength
09-27 15:16:07.962  2250  2250 D QtiGsmDCT: [1]createAllApnList: No APN found for carrier: null
09-27 15:16:07.962  2250  2250 D QtiGsmDCT: [1]createAllApnList: X mAllApnSettings=[]
09-27 15:16:07.962  2250  2250 D QtiGsmDCT: [1]setDataProfilesAsNeeded mSetDataProfileStatus: 0
09-27 15:16:07.962  2250  2250 D CdmaSSM : subscriptionSource from settings: 0
09-27 15:16:07.962  2250  2250 D QtiGsmDCT: [1]onRecordsLoaded: notifying data availability
09-27 15:16:07.962  2250  2250 D CdmaSSM : subscriptionSource from settings: 0
09-27 15:16:07.962  2250  2250 D QtiGsmDCT: [1]isDataAllowed getRecordsLoaded=false
09-27 15:16:07.963  2250  2250 D QtiGsmDCT: [1]isDataAllowed: No - SIM not loaded - Not attached
09-27 15:16:07.964  2250  2250 D CdmaSSM : subscriptionSource from settings: 0
09-27 15:16:07.964  2250  2250 D QtiGsmDCT: [1]isDataAllowed getRecordsLoaded=false
09-27 15:16:07.967  1777  2751 D TelephonyRegistry: Notify data connection state changed on sub: 2
09-27 15:16:07.967  1777  2751 D TelephonyRegistry: Notify data connection state changed on sub: 2
09-27 15:16:07.975  2250  2250 D CdmaSSM : subscriptionSource from settings: 0
09-27 15:16:07.976  2250  2250 D QtiGsmDCT: [1]isDataAllowed getRecordsLoaded=false
09-27 15:16:07.980  2250  3094 D SubscriptionController: [getPhoneId]- subId=0 not found return default phoneId=0
09-27 15:16:07.985  2250  3095 D SubscriptionController: [getPhoneId]- subId=0 not found return default phoneId=0
09-27 15:16:08.004  2250  2250 D CdmaSSM : subscriptionSource from settings: 0
09-27 15:16:08.004  2250  2250 D QtiGsmDCT: [1]isDataAllowed getRecordsLoaded=false
09-27 15:16:08.018  2250  2250 D CdmaSSM : subscriptionSource from settings: 0
09-27 15:16:08.018  2250  2250 D QtiGsmDCT: [1]isDataAllowed getRecordsLoaded=false
09-27 15:16:08.040  2250  2250 D CdmaSSM : subscriptionSource from settings: 0
09-27 15:16:08.040  2250  2250 D QtiGsmDCT: [1]isDataAllowed getRecordsLoaded=false
09-27 15:16:08.075  2250  2250 D CdmaSSM : subscriptionSource from settings: 0
09-27 15:16:08.075  2250  2250 D QtiGsmDCT: [1]isDataAllowed getRecordsLoaded=false
09-27 15:16:08.109  2250  2250 D CdmaSSM : subscriptionSource from settings: 0
09-27 15:16:08.109  2250  2250 D QtiGsmDCT: [1]isDataAllowed getRecordsLoaded=false
09-27 15:16:08.123  2250  2250 D CdmaSSM : subscriptionSource from settings: 0
09-27 15:16:08.123  2250  2250 D QtiGsmDCT: [1]isDataAllowed getRecordsLoaded=false
09-27 15:16:08.140  2250  2250 D QtiGsmDCT: [1]setupDataOnConnectableApns: simLoaded emergency:[state=IDLE,enabled=false] mms:[state=IDLE,enabled=false] supl:[state=IDLE,enabled=false] hipri:[state=IDLE,enabled=false] dun:[state=IDLE,enabled=false] fota:[state=IDLE,enabled=false] ims:[state=IDLE,enabled=false] default:[state=IDLE,enabled=false] cbs:[state=IDLE,enabled=false] 
09-27 15:16:08.140  2250  2250 D PhoneSwitcher: handle event - 102
09-27 15:16:08.141  2250  2250 D SubscriptionController: [getSubId]- numSubIds == 0, return DummySubIds slotIdx=0
09-27 15:16:08.141  2250  2250 D PhoneSwitcher: isUiccProvisioned = true
09-27 15:16:08.143  2250  2250 D PhoneSwitcher: Broadcast network specifier set intent
09-27 15:16:08.149  2250  3095 D SubscriptionController: [getActiveSubscriptionInfo]+ subId=2 subInfo={id=2, iccId=89860116831014056097 simSlotIndex=1 displayName=CARD 2 carrierName=CHN-UNICOM nameSource=0 iconTint=-16746133 dataRoaming=0 iconBitmap=android.graphics.Bitmap@f05458a mcc 460 mnc 1}
09-27 15:16:08.157  2250  3094 D SubscriptionController: [getSubId]- numSubIds == 0, return DummySubIds slotIdx=0
09-27 15:16:08.161  2250  2250 D SubscriptionController: [getSubId]- numSubIds == 0, return DummySubIds slotIdx=0
09-27 15:16:08.161  2250  2250 D PhoneSwitcher: evaluating due to subChanged phone[1] 2147483644->2
09-27 15:16:08.163  2250  2250 D PhoneSwitcher: default subId = 2
09-27 15:16:08.165  2250  2250 D PhoneSwitcher:  phone[0] using sub[2147483643]
09-27 15:16:08.166  2250  2250 D PhoneSwitcher:  phone[1] using sub[2]
09-27 15:16:08.166  2250  2250 D PhoneSwitcher:  newActivePhones:
09-27 15:16:08.167  2250  2250 D PhoneSwitcher:   1
09-27 15:16:08.168  2250  2250 D PhoneSwitcher: InformDdsToRil rild= 0, DDS=1
09-27 15:16:08.175   832  1233 E RILQ    : (0/832): RIL[0][oem_socket0] void qcril_qmi_generic_socket_agent::recv_thread_func(): read 4 bytes length message with length 32
09-27 15:16:08.175   832  1233 E RILQ    : (0/832): RIL[0][oem_socket0] qmi_ril_parse_oem_hook_header: Received un-handled/oem command id = 524327
09-27 15:16:08.177  2250  2250 D PhoneSwitcher: InformDdsToRil rild= 1, DDS=1
09-27 15:16:08.184   958  1279 E RILQ    : (1/958): RIL[1][oem_socket1] void qcril_qmi_generic_socket_agent::recv_thread_func(): read 4 bytes length message with length 32
09-27 15:16:08.184   958  1279 E RILQ    : (1/958): RIL[1][oem_socket1] qmi_ril_parse_oem_hook_header: Received un-handled/oem command id = 524327
09-27 15:16:08.186  2250  2263 D SubscriptionController: [getActiveSubscriptionInfo]+ subId=2 subInfo={id=2, iccId=89860116831014056097 simSlotIndex=1 displayName=CARD 2 carrierName=CHN-UNICOM nameSource=0 iconTint=-16746133 dataRoaming=0 iconBitmap=android.graphics.Bitmap@931aa71 mcc 460 mnc 1}
09-27 15:16:08.193  2250  3113 D SubscriptionController: [getSubId]- numSubIds == 0, return DummySubIds slotIdx=0
09-27 15:16:08.193  2250  2250 D PhoneSwitcher: activate 1
09-27 15:16:08.195  2250  2250 D RILJ    : [3843]> RIL_REQUEST_ALLOW_DATA allowed: true [SUB1]
09-27 15:16:08.201   958   993 I RILQ    : (1/958):RIL[1][main] qcril_qmi_nas_request_allow_data: Already PS attached!
09-27 15:16:08.201   958   993 I RILQ    : (1/958):RIL[1][main] qcril_qmi_nas_request_allow_data: PS ATTACH/DETACH resp 0
09-27 15:16:08.202  2250  2311 D RILJ    : [3843]< RIL_REQUEST_ALLOW_DATA  [SUB1]
09-27 15:16:08.232  2250  3113 D SubscriptionController: [getActiveSubscriptionInfo]+ subId=2 subInfo={id=2, iccId=89860116831014056097 simSlotIndex=1 displayName=CARD 2 carrierName=CHN-UNICOM nameSource=0 iconTint=-16746133 dataRoaming=0 iconBitmap=android.graphics.Bitmap@280fbe2 mcc 460 mnc 1}
09-27 15:16:08.243  2250  2262 D SubscriptionController: [getSubId]- numSubIds == 0, return DummySubIds slotIdx=0
09-27 15:16:08.313  2250  3095 D SubscriptionController: [getActiveSubscriptionInfo]+ subId=2 subInfo={id=2, iccId=89860116831014056097 simSlotIndex=1 displayName=CARD 2 carrierName=CHN-UNICOM nameSource=0 iconTint=-16746133 dataRoaming=0 iconBitmap=android.graphics.Bitmap@c602bcf mcc 460 mnc 1}
09-27 15:16:08.322  2250  3113 D SubscriptionController: [getSubId]- numSubIds == 0, return DummySubIds slotIdx=0
09-27 15:16:08.335  2250  2250 D SubscriptionController: [getSubId]- numSubIds == 0, return DummySubIds slotIdx=0
09-27 15:16:08.404  2250  2250 D SubscriptionController: [getActiveSubscriptionInfo]+ subId=2 subInfo={id=2, iccId=89860116831014056097 simSlotIndex=1 displayName=CARD 2 carrierName=CHN-UNICOM nameSource=0 iconTint=-16746133 dataRoaming=0 iconBitmap=android.graphics.Bitmap@b42253a mcc 460 mnc 1}
09-27 15:16:08.588  2250  2250 D TelephonyNetworkFactory[1]: onSubIdChange 2147483644->2
09-27 15:16:08.591   832  1189 E RILQ    : (0/832): RIL[0][ims_socket0] void qcril_qmi_ims_socket_agent::recv_thread_handler(): recv failed. recv_byte_num: 0. closing the socket.
09-27 15:16:08.624  2250  2250 D TelephonyNetworkFactory[1]: onDefaultChange(false,true)
09-27 15:16:08.625  2250  2250 D SST     : SubscriptionListener.onSubscriptionInfoChanged
09-27 15:16:08.625  2250  2250 D SubscriptionController: [getSubId]- numSubIds == 0, return DummySubIds slotIdx=0
09-27 15:16:08.625  2250  2250 D QtiGsmDCT: [0]SubscriptionListener.onSubscriptionInfoChanged
09-27 15:16:08.625  2250  2250 D SubscriptionController: [getSubId]- numSubIds == 0, return DummySubIds slotIdx=0
09-27 15:16:08.626  2250  2250 D SST     : SubscriptionListener.onSubscriptionInfoChanged
09-27 15:16:08.626  2250  2250 D QtiGsmDCT: [1]SubscriptionListener.onSubscriptionInfoChanged
09-27 15:16:08.661  2250  2250 D PhoneSwitcher: handle event - 102
09-27 15:16:08.662  2250  2250 D SubscriptionController: [getSubId]- numSubIds == 0, return DummySubIds slotIdx=0
09-27 15:16:08.662  2250  2250 D PhoneSwitcher: isUiccProvisioned = true
09-27 15:16:08.665  2250  2250 D PhoneSwitcher: Broadcast network specifier set intent
09-27 15:16:08.680  2250  2250 D SubscriptionController: [getSubId]- numSubIds == 0, return DummySubIds slotIdx=0
09-27 15:16:08.745  2250  2250 D SubscriptionController: [getSubId]- numSubIds == 0, return DummySubIds slotIdx=0
09-27 15:16:08.771  2250  2250 D SubscriptionController: [getActiveSubscriptionInfo]+ subId=2 subInfo={id=2, iccId=89860116831014056097 simSlotIndex=1 displayName=CARD 2 carrierName=CHN-UNICOM nameSource=0 iconTint=-16746133 dataRoaming=0 iconBitmap=android.graphics.Bitmap@943af60 mcc 460 mnc 1}
09-27 15:16:08.830  2250  2329 D SST     : getCellLocation(): possible LTE cellLocOther=[6265,10525727,0]
09-27 15:16:08.830  2250  2329 D SST     : getCellLocation(): X ret best answer cellLocOther=[6265,10525727,0]
09-27 15:16:08.830  2250  2250 D SubscriptionInfoUpdater: [Receiver]+
09-27 15:16:08.830  2250  2250 D SubscriptionInfoUpdater: Action: android.intent.action.SIM_STATE_CHANGED
09-27 15:16:08.831  2250  2250 D SubscriptionInfoUpdater: slotId: 1
09-27 15:16:08.831  2250  2250 D SubscriptionInfoUpdater: simStatus: IMSI
09-27 15:16:08.831  2250  2250 D SubscriptionInfoUpdater: Ignoring simStatus: IMSI
09-27 15:16:08.831  2250  2250 D SubscriptionInfoUpdater: [Receiver]-
09-27 15:16:08.831  2250  2250 D PhoneSwitcher: mSimStateIntentReceiver: phoneId = 1 value = IMSI
09-27 15:16:08.834  2250  2425 D SST     : SST.getAllCellInfo(): return last, back to back calls
09-27 15:16:08.834  2250  2250 D PhoneSwitcher: SIM READY for phoneId: 1
09-27 15:16:08.837  2250  2250 D QtiGsmCdmaPhone: handleMessage: Event: 19
09-27 15:16:08.837  2250  2250 D GsmCdmaPhone: [GsmCdmaPhone] Event EVENT_REGISTERED_TO_NETWORK Received
09-27 15:16:08.837  2250  2250 D SST     : SubscriptionListener.onSubscriptionInfoChanged
09-27 15:16:08.837  2250  2250 D SubscriptionController: [getSubId]- numSubIds == 0, return DummySubIds slotIdx=0
09-27 15:16:08.837  2250  2250 D QtiGsmDCT: [0]SubscriptionListener.onSubscriptionInfoChanged
09-27 15:16:08.838  2250  2250 D SubscriptionController: [getSubId]- numSubIds == 0, return DummySubIds slotIdx=0
09-27 15:16:08.839  2250  2250 D SST     : SubscriptionListener.onSubscriptionInfoChanged
09-27 15:16:08.839  2250  2250 D QtiGsmDCT: [1]SubscriptionListener.onSubscriptionInfoChanged
09-27 15:16:08.849  2250  3094 D RILJ    : [3844]> RIL_REQUEST_GET_CELL_INFO_LIST [SUB0]
09-27 15:16:08.850  2250  2250 D PhoneSwitcher: handle event - 102
09-27 15:16:08.850  2250  2250 D SubscriptionController: [getSubId]- numSubIds == 0, return DummySubIds slotIdx=0
09-27 15:16:08.851  2250  2250 D PhoneSwitcher: isUiccProvisioned = true
09-27 15:16:08.852  2250  2250 D PhoneSwitcher: Broadcast network specifier set intent
09-27 15:16:08.866  2250  2250 D SubscriptionController: [getSubId]- numSubIds == 0, return DummySubIds slotIdx=0
09-27 15:16:08.867  2250  2250 D SubscriptionController: [getSubId]- numSubIds == 0, return DummySubIds slotIdx=0
09-27 15:16:08.871  2250  3095 D SST     : getCellLocation(): X good mCellLoc=[6265,10525727,-1]
09-27 15:16:08.875  2250  2307 D RilRequest: [3844]< RIL_REQUEST_GET_CELL_INFO_LIST error: com.android.internal.telephony.CommandException: SYSTEM_ERR ret=
09-27 15:16:08.901  2250  2421 D RILJ    : [3845]> RIL_REQUEST_GET_CELL_INFO_LIST [SUB0]
09-27 15:16:08.905  2250  2307 D RilRequest: [3845]< RIL_REQUEST_GET_CELL_INFO_LIST error: com.android.internal.telephony.CommandException: SYSTEM_ERR ret=
09-27 15:16:08.916  2250  2250 D SubscriptionController: [getActiveSubscriptionInfo]+ subId=2 subInfo={id=2, iccId=89860116831014056097 simSlotIndex=1 displayName=CARD 2 carrierName=CHN-UNICOM nameSource=0 iconTint=-16746133 dataRoaming=0 iconBitmap=android.graphics.Bitmap@424618c mcc 460 mnc 1}
09-27 15:16:09.025  2250  2250 D SubscriptionController: [getSubId]- numSubIds == 0, return DummySubIds slotIdx=0
09-27 15:16:09.051  2250  2250 D SubscriptionController: [getActiveSubscriptionInfo]+ subId=2 subInfo={id=2, iccId=89860116831014056097 simSlotIndex=1 displayName=CARD 2 carrierName=CHN-UNICOM nameSource=0 iconTint=-16746133 dataRoaming=0 iconBitmap=android.graphics.Bitmap@4ffaeb7 mcc 460 mnc 1}
09-27 15:16:09.141  2250  2250 D QtiGsmDCT: [1]QtiDcTracker handleMessage msg={ when=-1s584ms what=270352 obj=android.os.AsyncResult@a35624 target=com.qualcomm.qti.internal.telephony.dataconnection.QtiDcTracker }
09-27 15:16:09.141  2250  2250 D QtiGsmDCT: [1]onDataConnectionAttached
09-27 15:16:09.142  2250  2250 D CdmaSSM : subscriptionSource from settings: 0
09-27 15:16:09.142  2250  2250 D QtiGsmDCT: [1]isDataAllowed getRecordsLoaded=false
09-27 15:16:09.142  2250  2250 D QtiGsmDCT: [1]isDataAllowed: No - SIM not loaded
09-27 15:16:09.143  2250  2250 D CdmaSSM : subscriptionSource from settings: 0
09-27 15:16:09.143  2250  2250 D QtiGsmDCT: [1]isDataAllowed getRecordsLoaded=false
09-27 15:16:09.158  2250  2250 D CdmaSSM : subscriptionSource from settings: 0
09-27 15:16:09.158  2250  2250 D QtiGsmDCT: [1]isDataAllowed getRecordsLoaded=false
09-27 15:16:09.178  2250  2250 D CdmaSSM : subscriptionSource from settings: 0
09-27 15:16:09.178  2250  2250 D QtiGsmDCT: [1]isDataAllowed getRecordsLoaded=false
09-27 15:16:09.193  2250  2250 D CdmaSSM : subscriptionSource from settings: 0
09-27 15:16:09.193  2250  2250 D QtiGsmDCT: [1]isDataAllowed getRecordsLoaded=false
09-27 15:16:09.203  2250  2250 D CdmaSSM : subscriptionSource from settings: 0
09-27 15:16:09.204  2250  2250 D QtiGsmDCT: [1]isDataAllowed getRecordsLoaded=false
09-27 15:16:09.229  2250  2250 D CdmaSSM : subscriptionSource from settings: 0
09-27 15:16:09.229  2250  2250 D QtiGsmDCT: [1]isDataAllowed getRecordsLoaded=false
09-27 15:16:09.252  2250  2250 D CdmaSSM : subscriptionSource from settings: 0
09-27 15:16:09.252  2250  2250 D QtiGsmDCT: [1]isDataAllowed getRecordsLoaded=false
09-27 15:16:09.268  2250  2250 D CdmaSSM : subscriptionSource from settings: 0
09-27 15:16:09.268  2250  2250 D QtiGsmDCT: [1]isDataAllowed getRecordsLoaded=false
09-27 15:16:09.286  2250  2250 D QtiGsmDCT: [1]setupDataOnConnectableApns: dataAttached emergency:[state=IDLE,enabled=false] mms:[state=IDLE,enabled=false] supl:[state=IDLE,enabled=false] hipri:[state=IDLE,enabled=false] dun:[state=IDLE,enabled=false] fota:[state=IDLE,enabled=false] ims:[state=IDLE,enabled=false] default:[state=IDLE,enabled=false] cbs:[state=IDLE,enabled=false] 
09-27 15:16:09.287  2250  2250 D SubscriptionController: [getSubId]- numSubIds == 0, return DummySubIds slotIdx=0
09-27 15:16:09.288  2250  2250 D QtiGsmDCT: [1]QtiDcTracker handleMessage msg={ when=-1s729ms what=270377 obj=android.os.AsyncResult@da2d58d target=com.qualcomm.qti.internal.telephony.dataconnection.QtiDcTracker }
09-27 15:16:09.288  2250  2250 D QtiGsmDCT: [1]setupDataOnConnectableApns: nwTypeChanged emergency:[state=IDLE,enabled=false] mms:[state=IDLE,enabled=false] supl:[state=IDLE,enabled=false] hipri:[state=IDLE,enabled=false] dun:[state=IDLE,enabled=false] fota:[state=IDLE,enabled=false] ims:[state=IDLE,enabled=false] default:[state=IDLE,enabled=false] cbs:[state=IDLE,enabled=false] 
09-27 15:16:09.289  2250  2250 D SIMRecords: [SIMRecords] iccid: 89860116831014056097
09-27 15:16:09.289  2250  2250 D SIMRecords: [SIMRecords] onRecordLoaded 11 requested: true
09-27 15:16:09.289  2250  2250 D SIMRecords: [SIMRecords] EF_AD: 00000002
09-27 15:16:09.289  2250  2250 D SIMRecords: [SIMRecords] setting4 mMncLength=2
09-27 15:16:09.289  2250  2250 D SIMRecords: [SIMRecords] mccmncCode=460016
09-27 15:16:09.289  2250  2250 D SIMRecords: [SIMRecords] update mccmnc=46001
09-27 15:16:09.431  2250  2250 D SIMRecords: [SIMRecords] onRecordLoaded 10 requested: true
09-27 15:16:09.431  2250  2250 D UiccPkcs15: handleMessage: 201
09-27 15:16:09.431  2250  2250 D UiccPkcs15: error: com.android.internal.telephony.CommandException: NO_SUCH_ELEMENT
09-27 15:16:09.452  2250  2329 D QtiGsmDCT: [0]hasMatchedTetherApnSetting: APN=null
09-27 15:16:09.467  2250  2250 D SIMRecords: [SIMRecords] getServiceProviderName: no brandOverride, providerName=
09-27 15:16:09.467  2250  2250 D RILJ    : [3846]> iccIO: SIM_IO 0xc0 0x6f14  path: 3F007FFF,0,0,15 aid: a0000000871002ff86ffff89ffffffff [SUB1]
09-27 15:16:09.475  2250  2250 D SIMRecords: [SIMRecords] onRecordLoaded 10 requested: true
09-27 15:16:09.479  2250  2250 D SST     : EVENT_IMS_CAPABILITY_CHANGED
09-27 15:16:09.479  2250  2250 D SST     : updateSpnDisplay: radio is on but out of service, set plmn='No service'
09-27 15:16:09.480  2250  2250 D SubscriptionController: [getSubId]- numSubIds == 0, return DummySubIds slotIdx=0
09-27 15:16:09.502  2250  2952 D ImsManager: registrationDisconnected :: imsReasonInfoImsReasonInfo :: {1000, 0, null}
09-27 15:16:09.502  2250  2952 D ImsPhoneCallTracker: [ImsPhoneCallTracker] onImsDisconnected imsReasonInfo=ImsReasonInfo :: {1000, 0, null}
09-27 15:16:09.502  2250  2250 D SIMRecords: [SIMRecords] onRecordLoaded 9 requested: true
09-27 15:16:09.502  2250  2952 D ImsPhone: updateDataServiceState: defSs = 1 1 voice home data home null null null null null null  Unknown Unknown CSS not supported -1 -1 RoamInd=-1 DefRoamInd=-1 EmergOnly=false IsDataRoamingFromRegistration=false IsUsingCarrierAggregation=false mRilImsRadioTechnology=0 imsSs = 1 1 voice home data home null null null null null null  Unknown Unknown CSS not supported -1 -1 RoamInd=-1 DefRoamInd=-1 EmergOnly=false IsDataRoamingFromRegistration=false IsUsingCarrierAggregation=false mRilImsRadioTechnology=0
09-27 15:16:09.505  2250  2311 D RilRequest: [3846]< SIM_IO error: com.android.internal.telephony.CommandException: SIM_ERR ret=IccIoResult sw1:0x6a sw2:0x82 Error: File not found
09-27 15:16:09.507  2250  2250 D SIMRecords: [SIMRecords] SST: UsimServiceTable[80]={ FDN, FDN_EXTENSION, SDN, SDN_EXTENSION, OUTGOING_CALL_INFO, INCOMING_CALL_INFO, SM_STORAGE, SM_STATUS_REPORTS, SM_SERVICE_PARAMS, ADVICE_OF_CHARGE, CAP_CONFIG_PARAMS_2, CB_MESSAGE_ID, CB_MESSAGE_ID_RANGES, GROUP_ID_LEVEL_1, GROUP_ID_LEVEL_2, SPN, USER_PLMN_SELECT, MSISDN, IMAGE, EMLPP, EMLPP_AUTO_ANSWER, GSM_ACCESS, DATA_DL_VIA_SMS_PP, DATA_DL_VIA_SMS_CB, CALL_CONTROL_BY_USIM, MO_SMS_CONTROL_BY_USIM, RUN_AT_COMMAND, IGNORED_1, ENABLED_SERVICES_TABLE, APN_CONTROL_LIST, DEPERSONALISATION_CONTROL_KEYS, COOPERATIVE_NETWORK_LIST, GSM_SECURITY_CONTEXT, CPBCCH_INFO, INVESTIGATION_SCAN, OPERATOR_PLMN_SELECT, HPLMN_SELECT, EXTENSION_5, PLMN_NETWORK_NAME, OPERATOR_PLMN_LIST, SERVICE_PROVIDER_DISPLAY_INFO, MMS_NOTIFICATION, MMS_NOTIFICATION_EXTENSION, MMS_CONNECTIVITY_PARAMS, NETWORK_INDICATION_OF_ALERTING, VGCS_GROUP_ID_LIST, VBS_GROUP_ID_LIST, EQUIVALENT_HPLMN, EQUIVALENT_HPLMN_PRESENTATION }
09-27 15:16:09.507  2250  2250 D SIMRecords: [SIMRecords] onRecordLoaded 8 requested: true
09-27 15:16:09.507  2250  2250 D SIMRecords: [SIMRecords] Received a PlmnActRecord, raw=64f010400064f090400064f010800064f0908000ffffff0000ffffff0000ffffff0000ffffff0000
09-27 15:16:09.508  2250  2250 V PlmnActRecord: Extracting Logs, count=8
09-27 15:16:09.508  2250  2250 V PlmnActRecord: Creating PlmnActRecord 0
09-27 15:16:09.508  2250  2250 V PlmnActRecord: Creating PlmnActRecord 5
09-27 15:16:09.508  2250  2250 V PlmnActRecord: Creating PlmnActRecord 10
09-27 15:16:09.508  2250  2250 V PlmnActRecord: Creating PlmnActRecord 15
09-27 15:16:09.508  2250  2250 V PlmnActRecord: Creating PlmnActRecord 20
09-27 15:16:09.509  2250  2250 V PlmnActRecord: Creating PlmnActRecord 25
09-27 15:16:09.509  2250  2250 V PlmnActRecord: Creating PlmnActRecord 30
09-27 15:16:09.509  2250  2250 V PlmnActRecord: Creating PlmnActRecord 35
09-27 15:16:09.509  2250  2250 D SIMRecords: [SIMRecords] Received a PlmnActRecord, raw=64f010400064f090400064f010800064f0908000ffffff0000ffffff0000ffffff0000ffffff0000ffffff0000ffffff0000ffffff0000ffffff0000ffffff0000ffffff0000ffffff0000ffffff0000ffffff0000ffffff0000ffffff0000ffffff0000ffffff0000ffffff0000ffffff0000ffffff0000ffffff0000ffffff0000ffffff0000ffffff0000ffffff0000ffffff0000ffffff0000ffffff0000ffffff0000ffffff0000ffffff0000ffffff0000ffffff0000ffffff0000ffffff0000ffffff0000ffffff0000ffffff0000ffffff0000ffffff0000ffffff0000ffffff0000ffffff0000ffffff0000ffffff0000ffffff0000ffffff0000ffffff0000ffffff0000ffffff0000ffffff0000ffffff0000ffffff0000ffffff0000ffffff0000ffffff0000ffffff0000ffffff0000ffffff0000ffffff0000ffffff0000ffffff0000ffffff0000ffffff0000ffffff0000ffffff0000ffffff0000ffffff0000ffffff0000ffffff0000ffffff0000ffffff0000ffffff0000ffffff0000ffffff0000ffffff0000ffffff0000ffffff0000ffffff0000ffffff0000ffffff0000ffffff0000ffffff0000ffffff0000ffffff0000ffffff0000ffffff0000ffffff0000ffffff0000ffffff0000ffffff0000ffffff0000ffffff0000ffffff0000ffffff0000ffffff0000
09-27 15:16:09.509  2250  2250 V PlmnActRecord: Extracting Logs, count=100
09-27 15:16:09.509  2250  2250 V PlmnActRecord: Creating PlmnActRecord 0
09-27 15:16:09.509  2250  2250 V PlmnActRecord: Creating PlmnActRecord 5
09-27 15:16:09.509  2250  2250 V PlmnActRecord: Creating PlmnActRecord 10
09-27 15:16:09.509  2250  2250 V PlmnActRecord: Creating PlmnActRecord 15
09-27 15:16:09.509  2250  2250 V PlmnActRecord: Creating PlmnActRecord 20
09-27 15:16:09.510  2250  2250 V PlmnActRecord: Creating PlmnActRecord 25
09-27 15:16:09.510  2250  2250 V PlmnActRecord: Creating PlmnActRecord 30
09-27 15:16:09.510  2250  2250 V PlmnActRecord: Creating PlmnActRecord 35
09-27 15:16:09.510  2250  2250 V PlmnActRecord: Creating PlmnActRecord 40
09-27 15:16:09.510  2250  2250 V PlmnActRecord: Creating PlmnActRecord 45
09-27 15:16:09.510  2250  2250 V PlmnActRecord: Creating PlmnActRecord 50
09-27 15:16:09.510  2250  2250 V PlmnActRecord: Creating PlmnActRecord 55
09-27 15:16:09.511  2250  2250 V PlmnActRecord: Creating PlmnActRecord 60
09-27 15:16:09.511  2250  2250 V PlmnActRecord: Creating PlmnActRecord 65
09-27 15:16:09.511  2250  2250 V PlmnActRecord: Creating PlmnActRecord 70
09-27 15:16:09.511  2250  2250 V PlmnActRecord: Creating PlmnActRecord 75
09-27 15:16:09.511  2250  2250 V PlmnActRecord: Creating PlmnActRecord 80
09-27 15:16:09.512  2250  2250 V PlmnActRecord: Creating PlmnActRecord 85
09-27 15:16:09.512  2250  2250 V PlmnActRecord: Creating PlmnActRecord 90
09-27 15:16:09.512  2250  2250 V PlmnActRecord: Creating PlmnActRecord 95
09-27 15:16:09.512  2250  2250 V PlmnActRecord: Creating PlmnActRecord 100
09-27 15:16:09.512  2250  2250 V PlmnActRecord: Creating PlmnActRecord 105
09-27 15:16:09.513  2250  2250 V PlmnActRecord: Creating PlmnActRecord 110
09-27 15:16:09.513  2250  2250 V PlmnActRecord: Creating PlmnActRecord 115
09-27 15:16:09.513  2250  2250 V PlmnActRecord: Creating PlmnActRecord 120
09-27 15:16:09.513  2250  2250 V PlmnActRecord: Creating PlmnActRecord 125
09-27 15:16:09.513  2250  2250 V PlmnActRecord: Creating PlmnActRecord 130
09-27 15:16:09.513  2250  2250 V PlmnActRecord: Creating PlmnActRecord 135
09-27 15:16:09.513  2250  2250 V PlmnActRecord: Creating PlmnActRecord 140
09-27 15:16:09.513  2250  2250 V PlmnActRecord: Creating PlmnActRecord 145
09-27 15:16:09.513  2250  2250 V PlmnActRecord: Creating PlmnActRecord 150
09-27 15:16:09.513  2250  2250 V PlmnActRecord: Creating PlmnActRecord 155
09-27 15:16:09.514  2250  2250 V PlmnActRecord: Creating PlmnActRecord 160
09-27 15:16:09.514  2250  2250 V PlmnActRecord: Creating PlmnActRecord 165
09-27 15:16:09.514  2250  2250 V PlmnActRecord: Creating PlmnActRecord 170
09-27 15:16:09.514  2250  2250 V PlmnActRecord: Creating PlmnActRecord 175
09-27 15:16:09.514  2250  2250 V PlmnActRecord: Creating PlmnActRecord 180
09-27 15:16:09.514  2250  2250 V PlmnActRecord: Creating PlmnActRecord 185
09-27 15:16:09.514  2250  2250 V PlmnActRecord: Creating PlmnActRecord 190
09-27 15:16:09.514  2250  2250 V PlmnActRecord: Creating PlmnActRecord 195
09-27 15:16:09.514  2250  2250 V PlmnActRecord: Creating PlmnActRecord 200
09-27 15:16:09.514  2250  2250 V PlmnActRecord: Creating PlmnActRecord 205
09-27 15:16:09.514  2250  2250 V PlmnActRecord: Creating PlmnActRecord 210
09-27 15:16:09.515  2250  2250 V PlmnActRecord: Creating PlmnActRecord 215
09-27 15:16:09.515  2250  2250 V PlmnActRecord: Creating PlmnActRecord 220
09-27 15:16:09.515  2250  2250 V PlmnActRecord: Creating PlmnActRecord 225
09-27 15:16:09.515  2250  2250 V PlmnActRecord: Creating PlmnActRecord 230
09-27 15:16:09.515  2250  2250 V PlmnActRecord: Creating PlmnActRecord 235
09-27 15:16:09.515  2250  2250 V PlmnActRecord: Creating PlmnActRecord 240
09-27 15:16:09.515  2250  2250 V PlmnActRecord: Creating PlmnActRecord 245
09-27 15:16:09.515  2250  2250 V PlmnActRecord: Creating PlmnActRecord 250
09-27 15:16:09.515  2250  2250 V PlmnActRecord: Creating PlmnActRecord 255
09-27 15:16:09.515  2250  2250 V PlmnActRecord: Creating PlmnActRecord 260
09-27 15:16:09.515  2250  2250 V PlmnActRecord: Creating PlmnActRecord 265
09-27 15:16:09.515  2250  2250 V PlmnActRecord: Creating PlmnActRecord 270
09-27 15:16:09.515  2250  2250 V PlmnActRecord: Creating PlmnActRecord 275
09-27 15:16:09.515  2250  2250 V PlmnActRecord: Creating PlmnActRecord 280
09-27 15:16:09.515  2250  2250 V PlmnActRecord: Creating PlmnActRecord 285
09-27 15:16:09.515  2250  2250 V PlmnActRecord: Creating PlmnActRecord 290
09-27 15:16:09.515  2250  2250 V PlmnActRecord: Creating PlmnActRecord 295
09-27 15:16:09.515  2250  2250 V PlmnActRecord: Creating PlmnActRecord 300
09-27 15:16:09.518  2250  2250 V PlmnActRecord: Creating PlmnActRecord 305
09-27 15:16:09.518  2250  2250 V PlmnActRecord: Creating PlmnActRecord 310
09-27 15:16:09.518  2250  2250 V PlmnActRecord: Creating PlmnActRecord 315
09-27 15:16:09.518  2250  2250 V PlmnActRecord: Creating PlmnActRecord 320
09-27 15:16:09.518  2250  2250 V PlmnActRecord: Creating PlmnActRecord 325
09-27 15:16:09.518  2250  2250 V PlmnActRecord: Creating PlmnActRecord 330
09-27 15:16:09.518  2250  2250 V PlmnActRecord: Creating PlmnActRecord 335
09-27 15:16:09.518  2250  2250 V PlmnActRecord: Creating PlmnActRecord 340
09-27 15:16:09.518  2250  2250 V PlmnActRecord: Creating PlmnActRecord 345
09-27 15:16:09.519  2250  2250 V PlmnActRecord: Creating PlmnActRecord 350
09-27 15:16:09.519  2250  2250 V PlmnActRecord: Creating PlmnActRecord 355
09-27 15:16:09.519  2250  2250 V PlmnActRecord: Creating PlmnActRecord 360
09-27 15:16:09.519  2250  2250 V PlmnActRecord: Creating PlmnActRecord 365
09-27 15:16:09.519  2250  2250 V PlmnActRecord: Creating PlmnActRecord 370
09-27 15:16:09.519  2250  2250 V PlmnActRecord: Creating PlmnActRecord 375
09-27 15:16:09.519  2250  2250 V PlmnActRecord: Creating PlmnActRecord 380
09-27 15:16:09.519  2250  2250 V PlmnActRecord: Creating PlmnActRecord 385
09-27 15:16:09.519  2250  2250 V PlmnActRecord: Creating PlmnActRecord 390
09-27 15:16:09.519  2250  2250 V PlmnActRecord: Creating PlmnActRecord 395
09-27 15:16:09.519  2250  2250 V PlmnActRecord: Creating PlmnActRecord 400
09-27 15:16:09.519  2250  2250 V PlmnActRecord: Creating PlmnActRecord 405
09-27 15:16:09.519  2250  2250 V PlmnActRecord: Creating PlmnActRecord 410
09-27 15:16:09.519  2250  2250 V PlmnActRecord: Creating PlmnActRecord 415
09-27 15:16:09.519  2250  2250 V PlmnActRecord: Creating PlmnActRecord 420
09-27 15:16:09.519  2250  2250 V PlmnActRecord: Creating PlmnActRecord 425
09-27 15:16:09.519  2250  2250 V PlmnActRecord: Creating PlmnActRecord 430
09-27 15:16:09.519  2250  2250 V PlmnActRecord: Creating PlmnActRecord 435
09-27 15:16:09.519  2250  2250 V PlmnActRecord: Creating PlmnActRecord 440
09-27 15:16:09.519  2250  2250 V PlmnActRecord: Creating PlmnActRecord 445
09-27 15:16:09.519  2250  2250 V PlmnActRecord: Creating PlmnActRecord 450
09-27 15:16:09.519  2250  2250 V PlmnActRecord: Creating PlmnActRecord 455
09-27 15:16:09.519  2250  2250 V PlmnActRecord: Creating PlmnActRecord 460
09-27 15:16:09.519  2250  2250 V PlmnActRecord: Creating PlmnActRecord 465
09-27 15:16:09.519  2250  2250 V PlmnActRecord: Creating PlmnActRecord 470
09-27 15:16:09.520  2250  2250 V PlmnActRecord: Creating PlmnActRecord 475
09-27 15:16:09.520  2250  2250 V PlmnActRecord: Creating PlmnActRecord 480
09-27 15:16:09.520  2250  2250 V PlmnActRecord: Creating PlmnActRecord 485
09-27 15:16:09.520  2250  2250 V PlmnActRecord: Creating PlmnActRecord 490
09-27 15:16:09.520  2250  2250 V PlmnActRecord: Creating PlmnActRecord 495
09-27 15:16:09.520  2250  2250 D SIMRecords: [SIMRecords] Received a PlmnActRecord, raw=64f010400064f090400064f010800064f0908000ffffff0000ffffff0000ffffff0000ffffff0000
09-27 15:16:09.520  2250  2250 V PlmnActRecord: Extracting Logs, count=8
09-27 15:16:09.520  2250  2250 V PlmnActRecord: Creating PlmnActRecord 0
09-27 15:16:09.520  2250  2250 V PlmnActRecord: Creating PlmnActRecord 5
09-27 15:16:09.520  2250  2250 V PlmnActRecord: Creating PlmnActRecord 10
09-27 15:16:09.520  2250  2250 V PlmnActRecord: Creating PlmnActRecord 15
09-27 15:16:09.520  2250  2250 V PlmnActRecord: Creating PlmnActRecord 20
09-27 15:16:09.520  2250  2250 V PlmnActRecord: Creating PlmnActRecord 25
09-27 15:16:09.520  2250  2250 V PlmnActRecord: Creating PlmnActRecord 30
09-27 15:16:09.520  2250  2250 V PlmnActRecord: Creating PlmnActRecord 35
09-27 15:16:09.523  2250  2250 D SIMRecords: [SIMRecords] HplmnActRecord[]=[{PLMN=46001,AccessTechs=EUTRAN}, {PLMN=46009,AccessTechs=EUTRAN}, {PLMN=46001,AccessTechs=UTRAN}, {PLMN=46009,AccessTechs=UTRAN}, {PLMN=fffff,AccessTechs=NONE}, {PLMN=fffff,AccessTechs=NONE}, {PLMN=fffff,AccessTechs=NONE}, {PLMN=fffff,AccessTechs=NONE}]
09-27 15:16:09.523  2250  2250 D SIMRecords: [SIMRecords] GID1: ff
09-27 15:16:09.523  2250  2250 D SIMRecords: [SIMRecords] onRecordLoaded 7 requested: true
09-27 15:16:09.523  2250  2250 D SIMRecords: [SIMRecords] Received Forbidden PLMNs, raw=64f00064f02064f04064f07064f08064f03064f011ffffffffffffffffff
09-27 15:16:09.523  2250  2250 D SIMRecords: [SIMRecords] onRecordLoaded 6 requested: true
09-27 15:16:09.524  2250  2250 D SIMRecords: [SIMRecords] EF_LI LOADED
09-27 15:16:09.524  2250  2250 D SIMRecords: [SIMRecords] EF_LI=6465656e
09-27 15:16:09.524  2250  2250 D SIMRecords: [SIMRecords] onRecordLoaded 5 requested: true
09-27 15:16:09.524  2250  2250 D SIMRecords: [SIMRecords] EF_PL LOADED
09-27 15:16:09.524  2250  2250 D SIMRecords: [SIMRecords] EF_PL=ffffffff
09-27 15:16:09.524  2250  2250 D SIMRecords: [SIMRecords] onRecordLoaded 4 requested: true
09-27 15:16:09.524  2250  2250 D SIMRecords: [SIMRecords] GID2: ff
09-27 15:16:09.524  2250  2250 D SIMRecords: [SIMRecords] onRecordLoaded 3 requested: true
09-27 15:16:09.525  2250  2250 D SIMRecords: [SIMRecords] Received Equivalent Home PLMNs, raw=64f010ffffffffffffffffff
09-27 15:16:09.555  2250  3113 D SubscriptionController: [getPhoneId] asked for default subId=2
09-27 15:16:09.564  2250  2250 D PhoneSwitcher: handle event - 107
09-27 15:16:09.564  2250  2250 D PhoneSwitcher: Allow_data success on phoneId = 1
09-27 15:16:09.569  2250  2250 D PhoneSwitcher: handle event - 101
09-27 15:16:09.570  2250  2250 D PhoneSwitcher: isAnyVoiceCallActiveOnDevice: false
09-27 15:16:09.571  2250  2250 D SubscriptionController: [getSubId]- numSubIds == 0, return DummySubIds slotIdx=0
09-27 15:16:09.648  2250  2250 D Phone   : mImsIntentReceiver: action com.android.ims.IMS_SERVICE_DOWN
09-27 15:16:09.648  2250  2250 D Phone   : mImsIntentReceiver: extraPhoneId = 0
09-27 15:16:09.648  2250  2250 D Phone   : updateImsPhone mImsServiceReady=false
09-27 15:16:09.648  2250  2250 D CallManager: unregisterPhone(ImsPhone Handler (com.android.internal.telephony.imsphone.ImsPhone) {ad82c36})
09-27 15:16:09.648  2250  2250 D ImsPhone: dispose
09-27 15:16:09.649  2250  2250 D ImsPhoneCallTracker: [ImsPhoneCallTracker] dispose
