09-27 14:53:28.336   821   821 D RILD    : **RIL Daemon Started**
09-27 14:53:28.337   821   821 D RILD    : **RILd param count=1**
09-27 14:53:28.904   939   939 D RILD    : **RIL Daemon Started**
09-27 14:53:28.904   939   939 D RILD    : **RILd param count=3**
09-27 14:53:29.027   821   821 D RILD    : RIL_Init argc = 5 clientId = 0
09-27 14:53:29.037   821   821 E RILQ    : log to /data/misc/radio/ril_log for QCRIL logging is not enabled
09-27 14:53:29.297   939   939 D RILD    : RIL_Init argc = 5 clientId = 2
09-27 14:53:29.297   939   939 E RILQ    : log to /data/misc/radio/ril_log for QCRIL logging is not enabled
09-27 14:53:29.790   939   939 I RILQ    : (1/939):RIL[1][rild] qmi_ril_qmi_client_pre_initialization_acquire: entry
09-27 14:53:29.791   939   939 I RILQ    : (1/939):RIL[1][rild] qmi_ril_qmi_client_pre_initialization_acquire: exit
09-27 14:53:29.827   939   939 I RILQ    : (1/939):RIL[1][rild] void settingsd_client_start(): Starting settingsd client thread
09-27 14:53:29.827   939   939 I RILQ    : (1/939):RIL[1][rild] void settingsd_client_start(): After starting the settingsd client thread
09-27 14:53:29.838   939   939 D RILD    : RIL_Init rilInit completed
09-27 14:53:29.838   939   939 I RILC    : SIM_COUNT: 1
09-27 14:53:29.838   939   939 E RILC    : RIL_register: RIL version 13
09-27 14:53:29.838   939   989 W RILC    : RIL_onUnsolicitedResponse called before RIL_register
09-27 14:53:29.838   939   939 I RILC    : s_registerCalled flag set, 1
09-27 14:53:29.838   939   939 I RILC    : Start to listen RIL_SOCKET_1
09-27 14:53:29.838   939   939 D RILD    : RIL_Init RIL_register completed
09-27 14:53:29.838   939   939 D RILD    : RIL_register_socket started
09-27 14:53:29.838   939   939 D RIL_UIM_SOCKET: Adding socket with id: 0
09-27 14:53:29.838   939   939 E         : Failed to listen on sap_uim_socket1 socket '-1': Bad file descriptor
09-27 14:53:29.838   939   939 D RILD    : RIL_register_socket completed
09-27 14:53:29.838   939   939 D RILD    : RIL_Init starting sleep loop
09-27 14:53:29.838   939   989 E RILQ    : (1/939): RIL[1][main] qcril_qmi_lte_direct_disc_pack_msg_tag: encoding the MsgHeader
09-27 14:53:29.845   939  1071 I RILQ    : (1/939):RIL[1] void main_loop_thread(): main_loop_thread started
09-27 14:53:29.845   939  1071 V use-Rlog/RLOG-RILQ: [42f]> void main_loop_thread(): Starting main Loop thread for settings client
09-27 14:53:29.846   939  1071 E use-Rlog/RLOG-RILQ: [42f]Unable to start settings client
09-27 14:53:29.846   939  1071 V use-Rlog/RLOG-RILQ: [42f]< void main_loop_thread(): 
09-27 14:53:29.847   939   989 I RILQ    : (1/939):RIL[1][main] qmi_ril_qmi_client_pre_initialization_release: entry
09-27 14:53:29.855   939   989 I RILQ    : (1/939):RIL[1][main] qmi_ril_qmi_client_pre_initialization_release: exit
09-27 14:53:29.962   939   989 E RILQ    : (1/939): RIL[1][main] qcril_qmi_nas_init: QCRIL_OPERATOR_NAME is persist.env.spec,  property_name is persist.env.spec. Failed to get operator name
09-27 14:53:30.256   821   821 I RILQ    : (0/821):RIL[0][rild] qmi_ril_qmi_client_pre_initialization_acquire: entry
09-27 14:53:30.256   821   821 I RILQ    : (0/821):RIL[0][rild] qmi_ril_qmi_client_pre_initialization_acquire: exit
09-27 14:53:30.258   821   821 I RILQ    : (0/821):RIL[0][rild] void settingsd_client_start(): Starting settingsd client thread
09-27 14:53:30.258   821   821 I RILQ    : (0/821):RIL[0][rild] void settingsd_client_start(): After starting the settingsd client thread
09-27 14:53:30.259   821  1152 I RILQ    : (0/821):RIL[0] void main_loop_thread(): main_loop_thread started
09-27 14:53:30.259   821  1152 V use-Rlog/RLOG-RILQ: [480]> void main_loop_thread(): Starting main Loop thread for settings client
09-27 14:53:30.260   821  1152 E use-Rlog/RLOG-RILQ: [480]Unable to start settings client
09-27 14:53:30.260   821  1152 V use-Rlog/RLOG-RILQ: [480]< void main_loop_thread(): 
09-27 14:53:30.261   821   821 D RILD    : RIL_Init rilInit completed
09-27 14:53:30.261   821   821 I RILC    : SIM_COUNT: 1
09-27 14:53:30.261   821   821 E RILC    : RIL_register: RIL version 13
09-27 14:53:30.261   821   821 I RILC    : s_registerCalled flag set, 1
09-27 14:53:30.261   821   965 W RILC    : RIL_onUnsolicitedResponse called before RIL_register
09-27 14:53:30.261   821   821 I RILC    : Start to listen RIL_SOCKET_1
09-27 14:53:30.261   821   821 D RILD    : RIL_Init RIL_register completed
09-27 14:53:30.261   821   821 D RILD    : RIL_register_socket started
09-27 14:53:30.261   821   821 D RIL_UIM_SOCKET: Adding socket with id: 0
09-27 14:53:30.261   821   821 D RILD    : RIL_register_socket completed
09-27 14:53:30.261   821   821 D RILD    : RIL_Init starting sleep loop
09-27 14:53:30.261   821   965 E RILQ    : (0/821): RIL[0][main] qcril_qmi_lte_direct_disc_pack_msg_tag: encoding the MsgHeader
09-27 14:53:30.265   821   965 I RILQ    : (0/821):RIL[0][main] qmi_ril_qmi_client_pre_initialization_release: entry
09-27 14:53:30.266   821   965 I RILQ    : (0/821):RIL[0][main] qmi_ril_qmi_client_pre_initialization_release: exit
09-27 14:53:30.314   821   965 E RILQ    : (0/821): RIL[0][main] qcril_qmi_nas_init: QCRIL_OPERATOR_NAME is persist.env.spec,  property_name is persist.env.spec. Failed to get operator name
09-27 14:53:30.343   821   965 E RILQ    : (0/821): RIL[0][main] qcril_qmi_nas_retrieve_custom_emergency_numbers_configured_value: Invalid value for properties count 0
09-27 14:53:30.347   821  1185 I PDC_UTIL: qmi_client_init succeeds for PDC
09-27 14:53:30.396   821   965 E RILQ    : (0/821): RIL[0][main] qcril_qmi_init_ssr_excluded_client_handles: Register for service_down event
09-27 14:53:30.397   821   965 E RILQ    : (0/821): RIL[0][main] qcril_qmi_init_ssr_excluded_client_handles: Register for service_down event
09-27 14:53:30.425   821   965 E RILQ    : (0/821): RIL[0][main] qcril_uim_find_modem_port: Property value does not match, using default port
09-27 14:53:30.425   821   965 E RILQ    : (0/821): RIL[0][main] qcril_uim_find_modem_port: Property value does not match, using default port
09-27 14:53:30.433   821   965 E RILQ    : (0/821): RIL[0][main] qcril_gstk_find_primary_modem_port: Property value does not match, using default port
09-27 14:53:30.468   821   965 I RILQ    : (0/821):RIL[0][main] qcril_arb_set_dsd_sys_status: old_pref_data -1905572552 - new_data_pref -1905572608
09-27 14:53:30.468   821   965 I RILQ    : (0/821):RIL[0][main] qcril_arb_set_dsd_sys_status: preferred dsd_sys_status nw=0x0, rat_value=0x0, so_mask=0x0000000000000000
09-27 14:53:30.468   821   965 I RILQ    : (0/821):RIL[0][main] qcril_arb_set_dsd_sys_status: preferred 1 - dsd_sys_status nw=0x0, rat_value=0x0, so_mask=0x0000000000000000
09-27 14:53:30.468   821   965 I RILQ    : (0/821):RIL[0][main] qcril_arb_set_dsd_sys_status: is_wwan_available 0
09-27 14:53:30.468   821   965 I RILQ    : (0/821):RIL[0][main] qcril_qmi_nas_reset_data_snapshot_cache_and_timer: Resetting snapshot timer
09-27 14:53:30.484   821   965 E RILQ    : (0/821): RIL[0][main] qcril_qmi_lte_direct_disc_pack_msg_tag: encoding the MsgHeader
09-27 14:53:30.485   821  1012 I RILQ    : (0/821):RIL[0][event] qcril_qmi_nas_evaluate_custom_emergency_numbers_for_card: cur_status 0, card_state 0
09-27 14:53:30.485   821  1012 E RILQ    : (0/821): RIL[0][event] get_ecc_property_name: ecc list name : ril.ecclist.
09-27 14:53:30.490   821   965 E RILQ    : (0/821): RIL[0][main] qcril_sms_perform_transport_layer_info_initialization: error while retrieving transport layer reg info
09-27 14:53:30.500   939   989 E RILQ    : (1/939): RIL[1][main] qcril_qmi_nas_retrieve_custom_emergency_numbers_configured_value: Invalid value for properties count 0
09-27 14:53:30.502   821  1012 E RILQ    : (0/821): RIL[0][event] get_ecc_property_name: ecc list name : ril.ecclist.
09-27 14:53:30.502   821  1012 E RILQ    : (0/821): RIL[0][event] qcril_qmi_imss_command_cb_helper: Req ID: 0 not found
09-27 14:53:30.503   821  1012 E RILQ    : (0/821): RIL[0][event] qcril_uim_update_pbm_card_event: PBM_HANDLE_CARD 397315 processing Failed!
09-27 14:53:30.503   821  1012 E RILQ    : (0/821): RIL[0][event] qcril_uim_update_pbm_card_event: PBM_HANDLE_CARD 397313 processing Failed!
09-27 14:53:30.510   821  1012 I RILQ    : (0/821):RIL[0][event] qcril_qmi_nas_evaluate_custom_emergency_numbers_for_card: cur_status 0, card_state 0
09-27 14:53:30.510   821  1012 E RILQ    : (0/821): RIL[0][event] get_ecc_property_name: ecc list name : ril.ecclist.
09-27 14:53:30.512   821  1012 E RILQ    : (0/821): RIL[0][event] get_ecc_property_name: ecc list name : ril.ecclist.
09-27 14:53:30.512   821  1012 I RILQ    : (0/821):RIL[0][event] qcril_qmi_nas_evaluate_custom_emergency_numbers_for_card: cur_status 0, card_state 9
09-27 14:53:30.512   821  1012 E RILQ    : (0/821): RIL[0][event] get_ecc_property_name: ecc list name : ril.ecclist.
09-27 14:53:30.513   821  1012 I RILQ    : (0/821):RIL[0][event] qcril_qmi_nas_evaluate_custom_emergency_numbers_for_card: cur_status 0, card_state 9
09-27 14:53:30.513   821  1012 E RILQ    : (0/821): RIL[0][event] get_ecc_property_name: ecc list name : ril.ecclist.
09-27 14:53:30.516   939   989 E RILQ    : (1/939): RIL[1][main] qcril_qmi_init_ssr_excluded_client_handles: Register for service_down event
09-27 14:53:30.517   939   989 E RILQ    : (1/939): RIL[1][main] qcril_qmi_init_ssr_excluded_client_handles: Register for service_down event
09-27 14:53:30.533   939   989 E RILQ    : (1/939): RIL[1][main] qcril_uim_find_modem_port: Property value does not match, using default port
09-27 14:53:30.533   939   989 E RILQ    : (1/939): RIL[1][main] qcril_uim_find_modem_port: Property value does not match, using default port
09-27 14:53:30.549   939   989 E RILQ    : (1/939): RIL[1][main] qcril_gstk_find_primary_modem_port: Property value does not match, using default port
09-27 14:53:30.652   821  1185 E RILQ    : (0/821): RIL[0][MBN_OTA] qcril_mbn_sw_load_to_db: long iin doesn't exist
09-27 14:53:30.655   821  1185 E RILQ    : (0/821): RIL[0][MBN_OTA] qcril_mbn_sw_load_to_db: long iin doesn't exist
09-27 14:53:30.658   821  1185 E RILQ    : (0/821): RIL[0][MBN_OTA] qcril_mbn_sw_load_to_db: long iin doesn't exist
09-27 14:53:30.664   821  1185 E RILQ    : (0/821): RIL[0][MBN_OTA] qcril_mbn_sw_load_to_db: long iin doesn't exist
09-27 14:53:30.676   821  1185 E RILQ    : (0/821): RIL[0][MBN_OTA] qcril_mbn_sw_load_to_db: long iin doesn't exist
09-27 14:53:30.680   821  1185 E RILQ    : (0/821): RIL[0][MBN_OTA] qcril_mbn_sw_load_to_db: long iin doesn't exist
09-27 14:53:30.687   821  1185 E RILQ    : (0/821): RIL[0][MBN_OTA] qcril_mbn_sw_load_to_db: long iin doesn't exist
09-27 14:53:30.689   821  1185 E RILQ    : (0/821): RIL[0][MBN_OTA] qcril_mbn_sw_load_to_db: long iin doesn't exist
09-27 14:53:30.693   821  1185 E RILQ    : (0/821): RIL[0][MBN_OTA] qcril_mbn_sw_load_to_db: long iin doesn't exist
09-27 14:53:30.695   821  1185 E RILQ    : (0/821): RIL[0][MBN_OTA] qcril_mbn_sw_load_to_db: long iin doesn't exist
09-27 14:53:30.699   821  1185 E RILQ    : (0/821): RIL[0][MBN_OTA] qcril_mbn_sw_load_to_db: retrieve sw iin failed
09-27 14:53:30.699   821  1185 E RILQ    : (0/821): RIL[0][MBN_OTA] qcril_mbn_sw_load_to_db: long iin doesn't exist
09-27 14:53:30.700   939   989 I RILQ    : (1/939):RIL[1][main] qcril_arb_set_dsd_sys_status: old_pref_data 1971365176 - new_data_pref 1971365120
09-27 14:53:30.700   939   989 I RILQ    : (1/939):RIL[1][main] qcril_arb_set_dsd_sys_status: preferred dsd_sys_status nw=0x0, rat_value=0x0, so_mask=0x0000000000000000
09-27 14:53:30.700   939   989 I RILQ    : (1/939):RIL[1][main] qcril_arb_set_dsd_sys_status: preferred 1 - dsd_sys_status nw=0x0, rat_value=0x0, so_mask=0x0000000000000000
09-27 14:53:30.700   939   989 I RILQ    : (1/939):RIL[1][main] qcril_arb_set_dsd_sys_status: is_wwan_available 0
09-27 14:53:30.700   939   989 I RILQ    : (1/939):RIL[1][main] qcril_qmi_nas_reset_data_snapshot_cache_and_timer: Resetting snapshot timer
09-27 14:53:30.701   821  1185 E RILQ    : (0/821): RIL[0][MBN_OTA] qcril_mbn_sw_load_to_db: retrieve sw iin failed
09-27 14:53:30.701   821  1185 E RILQ    : (0/821): RIL[0][MBN_OTA] qcril_mbn_sw_load_to_db: long iin doesn't exist
09-27 14:53:30.707   821  1185 E RILQ    : (0/821): RIL[0][MBN_OTA] qcril_mbn_sw_load_to_db: long iin doesn't exist
09-27 14:53:30.711   821  1185 E RILQ    : (0/821): RIL[0][MBN_OTA] qcril_mbn_sw_load_to_db: long iin doesn't exist
09-27 14:53:30.715   821  1185 E RILQ    : (0/821): RIL[0][MBN_OTA] qcril_mbn_sw_load_to_db: long iin doesn't exist
09-27 14:53:30.718   821  1185 E RILQ    : (0/821): RIL[0][MBN_OTA] qcril_mbn_sw_load_to_db: long iin doesn't exist
09-27 14:53:30.721   821  1185 E RILQ    : (0/821): RIL[0][MBN_OTA] qcril_mbn_sw_load_to_db: long iin doesn't exist
09-27 14:53:30.724   821  1185 E RILQ    : (0/821): RIL[0][MBN_OTA] qcril_mbn_sw_load_to_db: long iin doesn't exist
09-27 14:53:30.726   821  1185 E RILQ    : (0/821): RIL[0][MBN_OTA] qcril_mbn_sw_load_to_db: long iin doesn't exist
09-27 14:53:30.726   821  1185 E RILQ    : (0/821): RIL[0][MBN_OTA] qcril_mbn_sw_load_to_db: mcc_mnc_list doesn't exist
09-27 14:53:30.728   821  1185 E RILQ    : (0/821): RIL[0][MBN_OTA] qcril_mbn_sw_load_to_db: long iin doesn't exist
09-27 14:53:30.731   821  1185 E RILQ    : (0/821): RIL[0][MBN_OTA] qcril_mbn_sw_load_to_db: retrieve sw iin failed
09-27 14:53:30.731   821  1185 E RILQ    : (0/821): RIL[0][MBN_OTA] qcril_mbn_sw_load_to_db: long iin doesn't exist
09-27 14:53:30.735   821  1185 E RILQ    : (0/821): RIL[0][MBN_OTA] qcril_mbn_sw_load_to_db: long iin doesn't exist
09-27 14:53:30.735   821  1185 E RILQ    : (0/821): RIL[0][MBN_OTA] qcril_mbn_sw_load_to_db: mcc_mnc_list doesn't exist
09-27 14:53:30.737   821  1185 E RILQ    : (0/821): RIL[0][MBN_OTA] qcril_mbn_sw_load_to_db: long iin doesn't exist
09-27 14:53:30.737   821  1185 E RILQ    : (0/821): RIL[0][MBN_OTA] qcril_mbn_sw_load_to_db: mcc_mnc_list doesn't exist
09-27 14:53:30.739   821  1185 E RILQ    : (0/821): RIL[0][MBN_OTA] qcril_mbn_sw_load_to_db: long iin doesn't exist
09-27 14:53:30.741   821  1185 E RILQ    : (0/821): RIL[0][MBN_OTA] qcril_mbn_sw_load_to_db: long iin doesn't exist
09-27 14:53:30.741   821  1185 E RILQ    : (0/821): RIL[0][MBN_OTA] qcril_mbn_sw_load_to_db: mcc_mnc_list doesn't exist
09-27 14:53:30.745   821  1185 E RILQ    : (0/821): RIL[0][MBN_OTA] qcril_mbn_sw_load_to_db: long iin doesn't exist
09-27 14:53:30.745   821  1185 E RILQ    : (0/821): RIL[0][MBN_OTA] qcril_mbn_sw_load_to_db: mcc_mnc_list doesn't exist
09-27 14:53:30.746   939   989 E RILQ    : (1/939): RIL[1][main] qcril_qmi_lte_direct_disc_pack_msg_tag: encoding the MsgHeader
09-27 14:53:30.747   821  1185 E RILQ    : (0/821): RIL[0][MBN_OTA] qcril_mbn_sw_load_to_db: long iin doesn't exist
09-27 14:53:30.748   939  1023 I RILQ    : (1/939):RIL[1][event] qcril_qmi_nas_evaluate_custom_emergency_numbers_for_card: cur_status 0, card_state 0
09-27 14:53:30.748   939  1023 E RILQ    : (1/939): RIL[1][event] get_ecc_property_name: ecc list name : ril.ecclist1.
09-27 14:53:30.749   821  1185 E RILQ    : (0/821): RIL[0][MBN_OTA] qcril_mbn_sw_load_to_db: long iin doesn't exist
09-27 14:53:30.749   939  1023 E RILQ    : (1/939): RIL[1][event] get_ecc_property_name: ecc list name : ril.ecclist1.
09-27 14:53:30.750   939  1023 E RILQ    : (1/939): RIL[1][event] qcril_qmi_imss_command_cb_helper: Req ID: 0 not found
09-27 14:53:30.750   939  1023 E RILQ    : (1/939): RIL[1][event] qcril_uim_update_pbm_card_event: PBM_HANDLE_CARD 397315 processing Failed!
09-27 14:53:30.751   939  1023 E RILQ    : (1/939): RIL[1][event] qcril_uim_update_pbm_card_event: PBM_HANDLE_CARD 397313 processing Failed!
09-27 14:53:30.751   939  1023 E RILQ    : (1/939): RIL[1][event] qcril_uim_update_pbm_card_event: PBM_HANDLE_CARD 397314 processing Failed!
09-27 14:53:30.751   821  1185 E RILQ    : (0/821): RIL[0][MBN_OTA] qcril_mbn_sw_load_to_db: long iin doesn't exist
09-27 14:53:30.753   939  1023 I RILQ    : (1/939):RIL[1][event] qcril_qmi_nas_evaluate_custom_emergency_numbers_for_card: cur_status 0, card_state 0
09-27 14:53:30.753   939  1023 E RILQ    : (1/939): RIL[1][event] get_ecc_property_name: ecc list name : ril.ecclist1.
09-27 14:53:30.755   821  1185 E RILQ    : (0/821): RIL[0][MBN_OTA] qcril_mbn_sw_load_to_db: long iin doesn't exist
09-27 14:53:30.756   939   989 E RILQ    : (1/939): RIL[1][main] qcril_sms_perform_transport_layer_info_initialization: error while retrieving transport layer reg info
09-27 14:53:30.757   939   989 E RILQ    : (1/939): RIL[1][main] qcril_qmi_sms_set_primary_client: Successfully set QCRIL as the primary client
09-27 14:53:30.759   821  1185 E RILQ    : (0/821): RIL[0][MBN_OTA] qcril_mbn_sw_load_to_db: long iin doesn't exist
09-27 14:53:30.762   821  1185 E RILQ    : (0/821): RIL[0][MBN_OTA] qcril_mbn_sw_load_to_db: long iin doesn't exist
09-27 14:53:30.763   939  1023 I RILQ    : (1/939):RIL[1][event] qcril_qmi_nas_evaluate_custom_emergency_numbers_for_card: cur_status 0, card_state 3
09-27 14:53:30.764   939  1023 I RILQ    : (1/939):RIL[1][event] qcril_qmi_nas_evaluate_custom_emergency_numbers_for_card: imsi fetch attempt ril 0
09-27 14:53:30.764   939  1023 E RILQ    : (1/939): RIL[1][event] get_ecc_property_name: ecc list name : ril.ecclist1.
09-27 14:53:30.764   821  1185 E RILQ    : (0/821): RIL[0][MBN_OTA] qcril_mbn_sw_load_to_db: long iin doesn't exist
09-27 14:53:30.767   821  1185 E RILQ    : (0/821): RIL[0][MBN_OTA] qcril_mbn_sw_load_to_db: long iin doesn't exist
09-27 14:53:30.769   821  1012 E RILQ    : (0/821): RIL[0][event] qcril_mbn_sw_update_init_helper: is_ssr_or_bootup 0
09-27 14:53:30.770   821  1185 E RILQ    : (0/821): RIL[0][MBN_OTA] qcril_mbn_sw_load_to_db: long iin doesn't exist
09-27 14:53:30.773   821  1185 E RILQ    : (0/821): RIL[0][MBN_OTA] qcril_mbn_sw_load_to_db: long iin doesn't exist
09-27 14:53:30.776   821  1185 E RILQ    : (0/821): RIL[0][MBN_OTA] qcril_mbn_sw_load_to_db: long iin doesn't exist
09-27 14:53:30.778   821  1185 E RILQ    : (0/821): RIL[0][MBN_OTA] qcril_mbn_sw_load_to_db: long iin doesn't exist
09-27 14:53:30.781   821  1185 E RILQ    : (0/821): RIL[0][MBN_OTA] qcril_mbn_sw_load_to_db: long iin doesn't exist
09-27 14:53:30.786   821  1185 E RILQ    : (0/821): RIL[0][MBN_OTA] qcril_mbn_sw_load_to_db: long iin doesn't exist
09-27 14:53:30.789   821  1185 E RILQ    : (0/821): RIL[0][MBN_OTA] qcril_mbn_sw_load_to_db: long iin doesn't exist
09-27 14:53:30.793   821  1185 E RILQ    : (0/821): RIL[0][MBN_OTA] qcril_mbn_sw_load_to_db: long iin doesn't exist
09-27 14:53:30.795   939  1023 I RILQ    : (1/939):RIL[1][event] qcril_qmi_nas_add_emergency_numbers: matched with source mcc table using IMSI MCC
09-27 14:53:30.796   939  1023 I RILQ    : (1/939):RIL[1][event] qcril_qmi_nas_add_emergency_numbers: Update ril ecclist
09-27 14:53:30.796   939  1023 E RILQ    : (1/939): RIL[1][event] get_ecc_property_name: ecc list name : ril.ecclist1.
09-27 14:53:30.796   821  1185 E RILQ    : (0/821): RIL[0][MBN_OTA] qcril_mbn_sw_load_to_db: long iin doesn't exist
09-27 14:53:30.799   821  1185 E RILQ    : (0/821): RIL[0][MBN_OTA] qcril_mbn_sw_load_to_db: long iin doesn't exist
09-27 14:53:30.802   821  1185 E RILQ    : (0/821): RIL[0][MBN_OTA] qcril_mbn_sw_load_to_db: long iin doesn't exist
09-27 14:53:30.804   821  1185 E RILQ    : (0/821): RIL[0][MBN_OTA] qcril_mbn_sw_load_to_db: long iin doesn't exist
09-27 14:53:30.806   821  1185 E RILQ    : (0/821): RIL[0][MBN_OTA] qcril_mbn_sw_load_to_db: long iin doesn't exist
09-27 14:53:30.809   821  1185 E RILQ    : (0/821): RIL[0][MBN_OTA] qcril_mbn_sw_load_to_db: long iin doesn't exist
09-27 14:53:30.811   821  1185 E RILQ    : (0/821): RIL[0][MBN_OTA] qcril_mbn_sw_load_to_db: long iin doesn't exist
09-27 14:53:30.813   821  1185 E RILQ    : (0/821): RIL[0][MBN_OTA] qcril_mbn_sw_load_to_db: long iin doesn't exist
09-27 14:53:30.815   821  1185 E RILQ    : (0/821): RIL[0][MBN_OTA] qcril_mbn_sw_load_to_db: long iin doesn't exist
09-27 14:53:30.817   821  1185 E RILQ    : (0/821): RIL[0][MBN_OTA] qcril_mbn_sw_load_to_db: long iin doesn't exist
09-27 14:53:30.819   821  1185 E RILQ    : (0/821): RIL[0][MBN_OTA] qcril_mbn_sw_load_to_db: long iin doesn't exist
09-27 14:53:30.821   821  1185 E RILQ    : (0/821): RIL[0][MBN_OTA] qcril_mbn_sw_load_to_db: long iin doesn't exist
09-27 14:53:30.823   821  1185 E RILQ    : (0/821): RIL[0][MBN_OTA] qcril_mbn_sw_load_to_db: long iin doesn't exist
09-27 14:53:30.826   821  1185 E RILQ    : (0/821): RIL[0][MBN_OTA] qcril_mbn_sw_load_to_db: long iin doesn't exist
09-27 14:53:30.828   821  1185 E RILQ    : (0/821): RIL[0][MBN_OTA] qcril_mbn_sw_load_to_db: long iin doesn't exist
09-27 14:53:30.832   821  1185 E RILQ    : (0/821): RIL[0][MBN_OTA] qcril_mbn_sw_load_to_db: long iin doesn't exist
09-27 14:53:30.834   821  1185 E RILQ    : (0/821): RIL[0][MBN_OTA] qcril_mbn_sw_load_to_db: long iin doesn't exist
09-27 14:53:30.836   821  1185 E RILQ    : (0/821): RIL[0][MBN_OTA] qcril_mbn_sw_load_to_db: long iin doesn't exist
09-27 14:53:30.838   821  1185 E RILQ    : (0/821): RIL[0][MBN_OTA] qcril_mbn_sw_load_to_db: long iin doesn't exist
09-27 14:53:30.840   821  1185 E RILQ    : (0/821): RIL[0][MBN_OTA] qcril_mbn_sw_load_to_db: long iin doesn't exist
09-27 14:53:30.842   821  1185 E RILQ    : (0/821): RIL[0][MBN_OTA] qcril_mbn_sw_load_to_db: long iin doesn't exist
09-27 14:53:30.845   821  1185 E RILQ    : (0/821): RIL[0][MBN_OTA] qcril_mbn_sw_load_to_db: long iin doesn't exist
09-27 14:53:30.847   821  1185 E RILQ    : (0/821): RIL[0][MBN_OTA] qcril_mbn_sw_load_to_db: long iin doesn't exist
09-27 14:53:30.848   821  1185 E RILQ    : (0/821): RIL[0][MBN_OTA] qcril_mbn_sw_load_to_db: long iin doesn't exist
09-27 14:53:30.850   821  1185 E RILQ    : (0/821): RIL[0][MBN_OTA] qcril_mbn_sw_load_to_db: long iin doesn't exist
09-27 14:53:30.852   821  1185 E RILQ    : (0/821): RIL[0][MBN_OTA] qcril_mbn_sw_load_to_db: long iin doesn't exist
09-27 14:53:30.854   821  1185 E RILQ    : (0/821): RIL[0][MBN_OTA] qcril_mbn_sw_load_to_db: long iin doesn't exist
09-27 14:53:30.856   821  1185 E RILQ    : (0/821): RIL[0][MBN_OTA] qcril_mbn_sw_load_to_db: long iin doesn't exist
09-27 14:53:30.858   821  1185 E RILQ    : (0/821): RIL[0][MBN_OTA] qcril_mbn_sw_load_to_db: long iin doesn't exist
09-27 14:53:30.861   821  1185 E RILQ    : (0/821): RIL[0][MBN_OTA] qcril_mbn_sw_load_to_db: long iin doesn't exist
09-27 14:53:30.863   821  1185 E RILQ    : (0/821): RIL[0][MBN_OTA] qcril_mbn_sw_load_to_db: long iin doesn't exist
09-27 14:53:30.865   821  1185 E RILQ    : (0/821): RIL[0][MBN_OTA] qcril_mbn_sw_load_to_db: long iin doesn't exist
09-27 14:53:30.867   821  1185 E RILQ    : (0/821): RIL[0][MBN_OTA] qcril_mbn_sw_load_to_db: long iin doesn't exist
09-27 14:53:30.869   821  1185 E RILQ    : (0/821): RIL[0][MBN_OTA] qcril_mbn_sw_load_to_db: long iin doesn't exist
09-27 14:53:30.871   821  1185 E RILQ    : (0/821): RIL[0][MBN_OTA] qcril_mbn_sw_load_to_db: long iin doesn't exist
09-27 14:53:30.925   821  1186 I PDC_UTIL: succeed to get config_list
09-27 14:53:30.931   821  1186 E PDC_UTIL: QMI error, error code: 16
09-27 14:53:30.931   821  1185 E MBN_OTA : failed to get current config for SUB 2
09-27 14:53:30.933   821  1185 I         : 5 lines for file /data/misc/radio/modem_config/mbn_ota.txt
09-27 14:53:30.934   821  1185 I MBN_UTIL: file name: /data/misc/radio/modem_config/mcfg_sw/generic/china/cmcc/commerci/volte_op/mcfg_sw.mbn
09-27 14:53:30.934   821  1185 I MBN_UTIL: type_id: 0
09-27 14:53:30.934   821  1185 I MBN_UTIL: type_id: 1
09-27 14:53:30.934   821  1185 I MBN_UTIL: file name: /data/misc/radio/modem_config/mcfg_sw/generic/china/cu/commerci/openmkt/mcfg_sw.mbn
09-27 14:53:30.934   821  1185 I MBN_UTIL: type_id: 0
09-27 14:53:30.934   821  1185 I MBN_UTIL: type_id: 1
09-27 14:53:30.934   821  1185 I MBN_UTIL: file name: /data/misc/radio/modem_config/mcfg_sw/generic/apac/reliance/commerci/mcfg_sw.mbn
09-27 14:53:30.934   821  1185 I MBN_UTIL: type_id: 0
09-27 14:53:30.934   821  1185 I MBN_UTIL: type_id: 1
09-27 14:53:30.934   821  1185 I MBN_UTIL: file name: /data/misc/radio/modem_config/mcfg_sw/generic/common/row/gen_3gpp/mcfg_sw.mbn
09-27 14:53:30.934   821  1185 I MBN_UTIL: type_id: 0
09-27 14:53:30.934   821  1185 I MBN_UTIL: type_id: 1
09-27 14:53:30.934   821  1185 I MBN_UTIL: file name: /data/misc/radio/modem_config/mcfg_sw/generic/apac/airtel/commerci/mcfg_sw.mbn
09-27 14:53:30.934   821  1185 I MBN_UTIL: type_id: 0
09-27 14:53:30.934   821  1185 I MBN_UTIL: type_id: 1
09-27 14:53:30.934   821  1185 I MBN_OTA : is_all_in_local_matched: 1
09-27 14:53:30.934   821  1185 I MBN_OTA : current MBNs in modem EFS:
09-27 14:53:30.934   821  1185 I MBN_OTA :  0: config_id: OTA_/data/misc/radio/modem_config/mcfg_sw/generic/china/cmcc/commerci/volte_op/mcfg_sw.mbn1328:937968
09-27 14:53:30.934   821  1185 I MBN_OTA :     config_desc: Volte_OpenMkt-Commercial-CMCC
09-27 14:53:30.934   821  1185 I MBN_OTA :     config_version: 0x701209c
09-27 14:53:30.934   821  1185 I MBN_OTA :     This config is activated with SUBs:
09-27 14:53:30.934   821  1185 I MBN_OTA :     SUB1
09-27 14:53:30.934   821  1185 I MBN_OTA :  1: config_id: OTA_/data/misc/radio/modem_config/mcfg_sw/generic/china/cu/commerci/openmkt/mcfg_sw.mbn1329:69574
09-27 14:53:30.934   821  1185 I MBN_OTA :     config_desc: OpenMkt-Commercial-CU
09-27 14:53:30.934   821  1185 I MBN_OTA :     config_version: 0x7011522
09-27 14:53:30.934   821  1185 I MBN_OTA :     This config is activated with SUBs:
09-27 14:53:30.934   821  1185 I MBN_OTA :     SUB0
09-27 14:53:30.934   821  1185 I MBN_OTA :  2: config_id: OTA_/data/misc/radio/modem_config/mcfg_sw/generic/apac/reliance/commerci/mcfg_sw.mbn1329:180507
09-27 14:53:30.934   821  1185 I MBN_OTA :     config_desc: Commercial-Reliance
09-27 14:53:30.934   821  1185 I MBN_OTA :     config_version: 0x7011b47
09-27 14:53:30.934   821  1185 I MBN_OTA :  3: config_id: OTA_/data/misc/radio/modem_config/mcfg_sw/generic/common/row/gen_3gpp/mcfg_sw.mbn1329:309064
09-27 14:53:30.934   821  1185 I MBN_OTA :     config_desc: ROW_Generic_3GPP
09-27 14:53:30.935   821  1185 I MBN_OTA :     config_version: 0x701084b
09-27 14:53:30.935   821  1185 I MBN_OTA :  4: config_id: OTA_/data/misc/radio/modem_config/mcfg_sw/generic/apac/airtel/commerci/mcfg_sw.mbn275523:984179
09-27 14:53:30.935   821  1185 I MBN_OTA :     config_desc: Commercial-Airtel
09-27 14:53:30.935   821  1185 I MBN_OTA :     config_version: 0x7011a0a
09-27 14:53:30.935   821  1185 I MBN_OTA : file_name: /data/misc/radio/modem_config/mcfg_sw/generic/china/cmcc/commerci/volte_op/mcfg_sw.mbn, version: 0x0701209c, is_matched: 1
09-27 14:53:30.935   821  1185 I MBN_OTA : file_name: /data/misc/radio/modem_config/mcfg_sw/generic/china/cu/commerci/openmkt/mcfg_sw.mbn, version: 0x07011522, is_matched: 1
09-27 14:53:30.935   821  1185 I MBN_OTA : file_name: /data/misc/radio/modem_config/mcfg_sw/generic/apac/reliance/commerci/mcfg_sw.mbn, version: 0x07011b47, is_matched: 1
09-27 14:53:30.935   821  1185 I MBN_OTA : file_name: /data/misc/radio/modem_config/mcfg_sw/generic/common/row/gen_3gpp/mcfg_sw.mbn, version: 0x0701084b, is_matched: 1
09-27 14:53:30.935   821  1185 I MBN_OTA : file_name: /data/misc/radio/modem_config/mcfg_sw/generic/apac/airtel/commerci/mcfg_sw.mbn, version: 0x07011a0a, is_matched: 1
09-27 14:53:30.935   821  1185 I PDC_UTIL: Release client connection to PDC
09-27 14:53:34.116   770   770 D TelephonyManager: No /proc/cmdline exception=java.io.FileNotFoundException: /proc/cmdline (Permission denied)
09-27 14:53:34.117   770   770 D TelephonyManager: /proc/cmdline=
09-27 14:53:34.328   771   771 D TelephonyManager: No /proc/cmdline exception=java.io.FileNotFoundException: /proc/cmdline (Permission denied)
09-27 14:53:34.328   771   771 D TelephonyManager: /proc/cmdline=
09-27 14:53:56.727  1774  1786 D TelephonyRegistry: listen oscl: hasNotifySubscriptionInfoChangedOccurred==false no callback
09-27 14:53:57.668  1774  1774 D TelephonyRegistry: listen oscl: hasNotifySubscriptionInfoChangedOccurred==false no callback
09-27 14:53:57.707  1774  1787 D TelephonyRegistry: listen oscl: hasNotifySubscriptionInfoChangedOccurred==false no callback
09-27 14:53:57.810  1774  1774 D TelephonyRegistry: systemRunning register for intents
09-27 14:53:58.243  1774  2279 D TelephonyRegistry: listen oscl: hasNotifySubscriptionInfoChangedOccurred==false no callback
09-27 14:53:58.340  2249  2249 D TDC     : updateOrInsert: inserting: Modem { uuid=modem, state=0, rilModel=0, rat={}, maxActiveVoiceCall=1, maxActiveDataCall=1, maxStandby=1 }
09-27 14:53:58.340  2249  2249 D TDC     : updateOrInsert: inserting: Sim { uuid=sim, modemUuid=modem, state=0 }
09-27 14:53:58.364  2249  2249 D TelephonyComponentFactory: classLoader = dalvik.system.PathClassLoader[DexPathList[[zip file "/system/framework/qti-telephony-common.jar"],nativeLibraryDirectories=[/system/lib64, /vendor/lib64]]]
09-27 14:53:58.364  2249  2249 D TelephonyComponentFactory: cls = class com.qualcomm.qti.internal.telephony.QtiTelephonyComponentFactory
09-27 14:53:58.366  2249  2249 D TelephonyComponentFactory: constructor method = public com.qualcomm.qti.internal.telephony.QtiTelephonyComponentFactory()
09-27 14:53:58.379  2249  2249 D CdmaSSM : subscriptionSource from settings: 0
09-27 14:53:58.379  2249  2249 I PhoneFactory: Cdma Subscription set to 0
09-27 14:53:58.380  2249  2249 I PhoneFactory: Network Mode set to 9
09-27 14:53:58.411  2249  2249 D RILJ    : RIL(context, preferredNetworkType=9 cdmaSubscription=0)
09-27 14:53:58.416  2249  2249 D RILJ    : Starting RILReceiver0 [SUB0]
09-27 14:53:58.419   821   965 I RILC    : libril: new connection to RIL_SOCKET_1
09-27 14:53:58.419   821   965 I RILC    : RIL Daemon version: Qualcomm RIL 1.0
09-27 14:53:58.420  2249  2308 I RILJ    : (0) Connected to 'rild' socket
09-27 14:53:58.420  2249  2308 D RILJ    : [UNSL]< UNSOL_RIL_CONNECTED {13} [SUB0]
09-27 14:53:58.421  2249  2308 D RILJ    : [3648]> RADIO_POWER off [SUB0]
09-27 14:53:58.424  2249  2249 D RILJ    : [3649]> GET_HARDWARE_CONFIG [SUB0]
09-27 14:53:58.425  2249  2308 D RILJ    : [3650]> RIL_REQUEST_CDMA_SET_SUBSCRIPTION_SOURCE : 0 [SUB0]
09-27 14:53:58.427  2249  2249 I PhoneFactory: Network Mode set to 9
09-27 14:53:58.428  2249  2249 D RILJ    : RIL(context, preferredNetworkType=9 cdmaSubscription=0)
09-27 14:53:58.429  2249  2308 D RILJ    : setCellInfoListRate: 2147483647 [SUB0]
09-27 14:53:58.430  2249  2308 D RILJ    : [3651]> RIL_REQUEST_SET_CELL_INFO_LIST_RATE [SUB0]
09-27 14:53:58.431  2249  2249 D RILJ    : Starting RILReceiver1 [SUB1]
09-27 14:53:58.433   939   989 I RILC    : libril: new connection to RIL_SOCKET_1
09-27 14:53:58.433   939   989 I RILC    : RIL Daemon version: Qualcomm RIL 1.0
09-27 14:53:58.434  2249  2312 I RILJ    : (1) Connected to 'rild2' socket
09-27 14:53:58.434  2249  2312 D RILJ    : [UNSL]< UNSOL_RIL_CONNECTED {13} [SUB1]
09-27 14:53:58.434  2249  2312 D RILJ    : [3653]> RADIO_POWER off [SUB1]
09-27 14:53:58.443  2249  2312 D RILJ    : [3654]> RIL_REQUEST_CDMA_SET_SUBSCRIPTION_SOURCE : 0 [SUB1]
09-27 14:53:58.445  2249  2249 D RILJ    : [3655]> GET_HARDWARE_CONFIG [SUB1]
09-27 14:53:58.446  2249  2308 D RILJ    : Unsol response received for UNSOL_RESPONSE_RADIO_STATE_CHANGED Sending ack to ril.cpp [SUB0]
09-27 14:53:58.446  2249  2308 D RILJ    : [UNSL]< UNSOL_RESPONSE_RADIO_STATE_CHANGED RADIO_OFF [SUB0]
09-27 14:53:58.446  2249  2308 D RILJ    : [3656]> SCREEN_STATE: true [SUB0]
09-27 14:53:58.447  2249  2312 D RILJ    : setCellInfoListRate: 2147483647 [SUB1]
09-27 14:53:58.447  2249  2312 D RILJ    : [3657]> RIL_REQUEST_SET_CELL_INFO_LIST_RATE [SUB1]
09-27 14:53:58.450  2249  2249 I PhoneFactory: Creating SubscriptionController
09-27 14:53:58.450  2249  2249 D QtiTelephonyComponentFactory: initSubscriptionController
09-27 14:53:58.459  2249  2308 D RILJ    : Unsol response received for UNSOL_OEM_HOOK_RAW Sending ack to ril.cpp [SUB0]
09-27 14:53:58.460  2249  2308 V RILJ    : [UNSL]< UNSOL_OEM_HOOK_RAW 514f454d484f4f4bf10308000100000000 [SUB0]
09-27 14:53:58.465  2249  2308 D RilRequest: [3649]< GET_HARDWARE_CONFIG error: com.android.internal.telephony.CommandException: GENERIC_FAILURE ret=
09-27 14:53:58.465  2249  2312 D RILJ    : Unsol response received for UNSOL_RESPONSE_RADIO_STATE_CHANGED Sending ack to ril.cpp [SUB1]
09-27 14:53:58.465  2249  2312 D RILJ    : [UNSL]< UNSOL_RESPONSE_RADIO_STATE_CHANGED RADIO_OFF [SUB1]
09-27 14:53:58.465  2249  2308 D RilRequest: [3650]< RIL_REQUEST_CDMA_SET_SUBSCRIPTION_SOURCE error: com.android.internal.telephony.CommandException: RADIO_NOT_AVAILABLE ret=
09-27 14:53:58.465  2249  2312 D RILJ    : [3660]> SCREEN_STATE: true [SUB1]
09-27 14:53:58.466  2249  2308 D RILJ    : [3651]< RIL_REQUEST_SET_CELL_INFO_LIST_RATE  [SUB0]
09-27 14:53:58.466  2249  2308 D RILJ    : [3656]< SCREEN_STATE  [SUB0]
09-27 14:53:58.472  2249  2312 D RILJ    : Unsol response received for UNSOL_OEM_HOOK_RAW Sending ack to ril.cpp [SUB1]
09-27 14:53:58.473  2249  2312 V RILJ    : [UNSL]< UNSOL_OEM_HOOK_RAW 514f454d484f4f4bf10308000100000001 [SUB1]
09-27 14:53:58.473   821  1012 I RILQ    : (0/821):RIL[0][event] qcril_qmi_nas_dms_op_state_update_handler: reported op mode LPM
09-27 14:53:58.473  2249  2312 D RilRequest: [3654]< RIL_REQUEST_CDMA_SET_SUBSCRIPTION_SOURCE error: com.android.internal.telephony.CommandException: RADIO_NOT_AVAILABLE ret=
09-27 14:53:58.473   821  1012 I RILQ    : (0/821):RIL[0][event] qcril_qmi_nas_dms_op_state_update_handler: expected op mode LPM
09-27 14:53:58.473   821  1012 I RILQ    : (0/821):RIL[0][event] qcril_qmi_nas_reset_data_snapshot_cache_and_timer: Resetting snapshot timer
09-27 14:53:58.473   821  1012 I RILQ    : (0/821):RIL[0][event] qcril_qmi_nas_reset_data_snapshot_cache_and_timer: Resetting snapshot timer
09-27 14:53:58.474  2249  2312 D RilRequest: [3655]< GET_HARDWARE_CONFIG error: com.android.internal.telephony.CommandException: GENERIC_FAILURE ret=
09-27 14:53:58.474  2249  2312 D RILJ    : [3657]< RIL_REQUEST_SET_CELL_INFO_LIST_RATE  [SUB1]
09-27 14:53:58.475  2249  2312 D RILJ    : [3660]< SCREEN_STATE  [SUB1]
09-27 14:53:58.477   939  1023 I RILQ    : (1/939):RIL[1][event] qcril_qmi_nas_dms_op_state_update_handler: reported op mode LPM
09-27 14:53:58.477   939  1023 I RILQ    : (1/939):RIL[1][event] qcril_qmi_nas_dms_op_state_update_handler: expected op mode LPM
09-27 14:53:58.477   939  1023 I RILQ    : (1/939):RIL[1][event] qcril_qmi_nas_reset_data_snapshot_cache_and_timer: Resetting snapshot timer
09-27 14:53:58.477   939  1023 I RILQ    : (1/939):RIL[1][event] qcril_qmi_nas_reset_data_snapshot_cache_and_timer: Resetting snapshot timer
09-27 14:53:58.479  2249  2308 D RILJ    : Unsol response received for UNSOL_RESPONSE_VOICE_NETWORK_STATE_CHANGED Sending ack to ril.cpp [SUB0]
09-27 14:53:58.479  2249  2308 D RILJ    : [UNSL]< UNSOL_RESPONSE_VOICE_NETWORK_STATE_CHANGED [SUB0]
09-27 14:53:58.481  2249  2312 D RILJ    : Unsol response received for UNSOL_RESPONSE_VOICE_NETWORK_STATE_CHANGED Sending ack to ril.cpp [SUB1]
09-27 14:53:58.481  2249  2312 D RILJ    : [UNSL]< UNSOL_RESPONSE_VOICE_NETWORK_STATE_CHANGED [SUB1]
09-27 14:53:58.482   939  1023 E RILQ    : (1/939): RIL[1][event] qcril_qmi_lte_direct_disc_pack_msg_tag: encoding the MsgHeader
09-27 14:53:58.482  2249  2249 D SubscriptionController: [SubscriptionController] init by Context
09-27 14:53:58.484   821  1012 E RILQ    : (0/821): RIL[0][event] qcril_qmi_lte_direct_disc_pack_msg_tag: encoding the MsgHeader
09-27 14:53:58.484  2249  2308 D RILJ    : [3648]< RADIO_POWER  [SUB0]
09-27 14:53:58.485  2249  2312 D RILJ    : Unsol response received for UNSOL_OEM_HOOK_RAW Sending ack to ril.cpp [SUB1]
09-27 14:53:58.485  2249  2312 V RILJ    : [UNSL]< UNSOL_OEM_HOOK_RAW 514f454d484f4f4bf10308000100000000 [SUB1]
09-27 14:53:58.486  2249  2312 D RILJ    : [3653]< RADIO_POWER  [SUB1]
09-27 14:53:58.489  2249  2249 D QtiSubscriptionController:  init by Context
09-27 14:53:58.491  2249  2312 D RILJ    : Unsol response received for UNSOL_RESPONSE_RADIO_STATE_CHANGED Sending ack to ril.cpp [SUB1]
09-27 14:53:58.491  2249  2312 D RILJ    : [UNSL]< UNSOL_RESPONSE_RADIO_STATE_CHANGED RADIO_OFF [SUB1]
09-27 14:53:58.493  2249  2308 D RILJ    : Unsol response received for UNSOL_RESPONSE_RADIO_STATE_CHANGED Sending ack to ril.cpp [SUB0]
09-27 14:53:58.493  2249  2308 D RILJ    : [UNSL]< UNSOL_RESPONSE_RADIO_STATE_CHANGED RADIO_OFF [SUB0]
09-27 14:53:58.497  2249  2249 D UiccController: Creating UiccController
09-27 14:53:58.498  2249  2249 D QtiTelephonyComponentFactory: makePhone
09-27 14:53:58.526  2249  2249 D TelephonyTester: register for intent action=com.qualcomm.qti.internal.telephony.action_detached
09-27 14:53:58.526  2249  2249 D TelephonyTester: register for intent action=com.qualcomm.qti.internal.telephony.action_attached
09-27 14:53:58.534  2249  2249 D Phone   : mDoesRilSendMultipleCallRing=false
09-27 14:53:58.534  2249  2249 D Phone   : mCallRingDelay=3000
09-27 14:53:58.534  2249  2249 D QtiTelephonyComponentFactory: makeSmsStorageMonitor
09-27 14:53:58.534  2249  2249 D TelephonyComponentFactory: makeSmsStorageMonitor
09-27 14:53:58.537  2249  2249 D QtiTelephonyComponentFactory: makeSmsUsageMonitor
09-27 14:53:58.537  2249  2249 D TelephonyComponentFactory: makeSmsUsageMonitor
09-27 14:53:58.548  2249  2249 D RILJ    : [3667]> RIL_REQUEST_START_LCE [SUB0]
09-27 14:53:58.549  2249  2249 D QtiTelephonyComponentFactory: makeGsmCdmaCallTracker
09-27 14:53:58.550  2249  2249 D TelephonyComponentFactory: makeGsmCdmaCallTracker
09-27 14:53:58.555  2249  2308 D RILJ    : LCE status information received: lceStatus=1 actualInterval=512 [SUB0]
09-27 14:53:58.555  2249  2308 D RILJ    : [3667]< RIL_REQUEST_START_LCE [1, 512] [SUB0]
09-27 14:53:58.562  2249  2249 D QtiTelephonyComponentFactory: makeIccPhoneBookInterfaceManager
09-27 14:53:58.562  2249  2249 D TelephonyComponentFactory: makeIccPhoneBookInterfaceManager
09-27 14:53:58.569  2249  2249 D QtiTelephonyComponentFactory: makeIccSmsInterfaceManager
09-27 14:53:58.569  2249  2249 D TelephonyComponentFactory: makeIccSmsInterfaceManager
09-27 14:53:58.585  2249  2249 E RIL_ImsSms: getFormat should never be called from here!
09-27 14:53:58.585  2249  2249 D SMSDispatcher: SMSDispatcher: ctor mSmsCapable=true format=unknown mSmsSendDisabled=false
09-27 14:53:58.585  2249  2249 D RIL_ImsSms: ImsSMSDispatcher created
09-27 14:53:58.589  2249  2249 D SMSDispatcher: SMSDispatcher: ctor mSmsCapable=true format=3gpp2 mSmsSendDisabled=false
09-27 14:53:58.589  2249  2249 D CdmaSMSDispatcher: CdmaSMSDispatcher created
09-27 14:53:58.611  2249  2249 D QtiTelephonyComponentFactory: getIDeviceIdleController
09-27 14:53:58.611  2249  2249 D TelephonyComponentFactory: getIDeviceIdleController
09-27 14:53:58.618  2249  2249 D QtiTelephonyComponentFactory: getIDeviceIdleController
09-27 14:53:58.618  2249  2249 D TelephonyComponentFactory: getIDeviceIdleController
09-27 14:53:58.619  2249  2249 D GsmInboundSmsHandler: created InboundSmsHandler
09-27 14:53:58.626  2249  2249 D QtiTelephonyComponentFactory: getIDeviceIdleController
09-27 14:53:58.626  2249  2249 D TelephonyComponentFactory: getIDeviceIdleController
09-27 14:53:58.631  2249  2249 D QtiTelephonyComponentFactory: getIDeviceIdleController
09-27 14:53:58.631  2249  2249 D TelephonyComponentFactory: getIDeviceIdleController
09-27 14:53:58.632  2249  2249 D CdmaInboundSmsHandler: created InboundSmsHandler
09-27 14:53:58.641  2249  2249 D SMSDispatcher: SMSDispatcher: ctor mSmsCapable=true format=3gpp mSmsSendDisabled=false
09-27 14:53:58.641  2249  2249 D GsmSMSDispatcher: GsmSMSDispatcher created
09-27 14:53:58.645  2249  2325 D GsmInboundSmsHandler: StartupState.processMessage:6
09-27 14:53:58.645  2249  2328 D CdmaInboundSmsHandler: StartupState.processMessage:6
09-27 14:53:58.646  2249  2328 D CdmaInboundSmsHandler: entering Idle state
09-27 14:53:58.646  2249  2325 D GsmInboundSmsHandler: entering Idle state
09-27 14:53:58.647  2249  2328 D CdmaInboundSmsHandler: IdleState.processMessage:5
09-27 14:53:58.647  2249  2325 D GsmInboundSmsHandler: IdleState.processMessage:5
09-27 14:53:58.647  2249  2328 D CdmaInboundSmsHandler: Idle state processing message type 5
09-27 14:53:58.647  2249  2325 D GsmInboundSmsHandler: Idle state processing message type 5
09-27 14:53:58.648  2249  2328 D CdmaInboundSmsHandler: mWakeLock released wakelockcount = 0
09-27 14:53:58.648  2249  2249 D QtiTelephonyComponentFactory: makeIccCardProxy
09-27 14:53:58.649  2249  2249 D TelephonyComponentFactory: makeIccCardProxy
09-27 14:53:58.650  2249  2325 D GsmInboundSmsHandler: mWakeLock released wakelockcount = 0
09-27 14:53:58.653  2249  2249 D IccCardProxy: ctor: ci=com.android.internal.telephony.RIL@2a96b7e phoneId=0
09-27 14:53:58.654  2249  2249 D CdmaSSM : subscriptionSource from settings: 0
09-27 14:53:58.654  2249  2249 D CdmaSSM : cdmaSSM constructor: 0
09-27 14:53:58.654  2249  2249 D IccCardProxy: update icc_operator_numeric=
09-27 14:53:58.654  2249  2249 D TelephonyManager: setTelephonyProperty: success phoneId=0 property=gsm.sim.operator.numeric value:  propVal=
09-27 14:53:58.656  2249  2249 D TelephonyManager: setTelephonyProperty: success phoneId=0 property=gsm.sim.operator.iso-country value:  propVal=
09-27 14:53:58.657  2249  2249 D TelephonyManager: setTelephonyProperty: success phoneId=0 property=gsm.sim.operator.alpha value:  propVal=
09-27 14:53:58.657  2249  2249 E IccCardProxy: setExternalState: set mPhoneId=0 mExternalState=NOT_READY
09-27 14:53:58.657  2249  2249 D TelephonyManager: setTelephonyProperty: success phoneId=0 property=gsm.sim.state value: NOT_READY propVal=NOT_READY
09-27 14:53:58.659  2249  2249 D IccCardProxy: broadcastIccStateChangedIntent intent ACTION_SIM_STATE_CHANGED value=NOT_READY reason=null for mPhoneId=0
09-27 14:53:58.663  2249  2249 D QtiTelephonyComponentFactory: getCdmaSubscriptionSourceManagerInstance
09-27 14:53:58.663  2249  2249 D TelephonyComponentFactory: getCdmaSubscriptionSourceManagerInstance
09-27 14:53:58.663  2249  2249 D QtiTelephonyComponentFactory: makeEriManager
09-27 14:53:58.663  2249  2249 D TelephonyComponentFactory: makeEriManager
09-27 14:53:58.667  2249  2261 D SubscriptionController: [getPhoneId]- no sims, returning default phoneId=0
09-27 14:53:58.670  2249  2249 D GsmCdmaPhone: [GsmCdmaPhone] Precise phone type 1
09-27 14:53:58.670  2249  2249 D RILJ    : setPhoneType=1 old value=0 [SUB0]
09-27 14:53:58.670  2249  2249 D TelephonyManager: setTelephonyProperty: success phoneId=0 property=gsm.current.phone-type value: 1 propVal=1
09-27 14:53:58.670  2249  2262 D SubscriptionController: [getPhoneId]- no sims, returning default phoneId=0
09-27 14:53:58.673  2249  2249 D IccCardProxy: Setting radio tech UMTS
09-27 14:53:58.673  2249  2249 D IccCardProxy: updateQuietMode: 3GPP subscription -> newQuietMode=false
09-27 14:53:58.673  2249  2249 D IccCardProxy: updateQuietMode: no changes don't setExternalState
09-27 14:53:58.673  2249  2249 D IccCardProxy: updateQuietMode: QuietMode is false (app_type=1 cdmaSource=-1)
09-27 14:53:58.673  2249  2249 D QtiTelephonyComponentFactory: makeQtiServiceStateTracker
09-27 14:53:58.712  2249  2249 W CarrierConfigManager: Error getting config for subId 2147483643 ICarrierConfigLoader is null
09-27 14:53:58.713  1774  1785 D TelephonyRegistry: listen oscl: hasNotifySubscriptionInfoChangedOccurred==false no callback
09-27 14:53:58.728  2249  2249 D TelephonyManager: setTelephonyProperty: success phoneId=0 property=gsm.network.type value: Unknown propVal=Unknown
09-27 14:53:58.729  2249  2249 D RILJ    : [3668]> SIGNAL_STRENGTH [SUB0]
09-27 14:53:58.733  2249  2308 D RILJ    : [3668]< SIGNAL_STRENGTH SignalStrength: 0 0 0 0 0 0 0 0 0 0 0 0 0 gsm|lte [SUB0]
09-27 14:53:58.733  2249  2249 D SST     : notifyDataRegStateRilRadioTechnologyChanged: drs=1 rat=0
09-27 14:53:58.734  2249  2249 D TelephonyManager: setTelephonyProperty: success phoneId=0 property=gsm.network.type value: Unknown propVal=Unknown
09-27 14:53:58.765  2249  2249 D QtiTelephonyComponentFactory: makeQtiDcTracker
09-27 14:53:58.781  1774  2279 D TelephonyRegistry: listen oscl: hasNotifySubscriptionInfoChangedOccurred==false no callback
09-27 14:53:58.786  2249  2249 D         : [0]DCT.constructor
09-27 14:53:58.789  2249  2261 D SubscriptionController: [getActiveSubInfoList] Sub Controller not ready
09-27 14:53:58.797  2249  2331 D SubscriptionController: [getActiveSubInfoList] Sub Controller not ready
09-27 14:53:58.797  1774  1981 D TelephonyRegistry: listen oscl: hasNotifySubscriptionInfoChangedOccurred==false no callback
09-27 14:53:58.800  2249  2249 D Dcc     : E ctor
09-27 14:53:58.800  2249  2249 D Dcc     : X ctor
09-27 14:53:58.803  2249  2249 D SubscriptionController: [getPhoneId] asked for default subId=2147483643
09-27 14:53:58.805  2249  2249 D QtiSubscriptionController: getPhoneId, received dummy subId 2147483643
09-27 14:53:58.807  2249  2335 D DcTesterDeacativateAll: register for intent action=com.android.internal.telephony.dataconnection.action_deactivate_all
09-27 14:53:58.807  2249  2335 D DcTesterDeacativateAll: register for intent action=com.qualcomm.qti.internal.telephony.action_detached
09-27 14:53:58.812  2249  2249 D DcTesterFailBrinupAll: register for intent action=com.android.internal.telephony.dataconnection.action_fail_bringup
09-27 14:53:58.812  2249  2249 D DcTesterFailBrinupAll: register for intent action=com.qualcomm.qti.internal.telephony.action_detached
09-27 14:53:58.812  2249  2249 D DcTesterFailBrinupAll: register for intent action=com.qualcomm.qti.internal.telephony.action_attached
09-27 14:53:58.815  2249  2335 D Dcc     : DccDefaultState: msg.what=EVENT_RIL_CONNECTED mRilVersion=13
09-27 14:53:58.821  2249  2249 D SST     : notifyDataRegStateRilRadioTechnologyChanged: drs=1 rat=0
09-27 14:53:58.821  2249  2249 D TelephonyManager: setTelephonyProperty: success phoneId=0 property=gsm.network.type value: Unknown propVal=Unknown
09-27 14:53:58.822  2249  2249 D         : [0]update sub = 2147483643
09-27 14:53:58.822  2249  2249 D         : [0]update(): Active DDS, register for all events now!
09-27 14:53:58.823  2249  2249 D GsmCdmaPhone: [GsmCdmaPhone] updateCurrentCarrierInProvider: mSubId = 2147483643 currentDds = 1 operatorNumeric = null
09-27 14:53:58.826  2249  2249 D         : [0]initApnContexts: E
09-27 14:53:58.826  2249  2249 D         : [0]initApnContexts: skipping unknown type=1
09-27 14:53:58.830  2249  2249 D         : [0]initApnContexts: apnContext={mApnType=default mState=IDLE mWaitingApns={null} mApnSetting={null} mReason=dataEnabled mDataEnabled=false mDependencyMet=true}
09-27 14:53:58.831  2249  2249 D         : [0]initApnContexts: apnContext={mApnType=mms mState=IDLE mWaitingApns={null} mApnSetting={null} mReason=dataEnabled mDataEnabled=false mDependencyMet=true}
09-27 14:53:58.831  2249  2249 D         : [0]initApnContexts: apnContext={mApnType=supl mState=IDLE mWaitingApns={null} mApnSetting={null} mReason=dataEnabled mDataEnabled=false mDependencyMet=true}
09-27 14:53:58.832  2249  2249 D         : [0]initApnContexts: apnContext={mApnType=dun mState=IDLE mWaitingApns={null} mApnSetting={null} mReason=dataEnabled mDataEnabled=false mDependencyMet=true}
09-27 14:53:58.832  2249  2249 D         : [0]initApnContexts: apnContext={mApnType=hipri mState=IDLE mWaitingApns={null} mApnSetting={null} mReason=dataEnabled mDataEnabled=false mDependencyMet=true}
09-27 14:53:58.833  2249  2249 D         : [0]initApnContexts: apnContext={mApnType=fota mState=IDLE mWaitingApns={null} mApnSetting={null} mReason=dataEnabled mDataEnabled=false mDependencyMet=true}
09-27 14:53:58.833  2249  2249 D         : [0]initApnContexts: apnContext={mApnType=ims mState=IDLE mWaitingApns={null} mApnSetting={null} mReason=dataEnabled mDataEnabled=false mDependencyMet=true}
09-27 14:53:58.833  2249  2249 D         : [0]initApnContexts: apnContext={mApnType=cbs mState=IDLE mWaitingApns={null} mApnSetting={null} mReason=dataEnabled mDataEnabled=false mDependencyMet=true}
09-27 14:53:58.834  2249  2249 D         : [0]initApnContexts: skipping unknown type=7
09-27 14:53:58.834  2249  2249 D         : [0]initApnContexts: apnContext={mApnType=emergency mState=IDLE mWaitingApns={null} mApnSetting={null} mReason=dataEnabled mDataEnabled=false mDependencyMet=true}
09-27 14:53:58.914  2249  2249 D QtiGsmDCT: [0]QtiGsmDCT.constructor
09-27 14:53:58.914  2249  2249 D GsmCdmaPhone: [GsmCdmaPhone] GsmCdmaPhone: constructor: sub = 0
09-27 14:53:58.916  2249  2249 D QtiRilInterface:  in constructor 
09-27 14:53:58.959  2249  2249 I PhoneFactory: Creating Phone with type = 1 sub = 0
09-27 14:53:58.959  2249  2249 D QtiTelephonyComponentFactory: makePhone
09-27 14:53:58.959  2249  2249 D TelephonyTester: register for intent action=com.qualcomm.qti.internal.telephony.action_detached
09-27 14:53:58.959  2249  2249 D TelephonyTester: register for intent action=com.qualcomm.qti.internal.telephony.action_attached
09-27 14:53:58.963  2249  2249 D Phone   : mDoesRilSendMultipleCallRing=false
09-27 14:53:58.963  2249  2249 D Phone   : mCallRingDelay=3000
09-27 14:53:58.963  2249  2249 D QtiTelephonyComponentFactory: makeSmsStorageMonitor
09-27 14:53:58.963  2249  2249 D TelephonyComponentFactory: makeSmsStorageMonitor
09-27 14:53:58.970  2249  2249 D QtiTelephonyComponentFactory: makeSmsUsageMonitor
09-27 14:53:58.970  2249  2249 D TelephonyComponentFactory: makeSmsUsageMonitor
09-27 14:53:58.976  2249  2249 D RILJ    : [3669]> RIL_REQUEST_START_LCE [SUB1]
09-27 14:53:58.978  2249  2249 D QtiTelephonyComponentFactory: makeGsmCdmaCallTracker
09-27 14:53:58.978  2249  2249 D TelephonyComponentFactory: makeGsmCdmaCallTracker
09-27 14:53:58.983  2249  2249 D QtiTelephonyComponentFactory: makeIccPhoneBookInterfaceManager
