09-27 15:16:02.223  2250  2250 D SubscriptionController: [getPhoneId]- no sims, returning default phoneId=0
09-27 15:16:02.223  2250  2425 D SubscriptionController: [getPhoneId]- no sims, returning default phoneId=0
09-27 15:16:02.225  2250  2250 D QtiSubscriptionController: getPhoneId, received dummy subId 2147483643
09-27 15:16:02.227  2250  2250 D SubscriptionController: [getPhoneId]- no sims, returning default phoneId=0
09-27 15:16:02.227  2250  2421 D SubscriptionController: [getPhoneId]- no sims, returning default phoneId=0
09-27 15:16:02.229  2250  2250 D QtiSubscriptionController: getPhoneId, received dummy subId 2147483643
09-27 15:16:02.230  2250  2250 D SubscriptionController: [getPhoneId]- no sims, returning default phoneId=0
09-27 15:16:02.232  2250  2250 D QtiSubscriptionController: getPhoneId, received dummy subId 2147483643
09-27 15:16:02.233  2250  2262 D SubscriptionController: [getPhoneId]- no sims, returning default phoneId=0
09-27 15:16:02.233  2250  2250 D SubscriptionController: [getPhoneId]- no sims, returning default phoneId=0
09-27 15:16:02.236  2250  2250 D QtiSubscriptionController: getPhoneId, received dummy subId 2147483643
09-27 15:16:02.236  2250  2329 D SubscriptionController: [getPhoneId]- no sims, returning default phoneId=0
09-27 15:16:02.237  2250  2250 D SubscriptionController: [getPhoneId]- no sims, returning default phoneId=0
09-27 15:16:02.238  2250  2250 D QtiSubscriptionController: getPhoneId, received dummy subId 2147483643
09-27 15:16:02.239  2250  2425 D SubscriptionController: [getPhoneId]- no sims, returning default phoneId=0
09-27 15:16:02.241  2250  2250 D SubscriptionController: [getPhoneId]- no sims, returning default phoneId=0
09-27 15:16:02.242  2250  2421 D SubscriptionController: [getPhoneId]- no sims, returning default phoneId=0
09-27 15:16:02.243  2250  2250 D QtiSubscriptionController: getPhoneId, received dummy subId 2147483643
09-27 15:16:02.245  2250  2250 D SubscriptionController: [getPhoneId]- no sims, returning default phoneId=0
09-27 15:16:02.247  2250  2250 D QtiSubscriptionController: getPhoneId, received dummy subId 2147483643
09-27 15:16:02.249  2250  2250 D SubscriptionController: [getPhoneId]- no sims, returning default phoneId=0
09-27 15:16:02.251  2250  2250 D QtiSubscriptionController: getPhoneId, received dummy subId 2147483643
09-27 15:16:02.252  2250  2250 D SubscriptionController: [getPhoneId]- no sims, returning default phoneId=0
09-27 15:16:02.254  2250  2250 D QtiSubscriptionController: getPhoneId, received dummy subId 2147483643
09-27 15:16:02.255  2250  2250 D SubscriptionController: [getPhoneId]- no sims, returning default phoneId=0
09-27 15:16:02.258  2250  2250 D QtiSubscriptionController: getPhoneId, received dummy subId 2147483643
09-27 15:16:02.260  2250  2250 D SubscriptionController: [getPhoneId]- no sims, returning default phoneId=0
09-27 15:16:02.263  2250  2250 D QtiSubscriptionController: getPhoneId, received dummy subId 2147483643
09-27 15:16:02.265  2250  2250 D SubscriptionController: [getPhoneId]- no sims, returning default phoneId=0
09-27 15:16:02.267  2250  2250 D QtiSubscriptionController: getPhoneId, received dummy subId 2147483643
09-27 15:16:02.269  2250  2250 D SubscriptionController: [getPhoneId]- no sims, returning default phoneId=0
09-27 15:16:02.271  2250  2250 D QtiSubscriptionController: getPhoneId, received dummy subId 2147483643
09-27 15:16:02.275  2250  2250 D SubscriptionController: [getPhoneId]- no sims, returning default phoneId=0
09-27 15:16:02.277  2250  2250 D QtiSubscriptionController: getPhoneId, received dummy subId 2147483643
09-27 15:16:02.279  2250  2250 D SubscriptionController: [getPhoneId]- no sims, returning default phoneId=0
09-27 15:16:02.281  2250  2250 D QtiSubscriptionController: getPhoneId, received dummy subId 2147483643
09-27 15:16:02.282  2250  2250 D SubscriptionController: [getPhoneId]- no sims, returning default phoneId=0
09-27 15:16:02.286  2250  2250 D QtiSubscriptionController: getPhoneId, received dummy subId 2147483643
09-27 15:16:02.287  2250  2250 D SubscriptionController: [getPhoneId]- no sims, returning default phoneId=0
09-27 15:16:02.289  2250  2250 D QtiSubscriptionController: getPhoneId, received dummy subId 2147483643
09-27 15:16:02.290  2250  2250 D SubscriptionController: [getPhoneId]- no sims, returning default phoneId=0
09-27 15:16:02.292  2250  2250 D QtiSubscriptionController: getPhoneId, received dummy subId 2147483643
09-27 15:16:02.293  2250  2250 D SubscriptionController: [getPhoneId]- no sims, returning default phoneId=0
09-27 15:16:02.295  2250  2250 D QtiSubscriptionController: getPhoneId, received dummy subId 2147483643
09-27 15:16:02.296  2250  2250 D SubscriptionController: [getPhoneId]- no sims, returning default phoneId=0
09-27 15:16:02.298  2250  2250 D QtiSubscriptionController: getPhoneId, received dummy subId 2147483643
09-27 15:16:02.299  2250  2250 D SubscriptionController: [getPhoneId]- no sims, returning default phoneId=0
09-27 15:16:02.301  2250  2250 D QtiSubscriptionController: getPhoneId, received dummy subId 2147483643
09-27 15:16:02.303  2250  2250 D SubscriptionController: [getPhoneId]- no sims, returning default phoneId=0
09-27 15:16:02.305  2250  2250 D QtiSubscriptionController: getPhoneId, received dummy subId 2147483643
09-27 15:16:02.307  2250  2250 D SubscriptionController: [getPhoneId]- no sims, returning default phoneId=0
09-27 15:16:02.309  2250  2250 D RILJ    : [3739]> OPERATOR [SUB1]
09-27 15:16:02.310  2250  2250 D RILJ    : [3740]> DATA_REGISTRATION_STATE [SUB1]
09-27 15:16:02.312  2250  2250 D RILJ    : [3741]> VOICE_REGISTRATION_STATE [SUB1]
09-27 15:16:02.313  2250  2250 D RILJ    : [3742]> QUERY_NETWORK_SELECTION_MODE [SUB1]
09-27 15:16:02.315  2250  2250 D QtiSubscriptionController: getPhoneId, received dummy subId 2147483643
09-27 15:16:02.316  2250  2250 D SubscriptionController: [getPhoneId]- no sims, returning default phoneId=0
09-27 15:16:02.319   958  2652 E RILQ    : (1/958): RIL[1][cmd-22(128)] qcril_cm_ss_convert_gsm8bit_alpha_string_to_utf8: Invalid parameters for GSM alphabet to UTF8 conversion, input len = 0
09-27 15:16:02.320   958  2652 E RILQ    : (1/958): RIL[1][cmd-22(128)] qcril_cm_ss_convert_gsm8bit_alpha_string_to_utf8: Invalid parameters for GSM alphabet to UTF8 conversion, input len = 0
09-27 15:16:02.320  2250  2250 D QtiSubscriptionController: getPhoneId, received dummy subId 2147483643
09-27 15:16:02.321  2250  2250 D SubscriptionController: [getPhoneId]- no sims, returning default phoneId=0
09-27 15:16:02.322  2250  2311 D RILJ    : [3739]< OPERATOR {CHN-UNICOM, UNICOM, 46001} [SUB1]
09-27 15:16:02.323  2250  2250 D RILJ    : [3743]> OPERATOR [SUB1]
09-27 15:16:02.325  2250  2250 D RILJ    : [3744]> DATA_REGISTRATION_STATE [SUB1]
09-27 15:16:02.326  2250  2250 D RILJ    : [3745]> VOICE_REGISTRATION_STATE [SUB1]
09-27 15:16:02.328  2250  2250 D RILJ    : [3746]> QUERY_NETWORK_SELECTION_MODE [SUB1]
09-27 15:16:02.330  2250  2311 D RILJ    : [3740]< DATA_REGISTRATION_STATE {1, null, 00a09c1f, 14, null, 20, 6265, 476, 10525727, null, null} [SUB1]
09-27 15:16:02.330  2250  2311 D RILJ    : [3744]< DATA_REGISTRATION_STATE {1, null, 00a09c1f, 14, null, 20, 6265, 476, 10525727, null, null} [SUB1]
09-27 15:16:02.331  2250  2311 D RILJ    : [3741]< VOICE_REGISTRATION_STATE {1, 1879, 00a09c1f, 14, null, null, null, 0, null, null, 1, null, null, 0, null} [SUB1]
09-27 15:16:02.331  2250  2311 D RILJ    : [3745]< VOICE_REGISTRATION_STATE {1, 1879, 00a09c1f, 14, null, null, null, 0, null, null, 1, null, null, 0, null} [SUB1]
09-27 15:16:02.332  2250  2250 D QtiSubscriptionController: getPhoneId, received dummy subId 2147483643
09-27 15:16:02.333  2250  2250 D SubscriptionController: [getPhoneId]- no sims, returning default phoneId=0
09-27 15:16:02.334   958  2659 E RILQ    : (1/958): RIL[1][cmd-22(688)] qcril_cm_ss_convert_gsm8bit_alpha_string_to_utf8: Invalid parameters for GSM alphabet to UTF8 conversion, input len = 0
09-27 15:16:02.334   958  2659 E RILQ    : (1/958): RIL[1][cmd-22(688)] qcril_cm_ss_convert_gsm8bit_alpha_string_to_utf8: Invalid parameters for GSM alphabet to UTF8 conversion, input len = 0
09-27 15:16:02.334  2250  2250 D QtiGsmCdmaPhone: handleMessage: Event: 34
09-27 15:16:02.337  2250  2311 D RILJ    : [3742]< QUERY_NETWORK_SELECTION_MODE {0} [SUB1]
09-27 15:16:02.337  2250  2311 D RILJ    : [3746]< QUERY_NETWORK_SELECTION_MODE {0} [SUB1]
09-27 15:16:02.339  2250  2311 D RILJ    : [3743]< OPERATOR {CHN-UNICOM, UNICOM, 46001} [SUB1]
09-27 15:16:02.911  2250  2250 D RILJ    : [3747]> OPERATOR [SUB1]
09-27 15:16:02.916  2250  2250 D RILJ    : [3748]> DATA_REGISTRATION_STATE [SUB1]
09-27 15:16:02.918  2250  2250 D RILJ    : [3749]> VOICE_REGISTRATION_STATE [SUB1]
09-27 15:16:02.919  2250  2250 D RILJ    : [3750]> QUERY_NETWORK_SELECTION_MODE [SUB1]
09-27 15:16:02.920   958  2760 E RILQ    : (1/958): RIL[1][cmd-22(128)] qcril_cm_ss_convert_gsm8bit_alpha_string_to_utf8: Invalid parameters for GSM alphabet to UTF8 conversion, input len = 0
09-27 15:16:02.920   958  2760 E RILQ    : (1/958): RIL[1][cmd-22(128)] qcril_cm_ss_convert_gsm8bit_alpha_string_to_utf8: Invalid parameters for GSM alphabet to UTF8 conversion, input len = 0
09-27 15:16:02.927  2250  2311 D RILJ    : [3747]< OPERATOR {CHN-UNICOM, UNICOM, 46001} [SUB1]
09-27 15:16:02.930  2250  2311 D RILJ    : [3749]< VOICE_REGISTRATION_STATE {1, 1879, 00a09c1f, 14, null, null, null, 0, null, null, 1, null, null, 0, null} [SUB1]
09-27 15:16:02.934  2250  2250 D QtiSubscriptionController: getPhoneId, received dummy subId 2147483643
09-27 15:16:02.938  2250  2311 D RILJ    : [3750]< QUERY_NETWORK_SELECTION_MODE {0} [SUB1]
09-27 15:16:02.939  2250  2311 D RILJ    : [3748]< DATA_REGISTRATION_STATE {1, null, 00a09c1f, 14, null, 20, 6265, 476, 10525727, null, null} [SUB1]
09-27 15:16:02.949  2250  2250 D SubscriptionController: [getPhoneId]- no sims, returning default phoneId=0
09-27 15:16:02.965  2250  2250 D QtiSubscriptionController: getPhoneId, received dummy subId 2147483643
09-27 15:16:02.976  2250  2262 D SubscriptionController: [getActiveSubInfoList] Sub Controller not ready
09-27 15:16:02.992  2250  2250 D SubscriptionController: [getPhoneId]- no sims, returning default phoneId=0
09-27 15:16:02.994  2250  2250 D QtiGsmCdmaPhone: handleMessage: Event: 6
09-27 15:16:02.994  2250  2250 D GsmCdmaPhone: [GsmCdmaPhone] Baseband version: 953_GEN_PACK-1.109133.1.109682.1
09-27 15:16:02.997  2250  2250 D QtiGsmCdmaPhone: handleMessage: Event: 9
09-27 15:16:02.997  2250  2250 D QtiGsmCdmaPhone: handleMessage: Event: 10
09-27 15:16:02.997  2250  2250 D QtiGsmCdmaPhone: handleMessage: Event: 35
09-27 15:16:02.997  2250  2250 D QtiRadioCapabilityController:  radioCapabilityUpdated phoneId[1] rc = {mPhoneId = 1 mVersion=1 mSession=0 mPhase=0 mRadioAccessFamily=81928 mLogicModemId=1 mStatus=1}
09-27 15:16:02.997  2250  2250 D GsmCdmaPhone: EVENT_GET_RADIO_CAPABILITY: phone rc: {mPhoneId = 1 mVersion=1 mSession=0 mPhase=0 mRadioAccessFamily=81928 mLogicModemId=1 mStatus=1}
09-27 15:16:02.998  2250  2250 D QtiGsmCdmaPhone: handleMessage: Event: 37
09-27 15:16:02.998  2250  2250 D QtiGsmCdmaPhone: handleMessage: Event: 34
09-27 15:16:03.001  2250  2250 D SST     : mDeviceShuttingDown=false, mDesiredPowerState=true, getRadioState=RADIO_ON, mPowerOffDelayNeed=true, mAlarmSwitch=false, mRadioDisabledByCarrier=false
09-27 15:16:03.005  2250  2250 D RILJ    : [3751]> OPERATOR [SUB1]
09-27 15:16:03.008  2250  2250 D RILJ    : [3752]> DATA_REGISTRATION_STATE [SUB1]
09-27 15:16:03.010  2250  2250 D RILJ    : [3753]> VOICE_REGISTRATION_STATE [SUB1]
09-27 15:16:03.012  2250  2250 D RILJ    : [3754]> QUERY_NETWORK_SELECTION_MODE [SUB1]
09-27 15:16:03.014   958  2778 E RILQ    : (1/958): RIL[1][cmd-22(128)] qcril_cm_ss_convert_gsm8bit_alpha_string_to_utf8: Invalid parameters for GSM alphabet to UTF8 conversion, input len = 0
09-27 15:16:03.014   958  2778 E RILQ    : (1/958): RIL[1][cmd-22(128)] qcril_cm_ss_convert_gsm8bit_alpha_string_to_utf8: Invalid parameters for GSM alphabet to UTF8 conversion, input len = 0
09-27 15:16:03.015  2250  2250 D RILJ    : [3755]> GET_CURRENT_CALLS [SUB1]
09-27 15:16:03.016  2250  2250 D RILJ    : [3756]> RIL_REQUEST_IMS_REGISTRATION_STATE [SUB1]
09-27 15:16:03.018  2250  2250 D QtiGsmCdmaPhone: handleMessage: Event: 5
09-27 15:16:03.018  2250  2250 D GsmCdmaPhone: [GsmCdmaPhone] Event EVENT_RADIO_ON Received
09-27 15:16:03.019  2250  2250 D RILJ    : [3757]> RIL_REQUEST_VOICE_RADIO_TECH [SUB1]
09-27 15:16:03.023  2250  2250 D QtiGsmCdmaPhone: handleMessage: Event: 34
09-27 15:16:03.024  2250  2250 D SST     : EVENT_POLL_STATE_NETWORK_SELECTION_MODE
09-27 15:16:03.024  2250  2311 D RILJ    : [3751]< OPERATOR {CHN-UNICOM, UNICOM, 46001} [SUB1]
09-27 15:16:03.024  2250  2250 D SST     : mDeviceShuttingDown=false, mDesiredPowerState=true, getRadioState=RADIO_ON, mPowerOffDelayNeed=true, mAlarmSwitch=false, mRadioDisabledByCarrier=false
09-27 15:16:03.026  2250  2311 D RILJ    : [3754]< QUERY_NETWORK_SELECTION_MODE {0} [SUB1]
09-27 15:16:03.026  2250  2250 D RILJ    : [3758]> OPERATOR [SUB0]
09-27 15:16:03.026  2250  2311 D RILJ    : [3752]< DATA_REGISTRATION_STATE {1, null, 00a09c1f, 14, null, 20, 6265, 476, 10525727, null, null} [SUB1]
09-27 15:16:03.028  2250  2311 D RILJ    : [3753]< VOICE_REGISTRATION_STATE {1, 1879, 00a09c1f, 14, null, null, null, 0, null, null, 1, null, null, 0, null} [SUB1]
09-27 15:16:03.029   958   993 I RILQ    : (1/958):RIL[1][main] qcril_qmi_get_call_list_to_send: RILVI: calls rep: reported/skipped 0/0 calls
09-27 15:16:03.031  2250  2250 D RILJ    : [3759]> DATA_REGISTRATION_STATE [SUB0]
09-27 15:16:03.033  2250  2311 D RILJ    : [3755]< GET_CURRENT_CALLS {} [SUB1]
09-27 15:16:03.034  2250  2311 D RILJ    : [3757]< RIL_REQUEST_VOICE_RADIO_TECH {3} [SUB1]
09-27 15:16:03.034  2250  2311 D RILJ    : [3756]< RIL_REQUEST_IMS_REGISTRATION_STATE {0, 1} [SUB1]
09-27 15:16:03.036  2250  2307 D RILJ    : [3758]< OPERATOR {null, null, null} [SUB0]
09-27 15:16:03.038  2250  2250 D RILJ    : [3760]> VOICE_REGISTRATION_STATE [SUB0]
09-27 15:16:03.040   832  2791 I RILQ    : (0/832):RIL[0][cmd-21(920)] qcril_qmi_nas_reset_data_snapshot_cache_and_timer: Resetting snapshot timer
09-27 15:16:03.042  2250  2250 D RILJ    : [3761]> QUERY_NETWORK_SELECTION_MODE [SUB0]
09-27 15:16:03.042  2250  2307 D RILJ    : [3759]< DATA_REGISTRATION_STATE {2, null, null, null, 0, 20, null, null, null, null, null} [SUB0]
09-27 15:16:03.047  2250  2250 D RILJ    : [3762]> GET_CURRENT_CALLS [SUB0]
09-27 15:16:03.050   832  2793 I RILQ    : (0/832):RIL[0][cmd-20(920)] qcril_qmi_nas_reset_data_snapshot_cache_and_timer: Resetting snapshot timer
09-27 15:16:03.052  2250  2250 D RILJ    : [3763]> RIL_REQUEST_IMS_REGISTRATION_STATE [SUB0]
09-27 15:16:03.053  2250  2307 D RILJ    : [3761]< QUERY_NETWORK_SELECTION_MODE {0} [SUB0]
09-27 15:16:03.054  2250  2250 D RILJ    : [3764]> RIL_REQUEST_CDMA_GET_SUBSCRIPTION_SOURCE [SUB0]
09-27 15:16:03.056  2250  2307 D RILJ    : [3760]< VOICE_REGISTRATION_STATE {2, null, null, 0, null, null, null, 0, null, null, null, null, null, 0, null} [SUB0]
09-27 15:16:03.057   832   950 I RILQ    : (0/832):RIL[0][main] qcril_qmi_get_call_list_to_send: RILVI: calls rep: reported/skipped 0/0 calls
09-27 15:16:03.057  2250  2250 D QtiGsmCdmaPhone: handleMessage: Event: 5
09-27 15:16:03.057  2250  2250 D GsmCdmaPhone: [GsmCdmaPhone] Event EVENT_RADIO_ON Received
09-27 15:16:03.058  2250  2250 D RILJ    : [3765]> RIL_REQUEST_VOICE_RADIO_TECH [SUB0]
09-27 15:16:03.060  2250  2307 D RILJ    : [3762]< GET_CURRENT_CALLS {} [SUB0]
09-27 15:16:03.064  2250  2250 D SST     : EVENT_POLL_STATE_NETWORK_SELECTION_MODE
09-27 15:16:03.064  2250  2250 D QtiGsmCdmaPhone: handleMessage: Event: 45
09-27 15:16:03.064  2250  2250 D QtiGsmCdmaPhone: EVENT_OEM_HOOK_SERVICE_READY received
09-27 15:16:03.064  2250  2250 D QtiGsmCdmaPhone: handleMessage: Event: 45
09-27 15:16:03.064  2250  2250 D QtiGsmCdmaPhone: EVENT_OEM_HOOK_SERVICE_READY received
09-27 15:16:03.064  2250  2250 D PhoneSwitcher: handle event - 111
09-27 15:16:03.065  2250  2307 D RILJ    : [3765]< RIL_REQUEST_VOICE_RADIO_TECH {3} [SUB0]
09-27 15:16:03.068  2250  2307 D RilRequest: [3764]< RIL_REQUEST_CDMA_GET_SUBSCRIPTION_SOURCE error: com.android.internal.telephony.CommandException: REQUEST_NOT_SUPPORTED ret=
09-27 15:16:03.071   832  1233 E RILQ    : (0/832): RIL[0][oem_socket0] void qcril_qmi_generic_socket_agent::recv_thread_func(): read 4 bytes length message with length 28
09-27 15:16:03.071   832  1233 E RILQ    : (0/832): RIL[0][oem_socket0] qmi_ril_parse_oem_hook_header: Received un-handled/oem command id = 524381
09-27 15:16:03.075   832  2798 E RILQ    : (0/832): RIL[0][cmd-23(920)] qcril_qmi_client_send_msg_sync_ex: error 46 / 0 / 1 / 52, context msg hex 4a, service 2 
09-27 15:16:03.075   832  2798 E RILQ    : (0/832): RIL[0][cmd-23(920)] qcril_sms_request_ims_registration_state: Failed to get the response of IMS NW registration state from qmi.
09-27 15:16:03.076  2250  2307 D RILJ    : [3763]< RIL_REQUEST_IMS_REGISTRATION_STATE {0, 1} [SUB0]
09-27 15:16:03.083  2250  2250 I QtiRilInterface: getMaxDataAllowed maxData = 1 exception: null
09-27 15:16:03.083  2250  2250 D QtiUiccCardProvisioner:  query  provision info, card state[0] = CARDSTATE_ABSENT
09-27 15:16:03.083  2250  2250 D QtiUiccCardProvisioner:  query  provision info, card state[1] = CARDSTATE_ABSENT
09-27 15:16:03.084  2250  2250 D QtiSubscriptionController: getPhoneId, received dummy subId 2147483644
09-27 15:16:03.088  2250  2250 D SubscriptionController: [getPhoneId]- no sims, returning default phoneId=0
09-27 15:16:03.089  2250  2250 D QtiSubscriptionController: getPhoneId, received dummy subId 2147483644
09-27 15:16:03.095  2250  2250 D SubscriptionController: [getPhoneId]- no sims, returning default phoneId=0
09-27 15:16:03.098  2250  2250 D QtiSubscriptionController: getPhoneId, received dummy subId 2147483644
09-27 15:16:03.103  2250  2250 D SubscriptionController: [getPhoneId]- no sims, returning default phoneId=0
09-27 15:16:03.105  2250  2250 D QtiSubscriptionController: getPhoneId, received dummy subId 2147483644
09-27 15:16:03.106  2250  2250 D SubscriptionController: [getPhoneId]- no sims, returning default phoneId=0
09-27 15:16:03.111  2250  2250 D QtiSubscriptionController: getPhoneId, received dummy subId 2147483644
09-27 15:16:03.125  2250  2250 D SubscriptionController: [getPhoneId]- no sims, returning default phoneId=0
09-27 15:16:03.127  2250  2250 D QtiSubscriptionController: getPhoneId, received dummy subId 2147483644
09-27 15:16:03.128  2250  2250 D SubscriptionController: [getPhoneId]- no sims, returning default phoneId=0
09-27 15:16:03.130  2250  2250 D QtiSubscriptionController: getPhoneId, received dummy subId 2147483644
09-27 15:16:03.131  2250  2250 D SubscriptionController: [getPhoneId]- no sims, returning default phoneId=0
09-27 15:16:03.139  2250  2250 D QtiSubscriptionController: getPhoneId, received dummy subId 2147483644
09-27 15:16:03.140  2250  2250 D SubscriptionController: [getPhoneId]- no sims, returning default phoneId=0
09-27 15:16:03.142  2250  2250 D QtiSubscriptionController: getPhoneId, received dummy subId 2147483644
09-27 15:16:03.143  2250  2250 D SubscriptionController: [getPhoneId]- no sims, returning default phoneId=0
09-27 15:16:03.145  2250  2250 D QtiSubscriptionController: getPhoneId, received dummy subId 2147483644
09-27 15:16:03.147  2250  2250 D SubscriptionController: [getPhoneId]- no sims, returning default phoneId=0
09-27 15:16:03.149  2250  2250 D QtiSubscriptionController: getPhoneId, received dummy subId 2147483644
09-27 15:16:03.150  2250  2250 D SubscriptionController: [getPhoneId]- no sims, returning default phoneId=0
09-27 15:16:03.152  2250  2250 D QtiSubscriptionController: getPhoneId, received dummy subId 2147483644
09-27 15:16:03.153  2250  2250 D SubscriptionController: [getPhoneId]- no sims, returning default phoneId=0
09-27 15:16:03.156  2250  2250 D QtiSubscriptionController: getPhoneId, received dummy subId 2147483644
09-27 15:16:03.158  2250  2250 D SubscriptionController: [getPhoneId]- no sims, returning default phoneId=0
09-27 15:16:03.160  2250  2250 D QtiSubscriptionController: getPhoneId, received dummy subId 2147483644
09-27 15:16:03.161  2250  2250 D SubscriptionController: [getPhoneId]- no sims, returning default phoneId=0
09-27 15:16:03.163  2250  2250 D QtiSubscriptionController: getPhoneId, received dummy subId 2147483644
09-27 15:16:03.164  2250  2250 D SubscriptionController: [getPhoneId]- no sims, returning default phoneId=0
09-27 15:16:03.165  2250  2250 D QtiSubscriptionController: getPhoneId, received dummy subId 2147483644
09-27 15:16:03.166  2250  2250 D SubscriptionController: [getPhoneId]- no sims, returning default phoneId=0
09-27 15:16:03.167  2250  2250 D QtiSubscriptionController: getPhoneId, received dummy subId 2147483644
09-27 15:16:03.168  2250  2250 D SubscriptionController: [getPhoneId]- no sims, returning default phoneId=0
09-27 15:16:03.169  2250  2250 D QtiSubscriptionController: getPhoneId, received dummy subId 2147483644
09-27 15:16:03.170  2250  2250 D SubscriptionController: [getPhoneId]- no sims, returning default phoneId=0
09-27 15:16:03.172  2250  2250 D QtiSubscriptionController: getPhoneId, received dummy subId 2147483644
09-27 15:16:03.172  2250  2250 D SubscriptionController: [getPhoneId]- no sims, returning default phoneId=0
09-27 15:16:03.174  2250  2250 D QtiSubscriptionController: getPhoneId, received dummy subId 2147483644
09-27 15:16:03.175  2250  2250 D SubscriptionController: [getPhoneId]- no sims, returning default phoneId=0
09-27 15:16:03.177  2250  2250 D QtiSubscriptionController: getPhoneId, received dummy subId 2147483644
09-27 15:16:03.178  2250  2250 D SubscriptionController: [getPhoneId]- no sims, returning default phoneId=0
09-27 15:16:03.180  2250  2250 D QtiSubscriptionController: getPhoneId, received dummy subId 2147483644
09-27 15:16:03.181  2250  2250 D SubscriptionController: [getPhoneId]- no sims, returning default phoneId=0
09-27 15:16:03.183  2250  2250 D QtiSubscriptionController: getPhoneId, received dummy subId 2147483644
09-27 15:16:03.184  2250  2250 D SubscriptionController: [getPhoneId]- no sims, returning default phoneId=0
09-27 15:16:03.185  2250  2250 D QtiSubscriptionController: getPhoneId, received dummy subId 2147483644
09-27 15:16:03.186  2250  2250 D SubscriptionController: [getPhoneId]- no sims, returning default phoneId=0
09-27 15:16:03.187  2250  2250 D QtiSubscriptionController: getPhoneId, received dummy subId 2147483644
09-27 15:16:03.188  2250  2250 D SubscriptionController: [getPhoneId]- no sims, returning default phoneId=0
09-27 15:16:03.608  2250  2425 D QtiSubscriptionController: getPhoneId, received dummy subId 2147483643
09-27 15:16:03.620  2250  2250 D RILJ    : [3766]> OPERATOR [SUB1]
09-27 15:16:03.621  2250  2250 D RILJ    : [3767]> DATA_REGISTRATION_STATE [SUB1]
09-27 15:16:03.624  2250  2250 D RILJ    : [3768]> VOICE_REGISTRATION_STATE [SUB1]
09-27 15:16:03.626  2250  2250 D RILJ    : [3769]> QUERY_NETWORK_SELECTION_MODE [SUB1]
09-27 15:16:03.632   958  2850 E RILQ    : (1/958): RIL[1][cmd-22(128)] qcril_cm_ss_convert_gsm8bit_alpha_string_to_utf8: Invalid parameters for GSM alphabet to UTF8 conversion, input len = 0
09-27 15:16:03.632   958  2850 E RILQ    : (1/958): RIL[1][cmd-22(128)] qcril_cm_ss_convert_gsm8bit_alpha_string_to_utf8: Invalid parameters for GSM alphabet to UTF8 conversion, input len = 0
09-27 15:16:03.633  2250  2250 D QtiSubscriptionController: getPhoneId, received dummy subId 2147483644
09-27 15:16:03.634  2250  2250 D SubscriptionController: [getPhoneId]- no sims, returning default phoneId=0
09-27 15:16:03.636  2250  2311 D RILJ    : [3766]< OPERATOR {CHN-UNICOM, UNICOM, 46001} [SUB1]
09-27 15:16:03.636  2250  2250 D QtiSubscriptionController: getPhoneId, received dummy subId 2147483644
09-27 15:16:03.637  2250  2250 D SubscriptionController: [getPhoneId]- no sims, returning default phoneId=0
09-27 15:16:03.638  2250  2250 D RILJ    : [3770]> OPERATOR [SUB1]
09-27 15:16:03.639  2250  2250 D RILJ    : [3771]> DATA_REGISTRATION_STATE [SUB1]
09-27 15:16:03.638  2250  2262 D QtiSubscriptionController: getPhoneId, received dummy subId 2147483643
09-27 15:16:03.641  2250  2250 D RILJ    : [3772]> VOICE_REGISTRATION_STATE [SUB1]
09-27 15:16:03.643  2250  2250 D RILJ    : [3773]> QUERY_NETWORK_SELECTION_MODE [SUB1]
09-27 15:16:03.646  2250  2250 D QtiSubscriptionController: getPhoneId, received dummy subId 2147483644
09-27 15:16:03.647  2250  2250 D SubscriptionController: [getPhoneId]- no sims, returning default phoneId=0
09-27 15:16:03.648  2250  2311 D RILJ    : [3769]< QUERY_NETWORK_SELECTION_MODE {0} [SUB1]
09-27 15:16:03.648  2250  2250 D RILJ    : [3774]> OPERATOR [SUB1]
09-27 15:16:03.648  2250  2311 D RILJ    : [3767]< DATA_REGISTRATION_STATE {1, null, 00a09c1f, 14, null, 20, 6265, 476, 10525727, null, null} [SUB1]
09-27 15:16:03.650  2250  2250 D RILJ    : [3775]> DATA_REGISTRATION_STATE [SUB1]
09-27 15:16:03.650  2250  2311 D RILJ    : [3768]< VOICE_REGISTRATION_STATE {1, 1879, 00a09c1f, 14, null, null, null, 0, null, null, 1, null, null, 0, null} [SUB1]
09-27 15:16:03.650   958  2854 E RILQ    : (1/958): RIL[1][cmd-22(128)] qcril_cm_ss_convert_gsm8bit_alpha_string_to_utf8: Invalid parameters for GSM alphabet to UTF8 conversion, input len = 0
09-27 15:16:03.650   958  2854 E RILQ    : (1/958): RIL[1][cmd-22(128)] qcril_cm_ss_convert_gsm8bit_alpha_string_to_utf8: Invalid parameters for GSM alphabet to UTF8 conversion, input len = 0
09-27 15:16:03.652  2250  2250 D RILJ    : [3776]> VOICE_REGISTRATION_STATE [SUB1]
09-27 15:16:03.662  2250  2311 D RILJ    : [3770]< OPERATOR {CHN-UNICOM, UNICOM, 46001} [SUB1]
09-27 15:16:03.666  2250  2250 D RILJ    : [3777]> QUERY_NETWORK_SELECTION_MODE [SUB1]
09-27 15:16:03.666  2250  2311 D RILJ    : [3774]< OPERATOR {CHN-UNICOM, UNICOM, 46001} [SUB1]
09-27 15:16:03.680  2250  2250 D QtiGsmCdmaPhone: handleMessage: Event: 34
09-27 15:16:03.681  2250  2311 D RILJ    : [3772]< VOICE_REGISTRATION_STATE {1, 1879, 00a09c1f, 14, null, null, null, 0, null, null, 1, null, null, 0, null} [SUB1]
09-27 15:16:03.681  2250  2311 D RILJ    : [3771]< DATA_REGISTRATION_STATE {1, null, 00a09c1f, 14, null, 20, 6265, 476, 10525727, null, null} [SUB1]
09-27 15:16:03.681  2250  2311 D RILJ    : [3775]< DATA_REGISTRATION_STATE {1, null, 00a09c1f, 14, null, 20, 6265, 476, 10525727, null, null} [SUB1]
09-27 15:16:03.682  2250  2311 D RILJ    : [3773]< QUERY_NETWORK_SELECTION_MODE {0} [SUB1]
09-27 15:16:03.682  2250  2311 D RILJ    : [3776]< VOICE_REGISTRATION_STATE {1, 1879, 00a09c1f, 14, null, null, null, 0, null, null, 1, null, null, 0, null} [SUB1]
09-27 15:16:03.694  2250  2311 D RILJ    : [3777]< QUERY_NETWORK_SELECTION_MODE {0} [SUB1]
09-27 15:16:03.699  2250  2250 D RILJ    : [3778]> OPERATOR [SUB1]
09-27 15:16:03.700  2250  2250 D RILJ    : [3779]> DATA_REGISTRATION_STATE [SUB1]
09-27 15:16:03.702  2250  2250 D RILJ    : [3780]> VOICE_REGISTRATION_STATE [SUB1]
09-27 15:16:03.703   958  2862 E RILQ    : (1/958): RIL[1][cmd-22(128)] qcril_cm_ss_convert_gsm8bit_alpha_string_to_utf8: Invalid parameters for GSM alphabet to UTF8 conversion, input len = 0
09-27 15:16:03.703   958  2862 E RILQ    : (1/958): RIL[1][cmd-22(128)] qcril_cm_ss_convert_gsm8bit_alpha_string_to_utf8: Invalid parameters for GSM alphabet to UTF8 conversion, input len = 0
09-27 15:16:03.704  2250  2250 D RILJ    : [3781]> QUERY_NETWORK_SELECTION_MODE [SUB1]
09-27 15:16:03.708  2250  2311 D RILJ    : [3778]< OPERATOR {CHN-UNICOM, UNICOM, 46001} [SUB1]
09-27 15:16:03.710  2250  2250 D QtiGsmCdmaPhone: handleMessage: Event: 34
09-27 15:16:03.710  2250  2311 D RILJ    : [3779]< DATA_REGISTRATION_STATE {1, null, 00a09c1f, 14, null, 20, 6265, 476, 10525727, null, null} [SUB1]
09-27 15:16:03.716  2250  2311 D RILJ    : [3781]< QUERY_NETWORK_SELECTION_MODE {0} [SUB1]
09-27 15:16:03.722  2250  2311 D RILJ    : [3780]< VOICE_REGISTRATION_STATE {1, 1879, 00a09c1f, 14, null, null, null, 0, null, null, 1, null, null, 0, null} [SUB1]
09-27 15:16:03.725  2250  2421 D QtiSubscriptionController: getPhoneId, received dummy subId 2147483643
09-27 15:16:03.742  2250  2329 D QtiSubscriptionController: getPhoneId, received dummy subId 2147483643
09-27 15:16:03.747  2250  2263 D QtiSubscriptionController: getPhoneId, received dummy subId 2147483643
09-27 15:16:03.807  2250  2250 D RILJ    : [3782]> OPERATOR [SUB1]
09-27 15:16:03.809  2250  2250 D RILJ    : [3783]> DATA_REGISTRATION_STATE [SUB1]
09-27 15:16:03.813  2250  2250 D RILJ    : [3784]> VOICE_REGISTRATION_STATE [SUB1]
09-27 15:16:03.814   958  2869 E RILQ    : (1/958): RIL[1][cmd-22(128)] qcril_cm_ss_convert_gsm8bit_alpha_string_to_utf8: Invalid parameters for GSM alphabet to UTF8 conversion, input len = 0
09-27 15:16:03.814   958  2869 E RILQ    : (1/958): RIL[1][cmd-22(128)] qcril_cm_ss_convert_gsm8bit_alpha_string_to_utf8: Invalid parameters for GSM alphabet to UTF8 conversion, input len = 0
09-27 15:16:03.819  2250  2311 D RILJ    : [3782]< OPERATOR {CHN-UNICOM, UNICOM, 46001} [SUB1]
09-27 15:16:03.820  2250  2250 D RILJ    : [3785]> QUERY_NETWORK_SELECTION_MODE [SUB1]
09-27 15:16:03.823  2250  2311 D RILJ    : [3783]< DATA_REGISTRATION_STATE {1, null, 00a09c1f, 14, null, 20, 6265, 476, 10525727, null, null} [SUB1]
09-27 15:16:03.824  2250  2250 D QtiSubscriptionController: getPhoneId, received dummy subId 2147483644
09-27 15:16:03.824  2250  2311 D RILJ    : [3784]< VOICE_REGISTRATION_STATE {1, 1879, 00a09c1f, 14, null, null, null, 0, null, null, 1, null, null, 0, null} [SUB1]
09-27 15:16:03.826  2250  2311 D RILJ    : [3785]< QUERY_NETWORK_SELECTION_MODE {0} [SUB1]
09-27 15:16:03.826  2250  2250 D SubscriptionController: [getPhoneId]- no sims, returning default phoneId=0
09-27 15:16:03.829  2250  2250 D QtiSubscriptionController: getPhoneId, received dummy subId 2147483644
09-27 15:16:03.830  2250  2250 D SubscriptionController: [getPhoneId]- no sims, returning default phoneId=0
09-27 15:16:03.832  2250  2250 D QtiSubscriptionController: getPhoneId, received dummy subId 2147483644
09-27 15:16:03.834  2250  2250 D SubscriptionController: [getPhoneId]- no sims, returning default phoneId=0
09-27 15:16:03.835  2250  2250 D QtiSubscriptionController: getPhoneId, received dummy subId 2147483644
09-27 15:16:03.836  2250  2250 D SubscriptionController: [getPhoneId]- no sims, returning default phoneId=0
09-27 15:16:03.837  2250  2250 D QtiSubscriptionController: getPhoneId, received dummy subId 2147483644
09-27 15:16:03.839  2250  2250 D SubscriptionController: [getPhoneId]- no sims, returning default phoneId=0
09-27 15:16:03.841  2250  2250 D QtiSubscriptionController: getPhoneId, received dummy subId 2147483644
09-27 15:16:03.842  2250  2250 D SubscriptionController: [getPhoneId]- no sims, returning default phoneId=0
09-27 15:16:03.843  2250  2250 D QtiSubscriptionController: getPhoneId, received dummy subId 2147483644
09-27 15:16:03.844  2250  2250 D SubscriptionController: [getPhoneId]- no sims, returning default phoneId=0
09-27 15:16:03.846  2250  2250 D QtiSubscriptionController: getPhoneId, received dummy subId 2147483644
09-27 15:16:03.848  2250  2250 D SubscriptionController: [getPhoneId]- no sims, returning default phoneId=0
09-27 15:16:03.848  2250  2250 D PhoneSwitcher: handle event - 110
09-27 15:16:03.850  2250  2250 D PhoneSwitcher: handle event - 110
09-27 15:16:03.852  2250  2250 I QtiUiccCardProvisioner:  Unsol: rspId 525316 slotId 0
09-27 15:16:03.858   832  1233 E RILQ    : (0/832): RIL[0][oem_socket0] void qcril_qmi_generic_socket_agent::recv_thread_func(): read 4 bytes length message with length 28
09-27 15:16:03.858   832  1233 E RILQ    : (0/832): RIL[0][oem_socket0] qmi_ril_parse_oem_hook_header: Received un-handled/oem command id = 524378
09-27 15:16:03.863  2250  2250 D QtiRilInterface: Data received: java.nio.HeapByteBuffer[pos=0 lim=8 cap=8]
09-27 15:16:03.863  2250  2250 I QtiRilInterface: get pref, phoneId 0 User pref -1 Current pref -1 exception null
09-27 15:16:03.869   832  1233 E RILQ    : (0/832): RIL[0][oem_socket0] void qcril_qmi_generic_socket_agent::recv_thread_func(): read 4 bytes length message with length 32
09-27 15:16:03.869   832  1233 E RILQ    : (0/832): RIL[0][oem_socket0] qmi_ril_parse_oem_hook_header: Received un-handled/oem command id = 524380
09-27 15:16:03.870  2250  2250 I QtiRilInterface: getUiccIccId iccId[0] = null exception: null
09-27 15:16:03.871  2250  2250 D QtiUiccCardProvisioner:  queryUiccProvisionInfo, iccId[0] = null User pref -1 Current pref -1
09-27 15:16:03.872  2250  2250 D SubscriptionController: [getSlotId]- size == 0, return SIM_NOT_INSERTED instead
09-27 15:16:03.872  2250  2250 D PhoneSwitcher: handle event - 110
09-27 15:16:03.874  2250  2250 D PhoneSwitcher: handle event - 110
09-27 15:16:03.875  2250  2250 I QtiUiccCardProvisioner:  Unsol: rspId 525316 slotId 1
09-27 15:16:03.882   958  1279 E RILQ    : (1/958): RIL[1][oem_socket1] void qcril_qmi_generic_socket_agent::recv_thread_func(): read 4 bytes length message with length 28
09-27 15:16:03.882   958  1279 E RILQ    : (1/958): RIL[1][oem_socket1] qmi_ril_parse_oem_hook_header: Received un-handled/oem command id = 524378
09-27 15:16:03.884  2250  2250 D QtiRilInterface: Data received: java.nio.HeapByteBuffer[pos=0 lim=8 cap=8]
09-27 15:16:03.884  2250  2250 I QtiRilInterface: get pref, phoneId 1 User pref 1 Current pref 1 exception null
09-27 15:16:03.900  2250  2311 D RILJ    : [3713]< RADIO_POWER  [SUB1]
09-27 15:16:03.903   958  1279 E RILQ    : (1/958): RIL[1][oem_socket1] void qcril_qmi_generic_socket_agent::recv_thread_func(): read 4 bytes length message with length 32
09-27 15:16:03.903   958  1279 E RILQ    : (1/958): RIL[1][oem_socket1] qmi_ril_parse_oem_hook_header: Received un-handled/oem command id = 524380
09-27 15:16:03.906  2250  2311 D RILJ    : Unsol response received for UNSOL_OEM_HOOK_RAW Sending ack to ril.cpp [SUB1]
09-27 15:16:03.906  2250  2311 V RILJ    : [UNSL]< UNSOL_OEM_HOOK_RAW 514f454d484f4f4bf2030800040000000050c011 [SUB1]
09-27 15:16:03.908  2250  2311 D RILJ    : Unsol response received for UNSOL_RESPONSE_RADIO_STATE_CHANGED Sending ack to ril.cpp [SUB1]
09-27 15:16:03.908  2250  2311 D RILJ    : [UNSL]< UNSOL_RESPONSE_RADIO_STATE_CHANGED RADIO_ON [SUB1]
09-27 15:16:03.935  2250  2250 I QtiRilInterface: getUiccIccId iccId[1] = 89860116831014056097 exception: null
09-27 15:16:03.935  2250  2250 I QtiUiccCardProvisioner: add subInfo record, iccId[1] = 89860116831014056097
09-27 15:16:03.935  2250  2250 D QtiUiccCardProvisioner:  queryUiccProvisionInfo, iccId[1] = 89860116831014056097 User pref 1 Current pref 1
09-27 15:16:03.935  2250  2250 D QtiUiccCardProvisioner: isAllCardProvisionInfoReceived, prov pref[0] = -1
09-27 15:16:03.935  2250  2250 D QtiUiccCardProvisioner:  broadcasting ProvisionInfo, phoneId = 1
09-27 15:16:04.032  2250  2250 D SubscriptionController: [getSlotId]- size == 0, return SIM_NOT_INSERTED instead
09-27 15:16:04.218  2250  2250 D PhoneSwitcher: handle event - 103
09-27 15:16:04.222  2250  2250 D PhoneSwitcher: evaluating due to netRequest default 0->2 phone[0] 0->2147483643 phone[1] 0->2147483644
09-27 15:16:04.225  2250  2250 D PhoneSwitcher: default subId = 2
09-27 15:16:04.226  2250  2250 D PhoneSwitcher:  phone[0] using sub[2147483643]
09-27 15:16:04.227  2250  2250 D PhoneSwitcher:  phone[1] using sub[2147483644]
09-27 15:16:04.236  2250  2250 D PhoneSwitcher:  newActivePhones:
09-27 15:16:04.237  2250  2250 D SubscriptionController: [getPhoneId]- no sims, returning default phoneId=0
09-27 15:16:04.238  2250  2250 D PhoneSwitcher: InformDdsToRil rild= 0, DDS=0
09-27 15:16:04.244   832  1233 E RILQ    : (0/832): RIL[0][oem_socket0] void qcril_qmi_generic_socket_agent::recv_thread_func(): read 4 bytes length message with length 32
09-27 15:16:04.244   832  1233 E RILQ    : (0/832): RIL[0][oem_socket0] qmi_ril_parse_oem_hook_header: Received un-handled/oem command id = 524327
09-27 15:16:04.246  2250  2250 D PhoneSwitcher: InformDdsToRil rild= 1, DDS=0
09-27 15:16:04.249  2250  2262 D SubscriptionController: [getPhoneId]- no sims, returning default phoneId=0
09-27 15:16:04.251  2250  2329 D SubscriptionController: [getPhoneId]- no sims, returning default phoneId=0
09-27 15:16:04.253  2250  2425 D SubscriptionController: [getPhoneId]- no sims, returning default phoneId=0
09-27 15:16:04.256  2250  2421 D SubscriptionController: [getPhoneId]- no sims, returning default phoneId=0
09-27 15:16:04.269  2250  2263 D SubscriptionController: [getPhoneId]- no sims, returning default phoneId=0
09-27 15:16:04.271  2250  2262 D SubscriptionController: [getPhoneId]- no sims, returning default phoneId=0
09-27 15:16:04.273  2250  2329 D SubscriptionController: [getPhoneId]- no sims, returning default phoneId=0
09-27 15:16:04.275  2250  2425 D SubscriptionController: [getPhoneId]- no sims, returning default phoneId=0
09-27 15:16:04.281  2250  2421 D SubscriptionController: [getPhoneId]- no sims, returning default phoneId=0
09-27 15:16:04.282  2250  2263 D SubscriptionController: [getPhoneId]- no sims, returning default phoneId=0
09-27 15:16:04.284  2250  2262 D SubscriptionController: [getPhoneId]- no sims, returning default phoneId=0
09-27 15:16:04.286  2250  2329 D SubscriptionController: [getPhoneId]- no sims, returning default phoneId=0
09-27 15:16:04.482   958  1279 E RILQ    : (1/958): RIL[1][oem_socket1] void qcril_qmi_generic_socket_agent::recv_thread_func(): read 4 bytes length message with length 32
09-27 15:16:04.483   958  1279 E RILQ    : (1/958): RIL[1][oem_socket1] qmi_ril_parse_oem_hook_header: Received un-handled/oem command id = 524327
09-27 15:16:04.488  2250  2250 D TelephonyNetworkFactory[0]: not acting - isApp=false, isAct=false NetworkRequest [ REQUEST id=1, [ Capabilities: INTERNET&NOT_RESTRICTED&TRUSTED&NOT_VPN] ]
09-27 15:16:04.491  2250  2250 D TelephonyNetworkFactory[1]: not acting - isApp=false, isAct=false NetworkRequest [ REQUEST id=1, [ Capabilities: INTERNET&NOT_RESTRICTED&TRUSTED&NOT_VPN] ]
09-27 15:16:04.491  2250  2250 D QtiGsmCdmaPhone: handleMessage: Event: 30
09-27 15:16:04.491  2250  2250 D GsmSMSDispatcher: GsmSMSDispatcher: subId = 2147483643 slotId = 0
09-27 15:16:04.491  2250  2250 D IccCardProxy: Icc changed. Reregestering.
09-27 15:16:04.492  2250  2250 E IccCardProxy: setExternalState: set mPhoneId=0 mExternalState=ABSENT
09-27 15:16:04.492  2250  2250 D TelephonyManager: setTelephonyProperty: success phoneId=0 property=gsm.sim.state value: ABSENT propVal=ABSENT,NOT_READY
09-27 15:16:04.505  2250  2250 D IccCardProxy: broadcastIccStateChangedIntent intent ACTION_SIM_STATE_CHANGED value=ABSENT reason=null for mPhoneId=0
09-27 15:16:04.519  2250  2250 D QtiGsmDCT: [0]QtiDcTracker handleMessage msg={ when=-5s157ms what=270369 obj=android.os.AsyncResult@fafc444 target=com.qualcomm.qti.internal.telephony.dataconnection.QtiDcTracker }
09-27 15:16:04.519  2250  2250 D QtiGsmCdmaPhone: handleMessage: Event: 30
09-27 15:16:04.519  2250  2250 D GsmCdmaPhone: [GsmCdmaPhone] New Uicc application found. type = APPTYPE_USIM
09-27 15:16:04.519  2250  2250 D SIMRecords: [SIMRecords] getOperatorNumeric: IMSI == null
09-27 15:16:04.519  2250  2250 D GsmCdmaPhone: [GsmCdmaPhone] mIccRecords = SimRecords: mDestroyed=false mContext=com.android.phone.PhoneGlobals@a15368b mCi=com.android.internal.telephony.RIL@bd646cb mFh=Handler (com.android.internal.telephony.uicc.UsimFileHandler) {c28c368} mParentApp=com.android.internal.telephony.uicc.UiccCardApplication@3551381 recordsLoadedRegistrants=android.os.RegistrantList@df0cc26 mImsiReadyRegistrants=android.os.RegistrantList@91eb067 mRecordsEventsRegistrants=android.os.RegistrantList@27aae14 mNewSmsRegistrants=android.os.RegistrantList@6be66bd mNetworkSelectionModeAutomaticRegistrants=android.os.RegistrantList@58d84b2 recordsToLoad=0 adnCache=Handler (com.android.internal.telephony.uicc.AdnRecordCache) {f5bec03} recordsRequested=false iccid=null msisdnTag=null voiceMailNum=null voiceMailTag=null voiceMailNum=null newVoiceMailTag=null isVoiceMailFixed=false mImsi=null mncLength=-1 mailboxIndex=0 spn=null mVmConfigcom.android.internal.telephony.uicc.VoiceMailConstants@95e9780 mSpnOverride=mSpnOverride callForwardingEnabled=0 spnState=null mCphsInfo=null mCspPlmnEnabled=true efMWIS=null efCPHS_MWI=null mEfCff=null mEfCfis=null getOperatorNumeric=null
09-27 15:16:04.520  2250  2250 D GsmSMSDispatcher: GsmSMSDispatcher: subId = 2147483644 slotId = 1
09-27 15:16:04.520  2250  2250 D GsmSMSDispatcher: New Uicc application found
09-27 15:16:04.520  2250  2250 D IccCardProxy: Icc changed. Reregestering.
09-27 15:16:04.520  2250  2250 D UiccCardApplication: Notifying 1 registrant: READY
09-27 15:16:04.520  2250  2250 E IccCardProxy: setExternalState: set mPhoneId=1 mExternalState=READY
09-27 15:16:04.520  2250  2250 D TelephonyManager: setTelephonyProperty: success phoneId=1 property=gsm.sim.state value: READY propVal=ABSENT,READY
09-27 15:16:04.523  2250  2250 D IccCardProxy: broadcastIccStateChangedIntent intent ACTION_SIM_STATE_CHANGED value=READY reason=null for mPhoneId=1
09-27 15:16:04.554  2250  2329 D SubscriptionController: [getPhoneId]- no sims, returning default phoneId=0
09-27 15:16:04.556  2250  2421 D SubscriptionController: [getActiveSubInfoList] Sub Controller not ready
09-27 15:16:04.561  2250  2262 D SubscriptionController: [getPhoneId]- no sims, returning default phoneId=0
09-27 15:16:04.578  2250  2425 D QtiSubscriptionController: getPhoneId, received dummy subId 2147483643
09-27 15:16:04.580  2250  2262 D QtiSubscriptionController: getPhoneId, received dummy subId 2147483643
09-27 15:16:04.587  2250  2250 D SST     : New card found
09-27 15:16:04.587  2250  2250 D UiccCardApplication: Notifying 1 registrant: READY
09-27 15:16:04.587  2250  2250 D QtiGsmDCT: [1]QtiDcTracker handleMessage msg={ when=-5s226ms what=270369 obj=android.os.AsyncResult@c3b792d target=com.qualcomm.qti.internal.telephony.dataconnection.QtiDcTracker }
09-27 15:16:04.589  2250  2250 D QtiUiccCardProvisioner: updateIccAvailability, card state[0] = CARDSTATE_ABSENT
09-27 15:16:04.589  2250  2250 D SIMRecords: [SIMRecords] fetchSimRecords 0
09-27 15:16:04.589  2250  2250 D RILJ    : [3788]> getIMSI: GET_IMSI aid: a0000000871002ff86ffff89ffffffff [SUB1]
09-27 15:16:04.589  2250  2329 D SubscriptionController: [getPhoneId]- no sims, returning default phoneId=0
09-27 15:16:04.592  2250  2250 D RILJ    : [3789]> iccIO: SIM_IO 0xc0 0x2fe2  path: 3F00,0,0,15 aid: a0000000871002ff86ffff89ffffffff [SUB1]
09-27 15:16:04.594  2250  2250 D RILJ    : [3790]> iccIO: SIM_IO 0xc0 0x6f40  path: 3F007FFF,0,0,15 aid: a0000000871002ff86ffff89ffffffff [SUB1]
09-27 15:16:04.595   958  1034 I RILQ    : (1/958):RIL[1][event] qcril_qmi_nas_evaluate_custom_emergency_numbers_for_card: cur_status 0, card_state 3
09-27 15:16:04.595   958  1034 I RILQ    : (1/958):RIL[1][event] qcril_qmi_nas_evaluate_custom_emergency_numbers_for_card: card_mcc 460, card_mnc 01
09-27 15:16:04.596  2250  2311 D RILJ    : [3788]< GET_IMSI  [SUB1]
09-27 15:16:04.597   958  1034 I RILQ    : (1/958):RIL[1][event] qcril_qmi_nas_evaluate_custom_emergency_numbers_for_card: imsi fetch attempt ril 0
09-27 15:16:04.597  2250  2250 D RILJ    : [3791]> iccIO: SIM_IO 0xc0 0x6fc9  path: 3F007FFF,0,0,15 aid: a0000000871002ff86ffff89ffffffff [SUB1]
09-27 15:16:04.597   958  1034 E RILQ    : (1/958): RIL[1][event] get_ecc_property_name: ecc list name : ril.ecclist1.
09-27 15:16:04.598  2250  2425 D QtiSubscriptionController: getPhoneId, received dummy subId 2147483643
09-27 15:16:04.598  2250  2263 D SubscriptionController: [getPhoneId]- no sims, returning default phoneId=0
09-27 15:16:04.601  2250  2421 D SubscriptionController: [getPhoneId] asked for default subId=2147483643
09-27 15:16:04.602  2250  2421 D QtiSubscriptionController: getPhoneId, received dummy subId 2147483643
09-27 15:16:04.604  2250  2262 D SubscriptionController: [getActiveSubInfoList] Sub Controller not ready
09-27 15:16:04.614  2250  2250 D RILJ    : [3792]> iccIO: SIM_IO 0xc0 0x6fad  path: 3F007FFF,0,0,15 aid: a0000000871002ff86ffff89ffffffff [SUB1]
09-27 15:16:04.623  2250  2329 D QtiSubscriptionController: getPhoneId, received dummy subId 2147483643
09-27 15:16:04.631  2250  2250 D RILJ    : [3793]> iccIO: SIM_IO 0xc0 0x6fca  path: 3F007FFF,0,0,15 aid: a0000000871002ff86ffff89ffffffff [SUB1]
09-27 15:16:04.633  2250  2250 D RILJ    : [3794]> iccIO: SIM_IO 0xc0 0x6f11  path: 3F007FFF,0,0,15 aid: a0000000871002ff86ffff89ffffffff [SUB1]
09-27 15:16:04.635  2250  2250 D RILJ    : [3795]> iccIO: SIM_IO 0xc0 0x6fcb  path: 3F007FFF,0,0,15 aid: a0000000871002ff86ffff89ffffffff [SUB1]
09-27 15:16:04.638  2250  2250 D RILJ    : [3796]> iccIO: SIM_IO 0xc0 0x6f13  path: 3F007FFF,0,0,15 aid: a0000000871002ff86ffff89ffffffff [SUB1]
09-27 15:16:04.640  2250  2250 D RILJ    : [3797]> iccIO: SIM_IO 0xc0 0x6f46  path: 3F007FFF,0,0,15 aid: a0000000871002ff86ffff89ffffffff [SUB1]
09-27 15:16:04.644  2250  2250 D RILJ    : [3798]> iccIO: SIM_IO 0xc0 0x6fcd  path: 3F007FFF,0,0,15 aid: a0000000871002ff86ffff89ffffffff [SUB1]
09-27 15:16:04.647  2250  2250 D RILJ    : [3799]> iccIO: SIM_IO 0xc0 0x6fc5  path: 3F007FFF,0,0,15 aid: a0000000871002ff86ffff89ffffffff [SUB1]
09-27 15:16:04.648  2250  2250 D RILJ    : [3800]> iccIO: SIM_IO 0xc0 0x6f38  path: 3F007FFF,0,0,15 aid: a0000000871002ff86ffff89ffffffff [SUB1]
09-27 15:16:04.650  2250  2250 D RILJ    : [3801]> iccIO: SIM_IO 0xc0 0x6f16  path: 3F007FFF,0,0,15 aid: a0000000871002ff86ffff89ffffffff [SUB1]
09-27 15:16:04.657  2250  2262 D QtiSubscriptionController: getPhoneId, received dummy subId 2147483643
09-27 15:16:04.661  2250  2263 D SubscriptionController: [getActiveSubInfoList] Sub Controller not ready
09-27 15:16:04.666  2250  2311 D RILJ    : [3789]< SIM_IO IccIoResult sw1:0x90 sw2:0x0 [SUB1]
09-27 15:16:04.667  2250  2250 D RILJ    : [3802]> iccIO: SIM_IO 0xc0 0x6f15  path: 3F007FFF,0,0,15 aid: a0000000871002ff86ffff89ffffffff [SUB1]
09-27 15:16:04.670  2250  2250 D RILJ    : [3803]> iccIO: SIM_IO 0xc0 0x6f3e  path: 3F007FFF,0,0,15 aid: a0000000871002ff86ffff89ffffffff [SUB1]
09-27 15:16:04.673  2250  2250 D RILJ    : [3804]> iccIO: SIM_IO 0xc0 0x6f3f  path: 3F007FFF,0,0,15 aid: a0000000871002ff86ffff89ffffffff [SUB1]
09-27 15:16:04.675  2250  2250 D RILJ    : [3805]> iccIO: SIM_IO 0xc0 0x6f60  path: 3F007FFF,0,0,15 aid: a0000000871002ff86ffff89ffffffff [SUB1]
09-27 15:16:04.677  2250  2250 D RILJ    : [3806]> iccIO: SIM_IO 0xc0 0x6f61  path: 3F007FFF,0,0,15 aid: a0000000871002ff86ffff89ffffffff [SUB1]
09-27 15:16:04.679  2250  2250 D RILJ    : [3807]> iccIO: SIM_IO 0xc0 0x6f62  path: 3F007FFF,0,0,15 aid: a0000000871002ff86ffff89ffffffff [SUB1]
09-27 15:16:04.684  2250  2250 D RILJ    : [3808]> iccIO: SIM_IO 0xc0 0x6fd9  path: 3F007FFF,0,0,15 aid: a0000000871002ff86ffff89ffffffff [SUB1]
09-27 15:16:04.687  2250  2250 D RILJ    : [3809]> iccIO: SIM_IO 0xc0 0x6f7b  path: 3F007FFF,0,0,15 aid: a0000000871002ff86ffff89ffffffff [SUB1]
09-27 15:16:04.690  2250  2250 D RILJ    : [3810]> iccIO: SIM_IO 0xc0 0x6f05  path: 3F007FFF,0,0,15 aid: a0000000871002ff86ffff89ffffffff [SUB1]
09-27 15:16:04.692  2250  2250 D RILJ    : [3811]> iccIO: SIM_IO 0xc0 0x2f05  path: 3F00,0,0,15 aid: a0000000871002ff86ffff89ffffffff [SUB1]
09-27 15:16:04.694  2250  2250 D RILJ    : [3812]> iccIO: SIM_IO 0xc0 0x6f3c  path: 3F007FFF,0,0,15 aid: a0000000871002ff86ffff89ffffffff [SUB1]
09-27 15:16:04.695  2250  2250 D SIMRecords: [SIMRecords] fetchSimRecords 20 requested: true
09-27 15:16:04.695  2250  2250 D UiccCardApplication: Query facility FDN : FDN service available: true enabled: false
09-27 15:16:04.695  2250  2250 D UiccCardApplication: Query facility lock : 0
09-27 15:16:04.696  2250  2250 D CAT     : CatService: handleMessage[8]
09-27 15:16:04.696  2250  2250 D CAT     : CatService: MSG_ID_ICC_CHANGED
09-27 15:16:04.696  2250  2250 D CAT     : CatService: New Card State = CARDSTATE_PRESENT Old Card State = CARDSTATE_ABSENT
09-27 15:16:04.696  2250  2250 D RILJ    : [3813]> RIL_REQUEST_REPORT_STK_SERVICE_IS_RUNNING [SUB1]
09-27 15:16:04.698  2250  2250 D QtiGsmCdmaPhone: handleMessage: Event: 30
09-27 15:16:04.698  2250  2250 D GsmSMSDispatcher: GsmSMSDispatcher: subId = 2147483643 slotId = 0
09-27 15:16:04.698  2250  2250 E IccCardProxy: setExternalState: !override and newstate unchanged from ABSENT
09-27 15:16:04.699  2250  2250 D QtiGsmDCT: [0]QtiDcTracker handleMessage msg={ when=-3s239ms what=270369 obj=android.os.AsyncResult@a0c7e62 target=com.qualcomm.qti.internal.telephony.dataconnection.QtiDcTracker }
09-27 15:16:04.699  2250  2250 D QtiGsmCdmaPhone: handleMessage: Event: 30
09-27 15:16:04.699  2250  2250 D GsmSMSDispatcher: GsmSMSDispatcher: subId = 2147483644 slotId = 1
09-27 15:16:04.699  2250  2250 E IccCardProxy: setExternalState: !override and newstate unchanged from READY
09-27 15:16:04.699  2250  2250 D QtiGsmDCT: [1]QtiDcTracker handleMessage msg={ when=-3s238ms what=270369 obj=android.os.AsyncResult@79fdbf3 target=com.qualcomm.qti.internal.telephony.dataconnection.QtiDcTracker }
09-27 15:16:04.700  2250  2250 D QtiUiccCardProvisioner: updateIccAvailability, card state[1] = CARDSTATE_PRESENT
09-27 15:16:04.700   958  1034 I RILQ    : (1/958):RIL[1][event] qcril_qmi_nas_add_emergency_numbers: matched with source mcc table using IMSI MCC
09-27 15:16:04.700  2250  2250 D CAT     : CatService: handleMessage[8]
09-27 15:16:04.700  2250  2250 D CAT     : CatService: MSG_ID_ICC_CHANGED
09-27 15:16:04.700  2250  2250 D CAT     : CatService: New Card State = CARDSTATE_PRESENT Old Card State = CARDSTATE_PRESENT
09-27 15:16:04.701   958  1034 I RILQ    : (1/958):RIL[1][event] qcril_qmi_nas_add_emergency_numbers: matched with source voice table using IMSI MCC
