09-27 14:53:59.957  2249  2312 D RILJ    : [3702]< RADIO_POWER  [SUB1]
09-27 14:53:59.959  2249  2249 D QtiRilInterface: Service ready, notifying registrants
09-27 14:53:59.959  2249  2249 D QtiGsmCdmaPhone: handleMessage: Event: 34
09-27 14:53:59.960   939  2519 I RILQ    : (1/939):RIL[1][cmd-20(560)] qcril_qmi_nas_reset_data_snapshot_cache_and_timer: Resetting snapshot timer
09-27 14:53:59.960  2249  2249 D QtiGsmCdmaPhone: handleMessage: Event: 34
09-27 14:53:59.960  2249  2308 D RILJ    : Unsol response received for UNSOL_OEM_HOOK_RAW Sending ack to ril.cpp [SUB0]
09-27 14:53:59.960  2249  2308 V RILJ    : [UNSL]< UNSOL_OEM_HOOK_RAW 514f454d484f4f4bf2030800040000000050dc11 [SUB0]
09-27 14:53:59.961  2249  2312 D RILJ    : Unsol response received for UNSOL_OEM_HOOK_RAW Sending ack to ril.cpp [SUB1]
09-27 14:53:59.961  2249  2312 V RILJ    : [UNSL]< UNSOL_OEM_HOOK_RAW 514f454d484f4f4bf2030800040000000050c011 [SUB1]
09-27 14:53:59.962  2249  2308 D RILJ    : Unsol response received for UNSOL_RESPONSE_RADIO_STATE_CHANGED Sending ack to ril.cpp [SUB0]
09-27 14:53:59.962  2249  2308 D RILJ    : [UNSL]< UNSOL_RESPONSE_RADIO_STATE_CHANGED RADIO_ON [SUB0]
09-27 14:53:59.962   939  2518 I RILQ    : (1/939):RIL[1][cmd-21(848)] qcril_qmi_nas_reset_data_snapshot_cache_and_timer: Resetting snapshot timer
09-27 14:53:59.963  2249  2312 D RILJ    : [3705]< VOICE_REGISTRATION_STATE {2, null, null, 0, null, null, null, 0, null, null, null, null, null, 0, null} [SUB1]
09-27 14:53:59.964  2249  2249 D QtiGsmCdmaPhone: handleMessage: Event: 34
09-27 14:53:59.964  2249  2312 D RILJ    : [3704]< DATA_REGISTRATION_STATE {2, null, null, null, 0, 20, null, null, null, null, null} [SUB1]
09-27 14:53:59.967  2249  2312 D RILJ    : Unsol response received for UNSOL_RESPONSE_RADIO_STATE_CHANGED Sending ack to ril.cpp [SUB1]
09-27 14:53:59.967  2249  2249 D SST     : mDeviceShuttingDown=false, mDesiredPowerState=true, getRadioState=RADIO_OFF, mPowerOffDelayNeed=true, mAlarmSwitch=false, mRadioDisabledByCarrier=false
09-27 14:53:59.967  2249  2312 D RILJ    : [UNSL]< UNSOL_RESPONSE_RADIO_STATE_CHANGED RADIO_ON [SUB1]
09-27 14:53:59.968  2249  2312 D RILJ    : [3706]< QUERY_NETWORK_SELECTION_MODE {0} [SUB1]
09-27 14:53:59.969  2249  2249 D RILJ    : [3711]> OPERATOR [SUB1]
09-27 14:53:59.971  2249  2249 D RILJ    : [3712]> DATA_REGISTRATION_STATE [SUB1]
09-27 14:53:59.972  2249  2312 D RILJ    : [3711]< OPERATOR {null, null, null} [SUB1]
09-27 14:53:59.973  2249  2249 D RILJ    : [3713]> VOICE_REGISTRATION_STATE [SUB1]
09-27 14:53:59.973   939  2523 I RILQ    : (1/939):RIL[1][cmd-21(136)] qcril_qmi_nas_reset_data_snapshot_cache_and_timer: Resetting snapshot timer
09-27 14:53:59.974  2249  2249 D RILJ    : [3714]> QUERY_NETWORK_SELECTION_MODE [SUB1]
09-27 14:53:59.976  2249  2312 D RILJ    : [3712]< DATA_REGISTRATION_STATE {2, null, null, null, 0, 20, null, null, null, null, null} [SUB1]
09-27 14:53:59.978   939  2524 I RILQ    : (1/939):RIL[1][cmd-20(848)] qcril_qmi_nas_reset_data_snapshot_cache_and_timer: Resetting snapshot timer
09-27 14:53:59.981  2249  2312 D RILJ    : [3713]< VOICE_REGISTRATION_STATE {2, null, null, 0, null, null, null, 0, null, null, null, null, null, 0, null} [SUB1]
09-27 14:53:59.981  2249  2312 D RILJ    : [3714]< QUERY_NETWORK_SELECTION_MODE {0} [SUB1]
09-27 14:53:59.991  2249  2249 D QtiGsmDCT: [1]QtiDcTracker handleMessage msg={ when=-871ms what=270369 obj=android.os.AsyncResult@8a53b9e target=com.qualcomm.qti.internal.telephony.dataconnection.QtiDcTracker }
09-27 14:53:59.992  2249  2249 D QtiGsmDCT: [1]NETWORK_STATE_CHANGED_ACTION: mIsWifiConnected=false
09-27 14:53:59.992  2249  2249 D QtiGsmDCT: [1]Wifi state changed
09-27 14:53:59.992  2249  2249 D QtiGsmDCT: [1]WIFI_STATE_CHANGED_ACTION: enabled=true mIsWifiConnected=false
09-27 14:53:59.993  2249  2249 D QtiGsmDCT: [1]QtiDcTracker handleMessage msg={ when=-857ms what=270337 obj=android.os.AsyncResult@b8b67f target=com.qualcomm.qti.internal.telephony.dataconnection.QtiDcTracker }
09-27 14:53:59.993  2249  2249 D QtiGsmDCT: [1]onRadioAvailable
09-27 14:53:59.993  2249  2249 D QtiGsmDCT: [1]QtiDcTracker handleMessage msg={ when=-858ms what=270342 obj=android.os.AsyncResult@b7a964c target=com.qualcomm.qti.internal.telephony.dataconnection.QtiDcTracker }
09-27 14:53:59.993  2249  2249 D QtiGsmDCT: [1]onRadioOffOrNotAvailable: is off and clean up all connections
09-27 14:53:59.993  2249  2249 D QtiGsmDCT: [1]cleanUpAllConnections: tearDown=false reason=radioTurnedOff
09-27 14:53:59.993  2249  2249 D GsmCdmaPhone: [GsmCdmaPhone] getDataConnectionState apnType=default ret=DISCONNECTED
09-27 14:53:59.994  2249  2249 D CdmaSSM : subscriptionSource from settings: 0
09-27 14:53:59.997  2249  2249 D QtiSubscriptionController: getPhoneId, received dummy subId 2147483644
09-27 14:54:00.000  2249  2249 D QtiSubscriptionController: getPhoneId, received dummy subId 2147483644
09-27 14:54:00.005  2249  2249 D QtiGsmDCT: [1]setupDataForSinglePdn: reason = radioTurnedOff isDisconnected = true
09-27 14:54:00.005  2249  2249 D QtiGsmDCT: [1]isOnlySingleDcAllowed(0): false
09-27 14:54:00.006  2249  2249 D QtiGsmDCT: [1]cleanUpConnection: X tearDown=false reason=radioTurnedOff apnContext={mApnType=default mState=IDLE mWaitingApns={null} mApnSetting={null} mReason=radioTurnedOff mDataEnabled=false mDependencyMet=true} dcac=null
09-27 14:54:00.006  2249  2249 D GsmCdmaPhone: [GsmCdmaPhone] getDataConnectionState apnType=mms ret=DISCONNECTED
09-27 14:54:00.008  2249  2262 D SubscriptionController: [getPhoneId]- no sims, returning default phoneId=0
09-27 14:54:00.008  2249  2249 D CdmaSSM : subscriptionSource from settings: 0
09-27 14:54:00.010  2249  2249 D QtiSubscriptionController: getPhoneId, received dummy subId 2147483644
09-27 14:54:00.010  2249  2261 D SubscriptionController: [getPhoneId]- no sims, returning default phoneId=0
09-27 14:54:00.013  2249  2249 D QtiSubscriptionController: getPhoneId, received dummy subId 2147483644
09-27 14:54:00.013  2249  2331 D SubscriptionController: [getPhoneId]- no sims, returning default phoneId=0
09-27 14:54:00.017  2249  2332 D SubscriptionController: [getPhoneId]- no sims, returning default phoneId=0
09-27 14:54:00.019  2249  2261 D SubscriptionController: [getPhoneId]- no sims, returning default phoneId=0
09-27 14:54:00.021  2249  2249 D QtiGsmDCT: [1]setupDataForSinglePdn: reason = radioTurnedOff isDisconnected = true
09-27 14:54:00.021  2249  2249 D QtiGsmDCT: [1]isOnlySingleDcAllowed(0): false
09-27 14:54:00.021  2249  2249 D QtiGsmDCT: [1]cleanUpConnection: X tearDown=false reason=radioTurnedOff apnContext={mApnType=mms mState=IDLE mWaitingApns={null} mApnSetting={null} mReason=radioTurnedOff mDataEnabled=false mDependencyMet=true} dcac=null
09-27 14:54:00.021  2249  2249 D GsmCdmaPhone: [GsmCdmaPhone] getDataConnectionState apnType=cbs ret=DISCONNECTED
09-27 14:54:00.022  2249  2249 D CdmaSSM : subscriptionSource from settings: 0
09-27 14:54:00.024  2249  2249 D QtiSubscriptionController: getPhoneId, received dummy subId 2147483644
09-27 14:54:00.025  2249  2249 D QtiSubscriptionController: getPhoneId, received dummy subId 2147483644
09-27 14:54:00.030  2249  2249 D QtiGsmDCT: [1]setupDataForSinglePdn: reason = radioTurnedOff isDisconnected = true
09-27 14:54:00.030  2249  2249 D QtiGsmDCT: [1]isOnlySingleDcAllowed(0): false
09-27 14:54:00.031  2249  2249 D QtiGsmDCT: [1]cleanUpConnection: X tearDown=false reason=radioTurnedOff apnContext={mApnType=cbs mState=IDLE mWaitingApns={null} mApnSetting={null} mReason=radioTurnedOff mDataEnabled=false mDependencyMet=true} dcac=null
09-27 14:54:00.031  2249  2249 D GsmCdmaPhone: [GsmCdmaPhone] getDataConnectionState apnType=fota ret=DISCONNECTED
09-27 14:54:00.031  2249  2249 D CdmaSSM : subscriptionSource from settings: 0
09-27 14:54:00.034  2249  2249 D QtiSubscriptionController: getPhoneId, received dummy subId 2147483644
09-27 14:54:00.036  2249  2249 D QtiSubscriptionController: getPhoneId, received dummy subId 2147483644
09-27 14:54:00.040  2249  2249 D QtiGsmDCT: [1]setupDataForSinglePdn: reason = radioTurnedOff isDisconnected = true
09-27 14:54:00.040  2249  2249 D QtiGsmDCT: [1]isOnlySingleDcAllowed(0): false
09-27 14:54:00.041  2249  2249 D QtiGsmDCT: [1]cleanUpConnection: X tearDown=false reason=radioTurnedOff apnContext={mApnType=fota mState=IDLE mWaitingApns={null} mApnSetting={null} mReason=radioTurnedOff mDataEnabled=false mDependencyMet=true} dcac=null
09-27 14:54:00.041  2249  2249 D GsmCdmaPhone: [GsmCdmaPhone] getDataConnectionState apnType=supl ret=DISCONNECTED
09-27 14:54:00.042  2249  2249 D CdmaSSM : subscriptionSource from settings: 0
09-27 14:54:00.044  2249  2249 D QtiSubscriptionController: getPhoneId, received dummy subId 2147483644
09-27 14:54:00.045  2249  2262 D SubscriptionController: [getPhoneId] asked for default subId=2147483643
09-27 14:54:00.046  2249  2262 D QtiSubscriptionController: getPhoneId, received dummy subId 2147483643
09-27 14:54:00.047  2249  2249 D QtiSubscriptionController: getPhoneId, received dummy subId 2147483644
09-27 14:54:00.052  2249  2249 D QtiGsmDCT: [1]setupDataForSinglePdn: reason = radioTurnedOff isDisconnected = true
09-27 14:54:00.052  2249  2249 D QtiGsmDCT: [1]isOnlySingleDcAllowed(0): false
09-27 14:54:00.052  2249  2249 D QtiGsmDCT: [1]cleanUpConnection: X tearDown=false reason=radioTurnedOff apnContext={mApnType=supl mState=IDLE mWaitingApns={null} mApnSetting={null} mReason=radioTurnedOff mDataEnabled=false mDependencyMet=true} dcac=null
09-27 14:54:00.053  2249  2249 D GsmCdmaPhone: [GsmCdmaPhone] getDataConnectionState apnType=emergency ret=DISCONNECTED
09-27 14:54:00.054  2249  2249 D QtiSubscriptionController: getPhoneId, received dummy subId 2147483644
09-27 14:54:00.056  2249  2249 D QtiSubscriptionController: getPhoneId, received dummy subId 2147483644
09-27 14:54:00.062  2249  2249 D QtiGsmDCT: [1]setupDataForSinglePdn: reason = radioTurnedOff isDisconnected = true
09-27 14:54:00.062  2249  2249 D QtiGsmDCT: [1]isOnlySingleDcAllowed(0): false
09-27 14:54:00.062  2249  2249 D QtiGsmDCT: [1]cleanUpConnection: X tearDown=false reason=radioTurnedOff apnContext={mApnType=emergency mState=IDLE mWaitingApns={null} mApnSetting={null} mReason=radioTurnedOff mDataEnabled=false mDependencyMet=true} dcac=null
09-27 14:54:00.063  2249  2249 D GsmCdmaPhone: [GsmCdmaPhone] getDataConnectionState apnType=dun ret=DISCONNECTED
09-27 14:54:00.064  2249  2249 D CdmaSSM : subscriptionSource from settings: 0
09-27 14:54:00.065  2249  2249 D QtiSubscriptionController: getPhoneId, received dummy subId 2147483644
09-27 14:54:00.067  2249  2249 D QtiSubscriptionController: getPhoneId, received dummy subId 2147483644
09-27 14:54:00.071  2249  2249 D QtiGsmDCT: [1]setupDataForSinglePdn: reason = radioTurnedOff isDisconnected = true
09-27 14:54:00.071  2249  2249 D QtiGsmDCT: [1]isOnlySingleDcAllowed(0): false
09-27 14:54:00.071  2249  2249 D QtiGsmDCT: [1]cleanUpConnection: X tearDown=false reason=radioTurnedOff apnContext={mApnType=dun mState=IDLE mWaitingApns={null} mApnSetting={null} mReason=radioTurnedOff mDataEnabled=false mDependencyMet=true} dcac=null
09-27 14:54:00.072  2249  2249 D GsmCdmaPhone: [GsmCdmaPhone] getDataConnectionState apnType=hipri ret=DISCONNECTED
09-27 14:54:00.072  2249  2249 D CdmaSSM : subscriptionSource from settings: 0
09-27 14:54:00.075  2249  2249 D QtiSubscriptionController: getPhoneId, received dummy subId 2147483644
09-27 14:54:00.077  2249  2249 D QtiSubscriptionController: getPhoneId, received dummy subId 2147483644
09-27 14:54:00.082  2249  2249 D QtiGsmDCT: [1]setupDataForSinglePdn: reason = radioTurnedOff isDisconnected = true
09-27 14:54:00.082  2249  2249 D QtiGsmDCT: [1]isOnlySingleDcAllowed(0): false
09-27 14:54:00.082  2249  2249 D QtiGsmDCT: [1]cleanUpConnection: X tearDown=false reason=radioTurnedOff apnContext={mApnType=hipri mState=IDLE mWaitingApns={null} mApnSetting={null} mReason=radioTurnedOff mDataEnabled=false mDependencyMet=true} dcac=null
09-27 14:54:00.082  2249  2249 D GsmCdmaPhone: [GsmCdmaPhone] getDataConnectionState apnType=ims ret=DISCONNECTED
09-27 14:54:00.083  2249  2249 D CdmaSSM : subscriptionSource from settings: 0
09-27 14:54:00.085  2249  2249 D QtiSubscriptionController: getPhoneId, received dummy subId 2147483644
09-27 14:54:00.086  2249  2249 D QtiSubscriptionController: getPhoneId, received dummy subId 2147483644
09-27 14:54:00.091  2249  2249 D QtiGsmDCT: [1]setupDataForSinglePdn: reason = radioTurnedOff isDisconnected = true
09-27 14:54:00.091  2249  2249 D QtiGsmDCT: [1]isOnlySingleDcAllowed(0): false
09-27 14:54:00.091  2249  2249 D QtiGsmDCT: [1]cleanUpConnection: X tearDown=false reason=radioTurnedOff apnContext={mApnType=ims mState=IDLE mWaitingApns={null} mApnSetting={null} mReason=radioTurnedOff mDataEnabled=false mDependencyMet=true} dcac=null
09-27 14:54:00.092  2249  2249 D QtiGsmDCT: [1]stopNetStatPoll
09-27 14:54:00.093  2249  2249 D QtiSubscriptionController: getPhoneId, received dummy subId 2147483644
09-27 14:54:00.094  2249  2249 D QtiGsmDCT: [1]cleanUpConnection: mDisconnectPendingCount = 0
09-27 14:54:00.094  2249  2249 D CdmaSSM : subscriptionSource from settings: 0
09-27 14:54:00.094  2249  2249 D QtiGsmDCT: [1]isDataAllowed: No - SIM not loaded - Not attached
09-27 14:54:00.095  2249  2249 D CdmaSSM : subscriptionSource from settings: 0
09-27 14:54:00.097  2249  2249 D QtiSubscriptionController: getPhoneId, received dummy subId 2147483644
09-27 14:54:00.098  2249  2249 D QtiSubscriptionController: getPhoneId, received dummy subId 2147483644
09-27 14:54:00.103  2249  2262 D SubscriptionController: [getPhoneId]- no sims, returning default phoneId=0
09-27 14:54:00.105  2249  2249 D CdmaSSM : subscriptionSource from settings: 0
09-27 14:54:00.107  2249  2261 D SubscriptionController: [getPhoneId]- no sims, returning default phoneId=0
09-27 14:54:00.109  2249  2249 D QtiSubscriptionController: getPhoneId, received dummy subId 2147483644
09-27 14:54:00.110  2249  2331 D SubscriptionController: [getPhoneId]- no sims, returning default phoneId=0
09-27 14:54:00.111  2249  2249 D QtiSubscriptionController: getPhoneId, received dummy subId 2147483644
09-27 14:54:00.113  2249  2332 D SubscriptionController: [getPhoneId]- no sims, returning default phoneId=0
09-27 14:54:00.113  2249  2331 D QtiSubscriptionController: getPhoneId, received dummy subId 2147483643
09-27 14:54:00.116  2249  2249 D CdmaSSM : subscriptionSource from settings: 0
09-27 14:54:00.117  2249  2331 D SubscriptionController: [getPhoneId]- no sims, returning default phoneId=0
09-27 14:54:00.119  2249  2249 D QtiSubscriptionController: getPhoneId, received dummy subId 2147483644
09-27 14:54:00.121  2249  2249 D QtiSubscriptionController: getPhoneId, received dummy subId 2147483644
09-27 14:54:00.130   939  1023 I RILQ    : (1/939):RIL[1][event] qcril_qmi_nas_reset_data_snapshot_cache_and_timer: Resetting snapshot timer
09-27 14:54:00.134  2249  2249 D CdmaSSM : subscriptionSource from settings: 0
09-27 14:54:00.135  2249  2312 D RILJ    : Unsol response received for UNSOL_RESPONSE_VOICE_NETWORK_STATE_CHANGED Sending ack to ril.cpp [SUB1]
09-27 14:54:00.135  2249  2312 D RILJ    : [UNSL]< UNSOL_RESPONSE_VOICE_NETWORK_STATE_CHANGED [SUB1]
09-27 14:54:00.136  2249  2249 D QtiSubscriptionController: getPhoneId, received dummy subId 2147483644
09-27 14:54:00.137  2249  2249 D QtiSubscriptionController: getPhoneId, received dummy subId 2147483644
09-27 14:54:00.144  2249  2249 D CdmaSSM : subscriptionSource from settings: 0
09-27 14:54:00.146  2249  2249 D QtiSubscriptionController: getPhoneId, received dummy subId 2147483644
09-27 14:54:00.148  2249  2249 D QtiSubscriptionController: getPhoneId, received dummy subId 2147483644
09-27 14:54:00.150   939  1023 I RILQ    : (1/939):RIL[1][event] qcril_qmi_nas_reset_data_snapshot_cache_and_timer: Resetting snapshot timer
09-27 14:54:00.154  2249  2312 D RILJ    : Unsol response received for UNSOL_RESPONSE_VOICE_NETWORK_STATE_CHANGED Sending ack to ril.cpp [SUB1]
09-27 14:54:00.154  2249  2312 D RILJ    : [UNSL]< UNSOL_RESPONSE_VOICE_NETWORK_STATE_CHANGED [SUB1]
09-27 14:54:00.155  2249  2249 D QtiSubscriptionController: getPhoneId, received dummy subId 2147483644
09-27 14:54:00.156  2249  2262 D QtiSubscriptionController: getPhoneId, received dummy subId 2147483643
09-27 14:54:00.157  2249  2249 D QtiSubscriptionController: getPhoneId, received dummy subId 2147483644
09-27 14:54:00.162  2249  2331 D QtiSubscriptionController: getPhoneId, received dummy subId 2147483643
09-27 14:54:00.163  2249  2249 D CdmaSSM : subscriptionSource from settings: 0
09-27 14:54:00.166  2249  2249 D QtiSubscriptionController: getPhoneId, received dummy subId 2147483644
09-27 14:54:00.167  2249  2249 D QtiSubscriptionController: getPhoneId, received dummy subId 2147483644
09-27 14:54:00.168   939  1023 I RILQ    : (1/939):RIL[1][event] qcril_arb_set_dsd_sys_status: old_pref_data 1966186088 - new_data_pref 1966186032
09-27 14:54:00.168   939  1023 I RILQ    : (1/939):RIL[1][event] qcril_arb_set_dsd_sys_status: preferred dsd_sys_status nw=0x0, rat_value=0x0, so_mask=0x0000000000000000
09-27 14:54:00.170   939  1023 I RILQ    : (1/939):RIL[1][event] qcril_arb_set_dsd_sys_status: old_pref_data 1966186088 - new_data_pref 1966186032
09-27 14:54:00.170   939  1023 I RILQ    : (1/939):RIL[1][event] qcril_arb_set_dsd_sys_status: preferred dsd_sys_status nw=0x0, rat_value=0x0, so_mask=0x0000000000000800
09-27 14:54:00.170   939  1023 I RILQ    : (1/939):RIL[1][event] qcril_arb_set_dsd_sys_status: preferred 1 - dsd_sys_status nw=0x0, rat_value=0x0, so_mask=0x0000000000000800
09-27 14:54:00.170   939  1023 I RILQ    : (1/939):RIL[1][event] qcril_arb_set_dsd_sys_status: is_wwan_available 0
09-27 14:54:00.170   939  1023 I RILQ    : (1/939):RIL[1][event] qcril_qmi_nas_reset_data_snapshot_cache_and_timer: Resetting snapshot timer
09-27 14:54:00.172  2249  2312 D RILJ    : Unsol response received for UNSOL_OEM_HOOK_RAW Sending ack to ril.cpp [SUB1]
09-27 14:54:00.172  2249  2312 V RILJ    : [UNSL]< UNSOL_OEM_HOOK_RAW 514f454d484f4f4bfa0308000100000000 [SUB1]
09-27 14:54:00.174  2249  2249 D CdmaSSM : subscriptionSource from settings: 0
09-27 14:54:00.175  2249  2312 D RILJ    : Unsol response received for UNSOL_RESPONSE_VOICE_NETWORK_STATE_CHANGED Sending ack to ril.cpp [SUB1]
09-27 14:54:00.175  2249  2312 D RILJ    : [UNSL]< UNSOL_RESPONSE_VOICE_NETWORK_STATE_CHANGED [SUB1]
09-27 14:54:00.177  2249  2249 D QtiSubscriptionController: getPhoneId, received dummy subId 2147483644
09-27 14:54:00.178  2249  2249 D QtiSubscriptionController: getPhoneId, received dummy subId 2147483644
09-27 14:54:00.183  2249  2249 D CdmaSSM : subscriptionSource from settings: 0
09-27 14:54:00.183  2249  2331 D QtiSubscriptionController: getPhoneId, received dummy subId 2147483643
09-27 14:54:00.184  2249  2249 D QtiSubscriptionController: getPhoneId, received dummy subId 2147483644
09-27 14:54:00.186  2249  2249 D QtiSubscriptionController: getPhoneId, received dummy subId 2147483644
09-27 14:54:00.190  2249  2249 D QtiGsmDCT: [1]QtiDcTracker handleMessage msg={ when=-1s54ms what=270345 obj=android.os.AsyncResult@7c55695 target=com.qualcomm.qti.internal.telephony.dataconnection.QtiDcTracker }
09-27 14:54:00.190  2249  2249 D QtiGsmDCT: [1]onDataConnectionDetached: stop polling and notify detached
09-27 14:54:00.190  2249  2249 D QtiGsmDCT: [1]stopNetStatPoll
09-27 14:54:00.191  2249  2249 D QtiSubscriptionController: getPhoneId, received dummy subId 2147483644
09-27 14:54:00.192  2249  2249 D QtiGsmDCT: [1]notifyDataConnection: reason=dataDetached
09-27 14:54:00.192  2249  2249 D CdmaSSM : subscriptionSource from settings: 0
09-27 14:54:00.193  2249  2249 D QtiGsmDCT: [1]isDataAllowed: No - SIM not loaded - Not attached
09-27 14:54:00.194  2249  2249 D CdmaSSM : subscriptionSource from settings: 0
09-27 14:54:00.195  2249  2249 D QtiSubscriptionController: getPhoneId, received dummy subId 2147483644
09-27 14:54:00.196  2249  2249 D QtiSubscriptionController: getPhoneId, received dummy subId 2147483644
09-27 14:54:00.201  2249  2249 D CdmaSSM : subscriptionSource from settings: 0
09-27 14:54:00.201  2249  2261 D SubscriptionController: [getPhoneId]- no sims, returning default phoneId=0
09-27 14:54:00.203  2249  2249 D QtiSubscriptionController: getPhoneId, received dummy subId 2147483644
09-27 14:54:00.205  2249  2249 D QtiSubscriptionController: getPhoneId, received dummy subId 2147483644
09-27 14:54:00.207  2249  2332 D SubscriptionController: [getPhoneId]- no sims, returning default phoneId=0
09-27 14:54:00.210  2249  2331 D SubscriptionController: [getPhoneId]- no sims, returning default phoneId=0
09-27 14:54:00.212  2249  2249 D CdmaSSM : subscriptionSource from settings: 0
09-27 14:54:00.213  2249  2261 D SubscriptionController: [getPhoneId]- no sims, returning default phoneId=0
09-27 14:54:00.214  2249  2249 D QtiSubscriptionController: getPhoneId, received dummy subId 2147483644
09-27 14:54:00.216  2249  2249 D QtiSubscriptionController: getPhoneId, received dummy subId 2147483644
09-27 14:54:00.217  2249  2332 D SubscriptionController: [getPhoneId]- no sims, returning default phoneId=0
09-27 14:54:00.221  2249  2249 D CdmaSSM : subscriptionSource from settings: 0
09-27 14:54:00.224  2249  2249 D QtiSubscriptionController: getPhoneId, received dummy subId 2147483644
09-27 14:54:00.226  2249  2249 D QtiSubscriptionController: getPhoneId, received dummy subId 2147483644
09-27 14:54:00.232  2249  2249 D CdmaSSM : subscriptionSource from settings: 0
09-27 14:54:00.234  2249  2249 D QtiSubscriptionController: getPhoneId, received dummy subId 2147483644
09-27 14:54:00.236  2249  2249 D QtiSubscriptionController: getPhoneId, received dummy subId 2147483644
09-27 14:54:00.243  2249  2249 D QtiSubscriptionController: getPhoneId, received dummy subId 2147483644
09-27 14:54:00.244  2249  2249 D QtiSubscriptionController: getPhoneId, received dummy subId 2147483644
09-27 14:54:00.248  2249  2249 D CdmaSSM : subscriptionSource from settings: 0
09-27 14:54:00.250  2249  2249 D QtiSubscriptionController: getPhoneId, received dummy subId 2147483644
09-27 14:54:00.251  2249  2249 D QtiSubscriptionController: getPhoneId, received dummy subId 2147483644
09-27 14:54:00.256  2249  2249 D CdmaSSM : subscriptionSource from settings: 0
09-27 14:54:00.258  2249  2249 D QtiSubscriptionController: getPhoneId, received dummy subId 2147483644
09-27 14:54:00.259  2249  2249 D QtiSubscriptionController: getPhoneId, received dummy subId 2147483644
09-27 14:54:00.264  2249  2249 D CdmaSSM : subscriptionSource from settings: 0
09-27 14:54:00.265  2249  2249 D QtiSubscriptionController: getPhoneId, received dummy subId 2147483644
09-27 14:54:00.266  2249  2249 D QtiSubscriptionController: getPhoneId, received dummy subId 2147483644
09-27 14:54:00.270  2249  2249 D QtiGsmDCT: [1]QtiDcTracker handleMessage msg={ when=-1s134ms what=270348 obj=android.os.AsyncResult@ba573aa target=com.qualcomm.qti.internal.telephony.dataconnection.QtiDcTracker }
09-27 14:54:00.270  2249  2249 D QtiGsmDCT: [1]onRoamingOff
09-27 14:54:00.270  2249  2249 D QtiGsmDCT: [1]setDataProfilesAsNeeded mSetDataProfileStatus: 0
09-27 14:54:00.271  2249  2249 D QtiGsmDCT: [1]notifyDataConnection: reason=roamingOff
09-27 14:54:00.272  2249  2249 D CdmaSSM : subscriptionSource from settings: 0
09-27 14:54:00.273  2249  2249 D QtiGsmDCT: [1]isDataAllowed: No - SIM not loaded - Not attached
09-27 14:54:00.274  2249  2249 D CdmaSSM : subscriptionSource from settings: 0
09-27 14:54:00.275  2249  2249 D QtiSubscriptionController: getPhoneId, received dummy subId 2147483644
09-27 14:54:00.276  2249  2249 D QtiSubscriptionController: getPhoneId, received dummy subId 2147483644
09-27 14:54:00.282  2249  2331 D SubscriptionController: [getPhoneId]- no sims, returning default phoneId=0
09-27 14:54:00.282  2249  2249 D CdmaSSM : subscriptionSource from settings: 0
09-27 14:54:00.284  2249  2249 D QtiSubscriptionController: getPhoneId, received dummy subId 2147483644
09-27 14:54:00.286  2249  2249 D QtiSubscriptionController: getPhoneId, received dummy subId 2147483644
09-27 14:54:00.287  2249  2261 D SubscriptionController: [getPhoneId]- no sims, returning default phoneId=0
09-27 14:54:00.290  2249  2331 D SubscriptionController: [getPhoneId]- no sims, returning default phoneId=0
09-27 14:54:00.291  2249  2249 D CdmaSSM : subscriptionSource from settings: 0
09-27 14:54:00.292  2249  2249 D QtiSubscriptionController: getPhoneId, received dummy subId 2147483644
09-27 14:54:00.293  2249  2261 D SubscriptionController: [getPhoneId]- no sims, returning default phoneId=0
09-27 14:54:00.294  2249  2249 D QtiSubscriptionController: getPhoneId, received dummy subId 2147483644
09-27 14:54:00.296  2249  2332 D SubscriptionController: [getPhoneId]- no sims, returning default phoneId=0
09-27 14:54:00.299  2249  2249 D CdmaSSM : subscriptionSource from settings: 0
09-27 14:54:00.301  2249  2249 D QtiSubscriptionController: getPhoneId, received dummy subId 2147483644
09-27 14:54:00.302  2249  2249 D QtiSubscriptionController: getPhoneId, received dummy subId 2147483644
09-27 14:54:00.307  2249  2249 D CdmaSSM : subscriptionSource from settings: 0
09-27 14:54:00.308  2249  2249 D QtiSubscriptionController: getPhoneId, received dummy subId 2147483644
09-27 14:54:00.310  2249  2249 D QtiSubscriptionController: getPhoneId, received dummy subId 2147483644
09-27 14:54:00.318  2249  2249 D QtiSubscriptionController: getPhoneId, received dummy subId 2147483644
09-27 14:54:00.321  2249  2249 D QtiSubscriptionController: getPhoneId, received dummy subId 2147483644
09-27 14:54:00.328  2249  2249 D CdmaSSM : subscriptionSource from settings: 0
09-27 14:54:00.333  2249  2249 D QtiSubscriptionController: getPhoneId, received dummy subId 2147483644
09-27 14:54:00.336  2249  2249 D QtiSubscriptionController: getPhoneId, received dummy subId 2147483644
09-27 14:54:00.343  2249  2249 D CdmaSSM : subscriptionSource from settings: 0
09-27 14:54:00.345  2249  2249 D QtiSubscriptionController: getPhoneId, received dummy subId 2147483644
09-27 14:54:00.346  2249  2249 D QtiSubscriptionController: getPhoneId, received dummy subId 2147483644
09-27 14:54:00.351  2249  2249 D CdmaSSM : subscriptionSource from settings: 0
09-27 14:54:00.352  2249  2249 D QtiSubscriptionController: getPhoneId, received dummy subId 2147483644
09-27 14:54:00.353  2249  2249 D QtiSubscriptionController: getPhoneId, received dummy subId 2147483644
09-27 14:54:00.358  2249  2249 D QtiGsmDCT: [1]QtiDcTracker handleMessage msg={ when=-1s220ms what=270377 obj=android.os.AsyncResult@e2c3b9b target=com.qualcomm.qti.internal.telephony.dataconnection.QtiDcTracker }
09-27 14:54:00.358  2249  2249 D QtiGsmDCT: [1]setupDataOnConnectableApns: nwTypeChanged emergency:[state=IDLE,enabled=false] mms:[state=IDLE,enabled=false] supl:[state=IDLE,enabled=false] hipri:[state=IDLE,enabled=false] dun:[state=IDLE,enabled=false] fota:[state=IDLE,enabled=false] ims:[state=IDLE,enabled=false] default:[state=IDLE,enabled=false] cbs:[state=IDLE,enabled=false] 
09-27 14:54:00.358  2249  2249 D SubscriptionInfoUpdater: [Receiver]+
09-27 14:54:00.358  2249  2249 D SubscriptionInfoUpdater: Action: android.intent.action.SIM_STATE_CHANGED
09-27 14:54:00.359  2249  2249 D SubscriptionInfoUpdater: slotId: 1
09-27 14:54:00.359  2249  2249 D SubscriptionInfoUpdater: simStatus: NOT_READY
09-27 14:54:00.359  2249  2249 D SubscriptionInfoUpdater: Ignoring simStatus: NOT_READY
09-27 14:54:00.359  2249  2249 D SubscriptionInfoUpdater: [Receiver]-
09-27 14:54:00.360  2249  2249 D PhoneSwitcher: mSimStateIntentReceiver: phoneId = 1 value = NOT_READY
09-27 14:54:00.362  2249  2249 D TelephonyNetworkFactory[0]: onSubIdChange -1->2147483643
09-27 14:54:00.362  2249  2249 D TelephonyNetworkFactory[1]: onSubIdChange -1->2147483644
09-27 14:54:00.363  2249  2249 D TelephonyNetworkFactory[0]: got request NetworkRequest [ REQUEST id=1, [ Capabilities: INTERNET&NOT_RESTRICTED&TRUSTED&NOT_VPN] ] with score 0
09-27 14:54:00.363  2249  2249 D TelephonyNetworkFactory[1]: got request NetworkRequest [ REQUEST id=1, [ Capabilities: INTERNET&NOT_RESTRICTED&TRUSTED&NOT_VPN] ] with score 0
09-27 14:54:00.363  2249  2249 E QtiUiccCardProvisioner: Error: Invalid card index EVENT_ICC_CHANGED 
09-27 14:54:00.365  2249  2249 D DebugService: DebugService DebugService:
09-27 14:54:00.369  2249  2249 D RILJ    : [3719]> RIL_REQUEST_QUERY_TTY_MODE [SUB0]
09-27 14:54:00.373  2249  2249 D RILJ    : [3720]> RIL_REQUEST_QUERY_TTY_MODE [SUB1]
09-27 14:54:00.374  2249  2249 D UiccController: Received EVENT_GET_ICC_STATUS_DONE
09-27 14:54:00.377  2249  2308 D RILJ    : [3719]< RIL_REQUEST_QUERY_TTY_MODE {0} [SUB0]
09-27 14:54:00.377  2249  2312 D RILJ    : [3720]< RIL_REQUEST_QUERY_TTY_MODE {0} [SUB1]
09-27 14:54:00.379  2249  2249 D UiccCard: 0 applications
09-27 14:54:00.379  2249  2249 D UiccCard: Before privilege rules: null : CARDSTATE_ABSENT
09-27 14:54:00.379  2249  2249 D UiccCard: update: radioState=RADIO_ON mLastRadioState=RADIO_UNAVAILABLE
09-27 14:54:00.379  2249  2249 D UiccController: Notifying IccChangedRegistrants
09-27 14:54:00.379  2249  2249 D QtiGsmCdmaPhone: handleMessage: Event: 6
09-27 14:54:00.379  2249  2249 D GsmCdmaPhone: [GsmCdmaPhone] Baseband version: 953_GEN_PACK-1.109133.1.109682.1
09-27 14:54:00.381  2249  2249 D UiccController: Received EVENT_GET_ICC_STATUS_DONE
09-27 14:54:00.381  2249  2249 D UiccCard: 2 applications
09-27 14:54:00.386  2249  2249 D UiccCardApplication: Creating UiccApp: {APPTYPE_USIM,APPSTATE_READY,pin1=PINSTATE_DISABLED,pin2=PINSTATE_ENABLED_NOT_VERIFIED}
09-27 14:54:00.403  2249  2249 W VoiceMailConstants: Can't open /system/etc/voicemail-conf.xml
09-27 14:54:00.404  2249  2249 D SpnOverride: No SPN in OEM image = /oem/telephony/spn-conf.xml Load SPN from system image
09-27 14:54:00.438  2249  2249 D SIMRecords: [SIMRecords] setting0 mMncLength-1
09-27 14:54:00.438  2249  2249 D SIMRecords: [SIMRecords] SIMRecords: onRadioOffOrNotAvailable set 'gsm.sim.operator.numeric' to operator=null
09-27 14:54:00.438  2249  2249 D SIMRecords: [SIMRecords] update icc_operator_numeric=null
09-27 14:54:00.438  2249  2249 D TelephonyManager: setTelephonyProperty: success phoneId=1 property=gsm.sim.operator.numeric value:  propVal=,
09-27 14:54:00.439  2249  2249 D TelephonyManager: setTelephonyProperty: success phoneId=1 property=gsm.sim.operator.alpha value:  propVal=,
09-27 14:54:00.440  2249  2249 D TelephonyManager: setTelephonyProperty: success phoneId=1 property=gsm.sim.operator.iso-country value:  propVal=,
09-27 14:54:00.440  2249  2249 D UiccCardApplication: Notifying 1 registrant: READY
09-27 14:54:00.442  2249  2249 D SIMRecords: [SIMRecords] getOperatorNumeric: IMSI == null
09-27 14:54:00.442  2249  2249 D SIMRecords: [SIMRecords] SIMRecords X ctor this=SimRecords: mDestroyed=false mContext=com.android.phone.PhoneGlobals@3323d6f mCi=com.android.internal.telephony.RIL@aaa61bc mFh=Handler (com.android.internal.telephony.uicc.UsimFileHandler) {df62a7c} mParentApp=com.android.internal.telephony.uicc.UiccCardApplication@aaa0f05 recordsLoadedRegistrants=android.os.RegistrantList@dda1b5a mImsiReadyRegistrants=android.os.RegistrantList@bcf418b mRecordsEventsRegistrants=android.os.RegistrantList@9b97268 mNewSmsRegistrants=android.os.RegistrantList@9419681 mNetworkSelectionModeAutomaticRegistrants=android.os.RegistrantList@58e9326 recordsToLoad=0 adnCache=Handler (com.android.internal.telephony.uicc.AdnRecordCache) {3ee6b67} recordsRequested=false iccid=null msisdnTag=null voiceMailNum=null voiceMailTag=null voiceMailNum=null newVoiceMailTag=null isVoiceMailFixed=false mImsi=null mncLength=-1 mailboxIndex=0 spn=null mVmConfigcom.android.internal.telephony.uicc.VoiceMailConstants@9e74d14 mSpnOverride=mSpnOverride callForwardingEnabled=0 spnState=null mCphsInfo=null mCspPlmnEnabled=true efMWIS=null efCPHS_MWI=null mEfCff=null mEfCfis=null getOperatorNumeric=null
09-27 14:54:00.445  2249  2249 D RILJ    : [3721]> QUERY_FACILITY_LOCK [FD 7 a0000000871002ff86ffff89ffffffff] [SUB1]
09-27 14:54:00.452  2249  2249 D RILJ    : [3722]> QUERY_FACILITY_LOCK [SC 7 a0000000871002ff86ffff89ffffffff] [SUB1]
09-27 14:54:00.454  2249  2249 D UiccCardApplication: Creating UiccApp: {APPTYPE_UNKNOWN,APPSTATE_DETECTED}
09-27 14:54:00.455  2249  2312 D RILJ    : [3722]< QUERY_FACILITY_LOCK {0} [SUB1]
09-27 14:54:00.457  2249  2312 D RILJ    : [3721]< QUERY_FACILITY_LOCK {0} [SUB1]
09-27 14:54:00.468  2249  2249 D CAT     : CatService: registerForRecordsLoaded slotid=1 instance:Handler (com.android.internal.telephony.cat.CatService) {87ae0fe}
09-27 14:54:00.470  2249  2249 D CAT     : CatService: Running CAT service on Slotid: 1. STK app installed:true
09-27 14:54:00.470  2249  2249 D UiccCard: Before privilege rules: null : CARDSTATE_PRESENT
09-27 14:54:00.475  2249  2249 D RILJ    : [3723]> RIL_REQUEST_SIM_OPEN_CHANNEL [SUB1]
09-27 14:54:00.477  2249  2249 D UiccCard: update: radioState=RADIO_ON mLastRadioState=RADIO_UNAVAILABLE
09-27 14:54:00.477  2249  2249 D UiccController: Notifying IccChangedRegistrants
09-27 14:54:00.497   939  1235 E RILQ    : (1/939): RIL[1] qcril_uim_qmi_conv_open_logical_channel_resp: response error: 0x50
09-27 14:54:00.498  2249  2312 D RilRequest: [3723]< RIL_REQUEST_SIM_OPEN_CHANNEL error: com.android.internal.telephony.CommandException: NO_SUCH_ELEMENT ret=
09-27 14:54:00.593  2249  2249 D QtiGsmCdmaPhone: handleMessage: Event: 9
09-27 14:54:00.593  2249  2249 D QtiGsmCdmaPhone: handleMessage: Event: 10
09-27 14:54:00.593  2249  2249 D QtiGsmCdmaPhone: handleMessage: Event: 35
09-27 14:54:00.593  2249  2249 D QtiRadioCapabilityController:  radioCapabilityUpdated phoneId[0] rc = {mPhoneId = 0 mVersion=1 mSession=0 mPhase=0 mRadioAccessFamily=81928 mLogicModemId=0 mStatus=1}
09-27 14:54:00.593  2249  2249 D GsmCdmaPhone: EVENT_GET_RADIO_CAPABILITY: phone rc: {mPhoneId = 0 mVersion=1 mSession=0 mPhase=0 mRadioAccessFamily=81928 mLogicModemId=0 mStatus=1}
09-27 14:54:00.593  2249  2249 D QtiGsmCdmaPhone: handleMessage: Event: 37
09-27 14:54:00.593  2249  2249 D SST     : EVENT_POLL_STATE_NETWORK_SELECTION_MODE
09-27 14:54:00.594  2249  2249 D SST     : handlPollStateResultMessage: GsmSST setDataRegState=1 regState=2 dataRadioTechnology=0
09-27 14:54:00.594  2249  2249 D RILJ    : [3724]> OPERATOR [SUB1]
09-27 14:54:00.598  2249  2249 D RILJ    : [3725]> DATA_REGISTRATION_STATE [SUB1]
09-27 14:54:00.600  2249  2249 D RILJ    : [3726]> VOICE_REGISTRATION_STATE [SUB1]
09-27 14:54:00.600  2249  2312 D RILJ    : [3724]< OPERATOR {null, null, null} [SUB1]
09-27 14:54:00.601   939  2561 I RILQ    : (1/939):RIL[1][cmd-21(136)] qcril_qmi_nas_reset_data_snapshot_cache_and_timer: Resetting snapshot timer
09-27 14:54:00.603  2249  2249 D RILJ    : [3727]> QUERY_NETWORK_SELECTION_MODE [SUB1]
09-27 14:54:00.606   939  2562 I RILQ    : (1/939):RIL[1][cmd-20(848)] qcril_qmi_nas_reset_data_snapshot_cache_and_timer: Resetting snapshot timer
09-27 14:54:00.607  2249  2312 D RILJ    : [3725]< DATA_REGISTRATION_STATE {0, null, null, null, 0, 20, null, 429, 27521057, null, null} [SUB1]
09-27 14:54:00.608  2249  2249 D SST     : EVENT_POLL_STATE_NETWORK_SELECTION_MODE
09-27 14:54:00.610  2249  2312 D RILJ    : [3726]< VOICE_REGISTRATION_STATE {2, null, null, 0, null, null, null, 0, null, null, null, null, null, 0, null} [SUB1]
09-27 14:54:00.611  2249  2312 D RILJ    : [3727]< QUERY_NETWORK_SELECTION_MODE {0} [SUB1]
09-27 14:54:00.615  2249  2249 D QtiSubscriptionController: getPhoneId, received dummy subId 2147483643
09-27 14:54:00.616  2249  2249 D SST     : Poll ServiceState done:  oldSS=[1 1 voice home data home null null null null null null  Unknown Unknown CSS not supported 0 0 RoamInd=0 DefRoamInd=0 EmergOnly=false IsDataRoamingFromRegistration=false IsUsingCarrierAggregation=false mRilImsRadioTechnology=0] newSS=[1 1 voice home data home null null null null null null  Unknown Unknown CSS not supported -1 -1 RoamInd=-1 DefRoamInd=-1 EmergOnly=false IsDataRoamingFromRegistration=false IsUsingCarrierAggregation=false mRilImsRadioTechnology=0] oldMaxDataCalls=1 mNewMaxDataCalls=20 oldReasonDataDenied=-1 mNewReasonDataDenied=-1
09-27 14:54:00.616  2249  2249 D SST     : updateSpnDisplay: radio is on but out of service, set plmn='No service'
09-27 14:54:00.621  2249  2249 D SST     : updateSpnDisplay: changed sending intent rule=0 showPlmn='true' plmn='No service' showSpn='false' spn='' dataSpn='' subId='2147483643'
09-27 14:54:00.626  2249  2249 D SubscriptionController: [setCarrierText]+ text:No service subId:2147483643
09-27 14:54:00.629  2249  2331 D SubscriptionController: [getActiveSubInfoList] Sub Controller not ready
09-27 14:54:00.633  2249  2249 D SubscriptionController: notifySubscriptionInfoChanged:
09-27 14:54:00.634  1774  1785 D TelephonyRegistry: notifySubscriptionInfoChanged: first invocation mRecords.size=22
09-27 14:54:00.641  2249  2331 D SubscriptionController: [getPhoneId]- no sims, returning default phoneId=0
09-27 14:54:00.641  2249  2261 D SubscriptionController: [getActiveSubInfoList] Sub Controller not ready
09-27 14:54:00.641  2249  2262 D SubscriptionController: [getActiveSubInfoList] Sub Controller not ready
09-27 14:54:00.642  2249  2249 D SubscriptionController: [setCarrierText]+ text:No service subId:2147483643
09-27 14:54:00.646  2249  2565 D QtiSubscriptionController: getPhoneId, received dummy subId 2147483643
09-27 14:54:00.647  2249  2249 D SubscriptionController: notifySubscriptionInfoChanged:
09-27 14:54:00.651  2249  2262 D SubscriptionController: [getActiveSubInfoList] Sub Controller not ready
09-27 14:54:00.653  2249  2564 D QtiSubscriptionController: getPhoneId, received dummy subId 2147483643
09-27 14:54:00.654  2249  2261 D SubscriptionController: [getActiveSubInfoList] Sub Controller not ready
09-27 14:54:00.655  2249  2249 D TelephonyManager: setTelephonyProperty: success phoneId=0 property=gsm.operator.alpha value:  propVal=
09-27 14:54:00.656  2249  2249 D TelephonyManager: setTelephonyProperty: success phoneId=0 property=gsm.operator.numeric value:  propVal=
09-27 14:54:00.658  2249  2249 D SST     : operatorNumeric is null
09-27 14:54:00.658  2249  2262 D SubscriptionController: [getPhoneId]- no sims, returning default phoneId=0
09-27 14:54:00.658  2249  2249 D TelephonyManager: setTelephonyProperty: success phoneId=0 property=gsm.operator.iso-country value:  propVal=
09-27 14:54:00.659  2249  2249 D TelephonyManager: setTelephonyProperty: success phoneId=0 property=gsm.operator.isroaming value: false propVal=false
09-27 14:54:00.659  2249  2565 D QtiSubscriptionController: getPhoneId, received dummy subId 2147483643
09-27 14:54:00.660  2249  2249 D SST     : Broadcasting ServiceState : 1 1 voice home data home null null null null null null  Unknown Unknown CSS not supported -1 -1 RoamInd=-1 DefRoamInd=-1 EmergOnly=false IsDataRoamingFromRegistration=false IsUsingCarrierAggregation=false mRilImsRadioTechnology=0
09-27 14:54:00.660  2249  2249 D DefaultPhoneNotifier: nofityServiceState: mRegistry=com.android.internal.telephony.ITelephonyRegistry$Stub$Proxy@f25c375 ss=1 1 voice home data home null null null null null null  Unknown Unknown CSS not supported -1 -1 RoamInd=-1 DefRoamInd=-1 EmergOnly=false IsDataRoamingFromRegistration=false IsUsingCarrierAggregation=false mRilImsRadioTechnology=0 sender=Handler (com.qualcomm.qti.internal.telephony.QtiGsmCdmaPhone) {2438a6d} phondId=0 subId=2147483643
09-27 14:54:00.668  2249  2261 D QtiSubscriptionController: getPhoneId, received dummy subId 2147483643
09-27 14:54:00.670  2249  2249 D QtiSubscriptionController: getPhoneId, received dummy subId 2147483643
09-27 14:54:00.673  2249  2331 D QtiSubscriptionController: getPhoneId, received dummy subId 2147483643
09-27 14:54:00.693   939  1023 I RILQ    : (1/939):RIL[1][event] qcril_qmi_nas_reset_data_snapshot_cache_and_timer: Resetting snapshot timer
09-27 14:54:00.700   939  1023 I RILQ    : (1/939):RIL[1][event] qcril_qmi_nas_reset_data_snapshot_cache_and_timer: Resetting snapshot timer
09-27 14:54:00.702   939  1023 I RILQ    : (1/939):RIL[1][event] qcril_qmi_nas_reset_data_snapshot_cache_and_timer: Resetting snapshot timer
09-27 14:54:00.704   939  1023 I RILQ    : (1/939):RIL[1][event] qcril_qmi_nas_evaluate_custom_emergency_numbers_for_card: cur_status 19712, card_state 3
09-27 14:54:00.704   939  1023 I RILQ    : (1/939):RIL[1][event] qcril_qmi_nas_evaluate_custom_emergency_numbers_for_card: card_mcc 460, card_mnc 02
09-27 14:54:00.706   939  1023 I RILQ    : (1/939):RIL[1][event] qcril_qmi_nas_add_emergency_numbers: matched with source mcc table using IMSI MCC
09-27 14:54:00.706   939  1023 I RILQ    : (1/939):RIL[1][event] qcril_qmi_nas_add_emergency_numbers: matched with source voice table using IMSI MCC
09-27 14:54:00.707   939  1023 I RILQ    : (1/939):RIL[1][event] qcril_qmi_nas_add_emergency_numbers: Update ril ecclist
09-27 14:54:00.707   939  1023 E RILQ    : (1/939): RIL[1][event] get_ecc_property_name: ecc list name : ril.ecclist1.
09-27 14:54:00.708   939  1023 E RILQ    : (1/939): RIL[1][event] get_ecc_property_name: ecc list name : ril.ecclist1.
09-27 14:54:00.709   939  1023 I RILQ    : (1/939):RIL[1][event] qcril_arb_set_dsd_sys_status: old_pref_data 1966186088 - new_data_pref 1966186032
09-27 14:54:00.709   939  1023 I RILQ    : (1/939):RIL[1][event] qcril_arb_set_dsd_sys_status: preferred dsd_sys_status nw=0x0, rat_value=0x3, so_mask=0x0000000000002000
09-27 14:54:00.709   939  1023 I RILQ    : (1/939):RIL[1][event] qcril_arb_set_dsd_sys_status: preferred 1 - dsd_sys_status nw=0x0, rat_value=0x3, so_mask=0x0000000000002000
09-27 14:54:00.709   939  1023 I RILQ    : (1/939):RIL[1][event] qcril_arb_set_dsd_sys_status: is_wwan_available 0
09-27 14:54:00.712   939  1023 I RILQ    : (1/939):RIL[1][event] qcril_qmi_nas_evaluate_custom_emergency_numbers_for_card: cur_status 7424, card_state 3
09-27 14:54:00.712   939  1023 I RILQ    : (1/939):RIL[1][event] qcril_qmi_nas_evaluate_custom_emergency_numbers_for_card: card_mcc 460, card_mnc 02
09-27 14:54:00.713  2249  2312 D RILJ    : Unsol response received for UNSOL_RESPONSE_VOICE_NETWORK_STATE_CHANGED Sending ack to ril.cpp [SUB1]
09-27 14:54:00.713  2249  2312 D RILJ    : [UNSL]< UNSOL_RESPONSE_VOICE_NETWORK_STATE_CHANGED [SUB1]
09-27 14:54:00.713   939  1023 I RILQ    : (1/939):RIL[1][event] qcril_qmi_nas_add_emergency_numbers: matched with source mcc table using IMSI MCC
09-27 14:54:00.714   939  1023 I RILQ    : (1/939):RIL[1][event] qcril_qmi_nas_add_emergency_numbers: matched with source voice table using IMSI MCC
09-27 14:54:00.714   939  1023 I RILQ    : (1/939):RIL[1][event] qcril_qmi_nas_add_emergency_numbers: Update ril ecclist
09-27 14:54:00.714   939  1023 E RILQ    : (1/939): RIL[1][event] get_ecc_property_name: ecc list name : ril.ecclist1.
09-27 14:54:00.715   939  1023 E RILQ    : (1/939): RIL[1][event] get_ecc_property_name: ecc list name : ril.ecclist1.
09-27 14:54:00.716  2249  2312 D RILJ    : Unsol response received for UNSOL_OEM_HOOK_RAW Sending ack to ril.cpp [SUB1]
09-27 14:54:00.716  2249  2312 V RILJ    : [UNSL]< UNSOL_OEM_HOOK_RAW 514f454d484f4f4bfa0308000100000000 [SUB1]
09-27 14:54:00.718  2249  2249 D QtiGsmCdmaPhone: handleMessage: Event: 34
09-27 14:54:00.719  2249  2312 D RILJ    : Unsol response received for UNSOL_RESPONSE_VOICE_NETWORK_STATE_CHANGED Sending ack to ril.cpp [SUB1]
09-27 14:54:00.719  2249  2312 D RILJ    : [UNSL]< UNSOL_RESPONSE_VOICE_NETWORK_STATE_CHANGED [SUB1]
09-27 14:54:00.721  2249  2249 D QtiSubscriptionController: getPhoneId, received dummy subId 2147483643
09-27 14:54:00.722  2249  2312 D RILJ    : Unsol response received for UNSOL_RESPONSE_VOICE_NETWORK_STATE_CHANGED Sending ack to ril.cpp [SUB1]
09-27 14:54:00.722  2249  2312 D RILJ    : [UNSL]< UNSOL_RESPONSE_VOICE_NETWORK_STATE_CHANGED [SUB1]
09-27 14:54:00.722   821  1012 I RILQ    : (0/821):RIL[0][event] qcril_qmi_imsa_service_status_ind_hdlr: VOIP: service_status(not valid): 0, rat(not valid): 0
09-27 14:54:00.722   821  1012 I RILQ    : (0/821):RIL[0][event] qcril_qmi_imsa_service_status_ind_hdlr: VT: service_status(not valid): 0, rat(not valid): 0
09-27 14:54:00.722   821  1012 I RILQ    : (0/821):RIL[0][event] qcril_qmi_imsa_service_status_ind_hdlr: UT: service_status(valid): 2, rat(valid): 1
09-27 14:54:00.722  2249  2249 D SubscriptionController: [getPhoneId]- no sims, returning default phoneId=0
09-27 14:54:00.725  2249  2249 D QtiSubscriptionController: getPhoneId, received dummy subId 2147483643
09-27 14:54:00.726  2249  2249 D SubscriptionController: [getPhoneId]- no sims, returning default phoneId=0
09-27 14:54:00.729  2249  2249 D QtiSubscriptionController: getPhoneId, received dummy subId 2147483643
09-27 14:54:00.731  2249  2249 D SubscriptionController: [getPhoneId]- no sims, returning default phoneId=0
09-27 14:54:00.734  2249  2249 D QtiSubscriptionController: getPhoneId, received dummy subId 2147483643
09-27 14:54:00.735  2249  2249 D SubscriptionController: [getPhoneId]- no sims, returning default phoneId=0
09-27 14:54:00.738  2249  2249 D QtiSubscriptionController: getPhoneId, received dummy subId 2147483643
09-27 14:54:00.739  2249  2249 D SubscriptionController: [getPhoneId]- no sims, returning default phoneId=0
09-27 14:54:00.741  2249  2249 D QtiSubscriptionController: getPhoneId, received dummy subId 2147483643
09-27 14:54:00.741  2249  2249 D SubscriptionController: [getPhoneId]- no sims, returning default phoneId=0
09-27 14:54:00.743  2249  2249 D QtiSubscriptionController: getPhoneId, received dummy subId 2147483643
09-27 14:54:00.744  2249  2249 D SubscriptionController: [getPhoneId]- no sims, returning default phoneId=0
09-27 14:54:00.746  2249  2249 D QtiSubscriptionController: getPhoneId, received dummy subId 2147483643
09-27 14:54:00.747  2249  2249 D SubscriptionController: [getPhoneId]- no sims, returning default phoneId=0
09-27 14:54:00.750  2249  2249 D RILJ    : [3732]> RIL_REQUEST_IMS_REGISTRATION_STATE [SUB1]
09-27 14:54:00.752  2249  2249 D RILJ    : [3733]> RIL_REQUEST_IMS_REGISTRATION_STATE [SUB1]
09-27 14:54:00.753   939  1023 I RILQ    : (1/939):RIL[1][event] qcril_qmi_nas_evaluate_custom_emergency_numbers_for_card: cur_status 7424, card_state 3
09-27 14:54:00.753   939  1023 I RILQ    : (1/939):RIL[1][event] qcril_qmi_nas_evaluate_custom_emergency_numbers_for_card: card_mcc 460, card_mnc 02
09-27 14:54:00.755  2249  2249 D QtiSubscriptionController: getPhoneId, received dummy subId 2147483643
09-27 14:54:00.755  2249  2312 D RILJ    : Unsol response received for UNSOL_NITZ_TIME_RECEIVED Sending ack to ril.cpp [SUB1]
09-27 14:54:00.755  2249  2312 D RILJ    : [UNSL]< UNSOL_NITZ_TIME_RECEIVED 17/09/27,06:54:02+32,00 [SUB1]
09-27 14:54:00.757  2249  2249 D SubscriptionController: [getPhoneId]- no sims, returning default phoneId=0
09-27 14:54:00.757   939  1023 I RILQ    : (1/939):RIL[1][event] qcril_qmi_nas_add_emergency_numbers: matched with source mcc table using IMSI MCC
09-27 14:54:00.758  2249  2312 D RILJ    : [3732]< RIL_REQUEST_IMS_REGISTRATION_STATE {0, 1} [SUB1]
09-27 14:54:00.758   939  1023 I RILQ    : (1/939):RIL[1][event] qcril_qmi_nas_add_emergency_numbers: matched with source voice table using IMSI MCC
09-27 14:54:00.758  2249  2312 D RILJ    : [3733]< RIL_REQUEST_IMS_REGISTRATION_STATE {0, 1} [SUB1]
09-27 14:54:00.758   939  1023 I RILQ    : (1/939):RIL[1][event] qcril_qmi_nas_add_emergency_numbers: Update ril ecclist
09-27 14:54:00.759   939  1023 E RILQ    : (1/939): RIL[1][event] get_ecc_property_name: ecc list name : ril.ecclist1.
09-27 14:54:00.760   939  1023 E RILQ    : (1/939): RIL[1][event] get_ecc_property_name: ecc list name : ril.ecclist1.
09-27 14:54:00.761  2249  2249 D QtiSubscriptionController: getPhoneId, received dummy subId 2147483643
09-27 14:54:00.762  2249  2249 D SubscriptionController: [getPhoneId]- no sims, returning default phoneId=0
09-27 14:54:00.762   939  1023 I RILQ    : (1/939):RIL[1][event] qcril_qmi_imsa_service_status_ind_hdlr: VOIP: service_status(not valid): 0, rat(not valid): 0
09-27 14:54:00.762   939  1023 I RILQ    : (1/939):RIL[1][event] qcril_qmi_imsa_service_status_ind_hdlr: VT: service_status(not valid): 0, rat(not valid): 0
09-27 14:54:00.762   939  1023 I RILQ    : (1/939):RIL[1][event] qcril_qmi_imsa_service_status_ind_hdlr: UT: service_status(valid): 2, rat(valid): 1
09-27 14:54:00.764  2249  2249 D QtiSubscriptionController: getPhoneId, received dummy subId 2147483643
09-27 14:54:00.769  2249  2249 D SubscriptionController: [getPhoneId]- no sims, returning default phoneId=0
09-27 14:54:00.772  2249  2249 D QtiSubscriptionController: getPhoneId, received dummy subId 2147483643
09-27 14:54:00.774  2249  2249 D SubscriptionController: [getPhoneId]- no sims, returning default phoneId=0
09-27 14:54:00.776  2249  2249 D QtiSubscriptionController: getPhoneId, received dummy subId 2147483643
09-27 14:54:00.777  2249  2249 D SubscriptionController: [getPhoneId]- no sims, returning default phoneId=0
09-27 14:54:00.783  2249  2249 D QtiSubscriptionController: getPhoneId, received dummy subId 2147483643
09-27 14:54:00.784  2249  2249 D SubscriptionController: [getPhoneId]- no sims, returning default phoneId=0
09-27 14:54:00.787  2249  2249 D QtiSubscriptionController: getPhoneId, received dummy subId 2147483643
09-27 14:54:00.788  2249  2249 D SubscriptionController: [getPhoneId]- no sims, returning default phoneId=0
09-27 14:54:00.791  2249  2249 D QtiSubscriptionController: getPhoneId, received dummy subId 2147483643
09-27 14:54:00.793  2249  2249 D SubscriptionController: [getPhoneId]- no sims, returning default phoneId=0
09-27 14:54:00.795  2249  2249 D QtiSubscriptionController: getPhoneId, received dummy subId 2147483643
09-27 14:54:00.796  2249  2249 D SubscriptionController: [getPhoneId]- no sims, returning default phoneId=0
