09-27 14:53:28.336   821   821 D RILD    : **RIL Daemon Started**
09-27 14:53:28.337   821   821 D RILD    : **RILd param count=1**
09-27 14:53:28.904   939   939 D RILD    : **RIL Daemon Started**
09-27 14:53:28.904   939   939 D RILD    : **RILd param count=3**
09-27 14:53:29.027   821   821 I chatty  : uid=1001(radio) /system/bin/rild expire 16 lines
09-27 14:53:29.297   939   939 I chatty  : uid=1001(radio) /system/bin/rild expire 17 lines
09-27 14:53:29.838   939   989 I chatty  : uid=1001(radio) /system/bin/rild expire 19 lines
09-27 14:53:29.845   939  1071 I chatty  : uid=1001(radio) /system/bin/rild expire 4 lines
09-27 14:53:30.259   821  1152 I chatty  : uid=1001(radio) /system/bin/rild expire 4 lines
09-27 14:53:30.261   821   965 I chatty  : uid=1001(radio) /system/bin/rild expire 18 lines
09-27 14:53:30.347   821  1185 I chatty  : uid=1001(radio) /system/bin/rild expire 130 lines
09-27 14:53:30.485   821  1012 I chatty  : uid=1001(radio) /system/bin/rild expire 14 lines
09-27 14:53:30.748   939  1023 I chatty  : uid=1001(radio) /system/bin/rild expire 15 lines
09-27 14:53:30.925   821  1186 I chatty  : uid=1001(radio) /system/bin/rild expire 2 lines
09-27 14:53:34.116   770   770 D TelephonyManager: No /proc/cmdline exception=java.io.FileNotFoundException: /proc/cmdline (Permission denied)
09-27 14:53:34.117   770   770 D TelephonyManager: /proc/cmdline=
09-27 14:53:34.328   771   771 D TelephonyManager: No /proc/cmdline exception=java.io.FileNotFoundException: /proc/cmdline (Permission denied)
09-27 14:53:34.328   771   771 D TelephonyManager: /proc/cmdline=
09-27 14:53:56.727  1774  1786 D TelephonyRegistry: listen oscl: hasNotifySubscriptionInfoChangedOccurred==false no callback
09-27 14:53:57.668  1774  1774 D TelephonyRegistry: listen oscl: hasNotifySubscriptionInfoChangedOccurred==false no callback
09-27 14:53:57.707  1774  1787 D TelephonyRegistry: listen oscl: hasNotifySubscriptionInfoChangedOccurred==false no callback
09-27 14:53:57.810  1774  1774 D TelephonyRegistry: systemRunning register for intents
09-27 14:53:58.243  1774  2279 D TelephonyRegistry: listen oscl: hasNotifySubscriptionInfoChangedOccurred==false no callback
09-27 14:53:58.340  2249  2249 I chatty  : uid=1001(radio) com.android.phone expire 11 lines
09-27 14:53:58.419   821   965 I chatty  : uid=1001(radio) /system/bin/rild expire 2 lines
09-27 14:53:58.420  2249  2308 I chatty  : uid=1001(radio) RILReceiver0 expire 27 lines
09-27 14:53:58.427  2249  2249 I chatty  : uid=1001(radio) com.android.phone expire 160 lines
09-27 14:53:58.433   939   989 I chatty  : uid=1001(radio) /system/bin/rild expire 2 lines
09-27 14:53:58.434  2249  2312 I chatty  : uid=1001(radio) RILReceiver1 expire 29 lines
09-27 14:53:58.473   821  1012 I chatty  : uid=1001(radio) /system/bin/rild expire 5 lines
09-27 14:53:58.477   939  1023 I chatty  : uid=1001(radio) /system/bin/rild expire 5 lines
09-27 14:53:58.645  2249  2325 I chatty  : uid=1001(radio) GsmInboundSmsHa expire 5 lines
09-27 14:53:58.645  2249  2328 I chatty  : uid=1001(radio) CdmaInboundSmsH expire 5 lines
09-27 14:53:58.667  2249  2261 I chatty  : uid=1001(radio) Binder:2249_1 expire 3 lines
09-27 14:53:58.670  2249  2262 I chatty  : uid=1001(radio) Binder:2249_2 expire 2 lines
09-27 14:53:58.713  1774  1785 D TelephonyRegistry: listen oscl: hasNotifySubscriptionInfoChangedOccurred==false no callback
09-27 14:53:58.781  1774  2279 D TelephonyRegistry: listen oscl: hasNotifySubscriptionInfoChangedOccurred==false no callback
09-27 14:53:58.797  2249  2331 I chatty  : uid=1001(radio) Binder:2249_3 expire 2 lines
09-27 14:53:58.797  1774  1981 D TelephonyRegistry: listen oscl: hasNotifySubscriptionInfoChangedOccurred==false no callback
09-27 14:53:58.807  2249  2335 I chatty  : uid=1001(radio) DcHandlerThread expire 3 lines
09-27 14:53:59.055  2249  2406 I chatty  : uid=1001(radio) GsmInboundSmsHa expire 5 lines
09-27 14:53:59.056  2249  2418 I chatty  : uid=1001(radio) CdmaInboundSmsH expire 5 lines
09-27 14:53:59.079  1774  2069 D TelephonyRegistry: listen oscl: hasNotifySubscriptionInfoChangedOccurred==false no callback
09-27 14:53:59.105  2249  2249 I chatty  : uid=1001(radio) com.android.phone expire 175 lines
09-27 14:53:59.127  1774  1886 D TelephonyRegistry: listen oscl: hasNotifySubscriptionInfoChangedOccurred==false no callback
09-27 14:53:59.133  2249  2434 I chatty  : uid=1001(radio) DcHandlerThread expire 3 lines
09-27 14:53:59.251  2249  2261 I chatty  : uid=1001(radio) Binder:2249_1 expire 4 lines
09-27 14:53:59.353  1774  1886 D TelephonyRegistry: listen oscl: hasNotifySubscriptionInfoChangedOccurred==false no callback
09-27 14:53:59.361  1774  1786 D TelephonyRegistry: listen oscl: hasNotifySubscriptionInfoChangedOccurred==false no callback
09-27 14:53:59.374  1774  1774 D TelephonyRegistry: notifyCellLocationForSubscriber: subId=0 cellLocation=Bundle[{cid=-1, lac=-1, psc=-1}]
09-27 14:53:59.376  2249  2262 I chatty  : uid=1001(radio) Binder:2249_2 expire 3 lines
09-27 14:53:59.382  1774  1774 D TelephonyRegistry: notifyCellLocationForSubscriber: subId=1 cellLocation=Bundle[{cid=-1, lac=-1, psc=-1}]
09-27 14:53:59.383  2249  2331 I chatty  : uid=1001(radio) Binder:2249_3 expire 3 lines
09-27 14:53:59.408  1774  1981 D TelephonyRegistry: listen oscl: hasNotifySubscriptionInfoChangedOccurred==false no callback
09-27 14:53:59.436  1774  2279 D TelephonyRegistry: listen oscl: hasNotifySubscriptionInfoChangedOccurred==false no callback
09-27 14:53:59.491  2249  2308 I chatty  : uid=1001(radio) RILReceiver0 expire 17 lines
09-27 14:53:59.493  1774  1786 D TelephonyRegistry: listen oscl: hasNotifySubscriptionInfoChangedOccurred==false no callback
09-27 14:53:59.496  2249  2312 I chatty  : uid=1001(radio) RILReceiver1 expire 8 lines
09-27 14:53:59.536   821  2484 I chatty  : uid=1001(radio) /system/bin/rild expire 1 line
09-27 14:53:59.539   821  2485 I chatty  : uid=1001(radio) /system/bin/rild expire 1 line
09-27 14:53:59.541   821  1012 I chatty  : uid=1001(radio) /system/bin/rild expire 12 lines
09-27 14:53:59.544   939  1023 I chatty  : uid=1001(radio) /system/bin/rild expire 23 lines
09-27 14:53:59.548   821  2488 I chatty  : uid=1001(radio) /system/bin/rild expire 1 line
09-27 14:53:59.553   821  2489 I chatty  : uid=1001(radio) /system/bin/rild expire 1 line
09-27 14:53:59.569  2249  2332 I chatty  : uid=1001(radio) Binder:2249_4 expire 6 lines
09-27 14:53:59.723  2249  2249 I chatty  : uid=1001(radio) com.android.phone expire 199 lines
09-27 14:53:59.772  2249  2262 I chatty  : uid=1001(radio) Binder:2249_2 expire 8 lines
09-27 14:53:59.775  2249  2261 I chatty  : uid=1001(radio) Binder:2249_1 expire 6 lines
09-27 14:53:59.778  2249  2331 I chatty  : uid=1001(radio) Binder:2249_3 expire 6 lines
09-27 14:53:59.934  2249  2312 I chatty  : uid=1001(radio) RILReceiver1 expire 22 lines
09-27 14:53:59.954  2249  2308 I chatty  : uid=1001(radio) RILReceiver0 expire 6 lines
09-27 14:53:59.960   939  2519 I chatty  : uid=1001(radio) /system/bin/rild expire 1 line
09-27 14:53:59.962   939  2518 I chatty  : uid=1001(radio) /system/bin/rild expire 1 line
09-27 14:53:59.973   939  2523 I chatty  : uid=1001(radio) /system/bin/rild expire 1 line
09-27 14:53:59.978   939  2524 I chatty  : uid=1001(radio) /system/bin/rild expire 1 line
09-27 14:54:00.130   939  1023 I chatty  : uid=1001(radio) /system/bin/rild expire 30 lines
09-27 14:54:00.148  2249  2249 I chatty  : uid=1001(radio) com.android.phone expire 172 lines
09-27 14:54:00.154  2249  2312 I chatty  : uid=1001(radio) RILReceiver1 expire 22 lines
09-27 14:54:00.156  2249  2262 I chatty  : uid=1001(radio) Binder:2249_2 expire 4 lines
09-27 14:54:00.162  2249  2331 I chatty  : uid=1001(radio) Binder:2249_3 expire 8 lines
09-27 14:54:00.201  2249  2261 I chatty  : uid=1001(radio) Binder:2249_1 expire 7 lines
09-27 14:54:00.207  2249  2332 I chatty  : uid=1001(radio) Binder:2249_4 expire 3 lines
09-27 14:54:00.377  2249  2308 I chatty  : uid=1001(radio) RILReceiver0 expire 1 line
09-27 14:54:00.497   939  1235 I chatty  : uid=1001(radio) /system/bin/rild expire 1 line
09-27 14:54:00.601   939  2561 I chatty  : uid=1001(radio) /system/bin/rild expire 1 line
09-27 14:54:00.606   939  2562 I chatty  : uid=1001(radio) /system/bin/rild expire 1 line
09-27 14:54:00.634  1774  1785 D TelephonyRegistry: notifySubscriptionInfoChanged: first invocation mRecords.size=22
09-27 14:54:00.646  2249  2565 I chatty  : uid=1001(radio) Binder:2249_6 expire 2 lines
09-27 14:54:00.653  2249  2564 I chatty  : uid=1001(radio) Binder:2249_5 expire 1 line
09-27 14:54:00.722   821  1012 I chatty  : uid=1001(radio) /system/bin/rild expire 3 lines
09-27 14:54:00.753   939  1023 I chatty  : uid=1001(radio) /system/bin/rild expire 10 lines
09-27 14:54:00.755  2249  2249 I chatty  : uid=1001(radio) com.android.phone expire 188 lines
09-27 14:54:00.755  2249  2312 I chatty  : uid=1001(radio) RILReceiver1 expire 25 lines
09-27 14:54:00.918   821  1226 I chatty  : uid=1001(radio) /system/bin/rild expire 6 lines
09-27 14:54:00.932   821  2601 I chatty  : uid=1001(radio) /system/bin/rild expire 1 line
09-27 14:54:00.936  2249  2308 I chatty  : uid=1001(radio) RILReceiver0 expire 8 lines
09-27 14:54:00.940   821  2602 I chatty  : uid=1001(radio) /system/bin/rild expire 1 line
09-27 14:54:00.949   821   965 I chatty  : uid=1001(radio) /system/bin/rild expire 1 line
09-27 14:54:00.954   821  2604 I chatty  : uid=1001(radio) /system/bin/rild expire 2 lines
09-27 14:54:00.999   939  1269 I chatty  : uid=1001(radio) /system/bin/rild expire 4 lines
09-27 14:54:01.611  2249  2324 I chatty  : uid=1001(radio) GsmCellBroadcas expire 1 line
09-27 14:54:01.631  2249  2327 I chatty  : uid=1001(radio) CellBroadcastHa expire 1 line
09-27 14:54:01.642  2249  2329 I chatty  : uid=1001(radio) CdmaServiceCate expire 1 line
09-27 14:54:02.019  2249  2403 I chatty  : uid=1001(radio) GsmCellBroadcas expire 1 line
09-27 14:54:02.043  2249  2413 I chatty  : uid=1001(radio) CellBroadcastHa expire 1 line
09-27 14:54:02.056  2249  2421 I chatty  : uid=1001(radio) CdmaServiceCate expire 1 line
09-27 14:54:02.609   939   989 I chatty  : uid=1001(radio) /system/bin/rild expire 1 line
09-27 14:54:02.824  2249  2332 I chatty  : uid=1001(radio) Binder:2249_4 expire 1 line
09-27 14:54:03.061  2249  2261 I chatty  : uid=1001(radio) Binder:2249_1 expire 1 line
09-27 14:54:03.359  2249  2249 D SubscriptionController: [getPhoneId]- no sims, returning default phoneId=0
09-27 14:54:03.360  2249  2249 D QtiSubscriptionController: getPhoneId, received dummy subId 2147483644
09-27 14:54:03.361  2249  2249 D SubscriptionController: [getPhoneId]- no sims, returning default phoneId=0
09-27 14:54:03.362  2249  2249 D QtiSubscriptionController: getPhoneId, received dummy subId 2147483644
09-27 14:54:03.362  2249  2249 D SubscriptionController: [getPhoneId]- no sims, returning default phoneId=0
09-27 14:54:03.363  2249  2249 D QtiSubscriptionController: getPhoneId, received dummy subId 2147483644
09-27 14:54:03.364  2249  2249 D SubscriptionController: [getPhoneId]- no sims, returning default phoneId=0
09-27 14:54:03.365  2249  2249 D QtiSubscriptionController: getPhoneId, received dummy subId 2147483644
09-27 14:54:03.366  2249  2249 D SubscriptionController: [getPhoneId]- no sims, returning default phoneId=0
09-27 14:54:03.367  2249  2249 D QtiSubscriptionController: getPhoneId, received dummy subId 2147483644
09-27 14:54:03.367  2249  2249 D SubscriptionController: [getPhoneId]- no sims, returning default phoneId=0
09-27 14:54:03.368  2249  2249 D QtiSubscriptionController: getPhoneId, received dummy subId 2147483644
09-27 14:54:03.369  2249  2249 D SubscriptionController: [getPhoneId]- no sims, returning default phoneId=0
09-27 14:54:03.369  2249  2249 D QtiSubscriptionController: getPhoneId, received dummy subId 2147483644
09-27 14:54:03.370  2249  2249 D SubscriptionController: [getPhoneId]- no sims, returning default phoneId=0
09-27 14:54:03.370  2249  2249 D PhoneSwitcher: handle event - 103
09-27 14:54:03.374  2249  2249 D PhoneSwitcher: evaluating due to netRequest default 0->1 phone[0] 0->2147483643 phone[1] 0->2147483644
09-27 14:54:03.375  2249  2249 D PhoneSwitcher: default subId = 1
09-27 14:54:03.376  2249  2249 D PhoneSwitcher:  phone[0] using sub[2147483643]
09-27 14:54:03.377  2249  2249 D PhoneSwitcher:  phone[1] using sub[2147483644]
09-27 14:54:03.378  2249  2249 D PhoneSwitcher:  newActivePhones:
09-27 14:54:03.379  2249  2249 D SubscriptionController: [getPhoneId]- no sims, returning default phoneId=0
09-27 14:54:03.379  2249  2249 D PhoneSwitcher: InformDdsToRil rild= 0, DDS=0
09-27 14:54:03.383   821  1226 E RILQ    : (0/821): RIL[0][oem_socket0] void qcril_qmi_generic_socket_agent::recv_thread_func(): read 4 bytes length message with length 32
09-27 14:54:03.383   821  1226 E RILQ    : (0/821): RIL[0][oem_socket0] qmi_ril_parse_oem_hook_header: Received un-handled/oem command id = 524327
09-27 14:54:03.386  2249  2249 D PhoneSwitcher: InformDdsToRil rild= 1, DDS=0
09-27 14:54:03.434  2249  2262 D SubscriptionController: [getPhoneId]- no sims, returning default phoneId=0
09-27 14:54:03.442  2249  2564 D SubscriptionController: [getPhoneId]- no sims, returning default phoneId=0
09-27 14:54:03.447  2249  2332 D SubscriptionController: [getPhoneId]- no sims, returning default phoneId=0
09-27 14:54:03.448  2249  2261 D SubscriptionController: [getPhoneId]- no sims, returning default phoneId=0
09-27 14:54:03.463  2249  2331 D SubscriptionController: [getPhoneId]- no sims, returning default phoneId=0
09-27 14:54:03.465  2249  2565 D SubscriptionController: [getPhoneId]- no sims, returning default phoneId=0
09-27 14:54:03.467  2249  2262 D SubscriptionController: [getPhoneId]- no sims, returning default phoneId=0
09-27 14:54:03.469  2249  2564 D SubscriptionController: [getPhoneId]- no sims, returning default phoneId=0
09-27 14:54:03.474  2249  2332 D SubscriptionController: [getPhoneId]- no sims, returning default phoneId=0
09-27 14:54:03.477  2249  2261 D SubscriptionController: [getPhoneId]- no sims, returning default phoneId=0
09-27 14:54:03.479  2249  2331 D SubscriptionController: [getPhoneId]- no sims, returning default phoneId=0
09-27 14:54:03.481  2249  2565 D SubscriptionController: [getPhoneId]- no sims, returning default phoneId=0
09-27 14:54:03.991   939  1269 E RILQ    : (1/939): RIL[1][oem_socket1] void qcril_qmi_generic_socket_agent::recv_thread_func(): read 4 bytes length message with length 32
09-27 14:54:03.991   939  1269 E RILQ    : (1/939): RIL[1][oem_socket1] qmi_ril_parse_oem_hook_header: Received un-handled/oem command id = 524327
09-27 14:54:03.996  2249  2249 D TelephonyNetworkFactory[0]: not acting - isApp=false, isAct=false NetworkRequest [ REQUEST id=1, [ Capabilities: INTERNET&NOT_RESTRICTED&TRUSTED&NOT_VPN] ]
09-27 14:54:03.998  2249  2249 D TelephonyNetworkFactory[1]: not acting - isApp=false, isAct=false NetworkRequest [ REQUEST id=1, [ Capabilities: INTERNET&NOT_RESTRICTED&TRUSTED&NOT_VPN] ]
09-27 14:54:03.998  2249  2249 D QtiGsmCdmaPhone: handleMessage: Event: 30
09-27 14:54:03.998  2249  2249 D GsmSMSDispatcher: GsmSMSDispatcher: subId = 2147483643 slotId = 0
09-27 14:54:03.998  2249  2249 D IccCardProxy: Icc changed. Reregestering.
09-27 14:54:03.999  2249  2249 E IccCardProxy: setExternalState: set mPhoneId=0 mExternalState=ABSENT
09-27 14:54:03.999  2249  2249 D TelephonyManager: setTelephonyProperty: success phoneId=0 property=gsm.sim.state value: ABSENT propVal=ABSENT,NOT_READY
09-27 14:54:04.011  2249  2249 D IccCardProxy: broadcastIccStateChangedIntent intent ACTION_SIM_STATE_CHANGED value=ABSENT reason=null for mPhoneId=0
09-27 14:54:04.154  2249  2249 D QtiGsmDCT: [0]QtiDcTracker handleMessage msg={ when=-3s775ms what=270369 obj=android.os.AsyncResult@79f85ae target=com.qualcomm.qti.internal.telephony.dataconnection.QtiDcTracker }
09-27 14:54:04.154  2249  2249 D QtiGsmCdmaPhone: handleMessage: Event: 30
09-27 14:54:04.154  2249  2249 D GsmCdmaPhone: [GsmCdmaPhone] New Uicc application found. type = APPTYPE_USIM
09-27 14:54:04.155  2249  2249 D SIMRecords: [SIMRecords] getOperatorNumeric: IMSI == null
09-27 14:54:04.155  2249  2249 D GsmCdmaPhone: [GsmCdmaPhone] mIccRecords = SimRecords: mDestroyed=false mContext=com.android.phone.PhoneGlobals@3323d6f mCi=com.android.internal.telephony.RIL@aaa61bc mFh=Handler (com.android.internal.telephony.uicc.UsimFileHandler) {df62a7c} mParentApp=com.android.internal.telephony.uicc.UiccCardApplication@aaa0f05 recordsLoadedRegistrants=android.os.RegistrantList@dda1b5a mImsiReadyRegistrants=android.os.RegistrantList@bcf418b mRecordsEventsRegistrants=android.os.RegistrantList@9b97268 mNewSmsRegistrants=android.os.RegistrantList@9419681 mNetworkSelectionModeAutomaticRegistrants=android.os.RegistrantList@58e9326 recordsToLoad=0 adnCache=Handler (com.android.internal.telephony.uicc.AdnRecordCache) {3ee6b67} recordsRequested=false iccid=null msisdnTag=null voiceMailNum=null voiceMailTag=null voiceMailNum=null newVoiceMailTag=null isVoiceMailFixed=false mImsi=null mncLength=-1 mailboxIndex=0 spn=null mVmConfigcom.android.internal.telephony.uicc.VoiceMailConstants@9e74d14 mSpnOverride=mSpnOverride callForwardingEnabled=0 spnState=null mCphsInfo=null mCspPlmnEnabled=true efMWIS=null efCPHS_MWI=null mEfCff=null mEfCfis=null getOperatorNumeric=null
09-27 14:54:04.155  2249  2249 D GsmSMSDispatcher: GsmSMSDispatcher: subId = 2147483644 slotId = 1
09-27 14:54:04.155  2249  2249 D GsmSMSDispatcher: New Uicc application found
09-27 14:54:04.156  2249  2249 D IccCardProxy: Icc changed. Reregestering.
09-27 14:54:04.156  2249  2249 D UiccCardApplication: Notifying 1 registrant: READY
09-27 14:54:04.156  2249  2249 E IccCardProxy: setExternalState: set mPhoneId=1 mExternalState=READY
09-27 14:54:04.156  2249  2249 D TelephonyManager: setTelephonyProperty: success phoneId=1 property=gsm.sim.state value: READY propVal=ABSENT,READY
09-27 14:54:04.164  2249  2249 D IccCardProxy: broadcastIccStateChangedIntent intent ACTION_SIM_STATE_CHANGED value=READY reason=null for mPhoneId=1
09-27 14:54:04.445  2249  2261 D SubscriptionController: [getPhoneId]- no sims, returning default phoneId=0
09-27 14:54:04.602  2249  2332 D SubscriptionController: [getActiveSubInfoList] Sub Controller not ready
09-27 14:54:04.638  2249  2249 D SST     : New card found
09-27 14:54:04.638  2249  2249 D UiccCardApplication: Notifying 1 registrant: READY
09-27 14:54:04.638  2249  2249 D QtiGsmDCT: [1]QtiDcTracker handleMessage msg={ when=-4s259ms what=270369 obj=android.os.AsyncResult@c3b1f4f target=com.qualcomm.qti.internal.telephony.dataconnection.QtiDcTracker }
09-27 14:54:04.639  2249  2249 D QtiUiccCardProvisioner: updateIccAvailability, card state[0] = CARDSTATE_ABSENT
09-27 14:54:04.639  2249  2249 D SIMRecords: [SIMRecords] fetchSimRecords 0
09-27 14:54:04.639  2249  2249 D RILJ    : [3763]> getIMSI: GET_IMSI aid: a0000000871002ff86ffff89ffffffff [SUB1]
09-27 14:54:04.647  2249  2249 D RILJ    : [3764]> iccIO: SIM_IO 0xc0 0x2fe2  path: 3F00,0,0,15 aid: a0000000871002ff86ffff89ffffffff [SUB1]
09-27 14:54:04.651  2249  2249 D RILJ    : [3765]> iccIO: SIM_IO 0xc0 0x6f40  path: 3F007FFF,0,0,15 aid: a0000000871002ff86ffff89ffffffff [SUB1]
09-27 14:54:04.653  2249  2249 D RILJ    : [3766]> iccIO: SIM_IO 0xc0 0x6fc9  path: 3F007FFF,0,0,15 aid: a0000000871002ff86ffff89ffffffff [SUB1]
09-27 14:54:04.655  2249  2249 D RILJ    : [3767]> iccIO: SIM_IO 0xc0 0x6fad  path: 3F007FFF,0,0,15 aid: a0000000871002ff86ffff89ffffffff [SUB1]
09-27 14:54:04.657  2249  2249 D RILJ    : [3768]> iccIO: SIM_IO 0xc0 0x6fca  path: 3F007FFF,0,0,15 aid: a0000000871002ff86ffff89ffffffff [SUB1]
09-27 14:54:04.660   939  1023 I RILQ    : (1/939):RIL[1][event] qcril_qmi_nas_evaluate_custom_emergency_numbers_for_card: cur_status 0, card_state 3
09-27 14:54:04.660   939  1023 I RILQ    : (1/939):RIL[1][event] qcril_qmi_nas_evaluate_custom_emergency_numbers_for_card: card_mcc 460, card_mnc 02
09-27 14:54:04.662  2249  2312 D RILJ    : [3763]< GET_IMSI  [SUB1]
09-27 14:54:04.663   939  1023 I RILQ    : (1/939):RIL[1][event] qcril_qmi_nas_evaluate_custom_emergency_numbers_for_card: imsi fetch attempt ril 0
09-27 14:54:04.663   939  1023 E RILQ    : (1/939): RIL[1][event] get_ecc_property_name: ecc list name : ril.ecclist1.
09-27 14:54:04.664  2249  2249 D RILJ    : [3769]> iccIO: SIM_IO 0xc0 0x6f11  path: 3F007FFF,0,0,15 aid: a0000000871002ff86ffff89ffffffff [SUB1]
09-27 14:54:04.671  2249  2249 D RILJ    : [3770]> iccIO: SIM_IO 0xc0 0x6fcb  path: 3F007FFF,0,0,15 aid: a0000000871002ff86ffff89ffffffff [SUB1]
09-27 14:54:04.676  2249  2249 D RILJ    : [3771]> iccIO: SIM_IO 0xc0 0x6f13  path: 3F007FFF,0,0,15 aid: a0000000871002ff86ffff89ffffffff [SUB1]
09-27 14:54:04.685  2249  2312 D RILJ    : [3764]< SIM_IO IccIoResult sw1:0x90 sw2:0x0 [SUB1]
09-27 14:54:04.686  2249  2249 D RILJ    : [3772]> iccIO: SIM_IO 0xc0 0x6f46  path: 3F007FFF,0,0,15 aid: a0000000871002ff86ffff89ffffffff [SUB1]
09-27 14:54:04.689  2249  2249 D RILJ    : [3773]> iccIO: SIM_IO 0xc0 0x6fcd  path: 3F007FFF,0,0,15 aid: a0000000871002ff86ffff89ffffffff [SUB1]
09-27 14:54:04.691  2249  2249 D RILJ    : [3774]> iccIO: SIM_IO 0xc0 0x6fc5  path: 3F007FFF,0,0,15 aid: a0000000871002ff86ffff89ffffffff [SUB1]
09-27 14:54:04.695  2249  2312 D RILJ    : [3765]< SIM_IO IccIoResult sw1:0x90 sw2:0x0 [SUB1]
09-27 14:54:04.695  2249  2261 D SubscriptionController: [getActiveSubInfoList] Sub Controller not ready
09-27 14:54:04.715  2249  2249 D RILJ    : [3775]> iccIO: SIM_IO 0xc0 0x6f38  path: 3F007FFF,0,0,15 aid: a0000000871002ff86ffff89ffffffff [SUB1]
09-27 14:54:04.716  2249  2312 D RilRequest: [3766]< SIM_IO error: com.android.internal.telephony.CommandException: INTERNAL_ERR ret=IccIoResult sw1:0x94 sw2:0x4 Error: file ID not found/pattern not found
09-27 14:54:04.718  2249  2249 D RILJ    : [3776]> iccIO: SIM_IO 0xc0 0x6f16  path: 3F007FFF,0,0,15 aid: a0000000871002ff86ffff89ffffffff [SUB1]
09-27 14:54:04.719  2249  2312 D RILJ    : [3767]< SIM_IO IccIoResult sw1:0x90 sw2:0x0 [SUB1]
09-27 14:54:04.720  2249  2249 D RILJ    : [3777]> iccIO: SIM_IO 0xc0 0x6f15  path: 3F007FFF,0,0,15 aid: a0000000871002ff86ffff89ffffffff [SUB1]
09-27 14:54:04.723   939  1023 I RILQ    : (1/939):RIL[1][event] qcril_qmi_nas_add_emergency_numbers: matched with source mcc table using IMSI MCC
09-27 14:54:04.724  2249  2332 D SubscriptionController: [getPhoneId]- no sims, returning default phoneId=0
09-27 14:54:04.724   939  1023 I RILQ    : (1/939):RIL[1][event] qcril_qmi_nas_add_emergency_numbers: matched with source voice table using IMSI MCC
09-27 14:54:04.724   939  1023 I RILQ    : (1/939):RIL[1][event] qcril_qmi_nas_add_emergency_numbers: Update ril ecclist
09-27 14:54:04.724   939  1023 E RILQ    : (1/939): RIL[1][event] get_ecc_property_name: ecc list name : ril.ecclist1.
09-27 14:54:04.727  2249  2312 D RilRequest: [3768]< SIM_IO error: com.android.internal.telephony.CommandException: INTERNAL_ERR ret=IccIoResult sw1:0x94 sw2:0x4 Error: file ID not found/pattern not found
09-27 14:54:04.728  2249  2249 D RILJ    : [3778]> iccIO: SIM_IO 0xc0 0x6f3e  path: 3F007FFF,0,0,15 aid: a0000000871002ff86ffff89ffffffff [SUB1]
09-27 14:54:04.729  2249  2249 D RILJ    : [3779]> iccIO: SIM_IO 0xc0 0x6f3f  path: 3F007FFF,0,0,15 aid: a0000000871002ff86ffff89ffffffff [SUB1]
09-27 14:54:04.732  2249  2249 D RILJ    : [3780]> iccIO: SIM_IO 0xc0 0x6f60  path: 3F007FFF,0,0,15 aid: a0000000871002ff86ffff89ffffffff [SUB1]
09-27 14:54:04.735  2249  2249 D RILJ    : [3781]> iccIO: SIM_IO 0xc0 0x6f61  path: 3F007FFF,0,0,15 aid: a0000000871002ff86ffff89ffffffff [SUB1]
09-27 14:54:04.735  2249  2312 D RilRequest: [3769]< SIM_IO error: com.android.internal.telephony.CommandException: SIM_ERR ret=IccIoResult sw1:0x6a sw2:0x82 Error: File not found
09-27 14:54:04.739  2249  2249 D RILJ    : [3782]> iccIO: SIM_IO 0xc0 0x6f62  path: 3F007FFF,0,0,15 aid: a0000000871002ff86ffff89ffffffff [SUB1]
09-27 14:54:04.741  2249  2249 D RILJ    : [3783]> iccIO: SIM_IO 0xc0 0x6fd9  path: 3F007FFF,0,0,15 aid: a0000000871002ff86ffff89ffffffff [SUB1]
09-27 14:54:04.741  2249  2312 D RilRequest: [3770]< SIM_IO error: com.android.internal.telephony.CommandException: INTERNAL_ERR ret=IccIoResult sw1:0x94 sw2:0x4 Error: file ID not found/pattern not found
09-27 14:54:04.743  2249  2249 D RILJ    : [3784]> iccIO: SIM_IO 0xc0 0x6f7b  path: 3F007FFF,0,0,15 aid: a0000000871002ff86ffff89ffffffff [SUB1]
09-27 14:54:04.745  2249  2249 D RILJ    : [3785]> iccIO: SIM_IO 0xc0 0x6f05  path: 3F007FFF,0,0,15 aid: a0000000871002ff86ffff89ffffffff [SUB1]
09-27 14:54:04.747  2249  2249 D RILJ    : [3786]> iccIO: SIM_IO 0xc0 0x2f05  path: 3F00,0,0,15 aid: a0000000871002ff86ffff89ffffffff [SUB1]
09-27 14:54:04.749  2249  2312 D RilRequest: [3771]< SIM_IO error: com.android.internal.telephony.CommandException: SIM_ERR ret=IccIoResult sw1:0x6a sw2:0x82 Error: File not found
09-27 14:54:04.749  2249  2249 D RILJ    : [3787]> iccIO: SIM_IO 0xc0 0x6f3c  path: 3F007FFF,0,0,15 aid: a0000000871002ff86ffff89ffffffff [SUB1]
09-27 14:54:04.751  2249  2249 D SIMRecords: [SIMRecords] fetchSimRecords 20 requested: true
09-27 14:54:04.751  2249  2249 D UiccCardApplication: Query facility lock : 0
09-27 14:54:04.752  2249  2249 D UiccCardApplication: Query facility FDN : FDN service available: true enabled: false
09-27 14:54:04.752  2249  2249 D CAT     : CatService: handleMessage[8]
09-27 14:54:04.752  2249  2249 D CAT     : CatService: MSG_ID_ICC_CHANGED
09-27 14:54:04.752  2249  2249 D CAT     : CatService: New Card State = CARDSTATE_PRESENT Old Card State = CARDSTATE_ABSENT
09-27 14:54:04.752  2249  2249 D RILJ    : [3788]> RIL_REQUEST_REPORT_STK_SERVICE_IS_RUNNING [SUB1]
09-27 14:54:04.754  2249  2249 D QtiGsmCdmaPhone: handleMessage: Event: 30
09-27 14:54:04.754  2249  2249 D GsmSMSDispatcher: GsmSMSDispatcher: subId = 2147483643 slotId = 0
09-27 14:54:04.754  2249  2249 E IccCardProxy: setExternalState: !override and newstate unchanged from ABSENT
09-27 14:54:04.754  2249  2249 D QtiGsmDCT: [0]QtiDcTracker handleMessage msg={ when=-4s277ms what=270369 obj=android.os.AsyncResult@ed096dc target=com.qualcomm.qti.internal.telephony.dataconnection.QtiDcTracker }
09-27 14:54:04.754  2249  2249 D QtiGsmCdmaPhone: handleMessage: Event: 30
09-27 14:54:04.755  2249  2249 D GsmSMSDispatcher: GsmSMSDispatcher: subId = 2147483644 slotId = 1
09-27 14:54:04.755  2249  2312 D RILJ    : [3788]< RIL_REQUEST_REPORT_STK_SERVICE_IS_RUNNING  [SUB1]
09-27 14:54:04.755  2249  2249 E IccCardProxy: setExternalState: !override and newstate unchanged from READY
09-27 14:54:04.755  2249  2249 D QtiGsmDCT: [1]QtiDcTracker handleMessage msg={ when=-4s278ms what=270369 obj=android.os.AsyncResult@6ef73e5 target=com.qualcomm.qti.internal.telephony.dataconnection.QtiDcTracker }
09-27 14:54:04.757   939  1023 E RILQ    : (1/939): RIL[1][event] qcril_gstk_qmi_get_recovery_proactive_cache: Error GET_CACHED_PROACTIVE_CMD_REQ, qmi_err_code: 0x0, result: 0x1, error: 0x4a
09-27 14:54:04.757  2249  2249 D QtiUiccCardProvisioner: updateIccAvailability, card state[1] = CARDSTATE_PRESENT
09-27 14:54:04.757  2249  2249 D CAT     : CatService: handleMessage[8]
09-27 14:54:04.758  2249  2249 D CAT     : CatService: MSG_ID_ICC_CHANGED
09-27 14:54:04.758  2249  2249 D CAT     : CatService: New Card State = CARDSTATE_PRESENT Old Card State = CARDSTATE_PRESENT
09-27 14:54:04.759   939  1023 E RILQ    : (1/939): RIL[1][event] qcril_gstk_qmi_get_recovery_proactive_cache: Error GET_CACHED_PROACTIVE_CMD_REQ, qmi_err_code: 0x0, result: 0x1, error: 0x4a
09-27 14:54:04.759  2249  2249 D UiccCard: Error in SIM access with exceptioncom.android.internal.telephony.CommandException: NO_SUCH_ELEMENT
09-27 14:54:04.759  2249  2249 D SST     : EVENT_POLL_STATE_NETWORK_SELECTION_MODE
09-27 14:54:04.760  2249  2249 D SST     : SubscriptionListener.onSubscriptionInfoChanged
09-27 14:54:04.760  2249  2312 D RILJ    : [3772]< SIM_IO IccIoResult sw1:0x90 sw2:0x0 [SUB1]
09-27 14:54:04.760  2249  2249 D GsmCdmaPhone: [GsmCdmaPhone] updateVoiceMail countVoiceMessages = 0 subId 2147483643
09-27 14:54:04.760  2249  2249 E Phone   : setVoiceMessageCount in sharedPreference: invalid subId 2147483643
09-27 14:54:04.762  2249  2312 D RilRequest: [3773]< SIM_IO error: com.android.internal.telephony.CommandException: INTERNAL_ERR ret=IccIoResult sw1:0x94 sw2:0x4 Error: file ID not found/pattern not found
09-27 14:54:04.762  2249  2249 D SST     : SubscriptionListener.onSubscriptionInfoChanged
09-27 14:54:04.762  2249  2249 E Phone   : getStoredVoiceMessageCount: invalid subId 2147483644
09-27 14:54:04.762  2249  2249 D GsmCdmaPhone: [GsmCdmaPhone] updateVoiceMail countVoiceMessages = 0 subId 2147483644
09-27 14:54:04.762  2249  2249 E Phone   : setVoiceMessageCount in sharedPreference: invalid subId 2147483644
09-27 14:54:04.762  2249  2312 D RilRequest: [3774]< SIM_IO error: com.android.internal.telephony.CommandException: INTERNAL_ERR ret=IccIoResult sw1:0x94 sw2:0x4 Error: file ID not found/pattern not found
09-27 14:54:04.764  2249  2249 D QtiGsmDCT: [1]SubscriptionListener.onSubscriptionInfoChanged
09-27 14:54:04.775  2249  2249 D PhoneSwitcher: handle event - 102
09-27 14:54:04.777  2249  2312 D RILJ    : [3775]< SIM_IO IccIoResult sw1:0x90 sw2:0x0 [SUB1]
09-27 14:54:04.779  2249  2249 D SubscriptionController: [getActiveSubInfoList] Sub Controller not ready
09-27 14:54:04.780  2249  2249 D QtiGsmDCT: [0]SubscriptionListener.onSubscriptionInfoChanged
09-27 14:54:04.796  2249  2312 D RilRequest: [3776]< SIM_IO error: com.android.internal.telephony.CommandException: SIM_ERR ret=IccIoResult sw1:0x6a sw2:0x82 Error: File not found
09-27 14:54:04.801  2249  2312 D RilRequest: [3777]< SIM_IO error: com.android.internal.telephony.CommandException: SIM_ERR ret=IccIoResult sw1:0x6a sw2:0x82 Error: File not found
09-27 14:54:04.812  2249  2312 D RILJ    : [3778]< SIM_IO IccIoResult sw1:0x90 sw2:0x0 [SUB1]
09-27 14:54:04.819  2249  2312 D RILJ    : [3779]< SIM_IO IccIoResult sw1:0x90 sw2:0x0 [SUB1]
09-27 14:54:04.826  2249  2249 D QtiSubscriptionController: getPhoneId, received dummy subId 2147483643
09-27 14:54:04.830  2249  2312 D RILJ    : [3780]< SIM_IO IccIoResult sw1:0x90 sw2:0x0 [SUB1]
09-27 14:54:04.840  2249  2312 D RILJ    : [3781]< SIM_IO IccIoResult sw1:0x90 sw2:0x0 [SUB1]
09-27 14:54:04.847  2249  2249 D QtiSubscriptionController: getPhoneId, received dummy subId 2147483643
09-27 14:54:04.851  2249  2312 D RILJ    : [3782]< SIM_IO IccIoResult sw1:0x90 sw2:0x0 [SUB1]
09-27 14:54:04.860  2249  2249 D SubscriptionController: [getActiveSubInfoList] Sub Controller not ready
09-27 14:54:04.860  2249  2249 D SubscriptionController: [getActiveSubInfoForSubscriber]- subId=2147483643 subList=null subInfo=null
09-27 14:54:04.862  2249  2312 D RILJ    : [3783]< SIM_IO IccIoResult sw1:0x90 sw2:0x0 [SUB1]
09-27 14:54:04.867  2249  2249 D QtiSubscriptionController: getPhoneId, received dummy subId 2147483643
09-27 14:54:04.872  2249  2312 D RILJ    : [3784]< SIM_IO IccIoResult sw1:0x90 sw2:0x0 [SUB1]
09-27 14:54:04.877  2249  2249 D QtiSubscriptionController: getPhoneId, received dummy subId 2147483643
09-27 14:54:04.879  2249  2249 D QtiSubscriptionController: getPhoneId, received dummy subId 2147483643
09-27 14:54:04.882  2249  2249 D QtiSubscriptionController: getPhoneId, received dummy subId 2147483643
09-27 14:54:04.883  2249  2249 D QtiSubscriptionController: getPhoneId, received dummy subId 2147483643
09-27 14:54:04.890  2249  2249 D QtiSubscriptionController: getPhoneId, received dummy subId 2147483643
09-27 14:54:04.890  2249  2312 D RILJ    : [3785]< SIM_IO IccIoResult sw1:0x90 sw2:0x0 [SUB1]
09-27 14:54:04.906  2249  2312 D RILJ    : [3786]< SIM_IO IccIoResult sw1:0x90 sw2:0x0 [SUB1]
09-27 14:54:04.917  2249  2312 D RILJ    : [3787]< SIM_IO IccIoResult sw1:0x90 sw2:0x0 [SUB1]
09-27 14:54:05.030  2249  2249 D SubscriptionController: [getPhoneId]- no sims, returning default phoneId=0
09-27 14:54:05.034  2249  2331 D QtiSubscriptionController: getPhoneId, received dummy subId 2147483643
09-27 14:54:05.078  2249  2261 D QtiSubscriptionController: getPhoneId, received dummy subId 2147483643
09-27 14:54:05.088  2249  2249 D SubscriptionController: [getActiveSubInfoList] Sub Controller not ready
09-27 14:54:05.089  2249  2249 D SST     : SubscriptionListener.onSubscriptionInfoChanged
09-27 14:54:05.089  2249  2249 D QtiGsmDCT: [0]SubscriptionListener.onSubscriptionInfoChanged
09-27 14:54:05.092  2249  2249 D SST     : SubscriptionListener.onSubscriptionInfoChanged
09-27 14:54:05.092  2249  2249 D QtiGsmDCT: [1]SubscriptionListener.onSubscriptionInfoChanged
09-27 14:54:05.110  2249  2249 D PhoneSwitcher: handle event - 102
09-27 14:54:05.124  2249  2249 D SubscriptionController: [getActiveSubInfoList] Sub Controller not ready
09-27 14:54:05.139  2249  2249 D SubscriptionController: [getActiveSubInfoList] Sub Controller not ready
09-27 14:54:05.146  2249  2249 D QtiSubscriptionController: getPhoneId, received dummy subId 2147483643
09-27 14:54:05.151  2249  2249 D QtiSubscriptionController: getPhoneId, received dummy subId 2147483643
09-27 14:54:05.153  2249  2332 D SubscriptionController: [getPhoneId]- no sims, returning default phoneId=0
09-27 14:54:05.167  2249  2261 D QtiSubscriptionController: getPhoneId, received dummy subId 2147483643
09-27 14:54:05.191  2249  2249 D SubscriptionController: [getActiveSubInfoList] Sub Controller not ready
09-27 14:54:05.192  2249  2249 D SubscriptionController: [getActiveSubInfoForSubscriber]- subId=2147483643 subList=null subInfo=null
09-27 14:54:05.193  2249  2261 D QtiSubscriptionController: getPhoneId, received dummy subId 2147483643
09-27 14:54:05.195  2249  2262 D QtiSubscriptionController: getPhoneId, received dummy subId 2147483643
09-27 14:54:05.196  2249  2249 D QtiSubscriptionController: getPhoneId, received dummy subId 2147483643
09-27 14:54:05.198  2249  2249 D QtiSubscriptionController: getPhoneId, received dummy subId 2147483643
09-27 14:54:05.200  2249  2249 D QtiSubscriptionController: getPhoneId, received dummy subId 2147483643
09-27 14:54:05.203  2249  2249 D QtiSubscriptionController: getPhoneId, received dummy subId 2147483643
09-27 14:54:05.203  2249  2332 D QtiSubscriptionController: getPhoneId, received dummy subId 2147483643
09-27 14:54:05.204  2249  2565 D QtiSubscriptionController: getPhoneId, received dummy subId 2147483643
09-27 14:54:05.206  2249  2249 D QtiSubscriptionController: getPhoneId, received dummy subId 2147483643
09-27 14:54:05.208  2249  2249 D QtiSubscriptionController: getPhoneId, received dummy subId 2147483643
09-27 14:54:05.514  2249  2249 D RILJ    : [3789]> OPERATOR [SUB1]
09-27 14:54:05.517  2249  2249 D RILJ    : [3790]> DATA_REGISTRATION_STATE [SUB1]
09-27 14:54:05.525  2249  2312 D RILJ    : [3789]< OPERATOR {CMCC, CMCC, 46000} [SUB1]
09-27 14:54:05.526  2249  2249 D RILJ    : [3791]> VOICE_REGISTRATION_STATE [SUB1]
09-27 14:54:05.528  2249  2249 D RILJ    : [3792]> QUERY_NETWORK_SELECTION_MODE [SUB1]
09-27 14:54:05.530  2249  2249 D QtiGsmCdmaPhone: handleMessage: Event: 34
09-27 14:54:05.530  2249  2312 D RILJ    : [3790]< DATA_REGISTRATION_STATE {1, null, 01a3f021, 14, null, 20, 6338, 429, 27521057, null, null} [SUB1]
09-27 14:54:05.533  2249  2249 D RILJ    : [3793]> OPERATOR [SUB1]
09-27 14:54:05.534  2249  2312 D RILJ    : [3791]< VOICE_REGISTRATION_STATE {1, 18c2, 01a3f021, 14, null, null, null, 0, null, null, 1, null, null, 0, null} [SUB1]
09-27 14:54:05.535  2249  2249 D RILJ    : [3794]> DATA_REGISTRATION_STATE [SUB1]
09-27 14:54:05.535  2249  2312 D RILJ    : [3792]< QUERY_NETWORK_SELECTION_MODE {0} [SUB1]
09-27 14:54:05.540  2249  2249 D RILJ    : [3795]> VOICE_REGISTRATION_STATE [SUB1]
09-27 14:54:05.542  2249  2312 D RILJ    : [3793]< OPERATOR {CMCC, CMCC, 46000} [SUB1]
09-27 14:54:05.546  2249  2249 D RILJ    : [3796]> QUERY_NETWORK_SELECTION_MODE [SUB1]
09-27 14:54:05.548  2249  2249 D PhoneSwitcher: handle event - 110
09-27 14:54:05.549  2249  2249 D RILJ    : [3797]> OPERATOR [SUB1]
09-27 14:54:05.552  2249  2249 D RILJ    : [3798]> DATA_REGISTRATION_STATE [SUB1]
09-27 14:54:05.553  2249  2249 D RILJ    : [3799]> VOICE_REGISTRATION_STATE [SUB1]
09-27 14:54:05.553  2249  2312 D RILJ    : [3794]< DATA_REGISTRATION_STATE {1, null, 01a3f021, 14, null, 20, 6338, 429, 27521057, null, null} [SUB1]
09-27 14:54:05.555  2249  2249 D RILJ    : [3800]> QUERY_NETWORK_SELECTION_MODE [SUB1]
09-27 14:54:05.557  2249  2249 D SST     : NITZ: 17/09/27,06:54:02+32,00,48478 start=53282 delay=4804
09-27 14:54:05.558  2249  2249 D SST     : NITZ: tzOffset=28800000 dst=0 zone=NULL iso= mGotCountryCode=false mNeedFixZoneAfterNitz=true
09-27 14:54:05.560  2249  2312 D RILJ    : [3795]< VOICE_REGISTRATION_STATE {1, 18c2, 01a3f021, 14, null, null, null, 0, null, null, 1, null, null, 0, null} [SUB1]
09-27 14:54:05.560  2249  2312 D RILJ    : [3796]< QUERY_NETWORK_SELECTION_MODE {0} [SUB1]
09-27 14:54:05.564  2249  2249 D SST     : NITZ: Setting time of day to Wed Sep 27 14:54:06 GMT+08:00 2017 NITZ receive delay(ms): 4810 gained(ms): 1247 from 17/09/27,06:54:02+32,00
09-27 14:54:05.564  2249  2249 D SST     : setAndBroadcastNetworkSetTime: time=1506495246810ms
09-27 14:54:06.810  2249  2565 D SubscriptionController: [getPhoneId]- no sims, returning default phoneId=0
09-27 14:54:06.810  2249  2312 D RILJ    : [3797]< OPERATOR {CMCC, CMCC, 46000} [SUB1]
09-27 14:54:06.811  2249  2312 D RILJ    : [3800]< QUERY_NETWORK_SELECTION_MODE {0} [SUB1]
09-27 14:54:06.812  2249  2312 D RILJ    : [3799]< VOICE_REGISTRATION_STATE {1, 18c2, 01a3f021, 14, null, null, null, 0, null, null, 1, null, null, 0, null} [SUB1]
09-27 14:54:06.815  2249  2312 D RILJ    : [3798]< DATA_REGISTRATION_STATE {1, null, 01a3f021, 14, null, 20, 6338, 429, 27521057, null, null} [SUB1]
09-27 14:54:06.833  2249  2331 D QtiSubscriptionController: getPhoneId, received dummy subId 2147483643
09-27 14:54:06.836  2249  2262 D QtiSubscriptionController: getPhoneId, received dummy subId 2147483643
09-27 14:54:06.878  2249  2249 I SST     : NITZ: after Setting time of day
09-27 14:54:06.880  2249  2249 D SST     : NITZ: end=53360 dur=78
09-27 14:54:06.889  2249  2249 D RIL_ImsSms: IMS is NOT registered!
09-27 14:54:06.889  2249  2249 D QtiRadioCapabilityController: handleRadioCapsAvailable... 
09-27 14:54:06.889  2249  2249 D QtiRadioCapabilityController: updateStackBindingIfRequired
09-27 14:54:06.889  2249  2249 D QtiRadioCapabilityController: provisionStatus[0] : -2
09-27 14:54:06.889  2249  2249 D QtiRadioCapabilityController: provisionStatus[1] : 1
09-27 14:54:06.889  2249  2249 E QtiRadioCapabilityController: Error: subId not generated yet 1
09-27 14:54:06.889  2249  2249 D QtiRadioCapabilityController: notifyRadioCapsUpdated: radio caps updated false
09-27 14:54:07.157  2249  2249 D SST     : handlPollStateResultMessage: GsmSST setDataRegState=1 regState=2 dataRadioTechnology=0
09-27 14:54:07.158  2249  2249 D SST     : EVENT_POLL_STATE_NETWORK_SELECTION_MODE
09-27 14:54:07.160  2249  2261 D SubscriptionController: [getPhoneId] asked for default subId=2147483643
09-27 14:54:07.160  2249  2261 D QtiSubscriptionController: getPhoneId, received dummy subId 2147483643
09-27 14:54:07.181  2249  2249 D QtiSubscriptionController: getPhoneId, received dummy subId 2147483643
09-27 14:54:07.181  2249  2249 D SST     : Poll ServiceState done:  oldSS=[1 1 voice home data home null null null null null null  Unknown Unknown CSS not supported -1 -1 RoamInd=-1 DefRoamInd=-1 EmergOnly=false IsDataRoamingFromRegistration=false IsUsingCarrierAggregation=false mRilImsRadioTechnology=0] newSS=[1 1 voice home data home null null null null null null  Unknown Unknown CSS not supported -1 -1 RoamInd=-1 DefRoamInd=-1 EmergOnly=false IsDataRoamingFromRegistration=false IsUsingCarrierAggregation=false mRilImsRadioTechnology=0] oldMaxDataCalls=20 mNewMaxDataCalls=20 oldReasonDataDenied=-1 mNewReasonDataDenied=-1
09-27 14:54:07.182  2249  2249 D GsmCdmaCallTracker: Event EVENT_POLL_CALLS_RESULT Received
09-27 14:54:07.182  2249  2249 D GsmCdmaCallTracker: [GsmCdmaCallTracker] update phone state, old=IDLE new=IDLE
09-27 14:54:07.182  2249  2249 D RIL_ImsSms: IMS is NOT registered!
09-27 14:54:07.182  2249  2249 D QtiGsmCdmaPhone: handleMessage: Event: 40
09-27 14:54:07.182  2249  2249 D GsmCdmaPhone: [GsmCdmaPhone] EVENT_REQUEST_VOICE_RADIO_TECH_DONE: newVoiceTech=3
09-27 14:54:07.182  2249  2249 D GsmCdmaPhone: [GsmCdmaPhone] phoneObjectUpdater: newVoiceRadioTech=3
09-27 14:54:07.182  2249  2249 D GsmCdmaPhone: [GsmCdmaPhone] phoneObjectUpdater: No change ignore, newVoiceRadioTech=3 mActivePhone=GSM
09-27 14:54:07.183  2249  2249 D CdmaSSM : CDMA_SUBSCRIPTION_SOURCE event = 2
09-27 14:54:07.183  2249  2249 W CdmaSSM : Unable to get CDMA Subscription Source, Exception: com.android.internal.telephony.CommandException: REQUEST_NOT_SUPPORTED, result: null
09-27 14:54:07.183  2249  2249 D QtiSubscriptionInfoUpdater:  handleMessage: EVENT:  100
09-27 14:54:07.183  2249  2249 D SubscriptionInfoUpdater: Wait for SIM1 IccId
09-27 14:54:07.184  2249  2249 D SST     : EVENT_POLL_STATE_NETWORK_SELECTION_MODE
09-27 14:54:07.184  2249  2249 D GsmCdmaCallTracker: Event EVENT_POLL_CALLS_RESULT Received
09-27 14:54:07.184  2249  2249 D GsmCdmaCallTracker: [GsmCdmaCallTracker] update phone state, old=IDLE new=IDLE
09-27 14:54:07.200  2249  2249 D PhoneSwitcher: handle event - 110
09-27 14:54:07.201  2249  2249 D PhoneSwitcher: handle event - 110
09-27 14:54:07.202  2249  2249 D RILJ    : [3801]> OPERATOR [SUB1]
09-27 14:54:07.204  2249  2249 D RILJ    : [3802]> DATA_REGISTRATION_STATE [SUB1]
09-27 14:54:07.206  2249  2249 D RILJ    : [3803]> VOICE_REGISTRATION_STATE [SUB1]
09-27 14:54:07.208  2249  2249 D RILJ    : [3804]> QUERY_NETWORK_SELECTION_MODE [SUB1]
09-27 14:54:07.209  2249  2249 D RIL_ImsSms: IMS is NOT registered!
09-27 14:54:07.209  2249  2249 D QtiGsmCdmaPhone: handleMessage: Event: 40
09-27 14:54:07.209  2249  2249 D GsmCdmaPhone: [GsmCdmaPhone] EVENT_REQUEST_VOICE_RADIO_TECH_DONE: newVoiceTech=3
09-27 14:54:07.210  2249  2249 D GsmCdmaPhone: [GsmCdmaPhone] phoneObjectUpdater: newVoiceRadioTech=3
09-27 14:54:07.210  2249  2249 D GsmCdmaPhone: [GsmCdmaPhone] phoneObjectUpdater: No change ignore, newVoiceRadioTech=3 mActivePhone=GSM
09-27 14:54:07.211  2249  2249 D SubscriptionManager: [getActiveSubscriptionInfoForSimSlotIndex]- invalid slotIdx
09-27 14:54:07.222  2249  2312 D RILJ    : [3803]< VOICE_REGISTRATION_STATE {1, 18c2, 01a3f021, 14, null, null, null, 0, null, null, 1, null, null, 0, null} [SUB1]
09-27 14:54:07.222  2249  2312 D RILJ    : [3802]< DATA_REGISTRATION_STATE {1, null, 01a3f021, 14, null, 20, 6338, 429, 27521057, null, null} [SUB1]
09-27 14:54:07.227  2249  2312 D RILJ    : [3801]< OPERATOR {CMCC, CMCC, 46000} [SUB1]
09-27 14:54:07.230  2249  2312 D RILJ    : [3804]< QUERY_NETWORK_SELECTION_MODE {0} [SUB1]
09-27 14:54:07.351  2249  2261 D SubscriptionController: [getPhoneId]- no sims, returning default phoneId=0
09-27 14:54:07.354  2249  2262 D SubscriptionController: [getPhoneId]- no sims, returning default phoneId=0
09-27 14:54:07.356  2249  2564 D SubscriptionController: [getPhoneId]- no sims, returning default phoneId=0
09-27 14:54:07.356  2249  2565 D QtiSubscriptionController: getPhoneId, received dummy subId 2147483643
09-27 14:54:07.359  2249  2332 D SubscriptionController: [getActiveSubInfoList] Sub Controller not ready
09-27 14:54:07.360  2249  2261 D SubscriptionController: [getPhoneId]- no sims, returning default phoneId=0
09-27 14:54:07.381  2249  2331 D SubscriptionController: [getPhoneId]- no sims, returning default phoneId=0
09-27 14:54:07.383  2249  2262 D SubscriptionController: [getPhoneId]- no sims, returning default phoneId=0
09-27 14:54:07.385  2249  2565 D SubscriptionController: [getPhoneId]- no sims, returning default phoneId=0
09-27 14:54:07.391  2249  2564 D SubscriptionController: [getPhoneId]- no sims, returning default phoneId=0
09-27 14:54:07.397  2249  2261 D SubscriptionController: [getPhoneId]- no sims, returning default phoneId=0
09-27 14:54:07.400  2249  2331 D SubscriptionController: [getPhoneId]- no sims, returning default phoneId=0
09-27 14:54:07.402  2249  2262 D SubscriptionController: [getPhoneId]- no sims, returning default phoneId=0
09-27 14:54:07.405  2249  2565 D SubscriptionController: [getPhoneId]- no sims, returning default phoneId=0
09-27 14:54:07.407  2249  2249 D SST     : EVENT_POLL_STATE_NETWORK_SELECTION_MODE
09-27 14:54:07.407  2249  2249 D Phone   : mImsIntentReceiver: action com.android.ims.IMS_SERVICE_DOWN
09-27 14:54:07.407  2249  2249 D Phone   : mImsIntentReceiver: extraPhoneId = 1
09-27 14:54:07.407  2249  2249 D Phone   : mImsIntentReceiver: action com.android.ims.IMS_SERVICE_DOWN
09-27 14:54:07.407  2249  2249 D Phone   : mImsIntentReceiver: extraPhoneId = 1
09-27 14:54:07.407  2249  2249 D Phone   : updateImsPhone mImsServiceReady=false
09-27 14:54:07.407  2249  2249 D Phone   : mImsIntentReceiver: action com.android.ims.IMS_SERVICE_UP
09-27 14:54:07.407  2249  2249 D Phone   : mImsIntentReceiver: extraPhoneId = 0
09-27 14:54:07.407  2249  2249 D Phone   : updateImsPhone mImsServiceReady=true
09-27 14:54:07.422  2249  2249 D TelephonyTester: register for intent action=com.android.internal.telephony.imsphone.action_detached
09-27 14:54:07.423  2249  2249 D TelephonyTester: register for intent action=com.android.internal.telephony.imsphone.action_attached
09-27 14:54:07.423  2249  2249 D TelephonyTester: register for intent action=com.android.internal.telephony.TestConferenceEventPackage
09-27 14:54:07.436  2249  2249 D Phone   : mDoesRilSendMultipleCallRing=false
09-27 14:54:07.436  2249  2249 D Phone   : mCallRingDelay=3000
09-27 14:54:07.439  2249  2249 D QtiTelephonyComponentFactory: makeImsPhoneCallTracker
09-27 14:54:07.439  2249  2249 D TelephonyComponentFactory: makeImsPhoneCallTracker
09-27 14:54:07.482  2249  2332 D QtiSubscriptionController: getPhoneId, received dummy subId 2147483643
09-27 14:54:07.490  2249  2261 D SubscriptionController: [getActiveSubInfoList] Sub Controller not ready
09-27 14:54:07.502  2249  2262 D QtiSubscriptionController: getPhoneId, received dummy subId 2147483643
09-27 14:54:07.547  2249  2249 D QtiSubscriptionController: getPhoneId, received dummy subId 2147483643
09-27 14:54:07.547  2249  2249 D ImsPhoneCallTracker: [ImsPhoneCallTracker] No carrier ImsReasonInfo mappings defined.
09-27 14:54:07.548  2249  2249 D SST     : notifyDataRegStateRilRadioTechnologyChanged: drs=1 rat=0
09-27 14:54:07.548  2249  2249 D TelephonyManager: setTelephonyProperty: success phoneId=0 property=gsm.network.type value: Unknown propVal=Unknown,Unknown
09-27 14:54:07.550  2249  2249 D ImsPhone: updateDataServiceState: defSs = 1 1 voice home data home null null null null null null  Unknown Unknown CSS not supported -1 -1 RoamInd=-1 DefRoamInd=-1 EmergOnly=false IsDataRoamingFromRegistration=false IsUsingCarrierAggregation=false mRilImsRadioTechnology=0 imsSs = 3 1 voice home data home null null null null null null  Unknown Unknown CSS not supported -1 -1 RoamInd=-1 DefRoamInd=-1 EmergOnly=false IsDataRoamingFromRegistration=false IsUsingCarrierAggregation=false mRilImsRadioTechnology=0
09-27 14:54:07.550  2249  2249 D CallManager: registerPhone(ImsPhone Handler (com.android.internal.telephony.imsphone.ImsPhone) {935a947})
09-27 14:54:07.553  2249  2249 D QtiSubscriptionController: getPhoneId, received dummy subId 2147483643
09-27 14:54:07.553  2249  2249 D ImsManager: updateImsServiceConfig: SIM not ready
09-27 14:54:07.554  2249  2249 D Phone   : mImsIntentReceiver: action com.android.ims.IMS_SERVICE_UP
09-27 14:54:07.554  2249  2249 D Phone   : mImsIntentReceiver: extraPhoneId = 0
09-27 14:54:07.562  2249  2249 D SST     : EVENT_POLL_STATE_NETWORK_SELECTION_MODE
09-27 14:54:07.563  2249  2249 D PhoneSwitcher: handle event - 110
09-27 14:54:07.564  2249  2249 D SST     : EVENT_POLL_STATE_NETWORK_SELECTION_MODE
09-27 14:54:07.564  2249  2249 D WAP PUSH: Received broadcast android.intent.action.USER_UNLOCKED
09-27 14:54:07.565  2249  2249 D WAP PUSH: Received broadcast android.intent.action.USER_UNLOCKED
09-27 14:54:07.566  2249  2249 D SmsBroadcastUndelivered: Received broadcast android.intent.action.USER_UNLOCKED
09-27 14:54:07.571  2249  2249 D WAP PUSH: Received broadcast android.intent.action.USER_UNLOCKED
09-27 14:54:07.572  2249  3108 D SmsBroadcastUndelivered: scanning raw table for undelivered messages
09-27 14:54:07.580  2249  2249 D WAP PUSH: Received broadcast android.intent.action.USER_UNLOCKED
09-27 14:54:07.582  2249  2249 D SubscriptionInfoUpdater: [Receiver]+
09-27 14:54:07.582  2249  2249 D SubscriptionInfoUpdater: Action: android.intent.action.USER_UNLOCKED
09-27 14:54:07.582  2249  2249 D SubscriptionInfoUpdater: Broadcasting intent ACTION_SIM_STATE_CHANGED for mCardIndex: 1
09-27 14:54:07.645  2249  2249 D SubscriptionInfoUpdater: [Receiver]-
09-27 14:54:07.659  2249  2249 E IccCardProxy: setExternalState: !override and newstate unchanged from ABSENT
09-27 14:54:07.660  2249  2249 D QtiGsmCdmaPhone: handleMessage: Event: 29
09-27 14:54:07.660  2249  2249 D QtiGsmCdmaPhone: handleMessage: Event: 29
09-27 14:54:07.660  2249  2249 D QtiGsmCdmaPhone: ProvisionStatus: 1 phone id:1
09-27 14:54:07.663  2249  2249 D QtiSubscriptionController: getPhoneId, received dummy subId 2147483644
09-27 14:54:07.663  2249  2249 E IccCardProxy: setExternalState: !override and newstate unchanged from READY
09-27 14:54:07.664  2249  2249 D SimPhoneBookAdnRecordCache: ACTION_SIM_STATE_CHANGED intent received simStatus: ABSENTphoneId: 0
09-27 14:54:07.664  2249  2249 D SimPhoneBookAdnRecordCache: invalidateAdnCache
09-27 14:54:07.664  2249  2249 D SubscriptionInfoUpdater: [Receiver]+
09-27 14:54:07.664  2249  2249 D SubscriptionInfoUpdater: Action: android.intent.action.SIM_STATE_CHANGED
