09-27 14:54:18.866  2249  2249 D GsmCdmaPhone: [GsmCdmaPhone] broadcastEmergencyCallStateChanges = false
09-27 14:54:18.866  2249  2249 E GsmCdmaPhone: [GsmCdmaPhone] Invalid cdma_roaming_mode settings: -1
09-27 14:54:18.866  2249  2249 D EriManager: loadEriFileFromXml: check for alternate file
09-27 14:54:18.866   939  1023 I RILQ    : (1/939):RIL[1][event] qcril_qmi_imss_set_reg_mgr_config_resp_hdlr: ril_err: 0, qmi res: 0
09-27 14:54:18.867  2249  2249 D EriManager: loadEriFileFromXml: no alternate file
09-27 14:54:18.867  2249  2249 D SubscriptionController: [getSubId]- numSubIds == 0, return DummySubIds slotIdx=0
09-27 14:54:18.873  2249  2249 D QtiSubscriptionController: getPhoneId, received dummy subId 2147483643
09-27 14:54:18.874  2249  2249 D EriManager: eriFile = eri.xml
09-27 14:54:18.881  2249  2249 D EriManager: loadEriFileFromXml: eri parsing successful, file loaded. ver = 1357, # of entries = 176
09-27 14:54:18.881  2249  2249 D GsmCdmaPhone: [GsmCdmaPhone] ERI read, notify registrants
09-27 14:54:18.882  2249  2249 D GsmCdmaPhone: mBroadcastReceiver: action android.telephony.action.CARRIER_CONFIG_CHANGED
09-27 14:54:18.892  2249  2249 I CSST    : reading time to delay notification: -1
09-27 14:54:18.893  2249  2249 D SubscriptionController: [getSubId]- numSubIds == 0, return DummySubIds slotIdx=0
09-27 14:54:18.896  2249  2249 D QtiSubscriptionController: getPhoneId, received dummy subId 2147483643
09-27 14:54:18.896  2249  2249 D GsmCdmaPhone: mBroadcastReceiver: action android.telephony.action.CARRIER_CONFIG_CHANGED
09-27 14:54:18.903  2249  2249 I CSST    : reading time to delay notification: -1
09-27 14:54:18.913  2249  2249 D ImsPhoneCallTracker: [ImsPhoneCallTracker] No carrier ImsReasonInfo mappings defined.
09-27 14:54:18.913  2249  2249 D ImsPhoneCallTracker: [ImsPhoneCallTracker] onReceive : Updating mAllowEmergencyVideoCalls = false
09-27 14:54:18.918  2249  2249 D SIMRecords: [SIMRecords] getServiceProviderName: no brandOverride, providerName=China Mobile
09-27 14:54:18.919  2249  2249 D TelephonyManager: setTelephonyProperty: success phoneId=1 property=gsm.sim.operator.alpha value: China Mobile propVal=,China Mobile
09-27 14:54:18.944  2249  2249 D SubscriptionController: [getActiveSubscriptionInfo]+ subId=1 subInfo={id=1, iccId=898600120917 simSlotIndex=1 displayName=China Mobile carrierName=CMCC nameSource=0 iconTint=-16746133 dataRoaming=0 iconBitmap=android.graphics.Bitmap@fabd309 mcc 460 mnc 2}
09-27 14:54:18.979  2249  2249 D SubscriptionController: [getActiveSubscriptionInfo]+ subId=1 subInfo={id=1, iccId=898600120917 simSlotIndex=1 displayName=China Mobile carrierName=CMCC nameSource=0 iconTint=-16746133 dataRoaming=0 iconBitmap=android.graphics.Bitmap@5dff93c mcc 460 mnc 2}
09-27 14:54:19.272  2249  2249 D QtiGsmCdmaPhone: handleMessage: Event: 40
09-27 14:54:19.272  2249  2249 D GsmCdmaPhone: [GsmCdmaPhone] EVENT_REQUEST_VOICE_RADIO_TECH_DONE: newVoiceTech=3
09-27 14:54:19.272  2249  2249 D GsmCdmaPhone: [GsmCdmaPhone] phoneObjectUpdater: newVoiceRadioTech=3
09-27 14:54:19.272  2249  2249 D GsmCdmaPhone: [GsmCdmaPhone] phoneObjectUpdater: No change ignore, newVoiceRadioTech=3 mActivePhone=GSM
09-27 14:54:19.272  2249  2249 D QtiGsmCdmaPhone: handleMessage: Event: 43
09-27 14:54:19.273  2249  2249 D RILJ    : [3864]> RIL_REQUEST_VOICE_RADIO_TECH [SUB1]
09-27 14:54:19.278  2249  2312 D RILJ    : [3864]< RIL_REQUEST_VOICE_RADIO_TECH {3} [SUB1]
09-27 14:54:19.290  2249  2249 D ImsManager: updateVolteFeatureValue: available = true, enabled = true, nonTTY = true
09-27 14:54:19.291  2249  2249 D ImsManager: getConfigInterface(), mConfig= com.android.ims.ImsConfig@9e251a2
09-27 14:54:19.291  2249  2249 D ImsConfig: setFeatureValue: feature = 0, network =13, value =1, listener =com.android.internal.telephony.imsphone.ImsPhoneCallTracker$5@a8bd15a
09-27 14:54:19.298   939  1023 I RILQ    : (1/939):RIL[1][event] qcril_qmi_imss_set_qipcall_config_resp_hdlr: ril_err: 0, qmi res: 0
09-27 14:54:19.324  2249  2249 D ImsManager: getWfcMode - setting=2
09-27 14:54:19.326  2249  2249 D ImsManager: updateWfcFeatureAndProvisionedValues: available = true, enabled = false, mode = 2, roaming = false
09-27 14:54:19.326  2249  2249 D ImsManager: getConfigInterface(), mConfig= com.android.ims.ImsConfig@9e251a2
09-27 14:54:19.326  2249  2249 D ImsConfig: setFeatureValue: feature = 2, network =18, value =0, listener =com.android.internal.telephony.imsphone.ImsPhoneCallTracker$5@a8bd15a
09-27 14:54:19.339  2249  3780 D ImsManager: getConfigInterface(), mConfig= com.android.ims.ImsConfig@9e251a2
09-27 14:54:19.339  2249  3780 D ImsConfig: setProvisionedValue(): item = 26value = 0
09-27 14:54:19.340  2249  3779 D ImsManager: getConfigInterface(), mConfig= com.android.ims.ImsConfig@9e251a2
09-27 14:54:19.340  2249  3779 D ImsConfig: setProvisionedValue(): item = 27value = 1
09-27 14:54:19.341   939  1023 I RILQ    : (1/939):RIL[1][event] qcril_qmi_imss_set_client_provisioning_config_resp_hdlr: ril_err: 0, qmi res: 0
09-27 14:54:19.341  2249  3780 D ImsConfig: setProvisionedValue(): item = 26 value = 0 ret = 1
09-27 14:54:19.343  2249  2249 D ImsManager: updateVideoCallFeatureValue: available = true, enabled = true, nonTTY = true, data enabled = true
09-27 14:54:19.343  2249  2249 D ImsManager: getConfigInterface(), mConfig= com.android.ims.ImsConfig@9e251a2
09-27 14:54:19.343  2249  2249 D ImsConfig: setFeatureValue: feature = 1, network =13, value =1, listener =com.android.internal.telephony.imsphone.ImsPhoneCallTracker$5@a8bd15a
09-27 14:54:19.346  2249  2249 D ImsManager: updateImsServiceConfig: turnOnIms
09-27 14:54:19.350  2249  2249 D GsmCdmaPhone: [GsmCdmaPhone] broadcastEmergencyCallStateChanges = false
09-27 14:54:19.350  2249  2249 E GsmCdmaPhone: [GsmCdmaPhone] Invalid cdma_roaming_mode settings: -1
09-27 14:54:19.350  2249  2249 D EriManager: loadEriFileFromXml: check for alternate file
09-27 14:54:19.351  2249  2249 D EriManager: loadEriFileFromXml: no alternate file
09-27 14:54:19.354  2249  2249 D EriManager: eriFile = eri.xml
09-27 14:54:19.355   939  1023 I RILQ    : (1/939):RIL[1][event] qcril_qmi_imss_set_qipcall_config_resp_hdlr: ril_err: 0, qmi res: 0
09-27 14:54:19.357   939  1023 I RILQ    : (1/939):RIL[1][event] qcril_qmi_imss_set_reg_mgr_config_resp_hdlr: ril_err: 0, qmi res: 0
09-27 14:54:19.359  2249  2249 D EriManager: loadEriFileFromXml: eri parsing successful, file loaded. ver = 1357, # of entries = 176
09-27 14:54:19.359  2249  2249 D GsmCdmaPhone: [GsmCdmaPhone] ERI read, notify registrants
09-27 14:54:19.360  2249  3779 D ImsConfig: setProvisionedValue(): item = 27 value = 1 ret = 0
09-27 14:54:19.363  2249  2249 D SIMRecords: [SIMRecords] getServiceProviderName: no brandOverride, providerName=China Mobile
09-27 14:54:19.363  2249  2249 D TelephonyManager: setTelephonyProperty: success phoneId=1 property=gsm.sim.operator.alpha value: China Mobile propVal=,China Mobile
09-27 14:54:19.402  2249  2249 D SubscriptionController: [getActiveSubscriptionInfo]+ subId=1 subInfo={id=1, iccId=898600120917 simSlotIndex=1 displayName=China Mobile carrierName=CMCC nameSource=0 iconTint=-16746133 dataRoaming=0 iconBitmap=android.graphics.Bitmap@5f07cc3 mcc 460 mnc 2}
09-27 14:54:19.424  2249  2249 D QtiGsmCdmaPhone: handleMessage: Event: 40
09-27 14:54:19.424  2249  2249 D GsmCdmaPhone: [GsmCdmaPhone] EVENT_REQUEST_VOICE_RADIO_TECH_DONE: newVoiceTech=3
09-27 14:54:19.424  2249  2249 D GsmCdmaPhone: [GsmCdmaPhone] phoneObjectUpdater: newVoiceRadioTech=3
09-27 14:54:19.424  2249  2249 D GsmCdmaPhone: [GsmCdmaPhone] phoneObjectUpdater: No change ignore, newVoiceRadioTech=3 mActivePhone=GSM
09-27 14:54:19.427  2249  2249 D CAT     : com.android.stk.BootCompletedReceiver: [ACTION_BOOT_COMPLETED]
09-27 14:54:19.428  2249  2249 D CAT     : com.android.stk.StkAppService: onStart sim id: 0, op: 5, *****
09-27 14:54:19.428  2249  2249 D CAT     : com.android.stk.StkAppService: mStkService is: -1
09-27 14:54:19.432  2249  3557 D CAT     : com.android.stk.StkAppService: handleMessage opcode[5], sim id[0]
09-27 14:54:19.432  2249  3557 D CAT     : com.android.stk.StkAppService:  OP_BOOT_COMPLETED
09-27 14:54:19.432  2249  3557 D CAT     : StkAppInstaller: [setAppState]+
09-27 14:54:19.434  2249  3557 D CAT     : StkAppInstaller: Change app state[false]
09-27 14:54:19.435  2249  3557 D CAT     : StkAppInstaller: [setAppState]-
09-27 14:54:21.232  2249  2249 D RILJ    : [3865]> SIGNAL_STRENGTH [SUB1]
09-27 14:54:21.237  2249  2312 D RILJ    : [3865]< SIGNAL_STRENGTH SignalStrength: 99 0 -1 -1 -1 -1 -1 22 94 5 216 2147483647 2147483647 gsm|lte [SUB1]
09-27 14:54:22.723  2249  2565 D SubscriptionController: [getPhoneId] asked for default subId=1
09-27 14:54:23.033  2249  2332 D SubscriptionController: [getActiveSubInfoCount]+
09-27 14:54:23.091  2249  2332 D SubscriptionController: [getActiveSubInfoCount]- count: 1
09-27 14:54:23.155  2249  2331 D SubscriptionController: [getActiveSubscriptionInfo]+ subId=1 subInfo={id=1, iccId=898600120917 simSlotIndex=1 displayName=China Mobile carrierName=CMCC nameSource=0 iconTint=-16746133 dataRoaming=0 iconBitmap=android.graphics.Bitmap@fd4221f mcc 460 mnc 2}
09-27 14:54:23.335  2249  3181 D SubscriptionController: [getActiveSubscriptionInfo]+ subId=1 subInfo={id=1, iccId=898600120917 simSlotIndex=1 displayName=China Mobile carrierName=CMCC nameSource=0 iconTint=-16746133 dataRoaming=0 iconBitmap=android.graphics.Bitmap@a4c1bed mcc 460 mnc 2}
09-27 14:54:23.412  2249  2262 D SubscriptionController: [getActiveSubscriptionInfo]+ subId=1 subInfo={id=1, iccId=898600120917 simSlotIndex=1 displayName=China Mobile carrierName=CMCC nameSource=0 iconTint=-16746133 dataRoaming=0 iconBitmap=android.graphics.Bitmap@4db89e9 mcc 460 mnc 2}
09-27 14:54:23.812  2249  3181 D SubscriptionController: [getActiveSubscriptionInfo]+ subId=1 subInfo={id=1, iccId=898600120917 simSlotIndex=1 displayName=China Mobile carrierName=CMCC nameSource=0 iconTint=-16746133 dataRoaming=0 iconBitmap=android.graphics.Bitmap@bd9dba5 mcc 460 mnc 2}
09-27 14:54:23.878  2249  2564 D SubscriptionController: [getActiveSubscriptionInfo]+ subId=1 subInfo={id=1, iccId=898600120917 simSlotIndex=1 displayName=China Mobile carrierName=CMCC nameSource=0 iconTint=-16746133 dataRoaming=0 iconBitmap=android.graphics.Bitmap@6c26f2b mcc 460 mnc 2}
09-27 14:54:24.325  2249  2331 D SubscriptionController: [getActiveSubscriptionInfo]+ subId=1 subInfo={id=1, iccId=898600120917 simSlotIndex=1 displayName=China Mobile carrierName=CMCC nameSource=0 iconTint=-16746133 dataRoaming=0 iconBitmap=android.graphics.Bitmap@fb18d21 mcc 460 mnc 2}
09-27 14:54:24.340  2249  2565 D SubscriptionController: [getActiveSubscriptionInfo]+ subId=1 subInfo={id=1, iccId=898600120917 simSlotIndex=1 displayName=China Mobile carrierName=CMCC nameSource=0 iconTint=-16746133 dataRoaming=0 iconBitmap=android.graphics.Bitmap@376d307 mcc 460 mnc 2}
09-27 14:54:24.366  2249  3218 D SubscriptionController: [getActiveSubscriptionInfo]+ subId=1 subInfo={id=1, iccId=898600120917 simSlotIndex=1 displayName=China Mobile carrierName=CMCC nameSource=0 iconTint=-16746133 dataRoaming=0 iconBitmap=android.graphics.Bitmap@2f8da5d mcc 460 mnc 2}
09-27 14:54:24.502  2249  2564 D SubscriptionController: [getPhoneId] asked for default subId=1
09-27 14:54:24.611  2249  2331 D SubscriptionController: [getActiveSubscriptionInfo]+ subId=1 subInfo={id=1, iccId=898600120917 simSlotIndex=1 displayName=China Mobile carrierName=CMCC nameSource=0 iconTint=-16746133 dataRoaming=0 iconBitmap=android.graphics.Bitmap@82398a3 mcc 460 mnc 2}
09-27 14:54:24.627  2249  2262 D SubscriptionController: [getActiveSubscriptionInfo]+ subId=1 subInfo={id=1, iccId=898600120917 simSlotIndex=1 displayName=China Mobile carrierName=CMCC nameSource=0 iconTint=-16746133 dataRoaming=0 iconBitmap=android.graphics.Bitmap@16dbf59 mcc 460 mnc 2}
09-27 14:54:24.644  2249  2565 D SubscriptionController: [getActiveSubscriptionInfo]+ subId=1 subInfo={id=1, iccId=898600120917 simSlotIndex=1 displayName=China Mobile carrierName=CMCC nameSource=0 iconTint=-16746133 dataRoaming=0 iconBitmap=android.graphics.Bitmap@74d1bff mcc 460 mnc 2}
09-27 14:54:24.665  2249  2332 D SubscriptionController: [getActiveSubscriptionInfo]+ subId=1 subInfo={id=1, iccId=898600120917 simSlotIndex=1 displayName=China Mobile carrierName=CMCC nameSource=0 iconTint=-16746133 dataRoaming=0 iconBitmap=android.graphics.Bitmap@ab1f815 mcc 460 mnc 2}
09-27 14:54:28.025  2249  2249 D QtiGsmDCT: [0]NETWORK_STATE_CHANGED_ACTION: mIsWifiConnected=false
09-27 14:54:28.026  2249  2249 D QtiGsmDCT: [1]NETWORK_STATE_CHANGED_ACTION: mIsWifiConnected=false
09-27 14:54:28.809  2249  2249 D QtiGsmDCT: [0]NETWORK_STATE_CHANGED_ACTION: mIsWifiConnected=false
09-27 14:54:28.810  2249  2249 D QtiGsmDCT: [1]NETWORK_STATE_CHANGED_ACTION: mIsWifiConnected=false
09-27 14:54:28.863  2249  2249 D RILJ    : [3866]> RIL_REQUEST_GET_ACTIVITY_INFO [SUB0]
09-27 14:54:28.873  2249  2308 D RILJ    : Modem activity info received: sleepModeTimeMs=41666 idleModeTimeMs=3402 txModeTimeMs[]=[864, 111, 148, 12, 117] rxModeTimeMs=11921 [SUB0]
09-27 14:54:28.875  2249  2308 D RILJ    : [3866]< RIL_REQUEST_GET_ACTIVITY_INFO ModemActivityInfo{ mTimestamp=75354 mSleepTimeMs=41666 mIdleTimeMs=3402 mTxTimeMs[]=[864, 111, 148, 12, 117] mRxTimeMs=11921 mEnergyUsed=0} [SUB0]
09-27 14:54:30.944  2249  2261 D RILJ    : [3867]> RIL_REQUEST_GET_CELL_INFO_LIST [SUB0]
09-27 14:54:30.953  2249  2308 D RilRequest: [3867]< RIL_REQUEST_GET_CELL_INFO_LIST error: com.android.internal.telephony.CommandException: SYSTEM_ERR ret=
09-27 14:54:30.953  2249  2249 D SST     : EVENT_GET_CELL_INFO_LIST: error ret null, e=com.android.internal.telephony.CommandException: SYSTEM_ERR
09-27 14:54:30.953  2249  2261 D SST     : SST.getAllCellInfo(): X size=0 list=null
09-27 14:54:30.954  2249  2261 D RILJ    : [3868]> RIL_REQUEST_GET_CELL_INFO_LIST [SUB1]
09-27 14:54:30.962  2249  2312 D RILJ    : [3868]< RIL_REQUEST_GET_CELL_INFO_LIST [CellInfoLte:{mRegistered=YES mTimeStampType=oem_ril mTimeStamp=77440939499ns CellIdentityLte:{ mMcc=460 mMnc=0 mCi=27521057 mPci=429 mTac=6338 mEarfcn=38950} CellSignalStrengthLte: ss=22 rsrp=-93 rsrq=-3 rssnr=2147483647 cqi=2147483647 ta=20}] [SUB1]
09-27 14:54:30.962  2249  2261 D SST     : SST.getAllCellInfo(): return last, back to back calls
09-27 14:54:31.957  2249  2249 D SubscriptionController: [getActiveSubscriptionInfoForSimSlotIndex]+ slotIdx=1 subId={id=1, iccId=898600120917 simSlotIndex=1 displayName=China Mobile carrierName=CMCC nameSource=0 iconTint=-16746133 dataRoaming=0 iconBitmap=android.graphics.Bitmap@cc70091 mcc 460 mnc 2}
09-27 14:54:32.743  2249  3218 D QtiGsmDCT: [0]hasMatchedTetherApnSetting: APN=null
09-27 14:54:32.870  2249  2564 D QtiGsmDCT: [0]hasMatchedTetherApnSetting: APN=null
09-27 14:54:33.281  2249  2331 D QtiGsmDCT: [0]hasMatchedTetherApnSetting: APN=null
09-27 14:54:33.478  2249  2565 D QtiGsmDCT: [0]hasMatchedTetherApnSetting: APN=null
09-27 14:54:34.551  2249  2565 D RILJ    : [3869]> RIL_REQUEST_GET_CELL_INFO_LIST [SUB0]
09-27 14:54:34.559  2249  2308 D RilRequest: [3869]< RIL_REQUEST_GET_CELL_INFO_LIST error: com.android.internal.telephony.CommandException: SYSTEM_ERR ret=
09-27 14:54:34.560  2249  2249 D SST     : EVENT_GET_CELL_INFO_LIST: error ret null, e=com.android.internal.telephony.CommandException: SYSTEM_ERR
09-27 14:54:34.560  2249  2565 D SST     : SST.getAllCellInfo(): X size=0 list=null
09-27 14:54:34.561  2249  2565 D RILJ    : [3870]> RIL_REQUEST_GET_CELL_INFO_LIST [SUB1]
09-27 14:54:34.571  2249  2312 D RILJ    : [3870]< RIL_REQUEST_GET_CELL_INFO_LIST [CellInfoLte:{mRegistered=YES mTimeStampType=oem_ril mTimeStamp=81049806112ns CellIdentityLte:{ mMcc=460 mMnc=0 mCi=27521057 mPci=429 mTac=6338 mEarfcn=38950} CellSignalStrengthLte: ss=21 rsrp=-94 rsrq=-3 rssnr=2147483647 cqi=2147483647 ta=20}] [SUB1]
09-27 14:54:34.572  2249  2565 D SST     : SST.getAllCellInfo(): return last, back to back calls
09-27 14:54:35.040  2249  3181 D SubscriptionController: [getPhoneId]- subId=0 not found return default phoneId=0
09-27 14:54:35.057  2249  2564 D SubscriptionController: [getPhoneId]- subId=0 not found return default phoneId=0
09-27 14:54:35.299  2249  2262 D SubscriptionController: [getPhoneId]- subId=0 not found return default phoneId=0
09-27 14:54:35.305  2249  3181 D SubscriptionController: [getPhoneId]- subId=0 not found return default phoneId=0
09-27 14:54:36.546  2249  2564 D GsmCdmaPhone: [GsmCdmaPhone] getDataConnectionState apnType=default ret=CONNECTED
09-27 14:54:36.954  2249  2249 D SubscriptionController: [getSubId]- numSubIds == 0, return DummySubIds slotIdx=0
09-27 14:54:36.972  2249  2249 D QtiSubscriptionController: getPhoneId, received dummy subId 2147483643
09-27 14:54:36.977  2249  2249 D QtiSubscriptionController: getPhoneId, received dummy subId 2147483643
09-27 14:54:36.983  2249  2249 D SubscriptionController: [getSubId]- numSubIds == 0, return DummySubIds slotIdx=0
09-27 14:54:36.984  2249  2249 D QtiSubscriptionController: getPhoneId, received dummy subId 2147483643
09-27 14:54:36.990   821  1226 E RILQ    : (0/821): RIL[0][oem_socket0] void qcril_qmi_generic_socket_agent::recv_thread_func(): read 4 bytes length message with length 32
09-27 14:54:36.990   821  1226 E RILQ    : (0/821): RIL[0][oem_socket0] qmi_ril_parse_oem_hook_header: Received un-handled/oem command id = 524328
09-27 14:54:36.991   821  1226 E RILQ    : (0/821): RIL[0][oem_socket0] void qcril_qmi_generic_socket_agent::recv_thread_func(): read 4 bytes length message with length 32
09-27 14:54:36.991   821  1226 E RILQ    : (0/821): RIL[0][oem_socket0] qmi_ril_parse_oem_hook_header: Received un-handled/oem command id = 524329
09-27 14:54:37.153   939  1269 E RILQ    : (1/939): RIL[1][oem_socket1] void qcril_qmi_generic_socket_agent::recv_thread_func(): read 4 bytes length message with length 56
09-27 14:54:37.154   939  1269 E RILQ    : (1/939): RIL[1][oem_socket1] qmi_ril_parse_oem_hook_header: Received un-handled/oem command id = 524330
09-27 14:54:37.159   939  1269 E RILQ    : (1/939): RIL[1][oem_socket1] void qcril_qmi_generic_socket_agent::recv_thread_func(): read 4 bytes length message with length 48
09-27 14:54:37.159   939  1269 E RILQ    : (1/939): RIL[1][oem_socket1] qmi_ril_parse_oem_hook_header: Received un-handled/oem command id = 524330
09-27 14:54:37.178   939  1269 E RILQ    : (1/939): RIL[1][oem_socket1] void qcril_qmi_generic_socket_agent::recv_thread_func(): read 4 bytes length message with length 32
09-27 14:54:37.178   939  1269 E RILQ    : (1/939): RIL[1][oem_socket1] qmi_ril_parse_oem_hook_header: Received un-handled/oem command id = 524328
09-27 14:54:37.179  2249  2249 D SubscriptionController: [getSubId]- numSubIds == 0, return DummySubIds slotIdx=0
09-27 14:54:37.179  2249  2249 D QtiSubscriptionController: getPhoneId, received dummy subId 2147483643
09-27 14:54:37.186   939  1269 E RILQ    : (1/939): RIL[1][oem_socket1] void qcril_qmi_generic_socket_agent::recv_thread_func(): read 4 bytes length message with length 32
09-27 14:54:37.186   939  1269 E RILQ    : (1/939): RIL[1][oem_socket1] qmi_ril_parse_oem_hook_header: Received un-handled/oem command id = 524329
09-27 14:54:37.214  2249  2331 D QtiGsmDCT: [0]hasMatchedTetherApnSetting: APN=null
09-27 14:54:37.216  2249  2564 D QtiGsmDCT: [0]hasMatchedTetherApnSetting: APN=null
09-27 14:54:37.219  2249  2261 D QtiGsmDCT: [0]hasMatchedTetherApnSetting: APN=null
09-27 14:54:37.437   939  1269 E RILQ    : (1/939): RIL[1][oem_socket1] void qcril_qmi_generic_socket_agent::recv_thread_func(): read 4 bytes length message with length 32
09-27 14:54:37.437   939  1269 E RILQ    : (1/939): RIL[1][oem_socket1] qmi_ril_parse_oem_hook_header: Received un-handled/oem command id = 524328
09-27 14:54:37.438  2249  2249 D SubscriptionController: [getSubId]- numSubIds == 0, return DummySubIds slotIdx=0
09-27 14:54:37.438  2249  2249 D QtiSubscriptionController: getPhoneId, received dummy subId 2147483643
09-27 14:54:37.442   939  1269 E RILQ    : (1/939): RIL[1][oem_socket1] void qcril_qmi_generic_socket_agent::recv_thread_func(): read 4 bytes length message with length 32
09-27 14:54:37.442   939  1269 E RILQ    : (1/939): RIL[1][oem_socket1] qmi_ril_parse_oem_hook_header: Received un-handled/oem command id = 524329
09-27 14:54:37.987  2249  2261 D RILJ    : [3871]> RIL_REQUEST_GET_CELL_INFO_LIST [SUB0]
09-27 14:54:38.001  2249  2308 D RilRequest: [3871]< RIL_REQUEST_GET_CELL_INFO_LIST error: com.android.internal.telephony.CommandException: SYSTEM_ERR ret=
09-27 14:54:38.001  2249  2249 D SST     : EVENT_GET_CELL_INFO_LIST: error ret null, e=com.android.internal.telephony.CommandException: SYSTEM_ERR
09-27 14:54:38.001  2249  2261 D SST     : SST.getAllCellInfo(): X size=0 list=null
09-27 14:54:38.001  2249  2261 D RILJ    : [3872]> RIL_REQUEST_GET_CELL_INFO_LIST [SUB1]
09-27 14:54:38.032  2249  2312 D RILJ    : [3872]< RIL_REQUEST_GET_CELL_INFO_LIST [CellInfoLte:{mRegistered=YES mTimeStampType=oem_ril mTimeStamp=84511293142ns CellIdentityLte:{ mMcc=460 mMnc=0 mCi=27521057 mPci=429 mTac=6338 mEarfcn=38950} CellSignalStrengthLte: ss=22 rsrp=-93 rsrq=-3 rssnr=2147483647 cqi=2147483647 ta=20}] [SUB1]
09-27 14:54:38.033  2249  2261 D SST     : SST.getAllCellInfo(): return last, back to back calls
09-27 14:54:38.131   821  1226 E RILQ    : (0/821): RIL[0][oem_socket0] void qcril_qmi_generic_socket_agent::recv_thread_func(): read 4 bytes length message with length 48
09-27 14:54:38.140   821  1226 E RILQ    : (0/821): RIL[0][oem_socket0] void qcril_qmi_generic_socket_agent::recv_thread_func(): read 4 bytes length message with length 40
09-27 14:54:38.141   939  1269 E RILQ    : (1/939): RIL[1][oem_socket1] void qcril_qmi_generic_socket_agent::recv_thread_func(): read 4 bytes length message with length 48
09-27 14:54:38.456  2249  2262 D SST     : getCellLocation(): X good mCellLoc=[6338,27521057,-1]
09-27 14:54:38.483  2249  2565 D SST     : SST.getAllCellInfo(): return last, back to back calls
09-27 14:54:38.483  2249  2565 D SST     : SST.getAllCellInfo(): X size=0 list=null
09-27 14:54:38.483  2249  2565 D SST     : SST.getAllCellInfo(): return last, back to back calls
09-27 14:54:38.483  2249  2565 D SST     : SST.getAllCellInfo(): return last, back to back calls
09-27 14:54:38.809   939  1269 E RILQ    : (1/939): RIL[1][oem_socket1] void qcril_qmi_generic_socket_agent::recv_thread_func(): read 4 bytes length message with length 68
09-27 14:54:39.351   821  1226 E RILQ    : (0/821): RIL[0][oem_socket0] void qcril_qmi_generic_socket_agent::recv_thread_func(): read 4 bytes length message with length 36
09-27 14:54:39.352   821  1226 E RILQ    : (0/821): RIL[0][oem_socket0] qmi_ril_parse_oem_hook_header: Received un-handled/oem command id = 524310
09-27 14:54:39.365   821  1226 E RILQ    : (0/821): RIL[0][oem_socket0] void qcril_qmi_generic_socket_agent::recv_thread_func(): read 4 bytes length message with length 132
09-27 14:54:39.365   821  1226 E RILQ    : (0/821): RIL[0][oem_socket0] qmi_ril_parse_oem_hook_header: Received un-handled/oem command id = 524321
09-27 14:54:39.382   821  1226 E RILQ    : (0/821): RIL[0][oem_socket0] void qcril_qmi_generic_socket_agent::recv_thread_func(): read 4 bytes length message with length 36
09-27 14:54:39.383   821  1226 E RILQ    : (0/821): RIL[0][oem_socket0] qmi_ril_parse_oem_hook_header: Received un-handled/oem command id = 524310
09-27 14:54:39.384   821  1012 E RILQ    : (0/821): RIL[0][event] qcril_qmi_pdc_get_selected_config_ind_hdlr: no selected config id
09-27 14:54:39.634  2249  2261 D SubscriptionController: [getSubId]- numSubIds == 0, return DummySubIds slotIdx=0
09-27 14:54:39.634  2249  2261 D QtiSubscriptionController: getPhoneId, received dummy subId 2147483643
09-27 14:54:39.901  2249  2331 D SubscriptionController: [getSubId]- numSubIds == 0, return DummySubIds slotIdx=0
09-27 14:54:40.950  2249  2262 D SubscriptionController: [getSubId]- numSubIds == 0, return DummySubIds slotIdx=0
09-27 14:54:41.298  2249  2249 D QtiSubscriptionController: getPhoneId, received dummy subId 2147483643
09-27 14:54:41.299  2249  2249 D RILJ    : [3873]> RIL_REQUEST_CAF_SIM_OPEN_CHANNEL_WITH_P2 [SUB0]
09-27 14:54:41.307   821  1201 E RILQ    : (0/821): RIL[0] qcril_uim_qmi_conv_open_logical_channel_resp: response error: 0x3
09-27 14:54:41.308  2249  2308 D RilRequest: [3873]< RIL_REQUEST_CAF_SIM_OPEN_CHANNEL_WITH_P2 error: com.android.internal.telephony.CommandException: INTERNAL_ERR ret=
09-27 14:54:41.310  2249  2249 D UiccCard: Error in SIM access with exceptioncom.android.internal.telephony.CommandException: INTERNAL_ERR
09-27 14:54:41.342  2249  2249 D QtiSubscriptionController: getPhoneId, received dummy subId 2147483643
09-27 14:54:41.343  2249  2249 D RILJ    : [3874]> RIL_REQUEST_CAF_SIM_OPEN_CHANNEL_WITH_P2 [SUB0]
09-27 14:54:41.349   821  1201 E RILQ    : (0/821): RIL[0] qcril_uim_qmi_conv_open_logical_channel_resp: response error: 0x3
09-27 14:54:41.351  2249  2308 D RilRequest: [3874]< RIL_REQUEST_CAF_SIM_OPEN_CHANNEL_WITH_P2 error: com.android.internal.telephony.CommandException: INTERNAL_ERR ret=
09-27 14:54:41.352  2249  2249 D UiccCard: Error in SIM access with exceptioncom.android.internal.telephony.CommandException: INTERNAL_ERR
09-27 14:54:41.378  2249  2249 D QtiSubscriptionController: getPhoneId, received dummy subId 2147483643
09-27 14:54:41.380  2249  2249 D RILJ    : [3875]> RIL_REQUEST_CAF_SIM_OPEN_CHANNEL_WITH_P2 [SUB0]
09-27 14:54:41.385   821  1201 E RILQ    : (0/821): RIL[0] qcril_uim_qmi_conv_open_logical_channel_resp: response error: 0x3
09-27 14:54:41.387  2249  2308 D RilRequest: [3875]< RIL_REQUEST_CAF_SIM_OPEN_CHANNEL_WITH_P2 error: com.android.internal.telephony.CommandException: INTERNAL_ERR ret=
09-27 14:54:41.388  2249  2249 D UiccCard: Error in SIM access with exceptioncom.android.internal.telephony.CommandException: INTERNAL_ERR
09-27 14:54:41.393  2249  2249 D QtiSubscriptionController: getPhoneId, received dummy subId 2147483643
09-27 14:54:41.394  2249  2249 D RILJ    : [3876]> RIL_REQUEST_CAF_SIM_OPEN_CHANNEL_WITH_P2 [SUB0]
09-27 14:54:41.402   821  1201 E RILQ    : (0/821): RIL[0] qcril_uim_qmi_conv_open_logical_channel_resp: response error: 0x3
09-27 14:54:41.404  2249  2308 D RilRequest: [3876]< RIL_REQUEST_CAF_SIM_OPEN_CHANNEL_WITH_P2 error: com.android.internal.telephony.CommandException: INTERNAL_ERR ret=
09-27 14:54:41.405  2249  2249 D UiccCard: Error in SIM access with exceptioncom.android.internal.telephony.CommandException: INTERNAL_ERR
09-27 14:54:41.414  2249  2249 D QtiSubscriptionController: getPhoneId, received dummy subId 2147483643
09-27 14:54:41.414  2249  2249 D RILJ    : [3877]> iccIO: SIM_IO 0xc0 0x2f00  path: 3f00,0,0,15 aid: null [SUB0]
09-27 14:54:41.419   821   965 E RILQ    : (0/821): RIL[0][main] qcril_uim_extract_session_type: Card is not present
09-27 14:54:41.420  2249  2308 D RilRequest: [3877]< SIM_IO error: com.android.internal.telephony.CommandException: REQUEST_NOT_SUPPORTED ret=
09-27 14:54:41.421  2249  2249 D UiccCard: Error in SIM access with exceptioncom.android.internal.telephony.CommandException: REQUEST_NOT_SUPPORTED
09-27 14:54:41.938  2249  2249 D SubscriptionController: [getActiveSubscriptionInfoForSimSlotIndex]+ slotIdx=1 subId={id=1, iccId=898600120917 simSlotIndex=1 displayName=China Mobile carrierName=CMCC nameSource=0 iconTint=-16746133 dataRoaming=0 iconBitmap=android.graphics.Bitmap@4522483 mcc 460 mnc 2}
09-27 14:54:42.140  2249  2249 D SubscriptionController: [getSubId]- numSubIds == 0, return DummySubIds slotIdx=0
09-27 14:54:42.190  2249  2249 D SubscriptionController: [getActiveSubscriptionInfoForSimSlotIndex]+ slotIdx=0 subId=null
09-27 14:54:42.191  2249  2249 D RILJ    : [3878]> iccIO: SIM_IO 0xc0 0x2fe2  path: 3F00,0,0,15 aid: a0000000871002ff86ffff89ffffffff [SUB1]
09-27 14:54:42.219  2249  2312 D RILJ    : [3878]< SIM_IO IccIoResult sw1:0x90 sw2:0x0 [SUB1]
09-27 14:54:42.285  2249  2249 D SubscriptionController: [getActiveSubscriptionInfoForSimSlotIndex]+ slotIdx=0 subId=null
09-27 14:54:42.321  2249  2249 D SubscriptionController: [getActiveSubscriptionInfoForSimSlotIndex]+ slotIdx=0 subId=null
09-27 14:54:42.388  2249  2249 D RILJ    : [3879]> iccIO: SIM_IO 0xb0 0x2fe2  path: 3F00,0,0,10 aid: a0000000871002ff86ffff89ffffffff [SUB1]
09-27 14:54:42.395  2249  2312 D RILJ    : [3879]< SIM_IO IccIoResult sw1:0x90 sw2:0x0 [SUB1]
09-27 14:54:42.501  2249  2249 D SubscriptionController: [getActiveSubscriptionInfoForSimSlotIndex]+ slotIdx=0 subId=null
09-27 14:54:42.544  2249  2249 D SubscriptionController: [getActiveSubscriptionInfoForSimSlotIndex]+ slotIdx=1 subId={id=1, iccId=898600120917 simSlotIndex=1 displayName=China Mobile carrierName=CMCC nameSource=0 iconTint=-16746133 dataRoaming=0 iconBitmap=android.graphics.Bitmap@fa1c7a9 mcc 460 mnc 2}
09-27 14:54:42.628  2249  2249 D SubscriptionController: [getActiveSubscriptionInfoForSimSlotIndex]+ slotIdx=1 subId={id=1, iccId=898600120917 simSlotIndex=1 displayName=China Mobile carrierName=CMCC nameSource=0 iconTint=-16746133 dataRoaming=0 iconBitmap=android.graphics.Bitmap@8b6e5c mcc 460 mnc 2}
09-27 14:54:42.927  2249  2565 D IccProvider: [IccProvider] query
09-27 14:54:42.927  2249  2565 D IccProvider: [IccProvider] getRequestSubId url: content://icc/adn/subId/1
09-27 14:54:42.928  2249  2565 D IccProvider: [IccProvider] loadFromEf: efType=0x6F3A, subscription=1
09-27 14:54:42.929  2249  2565 D IccPhoneBookIM: [IccPbInterfaceManager] getAdnRecordsInEF: efid=0x4F30
09-27 14:54:42.929  2249  2565 D SimPhoneBookAdnRecordCache: start to queryAdnRecord
09-27 14:54:42.929  2249  2565 D RILJ    : [3880]> RIL_REQUEST_GET_ADN_RECORD [SUB1]
09-27 14:54:42.937  2249  2312 D RILJ    : [3880]< RIL_REQUEST_GET_ADN_RECORD {500, 1, 100, 1, 500, 0} [SUB1]
09-27 14:54:42.950  2249  2312 D RILJ    : Unsol response received for RIL_UNSOL_RESPONSE_ADN_RECORDS Sending ack to ril.cpp [SUB1]
09-27 14:54:42.951  2249  2312 D RILJ    : [SimPhoneBookAdnRecord{index =1, name = Bbbbbbbbb, number = 123456789, email count = 1, email = [zzzzz@huaqin.com], ad number count = 0, ad number = null}] [SUB1]
09-27 14:54:42.951  2249  2312 D RILJ    : [UNSL]< RIL_UNSOL_RESPONSE_ADN_RECORDS [SUB1]
09-27 14:54:43.042  2249  2249 D SimPhoneBookAdnRecordCache: Querying ADN record done
09-27 14:54:43.042  2249  2249 D SimPhoneBookAdnRecordCache: Max ADN count is: 500, Valid ADN count is: 1, Email count is: 100, Valid Email count is: 1, Add number count is: 500, Valid Add number count is: 0
09-27 14:54:43.053  2249  2249 D SimPhoneBookAdnRecordCache: Loading ADN record done
09-27 14:54:43.053  2249  2249 D SimPhoneBookAdnRecordCache: Loading all ADN records done
09-27 14:54:43.054  2249  2323 D IccPhoneBookIM: [IccPbInterfaceManager] Load ADN records done
09-27 14:54:43.054  2249  2565 D IccProvider: [IccProvider] adnRecords.size=1
09-27 14:54:43.055  2249  2565 D IccProvider: [IccProvider] loadRecord: Bbbbbbbbb, [98O8HYCOBHMq32eZZczDTKeuNEE]
09-27 14:54:43.055  2249  2565 D IccProvider: [IccProvider] Adding email:[27d4JpidP9pzDQRt2hPJU82D-UA]
09-27 14:54:51.973  2249  2331 D SubscriptionController: [getPhoneId] asked for default subId=1
09-27 14:54:52.013  2249  2564 D SubscriptionController: [getPhoneId] asked for default subId=1
09-27 14:54:53.295  2249  2249 D SubscriptionController: [getActiveSubscriptionInfoForSimSlotIndex]+ slotIdx=1 subId={id=1, iccId=898600120917 simSlotIndex=1 displayName=China Mobile carrierName=CMCC nameSource=0 iconTint=-16746133 dataRoaming=0 iconBitmap=android.graphics.Bitmap@190beeb mcc 460 mnc 2}
09-27 14:54:54.376  2249  2249 D SubscriptionController: [getActiveSubscriptionInfoForSimSlotIndex]+ slotIdx=1 subId={id=1, iccId=898600120917 simSlotIndex=1 displayName=China Mobile carrierName=CMCC nameSource=0 iconTint=-16746133 dataRoaming=0 iconBitmap=android.graphics.Bitmap@cf42063 mcc 460 mnc 2}
09-27 14:54:54.865  2249  2261 D IccProvider: [IccProvider] query
09-27 14:54:54.866  2249  2261 D IccProvider: [IccProvider] getRequestSubId url: content://icc/adn/subId/1
09-27 14:54:54.866  2249  2261 D IccProvider: [IccProvider] loadFromEf: efType=0x6F3A, subscription=1
09-27 14:54:54.867  2249  2261 D IccPhoneBookIM: [IccPbInterfaceManager] getAdnRecordsInEF: efid=0x4F30
09-27 14:54:54.868  2249  2261 D SimPhoneBookAdnRecordCache: ADN cache has already filled in
09-27 14:54:54.868  2249  2323 D IccPhoneBookIM: [IccPbInterfaceManager] Load ADN records done
09-27 14:54:54.868  2249  2261 D IccProvider: [IccProvider] adnRecords.size=1
09-27 14:54:54.868  2249  2261 D IccProvider: [IccProvider] loadRecord: Bbbbbbbbb, [98O8HYCOBHMq32eZZczDTKeuNEE]
09-27 14:54:54.869  2249  2261 D IccProvider: [IccProvider] Adding email:[27d4JpidP9pzDQRt2hPJU82D-UA]
09-27 14:54:55.411  2249  2565 D RILJ    : [3882]> RIL_REQUEST_CDMA_SET_BROADCAST_CONFIG with 1 configs :  [SUB1]
09-27 14:54:55.412  2249  2565 D RILJ    : CdmaSmsBroadcastConfigInfo: Id [4096, 4096] ENABLED [SUB1]
09-27 14:54:55.425  2249  2312 D RilRequest: [3882]< RIL_REQUEST_CDMA_SET_BROADCAST_CONFIG error: com.android.internal.telephony.CommandException: REQUEST_NOT_SUPPORTED ret=
09-27 14:54:55.470  2249  2262 D RILJ    : [3883]> RIL_REQUEST_CDMA_SET_BROADCAST_CONFIG with 1 configs :  [SUB1]
09-27 14:54:55.470  2249  2262 D RILJ    : CdmaSmsBroadcastConfigInfo: Id [4097, 4097] ENABLED [SUB1]
09-27 14:54:55.483  2249  2312 D RilRequest: [3883]< RIL_REQUEST_CDMA_SET_BROADCAST_CONFIG error: com.android.internal.telephony.CommandException: REQUEST_NOT_SUPPORTED ret=
09-27 14:54:55.535  2249  2564 D RILJ    : [3884]> RIL_REQUEST_CDMA_SET_BROADCAST_CONFIG with 1 configs :  [SUB1]
09-27 14:54:55.535  2249  2564 D RILJ    : CdmaSmsBroadcastConfigInfo: Id [4098, 4098] ENABLED [SUB1]
09-27 14:54:55.553  2249  2312 D RilRequest: [3884]< RIL_REQUEST_CDMA_SET_BROADCAST_CONFIG error: com.android.internal.telephony.CommandException: REQUEST_NOT_SUPPORTED ret=
09-27 14:54:55.664  2249  3181 D RILJ    : [3885]> RIL_REQUEST_CDMA_SET_BROADCAST_CONFIG with 1 configs :  [SUB1]
09-27 14:54:55.664  2249  3181 D RILJ    : CdmaSmsBroadcastConfigInfo: Id [4099, 4099] ENABLED [SUB1]
09-27 14:54:55.673  2249  2312 D RilRequest: [3885]< RIL_REQUEST_CDMA_SET_BROADCAST_CONFIG error: com.android.internal.telephony.CommandException: REQUEST_NOT_SUPPORTED ret=
09-27 14:54:55.836  2249  2262 D RILJ    : [3886]> RIL_REQUEST_GSM_SET_BROADCAST_CONFIG with 1 configs :  [SUB1]
09-27 14:54:55.836  2249  2262 D RILJ    : SmsBroadcastConfigInfo: Id [4352,4354] Code [0,255] ENABLED [SUB1]
09-27 14:54:56.046  2249  2312 D RILJ    : [3886]< RIL_REQUEST_GSM_SET_BROADCAST_CONFIG  [SUB1]
09-27 14:54:56.051  2249  2262 D RILJ    : [3887]> RIL_REQUEST_GSM_BROADCAST_ACTIVATION [SUB1]
09-27 14:54:56.072  2249  2312 D RilRequest: [3887]< RIL_REQUEST_GSM_BROADCAST_ACTIVATION error: com.android.internal.telephony.CommandException: MODEM_ERR ret=
09-27 14:54:56.173  2249  3218 D RILJ    : [3888]> RIL_REQUEST_GSM_SET_BROADCAST_CONFIG with 2 configs :  [SUB1]
09-27 14:54:56.174  2249  3218 D RILJ    : SmsBroadcastConfigInfo: Id [4352,4354] Code [0,255] ENABLED [SUB1]
09-27 14:54:56.174  2249  3218 D RILJ    : SmsBroadcastConfigInfo: Id [4356,4356] Code [0,255] ENABLED [SUB1]
09-27 14:54:56.378  2249  2312 D RILJ    : [3888]< RIL_REQUEST_GSM_SET_BROADCAST_CONFIG  [SUB1]
09-27 14:54:56.379  2249  3218 D RILJ    : [3889]> RIL_REQUEST_GSM_BROADCAST_ACTIVATION [SUB1]
09-27 14:54:56.395  2249  2312 D RilRequest: [3889]< RIL_REQUEST_GSM_BROADCAST_ACTIVATION error: com.android.internal.telephony.CommandException: MODEM_ERR ret=
09-27 14:54:56.504  2249  2262 D RILJ    : [3890]> RIL_REQUEST_GSM_SET_BROADCAST_CONFIG with 3 configs :  [SUB1]
09-27 14:54:56.504  2249  2262 D RILJ    : SmsBroadcastConfigInfo: Id [4352,4354] Code [0,255] ENABLED [SUB1]
09-27 14:54:56.504  2249  2262 D RILJ    : SmsBroadcastConfigInfo: Id [4356,4356] Code [0,255] ENABLED [SUB1]
09-27 14:54:56.504  2249  2262 D RILJ    : SmsBroadcastConfigInfo: Id [4370,4370] Code [0,255] ENABLED [SUB1]
09-27 14:54:56.704  2249  2312 D RILJ    : [3890]< RIL_REQUEST_GSM_SET_BROADCAST_CONFIG  [SUB1]
09-27 14:54:56.706  2249  2262 D RILJ    : [3891]> RIL_REQUEST_GSM_BROADCAST_ACTIVATION [SUB1]
09-27 14:54:56.712  2249  2312 D RilRequest: [3891]< RIL_REQUEST_GSM_BROADCAST_ACTIVATION error: com.android.internal.telephony.CommandException: MODEM_ERR ret=
09-27 14:54:56.744  2249  2331 D RILJ    : [3892]> RIL_REQUEST_GSM_SET_BROADCAST_CONFIG with 4 configs :  [SUB1]
09-27 14:54:56.744  2249  2331 D RILJ    : SmsBroadcastConfigInfo: Id [4352,4354] Code [0,255] ENABLED [SUB1]
09-27 14:54:56.744  2249  2331 D RILJ    : SmsBroadcastConfigInfo: Id [4356,4356] Code [0,255] ENABLED [SUB1]
09-27 14:54:56.744  2249  2331 D RILJ    : SmsBroadcastConfigInfo: Id [4370,4370] Code [0,255] ENABLED [SUB1]
09-27 14:54:56.744  2249  2331 D RILJ    : SmsBroadcastConfigInfo: Id [4371,4372] Code [0,255] ENABLED [SUB1]
09-27 14:54:56.942  2249  2312 D RILJ    : [3892]< RIL_REQUEST_GSM_SET_BROADCAST_CONFIG  [SUB1]
09-27 14:54:56.943  2249  2331 D RILJ    : [3893]> RIL_REQUEST_GSM_BROADCAST_ACTIVATION [SUB1]
09-27 14:54:56.955  2249  2312 D RilRequest: [3893]< RIL_REQUEST_GSM_BROADCAST_ACTIVATION error: com.android.internal.telephony.CommandException: MODEM_ERR ret=
09-27 14:54:57.048  2249  2332 D RILJ    : [3894]> RIL_REQUEST_GSM_SET_BROADCAST_CONFIG with 4 configs :  [SUB1]
09-27 14:54:57.048  2249  2332 D RILJ    : SmsBroadcastConfigInfo: Id [4352,4354] Code [0,255] ENABLED [SUB1]
09-27 14:54:57.048  2249  2332 D RILJ    : SmsBroadcastConfigInfo: Id [4356,4356] Code [0,255] ENABLED [SUB1]
09-27 14:54:57.048  2249  2332 D RILJ    : SmsBroadcastConfigInfo: Id [4370,4372] Code [0,255] ENABLED [SUB1]
09-27 14:54:57.048  2249  2332 D RILJ    : SmsBroadcastConfigInfo: Id [4373,4378] Code [0,255] ENABLED [SUB1]
09-27 14:54:57.253  2249  2312 D RILJ    : [3894]< RIL_REQUEST_GSM_SET_BROADCAST_CONFIG  [SUB1]
09-27 14:54:57.253  2249  2332 D RILJ    : [3895]> RIL_REQUEST_GSM_BROADCAST_ACTIVATION [SUB1]
09-27 14:54:57.271  2249  2312 D RilRequest: [3895]< RIL_REQUEST_GSM_BROADCAST_ACTIVATION error: com.android.internal.telephony.CommandException: MODEM_ERR ret=
09-27 14:54:57.347  2249  2565 D RILJ    : [3896]> RIL_REQUEST_GSM_SET_BROADCAST_CONFIG with 4 configs :  [SUB1]
09-27 14:54:57.347  2249  2565 D RILJ    : SmsBroadcastConfigInfo: Id [4352,4354] Code [0,255] ENABLED [SUB1]
09-27 14:54:57.347  2249  2565 D RILJ    : SmsBroadcastConfigInfo: Id [4356,4356] Code [0,255] ENABLED [SUB1]
09-27 14:54:57.347  2249  2565 D RILJ    : SmsBroadcastConfigInfo: Id [4370,4378] Code [0,255] ENABLED [SUB1]
09-27 14:54:57.347  2249  2565 D RILJ    : SmsBroadcastConfigInfo: Id [4379,4379] Code [0,255] ENABLED [SUB1]
09-27 14:54:57.568  2249  2312 D RILJ    : [3896]< RIL_REQUEST_GSM_SET_BROADCAST_CONFIG  [SUB1]
09-27 14:54:57.569  2249  2565 D RILJ    : [3897]> RIL_REQUEST_GSM_BROADCAST_ACTIVATION [SUB1]
09-27 14:54:57.600  2249  2312 D RilRequest: [3897]< RIL_REQUEST_GSM_BROADCAST_ACTIVATION error: com.android.internal.telephony.CommandException: MODEM_ERR ret=
09-27 14:54:57.791  2249  2565 D RILJ    : [3898]> RIL_REQUEST_GSM_SET_BROADCAST_CONFIG with 4 configs :  [SUB1]
09-27 14:54:57.791  2249  2565 D RILJ    : SmsBroadcastConfigInfo: Id [4352,4354] Code [0,255] ENABLED [SUB1]
09-27 14:54:57.792  2249  2565 D RILJ    : SmsBroadcastConfigInfo: Id [4356,4356] Code [0,255] ENABLED [SUB1]
09-27 14:54:57.792  2249  2565 D RILJ    : SmsBroadcastConfigInfo: Id [4370,4379] Code [0,255] ENABLED [SUB1]
09-27 14:54:57.792  2249  2565 D RILJ    : SmsBroadcastConfigInfo: Id [4383,4383] Code [0,255] ENABLED [SUB1]
09-27 14:54:57.991  2249  2312 D RILJ    : [3898]< RIL_REQUEST_GSM_SET_BROADCAST_CONFIG  [SUB1]
09-27 14:54:57.992  2249  2565 D RILJ    : [3899]> RIL_REQUEST_GSM_BROADCAST_ACTIVATION [SUB1]
09-27 14:54:58.001  2249  2312 D RilRequest: [3899]< RIL_REQUEST_GSM_BROADCAST_ACTIVATION error: com.android.internal.telephony.CommandException: MODEM_ERR ret=
09-27 14:54:58.049  2249  2332 D RILJ    : [3900]> RIL_REQUEST_GSM_SET_BROADCAST_CONFIG with 5 configs :  [SUB1]
09-27 14:54:58.049  2249  2332 D RILJ    : SmsBroadcastConfigInfo: Id [4352,4354] Code [0,255] ENABLED [SUB1]
09-27 14:54:58.049  2249  2332 D RILJ    : SmsBroadcastConfigInfo: Id [4356,4356] Code [0,255] ENABLED [SUB1]
09-27 14:54:58.049  2249  2332 D RILJ    : SmsBroadcastConfigInfo: Id [4370,4379] Code [0,255] ENABLED [SUB1]
09-27 14:54:58.050  2249  2332 D RILJ    : SmsBroadcastConfigInfo: Id [4383,4383] Code [0,255] ENABLED [SUB1]
09-27 14:54:58.050  2249  2332 D RILJ    : SmsBroadcastConfigInfo: Id [4384,4385] Code [0,255] ENABLED [SUB1]
